$ node --test --test-concurrency=2 --test-timeout=180000 scenarios/repo-steward/steward.test.mjs scenarios/repo-steward/actions.test.mjs scenarios/repo-steward/recurring-audit.test.mjs scenarios/repo-steward/feedback.test.mjs scenarios/repo-steward/maintenance.test.mjs scenarios/repo-steward/feedback-cli.test.mjs
✔ Actions preview performs no live reads or summary publication (1.9123ms)
✔ Actions fixture uses the real auditor without GitHub access (29.1568ms)
✔ invalid workflow input is rejected during preview without data access (1.2635ms)
✔ hosted live mode rejects non-Actions host before reading data (0.4711ms)
✔ hosted live mode rejects PR event before reading data (1.0254ms)
✔ hosted live mode rejects another repository before reading data (0.1787ms)
✔ hosted live mode rejects feature branch before reading data (0.2385ms)
✔ hosted live mode rejects another actor before reading data (0.2634ms)
✔ hosted live mode rejects another rerun operator before reading data (0.2736ms)
✔ hosted live mode rejects missing triggering actor before reading data (0.2743ms)
✔ hosted live mode rejects missing source commit before reading data (0.2876ms)
✔ hosted live mode rejects disabled pilot before reading data (0.1805ms)
✔ hosted live mode rejects unapproved public summary before reading data (0.1337ms)
✔ hosted live mode rejects missing credential before reading data (0.1101ms)
✔ hosted live mode rejects blank credential before reading data (0.1487ms)
✔ hosted live mode rejects write-enabled configuration before reading data (0.1284ms)
✔ GITHUB_TOKEN does not substitute for Project-readable credentials (0.2094ms)
✔ an admitted live path collects once and retains zero mutations (5.513ms)
✔ collector failure does not produce a successful report (0.3784ms)
✔ stale hosted snapshots fail instead of publishing old findings (4.7733ms)
✔ public summaries never include free-form source or evidence text (4.571ms)
✔ summary rejects unknown rule (3.9132ms)
✔ summary rejects bad finding id (4.1762ms)
✔ summary rejects foreign reference (3.7818ms)
✔ summary rejects mutation claim (3.8644ms)
✔ summary rejects wrong scope (3.8741ms)
✔ summary rejects invalid timestamp (4.5086ms)
✔ summary rejects bad totals (4.3144ms)
✔ public finding index is bounded without copying omitted details (4.3631ms)
✔ every configured fixture rule has an explicit publication review (3.8359ms)
✔ summary file writes remain inside a supplied native temporary directory (16.1605ms)
✔ Actions CLI rejects unsupported arguments --apply (0.2233ms)
✔ Actions CLI rejects unsupported arguments --live (0.1424ms)
✔ Actions CLI rejects unsupported arguments --live (0.0912ms)
✔ actual fixture CLI needs no hosted secrets or Teams SDK (176.2838ms)
✔ manual workflow keeps first-party actions pinned and live credentials isolated (15.5672ms)
✔ feedback CLI rejects unsupported, missing and duplicate transition arguments (2.0233ms)
✔ new-file corpus output preserves the previous version and refuses overwrite (26.3796ms)
✔ initializing a corpus binds the validated input scope without changing its snapshot (39.2902ms)
✔ partial snapshot cannot create a corpus file (19.8734ms)
✔ redirected output parent is refused without writing through it (5.1048ms)
✔ review evidence must be a file and cannot use a directory as a digest source (40.9719ms)
✔ review CLI records the exact binary digest and closes its descriptor (79.8925ms)
✔ same-size review replacement between metadata check and open cannot update a corpus (28.0355ms)
✔ review parent swapped for a symlink or junction before open is rejected (33.4452ms)
✔ same-size pathname replacement after descriptor read is rejected (31.9009ms)
✔ same-size in-place review rewrite cannot hide behind a restored modification time (30.3987ms)
✔ review growth after open stays within its original byte bound and is rejected (31.4774ms)
✔ bounded review reads handle partial reads and reject empty or oversized files (20.8043ms)
✔ native behavioral evidence remains candidate with original local source and no finding impersonation (64.0147ms)
✔ native behavioral activation is denied for mixed support and forged active or retired history (44.1901ms)
✔ native behavioral candidates can be rejected without widening legacy review authority (46.5179ms)
✔ native behavioral bytes, identity claims, source and repeated runs remain validated (101.9555ms)
✔ evidence binds actual audit finding and supplied snapshot without certifying collection or identity (10.1742ms)
✔ accepted missing Project status binds the native serialized report and finding in evidence and observations (41.9368ms)
✔ auditor optional-field normalization retains strict data-only feedback and report validation (58.8467ms)
✔ timestamp-only or unrelated snapshot changes do not manufacture repeated supporting evidence (28.8606ms)
✔ partial, cross-scope, stale or missing findings cannot become feedback evidence (13.5365ms)
✔ feedback source pins accept exactly 40 or 64 hexadecimal characters, including supplied evidence (68.2364ms)
✔ candidate, active and retired versions preserve their inputs and have exact transition digests (17.7127ms)
✔ one observation, fabricated evidence bytes and replayed reviews cannot activate a rule (82.7981ms)
✔ reviewer labels and claimed approval booleans do not supply verified review authority (21.6782ms)
✔ explicit rejection remains terminal and contributes no advice (40.1961ms)
✔ prospective expiry is mandatory, bounded, and effective at the exact boundary (101.8691ms)
✔ active capacity cannot expand and supersession retires only the exact predecessor (62.2381ms)
✔ supersession rejects stale targets and cannot cross finding rules (42.2182ms)
✔ active guidance annotates only matching findings without hiding or changing original conclusions (24.0734ms)
✔ broad matching admits at most the finite annotation limit and never truncates an excessive report (332.4026ms)
✔ serialized output bytes are admitted before escaped guidance and evidence references fan out (56.5852ms)
✔ later audits honor activation and retirement while the original report stays identical (38.2646ms)
✔ unknown executable, suppression, assignment and permission options are rejected (128.6712ms)
✔ stale reports, foreign scope and altered evidence fail closed (23.1529ms)
✔ canonical digests ignore property insertion order but reject executable and non-finite data (0.3805ms)
✔ reusable corpus validation preserves input and rejects authority claims or altered guidance (14.7839ms)
✔ explicit collector profile requires a hash and cannot relabel a supplied snapshot (2.9285ms)
✔ recurrence requires finite explicit bounds before reading any input (0.7584ms)
✔ finite recurrence reloads snapshot and feedback on every cycle (2.4192ms)
✔ paused and stopped records prevent collection and input reads (2.5148ms)
✔ exhausted persisted attempts reject before snapshot, feedback or live collection (2.2898ms)
✔ watch admits the final allowed attempt and then stops before collecting another snapshot (1.4064ms)
✔ source mismatch refuses before reading snapshot or feedback (1.2431ms)
✔ a failed cycle stops recurrence without retrying or losing the failure (1.4563ms)
✔ first snapshot acquisition failure retains one sanitized failed attempt (317.6597ms)
✔ later corpus acquisition failure preserves earlier accepted evidence and consumes one attempt (798.0584ms)
✔ live acquisition failure is retained once without raw error text or a retry (273.4299ms)
✔ pause and stop during failed acquisition remain effective without a new admitted attempt (1976.3715ms)
✔ deadline crossing during failed acquisition prevents late attempt admission (1.7564ms)
✔ interruption during failed acquisition prevents a new admitted attempt (1.2677ms)
✔ duration bounds stop admission after collection without writing a late result (1.0978ms)
✔ interruption during an interval exits without another audit (1.2625ms)
✔ control commands delegate exact action, source and reason without collecting (2.9434ms)
✔ status exposes bounded metadata and no retained finding text (1.1001ms)
✔ one audit writes source-bound immutable private reports and an advisory handoff (458.7376ms)
✔ fresh capture timestamps and transport metrics alone produce no new report or proposal across restart (682.4285ms)
✔ live state binds the exact selected principal and profile through restart and controls (2491.731ms)
✔ profile metadata cannot convert supplied evidence or a different live principal into accepted observations (280.0613ms)
✔ changed scoped content produces a new receipt while retaining stable finding dedupe (522.1195ms)
✔ resolved findings are recorded without claiming a remote correction (497.756ms)
✔ stale input fails and preserves a failed attempt, never reusing previous success (608.1238ms)
✔ future input fails and preserves a failed attempt, never reusing previous success (595.459ms)
✔ incomplete input fails and preserves a failed attempt, never reusing previous success (611.0975ms)
✔ source drift fails and preserves a failed attempt, never reusing previous success (592.8634ms)
✔ changing the caller source pin cannot migrate an existing directory (477.4942ms)
✔ pause prevents input use, resume retains dedupe, and stop cannot resume (2745.3849ms)
✔ concurrent cycles have one winner and never create duplicate accepted receipts (535.8276ms)
✔ retained locks fail closed without PID reuse or timeout-based recovery (19.3164ms)
✔ incomplete intent and rollback to an older checkpoint refuse replay (674.6484ms)
✔ tampered referenced artifacts are rejected and preserved (338.0646ms)
✔ output-directory redirection refuses writes through a symlink or junction (12.3818ms)
✔ an unexpected output file is retained, not overwritten or removed (20.3265ms)
✔ status rejects unexpected files in initialized state before accepting its control projection (254.2201ms)
✔ missing, traversal-style and incomplete control requests do not create authority (4.0469ms)
✔ live source claims retain the existing collector identity and zero-write metadata (300.9584ms)
✔ finite convenience API has explicit bounds and performs no scheduling (939.4444ms)
✔ state and artifact redirection are not followed on read (254.7074ms)
✔ alter of earlier history is detected after a newer successful cycle (669.913ms)
✔ delete of earlier history is detected after a newer successful cycle (659.5871ms)
✔ changed implementation pins fail before a new intent is written (408.7856ms)
✔ a directory replaced while a caller holds its lock cannot redirect any artifact write (345.548ms)
✔ actual corpus activation and retirement change only separately bound advisory output (1306.6769ms)
✔ expiry invalidates cached advisory annotations even without corpus byte changes (583.0815ms)
✔ mixed retained controls and new cycles enforce one transition bound with a reserved terminal stop (61723.4895ms)
✔ accepted snapshots with omitted optional metadata produce parseable JSON artifacts and replay (489.0628ms)
✔ optional auditor metadata works through the real feedback evidence and recurring consumer bridge (525.3803ms)
✔ policy has the ten requested workstreams and never assigns people (3.4189ms)
✔ classification supports Multiplayer (5.9861ms)
✔ classification supports UX/UI (1.7157ms)
✔ classification supports Multi-system execution (1.3193ms)
✔ classification supports Janitor (1.4002ms)
✔ classification supports Dynamic agent teams (1.2063ms)
✔ classification supports DevOps/PR review/branch protection (3.0544ms)
✔ classification supports Security (1.0702ms)
✔ classification supports Agent communication layer (1.1574ms)
✔ classification supports Dark factory automation (1.234ms)
✔ classification supports Backend scalability / pub-sub (1.2047ms)
✔ classification preserves labels and assignees (12.1695ms)
✔ UX alias means UX/UI (13.8182ms)
✔ an unassigned issue is not a violation (5.393ms)
✔ full fixture audit has zero mutations and catches closing-link conflict (4.6286ms)
✔ non-closing prose overrides no native link, not unrelated partial references (3.8259ms)
✔ explicit do-not-close linked issue is flagged (3.742ms)
✔ closed unmerged PR does not close an open issue (3.976ms)
✔ reopened issue remains open after a historical merged PR (3.57ms)
✔ no automatic close for several partial PRs (4.472ms)
✔ only explicit dependency section is interpreted (0.1819ms)
✔ code fences and quoted references are not dependency authority (0.2057ms)
✔ native/text dependency disagreement is flagged (4.0526ms)
✔ matching dependencies do not produce a mismatch (4.0761ms)
✔ dependency cycles are bounded and reported once (4.3287ms)
✔ parent hierarchy mismatch and cycle are detected (3.9072ms)
✔ outside-scope dependency is not fetched or treated as complete (3.8401ms)
✔ missing local dependency is unverified, not closed (3.5296ms)
✔ open issue marked Done is flagged without changing the board (3.9961ms)
✔ unknown workstream is a review hint, not a rename (3.284ms)
✔ locked default branch is flagged, without bypass (3.8925ms)
✔ stale PR source head is reported (4.1615ms)
✔ current independent review is accepted as evidence (3.9252ms)
✔ author approval is not current independent human approval (4.4988ms)
✔ bot approval is not current independent human approval (4.246ms)
✔ old-head approval is not current independent human approval (4.168ms)
✔ later comment does not erase a valid prior approval (4.0213ms)
✔ failed checks and requested changes are surfaced (5.2703ms)
✔ missing checks are not a success (5.7145ms)
✔ stale snapshots are labeled (4.3589ms)
✔ future snapshots fail closed (1.7338ms)
✔ finding IDs are stable across repeated reads (8.2536ms)
✔ reported secrets are redacted and Markdown is escaped (13.5842ms)
✔ refuses: assign #50 to example-user (4.7487ms)
✔ refuses: label #50 multiplayer (5.1749ms)
✔ refuses: close #50 (5.6969ms)
✔ refuses: merge PR #237 (4.54ms)
✔ refuses: enable auto-merge (4.6241ms)
✔ refuses: delete a branch (4.7969ms)
✔ refuses: approve PR #237 (4.2641ms)
✔ refuses: can you change the rules (5.5188ms)
✔ question answers use recorded evidence and canonical references (7.1501ms)
✔ reverse dependency questions list dependents (5.9654ms)
✔ unknown questions ask for clarification (4.8648ms)
✔ untrusted instruction text grants no tools (4.4771ms)
✔ snapshot rejects wrong repo (1.1376ms)
✔ snapshot rejects wrong project (0.9234ms)
✔ snapshot rejects partial coverage (1.0124ms)
✔ snapshot rejects wrong count (1.0254ms)
✔ snapshot rejects duplicate issue (1.0553ms)
✔ snapshot rejects hostile URL (1.001ms)
✔ snapshot rejects hidden project item (1.0971ms)
✔ snapshot rejects cross-repo item (1.0718ms)
✔ snapshot rejects duplicate project item (1.1245ms)
✔ snapshot rejects oversized body (1.1846ms)
✔ collector completes two matching passes with no writes (4.7668ms)
✔ collector rejects issue drift between passes (3.3893ms)
✔ collector rejects incomplete nested dependencies (1.3752ms)
✔ collector rejects a changed PR head/check binding (1.2904ms)
✔ collector rejects repeated pagination cursors (1.1586ms)
✔ collector rejects inaccessible connection entries (0.1673ms)
✔ read client verifies Bakar404 and never switches accounts (1.2291ms)
✔ explicit hash-pinned read principal does not change the pilot or read allowlist (16.9692ms)
✔ collector profile rejects changed scope or unsupported fields: repository (17.4976ms)
✔ collector profile rejects changed scope or unsupported fields: project_id (19.4769ms)
✔ collector profile rejects changed scope or unsupported fields: project_number (16.9511ms)
✔ collector profile rejects changed scope or unsupported fields: token (18.3982ms)
✔ collector profile rejects changed scope or unsupported fields: url (16.9574ms)
✔ collector profile rejects changed scope or unsupported fields: collector_login (15.8714ms)
✔ collector profile rejects wrong hashes, changed bytes and duplicate keys (47.9771ms)
✔ profiled collection records the actual principal and rejects identity or profile drift (34.8111ms)
✔ read client exposes no arbitrary query or write operation (1.3364ms)
✔ GraphQL cursor remains data, not executable query text (1.3125ms)
✔ GraphQL errors do not become accepted partial data (1.0767ms)
✔ GraphQL reserve prevents further reads (1.2569ms)
✔ collection has an elapsed-time bound (1.122ms)
✔ dry run uses neither network nor output files (1.3983ms)
✔ CLI rejects apply (0.1413ms)
✔ CLI rejects audit --fixture --live (0.1061ms)
✔ CLI rejects audit --fixture --out ../escape.json (0.1454ms)
✔ CLI rejects audit --dry-run --out file.json (0.0939ms)
✔ CLI rejects audit --fixture --assign example-user (0.1197ms)
✔ CLI rejects ask --fixture (0.1027ms)
✔ actual CLI dry run works from another directory and has no network intent (168.7261ms)
✔ test chat prepares an evidence-based reply without sending it (5.7428ms)
✔ test chat rejects wrong tenant (0.3171ms)
✔ test chat rejects wrong group (0.1432ms)
✔ test chat rejects personal chat (0.1794ms)
✔ test chat rejects other channel (0.1387ms)
✔ test chat ignores messages without a mention (0.1355ms)
✔ test chat ignores its own messages (0.1271ms)
✔ test chat refuses mutation requests (5.1067ms)
✔ no production mode or implicit binding (0.2672ms)
ℹ tests 227
ℹ suites 0
ℹ pass 227
ℹ fail 0
ℹ cancelled 0
ℹ skipped 0
ℹ todo 0
ℹ duration_ms 82988.9405
