    Finished `test` profile [unoptimized] target(s) in 0.88s
     Running unittests src\bin\crony-evidence-paths.rs (target\debug\deps\crony_evidence_paths-eefad51ac185f636.exe)
0 tests, 0 benchmarks
     Running unittests src\main.rs (target\debug\deps\crony_runner-02b0585a373d56cb.exe)
adapter::connection::tests::native_auth_and_catalog_parsing_fail_closed: test
adapter::connection::tests::native_claude_code_bridge_binds_prompt_and_adopts_persisted_auth: test
adapter::connection::tests::native_claude_rejects_foreign_prompt_input_without_writing_it: test
adapter::connection::tests::native_code_input_is_bounded_and_cleared_on_cancellation: test
adapter::connection::tests::native_codex_device_login_and_inspection_never_send_a_turn: test
adapter::connection::tests::native_copilot_device_login_uses_same_empty_profile_and_no_sessions: test
adapter::connection::tests::native_copilot_home_is_not_its_per_worktree_session_filesystem: test
adapter::connection::tests::native_copilot_never_falls_back_to_path_or_a_fixture_as_readiness: test
adapter::connection::tests::native_login_instructions_allow_only_native_urls_and_safe_codes: test
adapter::connection::tests::native_missing_install_is_not_ready: test
adapter::connection::tests::native_profile_constructor_is_lazy_and_rejects_overlapping_storage: test
adapter::connection::tests::native_profile_environment_is_shared_by_probe_execute_and_resume: test
adapter::connection::tests::native_protocol_reader_bounds_before_allocating_untrusted_lines: test
adapter::connection::tests::native_ready_mixed_catalog_advertises_only_usable_models: test
adapter::connection::tests::native_ready_preserves_enabled_and_policy_absent_native_catalogs: test
adapter::connection::tests::native_ready_rejects_disabled_or_unknown_policy_only_catalogs: test
adapter::connection::tests::native_system_sign_in_and_expired_inspection_spawn_nothing: test

17 tests, 0 benchmarks
