    Finished `test` profile [unoptimized] target(s) in 0.80s
     Running unittests src\bin\crony-evidence-paths.rs (target\debug\deps\crony_evidence_paths-eefad51ac185f636.exe)

running 0 tests

test result: ok. 0 passed; 0 failed; 0 ignored; 0 measured; 25 filtered out; finished in 0.00s

     Running unittests src\main.rs (target\debug\deps\crony_runner-02b0585a373d56cb.exe)

running 17 tests
test adapter::connection::tests::native_auth_and_catalog_parsing_fail_closed ... ok
test adapter::connection::tests::native_claude_code_bridge_binds_prompt_and_adopts_persisted_auth ... ok
test adapter::connection::tests::native_claude_rejects_foreign_prompt_input_without_writing_it ... ok
test adapter::connection::tests::native_code_input_is_bounded_and_cleared_on_cancellation ... ok
test adapter::connection::tests::native_codex_device_login_and_inspection_never_send_a_turn ... ok
test adapter::connection::tests::native_copilot_device_login_uses_same_empty_profile_and_no_sessions ... ok
test adapter::connection::tests::native_copilot_home_is_not_its_per_worktree_session_filesystem ... ok
test adapter::connection::tests::native_copilot_never_falls_back_to_path_or_a_fixture_as_readiness ... ok
test adapter::connection::tests::native_login_instructions_allow_only_native_urls_and_safe_codes ... ok
test adapter::connection::tests::native_missing_install_is_not_ready ... ok
test adapter::connection::tests::native_profile_constructor_is_lazy_and_rejects_overlapping_storage ... ok
test adapter::connection::tests::native_profile_environment_is_shared_by_probe_execute_and_resume ... ok
test adapter::connection::tests::native_protocol_reader_bounds_before_allocating_untrusted_lines ... ok
test adapter::connection::tests::native_ready_mixed_catalog_advertises_only_usable_models ... ok
test adapter::connection::tests::native_ready_preserves_enabled_and_policy_absent_native_catalogs ... ok
test adapter::connection::tests::native_ready_rejects_disabled_or_unknown_policy_only_catalogs ... ok
test adapter::connection::tests::native_system_sign_in_and_expired_inspection_spawn_nothing ... ok

test result: ok. 17 passed; 0 failed; 0 ignored; 0 measured; 269 filtered out; finished in 10.08s
