    Finished `test` profile [unoptimized] target(s) in 0.82s
     Running unittests src\bin\crony-evidence-paths.rs (target\debug\deps\crony_evidence_paths-eefad51ac185f636.exe)

running 0 tests

test result: ok. 0 passed; 0 failed; 0 ignored; 0 measured; 25 filtered out; finished in 0.00s

     Running unittests src\main.rs (target\debug\deps\crony_runner-02b0585a373d56cb.exe)

running 26 tests
test connections::github::tests::github_repository_choice_normalizes_case_without_changing_id_or_branch ... ok
test connections::github::tests::personal_scope_removes_machine_tokens_without_changing_global_login ... ok
test connections::github::tests::repository_and_device_instruction_parsing_never_accept_shell_or_token_text ... ok
test connections::integration_tests::native_fixture_git_suppresses_default_and_configured_hooks ... ok
test connections::integration_tests::native_fixture_personal_github_profiles_and_login_replay_survive_restart ... ok
test connections::integration_tests::native_fixture_ready_ack_refresh_rejection_and_old_run_pins_survive_restart ... FAILED
test connections::process::tests::setup_reader_bounds_unterminated_lines_and_never_retains_diagnostics ... ok
test connections::storage::tests::browser_paths_cannot_use_traversal_or_windows_device_names ... ok
test connections::storage::tests::canonical_roots_keep_native_workspace_path_representation ... ok
test connections::storage::tests::private_root_cannot_hide_inside_a_source_checkout ... ok
test connections::storage::tests::registry_replacement_is_exact_and_rejects_corrupt_or_escaping_files ... ok
test connections::storage::tests::windows_private_root_primary_path_enforces_acl ... ok
test connections::tests::branch_refresh_keeps_old_accepted_pin_and_fences_older_ready_ack ... ok
test connections::tests::completed_auth_check_is_terminal_and_source_survives_later_agent_failure ... ok
test connections::tests::connection_ready_requires_exact_server_ack_and_survives_registry_roundtrip ... ok
test connections::tests::installed_executable_and_native_account_are_independent_choices ... ok
test connections::tests::late_ack_recognizes_server_committed_history_without_reselecting_old_profile ... ok
test connections::tests::native_code_cannot_target_non_claude_or_expired_login_and_is_not_serialized ... ok
test connections::tests::native_code_is_prompt_bound_one_shot_and_exact_retries_never_feed_another_prompt ... ok
test connections::tests::operation_replay_preserves_native_login_receipt_and_rejects_changed_scope ... ok
test connections::tests::receipt_cap_live_duplicate_and_conflicting_commands_do_not_compact_or_restart ... ok
test connections::tests::receipt_cap_preserves_live_unacked_unfinished_and_unexpired_operations ... ok
test connections::tests::receipt_cap_restart_preserves_current_source_and_all_retained_receipts ... ok
test connections::tests::receipt_cap_rollover_prunes_old_terminal_acknowledged_entries_without_reset ... ok
test connections::tests::rejected_ready_and_forged_acceptance_are_not_dispatch_authority ... ok
test connections::tests::saved_native_identity_never_falls_back_to_another_source_or_profile ... ok

failures:

---- connections::integration_tests::native_fixture_ready_ack_refresh_rejection_and_old_run_pins_survive_restart stdout ----

thread 'connections::integration_tests::native_fixture_ready_ack_refresh_rejection_and_old_run_pins_survive_restart' (14076) panicked at crates\crony-runner\src\connection_setup\integration_tests.rs:726:10:
called `Result::unwrap()` on an `Err` value: create worktree <user-home>\qa\issue198-runner-20261002T003208398\temp\ecorp-native-connection-integration\ba255d74-cb9b-4dda-b30b-1ced53d711d4\connections\w\worktrees\9fb467a447f94076bf4003b63a122400\9b7d95c6a479449e83d7e02007720628 on branch crony/task-9fb467a447f94076bf4003b63a122400/run-9b7d95c6a479449e83d7e02007720628

Caused by:
    git worktree add -b crony/task-9fb467a447f94076bf4003b63a122400/run-9b7d95c6a479449e83d7e02007720628 <user-home>\qa\issue198-runner-20261002T003208398\temp\ecorp-native-connection-integration\ba255d74-cb9b-4dda-b30b-1ced53d711d4\connections\w\worktrees\9fb467a447f94076bf4003b63a122400\9b7d95c6a479449e83d7e02007720628 1170d5345e0fbbb87c833f5d5b33e9186f4a4c78 failed with exit code: 128: Preparing worktree (new branch 'crony/task-9fb467a447f94076bf4003b63a122400/run-9b7d95c6a479449e83d7e02007720628')
    fatal: '$GIT_DIR' too big
note: run with `RUST_BACKTRACE=1` environment variable to display a backtrace
Retaining failed native fixture at <user-home>\qa\issue198-runner-20261002T003208398\temp\ecorp-native-connection-integration\ba255d74-cb9b-4dda-b30b-1ced53d711d4


failures:
    connections::integration_tests::native_fixture_ready_ack_refresh_rejection_and_old_run_pins_survive_restart

test result: FAILED. 25 passed; 1 failed; 0 ignored; 0 measured; 260 filtered out; finished in 38.92s

error: test failed, to rerun pass `-p crony-runner --bin crony-runner`
