$ node --test --test-concurrency=2 --test-timeout=180000 scenarios/repo-steward/steward.test.mjs scenarios/repo-steward/actions.test.mjs scenarios/repo-steward/recurring-audit.test.mjs scenarios/repo-steward/feedback.test.mjs scenarios/repo-steward/maintenance.test.mjs scenarios/repo-steward/feedback-cli.test.mjs
✔ Actions preview performs no live reads or summary publication (2.0144ms)
✔ Actions fixture uses the real auditor without GitHub access (25.2582ms)
✔ invalid workflow input is rejected during preview without data access (1.0923ms)
✔ hosted live mode rejects non-Actions host before reading data (0.3408ms)
✔ hosted live mode rejects PR event before reading data (0.9402ms)
✔ hosted live mode rejects another repository before reading data (0.2064ms)
✔ hosted live mode rejects feature branch before reading data (0.2914ms)
✔ hosted live mode rejects another actor before reading data (0.2116ms)
✔ hosted live mode rejects another rerun operator before reading data (0.2481ms)
✔ hosted live mode rejects missing triggering actor before reading data (0.317ms)
✔ hosted live mode rejects missing source commit before reading data (0.2881ms)
✔ hosted live mode rejects disabled pilot before reading data (0.163ms)
✔ hosted live mode rejects unapproved public summary before reading data (0.4167ms)
✔ hosted live mode rejects missing credential before reading data (0.1893ms)
✔ hosted live mode rejects blank credential before reading data (0.2075ms)
✔ hosted live mode rejects write-enabled configuration before reading data (0.2031ms)
✔ GITHUB_TOKEN does not substitute for Project-readable credentials (0.3269ms)
✔ an admitted live path collects once and retains zero mutations (5.5525ms)
✔ collector failure does not produce a successful report (0.3103ms)
✔ stale hosted snapshots fail instead of publishing old findings (4.821ms)
✔ public summaries never include free-form source or evidence text (4.6082ms)
✔ summary rejects unknown rule (3.7297ms)
✔ summary rejects bad finding id (4.1436ms)
✔ summary rejects foreign reference (3.9365ms)
✔ summary rejects mutation claim (4.4617ms)
✔ summary rejects wrong scope (3.8886ms)
✔ summary rejects invalid timestamp (4.1782ms)
✔ summary rejects bad totals (4.6157ms)
✔ public finding index is bounded without copying omitted details (4.5503ms)
✔ every configured fixture rule has an explicit publication review (3.8513ms)
✔ summary file writes remain inside a supplied native temporary directory (15.2925ms)
✔ Actions CLI rejects unsupported arguments --apply (0.237ms)
✔ Actions CLI rejects unsupported arguments --live (0.0953ms)
✔ Actions CLI rejects unsupported arguments --live (0.0891ms)
✔ actual fixture CLI needs no hosted secrets or Teams SDK (175.8069ms)
✔ manual workflow keeps first-party actions pinned and live credentials isolated (12.3944ms)
✔ feedback CLI rejects unsupported, missing and duplicate transition arguments (1.9304ms)
✔ new-file corpus output preserves the previous version and refuses overwrite (22.1206ms)
✔ initializing a corpus binds the validated input scope without changing its snapshot (39.5994ms)
✔ partial snapshot cannot create a corpus file (20.0727ms)
✔ redirected output parent is refused without writing through it (5.0552ms)
✔ review evidence must be a file and cannot use a directory as a digest source (39.7566ms)
✔ review CLI records the exact binary digest and closes its descriptor (75.4741ms)
✔ same-size review replacement between metadata check and open cannot update a corpus (27.7963ms)
✔ review parent swapped for a symlink or junction before open is rejected (36.2489ms)
✔ same-size pathname replacement after descriptor read is rejected (28.6699ms)
✔ same-size in-place review rewrite cannot hide behind a restored modification time (28.2235ms)
✔ review growth after open stays within its original byte bound and is rejected (25.0324ms)
✔ bounded review reads handle partial reads and reject empty or oversized files (19.2185ms)
✔ native behavioral evidence remains candidate with original local source and no finding impersonation (65.9943ms)
✔ native behavioral activation is denied for mixed support and forged active or retired history (39.8996ms)
✔ native behavioral candidates can be rejected without widening legacy review authority (41.9199ms)
✔ native behavioral bytes, identity claims, source and repeated runs remain validated (112.0219ms)
✔ evidence binds actual audit finding and supplied snapshot without certifying collection or identity (11.7308ms)
✔ accepted missing Project status binds the native serialized report and finding in evidence and observations (42.7881ms)
✔ auditor optional-field normalization retains strict data-only feedback and report validation (63.7658ms)
✔ timestamp-only or unrelated snapshot changes do not manufacture repeated supporting evidence (26.2373ms)
✔ partial, cross-scope, stale or missing findings cannot become feedback evidence (12.0244ms)
✔ feedback source pins accept exactly 40 or 64 hexadecimal characters, including supplied evidence (61.3941ms)
✔ candidate, active and retired versions preserve their inputs and have exact transition digests (15.9969ms)
✔ one observation, fabricated evidence bytes and replayed reviews cannot activate a rule (66.4698ms)
✔ reviewer labels and claimed approval booleans do not supply verified review authority (21.2139ms)
✔ explicit rejection remains terminal and contributes no advice (34.7178ms)
✔ prospective expiry is mandatory, bounded, and effective at the exact boundary (87.6792ms)
✔ active capacity cannot expand and supersession retires only the exact predecessor (54.1866ms)
✔ supersession rejects stale targets and cannot cross finding rules (39.5831ms)
✔ active guidance annotates only matching findings without hiding or changing original conclusions (20.2331ms)
✔ broad matching admits at most the finite annotation limit and never truncates an excessive report (316.8193ms)
✔ serialized output bytes are admitted before escaped guidance and evidence references fan out (56.4774ms)
✔ later audits honor activation and retirement while the original report stays identical (34.3868ms)
✔ unknown executable, suppression, assignment and permission options are rejected (132.1582ms)
✔ stale reports, foreign scope and altered evidence fail closed (23.8176ms)
✔ canonical digests ignore property insertion order but reject executable and non-finite data (0.3651ms)
✔ reusable corpus validation preserves input and rejects authority claims or altered guidance (14.8048ms)
✔ explicit collector profile requires a hash and cannot relabel a supplied snapshot (2.7719ms)
✔ recurrence requires finite explicit bounds before reading any input (0.7993ms)
✔ finite recurrence reloads snapshot and feedback on every cycle (2.3575ms)
✔ paused and stopped records prevent collection and input reads (2.2668ms)
✔ exhausted persisted attempts reject before snapshot, feedback or live collection (2.5807ms)
✔ watch admits the final allowed attempt and then stops before collecting another snapshot (1.2592ms)
✔ source mismatch refuses before reading snapshot or feedback (1.051ms)
✔ a failed cycle stops recurrence without retrying or losing the failure (1.4126ms)
✔ first snapshot acquisition failure retains one sanitized failed attempt (318.4275ms)
✔ later corpus acquisition failure preserves earlier accepted evidence and consumes one attempt (741.4135ms)
✔ live acquisition failure is retained once without raw error text or a retry (277.3098ms)
✔ pause and stop during failed acquisition remain effective without a new admitted attempt (1872.0138ms)
✔ deadline crossing during failed acquisition prevents late attempt admission (1.3756ms)
✔ interruption during failed acquisition prevents a new admitted attempt (1.2598ms)
✔ duration bounds stop admission after collection without writing a late result (0.9992ms)
✔ interruption during an interval exits without another audit (1.065ms)
✔ control commands delegate exact action, source and reason without collecting (2.8966ms)
✔ status exposes bounded metadata and no retained finding text (1.0323ms)
✔ one audit writes source-bound immutable private reports and an advisory handoff (416.8427ms)
✔ fresh capture timestamps and transport metrics alone produce no new report or proposal across restart (662.7358ms)
✔ live state binds the exact selected principal and profile through restart and controls (2375.0411ms)
✔ profile metadata cannot convert supplied evidence or a different live principal into accepted observations (273.1911ms)
✔ changed scoped content produces a new receipt while retaining stable finding dedupe (470.8444ms)
✔ resolved findings are recorded without claiming a remote correction (492.1196ms)
✔ stale input fails and preserves a failed attempt, never reusing previous success (564.4698ms)
✔ future input fails and preserves a failed attempt, never reusing previous success (575.8564ms)
✔ incomplete input fails and preserves a failed attempt, never reusing previous success (589.5391ms)
✔ source drift fails and preserves a failed attempt, never reusing previous success (584.5508ms)
✔ changing the caller source pin cannot migrate an existing directory (456.0354ms)
✔ pause prevents input use, resume retains dedupe, and stop cannot resume (2177.6503ms)
✔ concurrent cycles have one winner and never create duplicate accepted receipts (338.7566ms)
✔ retained locks fail closed without PID reuse or timeout-based recovery (16.322ms)
✔ incomplete intent and rollback to an older checkpoint refuse replay (547.4367ms)
✔ tampered referenced artifacts are rejected and preserved (327.1831ms)
✔ output-directory redirection refuses writes through a symlink or junction (9.9607ms)
✔ an unexpected output file is retained, not overwritten or removed (17.3138ms)
✔ status rejects unexpected files in initialized state before accepting its control projection (237.394ms)
✔ missing, traversal-style and incomplete control requests do not create authority (4.104ms)
✔ live source claims retain the existing collector identity and zero-write metadata (248.505ms)
✔ finite convenience API has explicit bounds and performs no scheduling (849.135ms)
✔ state and artifact redirection are not followed on read (244.9173ms)
✔ alter of earlier history is detected after a newer successful cycle (639.7379ms)
✔ delete of earlier history is detected after a newer successful cycle (640.8315ms)
✔ changed implementation pins fail before a new intent is written (362.5126ms)
✔ a directory replaced while a caller holds its lock cannot redirect any artifact write (347.9625ms)
✔ actual corpus activation and retirement change only separately bound advisory output (1239.0633ms)
✔ expiry invalidates cached advisory annotations even without corpus byte changes (576.1372ms)
✔ mixed retained controls and new cycles enforce one transition bound with a reserved terminal stop (58125.1419ms)
✔ accepted snapshots with omitted optional metadata produce parseable JSON artifacts and replay (442.6306ms)
✔ optional auditor metadata works through the real feedback evidence and recurring consumer bridge (510.8137ms)
✔ policy has the ten requested workstreams and never assigns people (3.306ms)
✔ classification supports Multiplayer (5.8579ms)
✔ classification supports UX/UI (1.7099ms)
✔ classification supports Multi-system execution (1.2262ms)
✔ classification supports Janitor (1.3043ms)
✔ classification supports Dynamic agent teams (1.2117ms)
✔ classification supports DevOps/PR review/branch protection (1.8818ms)
✔ classification supports Security (1.1093ms)
✔ classification supports Agent communication layer (1.117ms)
✔ classification supports Dark factory automation (1.2521ms)
✔ classification supports Backend scalability / pub-sub (1.1514ms)
✔ classification preserves labels and assignees (12.4491ms)
✔ UX alias means UX/UI (13.7987ms)
✔ an unassigned issue is not a violation (5.098ms)
✔ full fixture audit has zero mutations and catches closing-link conflict (4.6489ms)
✔ non-closing prose overrides no native link, not unrelated partial references (3.8108ms)
✔ explicit do-not-close linked issue is flagged (3.6626ms)
✔ closed unmerged PR does not close an open issue (3.8179ms)
✔ reopened issue remains open after a historical merged PR (3.4848ms)
✔ no automatic close for several partial PRs (4.0276ms)
✔ only explicit dependency section is interpreted (0.1659ms)
✔ code fences and quoted references are not dependency authority (0.2022ms)
✔ native/text dependency disagreement is flagged (4.1221ms)
✔ matching dependencies do not produce a mismatch (4.1495ms)
✔ dependency cycles are bounded and reported once (4.2783ms)
✔ parent hierarchy mismatch and cycle are detected (4.0141ms)
✔ outside-scope dependency is not fetched or treated as complete (3.9702ms)
✔ missing local dependency is unverified, not closed (3.7707ms)
✔ open issue marked Done is flagged without changing the board (4.1153ms)
✔ unknown workstream is a review hint, not a rename (3.3372ms)
✔ locked default branch is flagged, without bypass (3.8848ms)
✔ stale PR source head is reported (3.4826ms)
✔ current independent review is accepted as evidence (4.0263ms)
✔ author approval is not current independent human approval (4.2422ms)
✔ bot approval is not current independent human approval (3.3022ms)
✔ old-head approval is not current independent human approval (3.5381ms)
✔ later comment does not erase a valid prior approval (3.9272ms)
✔ failed checks and requested changes are surfaced (4.0928ms)
✔ missing checks are not a success (3.6497ms)
✔ stale snapshots are labeled (3.471ms)
✔ future snapshots fail closed (1.5567ms)
✔ finding IDs are stable across repeated reads (7.456ms)
✔ reported secrets are redacted and Markdown is escaped (9.8298ms)
✔ refuses: assign #50 to example-user (4.8537ms)
✔ refuses: label #50 multiplayer (6.4596ms)
✔ refuses: close #50 (8.6962ms)
✔ refuses: merge PR #237 (6.0227ms)
✔ refuses: enable auto-merge (4.1822ms)
✔ refuses: delete a branch (4.7705ms)
✔ refuses: approve PR #237 (4.412ms)
✔ refuses: can you change the rules (4.432ms)
✔ question answers use recorded evidence and canonical references (4.6718ms)
✔ reverse dependency questions list dependents (4.1935ms)
✔ unknown questions ask for clarification (4.5367ms)
✔ untrusted instruction text grants no tools (4.4207ms)
✔ snapshot rejects wrong repo (1.1351ms)
✔ snapshot rejects wrong project (0.8669ms)
✔ snapshot rejects partial coverage (0.8881ms)
✔ snapshot rejects wrong count (0.9173ms)
✔ snapshot rejects duplicate issue (1.097ms)
✔ snapshot rejects hostile URL (1.0229ms)
✔ snapshot rejects hidden project item (1.0671ms)
✔ snapshot rejects cross-repo item (1.0923ms)
✔ snapshot rejects duplicate project item (1.0517ms)
✔ snapshot rejects oversized body (1.0905ms)
✔ collector completes two matching passes with no writes (4.2124ms)
✔ collector rejects issue drift between passes (2.3712ms)
✔ collector rejects incomplete nested dependencies (1.0326ms)
✔ collector rejects a changed PR head/check binding (1.1414ms)
✔ collector rejects repeated pagination cursors (1.0533ms)
✔ collector rejects inaccessible connection entries (0.1414ms)
✔ read client verifies Bakar404 and never switches accounts (1.1482ms)
✔ explicit hash-pinned read principal does not change the pilot or read allowlist (15.2109ms)
✔ collector profile rejects changed scope or unsupported fields: repository (15.4949ms)
✔ collector profile rejects changed scope or unsupported fields: project_id (14.1795ms)
✔ collector profile rejects changed scope or unsupported fields: project_number (14.8272ms)
✔ collector profile rejects changed scope or unsupported fields: token (15.5089ms)
✔ collector profile rejects changed scope or unsupported fields: url (15.4942ms)
✔ collector profile rejects changed scope or unsupported fields: collector_login (8.2743ms)
✔ collector profile rejects wrong hashes, changed bytes and duplicate keys (39.733ms)
✔ profiled collection records the actual principal and rejects identity or profile drift (31.1772ms)
✔ read client exposes no arbitrary query or write operation (1.095ms)
✔ GraphQL cursor remains data, not executable query text (1.1677ms)
✔ GraphQL errors do not become accepted partial data (1.1994ms)
✔ GraphQL reserve prevents further reads (1.1059ms)
✔ collection has an elapsed-time bound (1.7811ms)
✔ dry run uses neither network nor output files (1.2594ms)
✔ CLI rejects apply (0.1853ms)
✔ CLI rejects audit --fixture --live (0.099ms)
✔ CLI rejects audit --fixture --out ../escape.json (0.1373ms)
✔ CLI rejects audit --dry-run --out file.json (0.0893ms)
✔ CLI rejects audit --fixture --assign example-user (0.0738ms)
✔ CLI rejects ask --fixture (0.0745ms)
✔ actual CLI dry run works from another directory and has no network intent (146.8218ms)
✔ test chat prepares an evidence-based reply without sending it (5.7454ms)
✔ test chat rejects wrong tenant (0.3094ms)
✔ test chat rejects wrong group (0.1402ms)
✔ test chat rejects personal chat (0.1295ms)
✔ test chat rejects other channel (0.1308ms)
✔ test chat ignores messages without a mention (0.1417ms)
✔ test chat ignores its own messages (0.1241ms)
✔ test chat refuses mutation requests (4.087ms)
✔ no production mode or implicit binding (0.2424ms)
ℹ tests 227
ℹ suites 0
ℹ pass 227
ℹ fail 0
ℹ cancelled 0
ℹ skipped 0
ℹ todo 0
ℹ duration_ms 77583.1273
