✔ personal paths include drive-relative, prefixed, escaped and alternate separators (2.3607ms)
✔ normalized placeholders and ordinary prose remain valid (0.2119ms)
✔ recursive packet scan and CLI reject a leak without printing its value (345.8983ms)
✔ both retained PR226 packets contain no personal user paths (2303.3902ms)
✖ root and ancestor directory links cannot redirect an evidence scan (20.197ms)
✖ nested and dangling directory links fail closed (7.0714ms)
ℹ tests 6
ℹ suites 0
ℹ pass 4
ℹ fail 2
ℹ cancelled 0
ℹ skipped 0
ℹ todo 0
ℹ duration_ms 2841.4255

✖ failing tests:

test at tools\check_evidence_personal_paths.test.mjs:49:1
✖ root and ancestor directory links cannot redirect an evidence scan (20.197ms)
  AssertionError [ERR_ASSERTION]: Missing expected exception.
      at TestContext.<anonymous> (file:///<reviewed-worktree>/tools/check_evidence_personal_paths.test.mjs:62:12)
      at Test.runInAsyncScope (node:async_hooks:227:14)
      at Test.run (node:internal/test_runner/test:1402:25)
      at Test.processPendingSubtests (node:internal/test_runner/test:974:18)
      at Test.postRun (node:internal/test_runner/test:1542:19)
      at Test.run (node:internal/test_runner/test:1467:12)
      at async Test.processPendingSubtests (node:internal/test_runner/test:974:7) {
    generatedMessage: false,
    code: 'ERR_ASSERTION',
    actual: undefined,
    expected: /regular files and directories/,
    operator: 'throws',
    diff: 'simple'
  }

test at tools\check_evidence_personal_paths.test.mjs:68:1
✖ nested and dangling directory links fail closed (7.0714ms)
  AssertionError [ERR_ASSERTION]: The input did not match the regular expression /regular files and directories/. Input:

  "Error: ENOENT: no such file or directory, scandir 'C:\\Users\\SHYAMS~1\\AppData\\Local\\Temp\\ecorp-evidence-link-2YknO1\\packet\\redirect'"

      at TestContext.<anonymous> (file:///<reviewed-worktree>/tools/check_evidence_personal_paths.test.mjs:79:10)
      at Test.runInAsyncScope (node:async_hooks:227:14)
      at Test.run (node:internal/test_runner/test:1402:25)
      at Test.processPendingSubtests (node:internal/test_runner/test:974:18)
      at Test.postRun (node:internal/test_runner/test:1542:19)
      at Test.run (node:internal/test_runner/test:1467:12)
      at async Test.processPendingSubtests (node:internal/test_runner/test:974:7) {
    generatedMessage: true,
    code: 'ERR_ASSERTION',
    actual: Error: ENOENT: no such file or directory, scandir 'C:\Users\SHYAMS~1\AppData\Local\Temp\ecorp-evidence-link-2YknO1\packet\redirect'
        at readdirSync (node:fs:1630:26)
        at visit (file:///<reviewed-worktree>/tools/check_evidence_personal_paths.mjs:20:27)
        at findPersonalPathFiles (file:///<reviewed-worktree>/tools/check_evidence_personal_paths.mjs:29:5)
        at file:///<reviewed-worktree>/tools/check_evidence_personal_paths.test.mjs:79:23
        at getActual (node:assert:611:5)
        at strict.throws (node:assert:759:24)
        at TestContext.<anonymous> (file:///<reviewed-worktree>/tools/check_evidence_personal_paths.test.mjs:79:10)
        at Test.runInAsyncScope (node:async_hooks:227:14)
        at Test.run (node:internal/test_runner/test:1402:25)
        at Test.processPendingSubtests (node:internal/test_runner/test:974:18),
    expected: /regular files and directories/,
    operator: 'throws',
    diff: 'simple'
  }
