$ node --test --test-concurrency=2 --test-timeout=180000 scenarios/repo-steward/steward.test.mjs scenarios/repo-steward/actions.test.mjs scenarios/repo-steward/recurring-audit.test.mjs scenarios/repo-steward/feedback.test.mjs scenarios/repo-steward/maintenance.test.mjs scenarios/repo-steward/feedback-cli.test.mjs
✔ Actions preview performs no live reads or summary publication (1.9156ms)
✔ Actions fixture uses the real auditor without GitHub access (27.1086ms)
✔ invalid workflow input is rejected during preview without data access (1.2989ms)
✔ hosted live mode rejects non-Actions host before reading data (0.4537ms)
✔ hosted live mode rejects PR event before reading data (0.9898ms)
✔ hosted live mode rejects another repository before reading data (0.2111ms)
✔ hosted live mode rejects feature branch before reading data (0.3101ms)
✔ hosted live mode rejects another actor before reading data (0.1973ms)
✔ hosted live mode rejects another rerun operator before reading data (0.2795ms)
✔ hosted live mode rejects missing triggering actor before reading data (0.5035ms)
✔ hosted live mode rejects missing source commit before reading data (0.3723ms)
✔ hosted live mode rejects disabled pilot before reading data (0.1857ms)
✔ hosted live mode rejects unapproved public summary before reading data (0.1604ms)
✔ hosted live mode rejects missing credential before reading data (0.1362ms)
✔ hosted live mode rejects blank credential before reading data (0.1408ms)
✔ hosted live mode rejects write-enabled configuration before reading data (0.1585ms)
✔ GITHUB_TOKEN does not substitute for Project-readable credentials (0.2785ms)
✔ an admitted live path collects once and retains zero mutations (8.3862ms)
✔ collector failure does not produce a successful report (0.4341ms)
✔ stale hosted snapshots fail instead of publishing old findings (9.6971ms)
✔ public summaries never include free-form source or evidence text (5.4797ms)
✔ summary rejects unknown rule (4.2156ms)
✔ summary rejects bad finding id (4.8771ms)
✔ summary rejects foreign reference (5.4513ms)
✔ summary rejects mutation claim (4.3486ms)
✔ summary rejects wrong scope (4.1485ms)
✔ summary rejects invalid timestamp (4.6648ms)
✔ summary rejects bad totals (6.5026ms)
✔ public finding index is bounded without copying omitted details (5.826ms)
✔ every configured fixture rule has an explicit publication review (4.3916ms)
✔ summary file writes remain inside a supplied native temporary directory (15.91ms)
✔ Actions CLI rejects unsupported arguments --apply (0.2315ms)
✔ Actions CLI rejects unsupported arguments --live (0.0976ms)
✔ Actions CLI rejects unsupported arguments --live (0.0848ms)
✔ actual fixture CLI needs no hosted secrets or Teams SDK (182.1116ms)
✔ manual workflow keeps first-party actions pinned and live credentials isolated (14.7818ms)
✔ feedback CLI rejects unsupported, missing and duplicate transition arguments (2.1392ms)
✔ new-file corpus output preserves the previous version and refuses overwrite (25.6494ms)
✔ initializing a corpus binds the validated input scope without changing its snapshot (48.3327ms)
✔ partial snapshot cannot create a corpus file (23.8414ms)
✔ redirected output parent is refused without writing through it (6.4638ms)
✔ review evidence must be a file and cannot use a directory as a digest source (45.198ms)
✔ review CLI records the exact binary digest and closes its descriptor (80.3409ms)
✔ same-size review replacement between metadata check and open cannot update a corpus (29.8403ms)
✔ review parent swapped for a symlink or junction before open is rejected (32.2569ms)
✔ same-size pathname replacement after descriptor read is rejected (37.3762ms)
✔ same-size in-place review rewrite cannot hide behind a restored modification time (29.0772ms)
✔ review growth after open stays within its original byte bound and is rejected (28.7689ms)
✔ bounded review reads handle partial reads and reject empty or oversized files (19.9221ms)
✔ native behavioral evidence remains candidate with original local source and no finding impersonation (66.4285ms)
✔ native behavioral activation is denied for mixed support and forged active or retired history (43.7561ms)
✔ native behavioral candidates can be rejected without widening legacy review authority (46.0475ms)
✔ native behavioral bytes, identity claims, source and repeated runs remain validated (107.7181ms)
✔ evidence binds actual audit finding and supplied snapshot without certifying collection or identity (11.6909ms)
✔ accepted missing Project status binds the native serialized report and finding in evidence and observations (43.5054ms)
✔ auditor optional-field normalization retains strict data-only feedback and report validation (63.4667ms)
✔ timestamp-only or unrelated snapshot changes do not manufacture repeated supporting evidence (35.0629ms)
✔ partial, cross-scope, stale or missing findings cannot become feedback evidence (16.6045ms)
✔ feedback source pins accept exactly 40 or 64 hexadecimal characters, including supplied evidence (79.7456ms)
✔ candidate, active and retired versions preserve their inputs and have exact transition digests (22.0369ms)
✔ one observation, fabricated evidence bytes and replayed reviews cannot activate a rule (75.227ms)
✔ reviewer labels and claimed approval booleans do not supply verified review authority (22.5811ms)
✔ explicit rejection remains terminal and contributes no advice (41.3107ms)
✔ prospective expiry is mandatory, bounded, and effective at the exact boundary (119.3117ms)
✔ active capacity cannot expand and supersession retires only the exact predecessor (63.5845ms)
✔ supersession rejects stale targets and cannot cross finding rules (52.4558ms)
✔ active guidance annotates only matching findings without hiding or changing original conclusions (23.5728ms)
✔ broad matching admits at most the finite annotation limit and never truncates an excessive report (337.4272ms)
✔ serialized output bytes are admitted before escaped guidance and evidence references fan out (64.2892ms)
✔ later audits honor activation and retirement while the original report stays identical (48.5702ms)
✔ unknown executable, suppression, assignment and permission options are rejected (150.3316ms)
✔ stale reports, foreign scope and altered evidence fail closed (31.3051ms)
✔ canonical digests ignore property insertion order but reject executable and non-finite data (0.4224ms)
✔ reusable corpus validation preserves input and rejects authority claims or altered guidance (19.3566ms)
✔ explicit collector profile requires a hash and cannot relabel a supplied snapshot (3.4862ms)
✔ recurrence requires finite explicit bounds before reading any input (0.9217ms)
✔ finite recurrence reloads snapshot and feedback on every cycle (2.8122ms)
✔ paused and stopped records prevent collection and input reads (2.534ms)
✔ exhausted persisted attempts reject before snapshot, feedback or live collection (2.9394ms)
✔ watch admits the final allowed attempt and then stops before collecting another snapshot (1.2952ms)
✔ source mismatch refuses before reading snapshot or feedback (1.2163ms)
✔ a failed cycle stops recurrence without retrying or losing the failure (1.579ms)
✔ first snapshot acquisition failure retains one sanitized failed attempt (336.4973ms)
✔ later corpus acquisition failure preserves earlier accepted evidence and consumes one attempt (808.0368ms)
✔ live acquisition failure is retained once without raw error text or a retry (298.0781ms)
✔ pause and stop during failed acquisition remain effective without a new admitted attempt (2111.27ms)
✔ deadline crossing during failed acquisition prevents late attempt admission (1.5341ms)
✔ interruption during failed acquisition prevents a new admitted attempt (1.4083ms)
✔ duration bounds stop admission after collection without writing a late result (1.1676ms)
✔ interruption during an interval exits without another audit (1.242ms)
✔ control commands delegate exact action, source and reason without collecting (3.0967ms)
✔ status exposes bounded metadata and no retained finding text (1.0599ms)
✔ one audit writes source-bound immutable private reports and an advisory handoff (512.9741ms)
✔ fresh capture timestamps and transport metrics alone produce no new report or proposal across restart (697.2243ms)
✔ live state binds the exact selected principal and profile through restart and controls (2536.3483ms)
✔ profile metadata cannot convert supplied evidence or a different live principal into accepted observations (313.134ms)
✔ changed scoped content produces a new receipt while retaining stable finding dedupe (539.169ms)
✔ resolved findings are recorded without claiming a remote correction (538.0513ms)
✔ stale input fails and preserves a failed attempt, never reusing previous success (645.718ms)
✔ future input fails and preserves a failed attempt, never reusing previous success (618.6879ms)
✔ incomplete input fails and preserves a failed attempt, never reusing previous success (657.8836ms)
✔ source drift fails and preserves a failed attempt, never reusing previous success (614.9213ms)
✔ changing the caller source pin cannot migrate an existing directory (458.958ms)
✔ pause prevents input use, resume retains dedupe, and stop cannot resume (2295.6886ms)
✔ concurrent cycles have one winner and never create duplicate accepted receipts (343.5837ms)
✔ retained locks fail closed without PID reuse or timeout-based recovery (17.1862ms)
✔ incomplete intent and rollback to an older checkpoint refuse replay (580.4441ms)
✔ tampered referenced artifacts are rejected and preserved (317.3219ms)
✔ output-directory redirection refuses writes through a symlink or junction (10.6666ms)
✔ an unexpected output file is retained, not overwritten or removed (18.6576ms)
✔ status rejects unexpected files in initialized state before accepting its control projection (244.0816ms)
✔ missing, traversal-style and incomplete control requests do not create authority (4.4728ms)
✔ live source claims retain the existing collector identity and zero-write metadata (257.8487ms)
✔ finite convenience API has explicit bounds and performs no scheduling (918.7442ms)
✔ state and artifact redirection are not followed on read (239.6261ms)
✔ alter of earlier history is detected after a newer successful cycle (679.3228ms)
✔ delete of earlier history is detected after a newer successful cycle (685.5355ms)
✔ changed implementation pins fail before a new intent is written (403.9503ms)
✔ a directory replaced while a caller holds its lock cannot redirect any artifact write (345.2287ms)
✔ actual corpus activation and retirement change only separately bound advisory output (1312.722ms)
✔ expiry invalidates cached advisory annotations even without corpus byte changes (586.4673ms)
✔ mixed retained controls and new cycles enforce one transition bound with a reserved terminal stop (65030.6837ms)
✔ accepted snapshots with omitted optional metadata produce parseable JSON artifacts and replay (480.3607ms)
✔ optional auditor metadata works through the real feedback evidence and recurring consumer bridge (514.7191ms)
✔ policy has the ten requested workstreams and never assigns people (3.4762ms)
✔ classification supports Multiplayer (6.0874ms)
✔ classification supports UX/UI (2.5082ms)
✔ classification supports Multi-system execution (1.63ms)
✔ classification supports Janitor (1.5102ms)
✔ classification supports Dynamic agent teams (1.3979ms)
✔ classification supports DevOps/PR review/branch protection (1.3576ms)
✔ classification supports Security (1.319ms)
✔ classification supports Agent communication layer (1.6224ms)
✔ classification supports Dark factory automation (1.4142ms)
✔ classification supports Backend scalability / pub-sub (1.5434ms)
✔ classification preserves labels and assignees (12.7804ms)
✔ UX alias means UX/UI (14.498ms)
✔ an unassigned issue is not a violation (5.6281ms)
✔ full fixture audit has zero mutations and catches closing-link conflict (6.0814ms)
✔ non-closing prose overrides no native link, not unrelated partial references (4.4612ms)
✔ explicit do-not-close linked issue is flagged (3.7249ms)
✔ closed unmerged PR does not close an open issue (4.7231ms)
✔ reopened issue remains open after a historical merged PR (3.7147ms)
✔ no automatic close for several partial PRs (4.4481ms)
✔ only explicit dependency section is interpreted (0.2028ms)
✔ code fences and quoted references are not dependency authority (0.2221ms)
✔ native/text dependency disagreement is flagged (4.3453ms)
✔ matching dependencies do not produce a mismatch (4.4684ms)
✔ dependency cycles are bounded and reported once (4.6023ms)
✔ parent hierarchy mismatch and cycle are detected (3.9753ms)
✔ outside-scope dependency is not fetched or treated as complete (4.1916ms)
✔ missing local dependency is unverified, not closed (3.7257ms)
✔ open issue marked Done is flagged without changing the board (4.2353ms)
✔ unknown workstream is a review hint, not a rename (3.4987ms)
✔ locked default branch is flagged, without bypass (5.9172ms)
✔ stale PR source head is reported (4.278ms)
✔ current independent review is accepted as evidence (5.4599ms)
✔ author approval is not current independent human approval (4.8989ms)
✔ bot approval is not current independent human approval (4.0465ms)
✔ old-head approval is not current independent human approval (4.051ms)
✔ later comment does not erase a valid prior approval (3.6893ms)
✔ failed checks and requested changes are surfaced (4.3288ms)
✔ missing checks are not a success (3.9152ms)
✔ stale snapshots are labeled (4.1335ms)
✔ future snapshots fail closed (1.7649ms)
✔ finding IDs are stable across repeated reads (7.6989ms)
✔ reported secrets are redacted and Markdown is escaped (12.3925ms)
✔ refuses: assign #50 to example-user (6.5853ms)
✔ refuses: label #50 multiplayer (5.9237ms)
✔ refuses: close #50 (5.6338ms)
✔ refuses: merge PR #237 (6.9096ms)
✔ refuses: enable auto-merge (6.2867ms)
✔ refuses: delete a branch (4.986ms)
✔ refuses: approve PR #237 (4.6472ms)
✔ refuses: can you change the rules (4.6296ms)
✔ question answers use recorded evidence and canonical references (5.0671ms)
✔ reverse dependency questions list dependents (5.0138ms)
✔ unknown questions ask for clarification (5.8725ms)
✔ untrusted instruction text grants no tools (4.778ms)
✔ snapshot rejects wrong repo (1.2558ms)
✔ snapshot rejects wrong project (1.0748ms)
✔ snapshot rejects partial coverage (1.1816ms)
✔ snapshot rejects wrong count (1.1555ms)
✔ snapshot rejects duplicate issue (1.2591ms)
✔ snapshot rejects hostile URL (1.2495ms)
✔ snapshot rejects hidden project item (1.3867ms)
✔ snapshot rejects cross-repo item (1.5405ms)
✔ snapshot rejects duplicate project item (1.6908ms)
✔ snapshot rejects oversized body (1.3876ms)
✔ collector completes two matching passes with no writes (5.0567ms)
✔ collector rejects issue drift between passes (3.0821ms)
✔ collector rejects incomplete nested dependencies (1.992ms)
✔ collector rejects a changed PR head/check binding (1.5182ms)
✔ collector rejects repeated pagination cursors (1.5571ms)
✔ collector rejects inaccessible connection entries (0.2131ms)
✔ read client verifies Bakar404 and never switches accounts (1.5852ms)
✔ explicit hash-pinned read principal does not change the pilot or read allowlist (28.0337ms)
✔ collector profile rejects changed scope or unsupported fields: repository (17.4246ms)
✔ collector profile rejects changed scope or unsupported fields: project_id (15.9816ms)
✔ collector profile rejects changed scope or unsupported fields: project_number (16.7434ms)
✔ collector profile rejects changed scope or unsupported fields: token (18.0487ms)
✔ collector profile rejects changed scope or unsupported fields: url (21.1902ms)
✔ collector profile rejects changed scope or unsupported fields: collector_login (19.6386ms)
✔ collector profile rejects wrong hashes, changed bytes and duplicate keys (44.5099ms)
✔ profiled collection records the actual principal and rejects identity or profile drift (34.469ms)
✔ read client exposes no arbitrary query or write operation (1.4689ms)
✔ GraphQL cursor remains data, not executable query text (1.1857ms)
✔ GraphQL errors do not become accepted partial data (1.1469ms)
✔ GraphQL reserve prevents further reads (1.0941ms)
✔ collection has an elapsed-time bound (1.1178ms)
✔ dry run uses neither network nor output files (1.3408ms)
✔ CLI rejects apply (0.1454ms)
✔ CLI rejects audit --fixture --live (0.1016ms)
✔ CLI rejects audit --fixture --out ../escape.json (0.1384ms)
✔ CLI rejects audit --dry-run --out file.json (0.0906ms)
✔ CLI rejects audit --fixture --assign example-user (0.0776ms)
✔ CLI rejects ask --fixture (0.0851ms)
✔ actual CLI dry run works from another directory and has no network intent (151.2163ms)
✔ test chat prepares an evidence-based reply without sending it (6.1694ms)
✔ test chat rejects wrong tenant (0.3403ms)
✔ test chat rejects wrong group (0.1884ms)
✔ test chat rejects personal chat (0.1655ms)
✔ test chat rejects other channel (0.1855ms)
✔ test chat ignores messages without a mention (0.1317ms)
✔ test chat ignores its own messages (0.1281ms)
✔ test chat refuses mutation requests (5.4653ms)
✔ no production mode or implicit binding (0.3341ms)
ℹ tests 227
ℹ suites 0
ℹ pass 227
ℹ fail 0
ℹ cancelled 0
ℹ skipped 0
ℹ todo 0
ℹ duration_ms 85939.8227
