$ node --test --test-concurrency=2 --test-timeout=180000 scenarios/repo-steward/steward.test.mjs scenarios/repo-steward/actions.test.mjs scenarios/repo-steward/recurring-audit.test.mjs scenarios/repo-steward/feedback.test.mjs scenarios/repo-steward/maintenance.test.mjs scenarios/repo-steward/feedback-cli.test.mjs
✔ Actions preview performs no live reads or summary publication (1.7918ms)
✔ Actions fixture uses the real auditor without GitHub access (25.9219ms)
✔ invalid workflow input is rejected during preview without data access (1.036ms)
✔ hosted live mode rejects non-Actions host before reading data (0.4226ms)
✔ hosted live mode rejects PR event before reading data (1.0357ms)
✔ hosted live mode rejects another repository before reading data (0.2093ms)
✔ hosted live mode rejects feature branch before reading data (0.2944ms)
✔ hosted live mode rejects another actor before reading data (0.1989ms)
✔ hosted live mode rejects another rerun operator before reading data (0.2653ms)
✔ hosted live mode rejects missing triggering actor before reading data (0.3891ms)
✔ hosted live mode rejects missing source commit before reading data (0.296ms)
✔ hosted live mode rejects disabled pilot before reading data (0.1542ms)
✔ hosted live mode rejects unapproved public summary before reading data (0.2791ms)
✔ hosted live mode rejects missing credential before reading data (0.1801ms)
✔ hosted live mode rejects blank credential before reading data (0.1833ms)
✔ hosted live mode rejects write-enabled configuration before reading data (0.1374ms)
✔ GITHUB_TOKEN does not substitute for Project-readable credentials (0.2213ms)
✔ an admitted live path collects once and retains zero mutations (5.6846ms)
✔ collector failure does not produce a successful report (0.2973ms)
✔ stale hosted snapshots fail instead of publishing old findings (5.2882ms)
✔ public summaries never include free-form source or evidence text (5.9084ms)
✔ summary rejects unknown rule (5.5809ms)
✔ summary rejects bad finding id (4.6017ms)
✔ summary rejects foreign reference (4.013ms)
✔ summary rejects mutation claim (4.527ms)
✔ summary rejects wrong scope (4.7849ms)
✔ summary rejects invalid timestamp (4.4148ms)
✔ summary rejects bad totals (5.0767ms)
✔ public finding index is bounded without copying omitted details (5.6432ms)
✔ every configured fixture rule has an explicit publication review (4.0534ms)
✔ summary file writes remain inside a supplied native temporary directory (18.0379ms)
✔ Actions CLI rejects unsupported arguments --apply (0.3179ms)
✔ Actions CLI rejects unsupported arguments --live (0.194ms)
✔ Actions CLI rejects unsupported arguments --live (0.0985ms)
✔ actual fixture CLI needs no hosted secrets or Teams SDK (181.3774ms)
✔ manual workflow keeps first-party actions pinned and live credentials isolated (2.6551ms)
✔ feedback CLI rejects unsupported, missing and duplicate transition arguments (1.9789ms)
✔ new-file corpus output preserves the previous version and refuses overwrite (12.6136ms)
✔ initializing a corpus binds the validated input scope without changing its snapshot (44.4778ms)
✔ partial snapshot cannot create a corpus file (23.3059ms)
✔ redirected output parent is refused without writing through it (6.3917ms)
✔ review evidence must be a file and cannot use a directory as a digest source (43.9971ms)
✔ review CLI records the exact binary digest and closes its descriptor (69.2484ms)
✔ same-size review replacement between metadata check and open cannot update a corpus (32.581ms)
✔ review parent swapped for a symlink or junction before open is rejected (34.7347ms)
✔ same-size pathname replacement after descriptor read is rejected (31.5371ms)
✔ same-size in-place review rewrite cannot hide behind a restored modification time (29.6667ms)
✔ review growth after open stays within its original byte bound and is rejected (28.6177ms)
✔ bounded review reads handle partial reads and reject empty or oversized files (19.7549ms)
✔ native behavioral evidence remains candidate with original local source and no finding impersonation (68.9744ms)
✔ native behavioral activation is denied for mixed support and forged active or retired history (45.7522ms)
✔ native behavioral candidates can be rejected without widening legacy review authority (50.7863ms)
✔ native behavioral bytes, identity claims, source and repeated runs remain validated (110.2118ms)
✔ evidence binds actual audit finding and supplied snapshot without certifying collection or identity (9.3734ms)
✔ accepted missing Project status binds the native serialized report and finding in evidence and observations (37.1156ms)
✔ auditor optional-field normalization retains strict data-only feedback and report validation (55.0894ms)
✔ timestamp-only or unrelated snapshot changes do not manufacture repeated supporting evidence (26.7933ms)
✔ partial, cross-scope, stale or missing findings cannot become feedback evidence (12.466ms)
✔ feedback source pins accept exactly 40 or 64 hexadecimal characters, including supplied evidence (63.9743ms)
✔ candidate, active and retired versions preserve their inputs and have exact transition digests (16.6028ms)
✔ one observation, fabricated evidence bytes and replayed reviews cannot activate a rule (69.3412ms)
✔ reviewer labels and claimed approval booleans do not supply verified review authority (21.0531ms)
✔ explicit rejection remains terminal and contributes no advice (35.1135ms)
✔ prospective expiry is mandatory, bounded, and effective at the exact boundary (88.718ms)
✔ active capacity cannot expand and supersession retires only the exact predecessor (54.9832ms)
✔ supersession rejects stale targets and cannot cross finding rules (41.3088ms)
✔ active guidance annotates only matching findings without hiding or changing original conclusions (20.6984ms)
✔ broad matching admits at most the finite annotation limit and never truncates an excessive report (303.7172ms)
✔ serialized output bytes are admitted before escaped guidance and evidence references fan out (69.3366ms)
✔ later audits honor activation and retirement while the original report stays identical (39.2533ms)
✔ unknown executable, suppression, assignment and permission options are rejected (157.382ms)
✔ stale reports, foreign scope and altered evidence fail closed (26.0931ms)
✔ canonical digests ignore property insertion order but reject executable and non-finite data (0.367ms)
✔ reusable corpus validation preserves input and rejects authority claims or altered guidance (18.3659ms)
✔ explicit collector profile requires a hash and cannot relabel a supplied snapshot (2.9696ms)
✔ recurrence requires finite explicit bounds before reading any input (1.0569ms)
✔ finite recurrence reloads snapshot and feedback on every cycle (3.0951ms)
✔ paused and stopped records prevent collection and input reads (2.3195ms)
✔ exhausted persisted attempts reject before snapshot, feedback or live collection (4.6421ms)
✔ watch admits the final allowed attempt and then stops before collecting another snapshot (1.6719ms)
✔ source mismatch refuses before reading snapshot or feedback (1.6122ms)
✔ a failed cycle stops recurrence without retrying or losing the failure (4.8454ms)
✔ first snapshot acquisition failure retains one sanitized failed attempt (327.0559ms)
✔ later corpus acquisition failure preserves earlier accepted evidence and consumes one attempt (826.0955ms)
✔ live acquisition failure is retained once without raw error text or a retry (327.6318ms)
✔ pause and stop during failed acquisition remain effective without a new admitted attempt (2110.3633ms)
✔ deadline crossing during failed acquisition prevents late attempt admission (1.4929ms)
✔ interruption during failed acquisition prevents a new admitted attempt (1.275ms)
✔ duration bounds stop admission after collection without writing a late result (1.1601ms)
✔ interruption during an interval exits without another audit (1.2773ms)
✔ control commands delegate exact action, source and reason without collecting (3.1311ms)
✔ status exposes bounded metadata and no retained finding text (1.3644ms)
✔ one audit writes source-bound immutable private reports and an advisory handoff (446.4392ms)
✔ fresh capture timestamps and transport metrics alone produce no new report or proposal across restart (783.4497ms)
✔ live state binds the exact selected principal and profile through restart and controls (2608.7748ms)
✔ profile metadata cannot convert supplied evidence or a different live principal into accepted observations (316.2437ms)
✔ changed scoped content produces a new receipt while retaining stable finding dedupe (611.785ms)
✔ resolved findings are recorded without claiming a remote correction (528.5068ms)
✔ stale input fails and preserves a failed attempt, never reusing previous success (647.4524ms)
✔ future input fails and preserves a failed attempt, never reusing previous success (648.2435ms)
✔ incomplete input fails and preserves a failed attempt, never reusing previous success (685.0338ms)
✔ source drift fails and preserves a failed attempt, never reusing previous success (637.2419ms)
✔ changing the caller source pin cannot migrate an existing directory (491.135ms)
✔ pause prevents input use, resume retains dedupe, and stop cannot resume (2638.9681ms)
✔ concurrent cycles have one winner and never create duplicate accepted receipts (382.3028ms)
✔ retained locks fail closed without PID reuse or timeout-based recovery (18.6768ms)
✔ incomplete intent and rollback to an older checkpoint refuse replay (1247.7315ms)
✔ tampered referenced artifacts are rejected and preserved (442.04ms)
✔ output-directory redirection refuses writes through a symlink or junction (11.8244ms)
✔ an unexpected output file is retained, not overwritten or removed (22.4235ms)
✔ status rejects unexpected files in initialized state before accepting its control projection (330.9268ms)
✔ missing, traversal-style and incomplete control requests do not create authority (6.0053ms)
✔ live source claims retain the existing collector identity and zero-write metadata (303.8004ms)
✔ finite convenience API has explicit bounds and performs no scheduling (995.8067ms)
✔ state and artifact redirection are not followed on read (278.1537ms)
✔ alter of earlier history is detected after a newer successful cycle (701.9432ms)
✔ delete of earlier history is detected after a newer successful cycle (730.851ms)
✔ changed implementation pins fail before a new intent is written (416.6334ms)
✔ a directory replaced while a caller holds its lock cannot redirect any artifact write (383.8485ms)
✔ actual corpus activation and retirement change only separately bound advisory output (1468.7485ms)
✔ expiry invalidates cached advisory annotations even without corpus byte changes (617.0274ms)
✔ mixed retained controls and new cycles enforce one transition bound with a reserved terminal stop (77729.0763ms)
✔ accepted snapshots with omitted optional metadata produce parseable JSON artifacts and replay (583.3013ms)
✔ optional auditor metadata works through the real feedback evidence and recurring consumer bridge (710.8674ms)
✔ policy has the ten requested workstreams and never assigns people (3.5315ms)
✔ classification supports Multiplayer (6.0641ms)
✔ classification supports UX/UI (2.0181ms)
✔ classification supports Multi-system execution (1.4783ms)
✔ classification supports Janitor (1.4031ms)
✔ classification supports Dynamic agent teams (1.286ms)
✔ classification supports DevOps/PR review/branch protection (1.2601ms)
✔ classification supports Security (1.1795ms)
✔ classification supports Agent communication layer (1.3721ms)
✔ classification supports Dark factory automation (1.3381ms)
✔ classification supports Backend scalability / pub-sub (1.2007ms)
✔ classification preserves labels and assignees (12.3605ms)
✔ UX alias means UX/UI (14.1422ms)
✔ an unassigned issue is not a violation (5.0398ms)
✔ full fixture audit has zero mutations and catches closing-link conflict (4.8853ms)
✔ non-closing prose overrides no native link, not unrelated partial references (4.1405ms)
✔ explicit do-not-close linked issue is flagged (3.9587ms)
✔ closed unmerged PR does not close an open issue (4.144ms)
✔ reopened issue remains open after a historical merged PR (3.742ms)
✔ no automatic close for several partial PRs (4.2513ms)
✔ only explicit dependency section is interpreted (0.1753ms)
✔ code fences and quoted references are not dependency authority (0.2446ms)
✔ native/text dependency disagreement is flagged (4.0075ms)
✔ matching dependencies do not produce a mismatch (4.4452ms)
✔ dependency cycles are bounded and reported once (4.2743ms)
✔ parent hierarchy mismatch and cycle are detected (3.9646ms)
✔ outside-scope dependency is not fetched or treated as complete (4.158ms)
✔ missing local dependency is unverified, not closed (5.0225ms)
✔ open issue marked Done is flagged without changing the board (4.179ms)
✔ unknown workstream is a review hint, not a rename (3.3784ms)
✔ locked default branch is flagged, without bypass (3.8408ms)
✔ stale PR source head is reported (3.6373ms)
✔ current independent review is accepted as evidence (4.064ms)
✔ author approval is not current independent human approval (4.1576ms)
✔ bot approval is not current independent human approval (3.2135ms)
✔ old-head approval is not current independent human approval (4.1509ms)
✔ later comment does not erase a valid prior approval (3.7148ms)
✔ failed checks and requested changes are surfaced (3.8414ms)
✔ missing checks are not a success (3.4591ms)
✔ stale snapshots are labeled (3.3737ms)
✔ future snapshots fail closed (1.5192ms)
✔ finding IDs are stable across repeated reads (7.0842ms)
✔ reported secrets are redacted and Markdown is escaped (9.6525ms)
✔ refuses: assign #50 to example-user (4.6319ms)
✔ refuses: label #50 multiplayer (4.3516ms)
✔ refuses: close #50 (4.3863ms)
✔ refuses: merge PR #237 (4.27ms)
✔ refuses: enable auto-merge (4.6239ms)
✔ refuses: delete a branch (4.064ms)
✔ refuses: approve PR #237 (4.1891ms)
✔ refuses: can you change the rules (4.5252ms)
✔ question answers use recorded evidence and canonical references (4.6025ms)
✔ reverse dependency questions list dependents (4.4796ms)
✔ unknown questions ask for clarification (4.5684ms)
✔ untrusted instruction text grants no tools (4.7179ms)
✔ snapshot rejects wrong repo (1.1263ms)
✔ snapshot rejects wrong project (1.0128ms)
✔ snapshot rejects partial coverage (1.0413ms)
✔ snapshot rejects wrong count (0.9545ms)
✔ snapshot rejects duplicate issue (1.2373ms)
✔ snapshot rejects hostile URL (1.0898ms)
✔ snapshot rejects hidden project item (1.1677ms)
✔ snapshot rejects cross-repo item (1.169ms)
✔ snapshot rejects duplicate project item (1.1789ms)
✔ snapshot rejects oversized body (1.2478ms)
✔ collector completes two matching passes with no writes (4.2174ms)
✔ collector rejects issue drift between passes (2.5307ms)
✔ collector rejects incomplete nested dependencies (1.1793ms)
✔ collector rejects a changed PR head/check binding (1.3754ms)
✔ collector rejects repeated pagination cursors (1.3003ms)
✔ collector rejects inaccessible connection entries (0.1414ms)
✔ read client verifies Bakar404 and never switches accounts (1.3414ms)
✔ explicit hash-pinned read principal does not change the pilot or read allowlist (16.6144ms)
✔ collector profile rejects changed scope or unsupported fields: repository (8.6916ms)
✔ collector profile rejects changed scope or unsupported fields: project_id (8.3362ms)
✔ collector profile rejects changed scope or unsupported fields: project_number (8.175ms)
✔ collector profile rejects changed scope or unsupported fields: token (8.3853ms)
✔ collector profile rejects changed scope or unsupported fields: url (8.5358ms)
✔ collector profile rejects changed scope or unsupported fields: collector_login (8.1074ms)
✔ collector profile rejects wrong hashes, changed bytes and duplicate keys (36.6815ms)
✔ profiled collection records the actual principal and rejects identity or profile drift (32.6808ms)
✔ read client exposes no arbitrary query or write operation (1.1649ms)
✔ GraphQL cursor remains data, not executable query text (1.2594ms)
✔ GraphQL errors do not become accepted partial data (1.1414ms)
✔ GraphQL reserve prevents further reads (1.0816ms)
✔ collection has an elapsed-time bound (1.0395ms)
✔ dry run uses neither network nor output files (1.2627ms)
✔ CLI rejects apply (0.1412ms)
✔ CLI rejects audit --fixture --live (0.0998ms)
✔ CLI rejects audit --fixture --out ../escape.json (0.7965ms)
✔ CLI rejects audit --dry-run --out file.json (0.0971ms)
✔ CLI rejects audit --fixture --assign example-user (0.0787ms)
✔ CLI rejects ask --fixture (0.0774ms)
✔ actual CLI dry run works from another directory and has no network intent (142.1946ms)
✔ test chat prepares an evidence-based reply without sending it (5.5897ms)
✔ test chat rejects wrong tenant (0.301ms)
✔ test chat rejects wrong group (0.1831ms)
✔ test chat rejects personal chat (0.1871ms)
✔ test chat rejects other channel (0.1327ms)
✔ test chat ignores messages without a mention (0.1347ms)
✔ test chat ignores its own messages (0.1245ms)
✔ test chat refuses mutation requests (4.289ms)
✔ no production mode or implicit binding (0.2463ms)
ℹ tests 227
ℹ suites 0
ℹ pass 227
ℹ fail 0
ℹ cancelled 0
ℹ skipped 0
ℹ todo 0
ℹ duration_ms 100733.4323
