$ node --test --test-concurrency=2 --test-timeout=180000 scenarios/repo-steward/steward.test.mjs scenarios/repo-steward/actions.test.mjs scenarios/repo-steward/recurring-audit.test.mjs scenarios/repo-steward/feedback.test.mjs scenarios/repo-steward/maintenance.test.mjs scenarios/repo-steward/feedback-cli.test.mjs
✔ Actions preview performs no live reads or summary publication (1.772ms)
✔ Actions fixture uses the real auditor without GitHub access (35.4443ms)
✔ invalid workflow input is rejected during preview without data access (1.2392ms)
✔ hosted live mode rejects non-Actions host before reading data (0.5143ms)
✔ hosted live mode rejects PR event before reading data (1.1276ms)
✔ hosted live mode rejects another repository before reading data (0.2815ms)
✔ hosted live mode rejects feature branch before reading data (0.4512ms)
✔ hosted live mode rejects another actor before reading data (0.2975ms)
✔ hosted live mode rejects another rerun operator before reading data (0.4095ms)
✔ hosted live mode rejects missing triggering actor before reading data (0.6146ms)
✔ hosted live mode rejects missing source commit before reading data (0.4496ms)
✔ hosted live mode rejects disabled pilot before reading data (0.3637ms)
✔ hosted live mode rejects unapproved public summary before reading data (0.2538ms)
✔ hosted live mode rejects missing credential before reading data (0.1946ms)
✔ hosted live mode rejects blank credential before reading data (0.2461ms)
✔ hosted live mode rejects write-enabled configuration before reading data (0.2687ms)
✔ GITHUB_TOKEN does not substitute for Project-readable credentials (0.3993ms)
✔ an admitted live path collects once and retains zero mutations (8.6307ms)
✔ collector failure does not produce a successful report (0.4608ms)
✔ stale hosted snapshots fail instead of publishing old findings (7.04ms)
✔ public summaries never include free-form source or evidence text (7.5489ms)
✔ summary rejects unknown rule (5.9723ms)
✔ summary rejects bad finding id (5.6108ms)
✔ summary rejects foreign reference (4.2622ms)
✔ summary rejects mutation claim (4.6562ms)
✔ summary rejects wrong scope (4.072ms)
✔ summary rejects invalid timestamp (4.5018ms)
✔ summary rejects bad totals (5.5483ms)
✔ public finding index is bounded without copying omitted details (5.1245ms)
✔ every configured fixture rule has an explicit publication review (5.341ms)
✔ summary file writes remain inside a supplied native temporary directory (9.2542ms)
✔ Actions CLI rejects unsupported arguments --apply (0.3056ms)
✔ Actions CLI rejects unsupported arguments --live (0.1942ms)
✔ Actions CLI rejects unsupported arguments --live (0.1196ms)
✔ actual fixture CLI needs no hosted secrets or Teams SDK (215.5384ms)
✔ manual workflow keeps first-party actions pinned and live credentials isolated (11.8517ms)
✔ feedback CLI rejects unsupported, missing and duplicate transition arguments (2.0201ms)
✔ new-file corpus output preserves the previous version and refuses overwrite (23.8373ms)
✔ initializing a corpus binds the validated input scope without changing its snapshot (52.2031ms)
✔ partial snapshot cannot create a corpus file (28.113ms)
✔ redirected output parent is refused without writing through it (6.0257ms)
✔ review evidence must be a file and cannot use a directory as a digest source (49.7292ms)
✔ review CLI records the exact binary digest and closes its descriptor (79.6387ms)
✔ same-size review replacement between metadata check and open cannot update a corpus (36.4207ms)
✔ review parent swapped for a symlink or junction before open is rejected (40.1028ms)
✔ same-size pathname replacement after descriptor read is rejected (32.837ms)
✔ same-size in-place review rewrite cannot hide behind a restored modification time (33.3495ms)
✔ review growth after open stays within its original byte bound and is rejected (29.0622ms)
✔ bounded review reads handle partial reads and reject empty or oversized files (18.4382ms)
✔ native behavioral evidence remains candidate with original local source and no finding impersonation (67.277ms)
✔ native behavioral activation is denied for mixed support and forged active or retired history (48.8622ms)
✔ native behavioral candidates can be rejected without widening legacy review authority (58.6553ms)
✔ native behavioral bytes, identity claims, source and repeated runs remain validated (144.6216ms)
✔ evidence binds actual audit finding and supplied snapshot without certifying collection or identity (12.9889ms)
✔ accepted missing Project status binds the native serialized report and finding in evidence and observations (44.339ms)
✔ auditor optional-field normalization retains strict data-only feedback and report validation (68.9596ms)
✔ timestamp-only or unrelated snapshot changes do not manufacture repeated supporting evidence (30.9549ms)
✔ partial, cross-scope, stale or missing findings cannot become feedback evidence (15.9255ms)
✔ feedback source pins accept exactly 40 or 64 hexadecimal characters, including supplied evidence (80.4652ms)
✔ candidate, active and retired versions preserve their inputs and have exact transition digests (17.1939ms)
✔ one observation, fabricated evidence bytes and replayed reviews cannot activate a rule (70.4673ms)
✔ reviewer labels and claimed approval booleans do not supply verified review authority (22.726ms)
✔ explicit rejection remains terminal and contributes no advice (42.8385ms)
✔ prospective expiry is mandatory, bounded, and effective at the exact boundary (126.728ms)
✔ active capacity cannot expand and supersession retires only the exact predecessor (76.7213ms)
✔ supersession rejects stale targets and cannot cross finding rules (57.1328ms)
✔ active guidance annotates only matching findings without hiding or changing original conclusions (28.9517ms)
✔ broad matching admits at most the finite annotation limit and never truncates an excessive report (413.8307ms)
✔ serialized output bytes are admitted before escaped guidance and evidence references fan out (77.3654ms)
✔ later audits honor activation and retirement while the original report stays identical (35.1055ms)
✔ unknown executable, suppression, assignment and permission options are rejected (199.1612ms)
✔ stale reports, foreign scope and altered evidence fail closed (32.8234ms)
✔ canonical digests ignore property insertion order but reject executable and non-finite data (0.49ms)
✔ reusable corpus validation preserves input and rejects authority claims or altered guidance (17.1787ms)
✔ explicit collector profile requires a hash and cannot relabel a supplied snapshot (4.5495ms)
✔ recurrence requires finite explicit bounds before reading any input (0.9917ms)
✔ finite recurrence reloads snapshot and feedback on every cycle (2.634ms)
✔ paused and stopped records prevent collection and input reads (2.836ms)
✔ exhausted persisted attempts reject before snapshot, feedback or live collection (3.4887ms)
✔ watch admits the final allowed attempt and then stops before collecting another snapshot (1.6551ms)
✔ source mismatch refuses before reading snapshot or feedback (1.4374ms)
✔ a failed cycle stops recurrence without retrying or losing the failure (1.6179ms)
✔ first snapshot acquisition failure retains one sanitized failed attempt (356.9922ms)
✔ later corpus acquisition failure preserves earlier accepted evidence and consumes one attempt (923.9615ms)
✔ live acquisition failure is retained once without raw error text or a retry (366.1146ms)
✔ pause and stop during failed acquisition remain effective without a new admitted attempt (2296.7667ms)
✔ deadline crossing during failed acquisition prevents late attempt admission (1.7864ms)
✔ interruption during failed acquisition prevents a new admitted attempt (1.3403ms)
✔ duration bounds stop admission after collection without writing a late result (1.6068ms)
✔ interruption during an interval exits without another audit (1.3441ms)
✔ control commands delegate exact action, source and reason without collecting (3.5566ms)
✔ status exposes bounded metadata and no retained finding text (1.441ms)
✔ one audit writes source-bound immutable private reports and an advisory handoff (518.414ms)
✔ fresh capture timestamps and transport metrics alone produce no new report or proposal across restart (811.7311ms)
✔ live state binds the exact selected principal and profile through restart and controls (2924.1895ms)
✔ profile metadata cannot convert supplied evidence or a different live principal into accepted observations (291.9295ms)
✔ changed scoped content produces a new receipt while retaining stable finding dedupe (549.5682ms)
✔ resolved findings are recorded without claiming a remote correction (524.8634ms)
✔ stale input fails and preserves a failed attempt, never reusing previous success (627.9301ms)
✔ future input fails and preserves a failed attempt, never reusing previous success (632.2661ms)
✔ incomplete input fails and preserves a failed attempt, never reusing previous success (661.0803ms)
✔ source drift fails and preserves a failed attempt, never reusing previous success (655.4864ms)
✔ changing the caller source pin cannot migrate an existing directory (461.9783ms)
✔ pause prevents input use, resume retains dedupe, and stop cannot resume (2748.1709ms)
✔ concurrent cycles have one winner and never create duplicate accepted receipts (419.6755ms)
✔ retained locks fail closed without PID reuse or timeout-based recovery (20.3956ms)
✔ incomplete intent and rollback to an older checkpoint refuse replay (609.0099ms)
✔ tampered referenced artifacts are rejected and preserved (343.8302ms)
✔ output-directory redirection refuses writes through a symlink or junction (10.3745ms)
✔ an unexpected output file is retained, not overwritten or removed (19.4273ms)
✔ status rejects unexpected files in initialized state before accepting its control projection (257.1895ms)
✔ missing, traversal-style and incomplete control requests do not create authority (4.7521ms)
✔ live source claims retain the existing collector identity and zero-write metadata (295.5416ms)
✔ finite convenience API has explicit bounds and performs no scheduling (943.6381ms)
✔ state and artifact redirection are not followed on read (309.5874ms)
✔ alter of earlier history is detected after a newer successful cycle (739.4482ms)
✔ delete of earlier history is detected after a newer successful cycle (914.8136ms)
✔ changed implementation pins fail before a new intent is written (449.5883ms)
✔ a directory replaced while a caller holds its lock cannot redirect any artifact write (444.3265ms)
✔ actual corpus activation and retirement change only separately bound advisory output (1497.4564ms)
✔ expiry invalidates cached advisory annotations even without corpus byte changes (629.7722ms)
✔ mixed retained controls and new cycles enforce one transition bound with a reserved terminal stop (66024.7702ms)
✔ accepted snapshots with omitted optional metadata produce parseable JSON artifacts and replay (516.9429ms)
✔ optional auditor metadata works through the real feedback evidence and recurring consumer bridge (595.4631ms)
✔ policy has the ten requested workstreams and never assigns people (4.0686ms)
✔ classification supports Multiplayer (6.4934ms)
✔ classification supports UX/UI (2.575ms)
✔ classification supports Multi-system execution (1.6709ms)
✔ classification supports Janitor (1.9167ms)
✔ classification supports Dynamic agent teams (1.3777ms)
✔ classification supports DevOps/PR review/branch protection (1.7269ms)
✔ classification supports Security (1.6577ms)
✔ classification supports Agent communication layer (2.0246ms)
✔ classification supports Dark factory automation (1.8704ms)
✔ classification supports Backend scalability / pub-sub (4.1798ms)
✔ classification preserves labels and assignees (18.7137ms)
✔ UX alias means UX/UI (16.1944ms)
✔ an unassigned issue is not a violation (6.3804ms)
✔ full fixture audit has zero mutations and catches closing-link conflict (7.1368ms)
✔ non-closing prose overrides no native link, not unrelated partial references (5.1036ms)
✔ explicit do-not-close linked issue is flagged (5.7637ms)
✔ closed unmerged PR does not close an open issue (5.9231ms)
✔ reopened issue remains open after a historical merged PR (4.037ms)
✔ no automatic close for several partial PRs (5.617ms)
✔ only explicit dependency section is interpreted (0.1966ms)
✔ code fences and quoted references are not dependency authority (0.239ms)
✔ native/text dependency disagreement is flagged (5.501ms)
✔ matching dependencies do not produce a mismatch (4.9372ms)
✔ dependency cycles are bounded and reported once (6.6262ms)
✔ parent hierarchy mismatch and cycle are detected (6.2328ms)
✔ outside-scope dependency is not fetched or treated as complete (5.5397ms)
✔ missing local dependency is unverified, not closed (6.1665ms)
✔ open issue marked Done is flagged without changing the board (6.0707ms)
✔ unknown workstream is a review hint, not a rename (4.3469ms)
✔ locked default branch is flagged, without bypass (4.0412ms)
✔ stale PR source head is reported (4.3197ms)
✔ current independent review is accepted as evidence (7.2586ms)
✔ author approval is not current independent human approval (4.4006ms)
✔ bot approval is not current independent human approval (3.8652ms)
✔ old-head approval is not current independent human approval (4.0743ms)
✔ later comment does not erase a valid prior approval (3.9118ms)
✔ failed checks and requested changes are surfaced (4.3536ms)
✔ missing checks are not a success (7.1455ms)
✔ stale snapshots are labeled (6.3066ms)
✔ future snapshots fail closed (2.254ms)
✔ finding IDs are stable across repeated reads (13.0394ms)
✔ reported secrets are redacted and Markdown is escaped (17.4988ms)
✔ refuses: assign #50 to example-user (8.0693ms)
✔ refuses: label #50 multiplayer (8.7523ms)
✔ refuses: close #50 (8.1038ms)
✔ refuses: merge PR #237 (7.4012ms)
✔ refuses: enable auto-merge (8.0083ms)
✔ refuses: delete a branch (9.0517ms)
✔ refuses: approve PR #237 (9.7141ms)
✔ refuses: can you change the rules (7.784ms)
✔ question answers use recorded evidence and canonical references (7.8984ms)
✔ reverse dependency questions list dependents (6.0133ms)
✔ unknown questions ask for clarification (6.0277ms)
✔ untrusted instruction text grants no tools (7.3557ms)
✔ snapshot rejects wrong repo (1.9483ms)
✔ snapshot rejects wrong project (1.4964ms)
✔ snapshot rejects partial coverage (1.5389ms)
✔ snapshot rejects wrong count (1.6441ms)
✔ snapshot rejects duplicate issue (1.7004ms)
✔ snapshot rejects hostile URL (1.5893ms)
✔ snapshot rejects hidden project item (1.6268ms)
✔ snapshot rejects cross-repo item (1.7156ms)
✔ snapshot rejects duplicate project item (1.7693ms)
✔ snapshot rejects oversized body (1.7529ms)
✔ collector completes two matching passes with no writes (7.656ms)
✔ collector rejects issue drift between passes (3.99ms)
✔ collector rejects incomplete nested dependencies (2.3155ms)
✔ collector rejects a changed PR head/check binding (1.736ms)
✔ collector rejects repeated pagination cursors (1.4683ms)
✔ collector rejects inaccessible connection entries (0.208ms)
✔ read client verifies Bakar404 and never switches accounts (1.5528ms)
✔ explicit hash-pinned read principal does not change the pilot or read allowlist (33.8204ms)
✔ collector profile rejects changed scope or unsupported fields: repository (11.3008ms)
✔ collector profile rejects changed scope or unsupported fields: project_id (11.1991ms)
✔ collector profile rejects changed scope or unsupported fields: project_number (22.6653ms)
✔ collector profile rejects changed scope or unsupported fields: token (11.8304ms)
✔ collector profile rejects changed scope or unsupported fields: url (10.025ms)
✔ collector profile rejects changed scope or unsupported fields: collector_login (10.0554ms)
✔ collector profile rejects wrong hashes, changed bytes and duplicate keys (35.8895ms)
✔ profiled collection records the actual principal and rejects identity or profile drift (44.8664ms)
✔ read client exposes no arbitrary query or write operation (2.0105ms)
✔ GraphQL cursor remains data, not executable query text (1.5791ms)
✔ GraphQL errors do not become accepted partial data (1.636ms)
✔ GraphQL reserve prevents further reads (1.681ms)
✔ collection has an elapsed-time bound (1.6124ms)
✔ dry run uses neither network nor output files (1.5413ms)
✔ CLI rejects apply (0.1674ms)
✔ CLI rejects audit --fixture --live (0.1098ms)
✔ CLI rejects audit --fixture --out ../escape.json (0.2128ms)
✔ CLI rejects audit --dry-run --out file.json (0.1037ms)
✔ CLI rejects audit --fixture --assign example-user (0.0852ms)
✔ CLI rejects ask --fixture (0.0804ms)
✔ actual CLI dry run works from another directory and has no network intent (194.5796ms)
✔ test chat prepares an evidence-based reply without sending it (6.7261ms)
✔ test chat rejects wrong tenant (0.3857ms)
✔ test chat rejects wrong group (0.1866ms)
✔ test chat rejects personal chat (0.1657ms)
✔ test chat rejects other channel (0.1603ms)
✔ test chat ignores messages without a mention (0.1468ms)
✔ test chat ignores its own messages (0.1861ms)
✔ test chat refuses mutation requests (6.967ms)
✔ no production mode or implicit binding (0.555ms)
ℹ tests 227
ℹ suites 0
ℹ pass 227
ℹ fail 0
ℹ cancelled 0
ℹ skipped 0
ℹ todo 0
ℹ duration_ms 89218.0447
