{
  "phase": "Start",
  "product": "<reviewed-worktree>",
  "product_commit": "be187e5072223e3bd7dbc147293bfc18ecdac822",
  "qa_root": "<local-user>\\code\\qa\\pr265-run-activity-pr294-20260922-r3",
  "server": "http://127.0.0.1:59014",
  "web": "http://127.0.0.1:26294",
  "database": {
    "port": 25294,
    "host": "127.0.0.1",
    "name": "pr265_activity",
    "fresh": true
  },
  "runner_id": "pr265-activity-qa",
  "provider": "native deterministic fake-process; no AI inference",
  "source": "new independent synthetic Git repository, never the product checkout",
  "factory_watcher": false,
  "github_effects": false,
  "existing_state_touched": false,
  "build_required": false
}
Initialized empty Git repository in <local-user>/code/qa/pr265-run-activity-pr294-20260922-r3/source/.git/
warning: in the working copy of 'README.md', LF will be replaced by CRLF the next time Git touches it
[main (root-commit) 24eb4c6] Initialize isolated acceptance fixture
 1 file changed, 1 insertion(+)
 create mode 100644 README.md
The files belonging to this database system will be owned by user "shyamsridhar".
This user must also own the server process.

The database cluster will be initialized with locale "C".
The default text search configuration will be set to "english".

Data page checksums are disabled.

creating directory <local-user>/code/qa/pr265-run-activity-pr294-20260922-r3/database ... ok
creating subdirectories ... ok
selecting dynamic shared memory implementation ... windows
selecting default "max_connections" ... 100
selecting default "shared_buffers" ... 128MB
selecting default time zone ... America/Chicago
creating configuration files ... ok
running bootstrap script ... ok
performing post-bootstrap initialization ... ok
syncing data to disk ... ok

Success. You can now start the database server using:

    ^"C^:^\Users^\shyamsridhar^\AppData^\Local^\Programs^\ecorp^-tools^\postgresql^-17^.10^\pgsql^\bin^\pg^_ctl^" -D ^"C^:^\Users^\shyamsridhar^\code^\qa^\pr265^-run^-activity^-pr294^-20260922^-r3^\database^" -l logfile start

Owned deterministic stack ready. Non-secret receipt: <local-user>\code\qa\pr265-run-activity-pr294-20260922-r3\ownership.json
