    Finished `test` profile [unoptimized + debuginfo] target(s) in 21.39s
warning: the following packages contain code that will be rejected by a future version of Rust: proc-macro-error2 v2.0.1
note: to see what the problems were, use the option `--future-incompat-report`, or run `cargo report future-incompatibilities --id 1`
     Running unittests src\base_worker.rs (<local-user>\code\ecorp-pr-completion-20260922\target-validation\debug\deps\crony_base_worker-17669fbe24bd7bcb.exe)

running 0 tests

test result: ok. 0 passed; 0 failed; 0 ignored; 0 measured; 4 filtered out; finished in 0.00s

     Running unittests src\main.rs (<local-user>\code\ecorp-pr-completion-20260922\target-validation\debug\deps\crony_server-6736efc705c3c967.exe)

running 14 tests
test delegated::authority_tests::delegated_callback_consumed_before_effect_and_concurrent_replay_denied ... ok
test delegated::authority_tests::delegated_cancel_only_reports_a_persisted_cancellation ... ok
test delegated::authority_tests::delegated_cancel_rechecks_release_after_waiting_for_the_row ... ok
test delegated::authority_tests::delegated_cancel_waits_for_authorized_effect_and_scrubs_token ... ok
test delegated::authority_tests::delegated_failed_redemption_cannot_replay_or_fail_a_new_attempt ... ok
test delegated::authority_tests::delegated_independent_expiry_is_bounded_and_erases_abandoned_pkce ... ok
test delegated::authority_tests::delegated_job_concurrent_retry_and_disconnected_recovery ... ok
test delegated::authority_tests::delegated_job_retry_rechecks_identity_room_and_role ... ok
test delegated::authority_tests::delegated_operation_foreign_keys_enforce_corp_and_exact_lineage ... ok
test delegated::authority_tests::delegated_original_assignment_survives_reconnect_and_refuses_rebinding ... ok
test delegated::authority_tests::delegated_release_serializes_with_credential_revocation ... ok
test delegated::authority_tests::delegated_revoked_authority_denies_all_new_effects ... ok
test delegated::authority_tests::delegated_separate_login_and_provider_identity_complete_real_handlers ... ok
test delegated::tests::delegated_job_room_rejection_rolls_back_all_admission ... ok

test result: ok. 14 passed; 0 failed; 0 ignored; 0 measured; 229 filtered out; finished in 49.20s

     Running unittests src\lib.rs (<local-user>\code\ecorp-pr-completion-20260922\target-validation\debug\deps\crony_store-5f7f9a4bd9534cfd.exe)

running 0 tests

test result: ok. 0 passed; 0 failed; 0 ignored; 0 measured; 539 filtered out; finished in 0.00s
