$ node --test --test-concurrency=2 --test-timeout=180000 scenarios/repo-steward/steward.test.mjs scenarios/repo-steward/actions.test.mjs scenarios/repo-steward/recurring-audit.test.mjs scenarios/repo-steward/feedback.test.mjs scenarios/repo-steward/maintenance.test.mjs scenarios/repo-steward/feedback-cli.test.mjs
✔ Actions preview performs no live reads or summary publication (2.735ms)
✔ Actions fixture uses the real auditor without GitHub access (41.359ms)
✔ invalid workflow input is rejected during preview without data access (1.3753ms)
✔ hosted live mode rejects non-Actions host before reading data (0.5481ms)
✔ hosted live mode rejects PR event before reading data (0.3993ms)
✔ hosted live mode rejects another repository before reading data (0.246ms)
✔ hosted live mode rejects feature branch before reading data (0.4353ms)
✔ hosted live mode rejects another actor before reading data (0.317ms)
✔ hosted live mode rejects another rerun operator before reading data (0.357ms)
✔ hosted live mode rejects missing triggering actor before reading data (0.4154ms)
✔ hosted live mode rejects missing source commit before reading data (0.4019ms)
✔ hosted live mode rejects disabled pilot before reading data (0.1989ms)
✔ hosted live mode rejects unapproved public summary before reading data (0.167ms)
✔ hosted live mode rejects missing credential before reading data (0.2536ms)
✔ hosted live mode rejects blank credential before reading data (0.1871ms)
✔ hosted live mode rejects write-enabled configuration before reading data (0.1721ms)
✔ GITHUB_TOKEN does not substitute for Project-readable credentials (0.2889ms)
✔ an admitted live path collects once and retains zero mutations (8.5183ms)
✔ collector failure does not produce a successful report (0.414ms)
✔ stale hosted snapshots fail instead of publishing old findings (5.1357ms)
✔ public summaries never include free-form source or evidence text (5.088ms)
✔ summary rejects unknown rule (4.3312ms)
✔ summary rejects bad finding id (5.4045ms)
✔ summary rejects foreign reference (6.4213ms)
✔ summary rejects mutation claim (5.2142ms)
✔ summary rejects wrong scope (5.5308ms)
✔ summary rejects invalid timestamp (4.5038ms)
✔ summary rejects bad totals (4.3467ms)
✔ public finding index is bounded without copying omitted details (4.6824ms)
✔ every configured fixture rule has an explicit publication review (4.1834ms)
✔ summary file writes remain inside a supplied native temporary directory (16.2181ms)
✔ Actions CLI rejects unsupported arguments --apply (0.1898ms)
✔ Actions CLI rejects unsupported arguments --live (0.0928ms)
✔ Actions CLI rejects unsupported arguments --live (0.0847ms)
✔ actual fixture CLI needs no hosted secrets or Teams SDK (167.363ms)
✔ manual workflow keeps first-party actions pinned and live credentials isolated (11.0271ms)
✔ feedback CLI rejects unsupported, missing and duplicate transition arguments (2.604ms)
✔ new-file corpus output preserves the previous version and refuses overwrite (29.4676ms)
✔ initializing a corpus binds the validated input scope without changing its snapshot (48.7465ms)
✔ partial snapshot cannot create a corpus file (24.7262ms)
✔ redirected output parent is refused without writing through it (5.0623ms)
✔ review evidence must be a file and cannot use a directory as a digest source (40.9521ms)
✔ review CLI records the exact binary digest and closes its descriptor (72.6237ms)
✔ same-size review replacement between metadata check and open cannot update a corpus (25.8472ms)
✔ review parent swapped for a symlink or junction before open is rejected (40.7823ms)
✔ same-size pathname replacement after descriptor read is rejected (26.3361ms)
✔ same-size in-place review rewrite cannot hide behind a restored modification time (26.1735ms)
✔ review growth after open stays within its original byte bound and is rejected (23.8794ms)
✔ bounded review reads handle partial reads and reject empty or oversized files (16.574ms)
✔ native behavioral evidence remains candidate with original local source and no finding impersonation (61.7071ms)
✔ native behavioral activation is denied for mixed support and forged active or retired history (40.1406ms)
✔ native behavioral candidates can be rejected without widening legacy review authority (50.896ms)
✔ native behavioral bytes, identity claims, source and repeated runs remain validated (99.4888ms)
✔ evidence binds actual audit finding and supplied snapshot without certifying collection or identity (10.3962ms)
✔ accepted missing Project status binds the native serialized report and finding in evidence and observations (36.2675ms)
✔ auditor optional-field normalization retains strict data-only feedback and report validation (55.2431ms)
✔ timestamp-only or unrelated snapshot changes do not manufacture repeated supporting evidence (28.0591ms)
✔ partial, cross-scope, stale or missing findings cannot become feedback evidence (12.2739ms)
✔ feedback source pins accept exactly 40 or 64 hexadecimal characters, including supplied evidence (69.1578ms)
✔ candidate, active and retired versions preserve their inputs and have exact transition digests (18.2042ms)
✔ one observation, fabricated evidence bytes and replayed reviews cannot activate a rule (68.5542ms)
✔ reviewer labels and claimed approval booleans do not supply verified review authority (23.3304ms)
✔ explicit rejection remains terminal and contributes no advice (37.8145ms)
✔ prospective expiry is mandatory, bounded, and effective at the exact boundary (93.5833ms)
✔ active capacity cannot expand and supersession retires only the exact predecessor (60.4939ms)
✔ supersession rejects stale targets and cannot cross finding rules (47.2187ms)
✔ active guidance annotates only matching findings without hiding or changing original conclusions (20.8236ms)
✔ broad matching admits at most the finite annotation limit and never truncates an excessive report (320.7896ms)
✔ serialized output bytes are admitted before escaped guidance and evidence references fan out (59.1959ms)
✔ later audits honor activation and retirement while the original report stays identical (35.2788ms)
✔ unknown executable, suppression, assignment and permission options are rejected (136.579ms)
✔ stale reports, foreign scope and altered evidence fail closed (30.7824ms)
✔ canonical digests ignore property insertion order but reject executable and non-finite data (0.3842ms)
✔ reusable corpus validation preserves input and rejects authority claims or altered guidance (18.7963ms)
✔ explicit collector profile requires a hash and cannot relabel a supplied snapshot (2.7103ms)
✔ recurrence requires finite explicit bounds before reading any input (0.9583ms)
✔ finite recurrence reloads snapshot and feedback on every cycle (3.5984ms)
✔ paused and stopped records prevent collection and input reads (2.8808ms)
✔ exhausted persisted attempts reject before snapshot, feedback or live collection (2.5919ms)
✔ watch admits the final allowed attempt and then stops before collecting another snapshot (1.3479ms)
✔ source mismatch refuses before reading snapshot or feedback (1.163ms)
✔ a failed cycle stops recurrence without retrying or losing the failure (1.3475ms)
✔ first snapshot acquisition failure retains one sanitized failed attempt (297.021ms)
✔ later corpus acquisition failure preserves earlier accepted evidence and consumes one attempt (772.6226ms)
✔ live acquisition failure is retained once without raw error text or a retry (309.3256ms)
✔ pause and stop during failed acquisition remain effective without a new admitted attempt (1909.9187ms)
✔ deadline crossing during failed acquisition prevents late attempt admission (1.5248ms)
✔ interruption during failed acquisition prevents a new admitted attempt (1.6422ms)
✔ duration bounds stop admission after collection without writing a late result (1.0661ms)
✔ interruption during an interval exits without another audit (1.2189ms)
✔ control commands delegate exact action, source and reason without collecting (3.094ms)
✔ status exposes bounded metadata and no retained finding text (1.0191ms)
✔ one audit writes source-bound immutable private reports and an advisory handoff (429.9913ms)
✔ fresh capture timestamps and transport metrics alone produce no new report or proposal across restart (648.727ms)
✔ live state binds the exact selected principal and profile through restart and controls (2396.1942ms)
✔ profile metadata cannot convert supplied evidence or a different live principal into accepted observations (275.4549ms)
✔ changed scoped content produces a new receipt while retaining stable finding dedupe (493.3941ms)
✔ resolved findings are recorded without claiming a remote correction (487.7686ms)
✔ stale input fails and preserves a failed attempt, never reusing previous success (581.3357ms)
✔ future input fails and preserves a failed attempt, never reusing previous success (565.7258ms)
✔ incomplete input fails and preserves a failed attempt, never reusing previous success (583.7561ms)
✔ source drift fails and preserves a failed attempt, never reusing previous success (813.521ms)
✔ changing the caller source pin cannot migrate an existing directory (550.2552ms)
✔ pause prevents input use, resume retains dedupe, and stop cannot resume (2284.1304ms)
✔ concurrent cycles have one winner and never create duplicate accepted receipts (331.779ms)
✔ retained locks fail closed without PID reuse or timeout-based recovery (16.2432ms)
✔ incomplete intent and rollback to an older checkpoint refuse replay (542.3218ms)
✔ tampered referenced artifacts are rejected and preserved (315.4513ms)
✔ output-directory redirection refuses writes through a symlink or junction (9.7617ms)
✔ an unexpected output file is retained, not overwritten or removed (16.2663ms)
✔ status rejects unexpected files in initialized state before accepting its control projection (246.3996ms)
✔ missing, traversal-style and incomplete control requests do not create authority (4.7346ms)
✔ live source claims retain the existing collector identity and zero-write metadata (340.4994ms)
✔ finite convenience API has explicit bounds and performs no scheduling (947.3618ms)
✔ state and artifact redirection are not followed on read (238.4999ms)
✔ alter of earlier history is detected after a newer successful cycle (678.6278ms)
✔ delete of earlier history is detected after a newer successful cycle (675.4039ms)
✔ changed implementation pins fail before a new intent is written (426.9951ms)
✔ a directory replaced while a caller holds its lock cannot redirect any artifact write (349.8999ms)
✔ actual corpus activation and retirement change only separately bound advisory output (1395.7146ms)
✔ expiry invalidates cached advisory annotations even without corpus byte changes (563.7704ms)
✔ mixed retained controls and new cycles enforce one transition bound with a reserved terminal stop (59754.5158ms)
✔ accepted snapshots with omitted optional metadata produce parseable JSON artifacts and replay (472.0323ms)
✔ optional auditor metadata works through the real feedback evidence and recurring consumer bridge (518.6936ms)
✔ policy has the ten requested workstreams and never assigns people (4.3639ms)
✔ classification supports Multiplayer (6.3245ms)
✔ classification supports UX/UI (1.7675ms)
✔ classification supports Multi-system execution (1.3017ms)
✔ classification supports Janitor (1.2693ms)
✔ classification supports Dynamic agent teams (1.1971ms)
✔ classification supports DevOps/PR review/branch protection (1.8838ms)
✔ classification supports Security (1.0836ms)
✔ classification supports Agent communication layer (1.1821ms)
✔ classification supports Dark factory automation (1.3846ms)
✔ classification supports Backend scalability / pub-sub (1.1066ms)
✔ classification preserves labels and assignees (12.3849ms)
✔ UX alias means UX/UI (13.9218ms)
✔ an unassigned issue is not a violation (5.0941ms)
✔ full fixture audit has zero mutations and catches closing-link conflict (4.9199ms)
✔ non-closing prose overrides no native link, not unrelated partial references (4.653ms)
✔ explicit do-not-close linked issue is flagged (3.5441ms)
✔ closed unmerged PR does not close an open issue (4.0147ms)
✔ reopened issue remains open after a historical merged PR (3.4441ms)
✔ no automatic close for several partial PRs (4.3438ms)
✔ only explicit dependency section is interpreted (0.1841ms)
✔ code fences and quoted references are not dependency authority (0.2375ms)
✔ native/text dependency disagreement is flagged (3.9021ms)
✔ matching dependencies do not produce a mismatch (4.108ms)
✔ dependency cycles are bounded and reported once (4.473ms)
✔ parent hierarchy mismatch and cycle are detected (3.9645ms)
✔ outside-scope dependency is not fetched or treated as complete (5.5943ms)
✔ missing local dependency is unverified, not closed (3.6684ms)
✔ open issue marked Done is flagged without changing the board (4.3553ms)
✔ unknown workstream is a review hint, not a rename (3.5053ms)
✔ locked default branch is flagged, without bypass (3.8865ms)
✔ stale PR source head is reported (4.1145ms)
✔ current independent review is accepted as evidence (4.1309ms)
✔ author approval is not current independent human approval (3.7315ms)
✔ bot approval is not current independent human approval (3.643ms)
✔ old-head approval is not current independent human approval (3.9637ms)
✔ later comment does not erase a valid prior approval (4.0453ms)
✔ failed checks and requested changes are surfaced (3.776ms)
✔ missing checks are not a success (4.068ms)
✔ stale snapshots are labeled (3.3891ms)
✔ future snapshots fail closed (1.5689ms)
✔ finding IDs are stable across repeated reads (7.1852ms)
✔ reported secrets are redacted and Markdown is escaped (11.4796ms)
✔ refuses: assign #50 to example-user (4.4031ms)
✔ refuses: label #50 multiplayer (4.2879ms)
✔ refuses: close #50 (5.0679ms)
✔ refuses: merge PR #237 (4.1212ms)
✔ refuses: enable auto-merge (4.3581ms)
✔ refuses: delete a branch (4.7651ms)
✔ refuses: approve PR #237 (4.613ms)
✔ refuses: can you change the rules (5.8613ms)
✔ question answers use recorded evidence and canonical references (4.8228ms)
✔ reverse dependency questions list dependents (5.0322ms)
✔ unknown questions ask for clarification (4.7575ms)
✔ untrusted instruction text grants no tools (4.4475ms)
✔ snapshot rejects wrong repo (1.1098ms)
✔ snapshot rejects wrong project (0.8906ms)
✔ snapshot rejects partial coverage (1.0394ms)
✔ snapshot rejects wrong count (1.0195ms)
✔ snapshot rejects duplicate issue (1.1291ms)
✔ snapshot rejects hostile URL (1.0433ms)
✔ snapshot rejects hidden project item (1.1076ms)
✔ snapshot rejects cross-repo item (1.0696ms)
✔ snapshot rejects duplicate project item (1.1271ms)
✔ snapshot rejects oversized body (1.244ms)
✔ collector completes two matching passes with no writes (4.1952ms)
✔ collector rejects issue drift between passes (2.9115ms)
✔ collector rejects incomplete nested dependencies (1.5765ms)
✔ collector rejects a changed PR head/check binding (1.4607ms)
✔ collector rejects repeated pagination cursors (1.4221ms)
✔ collector rejects inaccessible connection entries (0.1575ms)
✔ read client verifies Bakar404 and never switches accounts (1.4266ms)
✔ explicit hash-pinned read principal does not change the pilot or read allowlist (21.3911ms)
✔ collector profile rejects changed scope or unsupported fields: repository (11.9598ms)
✔ collector profile rejects changed scope or unsupported fields: project_id (15.9882ms)
✔ collector profile rejects changed scope or unsupported fields: project_number (8.905ms)
✔ collector profile rejects changed scope or unsupported fields: token (15.4135ms)
✔ collector profile rejects changed scope or unsupported fields: url (8.3864ms)
✔ collector profile rejects changed scope or unsupported fields: collector_login (8.4144ms)
✔ collector profile rejects wrong hashes, changed bytes and duplicate keys (36.9906ms)
✔ profiled collection records the actual principal and rejects identity or profile drift (29.8444ms)
✔ read client exposes no arbitrary query or write operation (1.1383ms)
✔ GraphQL cursor remains data, not executable query text (1.0712ms)
✔ GraphQL errors do not become accepted partial data (1.0478ms)
✔ GraphQL reserve prevents further reads (1.0857ms)
✔ collection has an elapsed-time bound (0.9778ms)
✔ dry run uses neither network nor output files (1.2324ms)
✔ CLI rejects apply (0.1427ms)
✔ CLI rejects audit --fixture --live (0.1213ms)
✔ CLI rejects audit --fixture --out ../escape.json (0.1404ms)
✔ CLI rejects audit --dry-run --out file.json (0.0903ms)
✔ CLI rejects audit --fixture --assign example-user (0.0758ms)
✔ CLI rejects ask --fixture (0.0788ms)
✔ actual CLI dry run works from another directory and has no network intent (160.9683ms)
✔ test chat prepares an evidence-based reply without sending it (6.3082ms)
✔ test chat rejects wrong tenant (0.3766ms)
✔ test chat rejects wrong group (0.1609ms)
✔ test chat rejects personal chat (0.1339ms)
✔ test chat rejects other channel (0.1299ms)
✔ test chat ignores messages without a mention (0.192ms)
✔ test chat ignores its own messages (0.1801ms)
✔ test chat refuses mutation requests (5.1251ms)
✔ no production mode or implicit binding (0.2838ms)
ℹ tests 227
ℹ suites 0
ℹ pass 227
ℹ fail 0
ℹ cancelled 0
ℹ skipped 0
ℹ todo 0
ℹ duration_ms 80270.0575
