$ node --test --test-concurrency=2 --test-timeout=180000 scenarios/repo-steward/steward.test.mjs scenarios/repo-steward/actions.test.mjs scenarios/repo-steward/recurring-audit.test.mjs scenarios/repo-steward/feedback.test.mjs scenarios/repo-steward/maintenance.test.mjs scenarios/repo-steward/feedback-cli.test.mjs
✔ Actions preview performs no live reads or summary publication (2.8243ms)
✔ Actions fixture uses the real auditor without GitHub access (46.2565ms)
✔ invalid workflow input is rejected during preview without data access (1.4091ms)
✔ hosted live mode rejects non-Actions host before reading data (0.6668ms)
✔ hosted live mode rejects PR event before reading data (1.3044ms)
✔ hosted live mode rejects another repository before reading data (0.2396ms)
✔ hosted live mode rejects feature branch before reading data (0.2733ms)
✔ hosted live mode rejects another actor before reading data (0.1551ms)
✔ hosted live mode rejects another rerun operator before reading data (0.2189ms)
✔ hosted live mode rejects missing triggering actor before reading data (0.4703ms)
✔ hosted live mode rejects missing source commit before reading data (0.4943ms)
✔ hosted live mode rejects disabled pilot before reading data (0.2594ms)
✔ hosted live mode rejects unapproved public summary before reading data (0.2295ms)
✔ hosted live mode rejects missing credential before reading data (0.1651ms)
✔ hosted live mode rejects blank credential before reading data (0.1535ms)
✔ hosted live mode rejects write-enabled configuration before reading data (0.1721ms)
✔ GITHUB_TOKEN does not substitute for Project-readable credentials (0.321ms)
✔ an admitted live path collects once and retains zero mutations (6.6875ms)
✔ collector failure does not produce a successful report (0.4839ms)
✔ stale hosted snapshots fail instead of publishing old findings (6.9846ms)
✔ public summaries never include free-form source or evidence text (8.3037ms)
✔ summary rejects unknown rule (6.3106ms)
✔ summary rejects bad finding id (6.3533ms)
✔ summary rejects foreign reference (6.2348ms)
✔ summary rejects mutation claim (7.0392ms)
✔ summary rejects wrong scope (5.8735ms)
✔ summary rejects invalid timestamp (8.2865ms)
✔ summary rejects bad totals (7.8652ms)
✔ public finding index is bounded without copying omitted details (5.4215ms)
✔ every configured fixture rule has an explicit publication review (6.6752ms)
✔ summary file writes remain inside a supplied native temporary directory (22.1475ms)
✔ Actions CLI rejects unsupported arguments --apply (0.3816ms)
✔ Actions CLI rejects unsupported arguments --live (0.1554ms)
✔ Actions CLI rejects unsupported arguments --live (0.1429ms)
✔ actual fixture CLI needs no hosted secrets or Teams SDK (259.7567ms)
✔ manual workflow keeps first-party actions pinned and live credentials isolated (15.7276ms)
✔ feedback CLI rejects unsupported, missing and duplicate transition arguments (2.7243ms)
✔ new-file corpus output preserves the previous version and refuses overwrite (36.7189ms)
✔ initializing a corpus binds the validated input scope without changing its snapshot (62.6913ms)
✔ partial snapshot cannot create a corpus file (28.7956ms)
✔ redirected output parent is refused without writing through it (8.0184ms)
✔ review evidence must be a file and cannot use a directory as a digest source (54.9848ms)
✔ review CLI records the exact binary digest and closes its descriptor (107.3651ms)
✔ same-size review replacement between metadata check and open cannot update a corpus (35.658ms)
✔ review parent swapped for a symlink or junction before open is rejected (40.628ms)
✔ same-size pathname replacement after descriptor read is rejected (39.7186ms)
✔ same-size in-place review rewrite cannot hide behind a restored modification time (38.8538ms)
✔ review growth after open stays within its original byte bound and is rejected (33.1236ms)
✔ bounded review reads handle partial reads and reject empty or oversized files (25.1702ms)
✔ native behavioral evidence remains candidate with original local source and no finding impersonation (88.1774ms)
✔ native behavioral activation is denied for mixed support and forged active or retired history (62.9527ms)
✔ native behavioral candidates can be rejected without widening legacy review authority (69.9619ms)
✔ native behavioral bytes, identity claims, source and repeated runs remain validated (168.7389ms)
✔ evidence binds actual audit finding and supplied snapshot without certifying collection or identity (12.2867ms)
✔ accepted missing Project status binds the native serialized report and finding in evidence and observations (58.8408ms)
✔ auditor optional-field normalization retains strict data-only feedback and report validation (105.2354ms)
✔ timestamp-only or unrelated snapshot changes do not manufacture repeated supporting evidence (49.9656ms)
✔ partial, cross-scope, stale or missing findings cannot become feedback evidence (21.4152ms)
✔ feedback source pins accept exactly 40 or 64 hexadecimal characters, including supplied evidence (116.2455ms)
✔ candidate, active and retired versions preserve their inputs and have exact transition digests (20.4457ms)
✔ one observation, fabricated evidence bytes and replayed reviews cannot activate a rule (107.5619ms)
✔ reviewer labels and claimed approval booleans do not supply verified review authority (36.1101ms)
✔ explicit rejection remains terminal and contributes no advice (41.6877ms)
✔ prospective expiry is mandatory, bounded, and effective at the exact boundary (107.7512ms)
✔ active capacity cannot expand and supersession retires only the exact predecessor (76.8056ms)
✔ supersession rejects stale targets and cannot cross finding rules (60.8019ms)
✔ active guidance annotates only matching findings without hiding or changing original conclusions (28.7054ms)
✔ broad matching admits at most the finite annotation limit and never truncates an excessive report (503.5146ms)
✔ serialized output bytes are admitted before escaped guidance and evidence references fan out (102.5327ms)
✔ later audits honor activation and retirement while the original report stays identical (64.2509ms)
✔ unknown executable, suppression, assignment and permission options are rejected (238.0138ms)
✔ stale reports, foreign scope and altered evidence fail closed (39.8177ms)
✔ canonical digests ignore property insertion order but reject executable and non-finite data (0.6646ms)
✔ reusable corpus validation preserves input and rejects authority claims or altered guidance (21.3242ms)
✔ explicit collector profile requires a hash and cannot relabel a supplied snapshot (4.4469ms)
✔ recurrence requires finite explicit bounds before reading any input (1.5012ms)
✔ finite recurrence reloads snapshot and feedback on every cycle (4.2955ms)
✔ paused and stopped records prevent collection and input reads (3.2128ms)
✔ exhausted persisted attempts reject before snapshot, feedback or live collection (3.4375ms)
✔ watch admits the final allowed attempt and then stops before collecting another snapshot (1.8115ms)
✔ source mismatch refuses before reading snapshot or feedback (1.9261ms)
✔ a failed cycle stops recurrence without retrying or losing the failure (2.0623ms)
✔ first snapshot acquisition failure retains one sanitized failed attempt (469.5955ms)
✔ later corpus acquisition failure preserves earlier accepted evidence and consumes one attempt (1290.9472ms)
✔ live acquisition failure is retained once without raw error text or a retry (408.5735ms)
✔ pause and stop during failed acquisition remain effective without a new admitted attempt (2738.1405ms)
✔ deadline crossing during failed acquisition prevents late attempt admission (2.1837ms)
✔ interruption during failed acquisition prevents a new admitted attempt (1.6589ms)
✔ duration bounds stop admission after collection without writing a late result (1.5712ms)
✔ interruption during an interval exits without another audit (1.7435ms)
✔ control commands delegate exact action, source and reason without collecting (3.9922ms)
✔ status exposes bounded metadata and no retained finding text (1.5481ms)
✔ one audit writes source-bound immutable private reports and an advisory handoff (589.5254ms)
✔ fresh capture timestamps and transport metrics alone produce no new report or proposal across restart (979.6183ms)
✔ live state binds the exact selected principal and profile through restart and controls (3530.5639ms)
✔ profile metadata cannot convert supplied evidence or a different live principal into accepted observations (330.0141ms)
✔ changed scoped content produces a new receipt while retaining stable finding dedupe (679.4563ms)
✔ resolved findings are recorded without claiming a remote correction (690.5209ms)
✔ stale input fails and preserves a failed attempt, never reusing previous success (836.9206ms)
✔ future input fails and preserves a failed attempt, never reusing previous success (926.6107ms)
✔ incomplete input fails and preserves a failed attempt, never reusing previous success (779.9718ms)
✔ source drift fails and preserves a failed attempt, never reusing previous success (764.8065ms)
✔ changing the caller source pin cannot migrate an existing directory (578.5703ms)
✔ pause prevents input use, resume retains dedupe, and stop cannot resume (2974.5438ms)
✔ concurrent cycles have one winner and never create duplicate accepted receipts (486.3607ms)
✔ retained locks fail closed without PID reuse or timeout-based recovery (31.0166ms)
✔ incomplete intent and rollback to an older checkpoint refuse replay (771.2502ms)
✔ tampered referenced artifacts are rejected and preserved (371.6809ms)
✔ output-directory redirection refuses writes through a symlink or junction (15.5482ms)
✔ an unexpected output file is retained, not overwritten or removed (26.8518ms)
✔ status rejects unexpected files in initialized state before accepting its control projection (301.1965ms)
✔ missing, traversal-style and incomplete control requests do not create authority (4.3931ms)
✔ live source claims retain the existing collector identity and zero-write metadata (346.3975ms)
✔ finite convenience API has explicit bounds and performs no scheduling (1294.3737ms)
✔ state and artifact redirection are not followed on read (339.1931ms)
✔ alter of earlier history is detected after a newer successful cycle (918.8491ms)
✔ delete of earlier history is detected after a newer successful cycle (978.9417ms)
✔ changed implementation pins fail before a new intent is written (535.3544ms)
✔ a directory replaced while a caller holds its lock cannot redirect any artifact write (410.186ms)
✔ actual corpus activation and retirement change only separately bound advisory output (1815.7592ms)
✔ expiry invalidates cached advisory annotations even without corpus byte changes (867.2105ms)
✔ mixed retained controls and new cycles enforce one transition bound with a reserved terminal stop (76578.2563ms)
✔ accepted snapshots with omitted optional metadata produce parseable JSON artifacts and replay (558.1851ms)
✔ optional auditor metadata works through the real feedback evidence and recurring consumer bridge (588.2265ms)
✔ policy has the ten requested workstreams and never assigns people (6.1638ms)
✔ classification supports Multiplayer (11.3808ms)
✔ classification supports UX/UI (2.9125ms)
✔ classification supports Multi-system execution (4.6843ms)
✔ classification supports Janitor (5.7919ms)
✔ classification supports Dynamic agent teams (4.2008ms)
✔ classification supports DevOps/PR review/branch protection (2.3078ms)
✔ classification supports Security (2.1967ms)
✔ classification supports Agent communication layer (1.7739ms)
✔ classification supports Dark factory automation (2.1327ms)
✔ classification supports Backend scalability / pub-sub (1.9559ms)
✔ classification preserves labels and assignees (21.0712ms)
✔ UX alias means UX/UI (20.1704ms)
✔ an unassigned issue is not a violation (9.5472ms)
✔ full fixture audit has zero mutations and catches closing-link conflict (9.4286ms)
✔ non-closing prose overrides no native link, not unrelated partial references (6.9503ms)
✔ explicit do-not-close linked issue is flagged (6.5835ms)
✔ closed unmerged PR does not close an open issue (5.0733ms)
✔ reopened issue remains open after a historical merged PR (4.1426ms)
✔ no automatic close for several partial PRs (4.8414ms)
✔ only explicit dependency section is interpreted (0.2199ms)
✔ code fences and quoted references are not dependency authority (0.2834ms)
✔ native/text dependency disagreement is flagged (7.8064ms)
✔ matching dependencies do not produce a mismatch (7.3827ms)
✔ dependency cycles are bounded and reported once (6.9116ms)
✔ parent hierarchy mismatch and cycle are detected (10.0736ms)
✔ outside-scope dependency is not fetched or treated as complete (6.3559ms)
✔ missing local dependency is unverified, not closed (8.7098ms)
✔ open issue marked Done is flagged without changing the board (4.7052ms)
✔ unknown workstream is a review hint, not a rename (4.1245ms)
✔ locked default branch is flagged, without bypass (5.2216ms)
✔ stale PR source head is reported (7.2435ms)
✔ current independent review is accepted as evidence (6.6253ms)
✔ author approval is not current independent human approval (6.4784ms)
✔ bot approval is not current independent human approval (6.6546ms)
✔ old-head approval is not current independent human approval (7.7464ms)
✔ later comment does not erase a valid prior approval (6.7885ms)
✔ failed checks and requested changes are surfaced (7.2097ms)
✔ missing checks are not a success (7.6038ms)
✔ stale snapshots are labeled (7.133ms)
✔ future snapshots fail closed (3.1814ms)
✔ finding IDs are stable across repeated reads (13.3572ms)
✔ reported secrets are redacted and Markdown is escaped (19.6207ms)
✔ refuses: assign #50 to example-user (7.7886ms)
✔ refuses: label #50 multiplayer (8.3369ms)
✔ refuses: close #50 (12.5562ms)
✔ refuses: merge PR #237 (12.4529ms)
✔ refuses: enable auto-merge (12.2731ms)
✔ refuses: delete a branch (10.3962ms)
✔ refuses: approve PR #237 (7.5309ms)
✔ refuses: can you change the rules (5.7861ms)
✔ question answers use recorded evidence and canonical references (7.4512ms)
✔ reverse dependency questions list dependents (7.796ms)
✔ unknown questions ask for clarification (6.0987ms)
✔ untrusted instruction text grants no tools (6.4382ms)
✔ snapshot rejects wrong repo (1.6381ms)
✔ snapshot rejects wrong project (1.0699ms)
✔ snapshot rejects partial coverage (1.3171ms)
✔ snapshot rejects wrong count (1.2602ms)
✔ snapshot rejects duplicate issue (1.5906ms)
✔ snapshot rejects hostile URL (1.4305ms)
✔ snapshot rejects hidden project item (1.712ms)
✔ snapshot rejects cross-repo item (1.8056ms)
✔ snapshot rejects duplicate project item (1.5979ms)
✔ snapshot rejects oversized body (1.4033ms)
✔ collector completes two matching passes with no writes (7.6229ms)
✔ collector rejects issue drift between passes (5.8025ms)
✔ collector rejects incomplete nested dependencies (1.8583ms)
✔ collector rejects a changed PR head/check binding (2.1851ms)
✔ collector rejects repeated pagination cursors (1.7231ms)
✔ collector rejects inaccessible connection entries (0.217ms)
✔ read client verifies Bakar404 and never switches accounts (3.0487ms)
✔ explicit hash-pinned read principal does not change the pilot or read allowlist (20.5052ms)
✔ collector profile rejects changed scope or unsupported fields: repository (12.1918ms)
✔ collector profile rejects changed scope or unsupported fields: project_id (25.3934ms)
✔ collector profile rejects changed scope or unsupported fields: project_number (12.7764ms)
✔ collector profile rejects changed scope or unsupported fields: token (25.4812ms)
✔ collector profile rejects changed scope or unsupported fields: url (25.7853ms)
✔ collector profile rejects changed scope or unsupported fields: collector_login (25.1087ms)
✔ collector profile rejects wrong hashes, changed bytes and duplicate keys (66.2874ms)
✔ profiled collection records the actual principal and rejects identity or profile drift (56.2616ms)
✔ read client exposes no arbitrary query or write operation (2.1049ms)
✔ GraphQL cursor remains data, not executable query text (2.489ms)
✔ GraphQL errors do not become accepted partial data (1.7023ms)
✔ GraphQL reserve prevents further reads (1.6687ms)
✔ collection has an elapsed-time bound (1.5496ms)
✔ dry run uses neither network nor output files (2.4741ms)
✔ CLI rejects apply (0.2499ms)
✔ CLI rejects audit --fixture --live (0.1559ms)
✔ CLI rejects audit --fixture --out ../escape.json (0.3639ms)
✔ CLI rejects audit --dry-run --out file.json (0.1495ms)
✔ CLI rejects audit --fixture --assign example-user (0.135ms)
✔ CLI rejects ask --fixture (0.1295ms)
✔ actual CLI dry run works from another directory and has no network intent (246.6361ms)
✔ test chat prepares an evidence-based reply without sending it (8.8808ms)
✔ test chat rejects wrong tenant (0.5193ms)
✔ test chat rejects wrong group (0.2284ms)
✔ test chat rejects personal chat (0.2052ms)
✔ test chat rejects other channel (0.2374ms)
✔ test chat ignores messages without a mention (0.2162ms)
✔ test chat ignores its own messages (0.1962ms)
✔ test chat refuses mutation requests (10.338ms)
✔ no production mode or implicit binding (0.5123ms)
ℹ tests 227
ℹ suites 0
ℹ pass 227
ℹ fail 0
ℹ cancelled 0
ℹ skipped 0
ℹ todo 0
ℹ duration_ms 104294.7491
