$ node --test --test-concurrency=2 --test-timeout=180000 scenarios/repo-steward/steward.test.mjs scenarios/repo-steward/actions.test.mjs scenarios/repo-steward/recurring-audit.test.mjs scenarios/repo-steward/feedback.test.mjs scenarios/repo-steward/maintenance.test.mjs scenarios/repo-steward/feedback-cli.test.mjs
✔ Actions preview performs no live reads or summary publication (1.7749ms)
✔ Actions fixture uses the real auditor without GitHub access (26.5065ms)
✔ invalid workflow input is rejected during preview without data access (1.2102ms)
✔ hosted live mode rejects non-Actions host before reading data (0.3589ms)
✔ hosted live mode rejects PR event before reading data (0.8605ms)
✔ hosted live mode rejects another repository before reading data (0.229ms)
✔ hosted live mode rejects feature branch before reading data (0.3011ms)
✔ hosted live mode rejects another actor before reading data (0.1889ms)
✔ hosted live mode rejects another rerun operator before reading data (0.2479ms)
✔ hosted live mode rejects missing triggering actor before reading data (0.3418ms)
✔ hosted live mode rejects missing source commit before reading data (0.2803ms)
✔ hosted live mode rejects disabled pilot before reading data (0.2036ms)
✔ hosted live mode rejects unapproved public summary before reading data (0.1497ms)
✔ hosted live mode rejects missing credential before reading data (0.1221ms)
✔ hosted live mode rejects blank credential before reading data (0.1383ms)
✔ hosted live mode rejects write-enabled configuration before reading data (0.1324ms)
✔ GITHUB_TOKEN does not substitute for Project-readable credentials (0.1993ms)
✔ an admitted live path collects once and retains zero mutations (5.969ms)
✔ collector failure does not produce a successful report (0.3078ms)
✔ stale hosted snapshots fail instead of publishing old findings (5.5306ms)
✔ public summaries never include free-form source or evidence text (5.5001ms)
✔ summary rejects unknown rule (4.3923ms)
✔ summary rejects bad finding id (4.9007ms)
✔ summary rejects foreign reference (4.267ms)
✔ summary rejects mutation claim (4.1552ms)
✔ summary rejects wrong scope (3.7695ms)
✔ summary rejects invalid timestamp (4.0911ms)
✔ summary rejects bad totals (4.5351ms)
✔ public finding index is bounded without copying omitted details (4.9133ms)
✔ every configured fixture rule has an explicit publication review (4.3823ms)
✔ summary file writes remain inside a supplied native temporary directory (16.3278ms)
✔ Actions CLI rejects unsupported arguments --apply (0.2317ms)
✔ Actions CLI rejects unsupported arguments --live (0.1311ms)
✔ Actions CLI rejects unsupported arguments --live (0.0897ms)
✔ actual fixture CLI needs no hosted secrets or Teams SDK (174.6242ms)
✔ manual workflow keeps first-party actions pinned and live credentials isolated (1.0496ms)
✔ feedback CLI rejects unsupported, missing and duplicate transition arguments (2.0272ms)
✔ new-file corpus output preserves the previous version and refuses overwrite (23.8992ms)
✔ initializing a corpus binds the validated input scope without changing its snapshot (40.6124ms)
✔ partial snapshot cannot create a corpus file (20.9491ms)
✔ redirected output parent is refused without writing through it (5.1651ms)
✔ review evidence must be a file and cannot use a directory as a digest source (43.1591ms)
✔ review CLI records the exact binary digest and closes its descriptor (75.1127ms)
✔ same-size review replacement between metadata check and open cannot update a corpus (27.2122ms)
✔ review parent swapped for a symlink or junction before open is rejected (34.1533ms)
✔ same-size pathname replacement after descriptor read is rejected (27.3038ms)
✔ same-size in-place review rewrite cannot hide behind a restored modification time (28.6091ms)
✔ review growth after open stays within its original byte bound and is rejected (27.5882ms)
✔ bounded review reads handle partial reads and reject empty or oversized files (17.8503ms)
✔ native behavioral evidence remains candidate with original local source and no finding impersonation (75.3584ms)
✔ native behavioral activation is denied for mixed support and forged active or retired history (50.9049ms)
✔ native behavioral candidates can be rejected without widening legacy review authority (47.5423ms)
✔ native behavioral bytes, identity claims, source and repeated runs remain validated (109.9635ms)
✔ evidence binds actual audit finding and supplied snapshot without certifying collection or identity (11.2524ms)
✔ accepted missing Project status binds the native serialized report and finding in evidence and observations (43.7206ms)
✔ auditor optional-field normalization retains strict data-only feedback and report validation (58.3884ms)
✔ timestamp-only or unrelated snapshot changes do not manufacture repeated supporting evidence (28.0036ms)
✔ partial, cross-scope, stale or missing findings cannot become feedback evidence (13.7641ms)
✔ feedback source pins accept exactly 40 or 64 hexadecimal characters, including supplied evidence (79.545ms)
✔ candidate, active and retired versions preserve their inputs and have exact transition digests (20.6919ms)
✔ one observation, fabricated evidence bytes and replayed reviews cannot activate a rule (77.1281ms)
✔ reviewer labels and claimed approval booleans do not supply verified review authority (22.3417ms)
✔ explicit rejection remains terminal and contributes no advice (36.0744ms)
✔ prospective expiry is mandatory, bounded, and effective at the exact boundary (90.1691ms)
✔ active capacity cannot expand and supersession retires only the exact predecessor (55.7181ms)
✔ supersession rejects stale targets and cannot cross finding rules (40.8741ms)
✔ active guidance annotates only matching findings without hiding or changing original conclusions (20.5731ms)
✔ broad matching admits at most the finite annotation limit and never truncates an excessive report (315.8426ms)
✔ serialized output bytes are admitted before escaped guidance and evidence references fan out (58.73ms)
✔ later audits honor activation and retirement while the original report stays identical (39.4498ms)
✔ unknown executable, suppression, assignment and permission options are rejected (144.3989ms)
✔ stale reports, foreign scope and altered evidence fail closed (24.2438ms)
✔ canonical digests ignore property insertion order but reject executable and non-finite data (0.3764ms)
✔ reusable corpus validation preserves input and rejects authority claims or altered guidance (16.1237ms)
✔ explicit collector profile requires a hash and cannot relabel a supplied snapshot (3.2116ms)
✔ recurrence requires finite explicit bounds before reading any input (0.8863ms)
✔ finite recurrence reloads snapshot and feedback on every cycle (2.8416ms)
✔ paused and stopped records prevent collection and input reads (2.632ms)
✔ exhausted persisted attempts reject before snapshot, feedback or live collection (2.9486ms)
✔ watch admits the final allowed attempt and then stops before collecting another snapshot (1.5115ms)
✔ source mismatch refuses before reading snapshot or feedback (1.6107ms)
✔ a failed cycle stops recurrence without retrying or losing the failure (1.8123ms)
✔ first snapshot acquisition failure retains one sanitized failed attempt (306.0435ms)
✔ later corpus acquisition failure preserves earlier accepted evidence and consumes one attempt (745.3142ms)
✔ live acquisition failure is retained once without raw error text or a retry (284.3098ms)
✔ pause and stop during failed acquisition remain effective without a new admitted attempt (1893.9403ms)
✔ deadline crossing during failed acquisition prevents late attempt admission (1.461ms)
✔ interruption during failed acquisition prevents a new admitted attempt (1.2687ms)
✔ duration bounds stop admission after collection without writing a late result (1.0971ms)
✔ interruption during an interval exits without another audit (1.2347ms)
✔ control commands delegate exact action, source and reason without collecting (2.8884ms)
✔ status exposes bounded metadata and no retained finding text (1.1041ms)
✔ one audit writes source-bound immutable private reports and an advisory handoff (428.2703ms)
✔ fresh capture timestamps and transport metrics alone produce no new report or proposal across restart (675.4567ms)
✔ live state binds the exact selected principal and profile through restart and controls (2509.7083ms)
✔ profile metadata cannot convert supplied evidence or a different live principal into accepted observations (270.7801ms)
✔ changed scoped content produces a new receipt while retaining stable finding dedupe (486.6365ms)
✔ resolved findings are recorded without claiming a remote correction (502.8816ms)
✔ stale input fails and preserves a failed attempt, never reusing previous success (578.2134ms)
✔ future input fails and preserves a failed attempt, never reusing previous success (576.269ms)
✔ incomplete input fails and preserves a failed attempt, never reusing previous success (576.2741ms)
✔ source drift fails and preserves a failed attempt, never reusing previous success (573.2313ms)
✔ changing the caller source pin cannot migrate an existing directory (440.236ms)
✔ pause prevents input use, resume retains dedupe, and stop cannot resume (2166.0336ms)
✔ concurrent cycles have one winner and never create duplicate accepted receipts (341.105ms)
✔ retained locks fail closed without PID reuse or timeout-based recovery (18.2156ms)
✔ incomplete intent and rollback to an older checkpoint refuse replay (539.7227ms)
✔ tampered referenced artifacts are rejected and preserved (309.6206ms)
✔ output-directory redirection refuses writes through a symlink or junction (10.3689ms)
✔ an unexpected output file is retained, not overwritten or removed (17.9755ms)
✔ status rejects unexpected files in initialized state before accepting its control projection (242.8955ms)
✔ missing, traversal-style and incomplete control requests do not create authority (4.2249ms)
✔ live source claims retain the existing collector identity and zero-write metadata (254.6657ms)
✔ finite convenience API has explicit bounds and performs no scheduling (850.0014ms)
✔ state and artifact redirection are not followed on read (247.0985ms)
✔ alter of earlier history is detected after a newer successful cycle (623.9132ms)
✔ delete of earlier history is detected after a newer successful cycle (632.5187ms)
✔ changed implementation pins fail before a new intent is written (364.1199ms)
✔ a directory replaced while a caller holds its lock cannot redirect any artifact write (329.1766ms)
✔ actual corpus activation and retirement change only separately bound advisory output (1246.899ms)
✔ expiry invalidates cached advisory annotations even without corpus byte changes (574.0436ms)
✔ mixed retained controls and new cycles enforce one transition bound with a reserved terminal stop (58983.4217ms)
✔ accepted snapshots with omitted optional metadata produce parseable JSON artifacts and replay (455.8631ms)
✔ optional auditor metadata works through the real feedback evidence and recurring consumer bridge (496.1467ms)
✔ policy has the ten requested workstreams and never assigns people (3.6783ms)
✔ classification supports Multiplayer (6.101ms)
✔ classification supports UX/UI (1.6686ms)
✔ classification supports Multi-system execution (1.3271ms)
✔ classification supports Janitor (1.3844ms)
✔ classification supports Dynamic agent teams (1.396ms)
✔ classification supports DevOps/PR review/branch protection (2.1733ms)
✔ classification supports Security (1.1699ms)
✔ classification supports Agent communication layer (1.2126ms)
✔ classification supports Dark factory automation (1.3315ms)
✔ classification supports Backend scalability / pub-sub (1.1286ms)
✔ classification preserves labels and assignees (12.2996ms)
✔ UX alias means UX/UI (14.481ms)
✔ an unassigned issue is not a violation (5.2926ms)
✔ full fixture audit has zero mutations and catches closing-link conflict (5.2426ms)
✔ non-closing prose overrides no native link, not unrelated partial references (4.3634ms)
✔ explicit do-not-close linked issue is flagged (3.7239ms)
✔ closed unmerged PR does not close an open issue (4.0226ms)
✔ reopened issue remains open after a historical merged PR (3.703ms)
✔ no automatic close for several partial PRs (4.3056ms)
✔ only explicit dependency section is interpreted (0.1869ms)
✔ code fences and quoted references are not dependency authority (0.2192ms)
✔ native/text dependency disagreement is flagged (4.0411ms)
✔ matching dependencies do not produce a mismatch (4.155ms)
✔ dependency cycles are bounded and reported once (4.322ms)
✔ parent hierarchy mismatch and cycle are detected (4.3876ms)
✔ outside-scope dependency is not fetched or treated as complete (5.659ms)
✔ missing local dependency is unverified, not closed (4.3278ms)
✔ open issue marked Done is flagged without changing the board (5.795ms)
✔ unknown workstream is a review hint, not a rename (3.9915ms)
✔ locked default branch is flagged, without bypass (4.4234ms)
✔ stale PR source head is reported (4.3656ms)
✔ current independent review is accepted as evidence (5.3084ms)
✔ author approval is not current independent human approval (5.3774ms)
✔ bot approval is not current independent human approval (4.5241ms)
✔ old-head approval is not current independent human approval (4.3303ms)
✔ later comment does not erase a valid prior approval (4.2048ms)
✔ failed checks and requested changes are surfaced (4.2892ms)
✔ missing checks are not a success (4.0232ms)
✔ stale snapshots are labeled (3.7858ms)
✔ future snapshots fail closed (2.0589ms)
✔ finding IDs are stable across repeated reads (8.6946ms)
✔ reported secrets are redacted and Markdown is escaped (9.8296ms)
✔ refuses: assign #50 to example-user (5.1219ms)
✔ refuses: label #50 multiplayer (4.6028ms)
✔ refuses: close #50 (4.918ms)
✔ refuses: merge PR #237 (4.6124ms)
✔ refuses: enable auto-merge (5.261ms)
✔ refuses: delete a branch (4.4505ms)
✔ refuses: approve PR #237 (4.3544ms)
✔ refuses: can you change the rules (5.1818ms)
✔ question answers use recorded evidence and canonical references (5.1723ms)
✔ reverse dependency questions list dependents (4.7612ms)
✔ unknown questions ask for clarification (4.971ms)
✔ untrusted instruction text grants no tools (5.3068ms)
✔ snapshot rejects wrong repo (1.2134ms)
✔ snapshot rejects wrong project (0.9796ms)
✔ snapshot rejects partial coverage (1.1308ms)
✔ snapshot rejects wrong count (1.1638ms)
✔ snapshot rejects duplicate issue (1.3488ms)
✔ snapshot rejects hostile URL (1.1814ms)
✔ snapshot rejects hidden project item (1.4219ms)
✔ snapshot rejects cross-repo item (1.2899ms)
✔ snapshot rejects duplicate project item (1.2429ms)
✔ snapshot rejects oversized body (1.2884ms)
✔ collector completes two matching passes with no writes (4.6606ms)
✔ collector rejects issue drift between passes (2.734ms)
✔ collector rejects incomplete nested dependencies (1.1853ms)
✔ collector rejects a changed PR head/check binding (1.2578ms)
✔ collector rejects repeated pagination cursors (3.316ms)
✔ collector rejects inaccessible connection entries (0.1667ms)
✔ read client verifies Bakar404 and never switches accounts (1.921ms)
✔ explicit hash-pinned read principal does not change the pilot or read allowlist (161.2575ms)
✔ collector profile rejects changed scope or unsupported fields: repository (15.9424ms)
✔ collector profile rejects changed scope or unsupported fields: project_id (17.5739ms)
✔ collector profile rejects changed scope or unsupported fields: project_number (16.2756ms)
✔ collector profile rejects changed scope or unsupported fields: token (15.4674ms)
✔ collector profile rejects changed scope or unsupported fields: url (15.0288ms)
✔ collector profile rejects changed scope or unsupported fields: collector_login (16.7099ms)
✔ collector profile rejects wrong hashes, changed bytes and duplicate keys (51.6896ms)
✔ profiled collection records the actual principal and rejects identity or profile drift (31.4709ms)
✔ read client exposes no arbitrary query or write operation (1.3824ms)
✔ GraphQL cursor remains data, not executable query text (1.1792ms)
✔ GraphQL errors do not become accepted partial data (1.1889ms)
✔ GraphQL reserve prevents further reads (1.1209ms)
✔ collection has an elapsed-time bound (1.0888ms)
✔ dry run uses neither network nor output files (1.3215ms)
✔ CLI rejects apply (0.7823ms)
✔ CLI rejects audit --fixture --live (0.1104ms)
✔ CLI rejects audit --fixture --out ../escape.json (0.1445ms)
✔ CLI rejects audit --dry-run --out file.json (0.095ms)
✔ CLI rejects audit --fixture --assign example-user (0.0781ms)
✔ CLI rejects ask --fixture (0.0749ms)
✔ actual CLI dry run works from another directory and has no network intent (154.5538ms)
✔ test chat prepares an evidence-based reply without sending it (6.0622ms)
✔ test chat rejects wrong tenant (0.4169ms)
✔ test chat rejects wrong group (0.1539ms)
✔ test chat rejects personal chat (0.1381ms)
✔ test chat rejects other channel (0.1344ms)
✔ test chat ignores messages without a mention (0.1407ms)
✔ test chat ignores its own messages (0.13ms)
✔ test chat refuses mutation requests (5.4494ms)
✔ no production mode or implicit binding (0.3517ms)
ℹ tests 227
ℹ suites 0
ℹ pass 227
ℹ fail 0
ℹ cancelled 0
ℹ skipped 0
ℹ todo 0
ℹ duration_ms 78576.8962
