$ node --test --test-concurrency=2 --test-timeout=180000 scenarios/repo-steward/steward.test.mjs scenarios/repo-steward/actions.test.mjs scenarios/repo-steward/recurring-audit.test.mjs scenarios/repo-steward/feedback.test.mjs scenarios/repo-steward/maintenance.test.mjs scenarios/repo-steward/feedback-cli.test.mjs
✔ Actions preview performs no live reads or summary publication (2.0568ms)
✔ Actions fixture uses the real auditor without GitHub access (27.1349ms)
✔ invalid workflow input is rejected during preview without data access (0.9775ms)
✔ hosted live mode rejects non-Actions host before reading data (0.5015ms)
✔ hosted live mode rejects PR event before reading data (0.4413ms)
✔ hosted live mode rejects another repository before reading data (0.2745ms)
✔ hosted live mode rejects feature branch before reading data (0.3958ms)
✔ hosted live mode rejects another actor before reading data (0.3412ms)
✔ hosted live mode rejects another rerun operator before reading data (0.4113ms)
✔ hosted live mode rejects missing triggering actor before reading data (0.5741ms)
✔ hosted live mode rejects missing source commit before reading data (0.2907ms)
✔ hosted live mode rejects disabled pilot before reading data (0.1662ms)
✔ hosted live mode rejects unapproved public summary before reading data (0.2453ms)
✔ hosted live mode rejects missing credential before reading data (0.1962ms)
✔ hosted live mode rejects blank credential before reading data (0.2289ms)
✔ hosted live mode rejects write-enabled configuration before reading data (0.1871ms)
✔ GITHUB_TOKEN does not substitute for Project-readable credentials (0.3303ms)
✔ an admitted live path collects once and retains zero mutations (5.5269ms)
✔ collector failure does not produce a successful report (0.4005ms)
✔ stale hosted snapshots fail instead of publishing old findings (7.6716ms)
✔ public summaries never include free-form source or evidence text (7.1446ms)
✔ summary rejects unknown rule (4.2111ms)
✔ summary rejects bad finding id (4.7568ms)
✔ summary rejects foreign reference (5.1737ms)
✔ summary rejects mutation claim (5.8244ms)
✔ summary rejects wrong scope (4.2462ms)
✔ summary rejects invalid timestamp (4.9677ms)
✔ summary rejects bad totals (5.8115ms)
✔ public finding index is bounded without copying omitted details (5.1811ms)
✔ every configured fixture rule has an explicit publication review (5.1105ms)
✔ summary file writes remain inside a supplied native temporary directory (17.9866ms)
✔ Actions CLI rejects unsupported arguments --apply (0.3079ms)
✔ Actions CLI rejects unsupported arguments --live (0.1575ms)
✔ Actions CLI rejects unsupported arguments --live (0.0939ms)
✔ actual fixture CLI needs no hosted secrets or Teams SDK (220.5227ms)
✔ manual workflow keeps first-party actions pinned and live credentials isolated (2.7442ms)
✔ feedback CLI rejects unsupported, missing and duplicate transition arguments (2.2014ms)
✔ new-file corpus output preserves the previous version and refuses overwrite (24.6294ms)
✔ initializing a corpus binds the validated input scope without changing its snapshot (45.6744ms)
✔ partial snapshot cannot create a corpus file (25.1441ms)
✔ redirected output parent is refused without writing through it (6.0454ms)
✔ review evidence must be a file and cannot use a directory as a digest source (48.23ms)
✔ review CLI records the exact binary digest and closes its descriptor (89.6199ms)
✔ same-size review replacement between metadata check and open cannot update a corpus (36.1245ms)
✔ review parent swapped for a symlink or junction before open is rejected (44.5398ms)
✔ same-size pathname replacement after descriptor read is rejected (34.142ms)
✔ same-size in-place review rewrite cannot hide behind a restored modification time (33.1262ms)
✔ review growth after open stays within its original byte bound and is rejected (32.3713ms)
✔ bounded review reads handle partial reads and reject empty or oversized files (22.5773ms)
✔ native behavioral evidence remains candidate with original local source and no finding impersonation (81.1923ms)
✔ native behavioral activation is denied for mixed support and forged active or retired history (56.7247ms)
✔ native behavioral candidates can be rejected without widening legacy review authority (52.3831ms)
✔ native behavioral bytes, identity claims, source and repeated runs remain validated (136.2381ms)
✔ evidence binds actual audit finding and supplied snapshot without certifying collection or identity (14.2225ms)
✔ accepted missing Project status binds the native serialized report and finding in evidence and observations (47.8092ms)
✔ auditor optional-field normalization retains strict data-only feedback and report validation (68.6792ms)
✔ timestamp-only or unrelated snapshot changes do not manufacture repeated supporting evidence (37.5772ms)
✔ partial, cross-scope, stale or missing findings cannot become feedback evidence (23.6035ms)
✔ feedback source pins accept exactly 40 or 64 hexadecimal characters, including supplied evidence (77.7339ms)
✔ candidate, active and retired versions preserve their inputs and have exact transition digests (17.3931ms)
✔ one observation, fabricated evidence bytes and replayed reviews cannot activate a rule (79.199ms)
✔ reviewer labels and claimed approval booleans do not supply verified review authority (22.4737ms)
✔ explicit rejection remains terminal and contributes no advice (37.0356ms)
✔ prospective expiry is mandatory, bounded, and effective at the exact boundary (107.9027ms)
✔ active capacity cannot expand and supersession retires only the exact predecessor (72.5525ms)
✔ supersession rejects stale targets and cannot cross finding rules (53.6602ms)
✔ active guidance annotates only matching findings without hiding or changing original conclusions (25.8869ms)
✔ broad matching admits at most the finite annotation limit and never truncates an excessive report (397.9082ms)
✔ serialized output bytes are admitted before escaped guidance and evidence references fan out (57.3783ms)
✔ later audits honor activation and retirement while the original report stays identical (52.8379ms)
✔ unknown executable, suppression, assignment and permission options are rejected (150.9871ms)
✔ stale reports, foreign scope and altered evidence fail closed (30.9716ms)
✔ canonical digests ignore property insertion order but reject executable and non-finite data (0.4211ms)
✔ reusable corpus validation preserves input and rejects authority claims or altered guidance (17.3817ms)
✔ explicit collector profile requires a hash and cannot relabel a supplied snapshot (3.0524ms)
✔ recurrence requires finite explicit bounds before reading any input (0.8912ms)
✔ finite recurrence reloads snapshot and feedback on every cycle (2.7894ms)
✔ paused and stopped records prevent collection and input reads (2.8397ms)
✔ exhausted persisted attempts reject before snapshot, feedback or live collection (3.2983ms)
✔ watch admits the final allowed attempt and then stops before collecting another snapshot (1.7617ms)
✔ source mismatch refuses before reading snapshot or feedback (1.4877ms)
✔ a failed cycle stops recurrence without retrying or losing the failure (1.8077ms)
✔ first snapshot acquisition failure retains one sanitized failed attempt (358.6804ms)
✔ later corpus acquisition failure preserves earlier accepted evidence and consumes one attempt (906.8275ms)
✔ live acquisition failure is retained once without raw error text or a retry (308.6237ms)
✔ pause and stop during failed acquisition remain effective without a new admitted attempt (2363.184ms)
✔ deadline crossing during failed acquisition prevents late attempt admission (1.4823ms)
✔ interruption during failed acquisition prevents a new admitted attempt (1.6709ms)
✔ duration bounds stop admission after collection without writing a late result (1.3198ms)
✔ interruption during an interval exits without another audit (1.3091ms)
✔ control commands delegate exact action, source and reason without collecting (3.3395ms)
✔ status exposes bounded metadata and no retained finding text (1.1546ms)
✔ one audit writes source-bound immutable private reports and an advisory handoff (473.9488ms)
✔ fresh capture timestamps and transport metrics alone produce no new report or proposal across restart (858.3524ms)
✔ live state binds the exact selected principal and profile through restart and controls (2701.8793ms)
✔ profile metadata cannot convert supplied evidence or a different live principal into accepted observations (300.6595ms)
✔ changed scoped content produces a new receipt while retaining stable finding dedupe (551.3254ms)
✔ resolved findings are recorded without claiming a remote correction (518.2443ms)
✔ stale input fails and preserves a failed attempt, never reusing previous success (633.6118ms)
✔ future input fails and preserves a failed attempt, never reusing previous success (641.9737ms)
✔ incomplete input fails and preserves a failed attempt, never reusing previous success (615.5218ms)
✔ source drift fails and preserves a failed attempt, never reusing previous success (610.3766ms)
✔ changing the caller source pin cannot migrate an existing directory (478.6646ms)
✔ pause prevents input use, resume retains dedupe, and stop cannot resume (2576.8831ms)
✔ concurrent cycles have one winner and never create duplicate accepted receipts (438.2544ms)
✔ retained locks fail closed without PID reuse or timeout-based recovery (18.9096ms)
✔ incomplete intent and rollback to an older checkpoint refuse replay (716.4063ms)
✔ tampered referenced artifacts are rejected and preserved (382.3265ms)
✔ output-directory redirection refuses writes through a symlink or junction (14.762ms)
✔ an unexpected output file is retained, not overwritten or removed (24.6038ms)
✔ status rejects unexpected files in initialized state before accepting its control projection (306.6339ms)
✔ missing, traversal-style and incomplete control requests do not create authority (5.9069ms)
✔ live source claims retain the existing collector identity and zero-write metadata (342.9405ms)
✔ finite convenience API has explicit bounds and performs no scheduling (946.7147ms)
✔ state and artifact redirection are not followed on read (271.6567ms)
✔ alter of earlier history is detected after a newer successful cycle (718.6629ms)
✔ delete of earlier history is detected after a newer successful cycle (674.1256ms)
✔ changed implementation pins fail before a new intent is written (409.7434ms)
✔ a directory replaced while a caller holds its lock cannot redirect any artifact write (369.7819ms)
✔ actual corpus activation and retirement change only separately bound advisory output (1386.9763ms)
✔ expiry invalidates cached advisory annotations even without corpus byte changes (692.1362ms)
✔ mixed retained controls and new cycles enforce one transition bound with a reserved terminal stop (63361.2314ms)
✔ accepted snapshots with omitted optional metadata produce parseable JSON artifacts and replay (499.4973ms)
✔ optional auditor metadata works through the real feedback evidence and recurring consumer bridge (524.0078ms)
✔ policy has the ten requested workstreams and never assigns people (5.2923ms)
✔ classification supports Multiplayer (7.5139ms)
✔ classification supports UX/UI (2.3204ms)
✔ classification supports Multi-system execution (1.8749ms)
✔ classification supports Janitor (1.5922ms)
✔ classification supports Dynamic agent teams (1.4596ms)
✔ classification supports DevOps/PR review/branch protection (2.4652ms)
✔ classification supports Security (1.5475ms)
✔ classification supports Agent communication layer (1.3472ms)
✔ classification supports Dark factory automation (1.5769ms)
✔ classification supports Backend scalability / pub-sub (1.2611ms)
✔ classification preserves labels and assignees (17.6783ms)
✔ UX alias means UX/UI (16.8245ms)
✔ an unassigned issue is not a violation (8.1907ms)
✔ full fixture audit has zero mutations and catches closing-link conflict (6.1889ms)
✔ non-closing prose overrides no native link, not unrelated partial references (4.8476ms)
✔ explicit do-not-close linked issue is flagged (5.8965ms)
✔ closed unmerged PR does not close an open issue (6.5632ms)
✔ reopened issue remains open after a historical merged PR (6.2867ms)
✔ no automatic close for several partial PRs (5.6216ms)
✔ only explicit dependency section is interpreted (0.3098ms)
✔ code fences and quoted references are not dependency authority (0.3068ms)
✔ native/text dependency disagreement is flagged (5.4273ms)
✔ matching dependencies do not produce a mismatch (4.8266ms)
✔ dependency cycles are bounded and reported once (4.7811ms)
✔ parent hierarchy mismatch and cycle are detected (4.4104ms)
✔ outside-scope dependency is not fetched or treated as complete (4.1549ms)
✔ missing local dependency is unverified, not closed (4.0924ms)
✔ open issue marked Done is flagged without changing the board (4.3187ms)
✔ unknown workstream is a review hint, not a rename (3.6725ms)
✔ locked default branch is flagged, without bypass (4.1542ms)
✔ stale PR source head is reported (4.2267ms)
✔ current independent review is accepted as evidence (4.0154ms)
✔ author approval is not current independent human approval (3.8272ms)
✔ bot approval is not current independent human approval (4.3488ms)
✔ old-head approval is not current independent human approval (4.3135ms)
✔ later comment does not erase a valid prior approval (3.7012ms)
✔ failed checks and requested changes are surfaced (3.7729ms)
✔ missing checks are not a success (4.4112ms)
✔ stale snapshots are labeled (4.0689ms)
✔ future snapshots fail closed (1.7791ms)
✔ finding IDs are stable across repeated reads (7.1773ms)
✔ reported secrets are redacted and Markdown is escaped (10.6082ms)
✔ refuses: assign #50 to example-user (4.832ms)
✔ refuses: label #50 multiplayer (4.7587ms)
✔ refuses: close #50 (5.3354ms)
✔ refuses: merge PR #237 (4.6247ms)
✔ refuses: enable auto-merge (4.2844ms)
✔ refuses: delete a branch (5.0182ms)
✔ refuses: approve PR #237 (4.3349ms)
✔ refuses: can you change the rules (4.4276ms)
✔ question answers use recorded evidence and canonical references (5.1156ms)
✔ reverse dependency questions list dependents (5.2091ms)
✔ unknown questions ask for clarification (5.964ms)
✔ untrusted instruction text grants no tools (4.8002ms)
✔ snapshot rejects wrong repo (1.1888ms)
✔ snapshot rejects wrong project (1.0093ms)
✔ snapshot rejects partial coverage (1.0428ms)
✔ snapshot rejects wrong count (1.059ms)
✔ snapshot rejects duplicate issue (1.1759ms)
✔ snapshot rejects hostile URL (1.101ms)
✔ snapshot rejects hidden project item (1.2877ms)
✔ snapshot rejects cross-repo item (1.7585ms)
✔ snapshot rejects duplicate project item (1.5092ms)
✔ snapshot rejects oversized body (1.2944ms)
✔ collector completes two matching passes with no writes (6.1116ms)
✔ collector rejects issue drift between passes (2.6326ms)
✔ collector rejects incomplete nested dependencies (1.6777ms)
✔ collector rejects a changed PR head/check binding (1.2036ms)
✔ collector rejects repeated pagination cursors (1.2235ms)
✔ collector rejects inaccessible connection entries (0.1502ms)
✔ read client verifies Bakar404 and never switches accounts (1.3956ms)
✔ explicit hash-pinned read principal does not change the pilot or read allowlist (15.9853ms)
✔ collector profile rejects changed scope or unsupported fields: repository (15.9736ms)
✔ collector profile rejects changed scope or unsupported fields: project_id (18.3506ms)
✔ collector profile rejects changed scope or unsupported fields: project_number (17.0593ms)
✔ collector profile rejects changed scope or unsupported fields: token (18.4485ms)
✔ collector profile rejects changed scope or unsupported fields: url (19.2102ms)
✔ collector profile rejects changed scope or unsupported fields: collector_login (9.0156ms)
✔ collector profile rejects wrong hashes, changed bytes and duplicate keys (42.6397ms)
✔ profiled collection records the actual principal and rejects identity or profile drift (37.5823ms)
✔ read client exposes no arbitrary query or write operation (1.3787ms)
✔ GraphQL cursor remains data, not executable query text (1.26ms)
✔ GraphQL errors do not become accepted partial data (1.3171ms)
✔ GraphQL reserve prevents further reads (1.2714ms)
✔ collection has an elapsed-time bound (1.4348ms)
✔ dry run uses neither network nor output files (1.7804ms)
✔ CLI rejects apply (0.2083ms)
✔ CLI rejects audit --fixture --live (0.1478ms)
✔ CLI rejects audit --fixture --out ../escape.json (0.2056ms)
✔ CLI rejects audit --dry-run --out file.json (0.1759ms)
✔ CLI rejects audit --fixture --assign example-user (0.1224ms)
✔ CLI rejects ask --fixture (0.1211ms)
✔ actual CLI dry run works from another directory and has no network intent (167.2443ms)
✔ test chat prepares an evidence-based reply without sending it (6.2777ms)
✔ test chat rejects wrong tenant (0.3667ms)
✔ test chat rejects wrong group (0.1519ms)
✔ test chat rejects personal chat (0.1623ms)
✔ test chat rejects other channel (0.1363ms)
✔ test chat ignores messages without a mention (0.1434ms)
✔ test chat ignores its own messages (0.1703ms)
✔ test chat refuses mutation requests (5.2153ms)
✔ no production mode or implicit binding (0.3084ms)
ℹ tests 227
ℹ suites 0
ℹ pass 227
ℹ fail 0
ℹ cancelled 0
ℹ skipped 0
ℹ todo 0
ℹ duration_ms 85781.8137
