$ node --test --test-concurrency=2 --test-timeout=180000 scenarios/repo-steward/steward.test.mjs scenarios/repo-steward/actions.test.mjs scenarios/repo-steward/recurring-audit.test.mjs scenarios/repo-steward/feedback.test.mjs scenarios/repo-steward/maintenance.test.mjs scenarios/repo-steward/feedback-cli.test.mjs
✔ Actions preview performs no live reads or summary publication (1.8344ms)
✔ Actions fixture uses the real auditor without GitHub access (25.744ms)
✔ invalid workflow input is rejected during preview without data access (0.9655ms)
✔ hosted live mode rejects non-Actions host before reading data (0.3539ms)
✔ hosted live mode rejects PR event before reading data (0.7756ms)
✔ hosted live mode rejects another repository before reading data (0.1785ms)
✔ hosted live mode rejects feature branch before reading data (0.273ms)
✔ hosted live mode rejects another actor before reading data (0.1794ms)
✔ hosted live mode rejects another rerun operator before reading data (0.4446ms)
✔ hosted live mode rejects missing triggering actor before reading data (0.6117ms)
✔ hosted live mode rejects missing source commit before reading data (0.272ms)
✔ hosted live mode rejects disabled pilot before reading data (0.1719ms)
✔ hosted live mode rejects unapproved public summary before reading data (0.1339ms)
✔ hosted live mode rejects missing credential before reading data (0.1117ms)
✔ hosted live mode rejects blank credential before reading data (0.1347ms)
✔ hosted live mode rejects write-enabled configuration before reading data (0.1333ms)
✔ GITHUB_TOKEN does not substitute for Project-readable credentials (0.1923ms)
✔ an admitted live path collects once and retains zero mutations (5.1737ms)
✔ collector failure does not produce a successful report (0.2967ms)
✔ stale hosted snapshots fail instead of publishing old findings (4.7013ms)
✔ public summaries never include free-form source or evidence text (4.5946ms)
✔ summary rejects unknown rule (3.6099ms)
✔ summary rejects bad finding id (3.9804ms)
✔ summary rejects foreign reference (3.9744ms)
✔ summary rejects mutation claim (4.1831ms)
✔ summary rejects wrong scope (3.6488ms)
✔ summary rejects invalid timestamp (3.7954ms)
✔ summary rejects bad totals (4.0602ms)
✔ public finding index is bounded without copying omitted details (4.5002ms)
✔ every configured fixture rule has an explicit publication review (3.9271ms)
✔ summary file writes remain inside a supplied native temporary directory (8.724ms)
✔ Actions CLI rejects unsupported arguments --apply (0.3426ms)
✔ Actions CLI rejects unsupported arguments --live (0.1882ms)
✔ Actions CLI rejects unsupported arguments --live (0.1465ms)
✔ actual fixture CLI needs no hosted secrets or Teams SDK (175.0945ms)
✔ manual workflow keeps first-party actions pinned and live credentials isolated (2.4769ms)
✔ feedback CLI rejects unsupported, missing and duplicate transition arguments (2.1174ms)
✔ new-file corpus output preserves the previous version and refuses overwrite (21.9452ms)
✔ initializing a corpus binds the validated input scope without changing its snapshot (38.8977ms)
✔ partial snapshot cannot create a corpus file (20.6977ms)
✔ redirected output parent is refused without writing through it (5.0664ms)
✔ review evidence must be a file and cannot use a directory as a digest source (46.2679ms)
✔ review CLI records the exact binary digest and closes its descriptor (75.5679ms)
✔ same-size review replacement between metadata check and open cannot update a corpus (26.9092ms)
✔ review parent swapped for a symlink or junction before open is rejected (34.7408ms)
✔ same-size pathname replacement after descriptor read is rejected (25.4389ms)
✔ same-size in-place review rewrite cannot hide behind a restored modification time (25.7541ms)
✔ review growth after open stays within its original byte bound and is rejected (25.695ms)
✔ bounded review reads handle partial reads and reject empty or oversized files (15.913ms)
✔ native behavioral evidence remains candidate with original local source and no finding impersonation (63.0055ms)
✔ native behavioral activation is denied for mixed support and forged active or retired history (45.6463ms)
✔ native behavioral candidates can be rejected without widening legacy review authority (45.271ms)
✔ native behavioral bytes, identity claims, source and repeated runs remain validated (102.9967ms)
✔ evidence binds actual audit finding and supplied snapshot without certifying collection or identity (8.9121ms)
✔ accepted missing Project status binds the native serialized report and finding in evidence and observations (36.3655ms)
✔ auditor optional-field normalization retains strict data-only feedback and report validation (55.1914ms)
✔ timestamp-only or unrelated snapshot changes do not manufacture repeated supporting evidence (26.7351ms)
✔ partial, cross-scope, stale or missing findings cannot become feedback evidence (12.0296ms)
✔ feedback source pins accept exactly 40 or 64 hexadecimal characters, including supplied evidence (60.8551ms)
✔ candidate, active and retired versions preserve their inputs and have exact transition digests (16.316ms)
✔ one observation, fabricated evidence bytes and replayed reviews cannot activate a rule (64.5999ms)
✔ reviewer labels and claimed approval booleans do not supply verified review authority (21.3418ms)
✔ explicit rejection remains terminal and contributes no advice (34.7959ms)
✔ prospective expiry is mandatory, bounded, and effective at the exact boundary (89.1282ms)
✔ active capacity cannot expand and supersession retires only the exact predecessor (58.2517ms)
✔ supersession rejects stale targets and cannot cross finding rules (48.779ms)
✔ active guidance annotates only matching findings without hiding or changing original conclusions (21.0307ms)
✔ broad matching admits at most the finite annotation limit and never truncates an excessive report (308.8626ms)
✔ serialized output bytes are admitted before escaped guidance and evidence references fan out (55.5851ms)
✔ later audits honor activation and retirement while the original report stays identical (33.574ms)
✔ unknown executable, suppression, assignment and permission options are rejected (135.2899ms)
✔ stale reports, foreign scope and altered evidence fail closed (23.9564ms)
✔ canonical digests ignore property insertion order but reject executable and non-finite data (0.379ms)
✔ reusable corpus validation preserves input and rejects authority claims or altered guidance (15.1225ms)
✔ explicit collector profile requires a hash and cannot relabel a supplied snapshot (2.7825ms)
✔ recurrence requires finite explicit bounds before reading any input (0.85ms)
✔ finite recurrence reloads snapshot and feedback on every cycle (2.4053ms)
✔ paused and stopped records prevent collection and input reads (2.0234ms)
✔ exhausted persisted attempts reject before snapshot, feedback or live collection (2.3283ms)
✔ watch admits the final allowed attempt and then stops before collecting another snapshot (1.196ms)
✔ source mismatch refuses before reading snapshot or feedback (1.2138ms)
✔ a failed cycle stops recurrence without retrying or losing the failure (1.4023ms)
✔ first snapshot acquisition failure retains one sanitized failed attempt (288.3298ms)
✔ later corpus acquisition failure preserves earlier accepted evidence and consumes one attempt (736.7528ms)
✔ live acquisition failure is retained once without raw error text or a retry (270.0784ms)
✔ pause and stop during failed acquisition remain effective without a new admitted attempt (1840.2716ms)
✔ deadline crossing during failed acquisition prevents late attempt admission (1.3661ms)
✔ interruption during failed acquisition prevents a new admitted attempt (1.2185ms)
✔ duration bounds stop admission after collection without writing a late result (1.2886ms)
✔ interruption during an interval exits without another audit (1.0976ms)
✔ control commands delegate exact action, source and reason without collecting (2.627ms)
✔ status exposes bounded metadata and no retained finding text (0.9867ms)
✔ one audit writes source-bound immutable private reports and an advisory handoff (410.3613ms)
✔ fresh capture timestamps and transport metrics alone produce no new report or proposal across restart (664.5722ms)
✔ live state binds the exact selected principal and profile through restart and controls (2285.4927ms)
✔ profile metadata cannot convert supplied evidence or a different live principal into accepted observations (259.082ms)
✔ changed scoped content produces a new receipt while retaining stable finding dedupe (486.4181ms)
✔ resolved findings are recorded without claiming a remote correction (543.4157ms)
✔ stale input fails and preserves a failed attempt, never reusing previous success (562.0671ms)
✔ future input fails and preserves a failed attempt, never reusing previous success (585.5724ms)
✔ incomplete input fails and preserves a failed attempt, never reusing previous success (555.3698ms)
✔ source drift fails and preserves a failed attempt, never reusing previous success (581.5753ms)
✔ changing the caller source pin cannot migrate an existing directory (427.8831ms)
✔ pause prevents input use, resume retains dedupe, and stop cannot resume (2188.3904ms)
✔ concurrent cycles have one winner and never create duplicate accepted receipts (324.3274ms)
✔ retained locks fail closed without PID reuse or timeout-based recovery (17.1915ms)
✔ incomplete intent and rollback to an older checkpoint refuse replay (550.6138ms)
✔ tampered referenced artifacts are rejected and preserved (312.2916ms)
✔ output-directory redirection refuses writes through a symlink or junction (10.3273ms)
✔ an unexpected output file is retained, not overwritten or removed (19.5566ms)
✔ status rejects unexpected files in initialized state before accepting its control projection (260.3362ms)
✔ missing, traversal-style and incomplete control requests do not create authority (4.075ms)
✔ live source claims retain the existing collector identity and zero-write metadata (272.5985ms)
✔ finite convenience API has explicit bounds and performs no scheduling (868.8731ms)
✔ state and artifact redirection are not followed on read (226.258ms)
✔ alter of earlier history is detected after a newer successful cycle (644.2711ms)
✔ delete of earlier history is detected after a newer successful cycle (613.9881ms)
✔ changed implementation pins fail before a new intent is written (384.8073ms)
✔ a directory replaced while a caller holds its lock cannot redirect any artifact write (329.203ms)
✔ actual corpus activation and retirement change only separately bound advisory output (1233.7244ms)
✔ expiry invalidates cached advisory annotations even without corpus byte changes (552.2358ms)
✔ mixed retained controls and new cycles enforce one transition bound with a reserved terminal stop (59439.726ms)
✔ accepted snapshots with omitted optional metadata produce parseable JSON artifacts and replay (441.9273ms)
✔ optional auditor metadata works through the real feedback evidence and recurring consumer bridge (490.5145ms)
✔ policy has the ten requested workstreams and never assigns people (3.2587ms)
✔ classification supports Multiplayer (6.0478ms)
✔ classification supports UX/UI (1.7455ms)
✔ classification supports Multi-system execution (1.2831ms)
✔ classification supports Janitor (1.3889ms)
✔ classification supports Dynamic agent teams (1.2354ms)
✔ classification supports DevOps/PR review/branch protection (2.2793ms)
✔ classification supports Security (1.1693ms)
✔ classification supports Agent communication layer (1.1242ms)
✔ classification supports Dark factory automation (1.3041ms)
✔ classification supports Backend scalability / pub-sub (1.1062ms)
✔ classification preserves labels and assignees (12.1938ms)
✔ UX alias means UX/UI (17.5105ms)
✔ an unassigned issue is not a violation (5.0404ms)
✔ full fixture audit has zero mutations and catches closing-link conflict (4.6834ms)
✔ non-closing prose overrides no native link, not unrelated partial references (3.7544ms)
✔ explicit do-not-close linked issue is flagged (3.4109ms)
✔ closed unmerged PR does not close an open issue (4.1651ms)
✔ reopened issue remains open after a historical merged PR (3.427ms)
✔ no automatic close for several partial PRs (3.9081ms)
✔ only explicit dependency section is interpreted (0.1625ms)
✔ code fences and quoted references are not dependency authority (0.2025ms)
✔ native/text dependency disagreement is flagged (3.7795ms)
✔ matching dependencies do not produce a mismatch (4.6687ms)
✔ dependency cycles are bounded and reported once (4.0824ms)
✔ parent hierarchy mismatch and cycle are detected (3.6982ms)
✔ outside-scope dependency is not fetched or treated as complete (3.9597ms)
✔ missing local dependency is unverified, not closed (3.6033ms)
✔ open issue marked Done is flagged without changing the board (3.9438ms)
✔ unknown workstream is a review hint, not a rename (3.1713ms)
✔ locked default branch is flagged, without bypass (3.7527ms)
✔ stale PR source head is reported (3.5792ms)
✔ current independent review is accepted as evidence (4.0155ms)
✔ author approval is not current independent human approval (4.0032ms)
✔ bot approval is not current independent human approval (3.2367ms)
✔ old-head approval is not current independent human approval (3.5341ms)
✔ later comment does not erase a valid prior approval (3.8938ms)
✔ failed checks and requested changes are surfaced (3.8876ms)
✔ missing checks are not a success (3.3488ms)
✔ stale snapshots are labeled (3.7189ms)
✔ future snapshots fail closed (1.6203ms)
✔ finding IDs are stable across repeated reads (7.1241ms)
✔ reported secrets are redacted and Markdown is escaped (10.4562ms)
✔ refuses: assign #50 to example-user (5.0118ms)
✔ refuses: label #50 multiplayer (4.1443ms)
✔ refuses: close #50 (4.3159ms)
✔ refuses: merge PR #237 (3.9673ms)
✔ refuses: enable auto-merge (3.9494ms)
✔ refuses: delete a branch (3.9172ms)
✔ refuses: approve PR #237 (4.1017ms)
✔ refuses: can you change the rules (4.2439ms)
✔ question answers use recorded evidence and canonical references (4.513ms)
✔ reverse dependency questions list dependents (4.3025ms)
✔ unknown questions ask for clarification (4.5263ms)
✔ untrusted instruction text grants no tools (4.6222ms)
✔ snapshot rejects wrong repo (0.9974ms)
✔ snapshot rejects wrong project (0.8723ms)
✔ snapshot rejects partial coverage (0.9811ms)
✔ snapshot rejects wrong count (1.0113ms)
✔ snapshot rejects duplicate issue (1.0221ms)
✔ snapshot rejects hostile URL (1.1748ms)
✔ snapshot rejects hidden project item (1.1264ms)
✔ snapshot rejects cross-repo item (1.1114ms)
✔ snapshot rejects duplicate project item (1.2029ms)
✔ snapshot rejects oversized body (1.1055ms)
✔ collector completes two matching passes with no writes (4.226ms)
✔ collector rejects issue drift between passes (2.322ms)
✔ collector rejects incomplete nested dependencies (1.0311ms)
✔ collector rejects a changed PR head/check binding (1.424ms)
✔ collector rejects repeated pagination cursors (1.0411ms)
✔ collector rejects inaccessible connection entries (0.1523ms)
✔ read client verifies Bakar404 and never switches accounts (1.1459ms)
✔ explicit hash-pinned read principal does not change the pilot or read allowlist (24.5089ms)
✔ collector profile rejects changed scope or unsupported fields: repository (8.3239ms)
✔ collector profile rejects changed scope or unsupported fields: project_id (16.4305ms)
✔ collector profile rejects changed scope or unsupported fields: project_number (14.7442ms)
✔ collector profile rejects changed scope or unsupported fields: token (9.4809ms)
✔ collector profile rejects changed scope or unsupported fields: url (10.2271ms)
✔ collector profile rejects changed scope or unsupported fields: collector_login (16.5552ms)
✔ collector profile rejects wrong hashes, changed bytes and duplicate keys (25.4483ms)
✔ profiled collection records the actual principal and rejects identity or profile drift (28.2284ms)
✔ read client exposes no arbitrary query or write operation (1.0747ms)
✔ GraphQL cursor remains data, not executable query text (0.9933ms)
✔ GraphQL errors do not become accepted partial data (0.9862ms)
✔ GraphQL reserve prevents further reads (0.9911ms)
✔ collection has an elapsed-time bound (0.979ms)
✔ dry run uses neither network nor output files (1.8159ms)
✔ CLI rejects apply (0.1396ms)
✔ CLI rejects audit --fixture --live (0.0938ms)
✔ CLI rejects audit --fixture --out ../escape.json (0.1307ms)
✔ CLI rejects audit --dry-run --out file.json (0.0866ms)
✔ CLI rejects audit --fixture --assign example-user (0.0733ms)
✔ CLI rejects ask --fixture (0.0738ms)
✔ actual CLI dry run works from another directory and has no network intent (138.5761ms)
✔ test chat prepares an evidence-based reply without sending it (5.3008ms)
✔ test chat rejects wrong tenant (0.3356ms)
✔ test chat rejects wrong group (0.1477ms)
✔ test chat rejects personal chat (0.1282ms)
✔ test chat rejects other channel (0.1285ms)
✔ test chat ignores messages without a mention (0.1312ms)
✔ test chat ignores its own messages (0.1285ms)
✔ test chat refuses mutation requests (4.464ms)
✔ no production mode or implicit binding (0.245ms)
ℹ tests 227
ℹ suites 0
ℹ pass 227
ℹ fail 0
ℹ cancelled 0
ℹ skipped 0
ℹ todo 0
ℹ duration_ms 78738.5613
