node:internal/modules/run_main:107
    triggerUncaughtException(
    ^

AssertionError [ERR_ASSERTION]: Expected values to be strictly equal:
+ actual - expected

+ {
+   missionId: '6731e809-5268-4e81-861b-8c9bba334dd9',
+   runId: null,
+   taskId: null
+ }
- null

    at file:///<USERPROFILE>/code/ecorp/output/issue-completion/20260926T112626Z/issue258-review-browser-r2.mjs:212:10 {
  generatedMessage: true,
  code: 'ERR_ASSERTION',
  actual: {
    missionId: '6731e809-5268-4e81-861b-8c9bba334dd9',
    taskId: null,
    runId: null
  },
  expected: null,
  operator: 'strictEqual',
  diff: 'simple'
}

Node.js v24.21.0
