$ node --test --test-concurrency=2 --test-timeout=180000 scenarios/repo-steward/steward.test.mjs scenarios/repo-steward/actions.test.mjs scenarios/repo-steward/recurring-audit.test.mjs scenarios/repo-steward/feedback.test.mjs scenarios/repo-steward/maintenance.test.mjs scenarios/repo-steward/feedback-cli.test.mjs
✔ Actions preview performs no live reads or summary publication (1.7901ms)
✔ Actions fixture uses the real auditor without GitHub access (25.9922ms)
✔ invalid workflow input is rejected during preview without data access (0.926ms)
✔ hosted live mode rejects non-Actions host before reading data (0.4025ms)
✔ hosted live mode rejects PR event before reading data (0.312ms)
✔ hosted live mode rejects another repository before reading data (0.8498ms)
✔ hosted live mode rejects feature branch before reading data (0.3868ms)
✔ hosted live mode rejects another actor before reading data (0.3134ms)
✔ hosted live mode rejects another rerun operator before reading data (0.2569ms)
✔ hosted live mode rejects missing triggering actor before reading data (0.311ms)
✔ hosted live mode rejects missing source commit before reading data (0.2671ms)
✔ hosted live mode rejects disabled pilot before reading data (0.1521ms)
✔ hosted live mode rejects unapproved public summary before reading data (0.162ms)
✔ hosted live mode rejects missing credential before reading data (0.1215ms)
✔ hosted live mode rejects blank credential before reading data (0.134ms)
✔ hosted live mode rejects write-enabled configuration before reading data (0.1312ms)
✔ GITHUB_TOKEN does not substitute for Project-readable credentials (0.2407ms)
✔ an admitted live path collects once and retains zero mutations (5.2616ms)
✔ collector failure does not produce a successful report (0.255ms)
✔ stale hosted snapshots fail instead of publishing old findings (4.634ms)
✔ public summaries never include free-form source or evidence text (4.6771ms)
✔ summary rejects unknown rule (4.1926ms)
✔ summary rejects bad finding id (4.1512ms)
✔ summary rejects foreign reference (3.8637ms)
✔ summary rejects mutation claim (4.9403ms)
✔ summary rejects wrong scope (4.4744ms)
✔ summary rejects invalid timestamp (5.0063ms)
✔ summary rejects bad totals (6.5711ms)
✔ public finding index is bounded without copying omitted details (4.9273ms)
✔ every configured fixture rule has an explicit publication review (4.2733ms)
✔ summary file writes remain inside a supplied native temporary directory (16.2638ms)
✔ Actions CLI rejects unsupported arguments --apply (0.3152ms)
✔ Actions CLI rejects unsupported arguments --live (0.0972ms)
✔ Actions CLI rejects unsupported arguments --live (0.1489ms)
✔ actual fixture CLI needs no hosted secrets or Teams SDK (183.3333ms)
✔ manual workflow keeps first-party actions pinned and live credentials isolated (2.7136ms)
✔ feedback CLI rejects unsupported, missing and duplicate transition arguments (2.1125ms)
✔ new-file corpus output preserves the previous version and refuses overwrite (11.9308ms)
✔ initializing a corpus binds the validated input scope without changing its snapshot (40.0702ms)
✔ partial snapshot cannot create a corpus file (24.4454ms)
✔ redirected output parent is refused without writing through it (5.7651ms)
✔ review evidence must be a file and cannot use a directory as a digest source (44.2275ms)
✔ review CLI records the exact binary digest and closes its descriptor (74.217ms)
✔ same-size review replacement between metadata check and open cannot update a corpus (27.5011ms)
✔ review parent swapped for a symlink or junction before open is rejected (33.2449ms)
✔ same-size pathname replacement after descriptor read is rejected (31.2631ms)
✔ same-size in-place review rewrite cannot hide behind a restored modification time (26.1902ms)
✔ review growth after open stays within its original byte bound and is rejected (27.0478ms)
✔ bounded review reads handle partial reads and reject empty or oversized files (18.0152ms)
✔ native behavioral evidence remains candidate with original local source and no finding impersonation (63.873ms)
✔ native behavioral activation is denied for mixed support and forged active or retired history (44.9292ms)
✔ native behavioral candidates can be rejected without widening legacy review authority (47.2808ms)
✔ native behavioral bytes, identity claims, source and repeated runs remain validated (114.6051ms)
✔ evidence binds actual audit finding and supplied snapshot without certifying collection or identity (10.1334ms)
✔ accepted missing Project status binds the native serialized report and finding in evidence and observations (42.6639ms)
✔ auditor optional-field normalization retains strict data-only feedback and report validation (56.9168ms)
✔ timestamp-only or unrelated snapshot changes do not manufacture repeated supporting evidence (27.0759ms)
✔ partial, cross-scope, stale or missing findings cannot become feedback evidence (12.525ms)
✔ feedback source pins accept exactly 40 or 64 hexadecimal characters, including supplied evidence (65.5365ms)
✔ candidate, active and retired versions preserve their inputs and have exact transition digests (16.8751ms)
✔ one observation, fabricated evidence bytes and replayed reviews cannot activate a rule (72.4953ms)
✔ reviewer labels and claimed approval booleans do not supply verified review authority (24.0962ms)
✔ explicit rejection remains terminal and contributes no advice (45.5309ms)
✔ prospective expiry is mandatory, bounded, and effective at the exact boundary (90.6233ms)
✔ active capacity cannot expand and supersession retires only the exact predecessor (62.1056ms)
✔ supersession rejects stale targets and cannot cross finding rules (50.5108ms)
✔ active guidance annotates only matching findings without hiding or changing original conclusions (26.4547ms)
✔ broad matching admits at most the finite annotation limit and never truncates an excessive report (338.4868ms)
✔ serialized output bytes are admitted before escaped guidance and evidence references fan out (56.7067ms)
✔ later audits honor activation and retirement while the original report stays identical (37.5523ms)
✔ unknown executable, suppression, assignment and permission options are rejected (128.2878ms)
✔ stale reports, foreign scope and altered evidence fail closed (24.2959ms)
✔ canonical digests ignore property insertion order but reject executable and non-finite data (0.379ms)
✔ reusable corpus validation preserves input and rejects authority claims or altered guidance (15.7739ms)
✔ explicit collector profile requires a hash and cannot relabel a supplied snapshot (2.9746ms)
✔ recurrence requires finite explicit bounds before reading any input (0.8937ms)
✔ finite recurrence reloads snapshot and feedback on every cycle (3.6718ms)
✔ paused and stopped records prevent collection and input reads (2.8604ms)
✔ exhausted persisted attempts reject before snapshot, feedback or live collection (2.6973ms)
✔ watch admits the final allowed attempt and then stops before collecting another snapshot (1.7325ms)
✔ source mismatch refuses before reading snapshot or feedback (1.696ms)
✔ a failed cycle stops recurrence without retrying or losing the failure (1.5517ms)
✔ first snapshot acquisition failure retains one sanitized failed attempt (321.8375ms)
✔ later corpus acquisition failure preserves earlier accepted evidence and consumes one attempt (784.7235ms)
✔ live acquisition failure is retained once without raw error text or a retry (274.6206ms)
✔ pause and stop during failed acquisition remain effective without a new admitted attempt (2018.398ms)
✔ deadline crossing during failed acquisition prevents late attempt admission (1.4154ms)
✔ interruption during failed acquisition prevents a new admitted attempt (1.1155ms)
✔ duration bounds stop admission after collection without writing a late result (0.9628ms)
✔ interruption during an interval exits without another audit (1.1026ms)
✔ control commands delegate exact action, source and reason without collecting (2.6099ms)
✔ status exposes bounded metadata and no retained finding text (1.1532ms)
✔ one audit writes source-bound immutable private reports and an advisory handoff (453.5277ms)
✔ fresh capture timestamps and transport metrics alone produce no new report or proposal across restart (712.1079ms)
✔ live state binds the exact selected principal and profile through restart and controls (2494.9503ms)
✔ profile metadata cannot convert supplied evidence or a different live principal into accepted observations (288.9227ms)
✔ changed scoped content produces a new receipt while retaining stable finding dedupe (518.2025ms)
✔ resolved findings are recorded without claiming a remote correction (519.0295ms)
✔ stale input fails and preserves a failed attempt, never reusing previous success (605.186ms)
✔ future input fails and preserves a failed attempt, never reusing previous success (581.2168ms)
✔ incomplete input fails and preserves a failed attempt, never reusing previous success (608.0104ms)
✔ source drift fails and preserves a failed attempt, never reusing previous success (588.1335ms)
✔ changing the caller source pin cannot migrate an existing directory (447.1996ms)
✔ pause prevents input use, resume retains dedupe, and stop cannot resume (2293.8632ms)
✔ concurrent cycles have one winner and never create duplicate accepted receipts (336.3631ms)
✔ retained locks fail closed without PID reuse or timeout-based recovery (20.7924ms)
✔ incomplete intent and rollback to an older checkpoint refuse replay (568.1541ms)
✔ tampered referenced artifacts are rejected and preserved (320.3824ms)
✔ output-directory redirection refuses writes through a symlink or junction (11.7615ms)
✔ an unexpected output file is retained, not overwritten or removed (18.5913ms)
✔ status rejects unexpected files in initialized state before accepting its control projection (266.4598ms)
✔ missing, traversal-style and incomplete control requests do not create authority (5.7607ms)
✔ live source claims retain the existing collector identity and zero-write metadata (279.1345ms)
✔ finite convenience API has explicit bounds and performs no scheduling (937.1118ms)
✔ state and artifact redirection are not followed on read (252.5229ms)
✔ alter of earlier history is detected after a newer successful cycle (657.6138ms)
✔ delete of earlier history is detected after a newer successful cycle (632.2827ms)
✔ changed implementation pins fail before a new intent is written (399.5357ms)
✔ a directory replaced while a caller holds its lock cannot redirect any artifact write (326.5378ms)
✔ actual corpus activation and retirement change only separately bound advisory output (1299.1272ms)
✔ expiry invalidates cached advisory annotations even without corpus byte changes (585.9271ms)
✔ mixed retained controls and new cycles enforce one transition bound with a reserved terminal stop (62376.8953ms)
✔ accepted snapshots with omitted optional metadata produce parseable JSON artifacts and replay (491.7894ms)
✔ optional auditor metadata works through the real feedback evidence and recurring consumer bridge (554.7747ms)
✔ policy has the ten requested workstreams and never assigns people (3.1769ms)
✔ classification supports Multiplayer (6.0298ms)
✔ classification supports UX/UI (1.8084ms)
✔ classification supports Multi-system execution (1.2116ms)
✔ classification supports Janitor (1.2686ms)
✔ classification supports Dynamic agent teams (1.1898ms)
✔ classification supports DevOps/PR review/branch protection (1.1353ms)
✔ classification supports Security (1.1609ms)
✔ classification supports Agent communication layer (1.5387ms)
✔ classification supports Dark factory automation (1.5123ms)
✔ classification supports Backend scalability / pub-sub (1.0705ms)
✔ classification preserves labels and assignees (12.0937ms)
✔ UX alias means UX/UI (15.0098ms)
✔ an unassigned issue is not a violation (5.4706ms)
✔ full fixture audit has zero mutations and catches closing-link conflict (4.7136ms)
✔ non-closing prose overrides no native link, not unrelated partial references (3.8552ms)
✔ explicit do-not-close linked issue is flagged (3.6877ms)
✔ closed unmerged PR does not close an open issue (3.9557ms)
✔ reopened issue remains open after a historical merged PR (3.492ms)
✔ no automatic close for several partial PRs (4.055ms)
✔ only explicit dependency section is interpreted (0.2026ms)
✔ code fences and quoted references are not dependency authority (0.2176ms)
✔ native/text dependency disagreement is flagged (4.3546ms)
✔ matching dependencies do not produce a mismatch (4.1245ms)
✔ dependency cycles are bounded and reported once (4.2975ms)
✔ parent hierarchy mismatch and cycle are detected (4.2939ms)
✔ outside-scope dependency is not fetched or treated as complete (4.034ms)
✔ missing local dependency is unverified, not closed (3.6507ms)
✔ open issue marked Done is flagged without changing the board (4.1447ms)
✔ unknown workstream is a review hint, not a rename (3.5869ms)
✔ locked default branch is flagged, without bypass (3.7627ms)
✔ stale PR source head is reported (3.8907ms)
✔ current independent review is accepted as evidence (3.8254ms)
✔ author approval is not current independent human approval (4.275ms)
✔ bot approval is not current independent human approval (3.8056ms)
✔ old-head approval is not current independent human approval (3.9649ms)
✔ later comment does not erase a valid prior approval (3.6779ms)
✔ failed checks and requested changes are surfaced (3.9882ms)
✔ missing checks are not a success (4.4184ms)
✔ stale snapshots are labeled (3.4381ms)
✔ future snapshots fail closed (1.6858ms)
✔ finding IDs are stable across repeated reads (7.0239ms)
✔ reported secrets are redacted and Markdown is escaped (11.4797ms)
✔ refuses: assign #50 to example-user (4.7567ms)
✔ refuses: label #50 multiplayer (4.4126ms)
✔ refuses: close #50 (4.7838ms)
✔ refuses: merge PR #237 (4.418ms)
✔ refuses: enable auto-merge (4.3566ms)
✔ refuses: delete a branch (4.719ms)
✔ refuses: approve PR #237 (4.1151ms)
✔ refuses: can you change the rules (4.4272ms)
✔ question answers use recorded evidence and canonical references (4.7723ms)
✔ reverse dependency questions list dependents (4.8507ms)
✔ unknown questions ask for clarification (6.1434ms)
✔ untrusted instruction text grants no tools (4.7244ms)
✔ snapshot rejects wrong repo (1.3406ms)
✔ snapshot rejects wrong project (1.1912ms)
✔ snapshot rejects partial coverage (1.0247ms)
✔ snapshot rejects wrong count (1.1607ms)
✔ snapshot rejects duplicate issue (1.6947ms)
✔ snapshot rejects hostile URL (1.3998ms)
✔ snapshot rejects hidden project item (1.7277ms)
✔ snapshot rejects cross-repo item (1.4661ms)
✔ snapshot rejects duplicate project item (1.3843ms)
✔ snapshot rejects oversized body (1.2976ms)
✔ collector completes two matching passes with no writes (5.0247ms)
✔ collector rejects issue drift between passes (3.1846ms)
✔ collector rejects incomplete nested dependencies (1.2659ms)
✔ collector rejects a changed PR head/check binding (1.3967ms)
✔ collector rejects repeated pagination cursors (1.1795ms)
✔ collector rejects inaccessible connection entries (0.1575ms)
✔ read client verifies Bakar404 and never switches accounts (1.2956ms)
✔ explicit hash-pinned read principal does not change the pilot or read allowlist (16.3638ms)
✔ collector profile rejects changed scope or unsupported fields: repository (9.4998ms)
✔ collector profile rejects changed scope or unsupported fields: project_id (11.5673ms)
✔ collector profile rejects changed scope or unsupported fields: project_number (9.854ms)
✔ collector profile rejects changed scope or unsupported fields: token (18.1787ms)
✔ collector profile rejects changed scope or unsupported fields: url (9.9003ms)
✔ collector profile rejects changed scope or unsupported fields: collector_login (9.4564ms)
✔ collector profile rejects wrong hashes, changed bytes and duplicate keys (42.4714ms)
✔ profiled collection records the actual principal and rejects identity or profile drift (32.7907ms)
✔ read client exposes no arbitrary query or write operation (1.1597ms)
✔ GraphQL cursor remains data, not executable query text (1.1265ms)
✔ GraphQL errors do not become accepted partial data (1.0208ms)
✔ GraphQL reserve prevents further reads (1.2892ms)
✔ collection has an elapsed-time bound (1.137ms)
✔ dry run uses neither network nor output files (1.2591ms)
✔ CLI rejects apply (0.1891ms)
✔ CLI rejects audit --fixture --live (0.1843ms)
✔ CLI rejects audit --fixture --out ../escape.json (0.2088ms)
✔ CLI rejects audit --dry-run --out file.json (0.1323ms)
✔ CLI rejects audit --fixture --assign example-user (0.1141ms)
✔ CLI rejects ask --fixture (0.1157ms)
✔ actual CLI dry run works from another directory and has no network intent (158.4421ms)
✔ test chat prepares an evidence-based reply without sending it (5.7423ms)
✔ test chat rejects wrong tenant (0.321ms)
✔ test chat rejects wrong group (0.1939ms)
✔ test chat rejects personal chat (0.143ms)
✔ test chat rejects other channel (0.1275ms)
✔ test chat ignores messages without a mention (0.1399ms)
✔ test chat ignores its own messages (0.1224ms)
✔ test chat refuses mutation requests (5.3218ms)
✔ no production mode or implicit binding (0.3744ms)
ℹ tests 227
ℹ suites 0
ℹ pass 227
ℹ fail 0
ℹ cancelled 0
ℹ skipped 0
ℹ todo 0
ℹ duration_ms 82809.0055
