$ node --test --test-concurrency=2 --test-timeout=180000 scenarios/repo-steward/steward.test.mjs scenarios/repo-steward/actions.test.mjs scenarios/repo-steward/recurring-audit.test.mjs scenarios/repo-steward/feedback.test.mjs scenarios/repo-steward/maintenance.test.mjs scenarios/repo-steward/feedback-cli.test.mjs
✔ Actions preview performs no live reads or summary publication (1.8229ms)
✔ Actions fixture uses the real auditor without GitHub access (26.3665ms)
✔ invalid workflow input is rejected during preview without data access (1.0472ms)
✔ hosted live mode rejects non-Actions host before reading data (0.3494ms)
✔ hosted live mode rejects PR event before reading data (0.2599ms)
✔ hosted live mode rejects another repository before reading data (0.1925ms)
✔ hosted live mode rejects feature branch before reading data (0.3288ms)
✔ hosted live mode rejects another actor before reading data (0.1779ms)
✔ hosted live mode rejects another rerun operator before reading data (0.2483ms)
✔ hosted live mode rejects missing triggering actor before reading data (0.3409ms)
✔ hosted live mode rejects missing source commit before reading data (0.262ms)
✔ hosted live mode rejects disabled pilot before reading data (0.1531ms)
✔ hosted live mode rejects unapproved public summary before reading data (0.1223ms)
✔ hosted live mode rejects missing credential before reading data (0.108ms)
✔ hosted live mode rejects blank credential before reading data (0.196ms)
✔ hosted live mode rejects write-enabled configuration before reading data (0.1691ms)
✔ GITHUB_TOKEN does not substitute for Project-readable credentials (0.2623ms)
✔ an admitted live path collects once and retains zero mutations (9.0863ms)
✔ collector failure does not produce a successful report (0.3823ms)
✔ stale hosted snapshots fail instead of publishing old findings (5.3179ms)
✔ public summaries never include free-form source or evidence text (4.7192ms)
✔ summary rejects unknown rule (3.7919ms)
✔ summary rejects bad finding id (4.6457ms)
✔ summary rejects foreign reference (3.7832ms)
✔ summary rejects mutation claim (4.2396ms)
✔ summary rejects wrong scope (3.927ms)
✔ summary rejects invalid timestamp (4.8179ms)
✔ summary rejects bad totals (5.1196ms)
✔ public finding index is bounded without copying omitted details (5.2409ms)
✔ every configured fixture rule has an explicit publication review (3.8456ms)
✔ summary file writes remain inside a supplied native temporary directory (18.1782ms)
✔ Actions CLI rejects unsupported arguments --apply (0.1988ms)
✔ Actions CLI rejects unsupported arguments --live (0.1181ms)
✔ Actions CLI rejects unsupported arguments --live (0.0902ms)
✔ actual fixture CLI needs no hosted secrets or Teams SDK (176.4916ms)
✔ manual workflow keeps first-party actions pinned and live credentials isolated (12.1975ms)
✔ feedback CLI rejects unsupported, missing and duplicate transition arguments (2.1424ms)
✔ new-file corpus output preserves the previous version and refuses overwrite (22.4459ms)
✔ initializing a corpus binds the validated input scope without changing its snapshot (42.3311ms)
✔ partial snapshot cannot create a corpus file (22.1225ms)
✔ redirected output parent is refused without writing through it (5.1997ms)
✔ review evidence must be a file and cannot use a directory as a digest source (43.2152ms)
✔ review CLI records the exact binary digest and closes its descriptor (89.3456ms)
✔ same-size review replacement between metadata check and open cannot update a corpus (27.7995ms)
✔ review parent swapped for a symlink or junction before open is rejected (38.8771ms)
✔ same-size pathname replacement after descriptor read is rejected (29.7037ms)
✔ same-size in-place review rewrite cannot hide behind a restored modification time (27.5047ms)
✔ review growth after open stays within its original byte bound and is rejected (26.1975ms)
✔ bounded review reads handle partial reads and reject empty or oversized files (18.2358ms)
✔ native behavioral evidence remains candidate with original local source and no finding impersonation (68.6604ms)
✔ native behavioral activation is denied for mixed support and forged active or retired history (41.8261ms)
✔ native behavioral candidates can be rejected without widening legacy review authority (45.4247ms)
✔ native behavioral bytes, identity claims, source and repeated runs remain validated (115.6408ms)
✔ evidence binds actual audit finding and supplied snapshot without certifying collection or identity (12.5104ms)
✔ accepted missing Project status binds the native serialized report and finding in evidence and observations (38.6423ms)
✔ auditor optional-field normalization retains strict data-only feedback and report validation (68.3624ms)
✔ timestamp-only or unrelated snapshot changes do not manufacture repeated supporting evidence (27.799ms)
✔ partial, cross-scope, stale or missing findings cannot become feedback evidence (12.3547ms)
✔ feedback source pins accept exactly 40 or 64 hexadecimal characters, including supplied evidence (65.3872ms)
✔ candidate, active and retired versions preserve their inputs and have exact transition digests (16.7065ms)
✔ one observation, fabricated evidence bytes and replayed reviews cannot activate a rule (68.2153ms)
✔ reviewer labels and claimed approval booleans do not supply verified review authority (22.4958ms)
✔ explicit rejection remains terminal and contributes no advice (37.6928ms)
✔ prospective expiry is mandatory, bounded, and effective at the exact boundary (92.0627ms)
✔ active capacity cannot expand and supersession retires only the exact predecessor (62.3883ms)
✔ supersession rejects stale targets and cannot cross finding rules (44.3191ms)
✔ active guidance annotates only matching findings without hiding or changing original conclusions (21.6204ms)
✔ broad matching admits at most the finite annotation limit and never truncates an excessive report (335.7576ms)
✔ serialized output bytes are admitted before escaped guidance and evidence references fan out (65.3058ms)
✔ later audits honor activation and retirement while the original report stays identical (42.7828ms)
✔ unknown executable, suppression, assignment and permission options are rejected (147.4172ms)
✔ stale reports, foreign scope and altered evidence fail closed (23.0845ms)
✔ canonical digests ignore property insertion order but reject executable and non-finite data (0.3722ms)
✔ reusable corpus validation preserves input and rejects authority claims or altered guidance (14.6787ms)
✔ explicit collector profile requires a hash and cannot relabel a supplied snapshot (2.9313ms)
✔ recurrence requires finite explicit bounds before reading any input (0.8549ms)
✔ finite recurrence reloads snapshot and feedback on every cycle (2.6005ms)
✔ paused and stopped records prevent collection and input reads (2.3849ms)
✔ exhausted persisted attempts reject before snapshot, feedback or live collection (2.6399ms)
✔ watch admits the final allowed attempt and then stops before collecting another snapshot (1.4191ms)
✔ source mismatch refuses before reading snapshot or feedback (1.1921ms)
✔ a failed cycle stops recurrence without retrying or losing the failure (1.418ms)
✔ first snapshot acquisition failure retains one sanitized failed attempt (330.0785ms)
✔ later corpus acquisition failure preserves earlier accepted evidence and consumes one attempt (814.9207ms)
✔ live acquisition failure is retained once without raw error text or a retry (297.6087ms)
✔ pause and stop during failed acquisition remain effective without a new admitted attempt (2460.4836ms)
✔ deadline crossing during failed acquisition prevents late attempt admission (1.6445ms)
✔ interruption during failed acquisition prevents a new admitted attempt (1.4066ms)
✔ duration bounds stop admission after collection without writing a late result (1.2601ms)
✔ interruption during an interval exits without another audit (1.562ms)
✔ control commands delegate exact action, source and reason without collecting (3.5709ms)
✔ status exposes bounded metadata and no retained finding text (3.0448ms)
✔ one audit writes source-bound immutable private reports and an advisory handoff (432.9799ms)
✔ fresh capture timestamps and transport metrics alone produce no new report or proposal across restart (844.1746ms)
✔ live state binds the exact selected principal and profile through restart and controls (2938.0185ms)
✔ profile metadata cannot convert supplied evidence or a different live principal into accepted observations (280.1061ms)
✔ changed scoped content produces a new receipt while retaining stable finding dedupe (543.5403ms)
✔ resolved findings are recorded without claiming a remote correction (505.1339ms)
✔ stale input fails and preserves a failed attempt, never reusing previous success (631.6775ms)
✔ future input fails and preserves a failed attempt, never reusing previous success (614.0789ms)
✔ incomplete input fails and preserves a failed attempt, never reusing previous success (631.6294ms)
✔ source drift fails and preserves a failed attempt, never reusing previous success (600.4918ms)
✔ changing the caller source pin cannot migrate an existing directory (486.7325ms)
✔ pause prevents input use, resume retains dedupe, and stop cannot resume (2339.6537ms)
✔ concurrent cycles have one winner and never create duplicate accepted receipts (350.1266ms)
✔ retained locks fail closed without PID reuse or timeout-based recovery (18.2309ms)
✔ incomplete intent and rollback to an older checkpoint refuse replay (615.0708ms)
✔ tampered referenced artifacts are rejected and preserved (324.6518ms)
✔ output-directory redirection refuses writes through a symlink or junction (10.6713ms)
✔ an unexpected output file is retained, not overwritten or removed (18.2428ms)
✔ status rejects unexpected files in initialized state before accepting its control projection (247.5557ms)
✔ missing, traversal-style and incomplete control requests do not create authority (4.3832ms)
✔ live source claims retain the existing collector identity and zero-write metadata (262.265ms)
✔ finite convenience API has explicit bounds and performs no scheduling (928.0503ms)
✔ state and artifact redirection are not followed on read (253.2479ms)
✔ alter of earlier history is detected after a newer successful cycle (669.8118ms)
✔ delete of earlier history is detected after a newer successful cycle (660.9081ms)
✔ changed implementation pins fail before a new intent is written (405.3801ms)
✔ a directory replaced while a caller holds its lock cannot redirect any artifact write (345.4349ms)
✔ actual corpus activation and retirement change only separately bound advisory output (1339.3644ms)
✔ expiry invalidates cached advisory annotations even without corpus byte changes (630.9132ms)
✔ mixed retained controls and new cycles enforce one transition bound with a reserved terminal stop (63311.9905ms)
✔ accepted snapshots with omitted optional metadata produce parseable JSON artifacts and replay (488.69ms)
✔ optional auditor metadata works through the real feedback evidence and recurring consumer bridge (549.7299ms)
✔ policy has the ten requested workstreams and never assigns people (4.9384ms)
✔ classification supports Multiplayer (6.6805ms)
✔ classification supports UX/UI (2.144ms)
✔ classification supports Multi-system execution (1.6709ms)
✔ classification supports Janitor (1.6136ms)
✔ classification supports Dynamic agent teams (1.3279ms)
✔ classification supports DevOps/PR review/branch protection (1.7504ms)
✔ classification supports Security (1.6393ms)
✔ classification supports Agent communication layer (1.5546ms)
✔ classification supports Dark factory automation (1.7589ms)
✔ classification supports Backend scalability / pub-sub (1.9165ms)
✔ classification preserves labels and assignees (20.2865ms)
✔ UX alias means UX/UI (21.2424ms)
✔ an unassigned issue is not a violation (7.8998ms)
✔ full fixture audit has zero mutations and catches closing-link conflict (8.9179ms)
✔ non-closing prose overrides no native link, not unrelated partial references (7.0262ms)
✔ explicit do-not-close linked issue is flagged (5.741ms)
✔ closed unmerged PR does not close an open issue (4.0306ms)
✔ reopened issue remains open after a historical merged PR (3.5781ms)
✔ no automatic close for several partial PRs (4.1874ms)
✔ only explicit dependency section is interpreted (0.1846ms)
✔ code fences and quoted references are not dependency authority (0.2175ms)
✔ native/text dependency disagreement is flagged (4.0497ms)
✔ matching dependencies do not produce a mismatch (4.4565ms)
✔ dependency cycles are bounded and reported once (4.9275ms)
✔ parent hierarchy mismatch and cycle are detected (4.4048ms)
✔ outside-scope dependency is not fetched or treated as complete (7.1405ms)
✔ missing local dependency is unverified, not closed (4.7479ms)
✔ open issue marked Done is flagged without changing the board (5.2099ms)
✔ unknown workstream is a review hint, not a rename (3.6379ms)
✔ locked default branch is flagged, without bypass (4.1462ms)
✔ stale PR source head is reported (3.8617ms)
✔ current independent review is accepted as evidence (4.3309ms)
✔ author approval is not current independent human approval (4.0029ms)
✔ bot approval is not current independent human approval (4.5306ms)
✔ old-head approval is not current independent human approval (3.9984ms)
✔ later comment does not erase a valid prior approval (3.4947ms)
✔ failed checks and requested changes are surfaced (3.7124ms)
✔ missing checks are not a success (3.8665ms)
✔ stale snapshots are labeled (3.807ms)
✔ future snapshots fail closed (1.465ms)
✔ finding IDs are stable across repeated reads (6.9596ms)
✔ reported secrets are redacted and Markdown is escaped (12.6483ms)
✔ refuses: assign #50 to example-user (4.3896ms)
✔ refuses: label #50 multiplayer (4.1202ms)
✔ refuses: close #50 (4.6697ms)
✔ refuses: merge PR #237 (4.2052ms)
✔ refuses: enable auto-merge (4.4892ms)
✔ refuses: delete a branch (4.6396ms)
✔ refuses: approve PR #237 (4.0287ms)
✔ refuses: can you change the rules (4.333ms)
✔ question answers use recorded evidence and canonical references (5.5805ms)
✔ reverse dependency questions list dependents (5.0447ms)
✔ unknown questions ask for clarification (4.6196ms)
✔ untrusted instruction text grants no tools (5.1671ms)
✔ snapshot rejects wrong repo (1.1327ms)
✔ snapshot rejects wrong project (0.9579ms)
✔ snapshot rejects partial coverage (1.0342ms)
✔ snapshot rejects wrong count (0.884ms)
✔ snapshot rejects duplicate issue (1.1578ms)
✔ snapshot rejects hostile URL (1.1511ms)
✔ snapshot rejects hidden project item (1.0985ms)
✔ snapshot rejects cross-repo item (1.0287ms)
✔ snapshot rejects duplicate project item (1.0952ms)
✔ snapshot rejects oversized body (1.1401ms)
✔ collector completes two matching passes with no writes (4.4303ms)
✔ collector rejects issue drift between passes (3.1637ms)
✔ collector rejects incomplete nested dependencies (1.1832ms)
✔ collector rejects a changed PR head/check binding (1.1523ms)
✔ collector rejects repeated pagination cursors (1.053ms)
✔ collector rejects inaccessible connection entries (0.1456ms)
✔ read client verifies Bakar404 and never switches accounts (1.2327ms)
✔ explicit hash-pinned read principal does not change the pilot or read allowlist (19.2063ms)
✔ collector profile rejects changed scope or unsupported fields: repository (16.2854ms)
✔ collector profile rejects changed scope or unsupported fields: project_id (15.6702ms)
✔ collector profile rejects changed scope or unsupported fields: project_number (15.4917ms)
✔ collector profile rejects changed scope or unsupported fields: token (15.0125ms)
✔ collector profile rejects changed scope or unsupported fields: url (18.6404ms)
✔ collector profile rejects changed scope or unsupported fields: collector_login (17.0006ms)
✔ collector profile rejects wrong hashes, changed bytes and duplicate keys (45.2691ms)
✔ profiled collection records the actual principal and rejects identity or profile drift (38.2684ms)
✔ read client exposes no arbitrary query or write operation (1.1892ms)
✔ GraphQL cursor remains data, not executable query text (1.4081ms)
✔ GraphQL errors do not become accepted partial data (1.086ms)
✔ GraphQL reserve prevents further reads (1.1066ms)
✔ collection has an elapsed-time bound (1.0263ms)
✔ dry run uses neither network nor output files (1.1898ms)
✔ CLI rejects apply (0.1795ms)
✔ CLI rejects audit --fixture --live (0.099ms)
✔ CLI rejects audit --fixture --out ../escape.json (0.1392ms)
✔ CLI rejects audit --dry-run --out file.json (0.0928ms)
✔ CLI rejects audit --fixture --assign example-user (0.0817ms)
✔ CLI rejects ask --fixture (0.0838ms)
✔ actual CLI dry run works from another directory and has no network intent (152.3013ms)
✔ test chat prepares an evidence-based reply without sending it (7.3052ms)
✔ test chat rejects wrong tenant (0.3566ms)
✔ test chat rejects wrong group (0.1477ms)
✔ test chat rejects personal chat (0.1317ms)
✔ test chat rejects other channel (0.1304ms)
✔ test chat ignores messages without a mention (0.1343ms)
✔ test chat ignores its own messages (0.1516ms)
✔ test chat refuses mutation requests (5.0326ms)
✔ no production mode or implicit binding (0.2838ms)
ℹ tests 227
ℹ suites 0
ℹ pass 227
ℹ fail 0
ℹ cancelled 0
ℹ skipped 0
ℹ todo 0
ℹ duration_ms 84639.6289
