$ node --test --test-concurrency=2 --test-timeout=180000 scenarios/repo-steward/steward.test.mjs scenarios/repo-steward/actions.test.mjs scenarios/repo-steward/recurring-audit.test.mjs scenarios/repo-steward/feedback.test.mjs scenarios/repo-steward/maintenance.test.mjs scenarios/repo-steward/feedback-cli.test.mjs
✔ Actions preview performs no live reads or summary publication (2.3153ms)
✔ Actions fixture uses the real auditor without GitHub access (40.267ms)
✔ invalid workflow input is rejected during preview without data access (1.3457ms)
✔ hosted live mode rejects non-Actions host before reading data (0.4618ms)
✔ hosted live mode rejects PR event before reading data (0.4053ms)
✔ hosted live mode rejects another repository before reading data (0.252ms)
✔ hosted live mode rejects feature branch before reading data (0.3036ms)
✔ hosted live mode rejects another actor before reading data (0.2758ms)
✔ hosted live mode rejects another rerun operator before reading data (0.3438ms)
✔ hosted live mode rejects missing triggering actor before reading data (0.4504ms)
✔ hosted live mode rejects missing source commit before reading data (0.3673ms)
✔ hosted live mode rejects disabled pilot before reading data (0.2208ms)
✔ hosted live mode rejects unapproved public summary before reading data (0.1797ms)
✔ hosted live mode rejects missing credential before reading data (0.1919ms)
✔ hosted live mode rejects blank credential before reading data (0.1793ms)
✔ hosted live mode rejects write-enabled configuration before reading data (0.2063ms)
✔ GITHUB_TOKEN does not substitute for Project-readable credentials (0.2405ms)
✔ an admitted live path collects once and retains zero mutations (7.5669ms)
✔ collector failure does not produce a successful report (0.5066ms)
✔ stale hosted snapshots fail instead of publishing old findings (6.9926ms)
✔ public summaries never include free-form source or evidence text (7.8712ms)
✔ summary rejects unknown rule (5.7423ms)
✔ summary rejects bad finding id (9.4173ms)
✔ summary rejects foreign reference (5.6262ms)
✔ summary rejects mutation claim (5.0593ms)
✔ summary rejects wrong scope (5.1758ms)
✔ summary rejects invalid timestamp (4.9698ms)
✔ summary rejects bad totals (6.308ms)
✔ public finding index is bounded without copying omitted details (6.1349ms)
✔ every configured fixture rule has an explicit publication review (4.4654ms)
✔ summary file writes remain inside a supplied native temporary directory (19.6177ms)
✔ Actions CLI rejects unsupported arguments --apply (0.3202ms)
✔ Actions CLI rejects unsupported arguments --live (0.1487ms)
✔ Actions CLI rejects unsupported arguments --live (0.1359ms)
✔ actual fixture CLI needs no hosted secrets or Teams SDK (215.367ms)
✔ manual workflow keeps first-party actions pinned and live credentials isolated (4.0467ms)
✔ feedback CLI rejects unsupported, missing and duplicate transition arguments (2.8354ms)
✔ new-file corpus output preserves the previous version and refuses overwrite (34.4988ms)
✔ initializing a corpus binds the validated input scope without changing its snapshot (55.7197ms)
✔ partial snapshot cannot create a corpus file (27.8318ms)
✔ redirected output parent is refused without writing through it (6.9588ms)
✔ review evidence must be a file and cannot use a directory as a digest source (51.9738ms)
✔ review CLI records the exact binary digest and closes its descriptor (81.5514ms)
✔ same-size review replacement between metadata check and open cannot update a corpus (39.4941ms)
✔ review parent swapped for a symlink or junction before open is rejected (71.4936ms)
✔ same-size pathname replacement after descriptor read is rejected (40.6016ms)
✔ same-size in-place review rewrite cannot hide behind a restored modification time (32.1784ms)
✔ review growth after open stays within its original byte bound and is rejected (33.0632ms)
✔ bounded review reads handle partial reads and reject empty or oversized files (22.3144ms)
✔ native behavioral evidence remains candidate with original local source and no finding impersonation (80.7549ms)
✔ native behavioral activation is denied for mixed support and forged active or retired history (60.347ms)
✔ native behavioral candidates can be rejected without widening legacy review authority (52.2019ms)
✔ native behavioral bytes, identity claims, source and repeated runs remain validated (119.5221ms)
✔ evidence binds actual audit finding and supplied snapshot without certifying collection or identity (10.6764ms)
✔ accepted missing Project status binds the native serialized report and finding in evidence and observations (42.2759ms)
✔ auditor optional-field normalization retains strict data-only feedback and report validation (64.9427ms)
✔ timestamp-only or unrelated snapshot changes do not manufacture repeated supporting evidence (29.7477ms)
✔ partial, cross-scope, stale or missing findings cannot become feedback evidence (13.0649ms)
✔ feedback source pins accept exactly 40 or 64 hexadecimal characters, including supplied evidence (81.8498ms)
✔ candidate, active and retired versions preserve their inputs and have exact transition digests (21.0266ms)
✔ one observation, fabricated evidence bytes and replayed reviews cannot activate a rule (84.9805ms)
✔ reviewer labels and claimed approval booleans do not supply verified review authority (28.6286ms)
✔ explicit rejection remains terminal and contributes no advice (48.6909ms)
✔ prospective expiry is mandatory, bounded, and effective at the exact boundary (117.8853ms)
✔ active capacity cannot expand and supersession retires only the exact predecessor (68.3077ms)
✔ supersession rejects stale targets and cannot cross finding rules (58.6628ms)
✔ active guidance annotates only matching findings without hiding or changing original conclusions (35.3552ms)
✔ broad matching admits at most the finite annotation limit and never truncates an excessive report (368.042ms)
✔ serialized output bytes are admitted before escaped guidance and evidence references fan out (62.8609ms)
✔ later audits honor activation and retirement while the original report stays identical (38.5304ms)
✔ unknown executable, suppression, assignment and permission options are rejected (142.6351ms)
✔ stale reports, foreign scope and altered evidence fail closed (27.0242ms)
✔ canonical digests ignore property insertion order but reject executable and non-finite data (0.4034ms)
✔ reusable corpus validation preserves input and rejects authority claims or altered guidance (15.311ms)
✔ explicit collector profile requires a hash and cannot relabel a supplied snapshot (2.7947ms)
✔ recurrence requires finite explicit bounds before reading any input (0.899ms)
✔ finite recurrence reloads snapshot and feedback on every cycle (2.5913ms)
✔ paused and stopped records prevent collection and input reads (2.1761ms)
✔ exhausted persisted attempts reject before snapshot, feedback or live collection (3.0735ms)
✔ watch admits the final allowed attempt and then stops before collecting another snapshot (1.3012ms)
✔ source mismatch refuses before reading snapshot or feedback (1.3289ms)
✔ a failed cycle stops recurrence without retrying or losing the failure (1.3905ms)
✔ first snapshot acquisition failure retains one sanitized failed attempt (337.5934ms)
✔ later corpus acquisition failure preserves earlier accepted evidence and consumes one attempt (915.5116ms)
✔ live acquisition failure is retained once without raw error text or a retry (317.7021ms)
✔ pause and stop during failed acquisition remain effective without a new admitted attempt (2217.2824ms)
✔ deadline crossing during failed acquisition prevents late attempt admission (1.5753ms)
✔ interruption during failed acquisition prevents a new admitted attempt (1.1223ms)
✔ duration bounds stop admission after collection without writing a late result (1.171ms)
✔ interruption during an interval exits without another audit (1.197ms)
✔ control commands delegate exact action, source and reason without collecting (3.1521ms)
✔ status exposes bounded metadata and no retained finding text (1.1222ms)
✔ one audit writes source-bound immutable private reports and an advisory handoff (519.9405ms)
✔ fresh capture timestamps and transport metrics alone produce no new report or proposal across restart (779.6145ms)
✔ live state binds the exact selected principal and profile through restart and controls (2726.3656ms)
✔ profile metadata cannot convert supplied evidence or a different live principal into accepted observations (328.849ms)
✔ changed scoped content produces a new receipt while retaining stable finding dedupe (549.6318ms)
✔ resolved findings are recorded without claiming a remote correction (575.6939ms)
✔ stale input fails and preserves a failed attempt, never reusing previous success (665.2612ms)
✔ future input fails and preserves a failed attempt, never reusing previous success (692.3036ms)
✔ incomplete input fails and preserves a failed attempt, never reusing previous success (734.4891ms)
✔ source drift fails and preserves a failed attempt, never reusing previous success (706.3998ms)
✔ changing the caller source pin cannot migrate an existing directory (480.8715ms)
✔ pause prevents input use, resume retains dedupe, and stop cannot resume (2541.5786ms)
✔ concurrent cycles have one winner and never create duplicate accepted receipts (409.2257ms)
✔ retained locks fail closed without PID reuse or timeout-based recovery (19.3152ms)
✔ incomplete intent and rollback to an older checkpoint refuse replay (630.9139ms)
✔ tampered referenced artifacts are rejected and preserved (378.3192ms)
✔ output-directory redirection refuses writes through a symlink or junction (11.6219ms)
✔ an unexpected output file is retained, not overwritten or removed (21.2072ms)
✔ status rejects unexpected files in initialized state before accepting its control projection (297.2641ms)
✔ missing, traversal-style and incomplete control requests do not create authority (4.718ms)
✔ live source claims retain the existing collector identity and zero-write metadata (319.6809ms)
✔ finite convenience API has explicit bounds and performs no scheduling (970.482ms)
✔ state and artifact redirection are not followed on read (276.5676ms)
✔ alter of earlier history is detected after a newer successful cycle (767.9984ms)
✔ delete of earlier history is detected after a newer successful cycle (707.7124ms)
✔ changed implementation pins fail before a new intent is written (445.6675ms)
✔ a directory replaced while a caller holds its lock cannot redirect any artifact write (397.6879ms)
✔ actual corpus activation and retirement change only separately bound advisory output (1458.9407ms)
✔ expiry invalidates cached advisory annotations even without corpus byte changes (613.8127ms)
✔ mixed retained controls and new cycles enforce one transition bound with a reserved terminal stop (70582.8438ms)
✔ accepted snapshots with omitted optional metadata produce parseable JSON artifacts and replay (627.0293ms)
✔ optional auditor metadata works through the real feedback evidence and recurring consumer bridge (558.8273ms)
✔ policy has the ten requested workstreams and never assigns people (3.3521ms)
✔ classification supports Multiplayer (6.4583ms)
✔ classification supports UX/UI (3.3567ms)
✔ classification supports Multi-system execution (1.4207ms)
✔ classification supports Janitor (1.4258ms)
✔ classification supports Dynamic agent teams (1.3529ms)
✔ classification supports DevOps/PR review/branch protection (2.2318ms)
✔ classification supports Security (1.3129ms)
✔ classification supports Agent communication layer (1.3549ms)
✔ classification supports Dark factory automation (1.4993ms)
✔ classification supports Backend scalability / pub-sub (1.4974ms)
✔ classification preserves labels and assignees (15.0803ms)
✔ UX alias means UX/UI (14.715ms)
✔ an unassigned issue is not a violation (5.6236ms)
✔ full fixture audit has zero mutations and catches closing-link conflict (5.1212ms)
✔ non-closing prose overrides no native link, not unrelated partial references (4.1508ms)
✔ explicit do-not-close linked issue is flagged (6.5733ms)
✔ closed unmerged PR does not close an open issue (4.8612ms)
✔ reopened issue remains open after a historical merged PR (3.9106ms)
✔ no automatic close for several partial PRs (6.3262ms)
✔ only explicit dependency section is interpreted (0.2275ms)
✔ code fences and quoted references are not dependency authority (0.2353ms)
✔ native/text dependency disagreement is flagged (5.1008ms)
✔ matching dependencies do not produce a mismatch (5.5526ms)
✔ dependency cycles are bounded and reported once (5.5687ms)
✔ parent hierarchy mismatch and cycle are detected (5.2824ms)
✔ outside-scope dependency is not fetched or treated as complete (6.4703ms)
✔ missing local dependency is unverified, not closed (4.2391ms)
✔ open issue marked Done is flagged without changing the board (5.4238ms)
✔ unknown workstream is a review hint, not a rename (3.854ms)
✔ locked default branch is flagged, without bypass (5.4192ms)
✔ stale PR source head is reported (6.1399ms)
✔ current independent review is accepted as evidence (5.1995ms)
✔ author approval is not current independent human approval (4.7469ms)
✔ bot approval is not current independent human approval (4.0552ms)
✔ old-head approval is not current independent human approval (6.9484ms)
✔ later comment does not erase a valid prior approval (4.7113ms)
✔ failed checks and requested changes are surfaced (4.3273ms)
✔ missing checks are not a success (7.5208ms)
✔ stale snapshots are labeled (3.8671ms)
✔ future snapshots fail closed (1.9884ms)
✔ finding IDs are stable across repeated reads (8.4101ms)
✔ reported secrets are redacted and Markdown is escaped (10.6305ms)
✔ refuses: assign #50 to example-user (5.5333ms)
✔ refuses: label #50 multiplayer (6.5554ms)
✔ refuses: close #50 (6.6316ms)
✔ refuses: merge PR #237 (6.4807ms)
✔ refuses: enable auto-merge (5.3302ms)
✔ refuses: delete a branch (5.5324ms)
✔ refuses: approve PR #237 (4.4966ms)
✔ refuses: can you change the rules (5.3172ms)
✔ question answers use recorded evidence and canonical references (5.4741ms)
✔ reverse dependency questions list dependents (4.9552ms)
✔ unknown questions ask for clarification (5.4209ms)
✔ untrusted instruction text grants no tools (7.6607ms)
✔ snapshot rejects wrong repo (1.4346ms)
✔ snapshot rejects wrong project (1.0492ms)
✔ snapshot rejects partial coverage (1.1088ms)
✔ snapshot rejects wrong count (1.2633ms)
✔ snapshot rejects duplicate issue (1.6256ms)
✔ snapshot rejects hostile URL (1.5162ms)
✔ snapshot rejects hidden project item (1.5297ms)
✔ snapshot rejects cross-repo item (1.6467ms)
✔ snapshot rejects duplicate project item (1.5877ms)
✔ snapshot rejects oversized body (1.6943ms)
✔ collector completes two matching passes with no writes (5.6348ms)
✔ collector rejects issue drift between passes (3.0525ms)
✔ collector rejects incomplete nested dependencies (1.6295ms)
✔ collector rejects a changed PR head/check binding (1.5373ms)
✔ collector rejects repeated pagination cursors (1.235ms)
✔ collector rejects inaccessible connection entries (0.1783ms)
✔ read client verifies Bakar404 and never switches accounts (1.4544ms)
✔ explicit hash-pinned read principal does not change the pilot or read allowlist (20.9981ms)
✔ collector profile rejects changed scope or unsupported fields: repository (23.8078ms)
✔ collector profile rejects changed scope or unsupported fields: project_id (20.7935ms)
✔ collector profile rejects changed scope or unsupported fields: project_number (10.8253ms)
✔ collector profile rejects changed scope or unsupported fields: token (17.4703ms)
✔ collector profile rejects changed scope or unsupported fields: url (21.6908ms)
✔ collector profile rejects changed scope or unsupported fields: collector_login (9.1317ms)
✔ collector profile rejects wrong hashes, changed bytes and duplicate keys (43.0487ms)
✔ profiled collection records the actual principal and rejects identity or profile drift (36.1679ms)
✔ read client exposes no arbitrary query or write operation (1.4718ms)
✔ GraphQL cursor remains data, not executable query text (1.4546ms)
✔ GraphQL errors do not become accepted partial data (1.2946ms)
✔ GraphQL reserve prevents further reads (1.4498ms)
✔ collection has an elapsed-time bound (1.2613ms)
✔ dry run uses neither network nor output files (1.3457ms)
✔ CLI rejects apply (0.2782ms)
✔ CLI rejects audit --fixture --live (0.1586ms)
✔ CLI rejects audit --fixture --out ../escape.json (0.2317ms)
✔ CLI rejects audit --dry-run --out file.json (0.1301ms)
✔ CLI rejects audit --fixture --assign example-user (0.0854ms)
✔ CLI rejects ask --fixture (0.0828ms)
✔ actual CLI dry run works from another directory and has no network intent (169.5089ms)
✔ test chat prepares an evidence-based reply without sending it (7.4769ms)
✔ test chat rejects wrong tenant (0.3315ms)
✔ test chat rejects wrong group (0.1419ms)
✔ test chat rejects personal chat (0.1302ms)
✔ test chat rejects other channel (0.1289ms)
✔ test chat ignores messages without a mention (0.1365ms)
✔ test chat ignores its own messages (0.1251ms)
✔ test chat refuses mutation requests (4.5323ms)
✔ no production mode or implicit binding (0.2565ms)
ℹ tests 227
ℹ suites 0
ℹ pass 227
ℹ fail 0
ℹ cancelled 0
ℹ skipped 0
ℹ todo 0
ℹ duration_ms 93491.6792
