TAP version 13
# Subtest: Windows short alias repository uses the same native source identity
ok 1 - Windows short alias repository uses the same native source identity
  ---
  duration_ms: 5234.9836
  type: 'test'
  ...
# Executed with a distinct native Windows 8.3 alias
# Subtest: Windows short alias scratch inside source rejects before creating an index
ok 2 - Windows short alias scratch inside source rejects before creating an index
  ---
  duration_ms: 2947.888
  type: 'test'
  ...
# Executed with a distinct native Windows 8.3 alias
# Subtest: Windows short alias provider artifact is excluded from the candidate
ok 3 - Windows short alias provider artifact is excluded from the candidate
  ---
  duration_ms: 5142.5073
  type: 'test'
  ...
# Executed with a distinct native Windows 8.3 alias
# Subtest: native GIT_TRACE isolation protects source bytes and candidate tree
ok 4 - native GIT_TRACE isolation protects source bytes and candidate tree
  ---
  duration_ms: 2440.4562
  type: 'test'
  ...
# Subtest: native GIT_TRACE_PERFORMANCE isolation protects source bytes and candidate tree
ok 5 - native GIT_TRACE_PERFORMANCE isolation protects source bytes and candidate tree
  ---
  duration_ms: 2443.2546
  type: 'test'
  ...
# Subtest: native GIT_TRACE_SETUP isolation protects source bytes and candidate tree
ok 6 - native GIT_TRACE_SETUP isolation protects source bytes and candidate tree
  ---
  duration_ms: 2432.9166
  type: 'test'
  ...
# Subtest: native GIT_TRACE2 isolation protects source bytes and candidate tree
ok 7 - native GIT_TRACE2 isolation protects source bytes and candidate tree
  ---
  duration_ms: 2500.3721
  type: 'test'
  ...
# Subtest: native GIT_TRACE2_EVENT isolation protects source bytes and candidate tree
ok 8 - native GIT_TRACE2_EVENT isolation protects source bytes and candidate tree
  ---
  duration_ms: 2515.6565
  type: 'test'
  ...
# Subtest: native GIT_TRACE2_PERF isolation protects source bytes and candidate tree
ok 9 - native GIT_TRACE2_PERF isolation protects source bytes and candidate tree
  ---
  duration_ms: 2451.9153
  type: 'test'
  ...
# Subtest: inherited Git configuration cannot change canonical line-ending selection
ok 10 - inherited Git configuration cannot change canonical line-ending selection
  ---
  duration_ms: 3764.9564
  type: 'test'
  ...
# Subtest: native source-selection recipe is pinned; drift requires an explicit parity review
ok 11 - native source-selection recipe is pinned; drift requires an explicit parity review
  ---
  duration_ms: 0.7738
  type: 'test'
  ...
# Subtest: RED untracked whitespace escapes old diff, fails new command; GREEN clean file passes
ok 12 - RED untracked whitespace escapes old diff, fails new command; GREEN clean file passes
  ---
  duration_ms: 5102.7892
  type: 'test'
  ...
# Subtest: checks tracked bytes that are present in the worktree
ok 13 - checks tracked bytes that are present in the worktree
  ---
  duration_ms: 2948.1965
  type: 'test'
  ...
# Subtest: checks staged modification bytes that are present in the worktree
ok 14 - checks staged modification bytes that are present in the worktree
  ---
  duration_ms: 3053.2236
  type: 'test'
  ...
# Subtest: checks staged addition bytes that are present in the worktree
ok 15 - checks staged addition bytes that are present in the worktree
  ---
  duration_ms: 3020.3896
  type: 'test'
  ...
# Subtest: staged-only bad bytes are not exported when the worktree has clean replacement bytes
ok 16 - staged-only bad bytes are not exported when the worktree has clean replacement bytes
  ---
  duration_ms: 4421.4327
  type: 'test'
  ...
# Subtest: clean staged bytes cannot hide bad worktree bytes or revive staged-only deleted additions
ok 17 - clean staged bytes cannot hide bad worktree bytes or revive staged-only deleted additions
  ---
  duration_ms: 3113.0605
  type: 'test'
  ...
# Subtest: assigned base, not current HEAD, determines committed changes, deletions and renamed source
ok 18 - assigned base, not current HEAD, determines committed changes, deletions and renamed source
  ---
  duration_ms: 3304.9715
  type: 'test'
  ...
# Subtest: conflicted real index is untouched; physical resolution is checked just like native export
ok 19 - conflicted real index is untouched; physical resolution is checked just like native export
  ---
  duration_ms: 6475.1828
  type: 'test'
  ...
# Subtest: literal selection, spaces, leading dash, Unicode and brackets do not become Git pathspecs
ok 20 - literal selection, spaces, leading dash, Unicode and brackets do not become Git pathspecs
  ---
  duration_ms: 4344.7282
  type: 'test'
  ...
# Subtest: selected absent, explicitly ignored and magic/escaping paths fail rather than widen selection
ok 21 - selected absent, explicitly ignored and magic/escaping paths fail rather than widen selection
  ---
  duration_ms: 7145.4458
  type: 'test'
  ...
# Subtest: ignored evidence and runner-internal files are absent; provider artifacts reset to base, not deletion
ok 22 - ignored evidence and runner-internal files are absent; provider artifacts reset to base, not deletion
  ---
  duration_ms: 4661.4198
  type: 'test'
  ...
# Subtest: ignored files tracked by the seeded base remain selected; later ignored additions do not
ok 23 - ignored files tracked by the seeded base remain selected; later ignored additions do not
  ---
  duration_ms: 5166.7939
  type: 'test'
  ...
# Subtest: CRLF conversion and attributes use Git blob bytes without rewriting source or index
ok 24 - CRLF conversion and attributes use Git blob bytes without rewriting source or index
  ---
  duration_ms: 4528.9754
  type: 'test'
  ...
# Subtest: Windows verified-head seeding retains modes and resets every unselected committed path
ok 25 - Windows verified-head seeding retains modes and resets every unselected committed path
  ---
  duration_ms: 4158.229
  type: 'test'
  ...
# Subtest: binary blobs use native Git diff behavior, not an independent text scanner
ok 26 - binary blobs use native Git diff behavior, not an independent text scanner
  ---
  duration_ms: 2941.4268
  type: 'test'
  ...
# Subtest: a missing real index is neither read nor recreated
ok 27 - a missing real index is neither read nor recreated
  ---
  duration_ms: 2410.484
  type: 'test'
  ...
# Subtest: linked worktree Git control files and real index are not modified
ok 28 - linked worktree Git control files and real index are not modified
  ---
  duration_ms: 3331.0739
  type: 'test'
  ...
# Subtest: invalid base, routing override, nested root and in-worktree scratch fail closed
ok 29 - invalid base, routing override, nested root and in-worktree scratch fail closed
  ---
  duration_ms: 6680.7493
  type: 'test'
  ...
# Subtest: an inherited alternate index is not used or changed
ok 30 - an inherited alternate index is not used or changed
  ---
  duration_ms: 1836.667
  type: 'test'
  ...
# Subtest: whole-check timeout is a command error, never whitespace success
ok 31 - whole-check timeout is a command error, never whitespace success
  ---
  duration_ms: 1951.0135
  type: 'test'
  ...
# Subtest: spawn, buffer, signal and Git failures cannot masquerade as whitespace results
ok 32 - spawn, buffer, signal and Git failures cannot masquerade as whitespace results
  ---
  duration_ms: 8353.4433
  type: 'test'
  ...
# Subtest: unexpected scratch contents cause visible cleanup failure and are preserved
ok 33 - unexpected scratch contents cause visible cleanup failure and are preserved
  ---
  duration_ms: 1354.6651
  type: 'test'
  ...
# Subtest: CLI rejects unknown, missing and unbounded arguments with exit 2
ok 34 - CLI rejects unknown, missing and unbounded arguments with exit 2
  ---
  duration_ms: 5449.784
  type: 'test'
  ...
# Subtest: F01 CLI reports unavailable revision without exposing arguments
ok 35 - F01 CLI reports unavailable revision without exposing arguments
  ---
  duration_ms: 2104.9165
  type: 'test'
  ...
# Subtest: F01 CLI reports missing literal selection without exposing arguments
ok 36 - F01 CLI reports missing literal selection without exposing arguments
  ---
  duration_ms: 2292.4335
  type: 'test'
  ...
# Subtest: F01 CLI reports ignored literal selection without exposing arguments
ok 37 - F01 CLI reports ignored literal selection without exposing arguments
  ---
  duration_ms: 2277.6706
  type: 'test'
  ...
# Subtest: F01 CLI retains safe native timeout classification
ok 38 - F01 CLI retains safe native timeout classification
  ---
  duration_ms: 2496.3612
  type: 'test'
  ...
# Subtest: F01 CLI retains safe native output overflow classification
ok 39 - F01 CLI retains safe native output overflow classification
  ---
  duration_ms: 2602.9302
  type: 'test'
  ...
# Subtest: F01 CLI retains safe native spawn failure classification
ok 40 - F01 CLI retains safe native spawn failure classification
  ---
  duration_ms: 2480.7519
  type: 'test'
  ...
# Subtest: F01 CLI retains safe signal classification
ok 41 - F01 CLI retains safe signal classification
  ---
  duration_ms: 2506.0117
  type: 'test'
  ...
# Subtest: F01 CLI retains safe unrecognized filter failure classification
ok 42 - F01 CLI retains safe unrecognized filter failure classification
  ---
  duration_ms: 2328.9756
  type: 'test'
  ...
# Subtest: F01 CLI retains safe unknown child fields classification
ok 43 - F01 CLI retains safe unknown child fields classification
  ---
  duration_ms: 2494.719
  type: 'test'
  ...
# Subtest: F01 CLI retains safe timeout with whitespace-like output classification
ok 44 - F01 CLI retains safe timeout with whitespace-like output classification
  ---
  duration_ms: 2508.8556
  type: 'test'
  ...
# Subtest: F01 CLI retains safe overflow with whitespace-like output classification
ok 45 - F01 CLI retains safe overflow with whitespace-like output classification
  ---
  duration_ms: 2508.4151
  type: 'test'
  ...
# Subtest: F01 CLI separates cleanup failure from original failure
ok 46 - F01 CLI separates cleanup failure from original failure
  ---
  duration_ms: 2074.3164
  type: 'test'
  ...
# Subtest: F01 CLI separates cleanup failure after successful check
ok 47 - F01 CLI separates cleanup failure after successful check
  ---
  duration_ms: 2581.6839
  type: 'test'
  ...
# Subtest: F01 CLI suppresses unsafe parser/filesystem text and retains safe input guidance
ok 48 - F01 CLI suppresses unsafe parser/filesystem text and retains safe input guidance
  ---
  duration_ms: 3335.1179
  type: 'test'
  ...
# Subtest: F01 CLI correlates retained owned directories without revealing their sensitive root
ok 49 - F01 CLI correlates retained owned directories without revealing their sensitive root
  ---
  duration_ms: 2987.0572
  type: 'test'
  ...
# Subtest: F01 CLI recognizes a native required clean-filter failure, not a missing path
ok 50 - F01 CLI recognizes a native required clean-filter failure, not a missing path
  ---
  duration_ms: 2632.5459
  type: 'test'
  ...
# Subtest: F02 native filter repeated delimiters (24000) cannot stall receipt or cleanup
ok 51 - F02 native filter repeated delimiters (24000) cannot stall receipt or cleanup
  ---
  duration_ms: 3569.7392
  type: 'test'
  ...
# Subtest: F02 native filter repeated delimiters (349354) cannot stall receipt or cleanup
ok 52 - F02 native filter repeated delimiters (349354) cannot stall receipt or cleanup
  ---
  duration_ms: 3600.3236
  type: 'test'
  ...
# Subtest: F02 final-line recognition handles hostile near-limit shapes without trusting their text
ok 53 - F02 final-line recognition handles hostile near-limit shapes without trusting their text
  ---
  duration_ms: 10876.6519
  type: 'test'
  ...
1..53
# tests 53
# suites 0
# pass 53
# fail 0
# cancelled 0
# skipped 0
# todo 0
# duration_ms 186052.2448
