$ node --test --test-concurrency=2 --test-timeout=180000 scenarios/repo-steward/steward.test.mjs scenarios/repo-steward/actions.test.mjs scenarios/repo-steward/recurring-audit.test.mjs scenarios/repo-steward/feedback.test.mjs scenarios/repo-steward/maintenance.test.mjs scenarios/repo-steward/feedback-cli.test.mjs
✔ Actions preview performs no live reads or summary publication (2.3384ms)
✔ Actions fixture uses the real auditor without GitHub access (42.4751ms)
✔ invalid workflow input is rejected during preview without data access (0.9639ms)
✔ hosted live mode rejects non-Actions host before reading data (0.3863ms)
✔ hosted live mode rejects PR event before reading data (1.0252ms)
✔ hosted live mode rejects another repository before reading data (0.2837ms)
✔ hosted live mode rejects feature branch before reading data (0.3617ms)
✔ hosted live mode rejects another actor before reading data (0.1971ms)
✔ hosted live mode rejects another rerun operator before reading data (0.2742ms)
✔ hosted live mode rejects missing triggering actor before reading data (0.3088ms)
✔ hosted live mode rejects missing source commit before reading data (0.3801ms)
✔ hosted live mode rejects disabled pilot before reading data (0.2202ms)
✔ hosted live mode rejects unapproved public summary before reading data (0.183ms)
✔ hosted live mode rejects missing credential before reading data (0.1247ms)
✔ hosted live mode rejects blank credential before reading data (0.1421ms)
✔ hosted live mode rejects write-enabled configuration before reading data (0.1403ms)
✔ GITHUB_TOKEN does not substitute for Project-readable credentials (0.2016ms)
✔ an admitted live path collects once and retains zero mutations (6.4307ms)
✔ collector failure does not produce a successful report (0.3877ms)
✔ stale hosted snapshots fail instead of publishing old findings (5.9167ms)
✔ public summaries never include free-form source or evidence text (6.435ms)
✔ summary rejects unknown rule (4.6258ms)
✔ summary rejects bad finding id (4.9822ms)
✔ summary rejects foreign reference (4.2176ms)
✔ summary rejects mutation claim (4.6694ms)
✔ summary rejects wrong scope (5.5835ms)
✔ summary rejects invalid timestamp (6.2184ms)
✔ summary rejects bad totals (5.789ms)
✔ public finding index is bounded without copying omitted details (4.9803ms)
✔ every configured fixture rule has an explicit publication review (5.5333ms)
✔ summary file writes remain inside a supplied native temporary directory (17.7144ms)
✔ Actions CLI rejects unsupported arguments --apply (0.3094ms)
✔ Actions CLI rejects unsupported arguments --live (0.1322ms)
✔ Actions CLI rejects unsupported arguments --live (0.1217ms)
✔ actual fixture CLI needs no hosted secrets or Teams SDK (217.664ms)
✔ manual workflow keeps first-party actions pinned and live credentials isolated (12.4093ms)
✔ feedback CLI rejects unsupported, missing and duplicate transition arguments (2.0986ms)
✔ new-file corpus output preserves the previous version and refuses overwrite (24.1253ms)
✔ initializing a corpus binds the validated input scope without changing its snapshot (42.3445ms)
✔ partial snapshot cannot create a corpus file (24.1237ms)
✔ redirected output parent is refused without writing through it (5.2135ms)
✔ review evidence must be a file and cannot use a directory as a digest source (46.4988ms)
✔ review CLI records the exact binary digest and closes its descriptor (90.2905ms)
✔ same-size review replacement between metadata check and open cannot update a corpus (39.1078ms)
✔ review parent swapped for a symlink or junction before open is rejected (39.2467ms)
✔ same-size pathname replacement after descriptor read is rejected (30.6111ms)
✔ same-size in-place review rewrite cannot hide behind a restored modification time (39.4424ms)
✔ review growth after open stays within its original byte bound and is rejected (36.5015ms)
✔ bounded review reads handle partial reads and reject empty or oversized files (23.2021ms)
✔ native behavioral evidence remains candidate with original local source and no finding impersonation (89.8559ms)
✔ native behavioral activation is denied for mixed support and forged active or retired history (42.3859ms)
✔ native behavioral candidates can be rejected without widening legacy review authority (46.4948ms)
✔ native behavioral bytes, identity claims, source and repeated runs remain validated (119.032ms)
✔ evidence binds actual audit finding and supplied snapshot without certifying collection or identity (12.7007ms)
✔ accepted missing Project status binds the native serialized report and finding in evidence and observations (39.5911ms)
✔ auditor optional-field normalization retains strict data-only feedback and report validation (67.9639ms)
✔ timestamp-only or unrelated snapshot changes do not manufacture repeated supporting evidence (31.7286ms)
✔ partial, cross-scope, stale or missing findings cannot become feedback evidence (12.8303ms)
✔ feedback source pins accept exactly 40 or 64 hexadecimal characters, including supplied evidence (66.8798ms)
✔ candidate, active and retired versions preserve their inputs and have exact transition digests (17.2886ms)
✔ one observation, fabricated evidence bytes and replayed reviews cannot activate a rule (73.3567ms)
✔ reviewer labels and claimed approval booleans do not supply verified review authority (22.5655ms)
✔ explicit rejection remains terminal and contributes no advice (37.2688ms)
✔ prospective expiry is mandatory, bounded, and effective at the exact boundary (98.5927ms)
✔ active capacity cannot expand and supersession retires only the exact predecessor (57.6346ms)
✔ supersession rejects stale targets and cannot cross finding rules (40.4954ms)
✔ active guidance annotates only matching findings without hiding or changing original conclusions (20.5498ms)
✔ broad matching admits at most the finite annotation limit and never truncates an excessive report (403.6427ms)
✔ serialized output bytes are admitted before escaped guidance and evidence references fan out (87.9015ms)
✔ later audits honor activation and retirement while the original report stays identical (40.8502ms)
✔ unknown executable, suppression, assignment and permission options are rejected (152.2854ms)
✔ stale reports, foreign scope and altered evidence fail closed (26.4827ms)
✔ canonical digests ignore property insertion order but reject executable and non-finite data (0.3948ms)
✔ reusable corpus validation preserves input and rejects authority claims or altered guidance (15.3191ms)
✔ explicit collector profile requires a hash and cannot relabel a supplied snapshot (2.8039ms)
✔ recurrence requires finite explicit bounds before reading any input (0.9469ms)
✔ finite recurrence reloads snapshot and feedback on every cycle (3.0141ms)
✔ paused and stopped records prevent collection and input reads (2.6385ms)
✔ exhausted persisted attempts reject before snapshot, feedback or live collection (2.6435ms)
✔ watch admits the final allowed attempt and then stops before collecting another snapshot (1.377ms)
✔ source mismatch refuses before reading snapshot or feedback (1.2311ms)
✔ a failed cycle stops recurrence without retrying or losing the failure (1.403ms)
✔ first snapshot acquisition failure retains one sanitized failed attempt (334.1756ms)
✔ later corpus acquisition failure preserves earlier accepted evidence and consumes one attempt (878.7287ms)
✔ live acquisition failure is retained once without raw error text or a retry (323.6792ms)
✔ pause and stop during failed acquisition remain effective without a new admitted attempt (2272.3035ms)
✔ deadline crossing during failed acquisition prevents late attempt admission (1.6454ms)
✔ interruption during failed acquisition prevents a new admitted attempt (1.5448ms)
✔ duration bounds stop admission after collection without writing a late result (1.6366ms)
✔ interruption during an interval exits without another audit (1.6261ms)
✔ control commands delegate exact action, source and reason without collecting (3.9332ms)
✔ status exposes bounded metadata and no retained finding text (1.4786ms)
✔ one audit writes source-bound immutable private reports and an advisory handoff (468.8244ms)
✔ fresh capture timestamps and transport metrics alone produce no new report or proposal across restart (854.6815ms)
✔ live state binds the exact selected principal and profile through restart and controls (2718.4371ms)
✔ profile metadata cannot convert supplied evidence or a different live principal into accepted observations (278.0609ms)
✔ changed scoped content produces a new receipt while retaining stable finding dedupe (601.3968ms)
✔ resolved findings are recorded without claiming a remote correction (507.5584ms)
✔ stale input fails and preserves a failed attempt, never reusing previous success (682.492ms)
✔ future input fails and preserves a failed attempt, never reusing previous success (585.3803ms)
✔ incomplete input fails and preserves a failed attempt, never reusing previous success (687.6576ms)
✔ source drift fails and preserves a failed attempt, never reusing previous success (602.8449ms)
✔ changing the caller source pin cannot migrate an existing directory (521.8527ms)
✔ pause prevents input use, resume retains dedupe, and stop cannot resume (2394.5249ms)
✔ concurrent cycles have one winner and never create duplicate accepted receipts (401.2131ms)
✔ retained locks fail closed without PID reuse or timeout-based recovery (18.4324ms)
✔ incomplete intent and rollback to an older checkpoint refuse replay (604.8045ms)
✔ tampered referenced artifacts are rejected and preserved (392.6571ms)
✔ output-directory redirection refuses writes through a symlink or junction (13.4082ms)
✔ an unexpected output file is retained, not overwritten or removed (21.0328ms)
✔ status rejects unexpected files in initialized state before accepting its control projection (253.6199ms)
✔ missing, traversal-style and incomplete control requests do not create authority (4.1084ms)
✔ live source claims retain the existing collector identity and zero-write metadata (293.1196ms)
✔ finite convenience API has explicit bounds and performs no scheduling (1107.7718ms)
✔ state and artifact redirection are not followed on read (275.2562ms)
✔ alter of earlier history is detected after a newer successful cycle (845.9048ms)
✔ delete of earlier history is detected after a newer successful cycle (786.7225ms)
✔ changed implementation pins fail before a new intent is written (492.4018ms)
✔ a directory replaced while a caller holds its lock cannot redirect any artifact write (332.9507ms)
✔ actual corpus activation and retirement change only separately bound advisory output (1334.0622ms)
✔ expiry invalidates cached advisory annotations even without corpus byte changes (637.7074ms)
✔ mixed retained controls and new cycles enforce one transition bound with a reserved terminal stop (62731.7957ms)
✔ accepted snapshots with omitted optional metadata produce parseable JSON artifacts and replay (487.9788ms)
✔ optional auditor metadata works through the real feedback evidence and recurring consumer bridge (517.7292ms)
✔ policy has the ten requested workstreams and never assigns people (3.7165ms)
✔ classification supports Multiplayer (6.899ms)
✔ classification supports UX/UI (2.2177ms)
✔ classification supports Multi-system execution (1.2709ms)
✔ classification supports Janitor (1.4722ms)
✔ classification supports Dynamic agent teams (1.4724ms)
✔ classification supports DevOps/PR review/branch protection (2.123ms)
✔ classification supports Security (1.2597ms)
✔ classification supports Agent communication layer (1.1623ms)
✔ classification supports Dark factory automation (1.3165ms)
✔ classification supports Backend scalability / pub-sub (1.1507ms)
✔ classification preserves labels and assignees (12.22ms)
✔ UX alias means UX/UI (14.7753ms)
✔ an unassigned issue is not a violation (6.0036ms)
✔ full fixture audit has zero mutations and catches closing-link conflict (6.2747ms)
✔ non-closing prose overrides no native link, not unrelated partial references (4.5818ms)
✔ explicit do-not-close linked issue is flagged (3.6847ms)
✔ closed unmerged PR does not close an open issue (4.1291ms)
✔ reopened issue remains open after a historical merged PR (3.6801ms)
✔ no automatic close for several partial PRs (4.4935ms)
✔ only explicit dependency section is interpreted (0.2059ms)
✔ code fences and quoted references are not dependency authority (0.2162ms)
✔ native/text dependency disagreement is flagged (4.0204ms)
✔ matching dependencies do not produce a mismatch (4.1285ms)
✔ dependency cycles are bounded and reported once (4.4826ms)
✔ parent hierarchy mismatch and cycle are detected (4.1217ms)
✔ outside-scope dependency is not fetched or treated as complete (4.0201ms)
✔ missing local dependency is unverified, not closed (3.831ms)
✔ open issue marked Done is flagged without changing the board (4.4425ms)
✔ unknown workstream is a review hint, not a rename (3.4738ms)
✔ locked default branch is flagged, without bypass (3.7364ms)
✔ stale PR source head is reported (3.9103ms)
✔ current independent review is accepted as evidence (4.8784ms)
✔ author approval is not current independent human approval (3.9381ms)
✔ bot approval is not current independent human approval (3.7378ms)
✔ old-head approval is not current independent human approval (4.0162ms)
✔ later comment does not erase a valid prior approval (3.5632ms)
✔ failed checks and requested changes are surfaced (3.8522ms)
✔ missing checks are not a success (3.7265ms)
✔ stale snapshots are labeled (4.1044ms)
✔ future snapshots fail closed (1.822ms)
✔ finding IDs are stable across repeated reads (8.7678ms)
✔ reported secrets are redacted and Markdown is escaped (10.9744ms)
✔ refuses: assign #50 to example-user (4.6985ms)
✔ refuses: label #50 multiplayer (4.4043ms)
✔ refuses: close #50 (5.6604ms)
✔ refuses: merge PR #237 (5.3263ms)
✔ refuses: enable auto-merge (4.6469ms)
✔ refuses: delete a branch (5.3585ms)
✔ refuses: approve PR #237 (4.1946ms)
✔ refuses: can you change the rules (4.4131ms)
✔ question answers use recorded evidence and canonical references (5.2484ms)
✔ reverse dependency questions list dependents (5.0278ms)
✔ unknown questions ask for clarification (4.9209ms)
✔ untrusted instruction text grants no tools (4.7801ms)
✔ snapshot rejects wrong repo (1.3152ms)
✔ snapshot rejects wrong project (1.1269ms)
✔ snapshot rejects partial coverage (1.1627ms)
✔ snapshot rejects wrong count (1.0548ms)
✔ snapshot rejects duplicate issue (1.2953ms)
✔ snapshot rejects hostile URL (1.1936ms)
✔ snapshot rejects hidden project item (1.4256ms)
✔ snapshot rejects cross-repo item (1.3976ms)
✔ snapshot rejects duplicate project item (1.3439ms)
✔ snapshot rejects oversized body (1.8245ms)
✔ collector completes two matching passes with no writes (5.0037ms)
✔ collector rejects issue drift between passes (3.389ms)
✔ collector rejects incomplete nested dependencies (1.7177ms)
✔ collector rejects a changed PR head/check binding (1.1984ms)
✔ collector rejects repeated pagination cursors (1.0973ms)
✔ collector rejects inaccessible connection entries (0.1471ms)
✔ read client verifies Bakar404 and never switches accounts (1.2797ms)
✔ explicit hash-pinned read principal does not change the pilot or read allowlist (24.484ms)
✔ collector profile rejects changed scope or unsupported fields: repository (17.1191ms)
✔ collector profile rejects changed scope or unsupported fields: project_id (16.7356ms)
✔ collector profile rejects changed scope or unsupported fields: project_number (16.8813ms)
✔ collector profile rejects changed scope or unsupported fields: token (16.1822ms)
✔ collector profile rejects changed scope or unsupported fields: url (17.0649ms)
✔ collector profile rejects changed scope or unsupported fields: collector_login (15.7781ms)
✔ collector profile rejects wrong hashes, changed bytes and duplicate keys (44.1013ms)
✔ profiled collection records the actual principal and rejects identity or profile drift (32.2301ms)
✔ read client exposes no arbitrary query or write operation (1.4457ms)
✔ GraphQL cursor remains data, not executable query text (1.276ms)
✔ GraphQL errors do not become accepted partial data (1.0734ms)
✔ GraphQL reserve prevents further reads (1.1985ms)
✔ collection has an elapsed-time bound (1.0266ms)
✔ dry run uses neither network nor output files (1.3723ms)
✔ CLI rejects apply (0.172ms)
✔ CLI rejects audit --fixture --live (0.1039ms)
✔ CLI rejects audit --fixture --out ../escape.json (0.1409ms)
✔ CLI rejects audit --dry-run --out file.json (0.0938ms)
✔ CLI rejects audit --fixture --assign example-user (0.0803ms)
✔ CLI rejects ask --fixture (0.0794ms)
✔ actual CLI dry run works from another directory and has no network intent (149.5209ms)
✔ test chat prepares an evidence-based reply without sending it (6.4669ms)
✔ test chat rejects wrong tenant (0.3444ms)
✔ test chat rejects wrong group (0.1454ms)
✔ test chat rejects personal chat (0.1297ms)
✔ test chat rejects other channel (0.1397ms)
✔ test chat ignores messages without a mention (0.1311ms)
✔ test chat ignores its own messages (0.1247ms)
✔ test chat refuses mutation requests (5.1672ms)
✔ no production mode or implicit binding (0.2674ms)
ℹ tests 227
ℹ suites 0
ℹ pass 227
ℹ fail 0
ℹ cancelled 0
ℹ skipped 0
ℹ todo 0
ℹ duration_ms 85179.2671
