$ node --test --test-concurrency=2 --test-timeout=180000 scenarios/repo-steward/steward.test.mjs scenarios/repo-steward/actions.test.mjs scenarios/repo-steward/recurring-audit.test.mjs scenarios/repo-steward/feedback.test.mjs scenarios/repo-steward/maintenance.test.mjs scenarios/repo-steward/feedback-cli.test.mjs
✔ Actions preview performs no live reads or summary publication (3.1049ms)
✔ Actions fixture uses the real auditor without GitHub access (37.6283ms)
✔ invalid workflow input is rejected during preview without data access (1.0724ms)
✔ hosted live mode rejects non-Actions host before reading data (0.3659ms)
✔ hosted live mode rejects PR event before reading data (1.1204ms)
✔ hosted live mode rejects another repository before reading data (0.3206ms)
✔ hosted live mode rejects feature branch before reading data (0.4318ms)
✔ hosted live mode rejects another actor before reading data (0.2744ms)
✔ hosted live mode rejects another rerun operator before reading data (0.3772ms)
✔ hosted live mode rejects missing triggering actor before reading data (0.5238ms)
✔ hosted live mode rejects missing source commit before reading data (0.365ms)
✔ hosted live mode rejects disabled pilot before reading data (0.27ms)
✔ hosted live mode rejects unapproved public summary before reading data (0.2292ms)
✔ hosted live mode rejects missing credential before reading data (0.2153ms)
✔ hosted live mode rejects blank credential before reading data (0.1932ms)
✔ hosted live mode rejects write-enabled configuration before reading data (0.1904ms)
✔ GITHUB_TOKEN does not substitute for Project-readable credentials (0.3294ms)
✔ an admitted live path collects once and retains zero mutations (7.2343ms)
✔ collector failure does not produce a successful report (0.3485ms)
✔ stale hosted snapshots fail instead of publishing old findings (7.6033ms)
✔ public summaries never include free-form source or evidence text (6.4317ms)
✔ summary rejects unknown rule (6.6266ms)
✔ summary rejects bad finding id (6.9364ms)
✔ summary rejects foreign reference (7.2704ms)
✔ summary rejects mutation claim (8.6618ms)
✔ summary rejects wrong scope (6.5096ms)
✔ summary rejects invalid timestamp (7.7041ms)
✔ summary rejects bad totals (8.165ms)
✔ public finding index is bounded without copying omitted details (7.5189ms)
✔ every configured fixture rule has an explicit publication review (5.4716ms)
✔ summary file writes remain inside a supplied native temporary directory (27.8122ms)
✔ Actions CLI rejects unsupported arguments --apply (0.3663ms)
✔ Actions CLI rejects unsupported arguments --live (0.1797ms)
✔ Actions CLI rejects unsupported arguments --live (0.1339ms)
✔ actual fixture CLI needs no hosted secrets or Teams SDK (247.8119ms)
✔ manual workflow keeps first-party actions pinned and live credentials isolated (17.7264ms)
✔ feedback CLI rejects unsupported, missing and duplicate transition arguments (2.818ms)
✔ new-file corpus output preserves the previous version and refuses overwrite (33.4485ms)
✔ initializing a corpus binds the validated input scope without changing its snapshot (58.0164ms)
✔ partial snapshot cannot create a corpus file (34.5932ms)
✔ redirected output parent is refused without writing through it (7.894ms)
✔ review evidence must be a file and cannot use a directory as a digest source (61.9045ms)
✔ review CLI records the exact binary digest and closes its descriptor (119.9385ms)
✔ same-size review replacement between metadata check and open cannot update a corpus (42.4759ms)
✔ review parent swapped for a symlink or junction before open is rejected (53.4622ms)
✔ same-size pathname replacement after descriptor read is rejected (40.9066ms)
✔ same-size in-place review rewrite cannot hide behind a restored modification time (37.2486ms)
✔ review growth after open stays within its original byte bound and is rejected (33.7681ms)
✔ bounded review reads handle partial reads and reject empty or oversized files (23.5142ms)
✔ native behavioral evidence remains candidate with original local source and no finding impersonation (82.8187ms)
✔ native behavioral activation is denied for mixed support and forged active or retired history (49.2558ms)
✔ native behavioral candidates can be rejected without widening legacy review authority (59.5457ms)
✔ native behavioral bytes, identity claims, source and repeated runs remain validated (118.0039ms)
✔ evidence binds actual audit finding and supplied snapshot without certifying collection or identity (12.0302ms)
✔ accepted missing Project status binds the native serialized report and finding in evidence and observations (51.8595ms)
✔ auditor optional-field normalization retains strict data-only feedback and report validation (63.3538ms)
✔ timestamp-only or unrelated snapshot changes do not manufacture repeated supporting evidence (37.3567ms)
✔ partial, cross-scope, stale or missing findings cannot become feedback evidence (16.7542ms)
✔ feedback source pins accept exactly 40 or 64 hexadecimal characters, including supplied evidence (71.1228ms)
✔ candidate, active and retired versions preserve their inputs and have exact transition digests (19.7912ms)
✔ one observation, fabricated evidence bytes and replayed reviews cannot activate a rule (79.0391ms)
✔ reviewer labels and claimed approval booleans do not supply verified review authority (22.7366ms)
✔ explicit rejection remains terminal and contributes no advice (40.8609ms)
✔ prospective expiry is mandatory, bounded, and effective at the exact boundary (122.7298ms)
✔ active capacity cannot expand and supersession retires only the exact predecessor (82.6496ms)
✔ supersession rejects stale targets and cannot cross finding rules (71.5872ms)
✔ active guidance annotates only matching findings without hiding or changing original conclusions (32.1511ms)
✔ broad matching admits at most the finite annotation limit and never truncates an excessive report (390.405ms)
✔ serialized output bytes are admitted before escaped guidance and evidence references fan out (70.3717ms)
✔ later audits honor activation and retirement while the original report stays identical (49.5171ms)
✔ unknown executable, suppression, assignment and permission options are rejected (163.145ms)
✔ stale reports, foreign scope and altered evidence fail closed (29.3308ms)
✔ canonical digests ignore property insertion order but reject executable and non-finite data (0.4002ms)
✔ reusable corpus validation preserves input and rejects authority claims or altered guidance (20.7696ms)
✔ explicit collector profile requires a hash and cannot relabel a supplied snapshot (3.2842ms)
✔ recurrence requires finite explicit bounds before reading any input (1.0317ms)
✔ finite recurrence reloads snapshot and feedback on every cycle (2.9391ms)
✔ paused and stopped records prevent collection and input reads (4.3182ms)
✔ exhausted persisted attempts reject before snapshot, feedback or live collection (4.1848ms)
✔ watch admits the final allowed attempt and then stops before collecting another snapshot (1.6543ms)
✔ source mismatch refuses before reading snapshot or feedback (1.3998ms)
✔ a failed cycle stops recurrence without retrying or losing the failure (1.5986ms)
✔ first snapshot acquisition failure retains one sanitized failed attempt (351.1396ms)
✔ later corpus acquisition failure preserves earlier accepted evidence and consumes one attempt (916.6548ms)
✔ live acquisition failure is retained once without raw error text or a retry (321.9551ms)
✔ pause and stop during failed acquisition remain effective without a new admitted attempt (2621.6049ms)
✔ deadline crossing during failed acquisition prevents late attempt admission (1.881ms)
✔ interruption during failed acquisition prevents a new admitted attempt (1.669ms)
✔ duration bounds stop admission after collection without writing a late result (1.5128ms)
✔ interruption during an interval exits without another audit (3.4387ms)
✔ control commands delegate exact action, source and reason without collecting (5.9278ms)
✔ status exposes bounded metadata and no retained finding text (1.599ms)
✔ one audit writes source-bound immutable private reports and an advisory handoff (602.8008ms)
✔ fresh capture timestamps and transport metrics alone produce no new report or proposal across restart (911.4593ms)
✔ live state binds the exact selected principal and profile through restart and controls (4440.021ms)
✔ profile metadata cannot convert supplied evidence or a different live principal into accepted observations (304.3705ms)
✔ changed scoped content produces a new receipt while retaining stable finding dedupe (573.4621ms)
✔ resolved findings are recorded without claiming a remote correction (594.1089ms)
✔ stale input fails and preserves a failed attempt, never reusing previous success (621.3769ms)
✔ future input fails and preserves a failed attempt, never reusing previous success (676.6823ms)
✔ incomplete input fails and preserves a failed attempt, never reusing previous success (603.5451ms)
✔ source drift fails and preserves a failed attempt, never reusing previous success (649.8054ms)
✔ changing the caller source pin cannot migrate an existing directory (468.172ms)
✔ pause prevents input use, resume retains dedupe, and stop cannot resume (2513.2551ms)
✔ concurrent cycles have one winner and never create duplicate accepted receipts (364.0111ms)
✔ retained locks fail closed without PID reuse or timeout-based recovery (23.6572ms)
✔ incomplete intent and rollback to an older checkpoint refuse replay (746.3876ms)
✔ tampered referenced artifacts are rejected and preserved (321.8461ms)
✔ output-directory redirection refuses writes through a symlink or junction (10.5382ms)
✔ an unexpected output file is retained, not overwritten or removed (19.3808ms)
✔ status rejects unexpected files in initialized state before accepting its control projection (265.2145ms)
✔ missing, traversal-style and incomplete control requests do not create authority (6.1201ms)
✔ live source claims retain the existing collector identity and zero-write metadata (352.2275ms)
✔ finite convenience API has explicit bounds and performs no scheduling (950.6445ms)
✔ state and artifact redirection are not followed on read (324.7867ms)
✔ alter of earlier history is detected after a newer successful cycle (664.0575ms)
✔ delete of earlier history is detected after a newer successful cycle (758.8984ms)
✔ changed implementation pins fail before a new intent is written (424.1393ms)
✔ a directory replaced while a caller holds its lock cannot redirect any artifact write (406.7238ms)
✔ actual corpus activation and retirement change only separately bound advisory output (1580.1037ms)
✔ expiry invalidates cached advisory annotations even without corpus byte changes (619.45ms)
✔ mixed retained controls and new cycles enforce one transition bound with a reserved terminal stop (70810.1097ms)
✔ accepted snapshots with omitted optional metadata produce parseable JSON artifacts and replay (634.0838ms)
✔ optional auditor metadata works through the real feedback evidence and recurring consumer bridge (715.9776ms)
✔ policy has the ten requested workstreams and never assigns people (5.268ms)
✔ classification supports Multiplayer (7.0226ms)
✔ classification supports UX/UI (2.1448ms)
✔ classification supports Multi-system execution (1.7234ms)
✔ classification supports Janitor (1.5958ms)
✔ classification supports Dynamic agent teams (1.6848ms)
✔ classification supports DevOps/PR review/branch protection (2.9532ms)
✔ classification supports Security (1.8926ms)
✔ classification supports Agent communication layer (3.3659ms)
✔ classification supports Dark factory automation (3.3767ms)
✔ classification supports Backend scalability / pub-sub (1.8274ms)
✔ classification preserves labels and assignees (16.9877ms)
✔ UX alias means UX/UI (19.8092ms)
✔ an unassigned issue is not a violation (7.875ms)
✔ full fixture audit has zero mutations and catches closing-link conflict (7.9696ms)
✔ non-closing prose overrides no native link, not unrelated partial references (6.5953ms)
✔ explicit do-not-close linked issue is flagged (6.0434ms)
✔ closed unmerged PR does not close an open issue (7.2011ms)
✔ reopened issue remains open after a historical merged PR (6.043ms)
✔ no automatic close for several partial PRs (7.218ms)
✔ only explicit dependency section is interpreted (0.3228ms)
✔ code fences and quoted references are not dependency authority (0.3365ms)
✔ native/text dependency disagreement is flagged (7.4138ms)
✔ matching dependencies do not produce a mismatch (8.9977ms)
✔ dependency cycles are bounded and reported once (8.2924ms)
✔ parent hierarchy mismatch and cycle are detected (7.0491ms)
✔ outside-scope dependency is not fetched or treated as complete (7.0837ms)
✔ missing local dependency is unverified, not closed (6.2935ms)
✔ open issue marked Done is flagged without changing the board (7.6ms)
✔ unknown workstream is a review hint, not a rename (5.7771ms)
✔ locked default branch is flagged, without bypass (6.8672ms)
✔ stale PR source head is reported (6.6414ms)
✔ current independent review is accepted as evidence (6.7899ms)
✔ author approval is not current independent human approval (5.7899ms)
✔ bot approval is not current independent human approval (6.2895ms)
✔ old-head approval is not current independent human approval (7.0311ms)
✔ later comment does not erase a valid prior approval (6.2299ms)
✔ failed checks and requested changes are surfaced (6.6241ms)
✔ missing checks are not a success (6.9022ms)
✔ stale snapshots are labeled (6.7109ms)
✔ future snapshots fail closed (3.1542ms)
✔ finding IDs are stable across repeated reads (13.484ms)
✔ reported secrets are redacted and Markdown is escaped (15.9567ms)
✔ refuses: assign #50 to example-user (7.2087ms)
✔ refuses: label #50 multiplayer (11.2962ms)
✔ refuses: close #50 (11.8593ms)
✔ refuses: merge PR #237 (7.1409ms)
✔ refuses: enable auto-merge (5.8483ms)
✔ refuses: delete a branch (8.3778ms)
✔ refuses: approve PR #237 (7.0638ms)
✔ refuses: can you change the rules (6.5279ms)
✔ question answers use recorded evidence and canonical references (8.3052ms)
✔ reverse dependency questions list dependents (8.2418ms)
✔ unknown questions ask for clarification (10.8668ms)
✔ untrusted instruction text grants no tools (10.1046ms)
✔ snapshot rejects wrong repo (2.4338ms)
✔ snapshot rejects wrong project (2.3354ms)
✔ snapshot rejects partial coverage (1.5645ms)
✔ snapshot rejects wrong count (1.5796ms)
✔ snapshot rejects duplicate issue (1.8128ms)
✔ snapshot rejects hostile URL (2.4665ms)
✔ snapshot rejects hidden project item (5.1281ms)
✔ snapshot rejects cross-repo item (2.6026ms)
✔ snapshot rejects duplicate project item (2.8677ms)
✔ snapshot rejects oversized body (6.2336ms)
✔ collector completes two matching passes with no writes (13.9361ms)
✔ collector rejects issue drift between passes (6.5582ms)
✔ collector rejects incomplete nested dependencies (2.2551ms)
✔ collector rejects a changed PR head/check binding (4.6345ms)
✔ collector rejects repeated pagination cursors (2.7107ms)
✔ collector rejects inaccessible connection entries (0.2589ms)
✔ read client verifies Bakar404 and never switches accounts (2.3202ms)
✔ explicit hash-pinned read principal does not change the pilot or read allowlist (68.397ms)
✔ collector profile rejects changed scope or unsupported fields: repository (38.968ms)
✔ collector profile rejects changed scope or unsupported fields: project_id (43.3014ms)
✔ collector profile rejects changed scope or unsupported fields: project_number (40.8058ms)
✔ collector profile rejects changed scope or unsupported fields: token (41.1255ms)
✔ collector profile rejects changed scope or unsupported fields: url (37.5024ms)
✔ collector profile rejects changed scope or unsupported fields: collector_login (35.7997ms)
✔ collector profile rejects wrong hashes, changed bytes and duplicate keys (119.3242ms)
✔ profiled collection records the actual principal and rejects identity or profile drift (141.732ms)
✔ read client exposes no arbitrary query or write operation (1.7803ms)
✔ GraphQL cursor remains data, not executable query text (1.5198ms)
✔ GraphQL errors do not become accepted partial data (1.5087ms)
✔ GraphQL reserve prevents further reads (1.7468ms)
✔ collection has an elapsed-time bound (1.5818ms)
✔ dry run uses neither network nor output files (2.076ms)
✔ CLI rejects apply (0.1757ms)
✔ CLI rejects audit --fixture --live (0.1672ms)
✔ CLI rejects audit --fixture --out ../escape.json (0.1884ms)
✔ CLI rejects audit --dry-run --out file.json (0.1486ms)
✔ CLI rejects audit --fixture --assign example-user (0.0885ms)
✔ CLI rejects ask --fixture (0.0902ms)
✔ actual CLI dry run works from another directory and has no network intent (185.5337ms)
✔ test chat prepares an evidence-based reply without sending it (9.4055ms)
✔ test chat rejects wrong tenant (0.379ms)
✔ test chat rejects wrong group (0.1933ms)
✔ test chat rejects personal chat (0.1598ms)
✔ test chat rejects other channel (0.1317ms)
✔ test chat ignores messages without a mention (0.1427ms)
✔ test chat ignores its own messages (0.1398ms)
✔ test chat refuses mutation requests (7.2278ms)
✔ no production mode or implicit binding (0.3202ms)
ℹ tests 227
ℹ suites 0
ℹ pass 227
ℹ fail 0
ℹ cancelled 0
ℹ skipped 0
ℹ todo 0
ℹ duration_ms 95801.927
