QA factory dry-run passed; executing the approved synthetic issue.
{
  "status": "recovery_passed",
  "report": "<local-user>\\code\\qa\\p237-r8\\m\\qa\\issue-50-factory-recovery\\attempts\\20260922210448822\\report.json",
  "resume": {
    "status": 200,
    "body": {
      "run_id": "96a367f2-1fc5-4c1e-bd0d-d50fd567dc82",
      "runner_id": "runner-qa-issue50",
      "provider_session_id": "8080b66a-5b0a-41b5-a689-db4df97e0288"
    }
  },
  "cleanup": [
    {
      "name": "qa-read-lock",
      "status": "already_exited"
    },
    {
      "name": "runner",
      "status": "stopped_verified_qa_process",
      "pid": 66720
    },
    {
      "name": "server",
      "status": "stopped_verified_qa_process",
      "pid": 55660
    },
    {
      "name": "postgres",
      "status": "stopped_verified_qa_process",
      "pid": 5388
    }
  ],
  "retained_unchanged": null,
  "ports_after": []
}
