$ node --test --test-concurrency=2 --test-timeout=180000 scenarios/repo-steward/steward.test.mjs scenarios/repo-steward/actions.test.mjs scenarios/repo-steward/recurring-audit.test.mjs scenarios/repo-steward/feedback.test.mjs scenarios/repo-steward/maintenance.test.mjs scenarios/repo-steward/feedback-cli.test.mjs
✔ Actions preview performs no live reads or summary publication (1.7982ms)
✔ Actions fixture uses the real auditor without GitHub access (27.4747ms)
✔ invalid workflow input is rejected during preview without data access (0.9849ms)
✔ hosted live mode rejects non-Actions host before reading data (0.3401ms)
✔ hosted live mode rejects PR event before reading data (0.8552ms)
✔ hosted live mode rejects another repository before reading data (0.1736ms)
✔ hosted live mode rejects feature branch before reading data (0.3367ms)
✔ hosted live mode rejects another actor before reading data (0.1758ms)
✔ hosted live mode rejects another rerun operator before reading data (0.2763ms)
✔ hosted live mode rejects missing triggering actor before reading data (0.4078ms)
✔ hosted live mode rejects missing source commit before reading data (0.328ms)
✔ hosted live mode rejects disabled pilot before reading data (0.1531ms)
✔ hosted live mode rejects unapproved public summary before reading data (0.1316ms)
✔ hosted live mode rejects missing credential before reading data (0.1433ms)
✔ hosted live mode rejects blank credential before reading data (0.1417ms)
✔ hosted live mode rejects write-enabled configuration before reading data (0.1287ms)
✔ GITHUB_TOKEN does not substitute for Project-readable credentials (0.1901ms)
✔ an admitted live path collects once and retains zero mutations (5.576ms)
✔ collector failure does not produce a successful report (0.2772ms)
✔ stale hosted snapshots fail instead of publishing old findings (4.8049ms)
✔ public summaries never include free-form source or evidence text (4.6968ms)
✔ summary rejects unknown rule (3.805ms)
✔ summary rejects bad finding id (4.095ms)
✔ summary rejects foreign reference (4.0657ms)
✔ summary rejects mutation claim (4.1537ms)
✔ summary rejects wrong scope (3.6919ms)
✔ summary rejects invalid timestamp (4.0271ms)
✔ summary rejects bad totals (4.5389ms)
✔ public finding index is bounded without copying omitted details (4.4916ms)
✔ every configured fixture rule has an explicit publication review (3.887ms)
✔ summary file writes remain inside a supplied native temporary directory (16.4414ms)
✔ Actions CLI rejects unsupported arguments --apply (0.2555ms)
✔ Actions CLI rejects unsupported arguments --live (0.102ms)
✔ Actions CLI rejects unsupported arguments --live (0.0983ms)
✔ actual fixture CLI needs no hosted secrets or Teams SDK (176.5336ms)
✔ manual workflow keeps first-party actions pinned and live credentials isolated (12.2615ms)
✔ feedback CLI rejects unsupported, missing and duplicate transition arguments (2.5113ms)
✔ new-file corpus output preserves the previous version and refuses overwrite (23.1605ms)
✔ initializing a corpus binds the validated input scope without changing its snapshot (40.2509ms)
✔ partial snapshot cannot create a corpus file (22.554ms)
✔ redirected output parent is refused without writing through it (5.1626ms)
✔ review evidence must be a file and cannot use a directory as a digest source (43.3485ms)
✔ review CLI records the exact binary digest and closes its descriptor (77.4291ms)
✔ same-size review replacement between metadata check and open cannot update a corpus (27.533ms)
✔ review parent swapped for a symlink or junction before open is rejected (34.7115ms)
✔ same-size pathname replacement after descriptor read is rejected (29.4697ms)
✔ same-size in-place review rewrite cannot hide behind a restored modification time (29.6938ms)
✔ review growth after open stays within its original byte bound and is rejected (41.1164ms)
✔ bounded review reads handle partial reads and reject empty or oversized files (18.7874ms)
✔ native behavioral evidence remains candidate with original local source and no finding impersonation (69.6405ms)
✔ native behavioral activation is denied for mixed support and forged active or retired history (39.7361ms)
✔ native behavioral candidates can be rejected without widening legacy review authority (43.6272ms)
✔ native behavioral bytes, identity claims, source and repeated runs remain validated (106.5075ms)
✔ evidence binds actual audit finding and supplied snapshot without certifying collection or identity (10.175ms)
✔ accepted missing Project status binds the native serialized report and finding in evidence and observations (39.4267ms)
✔ auditor optional-field normalization retains strict data-only feedback and report validation (60.8426ms)
✔ timestamp-only or unrelated snapshot changes do not manufacture repeated supporting evidence (28.5139ms)
✔ partial, cross-scope, stale or missing findings cannot become feedback evidence (13.6011ms)
✔ feedback source pins accept exactly 40 or 64 hexadecimal characters, including supplied evidence (65.5103ms)
✔ candidate, active and retired versions preserve their inputs and have exact transition digests (16.9244ms)
✔ one observation, fabricated evidence bytes and replayed reviews cannot activate a rule (70.1479ms)
✔ reviewer labels and claimed approval booleans do not supply verified review authority (21.4511ms)
✔ explicit rejection remains terminal and contributes no advice (38.3926ms)
✔ prospective expiry is mandatory, bounded, and effective at the exact boundary (100.3927ms)
✔ active capacity cannot expand and supersession retires only the exact predecessor (58.9971ms)
✔ supersession rejects stale targets and cannot cross finding rules (40.9789ms)
✔ active guidance annotates only matching findings without hiding or changing original conclusions (21.8347ms)
✔ broad matching admits at most the finite annotation limit and never truncates an excessive report (316.9185ms)
✔ serialized output bytes are admitted before escaped guidance and evidence references fan out (60.3802ms)
✔ later audits honor activation and retirement while the original report stays identical (38.7946ms)
✔ unknown executable, suppression, assignment and permission options are rejected (142.1951ms)
✔ stale reports, foreign scope and altered evidence fail closed (23.9604ms)
✔ canonical digests ignore property insertion order but reject executable and non-finite data (0.371ms)
✔ reusable corpus validation preserves input and rejects authority claims or altered guidance (15.6045ms)
✔ explicit collector profile requires a hash and cannot relabel a supplied snapshot (2.797ms)
✔ recurrence requires finite explicit bounds before reading any input (0.7992ms)
✔ finite recurrence reloads snapshot and feedback on every cycle (2.5747ms)
✔ paused and stopped records prevent collection and input reads (2.5184ms)
✔ exhausted persisted attempts reject before snapshot, feedback or live collection (2.4896ms)
✔ watch admits the final allowed attempt and then stops before collecting another snapshot (1.3768ms)
✔ source mismatch refuses before reading snapshot or feedback (1.3021ms)
✔ a failed cycle stops recurrence without retrying or losing the failure (1.5601ms)
✔ first snapshot acquisition failure retains one sanitized failed attempt (299.6714ms)
✔ later corpus acquisition failure preserves earlier accepted evidence and consumes one attempt (736.611ms)
✔ live acquisition failure is retained once without raw error text or a retry (290.2242ms)
✔ pause and stop during failed acquisition remain effective without a new admitted attempt (1910.2754ms)
✔ deadline crossing during failed acquisition prevents late attempt admission (1.3551ms)
✔ interruption during failed acquisition prevents a new admitted attempt (1.1283ms)
✔ duration bounds stop admission after collection without writing a late result (1.0173ms)
✔ interruption during an interval exits without another audit (1.1258ms)
✔ control commands delegate exact action, source and reason without collecting (2.8518ms)
✔ status exposes bounded metadata and no retained finding text (1.0592ms)
✔ one audit writes source-bound immutable private reports and an advisory handoff (438.2989ms)
✔ fresh capture timestamps and transport metrics alone produce no new report or proposal across restart (665.0224ms)
✔ live state binds the exact selected principal and profile through restart and controls (2348.0017ms)
✔ profile metadata cannot convert supplied evidence or a different live principal into accepted observations (270.8117ms)
✔ changed scoped content produces a new receipt while retaining stable finding dedupe (495.4614ms)
✔ resolved findings are recorded without claiming a remote correction (508.7505ms)
✔ stale input fails and preserves a failed attempt, never reusing previous success (593.8984ms)
✔ future input fails and preserves a failed attempt, never reusing previous success (601.471ms)
✔ incomplete input fails and preserves a failed attempt, never reusing previous success (593.9362ms)
✔ source drift fails and preserves a failed attempt, never reusing previous success (598.2215ms)
✔ changing the caller source pin cannot migrate an existing directory (451.0963ms)
✔ pause prevents input use, resume retains dedupe, and stop cannot resume (2274.6416ms)
✔ concurrent cycles have one winner and never create duplicate accepted receipts (353.8504ms)
✔ retained locks fail closed without PID reuse or timeout-based recovery (17.602ms)
✔ incomplete intent and rollback to an older checkpoint refuse replay (562.8884ms)
✔ tampered referenced artifacts are rejected and preserved (310.5011ms)
✔ output-directory redirection refuses writes through a symlink or junction (10.5313ms)
✔ an unexpected output file is retained, not overwritten or removed (18.5893ms)
✔ status rejects unexpected files in initialized state before accepting its control projection (237.7098ms)
✔ missing, traversal-style and incomplete control requests do not create authority (4.7058ms)
✔ live source claims retain the existing collector identity and zero-write metadata (282.2078ms)
✔ finite convenience API has explicit bounds and performs no scheduling (877.3486ms)
✔ state and artifact redirection are not followed on read (243.0453ms)
✔ alter of earlier history is detected after a newer successful cycle (638.137ms)
✔ delete of earlier history is detected after a newer successful cycle (642.2387ms)
✔ changed implementation pins fail before a new intent is written (393.6836ms)
✔ a directory replaced while a caller holds its lock cannot redirect any artifact write (352.7599ms)
✔ actual corpus activation and retirement change only separately bound advisory output (1348.4937ms)
✔ expiry invalidates cached advisory annotations even without corpus byte changes (612.3682ms)
✔ mixed retained controls and new cycles enforce one transition bound with a reserved terminal stop (60732.9937ms)
✔ accepted snapshots with omitted optional metadata produce parseable JSON artifacts and replay (501.5775ms)
✔ optional auditor metadata works through the real feedback evidence and recurring consumer bridge (786.7597ms)
✔ policy has the ten requested workstreams and never assigns people (3.2286ms)
✔ classification supports Multiplayer (6.0042ms)
✔ classification supports UX/UI (1.8311ms)
✔ classification supports Multi-system execution (1.2448ms)
✔ classification supports Janitor (1.4989ms)
✔ classification supports Dynamic agent teams (1.2917ms)
✔ classification supports DevOps/PR review/branch protection (1.9893ms)
✔ classification supports Security (1.1479ms)
✔ classification supports Agent communication layer (1.2405ms)
✔ classification supports Dark factory automation (1.3663ms)
✔ classification supports Backend scalability / pub-sub (1.2342ms)
✔ classification preserves labels and assignees (12.6681ms)
✔ UX alias means UX/UI (16.2448ms)
✔ an unassigned issue is not a violation (6.0211ms)
✔ full fixture audit has zero mutations and catches closing-link conflict (5.4066ms)
✔ non-closing prose overrides no native link, not unrelated partial references (4.5714ms)
✔ explicit do-not-close linked issue is flagged (3.8823ms)
✔ closed unmerged PR does not close an open issue (4.0513ms)
✔ reopened issue remains open after a historical merged PR (3.6269ms)
✔ no automatic close for several partial PRs (4.3943ms)
✔ only explicit dependency section is interpreted (0.1785ms)
✔ code fences and quoted references are not dependency authority (0.2898ms)
✔ native/text dependency disagreement is flagged (4.1339ms)
✔ matching dependencies do not produce a mismatch (4.2173ms)
✔ dependency cycles are bounded and reported once (4.3926ms)
✔ parent hierarchy mismatch and cycle are detected (4.1037ms)
✔ outside-scope dependency is not fetched or treated as complete (4.1659ms)
✔ missing local dependency is unverified, not closed (3.6907ms)
✔ open issue marked Done is flagged without changing the board (5.4627ms)
✔ unknown workstream is a review hint, not a rename (3.7716ms)
✔ locked default branch is flagged, without bypass (3.952ms)
✔ stale PR source head is reported (3.6329ms)
✔ current independent review is accepted as evidence (4.429ms)
✔ author approval is not current independent human approval (4.6449ms)
✔ bot approval is not current independent human approval (3.4245ms)
✔ old-head approval is not current independent human approval (3.7351ms)
✔ later comment does not erase a valid prior approval (3.9473ms)
✔ failed checks and requested changes are surfaced (4.0606ms)
✔ missing checks are not a success (3.5795ms)
✔ stale snapshots are labeled (3.471ms)
✔ future snapshots fail closed (1.5251ms)
✔ finding IDs are stable across repeated reads (7.7037ms)
✔ reported secrets are redacted and Markdown is escaped (10.5419ms)
✔ refuses: assign #50 to example-user (5.3051ms)
✔ refuses: label #50 multiplayer (4.4675ms)
✔ refuses: close #50 (4.515ms)
✔ refuses: merge PR #237 (4.7142ms)
✔ refuses: enable auto-merge (4.8016ms)
✔ refuses: delete a branch (4.4142ms)
✔ refuses: approve PR #237 (4.3226ms)
✔ refuses: can you change the rules (6.6363ms)
✔ question answers use recorded evidence and canonical references (5.2473ms)
✔ reverse dependency questions list dependents (4.6453ms)
✔ unknown questions ask for clarification (4.9825ms)
✔ untrusted instruction text grants no tools (5.1152ms)
✔ snapshot rejects wrong repo (1.1829ms)
✔ snapshot rejects wrong project (1.0172ms)
✔ snapshot rejects partial coverage (0.9384ms)
✔ snapshot rejects wrong count (1.1112ms)
✔ snapshot rejects duplicate issue (1.6575ms)
✔ snapshot rejects hostile URL (1.5628ms)
✔ snapshot rejects hidden project item (1.2911ms)
✔ snapshot rejects cross-repo item (1.2327ms)
✔ snapshot rejects duplicate project item (1.1939ms)
✔ snapshot rejects oversized body (1.1607ms)
✔ collector completes two matching passes with no writes (4.7976ms)
✔ collector rejects issue drift between passes (2.5792ms)
✔ collector rejects incomplete nested dependencies (1.2027ms)
✔ collector rejects a changed PR head/check binding (1.3482ms)
✔ collector rejects repeated pagination cursors (1.2801ms)
✔ collector rejects inaccessible connection entries (0.1532ms)
✔ read client verifies Bakar404 and never switches accounts (1.3359ms)
✔ explicit hash-pinned read principal does not change the pilot or read allowlist (22.2468ms)
✔ collector profile rejects changed scope or unsupported fields: repository (18.1015ms)
✔ collector profile rejects changed scope or unsupported fields: project_id (16.8253ms)
✔ collector profile rejects changed scope or unsupported fields: project_number (16.7553ms)
✔ collector profile rejects changed scope or unsupported fields: token (17.2929ms)
✔ collector profile rejects changed scope or unsupported fields: url (18.3982ms)
✔ collector profile rejects changed scope or unsupported fields: collector_login (17.8208ms)
✔ collector profile rejects wrong hashes, changed bytes and duplicate keys (45.1792ms)
✔ profiled collection records the actual principal and rejects identity or profile drift (32.4807ms)
✔ read client exposes no arbitrary query or write operation (1.3681ms)
✔ GraphQL cursor remains data, not executable query text (1.1419ms)
✔ GraphQL errors do not become accepted partial data (1.0744ms)
✔ GraphQL reserve prevents further reads (1.0957ms)
✔ collection has an elapsed-time bound (1.079ms)
✔ dry run uses neither network nor output files (1.3171ms)
✔ CLI rejects apply (0.8522ms)
✔ CLI rejects audit --fixture --live (0.1014ms)
✔ CLI rejects audit --fixture --out ../escape.json (0.1408ms)
✔ CLI rejects audit --dry-run --out file.json (0.0912ms)
✔ CLI rejects audit --fixture --assign example-user (0.0795ms)
✔ CLI rejects ask --fixture (0.0786ms)
✔ actual CLI dry run works from another directory and has no network intent (149.9733ms)
✔ test chat prepares an evidence-based reply without sending it (6.2121ms)
✔ test chat rejects wrong tenant (0.3421ms)
✔ test chat rejects wrong group (0.1488ms)
✔ test chat rejects personal chat (0.1344ms)
✔ test chat rejects other channel (0.1905ms)
✔ test chat ignores messages without a mention (0.1404ms)
✔ test chat ignores its own messages (0.1369ms)
✔ test chat refuses mutation requests (4.6035ms)
✔ no production mode or implicit binding (0.279ms)
ℹ tests 227
ℹ suites 0
ℹ pass 227
ℹ fail 0
ℹ cancelled 0
ℹ skipped 0
ℹ todo 0
ℹ duration_ms 80995.508
