PASS runner and orphan-artifact startup recovery on a disposable clone
PASS development startup, migration, demo persistence and restart
PASS empty missing_issuer
PASS empty missing_master
PASS empty bad_master
PASS empty short_master
PASS empty long_master
PASS empty missing_signing
PASS empty bad_signing
PASS empty short_signing
PASS empty backend
PASS empty local
PASS empty http_flag
PASS empty bucket
PASS empty empty_bucket
PASS empty access_only
PASS empty secret_only
PASS empty endpoint
PASS empty endpoint_http
PASS empty zero_limit
PASS empty bad_limit
PASS empty cors
PASS empty cors_wildcard
PASS empty http_issuer
PASS empty bad_issuer
PASS empty mismatch
PASS empty metadata
PASS empty userinfo
PASS empty discovery_status
PASS empty backtraces
PASS empty dev_invalid
PASS empty audit_short_key
PASS empty audit_interval
PASS empty audit_missing_key_id
PASS empty audit_witness_json
PASS empty audit_commit_grammar
PASS seeded missing_issuer
PASS seeded missing_master
PASS seeded bad_master
PASS seeded short_master
PASS seeded long_master
PASS seeded missing_signing
PASS seeded bad_signing
PASS seeded short_signing
PASS seeded backend
PASS seeded local
PASS seeded http_flag
PASS seeded bucket
PASS seeded empty_bucket
PASS seeded access_only
PASS seeded secret_only
PASS seeded endpoint
PASS seeded endpoint_http
PASS seeded zero_limit
PASS seeded bad_limit
PASS seeded cors
PASS seeded cors_wildcard
PASS seeded http_issuer
PASS seeded bad_issuer
PASS seeded mismatch
PASS seeded metadata
PASS seeded userinfo
PASS seeded discovery_status
PASS seeded backtraces
PASS seeded dev_invalid
PASS seeded audit_short_key
PASS seeded audit_interval
PASS seeded audit_missing_key_id
PASS seeded audit_witness_json
PASS seeded audit_commit_grammar
PASS explicit CLI rejection and secret-safe help
PASS production startup with TLS storage and signing bytes 32
PASS production startup with TLS storage and signing bytes 33
PASS all unchanged startup assertions on the owned native PostgreSQL fixture
Fixture credentials reach server children through isolated environment delivery (reduced assurance).
Supervisor will stop only its exact owned PostgreSQL; evidence and data remain retained.
