$ node --test --test-concurrency=2 --test-timeout=180000 scenarios/repo-steward/steward.test.mjs scenarios/repo-steward/actions.test.mjs scenarios/repo-steward/recurring-audit.test.mjs scenarios/repo-steward/feedback.test.mjs scenarios/repo-steward/maintenance.test.mjs scenarios/repo-steward/feedback-cli.test.mjs
✔ Actions preview performs no live reads or summary publication (2.3075ms)
✔ Actions fixture uses the real auditor without GitHub access (32.4421ms)
✔ invalid workflow input is rejected during preview without data access (1.2678ms)
✔ hosted live mode rejects non-Actions host before reading data (0.5192ms)
✔ hosted live mode rejects PR event before reading data (1.3589ms)
✔ hosted live mode rejects another repository before reading data (0.3299ms)
✔ hosted live mode rejects feature branch before reading data (0.421ms)
✔ hosted live mode rejects another actor before reading data (0.2502ms)
✔ hosted live mode rejects another rerun operator before reading data (0.3958ms)
✔ hosted live mode rejects missing triggering actor before reading data (0.5902ms)
✔ hosted live mode rejects missing source commit before reading data (0.5397ms)
✔ hosted live mode rejects disabled pilot before reading data (0.1728ms)
✔ hosted live mode rejects unapproved public summary before reading data (0.1439ms)
✔ hosted live mode rejects missing credential before reading data (0.1619ms)
✔ hosted live mode rejects blank credential before reading data (0.1546ms)
✔ hosted live mode rejects write-enabled configuration before reading data (0.1361ms)
✔ GITHUB_TOKEN does not substitute for Project-readable credentials (0.2283ms)
✔ an admitted live path collects once and retains zero mutations (8.2128ms)
✔ collector failure does not produce a successful report (0.3794ms)
✔ stale hosted snapshots fail instead of publishing old findings (6.6256ms)
✔ public summaries never include free-form source or evidence text (7.2534ms)
✔ summary rejects unknown rule (6.7024ms)
✔ summary rejects bad finding id (6.3027ms)
✔ summary rejects foreign reference (6.3617ms)
✔ summary rejects mutation claim (7.6084ms)
✔ summary rejects wrong scope (6.904ms)
✔ summary rejects invalid timestamp (5.8741ms)
✔ summary rejects bad totals (6.7729ms)
✔ public finding index is bounded without copying omitted details (5.7312ms)
✔ every configured fixture rule has an explicit publication review (4.6497ms)
✔ summary file writes remain inside a supplied native temporary directory (19.902ms)
✔ Actions CLI rejects unsupported arguments --apply (0.264ms)
✔ Actions CLI rejects unsupported arguments --live (0.1352ms)
✔ Actions CLI rejects unsupported arguments --live (0.1189ms)
✔ actual fixture CLI needs no hosted secrets or Teams SDK (226.5547ms)
✔ manual workflow keeps first-party actions pinned and live credentials isolated (2.7686ms)
✔ feedback CLI rejects unsupported, missing and duplicate transition arguments (2.0751ms)
✔ new-file corpus output preserves the previous version and refuses overwrite (26.5556ms)
✔ initializing a corpus binds the validated input scope without changing its snapshot (48.3951ms)
✔ partial snapshot cannot create a corpus file (24.6531ms)
✔ redirected output parent is refused without writing through it (7.9367ms)
✔ review evidence must be a file and cannot use a directory as a digest source (49.6442ms)
✔ review CLI records the exact binary digest and closes its descriptor (94.7194ms)
✔ same-size review replacement between metadata check and open cannot update a corpus (43.1805ms)
✔ review parent swapped for a symlink or junction before open is rejected (45.1537ms)
✔ same-size pathname replacement after descriptor read is rejected (43.3048ms)
✔ same-size in-place review rewrite cannot hide behind a restored modification time (39.7339ms)
✔ review growth after open stays within its original byte bound and is rejected (37.8889ms)
✔ bounded review reads handle partial reads and reject empty or oversized files (25.8889ms)
✔ native behavioral evidence remains candidate with original local source and no finding impersonation (89.213ms)
✔ native behavioral activation is denied for mixed support and forged active or retired history (52.2759ms)
✔ native behavioral candidates can be rejected without widening legacy review authority (48.7312ms)
✔ native behavioral bytes, identity claims, source and repeated runs remain validated (129.6155ms)
✔ evidence binds actual audit finding and supplied snapshot without certifying collection or identity (13.12ms)
✔ accepted missing Project status binds the native serialized report and finding in evidence and observations (47.3022ms)
✔ auditor optional-field normalization retains strict data-only feedback and report validation (71.5734ms)
✔ timestamp-only or unrelated snapshot changes do not manufacture repeated supporting evidence (42.0775ms)
✔ partial, cross-scope, stale or missing findings cannot become feedback evidence (16.6643ms)
✔ feedback source pins accept exactly 40 or 64 hexadecimal characters, including supplied evidence (98.2834ms)
✔ candidate, active and retired versions preserve their inputs and have exact transition digests (26.4483ms)
✔ one observation, fabricated evidence bytes and replayed reviews cannot activate a rule (77.5342ms)
✔ reviewer labels and claimed approval booleans do not supply verified review authority (28.7164ms)
✔ explicit rejection remains terminal and contributes no advice (41.0396ms)
✔ prospective expiry is mandatory, bounded, and effective at the exact boundary (126.5092ms)
✔ active capacity cannot expand and supersession retires only the exact predecessor (74.3871ms)
✔ supersession rejects stale targets and cannot cross finding rules (47.7389ms)
✔ active guidance annotates only matching findings without hiding or changing original conclusions (23.7273ms)
✔ broad matching admits at most the finite annotation limit and never truncates an excessive report (378.3253ms)
✔ serialized output bytes are admitted before escaped guidance and evidence references fan out (58.9314ms)
✔ later audits honor activation and retirement while the original report stays identical (40.1527ms)
✔ unknown executable, suppression, assignment and permission options are rejected (161.3245ms)
✔ stale reports, foreign scope and altered evidence fail closed (26.7368ms)
✔ canonical digests ignore property insertion order but reject executable and non-finite data (0.4046ms)
✔ reusable corpus validation preserves input and rejects authority claims or altered guidance (16.8792ms)
✔ explicit collector profile requires a hash and cannot relabel a supplied snapshot (3.3393ms)
✔ recurrence requires finite explicit bounds before reading any input (0.9874ms)
✔ finite recurrence reloads snapshot and feedback on every cycle (4.0621ms)
✔ paused and stopped records prevent collection and input reads (2.8254ms)
✔ exhausted persisted attempts reject before snapshot, feedback or live collection (2.953ms)
✔ watch admits the final allowed attempt and then stops before collecting another snapshot (1.8608ms)
✔ source mismatch refuses before reading snapshot or feedback (1.4375ms)
✔ a failed cycle stops recurrence without retrying or losing the failure (1.8465ms)
✔ first snapshot acquisition failure retains one sanitized failed attempt (399.8117ms)
✔ later corpus acquisition failure preserves earlier accepted evidence and consumes one attempt (875.3175ms)
✔ live acquisition failure is retained once without raw error text or a retry (304.3884ms)
✔ pause and stop during failed acquisition remain effective without a new admitted attempt (2253.8794ms)
✔ deadline crossing during failed acquisition prevents late attempt admission (1.828ms)
✔ interruption during failed acquisition prevents a new admitted attempt (1.8686ms)
✔ duration bounds stop admission after collection without writing a late result (1.6671ms)
✔ interruption during an interval exits without another audit (1.7288ms)
✔ control commands delegate exact action, source and reason without collecting (3.5438ms)
✔ status exposes bounded metadata and no retained finding text (1.7117ms)
✔ one audit writes source-bound immutable private reports and an advisory handoff (501.8215ms)
✔ fresh capture timestamps and transport metrics alone produce no new report or proposal across restart (776.2877ms)
✔ live state binds the exact selected principal and profile through restart and controls (3149.5922ms)
✔ profile metadata cannot convert supplied evidence or a different live principal into accepted observations (300.5283ms)
✔ changed scoped content produces a new receipt while retaining stable finding dedupe (635.2724ms)
✔ resolved findings are recorded without claiming a remote correction (694.4402ms)
✔ stale input fails and preserves a failed attempt, never reusing previous success (717.4731ms)
✔ future input fails and preserves a failed attempt, never reusing previous success (735.2956ms)
✔ incomplete input fails and preserves a failed attempt, never reusing previous success (786.2478ms)
✔ source drift fails and preserves a failed attempt, never reusing previous success (867.4454ms)
✔ changing the caller source pin cannot migrate an existing directory (666.5616ms)
✔ pause prevents input use, resume retains dedupe, and stop cannot resume (2814.0957ms)
✔ concurrent cycles have one winner and never create duplicate accepted receipts (496.1745ms)
✔ retained locks fail closed without PID reuse or timeout-based recovery (22.0212ms)
✔ incomplete intent and rollback to an older checkpoint refuse replay (733.3199ms)
✔ tampered referenced artifacts are rejected and preserved (412.1341ms)
✔ output-directory redirection refuses writes through a symlink or junction (12.8745ms)
✔ an unexpected output file is retained, not overwritten or removed (18.8979ms)
✔ status rejects unexpected files in initialized state before accepting its control projection (329.0511ms)
✔ missing, traversal-style and incomplete control requests do not create authority (5.089ms)
✔ live source claims retain the existing collector identity and zero-write metadata (335.2251ms)
✔ finite convenience API has explicit bounds and performs no scheduling (1149.6172ms)
✔ state and artifact redirection are not followed on read (266.3043ms)
✔ alter of earlier history is detected after a newer successful cycle (856.5156ms)
✔ delete of earlier history is detected after a newer successful cycle (801.8868ms)
✔ changed implementation pins fail before a new intent is written (582.645ms)
✔ a directory replaced while a caller holds its lock cannot redirect any artifact write (462.947ms)
✔ actual corpus activation and retirement change only separately bound advisory output (1670.796ms)
✔ expiry invalidates cached advisory annotations even without corpus byte changes (869.2172ms)
✔ mixed retained controls and new cycles enforce one transition bound with a reserved terminal stop (81232.1096ms)
✔ accepted snapshots with omitted optional metadata produce parseable JSON artifacts and replay (667.62ms)
✔ optional auditor metadata works through the real feedback evidence and recurring consumer bridge (742.9531ms)
✔ policy has the ten requested workstreams and never assigns people (4.3232ms)
✔ classification supports Multiplayer (11.5203ms)
✔ classification supports UX/UI (2.1312ms)
✔ classification supports Multi-system execution (1.5637ms)
✔ classification supports Janitor (1.6442ms)
✔ classification supports Dynamic agent teams (1.4934ms)
✔ classification supports DevOps/PR review/branch protection (2.4695ms)
✔ classification supports Security (1.4948ms)
✔ classification supports Agent communication layer (1.4544ms)
✔ classification supports Dark factory automation (1.3993ms)
✔ classification supports Backend scalability / pub-sub (1.2939ms)
✔ classification preserves labels and assignees (16.6478ms)
✔ UX alias means UX/UI (20.6624ms)
✔ an unassigned issue is not a violation (6.2236ms)
✔ full fixture audit has zero mutations and catches closing-link conflict (5.7166ms)
✔ non-closing prose overrides no native link, not unrelated partial references (6.9789ms)
✔ explicit do-not-close linked issue is flagged (6.0799ms)
✔ closed unmerged PR does not close an open issue (6.0857ms)
✔ reopened issue remains open after a historical merged PR (7.0328ms)
✔ no automatic close for several partial PRs (6.6351ms)
✔ only explicit dependency section is interpreted (0.2547ms)
✔ code fences and quoted references are not dependency authority (0.2919ms)
✔ native/text dependency disagreement is flagged (6.029ms)
✔ matching dependencies do not produce a mismatch (5.2875ms)
✔ dependency cycles are bounded and reported once (5.8405ms)
✔ parent hierarchy mismatch and cycle are detected (6.7816ms)
✔ outside-scope dependency is not fetched or treated as complete (4.6541ms)
✔ missing local dependency is unverified, not closed (4.564ms)
✔ open issue marked Done is flagged without changing the board (6.2647ms)
✔ unknown workstream is a review hint, not a rename (6.3848ms)
✔ locked default branch is flagged, without bypass (5.2362ms)
✔ stale PR source head is reported (4.8847ms)
✔ current independent review is accepted as evidence (5.1564ms)
✔ author approval is not current independent human approval (4.7112ms)
✔ bot approval is not current independent human approval (4.802ms)
✔ old-head approval is not current independent human approval (6.0359ms)
✔ later comment does not erase a valid prior approval (4.191ms)
✔ failed checks and requested changes are surfaced (4.1947ms)
✔ missing checks are not a success (5.052ms)
✔ stale snapshots are labeled (6.7172ms)
✔ future snapshots fail closed (2.2811ms)
✔ finding IDs are stable across repeated reads (11.028ms)
✔ reported secrets are redacted and Markdown is escaped (13.1186ms)
✔ refuses: assign #50 to example-user (7.102ms)
✔ refuses: label #50 multiplayer (9.1432ms)
✔ refuses: close #50 (6.6626ms)
✔ refuses: merge PR #237 (4.3703ms)
✔ refuses: enable auto-merge (4.649ms)
✔ refuses: delete a branch (5.1247ms)
✔ refuses: approve PR #237 (4.857ms)
✔ refuses: can you change the rules (5.0426ms)
✔ question answers use recorded evidence and canonical references (5.4164ms)
✔ reverse dependency questions list dependents (5.129ms)
✔ unknown questions ask for clarification (5.7849ms)
✔ untrusted instruction text grants no tools (5.4082ms)
✔ snapshot rejects wrong repo (1.3157ms)
✔ snapshot rejects wrong project (1.1395ms)
✔ snapshot rejects partial coverage (1.1867ms)
✔ snapshot rejects wrong count (1.0771ms)
✔ snapshot rejects duplicate issue (1.2549ms)
✔ snapshot rejects hostile URL (1.8063ms)
✔ snapshot rejects hidden project item (1.615ms)
✔ snapshot rejects cross-repo item (1.7902ms)
✔ snapshot rejects duplicate project item (1.5656ms)
✔ snapshot rejects oversized body (1.7261ms)
✔ collector completes two matching passes with no writes (5.2257ms)
✔ collector rejects issue drift between passes (3.4227ms)
✔ collector rejects incomplete nested dependencies (1.4115ms)
✔ collector rejects a changed PR head/check binding (1.3286ms)
✔ collector rejects repeated pagination cursors (1.3279ms)
✔ collector rejects inaccessible connection entries (0.1528ms)
✔ read client verifies Bakar404 and never switches accounts (1.3122ms)
✔ explicit hash-pinned read principal does not change the pilot or read allowlist (30.659ms)
✔ collector profile rejects changed scope or unsupported fields: repository (22.2501ms)
✔ collector profile rejects changed scope or unsupported fields: project_id (14.2605ms)
✔ collector profile rejects changed scope or unsupported fields: project_number (17.4992ms)
✔ collector profile rejects changed scope or unsupported fields: token (10.4135ms)
✔ collector profile rejects changed scope or unsupported fields: url (9.4892ms)
✔ collector profile rejects changed scope or unsupported fields: collector_login (10.0084ms)
✔ collector profile rejects wrong hashes, changed bytes and duplicate keys (42.9637ms)
✔ profiled collection records the actual principal and rejects identity or profile drift (44.4317ms)
✔ read client exposes no arbitrary query or write operation (1.8135ms)
✔ GraphQL cursor remains data, not executable query text (1.6741ms)
✔ GraphQL errors do not become accepted partial data (1.5946ms)
✔ GraphQL reserve prevents further reads (1.413ms)
✔ collection has an elapsed-time bound (1.4839ms)
✔ dry run uses neither network nor output files (2.1405ms)
✔ CLI rejects apply (0.2697ms)
✔ CLI rejects audit --fixture --live (0.1299ms)
✔ CLI rejects audit --fixture --out ../escape.json (0.1932ms)
✔ CLI rejects audit --dry-run --out file.json (0.1208ms)
✔ CLI rejects audit --fixture --assign example-user (0.153ms)
✔ CLI rejects ask --fixture (0.1034ms)
✔ actual CLI dry run works from another directory and has no network intent (241.201ms)
✔ test chat prepares an evidence-based reply without sending it (10.4057ms)
✔ test chat rejects wrong tenant (0.5512ms)
✔ test chat rejects wrong group (0.2253ms)
✔ test chat rejects personal chat (0.1922ms)
✔ test chat rejects other channel (0.1901ms)
✔ test chat ignores messages without a mention (0.2433ms)
✔ test chat ignores its own messages (0.1899ms)
✔ test chat refuses mutation requests (9.3718ms)
✔ no production mode or implicit binding (0.5063ms)
ℹ tests 227
ℹ suites 0
ℹ pass 227
ℹ fail 0
ℹ cancelled 0
ℹ skipped 0
ℹ todo 0
ℹ duration_ms 107128.5477
