✔ large manifests expose a bounded searchable page and exact identity without outcome controls (81.4078ms)
✔ source and diff text stay inert; display masking does not rewrite recorded hashes (17.7663ms)
✔ deleted, absent, sensitive, binary, unsupported and oversized file states are explicit (22.7893ms)
✔ version evidence shows its specific failure and no source content (2.0914ms)
✔ digest evidence shows its specific failure and no source content (1.7894ms)
✔ denied evidence shows its specific failure and no source content (1.6113ms)
✔ expired evidence shows its specific failure and no source content (1.0376ms)
✔ oversize evidence shows its specific failure and no source content (1.2465ms)
✔ provider output is inspected as its own artifact and disconnect exposes no read control (3.3403ms)
✔ source selection joins one exact run, task, base, artifact digest and verifier digest (2.4223ms)
✔ provider output remains a separate descriptor and never follows a supplied URI (1.0821ms)
✔ streaming read checks trusted length, media and SHA-256 before returning any content (31.7651ms)
✔ expired and known oversize receipts fail before a request (0.9683ms)
✔ artifact failures expose stable categories without reading error bodies (1.2511ms)
✔ redirect, media, length and digest mismatches fail closed (3.8696ms)
✔ a streamed oversize artifact is cancelled without displaying a prefix (0.9104ms)
✔ abort and stream errors remain failures even when cancellation also throws (0.8684ms)
✔ schema-1 manifests retain canonical identity, deleted records and exact source selection (4.8265ms)
✔ version, malformed JSON, partial canonical identity and source joins cannot fall back to another run (2.9822ms)
✔ manifest paths, file types, sizes and duplicates are bounded without reading a host path (21.1853ms)
✔ large manifests remain searchable through bounded pages without truncating the count (44.2846ms)
✔ file and diff previews verify bytes and canonical base64 before rendering (31.101ms)
✔ non-previewable files keep explicit states without extracting archives or bundles (0.7852ms)
✔ preview masking covers likely credentials, private keys and invisible controls without changing hashes (0.9189ms)
✔ inspection is an explicit read of the exact selected native artifact (33.0874ms)
✔ a server transition hides loaded evidence before effect cleanup (2.2489ms)
✔ a corpId transition hides loaded evidence before effect cleanup (1.4794ms)
✔ a actorId transition hides loaded evidence before effect cleanup (4.1334ms)
✔ a roomId transition hides loaded evidence before effect cleanup (1.3553ms)
✔ a missionId transition hides loaded evidence before effect cleanup (0.8955ms)
✔ a actorRole transition hides loaded evidence before effect cleanup (0.9393ms)
✔ a runId transition hides loaded evidence before effect cleanup (0.8583ms)
✔ a taskId transition hides loaded evidence before effect cleanup (1.1184ms)
✔ a artifactId transition hides loaded evidence before effect cleanup (1.1324ms)
✔ a sha256 transition hides loaded evidence before effect cleanup (1.0126ms)
✔ a verificationSha256 transition hides loaded evidence before effect cleanup (0.7565ms)
✔ a baseCommit transition hides loaded evidence before effect cleanup (0.8202ms)
✔ a headCommit transition hides loaded evidence before effect cleanup (0.8225ms)
✔ a branch transition hides loaded evidence before effect cleanup (0.6263ms)
✔ a mediaType transition hides loaded evidence before effect cleanup (0.8873ms)
✔ a retention transition hides loaded evidence before effect cleanup (0.7161ms)
✔ a permission transition hides loaded evidence before effect cleanup (0.7301ms)
✔ a connection transition hides loaded evidence before effect cleanup (0.7447ms)
✔ a missing source transition hides loaded evidence before effect cleanup (0.6646ms)
✔ a transport transition hides loaded evidence before effect cleanup (0.6156ms)
✔ A to B to A rejects a late response even when the transport ignores abort (1.3234ms)
✔ cancel, timeout and StrictMode clean up their own read without publishing late bytes (1.1915ms)
✔ native denied response never produces a document (0.9463ms)
✔ native expired response never produces a document (0.5548ms)
✔ native mismatch response never produces a document (0.6314ms)
✔ expiry hides loaded data and catches suspended-tab activation without relying on a timer (1.6574ms)
✔ a response that arrives after retention expires is withheld, including long retention timers (1.0329ms)
✔ unknown roles, missing scope, absent source and lost availability cannot request evidence (0.7042ms)
✔ late file success cannot replace the newer selected file (3.6748ms)
✔ late file failure cannot replace the newer selected file (1.3129ms)
✔ file A to B to A requires the new A preview and rejects a detached manifest entry (1.1667ms)
✔ file preview is fenced by viewer and source transitions, including returning to the original scope (5.1665ms)
✔ close and retention expiry hide pending file previews and reject late publication (1.8212ms)
✔ unmount and effect replay prevent superseded file previews from settling the current selection (1.4228ms)
✔ WorkResultCard exposes its status and supplied content with metadata collapsed by default (10.9079ms)
✔ ready PR retains its exact URL and only an explicit download invokes the matching callback (10.616ms)
✔ loading, unavailable and no-publication states do not fabricate a PR or perform actions (3.8164ms)
✔ a historical review mismatch changes selection only through explicit Go to delivered result (2.6163ms)
✔ an unavailable delivered-run target preserves the historical selection and only offers refresh (178.5429ms)
✔ a failed publication with a recorded PR remains inspectable without being labeled Published (5.7941ms)
✔ Published is not merged or deployed and its collapsed details never invent a running preview (5.8549ms)
✔ expired artifact retention does not hide an existing PR or replace server download validation (113.3338ms)
✔ actual hook hides prior result before cleanup and aborts on each exact scope change (51.4685ms)
✔ actual hook fences late success and failure before cleanup and after replacement (14.4432ms)
✔ actual hook close and reopen with identical IDs cannot revive old ready or pending data (15.1406ms)
✔ actual hook treats positive revision as one refresh hint and never retries failure on render (34.08ms)
✔ actual controlled MissionCard initial pin survives repeated mount effects before parent rerender (6.2122ms)
✔ actual controlled MissionCard restricts task-only selection and never substitutes an unavailable run (6.221ms)
✔ actual controlled MissionCard pins the first run when it arrives after a mission-only selection (2.7127ms)
✔ actual controlled MissionCard hides default evidence if the initial selection cannot persist (1.5091ms)
✔ actual App origin-unavailable branch offers manual Refresh work context with no PR CTA (7.262ms)
✔ actual App first-hop retry exposes the authorized result without moving pinned evidence (18.0931ms)
✔ actual App fallback reports unavailable review details for an unresolved run or request (10.8737ms)
✔ actual work pickers retain a deep-linked historical mission outside the recent eight (54.8081ms)
✔ actual work pickers do not duplicate a recent selection or invent an absent mission (46.5696ms)
✔ actual App keeps provider output, source, checks and historical evidence on the exact selected run (33.0442ms)
✔ actual App artifact transport uses the native artifact route and current credential without redirects or caching (25.1577ms)
✔ actual App disables inspection on unavailable or mismatched current snapshot scope (15.7488ms)
✔ actual App withholds source download, inspector and links for missing, ambiguous or mismatched evidence (11.6484ms)
✔ actual App findings retain full reviewer text and exact source/run/verification links (6.589ms)
✔ actual App preserves existing reviewer eligibility and sends decisions for only the selected run (36.2644ms)
ℹ tests 86
ℹ suites 0
ℹ pass 86
ℹ fail 0
ℹ cancelled 0
ℹ skipped 0
ℹ todo 0
ℹ duration_ms 1935.4864
