PASS native_root_provider_artifacts_exact_checks_no_source_substitution
PASS native_current_room_and_guest_denial
PASS native_exact_decisions_completed_graph_and_preserved_source
PASS historical_root_provider_selection_survives_synthesis_and_reload
PASS native_synthesis_manifest_text_diff_exact_checks
PASS synthesis_source_selection_reload_mobile_keyboard_reduced_motion
PASS authorized_source_download_original_bytes
PASS native_launch_protocol
PASS browser-only large_manifest_search_pagination_inert_html_and_diff
PASS browser-only redaction_file_states_and_mobile
PASS browser-only artifact-hash-mismatch
PASS browser-only unsupported-version
PASS browser-only source-identity-mismatch
PASS browser-only artifact-too-large
PASS browser-only file-hash-mismatch
PASS browser-only http-error-recovery
PASS browser-only expired
PASS browser-only expiry-during-view
PASS browser-only cancel-loading
PASS browser-only selected-run-late-response
PASS browser_only_edge_states
PASS browser_variants_did_not_change_native_runs_decisions_or_sources
