$ node --test --test-concurrency=2 --test-timeout=180000 scenarios/repo-steward/steward.test.mjs scenarios/repo-steward/actions.test.mjs scenarios/repo-steward/recurring-audit.test.mjs scenarios/repo-steward/feedback.test.mjs scenarios/repo-steward/maintenance.test.mjs scenarios/repo-steward/feedback-cli.test.mjs
✔ Actions preview performs no live reads or summary publication (2.964ms)
✔ Actions fixture uses the real auditor without GitHub access (31.5043ms)
✔ invalid workflow input is rejected during preview without data access (0.987ms)
✔ hosted live mode rejects non-Actions host before reading data (0.4001ms)
✔ hosted live mode rejects PR event before reading data (0.4514ms)
✔ hosted live mode rejects another repository before reading data (0.2215ms)
✔ hosted live mode rejects feature branch before reading data (0.4614ms)
✔ hosted live mode rejects another actor before reading data (0.2484ms)
✔ hosted live mode rejects another rerun operator before reading data (0.4009ms)
✔ hosted live mode rejects missing triggering actor before reading data (0.5194ms)
✔ hosted live mode rejects missing source commit before reading data (0.4551ms)
✔ hosted live mode rejects disabled pilot before reading data (0.264ms)
✔ hosted live mode rejects unapproved public summary before reading data (0.2307ms)
✔ hosted live mode rejects missing credential before reading data (0.2034ms)
✔ hosted live mode rejects blank credential before reading data (0.2295ms)
✔ hosted live mode rejects write-enabled configuration before reading data (0.2355ms)
✔ GITHUB_TOKEN does not substitute for Project-readable credentials (0.364ms)
✔ an admitted live path collects once and retains zero mutations (7.0288ms)
✔ collector failure does not produce a successful report (0.4218ms)
✔ stale hosted snapshots fail instead of publishing old findings (6.3959ms)
✔ public summaries never include free-form source or evidence text (5.3865ms)
✔ summary rejects unknown rule (4.2161ms)
✔ summary rejects bad finding id (5.1806ms)
✔ summary rejects foreign reference (6.0614ms)
✔ summary rejects mutation claim (5.0542ms)
✔ summary rejects wrong scope (5.0872ms)
✔ summary rejects invalid timestamp (5.9701ms)
✔ summary rejects bad totals (5.5706ms)
✔ public finding index is bounded without copying omitted details (4.9874ms)
✔ every configured fixture rule has an explicit publication review (4.3722ms)
✔ summary file writes remain inside a supplied native temporary directory (18.1623ms)
✔ Actions CLI rejects unsupported arguments --apply (0.2488ms)
✔ Actions CLI rejects unsupported arguments --live (0.1019ms)
✔ Actions CLI rejects unsupported arguments --live (0.1307ms)
✔ actual fixture CLI needs no hosted secrets or Teams SDK (198.8738ms)
✔ manual workflow keeps first-party actions pinned and live credentials isolated (11.6241ms)
✔ feedback CLI rejects unsupported, missing and duplicate transition arguments (1.9537ms)
✔ new-file corpus output preserves the previous version and refuses overwrite (26.0678ms)
✔ initializing a corpus binds the validated input scope without changing its snapshot (49.6522ms)
✔ partial snapshot cannot create a corpus file (24.4792ms)
✔ redirected output parent is refused without writing through it (6.8984ms)
✔ review evidence must be a file and cannot use a directory as a digest source (48.3861ms)
✔ review CLI records the exact binary digest and closes its descriptor (98.4909ms)
✔ same-size review replacement between metadata check and open cannot update a corpus (29.4338ms)
✔ review parent swapped for a symlink or junction before open is rejected (39.9026ms)
✔ same-size pathname replacement after descriptor read is rejected (29.2881ms)
✔ same-size in-place review rewrite cannot hide behind a restored modification time (32.9771ms)
✔ review growth after open stays within its original byte bound and is rejected (38.1922ms)
✔ bounded review reads handle partial reads and reject empty or oversized files (19.4683ms)
✔ native behavioral evidence remains candidate with original local source and no finding impersonation (69.4055ms)
✔ native behavioral activation is denied for mixed support and forged active or retired history (51.3963ms)
✔ native behavioral candidates can be rejected without widening legacy review authority (47.5743ms)
✔ native behavioral bytes, identity claims, source and repeated runs remain validated (117.7302ms)
✔ evidence binds actual audit finding and supplied snapshot without certifying collection or identity (10.875ms)
✔ accepted missing Project status binds the native serialized report and finding in evidence and observations (43.8792ms)
✔ auditor optional-field normalization retains strict data-only feedback and report validation (67.9217ms)
✔ timestamp-only or unrelated snapshot changes do not manufacture repeated supporting evidence (38.6068ms)
✔ partial, cross-scope, stale or missing findings cannot become feedback evidence (15.1274ms)
✔ feedback source pins accept exactly 40 or 64 hexadecimal characters, including supplied evidence (95.6861ms)
✔ candidate, active and retired versions preserve their inputs and have exact transition digests (21.7771ms)
✔ one observation, fabricated evidence bytes and replayed reviews cannot activate a rule (79.6377ms)
✔ reviewer labels and claimed approval booleans do not supply verified review authority (30.154ms)
✔ explicit rejection remains terminal and contributes no advice (53.46ms)
✔ prospective expiry is mandatory, bounded, and effective at the exact boundary (129.274ms)
✔ active capacity cannot expand and supersession retires only the exact predecessor (79.6131ms)
✔ supersession rejects stale targets and cannot cross finding rules (58.3567ms)
✔ active guidance annotates only matching findings without hiding or changing original conclusions (22.6244ms)
✔ broad matching admits at most the finite annotation limit and never truncates an excessive report (344.9641ms)
✔ serialized output bytes are admitted before escaped guidance and evidence references fan out (58.5506ms)
✔ later audits honor activation and retirement while the original report stays identical (36.5508ms)
✔ unknown executable, suppression, assignment and permission options are rejected (142.7397ms)
✔ stale reports, foreign scope and altered evidence fail closed (29.0601ms)
✔ canonical digests ignore property insertion order but reject executable and non-finite data (0.4161ms)
✔ reusable corpus validation preserves input and rejects authority claims or altered guidance (17.1036ms)
✔ explicit collector profile requires a hash and cannot relabel a supplied snapshot (3.0256ms)
✔ recurrence requires finite explicit bounds before reading any input (0.8974ms)
✔ finite recurrence reloads snapshot and feedback on every cycle (2.9165ms)
✔ paused and stopped records prevent collection and input reads (2.4592ms)
✔ exhausted persisted attempts reject before snapshot, feedback or live collection (2.734ms)
✔ watch admits the final allowed attempt and then stops before collecting another snapshot (1.611ms)
✔ source mismatch refuses before reading snapshot or feedback (1.2484ms)
✔ a failed cycle stops recurrence without retrying or losing the failure (1.3571ms)
✔ first snapshot acquisition failure retains one sanitized failed attempt (375.4987ms)
✔ later corpus acquisition failure preserves earlier accepted evidence and consumes one attempt (900.9439ms)
✔ live acquisition failure is retained once without raw error text or a retry (318.5524ms)
✔ pause and stop during failed acquisition remain effective without a new admitted attempt (2300.9154ms)
✔ deadline crossing during failed acquisition prevents late attempt admission (1.6121ms)
✔ interruption during failed acquisition prevents a new admitted attempt (2.0111ms)
✔ duration bounds stop admission after collection without writing a late result (1.2131ms)
✔ interruption during an interval exits without another audit (2.4916ms)
✔ control commands delegate exact action, source and reason without collecting (3.5722ms)
✔ status exposes bounded metadata and no retained finding text (1.2861ms)
✔ one audit writes source-bound immutable private reports and an advisory handoff (515.9919ms)
✔ fresh capture timestamps and transport metrics alone produce no new report or proposal across restart (804.9321ms)
✔ live state binds the exact selected principal and profile through restart and controls (2812.9242ms)
✔ profile metadata cannot convert supplied evidence or a different live principal into accepted observations (302.6072ms)
✔ changed scoped content produces a new receipt while retaining stable finding dedupe (537.4412ms)
✔ resolved findings are recorded without claiming a remote correction (600.3883ms)
✔ stale input fails and preserves a failed attempt, never reusing previous success (668.8508ms)
✔ future input fails and preserves a failed attempt, never reusing previous success (709.5401ms)
✔ incomplete input fails and preserves a failed attempt, never reusing previous success (696.1389ms)
✔ source drift fails and preserves a failed attempt, never reusing previous success (676.9124ms)
✔ changing the caller source pin cannot migrate an existing directory (531.7026ms)
✔ pause prevents input use, resume retains dedupe, and stop cannot resume (2494.5129ms)
✔ concurrent cycles have one winner and never create duplicate accepted receipts (428.7674ms)
✔ retained locks fail closed without PID reuse or timeout-based recovery (18.0969ms)
✔ incomplete intent and rollback to an older checkpoint refuse replay (613.176ms)
✔ tampered referenced artifacts are rejected and preserved (467.0124ms)
✔ output-directory redirection refuses writes through a symlink or junction (15.3801ms)
✔ an unexpected output file is retained, not overwritten or removed (28.8969ms)
✔ status rejects unexpected files in initialized state before accepting its control projection (344.3513ms)
✔ missing, traversal-style and incomplete control requests do not create authority (6.913ms)
✔ live source claims retain the existing collector identity and zero-write metadata (450.0523ms)
✔ finite convenience API has explicit bounds and performs no scheduling (1246.344ms)
✔ state and artifact redirection are not followed on read (307.8675ms)
✔ alter of earlier history is detected after a newer successful cycle (765.169ms)
✔ delete of earlier history is detected after a newer successful cycle (770.3599ms)
✔ changed implementation pins fail before a new intent is written (425.1882ms)
✔ a directory replaced while a caller holds its lock cannot redirect any artifact write (359.0743ms)
✔ actual corpus activation and retirement change only separately bound advisory output (1452.5896ms)
✔ expiry invalidates cached advisory annotations even without corpus byte changes (701.0246ms)
✔ mixed retained controls and new cycles enforce one transition bound with a reserved terminal stop (68002.6366ms)
✔ accepted snapshots with omitted optional metadata produce parseable JSON artifacts and replay (522.1521ms)
✔ optional auditor metadata works through the real feedback evidence and recurring consumer bridge (593.7233ms)
✔ policy has the ten requested workstreams and never assigns people (3.9517ms)
✔ classification supports Multiplayer (6.6953ms)
✔ classification supports UX/UI (1.9909ms)
✔ classification supports Multi-system execution (1.3124ms)
✔ classification supports Janitor (1.6033ms)
✔ classification supports Dynamic agent teams (1.3147ms)
✔ classification supports DevOps/PR review/branch protection (2.1518ms)
✔ classification supports Security (1.3606ms)
✔ classification supports Agent communication layer (1.241ms)
✔ classification supports Dark factory automation (1.3097ms)
✔ classification supports Backend scalability / pub-sub (1.1498ms)
✔ classification preserves labels and assignees (15.0777ms)
✔ UX alias means UX/UI (16.6566ms)
✔ an unassigned issue is not a violation (6.4714ms)
✔ full fixture audit has zero mutations and catches closing-link conflict (8.8971ms)
✔ non-closing prose overrides no native link, not unrelated partial references (6.3597ms)
✔ explicit do-not-close linked issue is flagged (4.192ms)
✔ closed unmerged PR does not close an open issue (4.8094ms)
✔ reopened issue remains open after a historical merged PR (3.6847ms)
✔ no automatic close for several partial PRs (6.7245ms)
✔ only explicit dependency section is interpreted (0.2568ms)
✔ code fences and quoted references are not dependency authority (0.2227ms)
✔ native/text dependency disagreement is flagged (4.8685ms)
✔ matching dependencies do not produce a mismatch (6.153ms)
✔ dependency cycles are bounded and reported once (4.7639ms)
✔ parent hierarchy mismatch and cycle are detected (4.235ms)
✔ outside-scope dependency is not fetched or treated as complete (4.4209ms)
✔ missing local dependency is unverified, not closed (4.9516ms)
✔ open issue marked Done is flagged without changing the board (4.833ms)
✔ unknown workstream is a review hint, not a rename (4.8589ms)
✔ locked default branch is flagged, without bypass (5.6267ms)
✔ stale PR source head is reported (6.8964ms)
✔ current independent review is accepted as evidence (7.0463ms)
✔ author approval is not current independent human approval (6.6777ms)
✔ bot approval is not current independent human approval (6.7029ms)
✔ old-head approval is not current independent human approval (4.4128ms)
✔ later comment does not erase a valid prior approval (4.137ms)
✔ failed checks and requested changes are surfaced (5.8426ms)
✔ missing checks are not a success (3.8002ms)
✔ stale snapshots are labeled (3.5466ms)
✔ future snapshots fail closed (1.669ms)
✔ finding IDs are stable across repeated reads (8.249ms)
✔ reported secrets are redacted and Markdown is escaped (10.5648ms)
✔ refuses: assign #50 to example-user (5.9505ms)
✔ refuses: label #50 multiplayer (6.94ms)
✔ refuses: close #50 (5.979ms)
✔ refuses: merge PR #237 (7.0513ms)
✔ refuses: enable auto-merge (5.5475ms)
✔ refuses: delete a branch (4.9076ms)
✔ refuses: approve PR #237 (5.3707ms)
✔ refuses: can you change the rules (8.2343ms)
✔ question answers use recorded evidence and canonical references (6.5447ms)
✔ reverse dependency questions list dependents (5.0478ms)
✔ unknown questions ask for clarification (7.5663ms)
✔ untrusted instruction text grants no tools (5.4419ms)
✔ snapshot rejects wrong repo (1.3598ms)
✔ snapshot rejects wrong project (1.379ms)
✔ snapshot rejects partial coverage (1.3825ms)
✔ snapshot rejects wrong count (1.1934ms)
✔ snapshot rejects duplicate issue (1.3214ms)
✔ snapshot rejects hostile URL (1.3896ms)
✔ snapshot rejects hidden project item (1.5946ms)
✔ snapshot rejects cross-repo item (3.4705ms)
✔ snapshot rejects duplicate project item (1.7914ms)
✔ snapshot rejects oversized body (2.2242ms)
✔ collector completes two matching passes with no writes (15.8274ms)
✔ collector rejects issue drift between passes (4.0183ms)
✔ collector rejects incomplete nested dependencies (1.6373ms)
✔ collector rejects a changed PR head/check binding (1.6198ms)
✔ collector rejects repeated pagination cursors (1.4878ms)
✔ collector rejects inaccessible connection entries (0.2247ms)
✔ read client verifies Bakar404 and never switches accounts (3.6693ms)
✔ explicit hash-pinned read principal does not change the pilot or read allowlist (30.6315ms)
✔ collector profile rejects changed scope or unsupported fields: repository (18.1167ms)
✔ collector profile rejects changed scope or unsupported fields: project_id (18.6732ms)
✔ collector profile rejects changed scope or unsupported fields: project_number (18.5313ms)
✔ collector profile rejects changed scope or unsupported fields: token (20.9873ms)
✔ collector profile rejects changed scope or unsupported fields: url (22.9506ms)
✔ collector profile rejects changed scope or unsupported fields: collector_login (19.3257ms)
✔ collector profile rejects wrong hashes, changed bytes and duplicate keys (54.5285ms)
✔ profiled collection records the actual principal and rejects identity or profile drift (43.1915ms)
✔ read client exposes no arbitrary query or write operation (1.3148ms)
✔ GraphQL cursor remains data, not executable query text (1.2974ms)
✔ GraphQL errors do not become accepted partial data (2.1251ms)
✔ GraphQL reserve prevents further reads (1.319ms)
✔ collection has an elapsed-time bound (1.0264ms)
✔ dry run uses neither network nor output files (1.2462ms)
✔ CLI rejects apply (0.1412ms)
✔ CLI rejects audit --fixture --live (0.0986ms)
✔ CLI rejects audit --fixture --out ../escape.json (0.1952ms)
✔ CLI rejects audit --dry-run --out file.json (0.0982ms)
✔ CLI rejects audit --fixture --assign example-user (0.0799ms)
✔ CLI rejects ask --fixture (0.0759ms)
✔ actual CLI dry run works from another directory and has no network intent (154.8968ms)
✔ test chat prepares an evidence-based reply without sending it (5.8037ms)
✔ test chat rejects wrong tenant (0.3335ms)
✔ test chat rejects wrong group (0.1646ms)
✔ test chat rejects personal chat (0.1682ms)
✔ test chat rejects other channel (0.1283ms)
✔ test chat ignores messages without a mention (0.133ms)
✔ test chat ignores its own messages (0.226ms)
✔ test chat refuses mutation requests (4.8383ms)
✔ no production mode or implicit binding (0.3353ms)
ℹ tests 227
ℹ suites 0
ℹ pass 227
ℹ fail 0
ℹ cancelled 0
ℹ skipped 0
ℹ todo 0
ℹ duration_ms 91503.6779
