QA factory dry-run passed; executing the approved synthetic issue.
{
  "status": "recovery_passed",
  "report": "<local-user>\\code\\qa\\p237-r8\\b\\qa\\issue-50-factory-recovery\\attempts\\20260922210225748\\report.json",
  "resume": {
    "status": 200,
    "body": {
      "run_id": "384a3b3f-4f26-471d-96c2-9c771e3eeba7",
      "runner_id": "runner-qa-issue50",
      "provider_session_id": "08b57b73-8bdd-4f9e-98ce-ce074138c542"
    }
  },
  "cleanup": [
    {
      "name": "runner",
      "status": "stopped_verified_qa_process",
      "pid": 10732
    },
    {
      "name": "server",
      "status": "stopped_verified_qa_process",
      "pid": 60120
    },
    {
      "name": "postgres",
      "status": "stopped_verified_qa_process",
      "pid": 33760
    }
  ],
  "retained_unchanged": null,
  "ports_after": []
}
