test_archive_aggregate_boundary_and_plus_one_member (test_public_evidence_verifier.PublicEvidenceVerifierTests.test_archive_aggregate_boundary_and_plus_one_member) ... ok
test_archive_member_byte_boundary_and_plus_one (test_public_evidence_verifier.PublicEvidenceVerifierTests.test_archive_member_byte_boundary_and_plus_one) ... ok
test_archive_member_count_boundary_and_plus_one (test_public_evidence_verifier.PublicEvidenceVerifierTests.test_archive_member_count_boundary_and_plus_one) ... ok
test_compressed_archive_file_is_capped_before_zip_parsing (test_public_evidence_verifier.PublicEvidenceVerifierTests.test_compressed_archive_file_is_capped_before_zip_parsing) ... ok
test_dash_o_is_refused (test_public_evidence_verifier.PublicEvidenceVerifierTests.test_dash_o_is_refused) ... ok
test_dash_oo_is_refused (test_public_evidence_verifier.PublicEvidenceVerifierTests.test_dash_oo_is_refused) ... ok
test_duplicate_archive_manifest_rows_are_rejected (test_public_evidence_verifier.PublicEvidenceVerifierTests.test_duplicate_archive_manifest_rows_are_rejected) ... ok
test_duplicate_delivered_manifest_paths_are_rejected (test_public_evidence_verifier.PublicEvidenceVerifierTests.test_duplicate_delivered_manifest_paths_are_rejected) ... ok
test_environment_level_one_is_refused (test_public_evidence_verifier.PublicEvidenceVerifierTests.test_environment_level_one_is_refused) ... ok
test_environment_level_two_is_refused (test_public_evidence_verifier.PublicEvidenceVerifierTests.test_environment_level_two_is_refused) ... ok
test_file_at_absolute_byte_limit_is_accepted (test_public_evidence_verifier.PublicEvidenceVerifierTests.test_file_at_absolute_byte_limit_is_accepted) ... ok
test_file_over_absolute_byte_limit_is_rejected_before_open (test_public_evidence_verifier.PublicEvidenceVerifierTests.test_file_over_absolute_byte_limit_is_rejected_before_open) ... ok
test_file_read_is_bounded_even_after_the_size_precheck (test_public_evidence_verifier.PublicEvidenceVerifierTests.test_file_read_is_bounded_even_after_the_size_precheck) ... ok
test_hard_linked_manifest_and_delivered_file_are_rejected (test_public_evidence_verifier.PublicEvidenceVerifierTests.test_hard_linked_manifest_and_delivered_file_are_rejected) ... ok
test_image_path_cannot_escape_manifest_inventory (test_public_evidence_verifier.PublicEvidenceVerifierTests.test_image_path_cannot_escape_manifest_inventory) ... ok
test_intact_copy_under_linked_temporary_parent_is_accepted (test_public_evidence_verifier.PublicEvidenceVerifierTests.test_intact_copy_under_linked_temporary_parent_is_accepted) ... ok
test_linked_delivered_file_is_rejected (test_public_evidence_verifier.PublicEvidenceVerifierTests.test_linked_delivered_file_is_rejected) ... ok
test_linked_packet_is_rejected (test_public_evidence_verifier.PublicEvidenceVerifierTests.test_linked_packet_is_rejected) ... ok
test_linked_root_and_ancestor_are_rejected (test_public_evidence_verifier.PublicEvidenceVerifierTests.test_linked_root_and_ancestor_are_rejected) ... ok
test_normal_interpreter_accepts_intact_packet (test_public_evidence_verifier.PublicEvidenceVerifierTests.test_normal_interpreter_accepts_intact_packet) ... ok
test_normal_interpreter_rejects_corrupted_packet (test_public_evidence_verifier.PublicEvidenceVerifierTests.test_normal_interpreter_rejects_corrupted_packet) ... ok
test_oversized_zip_member_is_refused_before_decompression (test_public_evidence_verifier.PublicEvidenceVerifierTests.test_oversized_zip_member_is_refused_before_decompression) ... ok
test_readme_link_cannot_escape_the_verified_packets (test_public_evidence_verifier.PublicEvidenceVerifierTests.test_readme_link_cannot_escape_the_verified_packets) ... ok
test_unlisted_nested_directory_is_rejected (test_public_evidence_verifier.PublicEvidenceVerifierTests.test_unlisted_nested_directory_is_rejected) ... ok
test_unsafe_manifest_paths_are_rejected (test_public_evidence_verifier.PublicEvidenceVerifierTests.test_unsafe_manifest_paths_are_rejected) ... ok

----------------------------------------------------------------------
Ran 25 tests in 22.378s

OK
