$ node --test --test-concurrency=2 --test-timeout=180000 scenarios/repo-steward/steward.test.mjs scenarios/repo-steward/actions.test.mjs scenarios/repo-steward/recurring-audit.test.mjs scenarios/repo-steward/feedback.test.mjs scenarios/repo-steward/maintenance.test.mjs scenarios/repo-steward/feedback-cli.test.mjs
✔ Actions preview performs no live reads or summary publication (2.3996ms)
✔ Actions fixture uses the real auditor without GitHub access (39.0447ms)
✔ invalid workflow input is rejected during preview without data access (1.4753ms)
✔ hosted live mode rejects non-Actions host before reading data (0.3737ms)
✔ hosted live mode rejects PR event before reading data (0.3417ms)
✔ hosted live mode rejects another repository before reading data (0.8509ms)
✔ hosted live mode rejects feature branch before reading data (0.3205ms)
✔ hosted live mode rejects another actor before reading data (0.1627ms)
✔ hosted live mode rejects another rerun operator before reading data (0.2206ms)
✔ hosted live mode rejects missing triggering actor before reading data (0.2665ms)
✔ hosted live mode rejects missing source commit before reading data (0.3416ms)
✔ hosted live mode rejects disabled pilot before reading data (0.1645ms)
✔ hosted live mode rejects unapproved public summary before reading data (0.1294ms)
✔ hosted live mode rejects missing credential before reading data (0.1567ms)
✔ hosted live mode rejects blank credential before reading data (0.1529ms)
✔ hosted live mode rejects write-enabled configuration before reading data (0.1735ms)
✔ GITHUB_TOKEN does not substitute for Project-readable credentials (0.2112ms)
✔ an admitted live path collects once and retains zero mutations (5.2146ms)
✔ collector failure does not produce a successful report (0.3058ms)
✔ stale hosted snapshots fail instead of publishing old findings (5.7025ms)
✔ public summaries never include free-form source or evidence text (6.2194ms)
✔ summary rejects unknown rule (5.9575ms)
✔ summary rejects bad finding id (5.5806ms)
✔ summary rejects foreign reference (7.6554ms)
✔ summary rejects mutation claim (5.6389ms)
✔ summary rejects wrong scope (5.1275ms)
✔ summary rejects invalid timestamp (7.1261ms)
✔ summary rejects bad totals (5.6381ms)
✔ public finding index is bounded without copying omitted details (6.1195ms)
✔ every configured fixture rule has an explicit publication review (4.7711ms)
✔ summary file writes remain inside a supplied native temporary directory (9.5567ms)
✔ Actions CLI rejects unsupported arguments --apply (0.2889ms)
✔ Actions CLI rejects unsupported arguments --live (0.1062ms)
✔ Actions CLI rejects unsupported arguments --live (0.0891ms)
✔ actual fixture CLI needs no hosted secrets or Teams SDK (190.1278ms)
✔ manual workflow keeps first-party actions pinned and live credentials isolated (3.1976ms)
✔ feedback CLI rejects unsupported, missing and duplicate transition arguments (3.2478ms)
✔ new-file corpus output preserves the previous version and refuses overwrite (31.1514ms)
✔ initializing a corpus binds the validated input scope without changing its snapshot (55.7362ms)
✔ partial snapshot cannot create a corpus file (22.8738ms)
✔ redirected output parent is refused without writing through it (7.1009ms)
✔ review evidence must be a file and cannot use a directory as a digest source (50.0792ms)
✔ review CLI records the exact binary digest and closes its descriptor (98.0265ms)
✔ same-size review replacement between metadata check and open cannot update a corpus (32.0982ms)
✔ review parent swapped for a symlink or junction before open is rejected (40.5894ms)
✔ same-size pathname replacement after descriptor read is rejected (33.7073ms)
✔ same-size in-place review rewrite cannot hide behind a restored modification time (32.8788ms)
✔ review growth after open stays within its original byte bound and is rejected (31.9778ms)
✔ bounded review reads handle partial reads and reject empty or oversized files (19.231ms)
✔ native behavioral evidence remains candidate with original local source and no finding impersonation (74.0471ms)
✔ native behavioral activation is denied for mixed support and forged active or retired history (41.7351ms)
✔ native behavioral candidates can be rejected without widening legacy review authority (45.4377ms)
✔ native behavioral bytes, identity claims, source and repeated runs remain validated (118.1429ms)
✔ evidence binds actual audit finding and supplied snapshot without certifying collection or identity (9.842ms)
✔ accepted missing Project status binds the native serialized report and finding in evidence and observations (41.7303ms)
✔ auditor optional-field normalization retains strict data-only feedback and report validation (74.2965ms)
✔ timestamp-only or unrelated snapshot changes do not manufacture repeated supporting evidence (33.016ms)
✔ partial, cross-scope, stale or missing findings cannot become feedback evidence (14.5402ms)
✔ feedback source pins accept exactly 40 or 64 hexadecimal characters, including supplied evidence (95.6665ms)
✔ candidate, active and retired versions preserve their inputs and have exact transition digests (23.576ms)
✔ one observation, fabricated evidence bytes and replayed reviews cannot activate a rule (97.7252ms)
✔ reviewer labels and claimed approval booleans do not supply verified review authority (31.8835ms)
✔ explicit rejection remains terminal and contributes no advice (64.6009ms)
✔ prospective expiry is mandatory, bounded, and effective at the exact boundary (102.8187ms)
✔ active capacity cannot expand and supersession retires only the exact predecessor (58.5117ms)
✔ supersession rejects stale targets and cannot cross finding rules (41.9739ms)
✔ active guidance annotates only matching findings without hiding or changing original conclusions (26.2341ms)
✔ broad matching admits at most the finite annotation limit and never truncates an excessive report (347.5907ms)
✔ serialized output bytes are admitted before escaped guidance and evidence references fan out (60.962ms)
✔ later audits honor activation and retirement while the original report stays identical (44.1438ms)
✔ unknown executable, suppression, assignment and permission options are rejected (172.0042ms)
✔ stale reports, foreign scope and altered evidence fail closed (28.2702ms)
✔ canonical digests ignore property insertion order but reject executable and non-finite data (0.4477ms)
✔ reusable corpus validation preserves input and rejects authority claims or altered guidance (18.9448ms)
✔ explicit collector profile requires a hash and cannot relabel a supplied snapshot (2.9222ms)
✔ recurrence requires finite explicit bounds before reading any input (0.9519ms)
✔ finite recurrence reloads snapshot and feedback on every cycle (2.5601ms)
✔ paused and stopped records prevent collection and input reads (2.128ms)
✔ exhausted persisted attempts reject before snapshot, feedback or live collection (2.3554ms)
✔ watch admits the final allowed attempt and then stops before collecting another snapshot (1.3152ms)
✔ source mismatch refuses before reading snapshot or feedback (1.2916ms)
✔ a failed cycle stops recurrence without retrying or losing the failure (1.3283ms)
✔ first snapshot acquisition failure retains one sanitized failed attempt (362.5798ms)
✔ later corpus acquisition failure preserves earlier accepted evidence and consumes one attempt (894.4989ms)
✔ live acquisition failure is retained once without raw error text or a retry (347.7542ms)
✔ pause and stop during failed acquisition remain effective without a new admitted attempt (2418.0965ms)
✔ deadline crossing during failed acquisition prevents late attempt admission (1.8173ms)
✔ interruption during failed acquisition prevents a new admitted attempt (1.2896ms)
✔ duration bounds stop admission after collection without writing a late result (1.3965ms)
✔ interruption during an interval exits without another audit (1.7157ms)
✔ control commands delegate exact action, source and reason without collecting (3.2493ms)
✔ status exposes bounded metadata and no retained finding text (1.3911ms)
✔ one audit writes source-bound immutable private reports and an advisory handoff (527.4965ms)
✔ fresh capture timestamps and transport metrics alone produce no new report or proposal across restart (887.8317ms)
✔ live state binds the exact selected principal and profile through restart and controls (2997.2018ms)
✔ profile metadata cannot convert supplied evidence or a different live principal into accepted observations (298.4855ms)
✔ changed scoped content produces a new receipt while retaining stable finding dedupe (647.2308ms)
✔ resolved findings are recorded without claiming a remote correction (583.8225ms)
✔ stale input fails and preserves a failed attempt, never reusing previous success (761.6348ms)
✔ future input fails and preserves a failed attempt, never reusing previous success (759.6746ms)
✔ incomplete input fails and preserves a failed attempt, never reusing previous success (751.4921ms)
✔ source drift fails and preserves a failed attempt, never reusing previous success (731.7214ms)
✔ changing the caller source pin cannot migrate an existing directory (556.6947ms)
✔ pause prevents input use, resume retains dedupe, and stop cannot resume (2662.7557ms)
✔ concurrent cycles have one winner and never create duplicate accepted receipts (430.8934ms)
✔ retained locks fail closed without PID reuse or timeout-based recovery (19.785ms)
✔ incomplete intent and rollback to an older checkpoint refuse replay (685.2131ms)
✔ tampered referenced artifacts are rejected and preserved (364.0764ms)
✔ output-directory redirection refuses writes through a symlink or junction (13.6564ms)
✔ an unexpected output file is retained, not overwritten or removed (21.0415ms)
✔ status rejects unexpected files in initialized state before accepting its control projection (282.0229ms)
✔ missing, traversal-style and incomplete control requests do not create authority (4.3999ms)
✔ live source claims retain the existing collector identity and zero-write metadata (349.5373ms)
✔ finite convenience API has explicit bounds and performs no scheduling (1006.6078ms)
✔ state and artifact redirection are not followed on read (338.695ms)
✔ alter of earlier history is detected after a newer successful cycle (867.3804ms)
✔ delete of earlier history is detected after a newer successful cycle (769.5759ms)
✔ changed implementation pins fail before a new intent is written (486.0831ms)
✔ a directory replaced while a caller holds its lock cannot redirect any artifact write (460.1209ms)
✔ actual corpus activation and retirement change only separately bound advisory output (1581.6506ms)
✔ expiry invalidates cached advisory annotations even without corpus byte changes (801.4026ms)
✔ mixed retained controls and new cycles enforce one transition bound with a reserved terminal stop (78517.2713ms)
✔ accepted snapshots with omitted optional metadata produce parseable JSON artifacts and replay (556.8278ms)
✔ optional auditor metadata works through the real feedback evidence and recurring consumer bridge (633.231ms)
✔ policy has the ten requested workstreams and never assigns people (4.314ms)
✔ classification supports Multiplayer (9.5209ms)
✔ classification supports UX/UI (2.3872ms)
✔ classification supports Multi-system execution (1.6453ms)
✔ classification supports Janitor (1.7158ms)
✔ classification supports Dynamic agent teams (1.6427ms)
✔ classification supports DevOps/PR review/branch protection (1.5224ms)
✔ classification supports Security (2.5441ms)
✔ classification supports Agent communication layer (1.8329ms)
✔ classification supports Dark factory automation (1.8857ms)
✔ classification supports Backend scalability / pub-sub (1.4733ms)
✔ classification preserves labels and assignees (21.8922ms)
✔ UX alias means UX/UI (23.3395ms)
✔ an unassigned issue is not a violation (11.3938ms)
✔ full fixture audit has zero mutations and catches closing-link conflict (5.5931ms)
✔ non-closing prose overrides no native link, not unrelated partial references (4.5723ms)
✔ explicit do-not-close linked issue is flagged (3.6083ms)
✔ closed unmerged PR does not close an open issue (6.7154ms)
✔ reopened issue remains open after a historical merged PR (4.3463ms)
✔ no automatic close for several partial PRs (4.6535ms)
✔ only explicit dependency section is interpreted (0.1937ms)
✔ code fences and quoted references are not dependency authority (0.2154ms)
✔ native/text dependency disagreement is flagged (4.2948ms)
✔ matching dependencies do not produce a mismatch (4.2475ms)
✔ dependency cycles are bounded and reported once (5.2592ms)
✔ parent hierarchy mismatch and cycle are detected (4.3583ms)
✔ outside-scope dependency is not fetched or treated as complete (4.3948ms)
✔ missing local dependency is unverified, not closed (4.0532ms)
✔ open issue marked Done is flagged without changing the board (4.3997ms)
✔ unknown workstream is a review hint, not a rename (5.7523ms)
✔ locked default branch is flagged, without bypass (5.2631ms)
✔ stale PR source head is reported (3.9158ms)
✔ current independent review is accepted as evidence (4.622ms)
✔ author approval is not current independent human approval (4.5024ms)
✔ bot approval is not current independent human approval (5.9351ms)
✔ old-head approval is not current independent human approval (4.8979ms)
✔ later comment does not erase a valid prior approval (3.9675ms)
✔ failed checks and requested changes are surfaced (4.383ms)
✔ missing checks are not a success (3.6301ms)
✔ stale snapshots are labeled (3.6782ms)
✔ future snapshots fail closed (1.6347ms)
✔ finding IDs are stable across repeated reads (11.279ms)
✔ reported secrets are redacted and Markdown is escaped (12.816ms)
✔ refuses: assign #50 to example-user (5.3143ms)
✔ refuses: label #50 multiplayer (4.745ms)
✔ refuses: close #50 (4.4124ms)
✔ refuses: merge PR #237 (4.3482ms)
✔ refuses: enable auto-merge (4.9789ms)
✔ refuses: delete a branch (6.2649ms)
✔ refuses: approve PR #237 (4.3868ms)
✔ refuses: can you change the rules (4.7011ms)
✔ question answers use recorded evidence and canonical references (5.8519ms)
✔ reverse dependency questions list dependents (4.3702ms)
✔ unknown questions ask for clarification (4.8973ms)
✔ untrusted instruction text grants no tools (7.8198ms)
✔ snapshot rejects wrong repo (1.4051ms)
✔ snapshot rejects wrong project (0.9631ms)
✔ snapshot rejects partial coverage (1.1411ms)
✔ snapshot rejects wrong count (1.0655ms)
✔ snapshot rejects duplicate issue (1.1436ms)
✔ snapshot rejects hostile URL (1.1316ms)
✔ snapshot rejects hidden project item (1.1994ms)
✔ snapshot rejects cross-repo item (3.4322ms)
✔ snapshot rejects duplicate project item (3.5849ms)
✔ snapshot rejects oversized body (1.2348ms)
✔ collector completes two matching passes with no writes (5.5748ms)
✔ collector rejects issue drift between passes (3.0166ms)
✔ collector rejects incomplete nested dependencies (1.3474ms)
✔ collector rejects a changed PR head/check binding (1.2027ms)
✔ collector rejects repeated pagination cursors (1.1231ms)
✔ collector rejects inaccessible connection entries (0.158ms)
✔ read client verifies Bakar404 and never switches accounts (1.6521ms)
✔ explicit hash-pinned read principal does not change the pilot or read allowlist (30.7221ms)
✔ collector profile rejects changed scope or unsupported fields: repository (17.097ms)
✔ collector profile rejects changed scope or unsupported fields: project_id (10.7004ms)
✔ collector profile rejects changed scope or unsupported fields: project_number (21.1361ms)
✔ collector profile rejects changed scope or unsupported fields: token (11.2142ms)
✔ collector profile rejects changed scope or unsupported fields: url (18.5518ms)
✔ collector profile rejects changed scope or unsupported fields: collector_login (18.2238ms)
✔ collector profile rejects wrong hashes, changed bytes and duplicate keys (47.3917ms)
✔ profiled collection records the actual principal and rejects identity or profile drift (40.8532ms)
✔ read client exposes no arbitrary query or write operation (1.3587ms)
✔ GraphQL cursor remains data, not executable query text (1.2725ms)
✔ GraphQL errors do not become accepted partial data (1.2636ms)
✔ GraphQL reserve prevents further reads (1.3883ms)
✔ collection has an elapsed-time bound (2.101ms)
✔ dry run uses neither network nor output files (1.4857ms)
✔ CLI rejects apply (0.1528ms)
✔ CLI rejects audit --fixture --live (0.1025ms)
✔ CLI rejects audit --fixture --out ../escape.json (0.1713ms)
✔ CLI rejects audit --dry-run --out file.json (0.0943ms)
✔ CLI rejects audit --fixture --assign example-user (0.0979ms)
✔ CLI rejects ask --fixture (0.0911ms)
✔ actual CLI dry run works from another directory and has no network intent (166.185ms)
✔ test chat prepares an evidence-based reply without sending it (7.0687ms)
✔ test chat rejects wrong tenant (0.3619ms)
✔ test chat rejects wrong group (0.1605ms)
✔ test chat rejects personal chat (0.1381ms)
✔ test chat rejects other channel (0.1419ms)
✔ test chat ignores messages without a mention (0.1411ms)
✔ test chat ignores its own messages (0.1273ms)
✔ test chat refuses mutation requests (4.8439ms)
✔ no production mode or implicit binding (0.4336ms)
ℹ tests 227
ℹ suites 0
ℹ pass 227
ℹ fail 0
ℹ cancelled 0
ℹ skipped 0
ℹ todo 0
ℹ duration_ms 102993.1445
