Both reconnect-case dry runs passed; executing the approved synthetic case.
Native run is active; restarting only the receipt-owned shared API.
{
  "started_at": "2026-09-22T23:35:47.152Z",
  "physical_multi_host_acceptance": false,
  "item_id": "3c2b1fd0-9293-4e2a-9d58-5205c97d7df6",
  "mission_id": "6b165bb4-8233-47ae-844f-de086fe7cd3d",
  "run_id": "ece6f29f-84e6-4701-a9d2-b4656a3da41a",
  "before_restart_status": "running",
  "runner_ids": [
    "issue161-runner-a",
    "issue161-runner-b"
  ],
  "runner_processes": {
    "runner-a": 11752,
    "runner-b": 39356
  },
  "credential_before": {
    "a": "774a0d78745e542a64386d1fefee107ca2e99231ae7f3b462a3313a58c0a5650",
    "b": "107a3a755841ddd06abb55013d08f5591329f0eb36f9c4f552a5c6bb2a31b4f0"
  },
  "api_restart": {
    "old_server_pid": 49972,
    "new_server_pid": 7628,
    "helper_commit": "b31a38a"
  },
  "credential_after": {
    "a": "e35e18cc26b1e20ce57a540ab28ac2b76a36d25c1bc3c9dc34190e39b15ab84e",
    "b": "3e2aaba808711465171b2bf2913d6d9815f82c1ad0afcdaf728e75112c405faf"
  },
  "verification_status": "passed",
  "source_commit": "992d999d3ba945399b91b3e75fc2204f059f2bbe",
  "exact_run_and_mission_retained": true,
  "fixture_credentials_rotated": true,
  "completed_at": "2026-09-22T23:36:13.810Z"
}
