{
  "checked_at": "2026-09-22T23:36:41.750Z",
  "browser_mission_id": "ba4c366d-1d1d-412a-9be5-41bde3309863",
  "browser_run_id": "e210296a-2cc6-4910-9921-7d9b7dc6a84e",
  "browser_initiated": true,
  "custom_artifact_and_file_checks": true,
  "runs": [
    {
      "run_id": "e210296a-2cc6-4910-9921-7d9b7dc6a84e",
      "runner_id": "issue161-runner-b",
      "artifact_id": "c4a87c0e-bf87-414c-b306-de2515d35a31",
      "downloaded_bytes": 1543,
      "sha256": "b84048c88ce005a19a42f249c1a4164ee542cc7b4be1b035e1a15c23e769b441",
      "workspace": "<local-user>\\code\\qa\\issue-161-pr255-20260922-r4\\runner-b\\worktrees\\659efee1c8a64a5e919e29840fbe5e4c\\e210296a2cc6491099217d9b7dc6a84e",
      "verification": "passed",
      "provider_terminated": true
    },
    {
      "run_id": "551fd414-c889-4243-b481-bb590d343dcf",
      "runner_id": "issue161-runner-b",
      "artifact_id": "52c1fe36-8a94-4841-a865-f3efa583424d",
      "downloaded_bytes": 2139,
      "sha256": "fd8a56efb5ca0bd713f43ba5f312e85e1bc6ea699755e59f54ddce3bce91d934",
      "workspace": "<local-user>\\code\\qa\\issue-161-pr255-20260922-r4\\runner-b\\worktrees\\89afab729c264561b61a91b92d1a93a5\\551fd414c8894243b481bb590d343dcf",
      "verification": "passed",
      "provider_terminated": true
    },
    {
      "run_id": "ece6f29f-84e6-4701-a9d2-b4656a3da41a",
      "runner_id": "issue161-runner-a",
      "artifact_id": "0defeee4-73e8-4fc9-bc58-187fcbb42a4d",
      "downloaded_bytes": 2133,
      "sha256": "551cb7bd6f4d6f4acb75aaa0edcab5de57b4b951f0855eeab36035216dbe97b7",
      "workspace": "<local-user>\\code\\qa\\issue-161-pr255-20260922-r4\\runner-a\\worktrees\\3b58d5605b6c41c48a21ee48bb1b8759\\ece6f29f84e64701a9d2b4656a3da41a",
      "verification": "passed",
      "provider_terminated": true
    },
    {
      "run_id": "ec3fd650-5d75-459c-9c53-c5469fdd9007",
      "runner_id": "issue161-runner-a",
      "artifact_id": "094f79b6-71cc-4b7a-b46b-f97387b1fdf2",
      "downloaded_bytes": 2159,
      "sha256": "d96ec1909150ba9d312aa270687382f8b8b526b75676c24feaa4542d46d7791d",
      "workspace": "<local-user>\\code\\qa\\issue-161-pr255-20260922-r4\\runner-a\\worktrees\\e0a7c20a8174453aabff6378cc6ed6cf\\ec3fd6505d75459c9c53c5469fdd9007",
      "verification": "passed",
      "provider_terminated": true
    }
  ],
  "independent_download_hashes_match": true,
  "both_native_runners_exercised": true,
  "physical_multi_host_acceptance": false
}
