   Compiling serde_core v1.0.229
   Compiling zerovec v0.11.8
   Compiling tinystr v0.8.4
   Compiling icu_locale_core v2.3.0
   Compiling serde v1.0.229
   Compiling smallvec v1.15.2
   Compiling zerotrie v0.2.5
   Compiling potential_utf v0.1.6
   Compiling icu_provider v2.3.1
   Compiling icu_collections v2.3.0
   Compiling parking_lot_core v0.9.12
   Compiling windows-sys v0.61.2
   Compiling icu_normalizer v2.3.0
   Compiling icu_properties v2.3.0
   Compiling parking_lot v0.12.5
   Compiling crossbeam-utils v0.8.22
   Compiling ring v0.17.14
   Compiling digest v0.10.7
   Compiling idna_adapter v1.2.2
   Compiling form_urlencoded v1.2.2
   Compiling serde_json v1.0.151
   Compiling rustls-webpki v0.103.15
   Compiling idna v1.1.0
   Compiling crypto-common v0.1.7
   Compiling indexmap v2.14.1
   Compiling futures-util v0.3.34
   Compiling tracing v0.1.44
   Compiling crossbeam-queue v0.3.13
   Compiling url v2.5.8
   Compiling windows-sys v0.48.0
   Compiling rustls v0.23.43
   Compiling futures-intrusive v0.5.0
   Compiling mio v1.2.2
   Compiling socket2 v0.6.5
   Compiling either v1.18.0
   Compiling base64 v0.22.1
   Compiling tokio v1.53.1
   Compiling rand v0.8.8
   Compiling sha2 v0.10.9
   Compiling tokio-stream v0.1.19
   Compiling futures-channel v0.3.34
   Compiling hmac v0.12.1
   Compiling home v0.5.12
   Compiling byteorder v1.5.0
   Compiling sqlx-core v0.8.6
   Compiling etcetera v0.8.0
   Compiling hkdf v0.12.4
   Compiling uuid v1.26.1
   Compiling md-5 v0.10.6
   Compiling chrono v0.4.45
   Compiling sqlx-postgres v0.8.6
   Compiling sqlx-macros-core v0.8.6
   Compiling sqlx-macros v0.8.6
   Compiling crony-domain v0.1.0 (<reviewed-worktree>\crates\crony-domain)
   Compiling sqlx v0.8.6
   Compiling crony-store v0.1.0 (<reviewed-worktree>\crates\crony-store)
    Finished `test` profile [unoptimized + debuginfo] target(s) in 3m 21s
     Running unittests src\lib.rs (<local-user>\code\ecorp-pr362-completion-20260922\target-validation\debug\deps\crony_store-00b65977dbfbe89a.exe)

running 6 tests
test workspace_connections_tests::factory_connections::claim_authority::issue161_authority_inspection_is_scoped_stable_and_read_only ... ok
test workspace_connections_tests::factory_connections::claim_authority::issue161_legacy_claim_replay_and_reclaim_keep_unbound_policy_bytes ... ok
test workspace_connections_tests::factory_connections::claim_authority::issue161_migration_identity_is_unique_non_nil_and_immutable ... ok
test workspace_connections_tests::factory_connections::claim_authority::issue161_new_production_claim_requires_valid_matching_pin_without_side_effects ... ok
test workspace_connections_tests::factory_connections::claim_authority::issue161_pin_does_not_bypass_source_scope_or_actor_authority ... ok
test workspace_connections_tests::factory_connections::claim_authority::issue161_preflight_pin_mismatch_is_mutation_free_and_valid_pin_materializes_once ... ok

test result: ok. 6 passed; 0 failed; 0 ignored; 0 measured; 404 filtered out; finished in 14.30s

   Compiling windows-sys v0.61.2
   Compiling base64 v0.22.1
   Compiling sqlx-core v0.8.6
   Compiling sqlx-postgres v0.8.6
   Compiling mio v1.2.2
   Compiling socket2 v0.6.5
   Compiling tokio v1.53.1
   Compiling home v0.5.12
   Compiling schannel v0.1.29
   Compiling tokio-util v0.7.19
   Compiling h2 v0.4.19
   Compiling tower v0.5.3
   Compiling hyper v1.11.1
   Compiling tokio-stream v0.1.19
   Compiling hyper-util v0.1.20
   Compiling anstyle-wincon v3.0.11
   Compiling tokio-rustls v0.26.4
   Compiling rustls-native-certs v0.8.4
   Compiling etcetera v0.8.0
   Compiling sqlx-macros-core v0.8.6
   Compiling winapi-util v0.1.11
   Compiling anstyle-query v1.1.5
   Compiling regex-syntax v0.8.11
   Compiling anstream v1.0.0
   Compiling same-file v1.0.6
   Compiling sqlx-macros v0.8.6
   Compiling regex-automata v0.4.18
   Compiling hyper-rustls v0.27.9
   Compiling tower-http v0.6.11
   Compiling clap_builder v4.6.7
   Compiling reqwest v0.12.28
   Compiling sqlx v0.8.6
   Compiling matchers v0.2.0
   Compiling walkdir v2.5.0
   Compiling tokio-tungstenite v0.29.0
   Compiling nu-ansi-term v0.50.3
   Compiling object_store v0.12.5
   Compiling axum v0.8.9
   Compiling tracing-subscriber v0.3.23
   Compiling clap v4.6.7
   Compiling crony-store v0.1.0 (<reviewed-worktree>\crates\crony-store)
   Compiling crony-server v0.1.0 (<reviewed-worktree>\crates\crony-server)
    Finished `test` profile [unoptimized + debuginfo] target(s) in 2m 04s
     Running unittests src\main.rs (<local-user>\code\ecorp-pr362-completion-20260922\target-validation\debug\deps\crony_server-05dbe3038b00ba36.exe)

running 4 tests
test factory_connection_tests::claim_authority::issue161_authority_handler_is_uncached_and_rejects_foreign_scope ... ok
test factory_connection_tests::claim_authority::issue161_bad_pin_rejects_claim_before_events_or_materialization ... ok
test factory_connection_tests::claim_authority::issue161_concurrent_controllers_keep_one_claim_and_one_held_mission ... ok
test factory_connection_tests::claim_authority::issue161_production_controller_registration_requires_pin_before_persistence ... ok

test result: ok. 4 passed; 0 failed; 0 ignored; 0 measured; 135 filtered out; finished in 10.15s
