{
  "file": "snapshot-1790120202017.json",
  "runners": [
    {
      "id": "issue161-runner-a",
      "connected": false,
      "fake_ready": true
    },
    {
      "id": "issue161-runner-b",
      "connected": true,
      "fake_ready": true
    }
  ],
  "items": [
    {
      "id": "59f8468e-c6fe-42f6-bb20-0da77b8966b9",
      "issue": 9165,
      "state": "verified",
      "mission": "54ee2a2d-3ed9-417e-ab8f-afcf20a8e00c"
    },
    {
      "id": "3c2b1fd0-9293-4e2a-9d58-5205c97d7df6",
      "issue": 9163,
      "state": "verified",
      "mission": "6b165bb4-8233-47ae-844f-de086fe7cd3d"
    },
    {
      "id": "59d3aa3f-3e1a-43ab-960f-0c8e6c25462b",
      "issue": 9161,
      "state": "verified",
      "mission": "3392b92d-86ed-43f1-b3af-3f6d9f9fd129"
    }
  ],
  "runs": [
    {
      "id": "e210296a-2cc6-4910-9921-7d9b7dc6a84e",
      "status": "completed",
      "runner": "issue161-runner-b",
      "workspace": "<local-user>\\code\\qa\\issue-161-pr255-20260922-r4\\runner-b\\worktrees\\659efee1c8a64a5e919e29840fbe5e4c\\e210296a2cc6491099217d9b7dc6a84e",
      "source": "992d999d3ba945399b91b3e75fc2204f059f2bbe"
    },
    {
      "id": "551fd414-c889-4243-b481-bb590d343dcf",
      "status": "completed",
      "runner": "issue161-runner-b",
      "workspace": "<local-user>\\code\\qa\\issue-161-pr255-20260922-r4\\runner-b\\worktrees\\89afab729c264561b61a91b92d1a93a5\\551fd414c8894243b481bb590d343dcf",
      "source": "992d999d3ba945399b91b3e75fc2204f059f2bbe"
    },
    {
      "id": "ece6f29f-84e6-4701-a9d2-b4656a3da41a",
      "status": "completed",
      "runner": "issue161-runner-a",
      "workspace": "<local-user>\\code\\qa\\issue-161-pr255-20260922-r4\\runner-a\\worktrees\\3b58d5605b6c41c48a21ee48bb1b8759\\ece6f29f84e64701a9d2b4656a3da41a",
      "source": "992d999d3ba945399b91b3e75fc2204f059f2bbe"
    },
    {
      "id": "ec3fd650-5d75-459c-9c53-c5469fdd9007",
      "status": "completed",
      "runner": "issue161-runner-a",
      "workspace": "<local-user>\\code\\qa\\issue-161-pr255-20260922-r4\\runner-a\\worktrees\\e0a7c20a8174453aabff6378cc6ed6cf\\ec3fd6505d75459c9c53c5469fdd9007",
      "source": "992d999d3ba945399b91b3e75fc2204f059f2bbe"
    }
  ]
}
