$ node --test --test-concurrency=2 --test-timeout=180000 scenarios/repo-steward/steward.test.mjs scenarios/repo-steward/actions.test.mjs scenarios/repo-steward/recurring-audit.test.mjs scenarios/repo-steward/feedback.test.mjs scenarios/repo-steward/maintenance.test.mjs scenarios/repo-steward/feedback-cli.test.mjs
✔ Actions preview performs no live reads or summary publication (1.7619ms)
✔ Actions fixture uses the real auditor without GitHub access (26.9104ms)
✔ invalid workflow input is rejected during preview without data access (0.9528ms)
✔ hosted live mode rejects non-Actions host before reading data (0.349ms)
✔ hosted live mode rejects PR event before reading data (1.0551ms)
✔ hosted live mode rejects another repository before reading data (0.1834ms)
✔ hosted live mode rejects feature branch before reading data (0.2744ms)
✔ hosted live mode rejects another actor before reading data (0.1812ms)
✔ hosted live mode rejects another rerun operator before reading data (0.3191ms)
✔ hosted live mode rejects missing triggering actor before reading data (0.2787ms)
✔ hosted live mode rejects missing source commit before reading data (0.3532ms)
✔ hosted live mode rejects disabled pilot before reading data (0.1636ms)
✔ hosted live mode rejects unapproved public summary before reading data (0.1311ms)
✔ hosted live mode rejects missing credential before reading data (0.1126ms)
✔ hosted live mode rejects blank credential before reading data (0.1377ms)
✔ hosted live mode rejects write-enabled configuration before reading data (0.135ms)
✔ GITHUB_TOKEN does not substitute for Project-readable credentials (0.267ms)
✔ an admitted live path collects once and retains zero mutations (5.4274ms)
✔ collector failure does not produce a successful report (0.286ms)
✔ stale hosted snapshots fail instead of publishing old findings (4.9279ms)
✔ public summaries never include free-form source or evidence text (5.0437ms)
✔ summary rejects unknown rule (3.9881ms)
✔ summary rejects bad finding id (4.0543ms)
✔ summary rejects foreign reference (3.6933ms)
✔ summary rejects mutation claim (4.5815ms)
✔ summary rejects wrong scope (4.3216ms)
✔ summary rejects invalid timestamp (4.4895ms)
✔ summary rejects bad totals (4.4563ms)
✔ public finding index is bounded without copying omitted details (4.406ms)
✔ every configured fixture rule has an explicit publication review (3.978ms)
✔ summary file writes remain inside a supplied native temporary directory (15.1702ms)
✔ Actions CLI rejects unsupported arguments --apply (0.2183ms)
✔ Actions CLI rejects unsupported arguments --live (0.0944ms)
✔ Actions CLI rejects unsupported arguments --live (0.1413ms)
✔ actual fixture CLI needs no hosted secrets or Teams SDK (185.7506ms)
✔ manual workflow keeps first-party actions pinned and live credentials isolated (11.4806ms)
✔ feedback CLI rejects unsupported, missing and duplicate transition arguments (2.2038ms)
✔ new-file corpus output preserves the previous version and refuses overwrite (22.7911ms)
✔ initializing a corpus binds the validated input scope without changing its snapshot (40.8992ms)
✔ partial snapshot cannot create a corpus file (22.9406ms)
✔ redirected output parent is refused without writing through it (5.3445ms)
✔ review evidence must be a file and cannot use a directory as a digest source (44.3073ms)
✔ review CLI records the exact binary digest and closes its descriptor (80.6317ms)
✔ same-size review replacement between metadata check and open cannot update a corpus (30.3837ms)
✔ review parent swapped for a symlink or junction before open is rejected (38.8993ms)
✔ same-size pathname replacement after descriptor read is rejected (32.707ms)
✔ same-size in-place review rewrite cannot hide behind a restored modification time (34.1584ms)
✔ review growth after open stays within its original byte bound and is rejected (34.2098ms)
✔ bounded review reads handle partial reads and reject empty or oversized files (26.7668ms)
✔ native behavioral evidence remains candidate with original local source and no finding impersonation (76.2467ms)
✔ native behavioral activation is denied for mixed support and forged active or retired history (43.4508ms)
✔ native behavioral candidates can be rejected without widening legacy review authority (54.0456ms)
✔ native behavioral bytes, identity claims, source and repeated runs remain validated (131.1595ms)
✔ evidence binds actual audit finding and supplied snapshot without certifying collection or identity (9.4767ms)
✔ accepted missing Project status binds the native serialized report and finding in evidence and observations (51.2223ms)
✔ auditor optional-field normalization retains strict data-only feedback and report validation (73.6457ms)
✔ timestamp-only or unrelated snapshot changes do not manufacture repeated supporting evidence (30.4904ms)
✔ partial, cross-scope, stale or missing findings cannot become feedback evidence (19.5237ms)
✔ feedback source pins accept exactly 40 or 64 hexadecimal characters, including supplied evidence (81.556ms)
✔ candidate, active and retired versions preserve their inputs and have exact transition digests (23.0109ms)
✔ one observation, fabricated evidence bytes and replayed reviews cannot activate a rule (73.22ms)
✔ reviewer labels and claimed approval booleans do not supply verified review authority (24.6498ms)
✔ explicit rejection remains terminal and contributes no advice (37.2839ms)
✔ prospective expiry is mandatory, bounded, and effective at the exact boundary (100.8658ms)
✔ active capacity cannot expand and supersession retires only the exact predecessor (56.2027ms)
✔ supersession rejects stale targets and cannot cross finding rules (48.9296ms)
✔ active guidance annotates only matching findings without hiding or changing original conclusions (22.3141ms)
✔ broad matching admits at most the finite annotation limit and never truncates an excessive report (358.7378ms)
✔ serialized output bytes are admitted before escaped guidance and evidence references fan out (60.1294ms)
✔ later audits honor activation and retirement while the original report stays identical (40.0447ms)
✔ unknown executable, suppression, assignment and permission options are rejected (151.7459ms)
✔ stale reports, foreign scope and altered evidence fail closed (31.0291ms)
✔ canonical digests ignore property insertion order but reject executable and non-finite data (0.6575ms)
✔ reusable corpus validation preserves input and rejects authority claims or altered guidance (24.1516ms)
✔ explicit collector profile requires a hash and cannot relabel a supplied snapshot (2.9294ms)
✔ recurrence requires finite explicit bounds before reading any input (0.8009ms)
✔ finite recurrence reloads snapshot and feedback on every cycle (2.482ms)
✔ paused and stopped records prevent collection and input reads (2.3135ms)
✔ exhausted persisted attempts reject before snapshot, feedback or live collection (2.5528ms)
✔ watch admits the final allowed attempt and then stops before collecting another snapshot (3.6602ms)
✔ source mismatch refuses before reading snapshot or feedback (1.8731ms)
✔ a failed cycle stops recurrence without retrying or losing the failure (1.4829ms)
✔ first snapshot acquisition failure retains one sanitized failed attempt (371.9054ms)
✔ later corpus acquisition failure preserves earlier accepted evidence and consumes one attempt (835.9378ms)
✔ live acquisition failure is retained once without raw error text or a retry (336.6301ms)
✔ pause and stop during failed acquisition remain effective without a new admitted attempt (2237.3985ms)
✔ deadline crossing during failed acquisition prevents late attempt admission (1.4701ms)
✔ interruption during failed acquisition prevents a new admitted attempt (1.3068ms)
✔ duration bounds stop admission after collection without writing a late result (1.0767ms)
✔ interruption during an interval exits without another audit (1.2325ms)
✔ control commands delegate exact action, source and reason without collecting (3.3747ms)
✔ status exposes bounded metadata and no retained finding text (1.6067ms)
✔ one audit writes source-bound immutable private reports and an advisory handoff (543.8865ms)
✔ fresh capture timestamps and transport metrics alone produce no new report or proposal across restart (779.2595ms)
✔ live state binds the exact selected principal and profile through restart and controls (2905.6602ms)
✔ profile metadata cannot convert supplied evidence or a different live principal into accepted observations (296.7497ms)
✔ changed scoped content produces a new receipt while retaining stable finding dedupe (616.9152ms)
✔ resolved findings are recorded without claiming a remote correction (564.5297ms)
✔ stale input fails and preserves a failed attempt, never reusing previous success (654.4776ms)
✔ future input fails and preserves a failed attempt, never reusing previous success (633.5794ms)
✔ incomplete input fails and preserves a failed attempt, never reusing previous success (660.9038ms)
✔ source drift fails and preserves a failed attempt, never reusing previous success (674.7533ms)
✔ changing the caller source pin cannot migrate an existing directory (521.0516ms)
✔ pause prevents input use, resume retains dedupe, and stop cannot resume (2455.1384ms)
✔ concurrent cycles have one winner and never create duplicate accepted receipts (363.7396ms)
✔ retained locks fail closed without PID reuse or timeout-based recovery (19.2814ms)
✔ incomplete intent and rollback to an older checkpoint refuse replay (630.7472ms)
✔ tampered referenced artifacts are rejected and preserved (358.8576ms)
✔ output-directory redirection refuses writes through a symlink or junction (11.3242ms)
✔ an unexpected output file is retained, not overwritten or removed (17.5356ms)
✔ status rejects unexpected files in initialized state before accepting its control projection (253.1483ms)
✔ missing, traversal-style and incomplete control requests do not create authority (4.2444ms)
✔ live source claims retain the existing collector identity and zero-write metadata (284.7296ms)
✔ finite convenience API has explicit bounds and performs no scheduling (958.0621ms)
✔ state and artifact redirection are not followed on read (257.1636ms)
✔ alter of earlier history is detected after a newer successful cycle (736.7902ms)
✔ delete of earlier history is detected after a newer successful cycle (693.2732ms)
✔ changed implementation pins fail before a new intent is written (485.6644ms)
✔ a directory replaced while a caller holds its lock cannot redirect any artifact write (371.4986ms)
✔ actual corpus activation and retirement change only separately bound advisory output (1395.7706ms)
✔ expiry invalidates cached advisory annotations even without corpus byte changes (680.3131ms)
✔ mixed retained controls and new cycles enforce one transition bound with a reserved terminal stop (80781.7504ms)
✔ accepted snapshots with omitted optional metadata produce parseable JSON artifacts and replay (610.4681ms)
✔ optional auditor metadata works through the real feedback evidence and recurring consumer bridge (878.9256ms)
✔ policy has the ten requested workstreams and never assigns people (4.0269ms)
✔ classification supports Multiplayer (7.2586ms)
✔ classification supports UX/UI (2.184ms)
✔ classification supports Multi-system execution (1.858ms)
✔ classification supports Janitor (1.4282ms)
✔ classification supports Dynamic agent teams (3.4969ms)
✔ classification supports DevOps/PR review/branch protection (1.4911ms)
✔ classification supports Security (1.4395ms)
✔ classification supports Agent communication layer (1.6161ms)
✔ classification supports Dark factory automation (3.6327ms)
✔ classification supports Backend scalability / pub-sub (2.0194ms)
✔ classification preserves labels and assignees (15.1336ms)
✔ UX alias means UX/UI (19.0092ms)
✔ an unassigned issue is not a violation (7.5327ms)
✔ full fixture audit has zero mutations and catches closing-link conflict (6.8793ms)
✔ non-closing prose overrides no native link, not unrelated partial references (4.4011ms)
✔ explicit do-not-close linked issue is flagged (3.941ms)
✔ closed unmerged PR does not close an open issue (4.2942ms)
✔ reopened issue remains open after a historical merged PR (3.8955ms)
✔ no automatic close for several partial PRs (5.0475ms)
✔ only explicit dependency section is interpreted (0.2608ms)
✔ code fences and quoted references are not dependency authority (0.2812ms)
✔ native/text dependency disagreement is flagged (4.8153ms)
✔ matching dependencies do not produce a mismatch (4.7254ms)
✔ dependency cycles are bounded and reported once (5.5319ms)
✔ parent hierarchy mismatch and cycle are detected (5.3886ms)
✔ outside-scope dependency is not fetched or treated as complete (4.0075ms)
✔ missing local dependency is unverified, not closed (3.8097ms)
✔ open issue marked Done is flagged without changing the board (4.3757ms)
✔ unknown workstream is a review hint, not a rename (3.5029ms)
✔ locked default branch is flagged, without bypass (5.725ms)
✔ stale PR source head is reported (6.6067ms)
✔ current independent review is accepted as evidence (8.9947ms)
✔ author approval is not current independent human approval (5.5835ms)
✔ bot approval is not current independent human approval (6.7829ms)
✔ old-head approval is not current independent human approval (5.0067ms)
✔ later comment does not erase a valid prior approval (4.3124ms)
✔ failed checks and requested changes are surfaced (4.1529ms)
✔ missing checks are not a success (4.1812ms)
✔ stale snapshots are labeled (5.759ms)
✔ future snapshots fail closed (2.4637ms)
✔ finding IDs are stable across repeated reads (7.7352ms)
✔ reported secrets are redacted and Markdown is escaped (11.0826ms)
✔ refuses: assign #50 to example-user (4.4371ms)
✔ refuses: label #50 multiplayer (4.5371ms)
✔ refuses: close #50 (4.5491ms)
✔ refuses: merge PR #237 (3.9966ms)
✔ refuses: enable auto-merge (4.2224ms)
✔ refuses: delete a branch (4.5808ms)
✔ refuses: approve PR #237 (4.117ms)
✔ refuses: can you change the rules (4.1556ms)
✔ question answers use recorded evidence and canonical references (5.0355ms)
✔ reverse dependency questions list dependents (6.6892ms)
✔ unknown questions ask for clarification (4.7606ms)
✔ untrusted instruction text grants no tools (5.6649ms)
✔ snapshot rejects wrong repo (1.1201ms)
✔ snapshot rejects wrong project (1.0047ms)
✔ snapshot rejects partial coverage (0.9835ms)
✔ snapshot rejects wrong count (0.9265ms)
✔ snapshot rejects duplicate issue (1.0403ms)
✔ snapshot rejects hostile URL (1.0281ms)
✔ snapshot rejects hidden project item (1.1226ms)
✔ snapshot rejects cross-repo item (1.1263ms)
✔ snapshot rejects duplicate project item (1.1058ms)
✔ snapshot rejects oversized body (1.2874ms)
✔ collector completes two matching passes with no writes (6.0827ms)
✔ collector rejects issue drift between passes (3.4934ms)
✔ collector rejects incomplete nested dependencies (1.3579ms)
✔ collector rejects a changed PR head/check binding (1.7065ms)
✔ collector rejects repeated pagination cursors (1.0759ms)
✔ collector rejects inaccessible connection entries (0.154ms)
✔ read client verifies Bakar404 and never switches accounts (1.3084ms)
✔ explicit hash-pinned read principal does not change the pilot or read allowlist (29.055ms)
✔ collector profile rejects changed scope or unsupported fields: repository (17.0379ms)
✔ collector profile rejects changed scope or unsupported fields: project_id (18.3816ms)
✔ collector profile rejects changed scope or unsupported fields: project_number (16.0494ms)
✔ collector profile rejects changed scope or unsupported fields: token (15.5996ms)
✔ collector profile rejects changed scope or unsupported fields: url (18.3301ms)
✔ collector profile rejects changed scope or unsupported fields: collector_login (15.2653ms)
✔ collector profile rejects wrong hashes, changed bytes and duplicate keys (44.4038ms)
✔ profiled collection records the actual principal and rejects identity or profile drift (32.7888ms)
✔ read client exposes no arbitrary query or write operation (1.2403ms)
✔ GraphQL cursor remains data, not executable query text (1.0743ms)
✔ GraphQL errors do not become accepted partial data (1.0554ms)
✔ GraphQL reserve prevents further reads (1.2704ms)
✔ collection has an elapsed-time bound (0.9907ms)
✔ dry run uses neither network nor output files (1.2961ms)
✔ CLI rejects apply (0.141ms)
✔ CLI rejects audit --fixture --live (0.0978ms)
✔ CLI rejects audit --fixture --out ../escape.json (0.1431ms)
✔ CLI rejects audit --dry-run --out file.json (0.0927ms)
✔ CLI rejects audit --fixture --assign example-user (0.0752ms)
✔ CLI rejects ask --fixture (0.0789ms)
✔ actual CLI dry run works from another directory and has no network intent (162.3766ms)
✔ test chat prepares an evidence-based reply without sending it (6.937ms)
✔ test chat rejects wrong tenant (0.3276ms)
✔ test chat rejects wrong group (0.1442ms)
✔ test chat rejects personal chat (0.1807ms)
✔ test chat rejects other channel (0.1331ms)
✔ test chat ignores messages without a mention (0.1362ms)
✔ test chat ignores its own messages (0.1234ms)
✔ test chat refuses mutation requests (5.7049ms)
✔ no production mode or implicit binding (0.3949ms)
ℹ tests 227
ℹ suites 0
ℹ pass 227
ℹ fail 0
ℹ cancelled 0
ℹ skipped 0
ℹ todo 0
ℹ duration_ms 103631.4365
