✔ renders actual snapshot totals and limitations with pending decisions outside the disclosure (110.2012ms)
✔ revoked refresh renders a refreshable state with no prior titles, spend or decision links (1.7733ms)
✔ changed actor renders a refreshable state with no prior titles, spend or decision links (1.1388ms)
✔ changed Corp renders a refreshable state with no prior titles, spend or decision links (0.8369ms)
✔ offline renders a refreshable state with no prior titles, spend or decision links (1.087ms)
✔ old receipt renders a refreshable state with no prior titles, spend or decision links (0.8555ms)
✔ missing receipt renders a refreshable state with no prior titles, spend or decision links (0.8911ms)
✔ empty authorized data differs from a failed read (3.1748ms)
✔ missing history and invalid requested amounts stay explicit without crashing the component (7.0236ms)
✔ mission labels use React escaping and never introduce executable markup (8.0717ms)
✔ clock expiry hides totals without polling and navigation rechecks a delayed timer (18.5641ms)
✔ a fresh receipt cancels prior expiration and access loss hides data before effects (14.394ms)
✔ StrictMode effect replay owns one receipt sample and expiry with no leaked timer (13.4732ms)
✔ budget opens its exact record without selecting a newer substitute (29.1029ms)
✔ revision opens its exact record without selecting a newer substitute (15.568ms)
✔ suspension opens its exact record without selecting a newer substitute (88.6357ms)
✔ new snapshot rejects activation before saving work or changing the view (16.2653ms)
✔ new snapshot rejects delayed focus after an accepted activation (116.8313ms)
✔ scope change before rerender rejects activation before saving work or changing the view (1.5783ms)
✔ scope change before rerender rejects delayed focus after an accepted activation (39.2228ms)
✔ A to B to A rejects activation before saving work or changing the view (2.7244ms)
✔ A to B to A rejects delayed focus after an accepted activation (120.6608ms)
✔ another actor rejects activation before saving work or changing the view (38.4195ms)
✔ another actor rejects delayed focus after an accepted activation (33.5325ms)
✔ another Corp rejects activation before saving work or changing the view (18.0138ms)
✔ another Corp rejects delayed focus after an accepted activation (21.2706ms)
✔ expired receipt rejects activation before saving work or changing the view (1.4772ms)
✔ expired receipt rejects delayed focus after an accepted activation (33.3939ms)
✔ failed authorized read rejects activation before saving work or changing the view (1.554ms)
✔ failed authorized read rejects delayed focus after an accepted activation (15.1145ms)
✔ offline receipt rejects activation before saving work or changing the view (18.4198ms)
✔ offline receipt rejects delayed focus after an accepted activation (15.3326ms)
✔ missing room rejects activation before saving work or changing the view (20.3089ms)
✔ missing room rejects delayed focus after an accepted activation (16.7241ms)
✔ a missing exact mission, revision or suspension cannot select other current work (94.1123ms)
✔ selection storage failure never schedules focus or opens another record (33.4437ms)
✔ a target missing from the rendered DOM reports unavailability without a mission fallback (12.1431ms)
✔ exact budget focus opens its history disclosure and honors reduced motion (168.8267ms)
✔ reads immutable original and current ceilings; pending requests never grant authority (6.3112ms)
✔ counts workers, retries, resumed deltas and an auditor once from run totals, never cache or revision totals (0.7056ms)
✔ zero recorded price with tokens is unpriced; no usage is unavailable, never free (0.7428ms)
✔ authorized snapshot scope excludes foreign Corp records and missions outside returned rooms (1.0591ms)
✔ different viewer hides all previous budget data (0.813ms)
✔ different Corp receipt hides all previous budget data (0.2122ms)
✔ missing viewer hides all previous budget data (0.8938ms)
✔ missing Corp hides all previous budget data (0.2108ms)
✔ revoked or failed refresh hides all previous budget data (0.3294ms)
✔ missing timestamp hides all previous budget data (9.0946ms)
✔ invalid timestamp hides all previous budget data (38.249ms)
✔ future timestamp hides all previous budget data (2.0187ms)
✔ invalid clock hides all previous budget data (0.4124ms)
✔ mismatched server Corp never yields a budget projection (0.6167ms)
✔ offline hides stale totals (0.2237ms)
✔ connecting hides stale totals (0.1462ms)
✔ freshness boundary is explicit and a new receipt restores visibility (1.116ms)
✔ rooms: identical duplicates count once and conflicting copies withhold all totals (0.5139ms)
✔ missions: identical duplicates count once and conflicting copies withhold all totals (0.2876ms)
✔ tasks: identical duplicates count once and conflicting copies withhold all totals (0.3358ms)
✔ runs: identical duplicates count once and conflicting copies withhold all totals (0.3374ms)
✔ mission_budget_revisions: identical duplicates count once and conflicting copies withhold all totals (0.3075ms)
✔ unattributed runs withhold aggregate consumption and all apparent remaining headroom (0.4375ms)
✔ attempt count 2 detects missing or invalid run history (0.3143ms)
✔ attempt count -1 detects missing or invalid run history (0.1426ms)
✔ attempt count NaN detects missing or invalid run history (0.2417ms)
✔ attempt count 1.5 detects missing or invalid run history (0.1402ms)
✔ a missing or different-task resume ancestor withholds remaining authority (0.3639ms)
✔ revised ceilings remain authoritative while a missing approval receipt stays explicit (0.5451ms)
✔ unsafe ledger value -1 is unavailable instead of rounded or reset (0.3756ms)
✔ unsafe ledger value 0.1 is unavailable instead of rounded or reset (0.1566ms)
✔ unsafe ledger value 9007199254740992 is unavailable instead of rounded or reset (0.2755ms)
✔ unsafe ledger value NaN is unavailable instead of rounded or reset (0.2067ms)
✔ unsafe ledger value Infinity is unavailable instead of rounded or reset (0.1392ms)
✔ safe individual integer values sum exactly beyond the JS safe integer range (0.3084ms)
✔ attention sorting is stable; original ceilings are never pooled into new authority (21.443ms)
✔ an empty authorized snapshot is distinguishable from unavailable data (0.4354ms)
✔ formatting preserves sub-cent recorded amounts, large totals and overruns (29.2268ms)
✔ requests with invalid wire amounts stay unavailable instead of throwing or granting authority (0.2933ms)
✔ exact budget navigation requires a current authorized mission and its own decision or suspended run (0.6498ms)
✔ a terminated failed budget suspension retains its exact inspection link (0.5433ms)
✔ a terminated cancelled budget suspension retains its exact inspection link (0.2679ms)
✔ suspension inspection follows the recorded breaker through termination and a later resume (0.5215ms)
✔ Factory exact-run navigation replaces a remembered newer outcome before mission remount (70.8136ms)
✔ run navigation ignores the duplicate activity marker in a hidden Factory tab (248.3027ms)
✔ artifact navigation chooses its exact producer while mission-only navigation preserves the current choice (11.8325ms)
✔ unavailable run/task/mission cannot overwrite remembered evidence or open another run (43.7588ms)
✔ storage failure or obsolete viewer fails closed before navigation (17.5724ms)
✔ explicit navigation writes only the selected viewer scope and exact work identities (31.1216ms)
✔ task-only navigation clears a saved run from another task and persists across reload (12.5424ms)
✔ room links require the current viewer and a visible room and never alter saved work (47.1878ms)
✔ production health, failed snapshot, then development retry replaces the old mode (296.9026ms)
✔ development health, failed snapshot, then production retry records production without demo bootstrap (121.7073ms)
✔ each pending attempt and failed snapshot clears previously verified mode (3.4342ms)
▶ unavailable or malformed health cannot retain authentication assurance or bootstrap
  ✔ network failure (3.0123ms)
  ✔ HTTP failure with production body (3.3825ms)
  ✔ invalid JSON (4.7079ms)
  ✔ null (17.1375ms)
  ✔ {} (20.9706ms)
  ✔ [] (19.4797ms)
  ✔ "production" (32.8311ms)
  ✔ {"status":"ok"} (15.8671ms)
  ✔ {"status":"ok","mode":null} (33.6082ms)
  ✔ {"status":"ok","mode":42} (20.0736ms)
  ✔ {"status":"ok","mode":"Production"} (39.5947ms)
  ✔ {"status":"ok","mode":"unknown"} (38.8417ms)
  ✔ {"mode":"production"} (70.4223ms)
  ✔ {"mode":"production","status":"failed"} (29.6675ms)
✔ unavailable or malformed health cannot retain authentication assurance or bootstrap (411.5982ms)
✔ cancelled health cannot overwrite a newer successful development attempt (35.3346ms)
✔ production form retry clears failed assurance and revalidates health on success (27.1381ms)
✔ health validation without a caller signal still has a bounded deadline (2.0753ms)
✔ a current authorized snapshot updates the receipt and event watermark (6.9654ms)
✔ a failed current read withholds the prior authorized snapshot (4.0937ms)
✔ wrong-Corp responses and aborted reads cannot publish data (7.4735ms)
✔ A to B to A cannot resurrect an earlier viewer-generation snapshot (2.7539ms)
✔ a failed earlier viewer generation cannot mark the returning viewer failed (22.4359ms)
✔ an older overlapping success cannot replace a newer same-viewer receipt (2.6514ms)
✔ an older overlapping failure cannot poison a newer authorized receipt (2.0439ms)
✔ a newer denied read stays withheld even if an older successful read finishes later (2.3309ms)
✔ an obsolete-scope read does not invalidate the current viewer request (1.9852ms)
✔ the actual actor switch clears retained data and links even on same-tick A to B to A (15.1619ms)
✔ an obsolete actor switch failure does not overwrite the current viewer notice (3.3253ms)
ℹ tests 121
ℹ suites 0
ℹ pass 121
ℹ fail 0
ℹ cancelled 0
ℹ skipped 0
ℹ todo 0
ℹ duration_ms 6776.8395
