$ node --test --test-concurrency=2 --test-timeout=180000 scenarios/repo-steward/steward.test.mjs scenarios/repo-steward/actions.test.mjs scenarios/repo-steward/recurring-audit.test.mjs scenarios/repo-steward/feedback.test.mjs scenarios/repo-steward/maintenance.test.mjs scenarios/repo-steward/feedback-cli.test.mjs
✔ Actions preview performs no live reads or summary publication (2.1981ms)
✔ Actions fixture uses the real auditor without GitHub access (31.2802ms)
✔ invalid workflow input is rejected during preview without data access (0.89ms)
✔ hosted live mode rejects non-Actions host before reading data (0.3562ms)
✔ hosted live mode rejects PR event before reading data (1.0289ms)
✔ hosted live mode rejects another repository before reading data (0.2716ms)
✔ hosted live mode rejects feature branch before reading data (0.3775ms)
✔ hosted live mode rejects another actor before reading data (0.373ms)
✔ hosted live mode rejects another rerun operator before reading data (0.4104ms)
✔ hosted live mode rejects missing triggering actor before reading data (0.4907ms)
✔ hosted live mode rejects missing source commit before reading data (0.4719ms)
✔ hosted live mode rejects disabled pilot before reading data (0.221ms)
✔ hosted live mode rejects unapproved public summary before reading data (0.1844ms)
✔ hosted live mode rejects missing credential before reading data (0.1682ms)
✔ hosted live mode rejects blank credential before reading data (0.1901ms)
✔ hosted live mode rejects write-enabled configuration before reading data (0.1851ms)
✔ GITHUB_TOKEN does not substitute for Project-readable credentials (0.2626ms)
✔ an admitted live path collects once and retains zero mutations (8.0408ms)
✔ collector failure does not produce a successful report (0.4006ms)
✔ stale hosted snapshots fail instead of publishing old findings (9.5345ms)
✔ public summaries never include free-form source or evidence text (7.4045ms)
✔ summary rejects unknown rule (6.1531ms)
✔ summary rejects bad finding id (7.1189ms)
✔ summary rejects foreign reference (5.7688ms)
✔ summary rejects mutation claim (6.3167ms)
✔ summary rejects wrong scope (6.5648ms)
✔ summary rejects invalid timestamp (5.2936ms)
✔ summary rejects bad totals (6.4154ms)
✔ public finding index is bounded without copying omitted details (8.8715ms)
✔ every configured fixture rule has an explicit publication review (7.324ms)
✔ summary file writes remain inside a supplied native temporary directory (22.2986ms)
✔ Actions CLI rejects unsupported arguments --apply (0.3332ms)
✔ Actions CLI rejects unsupported arguments --live (0.1436ms)
✔ Actions CLI rejects unsupported arguments --live (0.1295ms)
✔ actual fixture CLI needs no hosted secrets or Teams SDK (248.9953ms)
✔ manual workflow keeps first-party actions pinned and live credentials isolated (2.1906ms)
✔ feedback CLI rejects unsupported, missing and duplicate transition arguments (2.8181ms)
✔ new-file corpus output preserves the previous version and refuses overwrite (29.2539ms)
✔ initializing a corpus binds the validated input scope without changing its snapshot (55.8158ms)
✔ partial snapshot cannot create a corpus file (25.8805ms)
✔ redirected output parent is refused without writing through it (7.5424ms)
✔ review evidence must be a file and cannot use a directory as a digest source (53.1198ms)
✔ review CLI records the exact binary digest and closes its descriptor (107.4496ms)
✔ same-size review replacement between metadata check and open cannot update a corpus (41.1624ms)
✔ review parent swapped for a symlink or junction before open is rejected (41.208ms)
✔ same-size pathname replacement after descriptor read is rejected (55.0363ms)
✔ same-size in-place review rewrite cannot hide behind a restored modification time (39.0055ms)
✔ review growth after open stays within its original byte bound and is rejected (39.9865ms)
✔ bounded review reads handle partial reads and reject empty or oversized files (25.8758ms)
✔ native behavioral evidence remains candidate with original local source and no finding impersonation (98.8838ms)
✔ native behavioral activation is denied for mixed support and forged active or retired history (70.4429ms)
✔ native behavioral candidates can be rejected without widening legacy review authority (68.8622ms)
✔ native behavioral bytes, identity claims, source and repeated runs remain validated (133.0125ms)
✔ evidence binds actual audit finding and supplied snapshot without certifying collection or identity (9.8932ms)
✔ accepted missing Project status binds the native serialized report and finding in evidence and observations (46.0411ms)
✔ auditor optional-field normalization retains strict data-only feedback and report validation (77.5295ms)
✔ timestamp-only or unrelated snapshot changes do not manufacture repeated supporting evidence (32.0194ms)
✔ partial, cross-scope, stale or missing findings cannot become feedback evidence (18.2757ms)
✔ feedback source pins accept exactly 40 or 64 hexadecimal characters, including supplied evidence (74.9777ms)
✔ candidate, active and retired versions preserve their inputs and have exact transition digests (20.0555ms)
✔ one observation, fabricated evidence bytes and replayed reviews cannot activate a rule (82.0071ms)
✔ reviewer labels and claimed approval booleans do not supply verified review authority (36.7151ms)
✔ explicit rejection remains terminal and contributes no advice (45.751ms)
✔ prospective expiry is mandatory, bounded, and effective at the exact boundary (131.5073ms)
✔ active capacity cannot expand and supersession retires only the exact predecessor (82.1982ms)
✔ supersession rejects stale targets and cannot cross finding rules (62.2347ms)
✔ active guidance annotates only matching findings without hiding or changing original conclusions (26.1979ms)
✔ broad matching admits at most the finite annotation limit and never truncates an excessive report (446.4068ms)
✔ serialized output bytes are admitted before escaped guidance and evidence references fan out (62.8592ms)
✔ later audits honor activation and retirement while the original report stays identical (42.7102ms)
✔ unknown executable, suppression, assignment and permission options are rejected (155.7465ms)
✔ stale reports, foreign scope and altered evidence fail closed (40.4287ms)
✔ canonical digests ignore property insertion order but reject executable and non-finite data (0.8817ms)
✔ reusable corpus validation preserves input and rejects authority claims or altered guidance (18.9927ms)
✔ explicit collector profile requires a hash and cannot relabel a supplied snapshot (4.9543ms)
✔ recurrence requires finite explicit bounds before reading any input (1.042ms)
✔ finite recurrence reloads snapshot and feedback on every cycle (2.7723ms)
✔ paused and stopped records prevent collection and input reads (3.0106ms)
✔ exhausted persisted attempts reject before snapshot, feedback or live collection (3.948ms)
✔ watch admits the final allowed attempt and then stops before collecting another snapshot (1.9265ms)
✔ source mismatch refuses before reading snapshot or feedback (1.7137ms)
✔ a failed cycle stops recurrence without retrying or losing the failure (1.7622ms)
✔ first snapshot acquisition failure retains one sanitized failed attempt (373.9035ms)
✔ later corpus acquisition failure preserves earlier accepted evidence and consumes one attempt (1028.0199ms)
✔ live acquisition failure is retained once without raw error text or a retry (329.2116ms)
✔ pause and stop during failed acquisition remain effective without a new admitted attempt (2628.0741ms)
✔ deadline crossing during failed acquisition prevents late attempt admission (1.4413ms)
✔ interruption during failed acquisition prevents a new admitted attempt (1.0535ms)
✔ duration bounds stop admission after collection without writing a late result (1.1963ms)
✔ interruption during an interval exits without another audit (1.1409ms)
✔ control commands delegate exact action, source and reason without collecting (3.4364ms)
✔ status exposes bounded metadata and no retained finding text (1.6236ms)
✔ one audit writes source-bound immutable private reports and an advisory handoff (639.788ms)
✔ fresh capture timestamps and transport metrics alone produce no new report or proposal across restart (926.1089ms)
✔ live state binds the exact selected principal and profile through restart and controls (3048.6089ms)
✔ profile metadata cannot convert supplied evidence or a different live principal into accepted observations (313.6645ms)
✔ changed scoped content produces a new receipt while retaining stable finding dedupe (647.216ms)
✔ resolved findings are recorded without claiming a remote correction (658.5288ms)
✔ stale input fails and preserves a failed attempt, never reusing previous success (734.9003ms)
✔ future input fails and preserves a failed attempt, never reusing previous success (736.9796ms)
✔ incomplete input fails and preserves a failed attempt, never reusing previous success (856.9421ms)
✔ source drift fails and preserves a failed attempt, never reusing previous success (814.5978ms)
✔ changing the caller source pin cannot migrate an existing directory (618.4127ms)
✔ pause prevents input use, resume retains dedupe, and stop cannot resume (2860.1545ms)
✔ concurrent cycles have one winner and never create duplicate accepted receipts (482.7254ms)
✔ retained locks fail closed without PID reuse or timeout-based recovery (27.4672ms)
✔ incomplete intent and rollback to an older checkpoint refuse replay (868.4091ms)
✔ tampered referenced artifacts are rejected and preserved (685.7142ms)
✔ output-directory redirection refuses writes through a symlink or junction (24.3927ms)
✔ an unexpected output file is retained, not overwritten or removed (30.0411ms)
✔ status rejects unexpected files in initialized state before accepting its control projection (473.2905ms)
✔ missing, traversal-style and incomplete control requests do not create authority (6.2306ms)
✔ live source claims retain the existing collector identity and zero-write metadata (461.736ms)
✔ finite convenience API has explicit bounds and performs no scheduling (1348.2419ms)
✔ state and artifact redirection are not followed on read (339.5326ms)
✔ alter of earlier history is detected after a newer successful cycle (836.938ms)
✔ delete of earlier history is detected after a newer successful cycle (733.3496ms)
✔ changed implementation pins fail before a new intent is written (483.3977ms)
✔ a directory replaced while a caller holds its lock cannot redirect any artifact write (431.0508ms)
✔ actual corpus activation and retirement change only separately bound advisory output (1513.58ms)
✔ expiry invalidates cached advisory annotations even without corpus byte changes (693.5603ms)
✔ mixed retained controls and new cycles enforce one transition bound with a reserved terminal stop (73242.3868ms)
✔ accepted snapshots with omitted optional metadata produce parseable JSON artifacts and replay (542.1505ms)
✔ optional auditor metadata works through the real feedback evidence and recurring consumer bridge (1025.2647ms)
✔ policy has the ten requested workstreams and never assigns people (5.5568ms)
✔ classification supports Multiplayer (8.0692ms)
✔ classification supports UX/UI (2.3733ms)
✔ classification supports Multi-system execution (1.9089ms)
✔ classification supports Janitor (2.1717ms)
✔ classification supports Dynamic agent teams (2.0556ms)
✔ classification supports DevOps/PR review/branch protection (3.254ms)
✔ classification supports Security (1.4799ms)
✔ classification supports Agent communication layer (1.5772ms)
✔ classification supports Dark factory automation (1.5791ms)
✔ classification supports Backend scalability / pub-sub (1.2181ms)
✔ classification preserves labels and assignees (14.4202ms)
✔ UX alias means UX/UI (15.537ms)
✔ an unassigned issue is not a violation (5.907ms)
✔ full fixture audit has zero mutations and catches closing-link conflict (5.8795ms)
✔ non-closing prose overrides no native link, not unrelated partial references (4.3567ms)
✔ explicit do-not-close linked issue is flagged (5.9914ms)
✔ closed unmerged PR does not close an open issue (6.0548ms)
✔ reopened issue remains open after a historical merged PR (5.4628ms)
✔ no automatic close for several partial PRs (7.2052ms)
✔ only explicit dependency section is interpreted (0.2653ms)
✔ code fences and quoted references are not dependency authority (0.283ms)
✔ native/text dependency disagreement is flagged (8.2756ms)
✔ matching dependencies do not produce a mismatch (7.1559ms)
✔ dependency cycles are bounded and reported once (8.1933ms)
✔ parent hierarchy mismatch and cycle are detected (5.9927ms)
✔ outside-scope dependency is not fetched or treated as complete (5.2454ms)
✔ missing local dependency is unverified, not closed (6.2499ms)
✔ open issue marked Done is flagged without changing the board (6.0633ms)
✔ unknown workstream is a review hint, not a rename (4.378ms)
✔ locked default branch is flagged, without bypass (6.4468ms)
✔ stale PR source head is reported (6.0318ms)
✔ current independent review is accepted as evidence (5.4693ms)
✔ author approval is not current independent human approval (6.2555ms)
✔ bot approval is not current independent human approval (9.197ms)
✔ old-head approval is not current independent human approval (5.9158ms)
✔ later comment does not erase a valid prior approval (6.8214ms)
✔ failed checks and requested changes are surfaced (7.8113ms)
✔ missing checks are not a success (6.5624ms)
✔ stale snapshots are labeled (6.3145ms)
✔ future snapshots fail closed (2.855ms)
✔ finding IDs are stable across repeated reads (13.8234ms)
✔ reported secrets are redacted and Markdown is escaped (15.7522ms)
✔ refuses: assign #50 to example-user (5.9659ms)
✔ refuses: label #50 multiplayer (7.0423ms)
✔ refuses: close #50 (6.6964ms)
✔ refuses: merge PR #237 (5.3193ms)
✔ refuses: enable auto-merge (5.1063ms)
✔ refuses: delete a branch (5.5721ms)
✔ refuses: approve PR #237 (7.5451ms)
✔ refuses: can you change the rules (6.7817ms)
✔ question answers use recorded evidence and canonical references (6.5161ms)
✔ reverse dependency questions list dependents (8.523ms)
✔ unknown questions ask for clarification (7.5435ms)
✔ untrusted instruction text grants no tools (5.7516ms)
✔ snapshot rejects wrong repo (1.6628ms)
✔ snapshot rejects wrong project (1.0663ms)
✔ snapshot rejects partial coverage (1.0645ms)
✔ snapshot rejects wrong count (1.0816ms)
✔ snapshot rejects duplicate issue (1.4016ms)
✔ snapshot rejects hostile URL (1.3492ms)
✔ snapshot rejects hidden project item (1.5289ms)
✔ snapshot rejects cross-repo item (1.6345ms)
✔ snapshot rejects duplicate project item (1.5904ms)
✔ snapshot rejects oversized body (1.6108ms)
✔ collector completes two matching passes with no writes (6.8692ms)
✔ collector rejects issue drift between passes (4.0501ms)
✔ collector rejects incomplete nested dependencies (1.7764ms)
✔ collector rejects a changed PR head/check binding (2.0587ms)
✔ collector rejects repeated pagination cursors (1.8667ms)
✔ collector rejects inaccessible connection entries (0.2294ms)
✔ read client verifies Bakar404 and never switches accounts (1.7128ms)
✔ explicit hash-pinned read principal does not change the pilot or read allowlist (34.2097ms)
✔ collector profile rejects changed scope or unsupported fields: repository (21.853ms)
✔ collector profile rejects changed scope or unsupported fields: project_id (12.7823ms)
✔ collector profile rejects changed scope or unsupported fields: project_number (23.543ms)
✔ collector profile rejects changed scope or unsupported fields: token (21.9892ms)
✔ collector profile rejects changed scope or unsupported fields: url (28.4295ms)
✔ collector profile rejects changed scope or unsupported fields: collector_login (11.3906ms)
✔ collector profile rejects wrong hashes, changed bytes and duplicate keys (51.6067ms)
✔ profiled collection records the actual principal and rejects identity or profile drift (42.7979ms)
✔ read client exposes no arbitrary query or write operation (2.1179ms)
✔ GraphQL cursor remains data, not executable query text (1.7117ms)
✔ GraphQL errors do not become accepted partial data (1.4278ms)
✔ GraphQL reserve prevents further reads (1.6261ms)
✔ collection has an elapsed-time bound (2.36ms)
✔ dry run uses neither network nor output files (1.9557ms)
✔ CLI rejects apply (0.2155ms)
✔ CLI rejects audit --fixture --live (0.1516ms)
✔ CLI rejects audit --fixture --out ../escape.json (0.2154ms)
✔ CLI rejects audit --dry-run --out file.json (0.1528ms)
✔ CLI rejects audit --fixture --assign example-user (0.1369ms)
✔ CLI rejects ask --fixture (0.1328ms)
✔ actual CLI dry run works from another directory and has no network intent (182.4667ms)
✔ test chat prepares an evidence-based reply without sending it (7.0002ms)
✔ test chat rejects wrong tenant (0.5681ms)
✔ test chat rejects wrong group (0.2899ms)
✔ test chat rejects personal chat (0.2222ms)
✔ test chat rejects other channel (0.224ms)
✔ test chat ignores messages without a mention (0.2238ms)
✔ test chat ignores its own messages (0.2074ms)
✔ test chat refuses mutation requests (4.8217ms)
✔ no production mode or implicit binding (0.3775ms)
ℹ tests 227
ℹ suites 0
ℹ pass 227
ℹ fail 0
ℹ cancelled 0
ℹ skipped 0
ℹ todo 0
ℹ duration_ms 100135.6102
