✔ completed findings emit only bounded attribution metadata, never report content (205.1556ms)
✔ clean requires native success and a valid empty report (187.5825ms)
✔ workflow-command delimiters stay private while safe identifiers preserve attribution (193.0733ms)
✔ empty findings do not hide scanner/tool exit 1 (198.9076ms)
✔ empty findings do not hide scanner/tool exit 2 (192.1374ms)
✔ empty findings do not hide scanner/tool exit 124 (193.7276ms)
✔ empty findings do not hide scanner/tool exit 137 (186.3016ms)
✔ empty findings do not hide scanner/tool exit 255 (191.0623ms)
✔ native success with findings cannot become a passing result (187.8094ms)
✔ missing report fails without echoing input or inventing clean results (153.2778ms)
✔ empty report fails without echoing input or inventing clean results (185.5202ms)
✔ invalid JSON report fails without echoing input or inventing clean results (180.6998ms)
✔ invalid UTF8 report fails without echoing input or inventing clean results (160.8262ms)
✔ null report fails without echoing input or inventing clean results (173.3083ms)
✔ object report fails without echoing input or inventing clean results (175.7532ms)
✔ too many findings report fails without echoing input or inventing clean results (169.2289ms)
✔ oversized report fails without echoing input or inventing clean results (163.1227ms)
✔ non-regular report is rejected before reading (157.8805ms)
✔ exact report byte limit accepts valid JSON without truncation (188.054ms)
✔ exact finding limit is accepted with explicit bounded display (203.0194ms)
✔ exact metadata limits preserve identifiers for all validated values (167.3015ms)
✔ malformed finding is rejected (null) (187.6248ms)
✔ malformed finding is rejected ([]) (160.8619ms)
✔ malformed finding is rejected (1) (140.3694ms)
✔ malformed finding is rejected ("not a record") (164.0222ms)
✔ reject invalid Commit metadata ("main") (178.0384ms)
✔ reject invalid Commit metadata (123) (145.7904ms)
✔ reject invalid Commit metadata ("aaaaaaaaaaaaaaaaaaaaaaaaaaaaaaaaaaaaaaa") (155.308ms)
✔ reject invalid Commit metadata ("aaaaaaaaaaaaaaaaaaaaaaaaaaaaaaaaaaaaaaaaa") (162.9039ms)
✔ reject invalid Commit metadata ("gggggggggggggggggggggggggggggggggggggggg") (157.17ms)
✔ reject invalid File metadata ("/absolute") (175.5408ms)
✔ reject invalid File metadata ("C:\\absolute") (170.3633ms)
✔ reject invalid File metadata ("../outside") (163.9368ms)
✔ reject invalid File metadata ("dir/../outside") (150.6614ms)
✔ reject invalid File metadata ("dir//file") (153.8176ms)
✔ reject invalid File metadata ("name\n::error::NON_CREDENTIAL_DIAGNOSTIC_TES) (154.607ms)
✔ reject invalid File metadata ("\u001b[31mfile") (167.9177ms)
✔ reject invalid File metadata ("‮file") (165.1923ms)
✔ reject invalid File metadata ("xxxxxxxxxxxxxxxxxxxxxxxxxxxxxxxxxxxxxxxxxxxx) (159.6678ms)
✔ reject invalid RuleID metadata ("bad NON_CREDENTIAL_DIAGNOSTIC_TEST_CANARY") (139.7019ms)
✔ reject invalid RuleID metadata ("rrrrrrrrrrrrrrrrrrrrrrrrrrrrrrrrrrrrrrrrrrrr) (155.0967ms)
✔ reject invalid StartLine metadata (0) (158.1497ms)
✔ reject invalid StartLine metadata ("1") (139.5722ms)
✔ reject invalid StartLine metadata (9007199254740992) (162.0566ms)
✔ reject invalid EndLine metadata (2) (171.3378ms)
✔ all findings are validated before bounded display (326.8184ms)
✔ invalid scanner status is rejected (-1) (161.8221ms)
✔ invalid scanner status is rejected (256) (176.7476ms)
✔ invalid scanner status is rejected (1.5) (188.1558ms)
✔ invalid scanner status is rejected () (150.6537ms)
✔ invalid scanner status is rejected (01) (171.2441ms)
✔ invalid scanner status is rejected (NON_CREDENTIAL_DIAGNOSTIC_TEST_CANARY) (161.0675ms)
✔ unexpected arguments are not echoed (147.4458ms)
✔ workflow retains scan scope, redaction, pinning, failure propagation and ephemeral reports (0.3277ms)
✔ selected metadata never publishes a canary in a path or rule identifier (157.1095ms)
✔ completed finding and partial scan results retain distinct native outcomes (346.9622ms)
✔ production scan is independent of selected-head fixture code and fixture job tests its workflow revision (0.6699ms)
✔ native scanner clean history yields a clean bounded report (3175.6122ms)
ℹ Native Gitleaks 8.30.1, disposable Git history, actual inline workflow reporter
✔ native scanner attributes a current finding and preserves failure (3274.435ms)
ℹ Native Gitleaks 8.30.1, disposable Git history, actual inline workflow reporter
✔ native scanner attributes a historical finding and preserves failure (3684.4846ms)
ℹ Native Gitleaks 8.30.1, disposable Git history, actual inline workflow reporter
✔ native scanner configuration failure cannot become a clean result (2327.2821ms)
ℹ Native Gitleaks 8.30.1, disposable Git history, actual inline workflow reporter
✔ native scanner redaction does not permit a sensitive filename in diagnostics (2971.4354ms)
ℹ Native Gitleaks 8.30.1, disposable Git history, actual inline workflow reporter
✔ native scan works on an older selected head without workflow support files (3235.1052ms)
ℹ Native Gitleaks 8.30.1, disposable Git history, actual inline workflow reporter
✔ selected-head executable fixtures cannot run in the production scan path (3574.7528ms)
ℹ Native Gitleaks 8.30.1, disposable Git history, actual inline workflow reporter
✔ native Git completeness check rejects unavailable historical objects before scanning (3256.9849ms)
ℹ Native Gitleaks 8.30.1, disposable Git history, actual inline workflow reporter
✔ native partial timeout keeps collected findings explicitly incomplete (5328.4873ms)
ℹ Native Gitleaks 8.30.1, disposable Git history, actual inline workflow reporter
ℹ tests 66
ℹ suites 0
ℹ pass 66
ℹ fail 0
ℹ cancelled 0
ℹ skipped 0
ℹ todo 0
ℹ duration_ms 31064.479
