✖ selected metadata never publishes a canary in a path or rule identifier (172.928ms)
✖ completed finding and partial scan results retain distinct native outcomes (324.9163ms)
✖ production scan is independent of selected-head fixture code and fixture job tests its workflow revision (0.6407ms)
ℹ tests 3
ℹ suites 0
ℹ pass 0
ℹ fail 3
ℹ cancelled 0
ℹ skipped 0
ℹ todo 0
ℹ duration_ms 678.8365

✖ failing tests:

test at tools\secret_scan.test.mjs:215:1
✖ selected metadata never publishes a canary in a path or rule identifier (172.928ms)
  AssertionError [ERR_ASSERTION]: The expression evaluated to a falsy value:

    assert(!result.stdout.includes(canary))

      at Object.run (file:///<reviewed-worktree>/tools/secret_scan.test.mjs:33:5)
      at async TestContext.<anonymous> (file:///<reviewed-worktree>/tools/secret_scan.test.mjs:217:18)
      at async Test.run (node:internal/test_runner/test:1409:7)
      at async startSubtestAfterBootstrap (node:internal/test_runner/harness:387:3) {
    generatedMessage: true,
    code: 'ERR_ASSERTION',
    actual: false,
    expected: true,
    operator: '==',
    diff: 'simple'
  }

test at tools\secret_scan.test.mjs:225:1
✖ completed finding and partial scan results retain distinct native outcomes (324.9163ms)
  AssertionError [ERR_ASSERTION]: Expected values to be strictly equal:
  + actual - expected

  + 'failed'
  - 'findings'

      at TestContext.<anonymous> (file:///<reviewed-worktree>/tools/secret_scan.test.mjs:230:10)
      at async Test.run (node:internal/test_runner/test:1409:7)
      at async Test.processPendingSubtests (node:internal/test_runner/test:974:7) {
    generatedMessage: true,
    code: 'ERR_ASSERTION',
    actual: 'failed',
    expected: 'findings',
    operator: 'strictEqual',
    diff: 'simple'
  }

test at tools\secret_scan.test.mjs:238:1
✖ production scan is independent of selected-head fixture code and fixture job tests its workflow revision (0.6407ms)
  AssertionError [ERR_ASSERTION]: Expected values to be strictly equal:

  1 !== 2

      at TestContext.<anonymous> (file:///<reviewed-worktree>/tools/secret_scan.test.mjs:240:10)
      at Test.runInAsyncScope (node:async_hooks:227:14)
      at Test.run (node:internal/test_runner/test:1402:25)
      at Test.processPendingSubtests (node:internal/test_runner/test:974:18)
      at Test.postRun (node:internal/test_runner/test:1542:19)
      at Test.run (node:internal/test_runner/test:1467:12)
      at async Test.processPendingSubtests (node:internal/test_runner/test:974:7) {
    generatedMessage: true,
    code: 'ERR_ASSERTION',
    actual: 1,
    expected: 2,
    operator: 'strictEqual',
    diff: 'simple'
  }
