$ node --test --test-concurrency=2 --test-timeout=180000 scenarios/repo-steward/steward.test.mjs scenarios/repo-steward/actions.test.mjs scenarios/repo-steward/recurring-audit.test.mjs scenarios/repo-steward/feedback.test.mjs scenarios/repo-steward/maintenance.test.mjs scenarios/repo-steward/feedback-cli.test.mjs
✔ Actions preview performs no live reads or summary publication (3.4242ms)
✔ Actions fixture uses the real auditor without GitHub access (46.4626ms)
✔ invalid workflow input is rejected during preview without data access (1.3619ms)
✔ hosted live mode rejects non-Actions host before reading data (1.298ms)
✔ hosted live mode rejects PR event before reading data (0.448ms)
✔ hosted live mode rejects another repository before reading data (0.2873ms)
✔ hosted live mode rejects feature branch before reading data (0.4228ms)
✔ hosted live mode rejects another actor before reading data (0.2969ms)
✔ hosted live mode rejects another rerun operator before reading data (0.387ms)
✔ hosted live mode rejects missing triggering actor before reading data (0.5385ms)
✔ hosted live mode rejects missing source commit before reading data (0.4655ms)
✔ hosted live mode rejects disabled pilot before reading data (0.2273ms)
✔ hosted live mode rejects unapproved public summary before reading data (0.1734ms)
✔ hosted live mode rejects missing credential before reading data (0.1581ms)
✔ hosted live mode rejects blank credential before reading data (0.2021ms)
✔ hosted live mode rejects write-enabled configuration before reading data (0.2026ms)
✔ GITHUB_TOKEN does not substitute for Project-readable credentials (0.3694ms)
✔ an admitted live path collects once and retains zero mutations (9.4956ms)
✔ collector failure does not produce a successful report (0.4355ms)
✔ stale hosted snapshots fail instead of publishing old findings (8.4326ms)
✔ public summaries never include free-form source or evidence text (8.0109ms)
✔ summary rejects unknown rule (7.2938ms)
✔ summary rejects bad finding id (7.687ms)
✔ summary rejects foreign reference (10.731ms)
✔ summary rejects mutation claim (6.3002ms)
✔ summary rejects wrong scope (8.0627ms)
✔ summary rejects invalid timestamp (10.268ms)
✔ summary rejects bad totals (9.9803ms)
✔ public finding index is bounded without copying omitted details (9.4835ms)
✔ every configured fixture rule has an explicit publication review (7.3892ms)
✔ summary file writes remain inside a supplied native temporary directory (23.6925ms)
✔ Actions CLI rejects unsupported arguments --apply (0.2626ms)
✔ Actions CLI rejects unsupported arguments --live (0.1496ms)
✔ Actions CLI rejects unsupported arguments --live (0.1333ms)
✔ actual fixture CLI needs no hosted secrets or Teams SDK (249.3941ms)
✔ manual workflow keeps first-party actions pinned and live credentials isolated (16.5877ms)
✔ feedback CLI rejects unsupported, missing and duplicate transition arguments (3.0352ms)
✔ new-file corpus output preserves the previous version and refuses overwrite (35.9901ms)
✔ initializing a corpus binds the validated input scope without changing its snapshot (56.3003ms)
✔ partial snapshot cannot create a corpus file (33.9094ms)
✔ redirected output parent is refused without writing through it (8.0355ms)
✔ review evidence must be a file and cannot use a directory as a digest source (76.9725ms)
✔ review CLI records the exact binary digest and closes its descriptor (130.6892ms)
✔ same-size review replacement between metadata check and open cannot update a corpus (42.7774ms)
✔ review parent swapped for a symlink or junction before open is rejected (57.3433ms)
✔ same-size pathname replacement after descriptor read is rejected (44.6525ms)
✔ same-size in-place review rewrite cannot hide behind a restored modification time (44.7242ms)
✔ review growth after open stays within its original byte bound and is rejected (41.873ms)
✔ bounded review reads handle partial reads and reject empty or oversized files (29.8724ms)
✔ native behavioral evidence remains candidate with original local source and no finding impersonation (109.2117ms)
✔ native behavioral activation is denied for mixed support and forged active or retired history (60.0795ms)
✔ native behavioral candidates can be rejected without widening legacy review authority (75.3978ms)
✔ native behavioral bytes, identity claims, source and repeated runs remain validated (208.9498ms)
✔ evidence binds actual audit finding and supplied snapshot without certifying collection or identity (19.6139ms)
✔ accepted missing Project status binds the native serialized report and finding in evidence and observations (76.0645ms)
✔ auditor optional-field normalization retains strict data-only feedback and report validation (122.4248ms)
✔ timestamp-only or unrelated snapshot changes do not manufacture repeated supporting evidence (57.9302ms)
✔ partial, cross-scope, stale or missing findings cannot become feedback evidence (32.5185ms)
✔ feedback source pins accept exactly 40 or 64 hexadecimal characters, including supplied evidence (163.5426ms)
✔ candidate, active and retired versions preserve their inputs and have exact transition digests (40.2143ms)
✔ one observation, fabricated evidence bytes and replayed reviews cannot activate a rule (146.4356ms)
✔ reviewer labels and claimed approval booleans do not supply verified review authority (41.7388ms)
✔ explicit rejection remains terminal and contributes no advice (70.8507ms)
✔ prospective expiry is mandatory, bounded, and effective at the exact boundary (197.0493ms)
✔ active capacity cannot expand and supersession retires only the exact predecessor (112.2177ms)
✔ supersession rejects stale targets and cannot cross finding rules (79.1632ms)
✔ active guidance annotates only matching findings without hiding or changing original conclusions (36.7069ms)
✔ broad matching admits at most the finite annotation limit and never truncates an excessive report (531.5225ms)
✔ serialized output bytes are admitted before escaped guidance and evidence references fan out (161.157ms)
✔ later audits honor activation and retirement while the original report stays identical (99.3384ms)
✔ unknown executable, suppression, assignment and permission options are rejected (268.3212ms)
✔ stale reports, foreign scope and altered evidence fail closed (53.9178ms)
✔ canonical digests ignore property insertion order but reject executable and non-finite data (0.736ms)
✔ reusable corpus validation preserves input and rejects authority claims or altered guidance (60.767ms)
✔ explicit collector profile requires a hash and cannot relabel a supplied snapshot (4.3667ms)
✔ recurrence requires finite explicit bounds before reading any input (1.2254ms)
✔ finite recurrence reloads snapshot and feedback on every cycle (3.6002ms)
✔ paused and stopped records prevent collection and input reads (3.5682ms)
✔ exhausted persisted attempts reject before snapshot, feedback or live collection (3.6775ms)
✔ watch admits the final allowed attempt and then stops before collecting another snapshot (2.224ms)
✔ source mismatch refuses before reading snapshot or feedback (2.234ms)
✔ a failed cycle stops recurrence without retrying or losing the failure (2.5297ms)
✔ first snapshot acquisition failure retains one sanitized failed attempt (545.4143ms)
✔ later corpus acquisition failure preserves earlier accepted evidence and consumes one attempt (1275.8063ms)
✔ live acquisition failure is retained once without raw error text or a retry (487.0128ms)
✔ pause and stop during failed acquisition remain effective without a new admitted attempt (3232.8634ms)
✔ deadline crossing during failed acquisition prevents late attempt admission (2.1652ms)
✔ interruption during failed acquisition prevents a new admitted attempt (1.7374ms)
✔ duration bounds stop admission after collection without writing a late result (1.4129ms)
✔ interruption during an interval exits without another audit (1.5824ms)
✔ control commands delegate exact action, source and reason without collecting (5.8797ms)
✔ status exposes bounded metadata and no retained finding text (1.8206ms)
✔ one audit writes source-bound immutable private reports and an advisory handoff (741.8234ms)
✔ fresh capture timestamps and transport metrics alone produce no new report or proposal across restart (1150.2505ms)
✔ live state binds the exact selected principal and profile through restart and controls (4362.0324ms)
✔ profile metadata cannot convert supplied evidence or a different live principal into accepted observations (474.2887ms)
✔ changed scoped content produces a new receipt while retaining stable finding dedupe (862.5988ms)
✔ resolved findings are recorded without claiming a remote correction (825.9034ms)
✔ stale input fails and preserves a failed attempt, never reusing previous success (1031.2651ms)
✔ future input fails and preserves a failed attempt, never reusing previous success (1033.809ms)
✔ incomplete input fails and preserves a failed attempt, never reusing previous success (1016.5131ms)
✔ source drift fails and preserves a failed attempt, never reusing previous success (1023.7739ms)
✔ changing the caller source pin cannot migrate an existing directory (762.3922ms)
✔ pause prevents input use, resume retains dedupe, and stop cannot resume (3681.9698ms)
✔ concurrent cycles have one winner and never create duplicate accepted receipts (599.1533ms)
✔ retained locks fail closed without PID reuse or timeout-based recovery (34.7066ms)
✔ incomplete intent and rollback to an older checkpoint refuse replay (951.8307ms)
✔ tampered referenced artifacts are rejected and preserved (525.1494ms)
✔ output-directory redirection refuses writes through a symlink or junction (18.0436ms)
✔ an unexpected output file is retained, not overwritten or removed (29.5337ms)
✔ status rejects unexpected files in initialized state before accepting its control projection (398.6653ms)
✔ missing, traversal-style and incomplete control requests do not create authority (6.3539ms)
✔ live source claims retain the existing collector identity and zero-write metadata (460.9513ms)
✔ finite convenience API has explicit bounds and performs no scheduling (1533.1655ms)
✔ state and artifact redirection are not followed on read (426.1022ms)
✔ alter of earlier history is detected after a newer successful cycle (1161.4221ms)
✔ delete of earlier history is detected after a newer successful cycle (1084.6763ms)
✔ changed implementation pins fail before a new intent is written (666.36ms)
✔ a directory replaced while a caller holds its lock cannot redirect any artifact write (579.0933ms)
✔ actual corpus activation and retirement change only separately bound advisory output (2122.325ms)
✔ expiry invalidates cached advisory annotations even without corpus byte changes (1031.7381ms)
✔ mixed retained controls and new cycles enforce one transition bound with a reserved terminal stop (94444.1629ms)
✔ accepted snapshots with omitted optional metadata produce parseable JSON artifacts and replay (629.6794ms)
✔ optional auditor metadata works through the real feedback evidence and recurring consumer bridge (802.0984ms)
✔ policy has the ten requested workstreams and never assigns people (5.6627ms)
✔ classification supports Multiplayer (10.1103ms)
✔ classification supports UX/UI (2.9082ms)
✔ classification supports Multi-system execution (1.8357ms)
✔ classification supports Janitor (2.9218ms)
✔ classification supports Dynamic agent teams (2.0199ms)
✔ classification supports DevOps/PR review/branch protection (3.5092ms)
✔ classification supports Security (1.869ms)
✔ classification supports Agent communication layer (1.818ms)
✔ classification supports Dark factory automation (1.6228ms)
✔ classification supports Backend scalability / pub-sub (1.2916ms)
✔ classification preserves labels and assignees (19.1984ms)
✔ UX alias means UX/UI (25.0219ms)
✔ an unassigned issue is not a violation (9.2603ms)
✔ full fixture audit has zero mutations and catches closing-link conflict (8.5868ms)
✔ non-closing prose overrides no native link, not unrelated partial references (7.1816ms)
✔ explicit do-not-close linked issue is flagged (6.6184ms)
✔ closed unmerged PR does not close an open issue (8.1549ms)
✔ reopened issue remains open after a historical merged PR (5.2595ms)
✔ no automatic close for several partial PRs (7.4658ms)
✔ only explicit dependency section is interpreted (0.3816ms)
✔ code fences and quoted references are not dependency authority (0.3498ms)
✔ native/text dependency disagreement is flagged (7.1164ms)
✔ matching dependencies do not produce a mismatch (7.589ms)
✔ dependency cycles are bounded and reported once (8.0922ms)
✔ parent hierarchy mismatch and cycle are detected (10.0472ms)
✔ outside-scope dependency is not fetched or treated as complete (8.9346ms)
✔ missing local dependency is unverified, not closed (8.2233ms)
✔ open issue marked Done is flagged without changing the board (10.4784ms)
✔ unknown workstream is a review hint, not a rename (6.0197ms)
✔ locked default branch is flagged, without bypass (7.3189ms)
✔ stale PR source head is reported (7.6099ms)
✔ current independent review is accepted as evidence (8.5543ms)
✔ author approval is not current independent human approval (11.1827ms)
✔ bot approval is not current independent human approval (6.851ms)
✔ old-head approval is not current independent human approval (6.8936ms)
✔ later comment does not erase a valid prior approval (13.9198ms)
✔ failed checks and requested changes are surfaced (29.0213ms)
✔ missing checks are not a success (8.0294ms)
✔ stale snapshots are labeled (7.5145ms)
✔ future snapshots fail closed (6.3382ms)
✔ finding IDs are stable across repeated reads (19.3482ms)
✔ reported secrets are redacted and Markdown is escaped (23.761ms)
✔ refuses: assign #50 to example-user (10.4961ms)
✔ refuses: label #50 multiplayer (21.4469ms)
✔ refuses: close #50 (12.8804ms)
✔ refuses: merge PR #237 (8.0484ms)
✔ refuses: enable auto-merge (21.9996ms)
✔ refuses: delete a branch (9.5877ms)
✔ refuses: approve PR #237 (8.6094ms)
✔ refuses: can you change the rules (7.4735ms)
✔ question answers use recorded evidence and canonical references (9.3005ms)
✔ reverse dependency questions list dependents (8.0209ms)
✔ unknown questions ask for clarification (10.5779ms)
✔ untrusted instruction text grants no tools (9.4085ms)
✔ snapshot rejects wrong repo (2.338ms)
✔ snapshot rejects wrong project (4.3667ms)
✔ snapshot rejects partial coverage (2.0629ms)
✔ snapshot rejects wrong count (3.0193ms)
✔ snapshot rejects duplicate issue (2.8112ms)
✔ snapshot rejects hostile URL (2.2844ms)
✔ snapshot rejects hidden project item (1.9731ms)
✔ snapshot rejects cross-repo item (1.6326ms)
✔ snapshot rejects duplicate project item (3.3ms)
✔ snapshot rejects oversized body (2.0018ms)
✔ collector completes two matching passes with no writes (7.0847ms)
✔ collector rejects issue drift between passes (4.4259ms)
✔ collector rejects incomplete nested dependencies (1.997ms)
✔ collector rejects a changed PR head/check binding (1.8182ms)
✔ collector rejects repeated pagination cursors (1.9977ms)
✔ collector rejects inaccessible connection entries (0.2554ms)
✔ read client verifies Bakar404 and never switches accounts (1.8818ms)
✔ explicit hash-pinned read principal does not change the pilot or read allowlist (42.4864ms)
✔ collector profile rejects changed scope or unsupported fields: repository (27.399ms)
✔ collector profile rejects changed scope or unsupported fields: project_id (274.1989ms)
✔ collector profile rejects changed scope or unsupported fields: project_number (26.4365ms)
✔ collector profile rejects changed scope or unsupported fields: token (30.2385ms)
✔ collector profile rejects changed scope or unsupported fields: url (25.0074ms)
✔ collector profile rejects changed scope or unsupported fields: collector_login (29.7032ms)
✔ collector profile rejects wrong hashes, changed bytes and duplicate keys (72.6924ms)
✔ profiled collection records the actual principal and rejects identity or profile drift (51.1483ms)
✔ read client exposes no arbitrary query or write operation (1.7575ms)
✔ GraphQL cursor remains data, not executable query text (1.5749ms)
✔ GraphQL errors do not become accepted partial data (1.4279ms)
✔ GraphQL reserve prevents further reads (1.7358ms)
✔ collection has an elapsed-time bound (1.5187ms)
✔ dry run uses neither network nor output files (1.9545ms)
✔ CLI rejects apply (8.1683ms)
✔ CLI rejects audit --fixture --live (0.3071ms)
✔ CLI rejects audit --fixture --out ../escape.json (0.297ms)
✔ CLI rejects audit --dry-run --out file.json (0.1693ms)
✔ CLI rejects audit --fixture --assign example-user (0.1485ms)
✔ CLI rejects ask --fixture (0.2035ms)
✔ actual CLI dry run works from another directory and has no network intent (292.1751ms)
✔ test chat prepares an evidence-based reply without sending it (8.8807ms)
✔ test chat rejects wrong tenant (0.5653ms)
✔ test chat rejects wrong group (0.2586ms)
✔ test chat rejects personal chat (0.2223ms)
✔ test chat rejects other channel (0.2147ms)
✔ test chat ignores messages without a mention (0.2341ms)
✔ test chat ignores its own messages (0.2603ms)
✔ test chat refuses mutation requests (10.1335ms)
✔ no production mode or implicit binding (0.4439ms)
ℹ tests 227
ℹ suites 0
ℹ pass 227
ℹ fail 0
ℹ cancelled 0
ℹ skipped 0
ℹ todo 0
ℹ duration_ms 128643.9008
