$ node --test --test-concurrency=2 --test-timeout=180000 scenarios/repo-steward/steward.test.mjs scenarios/repo-steward/actions.test.mjs scenarios/repo-steward/recurring-audit.test.mjs scenarios/repo-steward/feedback.test.mjs scenarios/repo-steward/maintenance.test.mjs scenarios/repo-steward/feedback-cli.test.mjs
✔ Actions preview performs no live reads or summary publication (1.8499ms)
✔ Actions fixture uses the real auditor without GitHub access (32.4342ms)
✔ invalid workflow input is rejected during preview without data access (1.3201ms)
✔ hosted live mode rejects non-Actions host before reading data (1.2182ms)
✔ hosted live mode rejects PR event before reading data (0.2661ms)
✔ hosted live mode rejects another repository before reading data (0.1742ms)
✔ hosted live mode rejects feature branch before reading data (0.2469ms)
✔ hosted live mode rejects another actor before reading data (0.1908ms)
✔ hosted live mode rejects another rerun operator before reading data (0.3274ms)
✔ hosted live mode rejects missing triggering actor before reading data (0.4669ms)
✔ hosted live mode rejects missing source commit before reading data (0.3604ms)
✔ hosted live mode rejects disabled pilot before reading data (0.1614ms)
✔ hosted live mode rejects unapproved public summary before reading data (0.1662ms)
✔ hosted live mode rejects missing credential before reading data (0.1151ms)
✔ hosted live mode rejects blank credential before reading data (0.1668ms)
✔ hosted live mode rejects write-enabled configuration before reading data (0.133ms)
✔ GITHUB_TOKEN does not substitute for Project-readable credentials (0.2121ms)
✔ an admitted live path collects once and retains zero mutations (9.1484ms)
✔ collector failure does not produce a successful report (0.3402ms)
✔ stale hosted snapshots fail instead of publishing old findings (6.7702ms)
✔ public summaries never include free-form source or evidence text (5.5461ms)
✔ summary rejects unknown rule (5.1255ms)
✔ summary rejects bad finding id (5.0491ms)
✔ summary rejects foreign reference (4.6497ms)
✔ summary rejects mutation claim (5.4943ms)
✔ summary rejects wrong scope (4.3698ms)
✔ summary rejects invalid timestamp (4.4318ms)
✔ summary rejects bad totals (6.5714ms)
✔ public finding index is bounded without copying omitted details (5.3147ms)
✔ every configured fixture rule has an explicit publication review (5.8459ms)
✔ summary file writes remain inside a supplied native temporary directory (21.3451ms)
✔ Actions CLI rejects unsupported arguments --apply (0.3204ms)
✔ Actions CLI rejects unsupported arguments --live (0.1513ms)
✔ Actions CLI rejects unsupported arguments --live (0.1465ms)
✔ actual fixture CLI needs no hosted secrets or Teams SDK (209.5958ms)
✔ manual workflow keeps first-party actions pinned and live credentials isolated (3.3413ms)
✔ feedback CLI rejects unsupported, missing and duplicate transition arguments (1.9845ms)
✔ new-file corpus output preserves the previous version and refuses overwrite (24.4529ms)
✔ initializing a corpus binds the validated input scope without changing its snapshot (49.747ms)
✔ partial snapshot cannot create a corpus file (25.5233ms)
✔ redirected output parent is refused without writing through it (5.9485ms)
✔ review evidence must be a file and cannot use a directory as a digest source (50.6899ms)
✔ review CLI records the exact binary digest and closes its descriptor (87.4044ms)
✔ same-size review replacement between metadata check and open cannot update a corpus (34.0783ms)
✔ review parent swapped for a symlink or junction before open is rejected (50.097ms)
✔ same-size pathname replacement after descriptor read is rejected (40.5455ms)
✔ same-size in-place review rewrite cannot hide behind a restored modification time (41.5261ms)
✔ review growth after open stays within its original byte bound and is rejected (41.7837ms)
✔ bounded review reads handle partial reads and reject empty or oversized files (21.8666ms)
✔ native behavioral evidence remains candidate with original local source and no finding impersonation (64.3824ms)
✔ native behavioral activation is denied for mixed support and forged active or retired history (43.905ms)
✔ native behavioral candidates can be rejected without widening legacy review authority (45.9918ms)
✔ native behavioral bytes, identity claims, source and repeated runs remain validated (126.1625ms)
✔ evidence binds actual audit finding and supplied snapshot without certifying collection or identity (11.8074ms)
✔ accepted missing Project status binds the native serialized report and finding in evidence and observations (40.6542ms)
✔ auditor optional-field normalization retains strict data-only feedback and report validation (72.1403ms)
✔ timestamp-only or unrelated snapshot changes do not manufacture repeated supporting evidence (38.0803ms)
✔ partial, cross-scope, stale or missing findings cannot become feedback evidence (14.6346ms)
✔ feedback source pins accept exactly 40 or 64 hexadecimal characters, including supplied evidence (71.3202ms)
✔ candidate, active and retired versions preserve their inputs and have exact transition digests (17.4851ms)
✔ one observation, fabricated evidence bytes and replayed reviews cannot activate a rule (82.6787ms)
✔ reviewer labels and claimed approval booleans do not supply verified review authority (23.3284ms)
✔ explicit rejection remains terminal and contributes no advice (45.7644ms)
✔ prospective expiry is mandatory, bounded, and effective at the exact boundary (115.7174ms)
✔ active capacity cannot expand and supersession retires only the exact predecessor (76.0456ms)
✔ supersession rejects stale targets and cannot cross finding rules (48.0099ms)
✔ active guidance annotates only matching findings without hiding or changing original conclusions (24.6404ms)
✔ broad matching admits at most the finite annotation limit and never truncates an excessive report (353.3786ms)
✔ serialized output bytes are admitted before escaped guidance and evidence references fan out (59.4747ms)
✔ later audits honor activation and retirement while the original report stays identical (41.9551ms)
✔ unknown executable, suppression, assignment and permission options are rejected (143.7339ms)
✔ stale reports, foreign scope and altered evidence fail closed (27.6824ms)
✔ canonical digests ignore property insertion order but reject executable and non-finite data (0.4324ms)
✔ reusable corpus validation preserves input and rejects authority claims or altered guidance (16.0008ms)
✔ explicit collector profile requires a hash and cannot relabel a supplied snapshot (3.0248ms)
✔ recurrence requires finite explicit bounds before reading any input (0.8444ms)
✔ finite recurrence reloads snapshot and feedback on every cycle (2.6083ms)
✔ paused and stopped records prevent collection and input reads (2.3235ms)
✔ exhausted persisted attempts reject before snapshot, feedback or live collection (2.554ms)
✔ watch admits the final allowed attempt and then stops before collecting another snapshot (1.424ms)
✔ source mismatch refuses before reading snapshot or feedback (1.5389ms)
✔ a failed cycle stops recurrence without retrying or losing the failure (1.9553ms)
✔ first snapshot acquisition failure retains one sanitized failed attempt (371.8418ms)
✔ later corpus acquisition failure preserves earlier accepted evidence and consumes one attempt (873.2286ms)
✔ live acquisition failure is retained once without raw error text or a retry (327.9638ms)
✔ pause and stop during failed acquisition remain effective without a new admitted attempt (2244.4732ms)
✔ deadline crossing during failed acquisition prevents late attempt admission (1.901ms)
✔ interruption during failed acquisition prevents a new admitted attempt (1.1836ms)
✔ duration bounds stop admission after collection without writing a late result (1.0764ms)
✔ interruption during an interval exits without another audit (1.2132ms)
✔ control commands delegate exact action, source and reason without collecting (3.2061ms)
✔ status exposes bounded metadata and no retained finding text (1.3485ms)
✔ one audit writes source-bound immutable private reports and an advisory handoff (508.6316ms)
✔ fresh capture timestamps and transport metrics alone produce no new report or proposal across restart (780.6352ms)
✔ live state binds the exact selected principal and profile through restart and controls (2776.8689ms)
✔ profile metadata cannot convert supplied evidence or a different live principal into accepted observations (320.7737ms)
✔ changed scoped content produces a new receipt while retaining stable finding dedupe (568.1912ms)
✔ resolved findings are recorded without claiming a remote correction (576.4365ms)
✔ stale input fails and preserves a failed attempt, never reusing previous success (638.3792ms)
✔ future input fails and preserves a failed attempt, never reusing previous success (654.538ms)
✔ incomplete input fails and preserves a failed attempt, never reusing previous success (616.5315ms)
✔ source drift fails and preserves a failed attempt, never reusing previous success (701.6329ms)
✔ changing the caller source pin cannot migrate an existing directory (505.8815ms)
✔ pause prevents input use, resume retains dedupe, and stop cannot resume (2529.061ms)
✔ concurrent cycles have one winner and never create duplicate accepted receipts (352.393ms)
✔ retained locks fail closed without PID reuse or timeout-based recovery (20.055ms)
✔ incomplete intent and rollback to an older checkpoint refuse replay (658.5193ms)
✔ tampered referenced artifacts are rejected and preserved (357.0164ms)
✔ output-directory redirection refuses writes through a symlink or junction (10.3504ms)
✔ an unexpected output file is retained, not overwritten or removed (20.4334ms)
✔ status rejects unexpected files in initialized state before accepting its control projection (275.0234ms)
✔ missing, traversal-style and incomplete control requests do not create authority (4.8149ms)
✔ live source claims retain the existing collector identity and zero-write metadata (283.2509ms)
✔ finite convenience API has explicit bounds and performs no scheduling (997.526ms)
✔ state and artifact redirection are not followed on read (290.7581ms)
✔ alter of earlier history is detected after a newer successful cycle (733.4803ms)
✔ delete of earlier history is detected after a newer successful cycle (763.6227ms)
✔ changed implementation pins fail before a new intent is written (443.1888ms)
✔ a directory replaced while a caller holds its lock cannot redirect any artifact write (436.8069ms)
✔ actual corpus activation and retirement change only separately bound advisory output (1483.7829ms)
✔ expiry invalidates cached advisory annotations even without corpus byte changes (648.9217ms)
✔ mixed retained controls and new cycles enforce one transition bound with a reserved terminal stop (67258.8621ms)
✔ accepted snapshots with omitted optional metadata produce parseable JSON artifacts and replay (525.5888ms)
✔ optional auditor metadata works through the real feedback evidence and recurring consumer bridge (604.5642ms)
✔ policy has the ten requested workstreams and never assigns people (5.556ms)
✔ classification supports Multiplayer (6.7285ms)
✔ classification supports UX/UI (1.9631ms)
✔ classification supports Multi-system execution (1.4219ms)
✔ classification supports Janitor (1.4563ms)
✔ classification supports Dynamic agent teams (1.3522ms)
✔ classification supports DevOps/PR review/branch protection (1.5223ms)
✔ classification supports Security (1.6849ms)
✔ classification supports Agent communication layer (1.368ms)
✔ classification supports Dark factory automation (1.7933ms)
✔ classification supports Backend scalability / pub-sub (1.7625ms)
✔ classification preserves labels and assignees (19.5446ms)
✔ UX alias means UX/UI (21.8745ms)
✔ an unassigned issue is not a violation (5.3273ms)
✔ full fixture audit has zero mutations and catches closing-link conflict (5.7126ms)
✔ non-closing prose overrides no native link, not unrelated partial references (4.3677ms)
✔ explicit do-not-close linked issue is flagged (4.2332ms)
✔ closed unmerged PR does not close an open issue (4.9573ms)
✔ reopened issue remains open after a historical merged PR (4.0825ms)
✔ no automatic close for several partial PRs (4.6652ms)
✔ only explicit dependency section is interpreted (0.2519ms)
✔ code fences and quoted references are not dependency authority (0.2282ms)
✔ native/text dependency disagreement is flagged (4.3361ms)
✔ matching dependencies do not produce a mismatch (6.0968ms)
✔ dependency cycles are bounded and reported once (5.6749ms)
✔ parent hierarchy mismatch and cycle are detected (5.1512ms)
✔ outside-scope dependency is not fetched or treated as complete (4.6781ms)
✔ missing local dependency is unverified, not closed (4.3254ms)
✔ open issue marked Done is flagged without changing the board (5.6209ms)
✔ unknown workstream is a review hint, not a rename (3.5814ms)
✔ locked default branch is flagged, without bypass (4.1433ms)
✔ stale PR source head is reported (4.2967ms)
✔ current independent review is accepted as evidence (4.4544ms)
✔ author approval is not current independent human approval (4.0845ms)
✔ bot approval is not current independent human approval (3.9974ms)
✔ old-head approval is not current independent human approval (4.2635ms)
✔ later comment does not erase a valid prior approval (3.5712ms)
✔ failed checks and requested changes are surfaced (4.95ms)
✔ missing checks are not a success (4.2315ms)
✔ stale snapshots are labeled (3.9499ms)
✔ future snapshots fail closed (1.7752ms)
✔ finding IDs are stable across repeated reads (7.3513ms)
✔ reported secrets are redacted and Markdown is escaped (10.2487ms)
✔ refuses: assign #50 to example-user (5.6923ms)
✔ refuses: label #50 multiplayer (6.9927ms)
✔ refuses: close #50 (6.7167ms)
✔ refuses: merge PR #237 (4.4873ms)
✔ refuses: enable auto-merge (4.4566ms)
✔ refuses: delete a branch (4.9922ms)
✔ refuses: approve PR #237 (6.4877ms)
✔ refuses: can you change the rules (4.6753ms)
✔ question answers use recorded evidence and canonical references (8.0109ms)
✔ reverse dependency questions list dependents (5.5211ms)
✔ unknown questions ask for clarification (4.9903ms)
✔ untrusted instruction text grants no tools (4.8625ms)
✔ snapshot rejects wrong repo (1.3917ms)
✔ snapshot rejects wrong project (1.2806ms)
✔ snapshot rejects partial coverage (1.287ms)
✔ snapshot rejects wrong count (1.0762ms)
✔ snapshot rejects duplicate issue (1.2489ms)
✔ snapshot rejects hostile URL (1.1867ms)
✔ snapshot rejects hidden project item (1.2483ms)
✔ snapshot rejects cross-repo item (1.3084ms)
✔ snapshot rejects duplicate project item (1.4153ms)
✔ snapshot rejects oversized body (1.6382ms)
✔ collector completes two matching passes with no writes (5.2863ms)
✔ collector rejects issue drift between passes (2.9542ms)
✔ collector rejects incomplete nested dependencies (1.6921ms)
✔ collector rejects a changed PR head/check binding (1.2319ms)
✔ collector rejects repeated pagination cursors (1.2463ms)
✔ collector rejects inaccessible connection entries (0.1526ms)
✔ read client verifies Bakar404 and never switches accounts (1.2881ms)
✔ explicit hash-pinned read principal does not change the pilot or read allowlist (17.9101ms)
✔ collector profile rejects changed scope or unsupported fields: repository (14.7712ms)
✔ collector profile rejects changed scope or unsupported fields: project_id (20.7235ms)
✔ collector profile rejects changed scope or unsupported fields: project_number (10.7727ms)
✔ collector profile rejects changed scope or unsupported fields: token (17.6745ms)
✔ collector profile rejects changed scope or unsupported fields: url (11.1687ms)
✔ collector profile rejects changed scope or unsupported fields: collector_login (10.5915ms)
✔ collector profile rejects wrong hashes, changed bytes and duplicate keys (55.677ms)
✔ profiled collection records the actual principal and rejects identity or profile drift (43.5363ms)
✔ read client exposes no arbitrary query or write operation (1.5983ms)
✔ GraphQL cursor remains data, not executable query text (1.2087ms)
✔ GraphQL errors do not become accepted partial data (1.3229ms)
✔ GraphQL reserve prevents further reads (1.3992ms)
✔ collection has an elapsed-time bound (1.5486ms)
✔ dry run uses neither network nor output files (1.4759ms)
✔ CLI rejects apply (0.1897ms)
✔ CLI rejects audit --fixture --live (0.1758ms)
✔ CLI rejects audit --fixture --out ../escape.json (0.2118ms)
✔ CLI rejects audit --dry-run --out file.json (0.1408ms)
✔ CLI rejects audit --fixture --assign example-user (0.1341ms)
✔ CLI rejects ask --fixture (0.1369ms)
✔ actual CLI dry run works from another directory and has no network intent (164.034ms)
✔ test chat prepares an evidence-based reply without sending it (6.4707ms)
✔ test chat rejects wrong tenant (0.3656ms)
✔ test chat rejects wrong group (0.1491ms)
✔ test chat rejects personal chat (0.1358ms)
✔ test chat rejects other channel (0.1293ms)
✔ test chat ignores messages without a mention (0.1338ms)
✔ test chat ignores its own messages (0.125ms)
✔ test chat refuses mutation requests (5.7041ms)
✔ no production mode or implicit binding (0.4239ms)
ℹ tests 227
ℹ suites 0
ℹ pass 227
ℹ fail 0
ℹ cancelled 0
ℹ skipped 0
ℹ todo 0
ℹ duration_ms 89917.0777
