$ node --test --test-concurrency=2 --test-timeout=180000 scenarios/repo-steward/steward.test.mjs scenarios/repo-steward/actions.test.mjs scenarios/repo-steward/recurring-audit.test.mjs scenarios/repo-steward/feedback.test.mjs scenarios/repo-steward/maintenance.test.mjs scenarios/repo-steward/feedback-cli.test.mjs
✔ Actions preview performs no live reads or summary publication (2.8211ms)
✔ Actions fixture uses the real auditor without GitHub access (43.8093ms)
✔ invalid workflow input is rejected during preview without data access (2.0179ms)
✔ hosted live mode rejects non-Actions host before reading data (0.6368ms)
✔ hosted live mode rejects PR event before reading data (0.6146ms)
✔ hosted live mode rejects another repository before reading data (0.5673ms)
✔ hosted live mode rejects feature branch before reading data (0.3368ms)
✔ hosted live mode rejects another actor before reading data (0.279ms)
✔ hosted live mode rejects another rerun operator before reading data (0.3375ms)
✔ hosted live mode rejects missing triggering actor before reading data (0.5495ms)
✔ hosted live mode rejects missing source commit before reading data (0.4525ms)
✔ hosted live mode rejects disabled pilot before reading data (0.1979ms)
✔ hosted live mode rejects unapproved public summary before reading data (0.1442ms)
✔ hosted live mode rejects missing credential before reading data (0.1598ms)
✔ hosted live mode rejects blank credential before reading data (0.2205ms)
✔ hosted live mode rejects write-enabled configuration before reading data (0.2015ms)
✔ GITHUB_TOKEN does not substitute for Project-readable credentials (0.3871ms)
✔ an admitted live path collects once and retains zero mutations (8.2794ms)
✔ collector failure does not produce a successful report (0.4376ms)
✔ stale hosted snapshots fail instead of publishing old findings (8.9105ms)
✔ public summaries never include free-form source or evidence text (8.1757ms)
✔ summary rejects unknown rule (6.1815ms)
✔ summary rejects bad finding id (5.2212ms)
✔ summary rejects foreign reference (5.8451ms)
✔ summary rejects mutation claim (7.5466ms)
✔ summary rejects wrong scope (5.0975ms)
✔ summary rejects invalid timestamp (6.404ms)
✔ summary rejects bad totals (6.0242ms)
✔ public finding index is bounded without copying omitted details (8.1989ms)
✔ every configured fixture rule has an explicit publication review (6.5496ms)
✔ summary file writes remain inside a supplied native temporary directory (22.7695ms)
✔ Actions CLI rejects unsupported arguments --apply (0.3534ms)
✔ Actions CLI rejects unsupported arguments --live (0.1515ms)
✔ Actions CLI rejects unsupported arguments --live (0.1373ms)
✔ actual fixture CLI needs no hosted secrets or Teams SDK (274.2595ms)
✔ manual workflow keeps first-party actions pinned and live credentials isolated (20.7961ms)
✔ feedback CLI rejects unsupported, missing and duplicate transition arguments (3.8278ms)
✔ new-file corpus output preserves the previous version and refuses overwrite (19.3449ms)
✔ initializing a corpus binds the validated input scope without changing its snapshot (61.0909ms)
✔ partial snapshot cannot create a corpus file (28.3884ms)
✔ redirected output parent is refused without writing through it (7.7043ms)
✔ review evidence must be a file and cannot use a directory as a digest source (66.1239ms)
✔ review CLI records the exact binary digest and closes its descriptor (111.1064ms)
✔ same-size review replacement between metadata check and open cannot update a corpus (45.7761ms)
✔ review parent swapped for a symlink or junction before open is rejected (51.1206ms)
✔ same-size pathname replacement after descriptor read is rejected (43.424ms)
✔ same-size in-place review rewrite cannot hide behind a restored modification time (42.0759ms)
✔ review growth after open stays within its original byte bound and is rejected (41.0975ms)
✔ bounded review reads handle partial reads and reject empty or oversized files (30.2407ms)
✔ native behavioral evidence remains candidate with original local source and no finding impersonation (92.9835ms)
✔ native behavioral activation is denied for mixed support and forged active or retired history (63.135ms)
✔ native behavioral candidates can be rejected without widening legacy review authority (68.5837ms)
✔ native behavioral bytes, identity claims, source and repeated runs remain validated (157.2678ms)
✔ evidence binds actual audit finding and supplied snapshot without certifying collection or identity (11.7393ms)
✔ accepted missing Project status binds the native serialized report and finding in evidence and observations (44.0597ms)
✔ auditor optional-field normalization retains strict data-only feedback and report validation (76.4785ms)
✔ timestamp-only or unrelated snapshot changes do not manufacture repeated supporting evidence (41.9726ms)
✔ partial, cross-scope, stale or missing findings cannot become feedback evidence (18.8702ms)
✔ feedback source pins accept exactly 40 or 64 hexadecimal characters, including supplied evidence (100.1824ms)
✔ candidate, active and retired versions preserve their inputs and have exact transition digests (24.7365ms)
✔ one observation, fabricated evidence bytes and replayed reviews cannot activate a rule (115.8646ms)
✔ reviewer labels and claimed approval booleans do not supply verified review authority (41.777ms)
✔ explicit rejection remains terminal and contributes no advice (69.5625ms)
✔ prospective expiry is mandatory, bounded, and effective at the exact boundary (150.7929ms)
✔ active capacity cannot expand and supersession retires only the exact predecessor (97.5938ms)
✔ supersession rejects stale targets and cannot cross finding rules (75.1805ms)
✔ active guidance annotates only matching findings without hiding or changing original conclusions (29.1288ms)
✔ broad matching admits at most the finite annotation limit and never truncates an excessive report (471.3919ms)
✔ serialized output bytes are admitted before escaped guidance and evidence references fan out (91.1445ms)
✔ later audits honor activation and retirement while the original report stays identical (54.7693ms)
✔ unknown executable, suppression, assignment and permission options are rejected (207.7682ms)
✔ stale reports, foreign scope and altered evidence fail closed (44.1206ms)
✔ canonical digests ignore property insertion order but reject executable and non-finite data (0.7054ms)
✔ reusable corpus validation preserves input and rejects authority claims or altered guidance (25.0493ms)
✔ explicit collector profile requires a hash and cannot relabel a supplied snapshot (4.1161ms)
✔ recurrence requires finite explicit bounds before reading any input (1.3867ms)
✔ finite recurrence reloads snapshot and feedback on every cycle (3.5824ms)
✔ paused and stopped records prevent collection and input reads (3.2052ms)
✔ exhausted persisted attempts reject before snapshot, feedback or live collection (3.7673ms)
✔ watch admits the final allowed attempt and then stops before collecting another snapshot (1.893ms)
✔ source mismatch refuses before reading snapshot or feedback (2.4658ms)
✔ a failed cycle stops recurrence without retrying or losing the failure (2.087ms)
✔ first snapshot acquisition failure retains one sanitized failed attempt (445.2036ms)
✔ later corpus acquisition failure preserves earlier accepted evidence and consumes one attempt (1205.8744ms)
✔ live acquisition failure is retained once without raw error text or a retry (430.5749ms)
✔ pause and stop during failed acquisition remain effective without a new admitted attempt (3046.8206ms)
✔ deadline crossing during failed acquisition prevents late attempt admission (3.437ms)
✔ interruption during failed acquisition prevents a new admitted attempt (1.8465ms)
✔ duration bounds stop admission after collection without writing a late result (1.4791ms)
✔ interruption during an interval exits without another audit (1.7047ms)
✔ control commands delegate exact action, source and reason without collecting (4.261ms)
✔ status exposes bounded metadata and no retained finding text (1.576ms)
✔ one audit writes source-bound immutable private reports and an advisory handoff (647.7583ms)
✔ fresh capture timestamps and transport metrics alone produce no new report or proposal across restart (1079.4864ms)
✔ live state binds the exact selected principal and profile through restart and controls (3799.9975ms)
✔ profile metadata cannot convert supplied evidence or a different live principal into accepted observations (431.6539ms)
✔ changed scoped content produces a new receipt while retaining stable finding dedupe (768.9342ms)
✔ resolved findings are recorded without claiming a remote correction (801.6051ms)
✔ stale input fails and preserves a failed attempt, never reusing previous success (924.9497ms)
✔ future input fails and preserves a failed attempt, never reusing previous success (877.1027ms)
✔ incomplete input fails and preserves a failed attempt, never reusing previous success (798.2521ms)
✔ source drift fails and preserves a failed attempt, never reusing previous success (879.9356ms)
✔ changing the caller source pin cannot migrate an existing directory (599.0825ms)
✔ pause prevents input use, resume retains dedupe, and stop cannot resume (3547.8591ms)
✔ concurrent cycles have one winner and never create duplicate accepted receipts (581.607ms)
✔ retained locks fail closed without PID reuse or timeout-based recovery (30.3699ms)
✔ incomplete intent and rollback to an older checkpoint refuse replay (921.954ms)
✔ tampered referenced artifacts are rejected and preserved (496.8703ms)
✔ output-directory redirection refuses writes through a symlink or junction (16.3349ms)
✔ an unexpected output file is retained, not overwritten or removed (27.1917ms)
✔ status rejects unexpected files in initialized state before accepting its control projection (387.3115ms)
✔ missing, traversal-style and incomplete control requests do not create authority (5.8115ms)
✔ live source claims retain the existing collector identity and zero-write metadata (723.5871ms)
✔ finite convenience API has explicit bounds and performs no scheduling (1536.6303ms)
✔ state and artifact redirection are not followed on read (326.9814ms)
✔ alter of earlier history is detected after a newer successful cycle (796.5383ms)
✔ delete of earlier history is detected after a newer successful cycle (847.5548ms)
✔ changed implementation pins fail before a new intent is written (479.6367ms)
✔ a directory replaced while a caller holds its lock cannot redirect any artifact write (488.2437ms)
✔ actual corpus activation and retirement change only separately bound advisory output (1848.5475ms)
✔ expiry invalidates cached advisory annotations even without corpus byte changes (818.4256ms)
✔ mixed retained controls and new cycles enforce one transition bound with a reserved terminal stop (76771.6128ms)
✔ accepted snapshots with omitted optional metadata produce parseable JSON artifacts and replay (508.0965ms)
✔ optional auditor metadata works through the real feedback evidence and recurring consumer bridge (596.4645ms)
✔ policy has the ten requested workstreams and never assigns people (4.6365ms)
✔ classification supports Multiplayer (12.8407ms)
✔ classification supports UX/UI (3.7003ms)
✔ classification supports Multi-system execution (2.1064ms)
✔ classification supports Janitor (2.1356ms)
✔ classification supports Dynamic agent teams (1.757ms)
✔ classification supports DevOps/PR review/branch protection (2.6963ms)
✔ classification supports Security (1.8881ms)
✔ classification supports Agent communication layer (1.6733ms)
✔ classification supports Dark factory automation (1.9376ms)
✔ classification supports Backend scalability / pub-sub (1.5297ms)
✔ classification preserves labels and assignees (21.8742ms)
✔ UX alias means UX/UI (21.8212ms)
✔ an unassigned issue is not a violation (9.4764ms)
✔ full fixture audit has zero mutations and catches closing-link conflict (8.8564ms)
✔ non-closing prose overrides no native link, not unrelated partial references (6.9564ms)
✔ explicit do-not-close linked issue is flagged (6.5744ms)
✔ closed unmerged PR does not close an open issue (6.3269ms)
✔ reopened issue remains open after a historical merged PR (4.9182ms)
✔ no automatic close for several partial PRs (6.3435ms)
✔ only explicit dependency section is interpreted (0.3448ms)
✔ code fences and quoted references are not dependency authority (0.3687ms)
✔ native/text dependency disagreement is flagged (6.6217ms)
✔ matching dependencies do not produce a mismatch (10.2057ms)
✔ dependency cycles are bounded and reported once (7.0836ms)
✔ parent hierarchy mismatch and cycle are detected (7.7886ms)
✔ outside-scope dependency is not fetched or treated as complete (6.3048ms)
✔ missing local dependency is unverified, not closed (6.706ms)
✔ open issue marked Done is flagged without changing the board (6.312ms)
✔ unknown workstream is a review hint, not a rename (3.8737ms)
✔ locked default branch is flagged, without bypass (7.3767ms)
✔ stale PR source head is reported (4.5769ms)
✔ current independent review is accepted as evidence (5.7404ms)
✔ author approval is not current independent human approval (6.2241ms)
✔ bot approval is not current independent human approval (4.5514ms)
✔ old-head approval is not current independent human approval (5.4356ms)
✔ later comment does not erase a valid prior approval (7.4755ms)
✔ failed checks and requested changes are surfaced (7.7644ms)
✔ missing checks are not a success (6.7688ms)
✔ stale snapshots are labeled (6.6389ms)
✔ future snapshots fail closed (2.6248ms)
✔ finding IDs are stable across repeated reads (14.7518ms)
✔ reported secrets are redacted and Markdown is escaped (18.7143ms)
✔ refuses: assign #50 to example-user (6.8623ms)
✔ refuses: label #50 multiplayer (5.9618ms)
✔ refuses: close #50 (6.1234ms)
✔ refuses: merge PR #237 (8.0587ms)
✔ refuses: enable auto-merge (5.4975ms)
✔ refuses: delete a branch (5.7211ms)
✔ refuses: approve PR #237 (6.9742ms)
✔ refuses: can you change the rules (7.4283ms)
✔ question answers use recorded evidence and canonical references (6.3339ms)
✔ reverse dependency questions list dependents (7.5846ms)
✔ unknown questions ask for clarification (8.4143ms)
✔ untrusted instruction text grants no tools (8.4268ms)
✔ snapshot rejects wrong repo (1.7094ms)
✔ snapshot rejects wrong project (1.338ms)
✔ snapshot rejects partial coverage (1.345ms)
✔ snapshot rejects wrong count (1.3616ms)
✔ snapshot rejects duplicate issue (1.8387ms)
✔ snapshot rejects hostile URL (1.6095ms)
✔ snapshot rejects hidden project item (1.6617ms)
✔ snapshot rejects cross-repo item (2.1143ms)
✔ snapshot rejects duplicate project item (1.9181ms)
✔ snapshot rejects oversized body (4.1355ms)
✔ collector completes two matching passes with no writes (10.1097ms)
✔ collector rejects issue drift between passes (3.9603ms)
✔ collector rejects incomplete nested dependencies (1.7792ms)
✔ collector rejects a changed PR head/check binding (2.4559ms)
✔ collector rejects repeated pagination cursors (2.1043ms)
✔ collector rejects inaccessible connection entries (0.2376ms)
✔ read client verifies Bakar404 and never switches accounts (2.3212ms)
✔ explicit hash-pinned read principal does not change the pilot or read allowlist (24.2095ms)
✔ collector profile rejects changed scope or unsupported fields: repository (25.7162ms)
✔ collector profile rejects changed scope or unsupported fields: project_id (13.2317ms)
✔ collector profile rejects changed scope or unsupported fields: project_number (12.5296ms)
✔ collector profile rejects changed scope or unsupported fields: token (24.4146ms)
✔ collector profile rejects changed scope or unsupported fields: url (12.7007ms)
✔ collector profile rejects changed scope or unsupported fields: collector_login (15.0594ms)
✔ collector profile rejects wrong hashes, changed bytes and duplicate keys (49.7349ms)
✔ profiled collection records the actual principal and rejects identity or profile drift (48.5259ms)
✔ read client exposes no arbitrary query or write operation (1.7441ms)
✔ GraphQL cursor remains data, not executable query text (1.4122ms)
✔ GraphQL errors do not become accepted partial data (1.78ms)
✔ GraphQL reserve prevents further reads (1.6086ms)
✔ collection has an elapsed-time bound (1.5494ms)
✔ dry run uses neither network nor output files (1.7569ms)
✔ CLI rejects apply (0.1796ms)
✔ CLI rejects audit --fixture --live (0.1216ms)
✔ CLI rejects audit --fixture --out ../escape.json (0.1832ms)
✔ CLI rejects audit --dry-run --out file.json (1.1355ms)
✔ CLI rejects audit --fixture --assign example-user (0.1202ms)
✔ CLI rejects ask --fixture (0.0994ms)
✔ actual CLI dry run works from another directory and has no network intent (226.1668ms)
✔ test chat prepares an evidence-based reply without sending it (8.4144ms)
✔ test chat rejects wrong tenant (0.468ms)
✔ test chat rejects wrong group (0.2094ms)
✔ test chat rejects personal chat (0.1767ms)
✔ test chat rejects other channel (0.1785ms)
✔ test chat ignores messages without a mention (0.1773ms)
✔ test chat ignores its own messages (0.2008ms)
✔ test chat refuses mutation requests (7.3876ms)
✔ no production mode or implicit binding (0.5464ms)
ℹ tests 227
ℹ suites 0
ℹ pass 227
ℹ fail 0
ℹ cancelled 0
ℹ skipped 0
ℹ todo 0
ℹ duration_ms 106826.6555
