$ cargo test -p crony-audit --test ethereum_local_chain
   Compiling crypto-common v0.1.7
   Compiling zerovec v0.11.8
   Compiling digest v0.10.7
   Compiling signature v2.2.0
   Compiling num-traits v0.2.19
   Compiling tinystr v0.8.4
   Compiling sha2 v0.10.9
   Compiling hmac v0.12.1
   Compiling icu_locale_core v2.3.0
   Compiling elliptic-curve v0.13.8
   Compiling rfc6979 v0.4.0
   Compiling potential_utf v0.1.6
   Compiling zerotrie v0.2.5
   Compiling icu_collections v2.3.0
   Compiling icu_provider v2.3.1
   Compiling ecdsa v0.16.9
   Compiling hashbrown v0.15.5
   Compiling k256 v0.13.4
   Compiling num-integer v0.1.47
   Compiling thiserror v2.0.20
   Compiling futures-util v0.3.34
   Compiling ring v0.17.14
   Compiling alloy-primitives v0.8.26
   Compiling icu_normalizer v2.3.0
   Compiling icu_properties v2.3.0
   Compiling rustls-webpki v0.103.15
   Compiling num-bigint v0.4.8
   Compiling idna_adapter v1.2.2
   Compiling hyper v1.11.1
   Compiling num-rational v0.4.2
   Compiling tracing v0.1.44
   Compiling idna v1.1.0
   Compiling rustls v0.23.43
   Compiling alloy-eip7702 v0.5.1
   Compiling alloy-eip2930 v0.1.0
   Compiling num-iter v0.1.46
   Compiling num-complex v0.4.6
   Compiling rand v0.8.8
   Compiling tower v0.5.3
   Compiling tokio-rustls v0.26.4
   Compiling hyper-util v0.1.20
   Compiling revm-primitives v15.2.0
   Compiling serde v1.0.229
   Compiling num v0.4.3
   Compiling url v2.5.8
   Compiling memchr v2.8.3
   Compiling byteorder v1.5.0
   Compiling substrate-bn v0.6.0
   Compiling serde_urlencoded v0.7.1
   Compiling serde_json v1.0.151
   Compiling tower-http v0.6.11
   Compiling curve25519-dalek v4.1.3
   Compiling hyper-rustls v0.27.9
   Compiling secp256k1 v0.29.1
   Compiling aurora-engine-modexp v1.2.0
   Compiling ed25519 v2.2.3
   Compiling ripemd v0.1.3
   Compiling reqwest v0.12.28
   Compiling revm-precompile v16.2.0
   Compiling ed25519-dalek v2.2.0
   Compiling revm-interpreter v15.2.0
   Compiling crony-audit v0.1.0 (<reviewed-worktree>\crates\crony-audit)
   Compiling revm v19.7.0
    Finished `test` profile [unoptimized + debuginfo] target(s) in 1m 05s
     Running tests\ethereum_local_chain.rs (<local-user>\code\ecorp-pr324-completion-20260922\target-validation\debug\deps\ethereum_local_chain-d93a6ca68336270d.exe)

running 1 test
test v1_checkpoint_executes_against_local_anchor_contract ... ok

test result: ok. 1 passed; 0 failed; 0 ignored; 0 measured; 0 filtered out; finished in 0.01s
