✔ the checked-in fixture identity helper canonicalizes the intended ATV origin (3.1848ms)
✔ e2e_factory_claims.mjs derives URLs and policies from the actual checked Git origin (2.5859ms)
✔ e2e_factory_controller.mjs derives URLs and policies from the actual checked Git origin (1.9512ms)
✔ e2e_factory_publication.mjs derives URLs and policies from the actual checked Git origin (4.035ms)
✔ claims retain normalized source, pre-effect readiness and native automatic verification (1.3763ms)
✔ controller retains wrong-repository rejection, native attempt preview and fake GitHub transport (1.9696ms)
✔ publication retains dynamic casing/effect identity, local bare transport and merge guards (1.474ms)
✔ CI runs every complete factory suite without suppressing errors or restart checks (1.2562ms)
✔ model-scoped readiness selects its probe despite another runner with the same source (10.2792ms)
✔ a missing or disabled probe model cannot borrow another runtime or source (1.7244ms)
✔ artifact smoke requires explicit owned opt-in, loopback origin and output (6.7101ms)
✔ full SQL and restart coverage remains restricted to the exact Actions integration fixture (3.1087ms)
✔ registration alone cannot satisfy readiness; only bounded source-specific read-only previews are retried (1.4973ms)
✔ wrong, disconnected, ambiguous or unavailable controlled runner cannot pass the preview gate (4.586ms)
✔ readiness fails closed on unrelated HTTP errors and has a deterministic deadline (2.2307ms)
✔ every artifact launch must belong to the controlled runner before waiting for an assignment (0.8791ms)
✔ source-bound fixture readiness verifies the expected repository, ref, commit, Corp and unique runner (3.2326ms)
✔ automatic factory verification requires exact persisted completion, scope, version and event lineage (11.638ms)
✔ Linux keeps the full artifact suite and Windows smoke cannot claim fault or restart coverage (3.4552ms)
ℹ tests 19
ℹ suites 0
ℹ pass 19
ℹ fail 0
ℹ cancelled 0
ℹ skipped 0
ℹ todo 0
ℹ duration_ms 270.3989
