✔ the checked-in fixture identity helper canonicalizes the intended ATV origin (2.2304ms)
✔ e2e_factory_claims.mjs derives URLs and policies from the actual checked Git origin (1.2444ms)
✔ e2e_factory_controller.mjs derives URLs and policies from the actual checked Git origin (25.3296ms)
✔ e2e_factory_publication.mjs derives URLs and policies from the actual checked Git origin (31.1607ms)
✔ claims retain normalized source, pre-effect readiness and native automatic verification (0.884ms)
✔ controller retains wrong-repository rejection, native attempt preview and fake GitHub transport (1.1527ms)
✔ publication retains dynamic casing/effect identity, local bare transport and merge guards (0.9983ms)
✔ CI runs every complete factory suite without suppressing errors or restart checks (21.9597ms)
✔ model-scoped readiness selects its probe despite another runner with the same source (3.9087ms)
✔ a missing or disabled probe model cannot borrow another runtime or source (0.8724ms)
✔ artifact smoke requires explicit owned opt-in, loopback origin and output (1.6459ms)
✔ full SQL and restart coverage remains restricted to the exact Actions integration fixture (1.4765ms)
✔ registration alone cannot satisfy readiness; only bounded source-specific read-only previews are retried (1.5236ms)
✔ wrong, disconnected, ambiguous or unavailable controlled runner cannot pass the preview gate (3.4712ms)
✔ readiness fails closed on unrelated HTTP errors and has a deterministic deadline (1.5241ms)
✔ every artifact launch must belong to the controlled runner before waiting for an assignment (0.4683ms)
✔ source-bound fixture readiness verifies the expected repository, ref, commit, Corp and unique runner (1.5148ms)
✔ automatic factory verification requires exact persisted completion, scope, version and event lineage (6.6695ms)
✔ Linux keeps the full artifact suite and Windows smoke cannot claim fault or restart coverage (62.4204ms)
ℹ tests 19
ℹ suites 0
ℹ pass 19
ℹ fail 0
ℹ cancelled 0
ℹ skipped 0
ℹ todo 0
ℹ duration_ms 252.5658
