$ node --test --test-concurrency=2 --test-timeout=180000 scenarios/repo-steward/steward.test.mjs scenarios/repo-steward/actions.test.mjs scenarios/repo-steward/recurring-audit.test.mjs scenarios/repo-steward/feedback.test.mjs scenarios/repo-steward/maintenance.test.mjs scenarios/repo-steward/feedback-cli.test.mjs
✔ Actions preview performs no live reads or summary publication (2.4084ms)
✔ Actions fixture uses the real auditor without GitHub access (27.6482ms)
✔ invalid workflow input is rejected during preview without data access (1.0228ms)
✔ hosted live mode rejects non-Actions host before reading data (0.3537ms)
✔ hosted live mode rejects PR event before reading data (0.9968ms)
✔ hosted live mode rejects another repository before reading data (0.193ms)
✔ hosted live mode rejects feature branch before reading data (0.2657ms)
✔ hosted live mode rejects another actor before reading data (0.2028ms)
✔ hosted live mode rejects another rerun operator before reading data (0.2433ms)
✔ hosted live mode rejects missing triggering actor before reading data (0.4162ms)
✔ hosted live mode rejects missing source commit before reading data (0.2723ms)
✔ hosted live mode rejects disabled pilot before reading data (0.1722ms)
✔ hosted live mode rejects unapproved public summary before reading data (0.1332ms)
✔ hosted live mode rejects missing credential before reading data (0.1109ms)
✔ hosted live mode rejects blank credential before reading data (0.1317ms)
✔ hosted live mode rejects write-enabled configuration before reading data (0.129ms)
✔ GITHUB_TOKEN does not substitute for Project-readable credentials (0.2588ms)
✔ an admitted live path collects once and retains zero mutations (6.9363ms)
✔ collector failure does not produce a successful report (0.3874ms)
✔ stale hosted snapshots fail instead of publishing old findings (5.2787ms)
✔ public summaries never include free-form source or evidence text (6.249ms)
✔ summary rejects unknown rule (4.5059ms)
✔ summary rejects bad finding id (5.0778ms)
✔ summary rejects foreign reference (5.1094ms)
✔ summary rejects mutation claim (4.4336ms)
✔ summary rejects wrong scope (4.5163ms)
✔ summary rejects invalid timestamp (5.224ms)
✔ summary rejects bad totals (4.8646ms)
✔ public finding index is bounded without copying omitted details (6.0266ms)
✔ every configured fixture rule has an explicit publication review (4.541ms)
✔ summary file writes remain inside a supplied native temporary directory (11.2004ms)
✔ Actions CLI rejects unsupported arguments --apply (0.2667ms)
✔ Actions CLI rejects unsupported arguments --live (0.1213ms)
✔ Actions CLI rejects unsupported arguments --live (0.112ms)
✔ actual fixture CLI needs no hosted secrets or Teams SDK (188.3878ms)
✔ manual workflow keeps first-party actions pinned and live credentials isolated (2.0831ms)
✔ feedback CLI rejects unsupported, missing and duplicate transition arguments (2.3918ms)
✔ new-file corpus output preserves the previous version and refuses overwrite (22.9109ms)
✔ initializing a corpus binds the validated input scope without changing its snapshot (40.4488ms)
✔ partial snapshot cannot create a corpus file (20.3571ms)
✔ redirected output parent is refused without writing through it (5.5644ms)
✔ review evidence must be a file and cannot use a directory as a digest source (50.0999ms)
✔ review CLI records the exact binary digest and closes its descriptor (82.0247ms)
✔ same-size review replacement between metadata check and open cannot update a corpus (35.756ms)
✔ review parent swapped for a symlink or junction before open is rejected (46.7065ms)
✔ same-size pathname replacement after descriptor read is rejected (34.344ms)
✔ same-size in-place review rewrite cannot hide behind a restored modification time (32.3127ms)
✔ review growth after open stays within its original byte bound and is rejected (29.1189ms)
✔ bounded review reads handle partial reads and reject empty or oversized files (15.7241ms)
✔ native behavioral evidence remains candidate with original local source and no finding impersonation (74.5082ms)
✔ native behavioral activation is denied for mixed support and forged active or retired history (54.317ms)
✔ native behavioral candidates can be rejected without widening legacy review authority (56.4133ms)
✔ native behavioral bytes, identity claims, source and repeated runs remain validated (125.8217ms)
✔ evidence binds actual audit finding and supplied snapshot without certifying collection or identity (12.0558ms)
✔ accepted missing Project status binds the native serialized report and finding in evidence and observations (43.7823ms)
✔ auditor optional-field normalization retains strict data-only feedback and report validation (58.002ms)
✔ timestamp-only or unrelated snapshot changes do not manufacture repeated supporting evidence (27.6419ms)
✔ partial, cross-scope, stale or missing findings cannot become feedback evidence (12.8553ms)
✔ feedback source pins accept exactly 40 or 64 hexadecimal characters, including supplied evidence (70.2438ms)
✔ candidate, active and retired versions preserve their inputs and have exact transition digests (17.8594ms)
✔ one observation, fabricated evidence bytes and replayed reviews cannot activate a rule (73.0002ms)
✔ reviewer labels and claimed approval booleans do not supply verified review authority (23.9086ms)
✔ explicit rejection remains terminal and contributes no advice (40.8845ms)
✔ prospective expiry is mandatory, bounded, and effective at the exact boundary (105.3685ms)
✔ active capacity cannot expand and supersession retires only the exact predecessor (60.8852ms)
✔ supersession rejects stale targets and cannot cross finding rules (45.0182ms)
✔ active guidance annotates only matching findings without hiding or changing original conclusions (24.4143ms)
✔ broad matching admits at most the finite annotation limit and never truncates an excessive report (329.2233ms)
✔ serialized output bytes are admitted before escaped guidance and evidence references fan out (59.8442ms)
✔ later audits honor activation and retirement while the original report stays identical (39.4188ms)
✔ unknown executable, suppression, assignment and permission options are rejected (163.0579ms)
✔ stale reports, foreign scope and altered evidence fail closed (24.8767ms)
✔ canonical digests ignore property insertion order but reject executable and non-finite data (0.4321ms)
✔ reusable corpus validation preserves input and rejects authority claims or altered guidance (15.5422ms)
✔ explicit collector profile requires a hash and cannot relabel a supplied snapshot (2.9106ms)
✔ recurrence requires finite explicit bounds before reading any input (0.7699ms)
✔ finite recurrence reloads snapshot and feedback on every cycle (2.7883ms)
✔ paused and stopped records prevent collection and input reads (2.4917ms)
✔ exhausted persisted attempts reject before snapshot, feedback or live collection (3.0863ms)
✔ watch admits the final allowed attempt and then stops before collecting another snapshot (1.5977ms)
✔ source mismatch refuses before reading snapshot or feedback (1.2328ms)
✔ a failed cycle stops recurrence without retrying or losing the failure (1.4233ms)
✔ first snapshot acquisition failure retains one sanitized failed attempt (330.8652ms)
✔ later corpus acquisition failure preserves earlier accepted evidence and consumes one attempt (819.1041ms)
✔ live acquisition failure is retained once without raw error text or a retry (304.4449ms)
✔ pause and stop during failed acquisition remain effective without a new admitted attempt (2073.4808ms)
✔ deadline crossing during failed acquisition prevents late attempt admission (1.4837ms)
✔ interruption during failed acquisition prevents a new admitted attempt (1.2975ms)
✔ duration bounds stop admission after collection without writing a late result (1.5538ms)
✔ interruption during an interval exits without another audit (1.5223ms)
✔ control commands delegate exact action, source and reason without collecting (3.4105ms)
✔ status exposes bounded metadata and no retained finding text (1.23ms)
✔ one audit writes source-bound immutable private reports and an advisory handoff (486.9765ms)
✔ fresh capture timestamps and transport metrics alone produce no new report or proposal across restart (710.7159ms)
✔ live state binds the exact selected principal and profile through restart and controls (2767.7705ms)
✔ profile metadata cannot convert supplied evidence or a different live principal into accepted observations (289.1308ms)
✔ changed scoped content produces a new receipt while retaining stable finding dedupe (526.2365ms)
✔ resolved findings are recorded without claiming a remote correction (538.2937ms)
✔ stale input fails and preserves a failed attempt, never reusing previous success (629.9239ms)
✔ future input fails and preserves a failed attempt, never reusing previous success (610.4837ms)
✔ incomplete input fails and preserves a failed attempt, never reusing previous success (627.2434ms)
✔ source drift fails and preserves a failed attempt, never reusing previous success (585.8764ms)
✔ changing the caller source pin cannot migrate an existing directory (468.6845ms)
✔ pause prevents input use, resume retains dedupe, and stop cannot resume (2352.034ms)
✔ concurrent cycles have one winner and never create duplicate accepted receipts (337.3123ms)
✔ retained locks fail closed without PID reuse or timeout-based recovery (16.4699ms)
✔ incomplete intent and rollback to an older checkpoint refuse replay (557.4997ms)
✔ tampered referenced artifacts are rejected and preserved (313.7507ms)
✔ output-directory redirection refuses writes through a symlink or junction (10.0995ms)
✔ an unexpected output file is retained, not overwritten or removed (17.055ms)
✔ status rejects unexpected files in initialized state before accepting its control projection (248.882ms)
✔ missing, traversal-style and incomplete control requests do not create authority (4.3929ms)
✔ live source claims retain the existing collector identity and zero-write metadata (254.5531ms)
✔ finite convenience API has explicit bounds and performs no scheduling (909.6383ms)
✔ state and artifact redirection are not followed on read (255.4524ms)
✔ alter of earlier history is detected after a newer successful cycle (696.6091ms)
✔ delete of earlier history is detected after a newer successful cycle (631.1319ms)
✔ changed implementation pins fail before a new intent is written (391.0649ms)
✔ a directory replaced while a caller holds its lock cannot redirect any artifact write (324.431ms)
✔ actual corpus activation and retirement change only separately bound advisory output (1281.3187ms)
✔ expiry invalidates cached advisory annotations even without corpus byte changes (614.301ms)
✔ mixed retained controls and new cycles enforce one transition bound with a reserved terminal stop (70529.3513ms)
✔ accepted snapshots with omitted optional metadata produce parseable JSON artifacts and replay (497.7817ms)
✔ optional auditor metadata works through the real feedback evidence and recurring consumer bridge (580.526ms)
✔ policy has the ten requested workstreams and never assigns people (3.8297ms)
✔ classification supports Multiplayer (11.206ms)
✔ classification supports UX/UI (2.9498ms)
✔ classification supports Multi-system execution (2.5302ms)
✔ classification supports Janitor (1.6433ms)
✔ classification supports Dynamic agent teams (1.8131ms)
✔ classification supports DevOps/PR review/branch protection (2.4523ms)
✔ classification supports Security (1.293ms)
✔ classification supports Agent communication layer (1.3ms)
✔ classification supports Dark factory automation (1.4107ms)
✔ classification supports Backend scalability / pub-sub (1.1857ms)
✔ classification preserves labels and assignees (12.9094ms)
✔ UX alias means UX/UI (14.0815ms)
✔ an unassigned issue is not a violation (5.0847ms)
✔ full fixture audit has zero mutations and catches closing-link conflict (5.1955ms)
✔ non-closing prose overrides no native link, not unrelated partial references (6.605ms)
✔ explicit do-not-close linked issue is flagged (3.5772ms)
✔ closed unmerged PR does not close an open issue (4.324ms)
✔ reopened issue remains open after a historical merged PR (4.0156ms)
✔ no automatic close for several partial PRs (4.3204ms)
✔ only explicit dependency section is interpreted (0.1906ms)
✔ code fences and quoted references are not dependency authority (0.2212ms)
✔ native/text dependency disagreement is flagged (5.1933ms)
✔ matching dependencies do not produce a mismatch (4.6954ms)
✔ dependency cycles are bounded and reported once (4.7297ms)
✔ parent hierarchy mismatch and cycle are detected (4.1659ms)
✔ outside-scope dependency is not fetched or treated as complete (4.6018ms)
✔ missing local dependency is unverified, not closed (3.9459ms)
✔ open issue marked Done is flagged without changing the board (4.9102ms)
✔ unknown workstream is a review hint, not a rename (3.4645ms)
✔ locked default branch is flagged, without bypass (4.0628ms)
✔ stale PR source head is reported (4.1098ms)
✔ current independent review is accepted as evidence (3.9925ms)
✔ author approval is not current independent human approval (3.6652ms)
✔ bot approval is not current independent human approval (4.3646ms)
✔ old-head approval is not current independent human approval (4.4359ms)
✔ later comment does not erase a valid prior approval (3.7319ms)
✔ failed checks and requested changes are surfaced (3.7457ms)
✔ missing checks are not a success (4.2959ms)
✔ stale snapshots are labeled (3.8667ms)
✔ future snapshots fail closed (1.6758ms)
✔ finding IDs are stable across repeated reads (6.8171ms)
✔ reported secrets are redacted and Markdown is escaped (11.0359ms)
✔ refuses: assign #50 to example-user (4.654ms)
✔ refuses: label #50 multiplayer (5.2413ms)
✔ refuses: close #50 (4.9745ms)
✔ refuses: merge PR #237 (4.7173ms)
✔ refuses: enable auto-merge (4.6158ms)
✔ refuses: delete a branch (5.3724ms)
✔ refuses: approve PR #237 (4.3572ms)
✔ refuses: can you change the rules (4.2526ms)
✔ question answers use recorded evidence and canonical references (4.8412ms)
✔ reverse dependency questions list dependents (4.6454ms)
✔ unknown questions ask for clarification (4.8989ms)
✔ untrusted instruction text grants no tools (6.2408ms)
✔ snapshot rejects wrong repo (1.1684ms)
✔ snapshot rejects wrong project (1.163ms)
✔ snapshot rejects partial coverage (0.9759ms)
✔ snapshot rejects wrong count (1.0472ms)
✔ snapshot rejects duplicate issue (1.1826ms)
✔ snapshot rejects hostile URL (1.1753ms)
✔ snapshot rejects hidden project item (1.2725ms)
✔ snapshot rejects cross-repo item (1.1842ms)
✔ snapshot rejects duplicate project item (1.2249ms)
✔ snapshot rejects oversized body (1.2625ms)
✔ collector completes two matching passes with no writes (4.4594ms)
✔ collector rejects issue drift between passes (2.8662ms)
✔ collector rejects incomplete nested dependencies (1.2022ms)
✔ collector rejects a changed PR head/check binding (1.7173ms)
✔ collector rejects repeated pagination cursors (1.1771ms)
✔ collector rejects inaccessible connection entries (0.146ms)
✔ read client verifies Bakar404 and never switches accounts (1.3221ms)
✔ explicit hash-pinned read principal does not change the pilot or read allowlist (24.3541ms)
✔ collector profile rejects changed scope or unsupported fields: repository (15.6987ms)
✔ collector profile rejects changed scope or unsupported fields: project_id (16.3289ms)
✔ collector profile rejects changed scope or unsupported fields: project_number (16.709ms)
✔ collector profile rejects changed scope or unsupported fields: token (9.6143ms)
✔ collector profile rejects changed scope or unsupported fields: url (17.3811ms)
✔ collector profile rejects changed scope or unsupported fields: collector_login (19.2052ms)
✔ collector profile rejects wrong hashes, changed bytes and duplicate keys (48.369ms)
✔ profiled collection records the actual principal and rejects identity or profile drift (41.36ms)
✔ read client exposes no arbitrary query or write operation (2.6111ms)
✔ GraphQL cursor remains data, not executable query text (4.0799ms)
✔ GraphQL errors do not become accepted partial data (2.0042ms)
✔ GraphQL reserve prevents further reads (2.0054ms)
✔ collection has an elapsed-time bound (1.6835ms)
✔ dry run uses neither network nor output files (1.7321ms)
✔ CLI rejects apply (0.148ms)
✔ CLI rejects audit --fixture --live (0.1042ms)
✔ CLI rejects audit --fixture --out ../escape.json (0.1884ms)
✔ CLI rejects audit --dry-run --out file.json (0.1015ms)
✔ CLI rejects audit --fixture --assign example-user (0.1135ms)
✔ CLI rejects ask --fixture (0.0896ms)
✔ actual CLI dry run works from another directory and has no network intent (193.665ms)
✔ test chat prepares an evidence-based reply without sending it (8.6715ms)
✔ test chat rejects wrong tenant (0.3551ms)
✔ test chat rejects wrong group (0.1813ms)
✔ test chat rejects personal chat (0.1683ms)
✔ test chat rejects other channel (0.1704ms)
✔ test chat ignores messages without a mention (0.4467ms)
✔ test chat ignores its own messages (0.2089ms)
✔ test chat refuses mutation requests (8.4856ms)
✔ no production mode or implicit binding (0.6124ms)
ℹ tests 227
ℹ suites 0
ℹ pass 227
ℹ fail 0
ℹ cancelled 0
ℹ skipped 0
ℹ todo 0
ℹ duration_ms 91509.2956
