$ node --test --test-concurrency=2 --test-timeout=180000 scenarios/repo-steward/steward.test.mjs scenarios/repo-steward/actions.test.mjs scenarios/repo-steward/recurring-audit.test.mjs scenarios/repo-steward/feedback.test.mjs scenarios/repo-steward/maintenance.test.mjs scenarios/repo-steward/feedback-cli.test.mjs
✔ Actions preview performs no live reads or summary publication (2.4829ms)
✔ Actions fixture uses the real auditor without GitHub access (37.8211ms)
✔ invalid workflow input is rejected during preview without data access (1.3121ms)
✔ hosted live mode rejects non-Actions host before reading data (0.6209ms)
✔ hosted live mode rejects PR event before reading data (1.392ms)
✔ hosted live mode rejects another repository before reading data (0.2704ms)
✔ hosted live mode rejects feature branch before reading data (0.4394ms)
✔ hosted live mode rejects another actor before reading data (0.2406ms)
✔ hosted live mode rejects another rerun operator before reading data (0.3793ms)
✔ hosted live mode rejects missing triggering actor before reading data (0.482ms)
✔ hosted live mode rejects missing source commit before reading data (0.4477ms)
✔ hosted live mode rejects disabled pilot before reading data (0.219ms)
✔ hosted live mode rejects unapproved public summary before reading data (0.1978ms)
✔ hosted live mode rejects missing credential before reading data (0.1511ms)
✔ hosted live mode rejects blank credential before reading data (0.1842ms)
✔ hosted live mode rejects write-enabled configuration before reading data (0.1928ms)
✔ GITHUB_TOKEN does not substitute for Project-readable credentials (0.3516ms)
✔ an admitted live path collects once and retains zero mutations (6.98ms)
✔ collector failure does not produce a successful report (0.3531ms)
✔ stale hosted snapshots fail instead of publishing old findings (7.1677ms)
✔ public summaries never include free-form source or evidence text (6.7806ms)
✔ summary rejects unknown rule (6.423ms)
✔ summary rejects bad finding id (7.5341ms)
✔ summary rejects foreign reference (6.7184ms)
✔ summary rejects mutation claim (6.7901ms)
✔ summary rejects wrong scope (6.4239ms)
✔ summary rejects invalid timestamp (7.2701ms)
✔ summary rejects bad totals (8.3182ms)
✔ public finding index is bounded without copying omitted details (7.3125ms)
✔ every configured fixture rule has an explicit publication review (9.6661ms)
✔ summary file writes remain inside a supplied native temporary directory (12.8532ms)
✔ Actions CLI rejects unsupported arguments --apply (0.3128ms)
✔ Actions CLI rejects unsupported arguments --live (0.1539ms)
✔ Actions CLI rejects unsupported arguments --live (0.1338ms)
✔ actual fixture CLI needs no hosted secrets or Teams SDK (238.9144ms)
✔ manual workflow keeps first-party actions pinned and live credentials isolated (3.3821ms)
✔ feedback CLI rejects unsupported, missing and duplicate transition arguments (3.2532ms)
✔ new-file corpus output preserves the previous version and refuses overwrite (33.25ms)
✔ initializing a corpus binds the validated input scope without changing its snapshot (52.9263ms)
✔ partial snapshot cannot create a corpus file (29.6944ms)
✔ redirected output parent is refused without writing through it (8.1465ms)
✔ review evidence must be a file and cannot use a directory as a digest source (59.1541ms)
✔ review CLI records the exact binary digest and closes its descriptor (111.1142ms)
✔ same-size review replacement between metadata check and open cannot update a corpus (40.3306ms)
✔ review parent swapped for a symlink or junction before open is rejected (40.2439ms)
✔ same-size pathname replacement after descriptor read is rejected (45.132ms)
✔ same-size in-place review rewrite cannot hide behind a restored modification time (40.5749ms)
✔ review growth after open stays within its original byte bound and is rejected (36.8524ms)
✔ bounded review reads handle partial reads and reject empty or oversized files (22.3005ms)
✔ native behavioral evidence remains candidate with original local source and no finding impersonation (92.3979ms)
✔ native behavioral activation is denied for mixed support and forged active or retired history (51.9066ms)
✔ native behavioral candidates can be rejected without widening legacy review authority (49.6223ms)
✔ native behavioral bytes, identity claims, source and repeated runs remain validated (141.2473ms)
✔ evidence binds actual audit finding and supplied snapshot without certifying collection or identity (10.6811ms)
✔ accepted missing Project status binds the native serialized report and finding in evidence and observations (41.7494ms)
✔ auditor optional-field normalization retains strict data-only feedback and report validation (64.1421ms)
✔ timestamp-only or unrelated snapshot changes do not manufacture repeated supporting evidence (38.2356ms)
✔ partial, cross-scope, stale or missing findings cannot become feedback evidence (13.8376ms)
✔ feedback source pins accept exactly 40 or 64 hexadecimal characters, including supplied evidence (83.9959ms)
✔ candidate, active and retired versions preserve their inputs and have exact transition digests (29.2688ms)
✔ one observation, fabricated evidence bytes and replayed reviews cannot activate a rule (73.9352ms)
✔ reviewer labels and claimed approval booleans do not supply verified review authority (23.6464ms)
✔ explicit rejection remains terminal and contributes no advice (42.8662ms)
✔ prospective expiry is mandatory, bounded, and effective at the exact boundary (110.3321ms)
✔ active capacity cannot expand and supersession retires only the exact predecessor (67.5471ms)
✔ supersession rejects stale targets and cannot cross finding rules (51.7722ms)
✔ active guidance annotates only matching findings without hiding or changing original conclusions (21.9917ms)
✔ broad matching admits at most the finite annotation limit and never truncates an excessive report (309.8494ms)
✔ serialized output bytes are admitted before escaped guidance and evidence references fan out (66.0184ms)
✔ later audits honor activation and retirement while the original report stays identical (44.2522ms)
✔ unknown executable, suppression, assignment and permission options are rejected (163.9744ms)
✔ stale reports, foreign scope and altered evidence fail closed (28.5866ms)
✔ canonical digests ignore property insertion order but reject executable and non-finite data (0.3768ms)
✔ reusable corpus validation preserves input and rejects authority claims or altered guidance (17.8225ms)
✔ explicit collector profile requires a hash and cannot relabel a supplied snapshot (2.9285ms)
✔ recurrence requires finite explicit bounds before reading any input (0.8955ms)
✔ finite recurrence reloads snapshot and feedback on every cycle (2.6805ms)
✔ paused and stopped records prevent collection and input reads (2.6923ms)
✔ exhausted persisted attempts reject before snapshot, feedback or live collection (2.6945ms)
✔ watch admits the final allowed attempt and then stops before collecting another snapshot (1.4748ms)
✔ source mismatch refuses before reading snapshot or feedback (1.2629ms)
✔ a failed cycle stops recurrence without retrying or losing the failure (1.7209ms)
✔ first snapshot acquisition failure retains one sanitized failed attempt (359.3769ms)
✔ later corpus acquisition failure preserves earlier accepted evidence and consumes one attempt (806.5135ms)
✔ live acquisition failure is retained once without raw error text or a retry (327.5338ms)
✔ pause and stop during failed acquisition remain effective without a new admitted attempt (2034.4929ms)
✔ deadline crossing during failed acquisition prevents late attempt admission (1.6657ms)
✔ interruption during failed acquisition prevents a new admitted attempt (1.3674ms)
✔ duration bounds stop admission after collection without writing a late result (1.1144ms)
✔ interruption during an interval exits without another audit (1.2341ms)
✔ control commands delegate exact action, source and reason without collecting (2.9651ms)
✔ status exposes bounded metadata and no retained finding text (0.9919ms)
✔ one audit writes source-bound immutable private reports and an advisory handoff (450.1877ms)
✔ fresh capture timestamps and transport metrics alone produce no new report or proposal across restart (708.4499ms)
✔ live state binds the exact selected principal and profile through restart and controls (2555.2513ms)
✔ profile metadata cannot convert supplied evidence or a different live principal into accepted observations (324.1286ms)
✔ changed scoped content produces a new receipt while retaining stable finding dedupe (566.5988ms)
✔ resolved findings are recorded without claiming a remote correction (640.8974ms)
✔ stale input fails and preserves a failed attempt, never reusing previous success (719.7572ms)
✔ future input fails and preserves a failed attempt, never reusing previous success (706.7465ms)
✔ incomplete input fails and preserves a failed attempt, never reusing previous success (666.2725ms)
✔ source drift fails and preserves a failed attempt, never reusing previous success (708.1492ms)
✔ changing the caller source pin cannot migrate an existing directory (518.5145ms)
✔ pause prevents input use, resume retains dedupe, and stop cannot resume (2670.1334ms)
✔ concurrent cycles have one winner and never create duplicate accepted receipts (388.5225ms)
✔ retained locks fail closed without PID reuse or timeout-based recovery (20.8563ms)
✔ incomplete intent and rollback to an older checkpoint refuse replay (653.544ms)
✔ tampered referenced artifacts are rejected and preserved (397.2625ms)
✔ output-directory redirection refuses writes through a symlink or junction (11.0509ms)
✔ an unexpected output file is retained, not overwritten or removed (26.1834ms)
✔ status rejects unexpected files in initialized state before accepting its control projection (329.0174ms)
✔ missing, traversal-style and incomplete control requests do not create authority (4.4245ms)
✔ live source claims retain the existing collector identity and zero-write metadata (282.4788ms)
✔ finite convenience API has explicit bounds and performs no scheduling (1002.2392ms)
✔ state and artifact redirection are not followed on read (251.4003ms)
✔ alter of earlier history is detected after a newer successful cycle (713.0786ms)
✔ delete of earlier history is detected after a newer successful cycle (690.7533ms)
✔ changed implementation pins fail before a new intent is written (398.2267ms)
✔ a directory replaced while a caller holds its lock cannot redirect any artifact write (363.5256ms)
✔ actual corpus activation and retirement change only separately bound advisory output (1341.4613ms)
✔ expiry invalidates cached advisory annotations even without corpus byte changes (609.6592ms)
✔ mixed retained controls and new cycles enforce one transition bound with a reserved terminal stop (67374.6509ms)
✔ accepted snapshots with omitted optional metadata produce parseable JSON artifacts and replay (726.1115ms)
✔ optional auditor metadata works through the real feedback evidence and recurring consumer bridge (711.3865ms)
✔ policy has the ten requested workstreams and never assigns people (5.0555ms)
✔ classification supports Multiplayer (8.9356ms)
✔ classification supports UX/UI (2.7789ms)
✔ classification supports Multi-system execution (1.6032ms)
✔ classification supports Janitor (1.442ms)
✔ classification supports Dynamic agent teams (2.0037ms)
✔ classification supports DevOps/PR review/branch protection (2.3765ms)
✔ classification supports Security (1.7508ms)
✔ classification supports Agent communication layer (1.5103ms)
✔ classification supports Dark factory automation (1.7751ms)
✔ classification supports Backend scalability / pub-sub (1.2501ms)
✔ classification preserves labels and assignees (12.5148ms)
✔ UX alias means UX/UI (19.3181ms)
✔ an unassigned issue is not a violation (8.7715ms)
✔ full fixture audit has zero mutations and catches closing-link conflict (6.5426ms)
✔ non-closing prose overrides no native link, not unrelated partial references (4.6876ms)
✔ explicit do-not-close linked issue is flagged (4.0901ms)
✔ closed unmerged PR does not close an open issue (5.066ms)
✔ reopened issue remains open after a historical merged PR (4.2192ms)
✔ no automatic close for several partial PRs (4.7679ms)
✔ only explicit dependency section is interpreted (0.2174ms)
✔ code fences and quoted references are not dependency authority (0.2709ms)
✔ native/text dependency disagreement is flagged (5.247ms)
✔ matching dependencies do not produce a mismatch (4.8711ms)
✔ dependency cycles are bounded and reported once (4.8394ms)
✔ parent hierarchy mismatch and cycle are detected (5.2929ms)
✔ outside-scope dependency is not fetched or treated as complete (6.006ms)
✔ missing local dependency is unverified, not closed (4.2223ms)
✔ open issue marked Done is flagged without changing the board (9.2935ms)
✔ unknown workstream is a review hint, not a rename (5.5105ms)
✔ locked default branch is flagged, without bypass (7.654ms)
✔ stale PR source head is reported (6.0212ms)
✔ current independent review is accepted as evidence (4.6694ms)
✔ author approval is not current independent human approval (4.723ms)
✔ bot approval is not current independent human approval (3.9418ms)
✔ old-head approval is not current independent human approval (4.0695ms)
✔ later comment does not erase a valid prior approval (4.5829ms)
✔ failed checks and requested changes are surfaced (6.1755ms)
✔ missing checks are not a success (4.1337ms)
✔ stale snapshots are labeled (4.2287ms)
✔ future snapshots fail closed (1.7869ms)
✔ finding IDs are stable across repeated reads (7.4599ms)
✔ reported secrets are redacted and Markdown is escaped (11.5909ms)
✔ refuses: assign #50 to example-user (7.2955ms)
✔ refuses: label #50 multiplayer (5.2952ms)
✔ refuses: close #50 (6.7449ms)
✔ refuses: merge PR #237 (4.6136ms)
✔ refuses: enable auto-merge (5.6272ms)
✔ refuses: delete a branch (7.3069ms)
✔ refuses: approve PR #237 (7.0561ms)
✔ refuses: can you change the rules (5.0661ms)
✔ question answers use recorded evidence and canonical references (5.2477ms)
✔ reverse dependency questions list dependents (5.2126ms)
✔ unknown questions ask for clarification (6.5645ms)
✔ untrusted instruction text grants no tools (5.6787ms)
✔ snapshot rejects wrong repo (1.4297ms)
✔ snapshot rejects wrong project (1.0783ms)
✔ snapshot rejects partial coverage (0.9987ms)
✔ snapshot rejects wrong count (1.0319ms)
✔ snapshot rejects duplicate issue (1.421ms)
✔ snapshot rejects hostile URL (1.1358ms)
✔ snapshot rejects hidden project item (1.3802ms)
✔ snapshot rejects cross-repo item (1.332ms)
✔ snapshot rejects duplicate project item (1.4305ms)
✔ snapshot rejects oversized body (1.3967ms)
✔ collector completes two matching passes with no writes (4.8167ms)
✔ collector rejects issue drift between passes (3.0102ms)
✔ collector rejects incomplete nested dependencies (1.65ms)
✔ collector rejects a changed PR head/check binding (1.991ms)
✔ collector rejects repeated pagination cursors (1.3347ms)
✔ collector rejects inaccessible connection entries (0.1528ms)
✔ read client verifies Bakar404 and never switches accounts (1.4312ms)
✔ explicit hash-pinned read principal does not change the pilot or read allowlist (26.5846ms)
✔ collector profile rejects changed scope or unsupported fields: repository (16.6268ms)
✔ collector profile rejects changed scope or unsupported fields: project_id (17.1239ms)
✔ collector profile rejects changed scope or unsupported fields: project_number (18.653ms)
✔ collector profile rejects changed scope or unsupported fields: token (10.5616ms)
✔ collector profile rejects changed scope or unsupported fields: url (10.0251ms)
✔ collector profile rejects changed scope or unsupported fields: collector_login (16.4389ms)
✔ collector profile rejects wrong hashes, changed bytes and duplicate keys (48.0689ms)
✔ profiled collection records the actual principal and rejects identity or profile drift (40.4769ms)
✔ read client exposes no arbitrary query or write operation (1.3383ms)
✔ GraphQL cursor remains data, not executable query text (1.2472ms)
✔ GraphQL errors do not become accepted partial data (1.1336ms)
✔ GraphQL reserve prevents further reads (1.1453ms)
✔ collection has an elapsed-time bound (1.1815ms)
✔ dry run uses neither network nor output files (1.3167ms)
✔ CLI rejects apply (0.1432ms)
✔ CLI rejects audit --fixture --live (0.1008ms)
✔ CLI rejects audit --fixture --out ../escape.json (0.1439ms)
✔ CLI rejects audit --dry-run --out file.json (0.093ms)
✔ CLI rejects audit --fixture --assign example-user (0.1157ms)
✔ CLI rejects ask --fixture (0.0888ms)
✔ actual CLI dry run works from another directory and has no network intent (152.573ms)
✔ test chat prepares an evidence-based reply without sending it (6.5792ms)
✔ test chat rejects wrong tenant (0.4073ms)
✔ test chat rejects wrong group (0.1625ms)
✔ test chat rejects personal chat (0.1735ms)
✔ test chat rejects other channel (0.1348ms)
✔ test chat ignores messages without a mention (0.1424ms)
✔ test chat ignores its own messages (0.1289ms)
✔ test chat refuses mutation requests (5.8009ms)
✔ no production mode or implicit binding (0.435ms)
ℹ tests 227
ℹ suites 0
ℹ pass 227
ℹ fail 0
ℹ cancelled 0
ℹ skipped 0
ℹ todo 0
ℹ duration_ms 90253.046
