TAP version 13
# Subtest: Windows short alias repository uses the same native source identity
ok 1 - Windows short alias repository uses the same native source identity
  ---
  duration_ms: 5785.2005
  type: 'test'
  ...
# Executed with a distinct native Windows 8.3 alias
# Subtest: Windows short alias scratch inside source rejects before creating an index
ok 2 - Windows short alias scratch inside source rejects before creating an index
  ---
  duration_ms: 3551.166
  type: 'test'
  ...
# Executed with a distinct native Windows 8.3 alias
# Subtest: Windows short alias provider artifact is excluded from the candidate
ok 3 - Windows short alias provider artifact is excluded from the candidate
  ---
  duration_ms: 5983.3978
  type: 'test'
  ...
# Executed with a distinct native Windows 8.3 alias
# Subtest: native GIT_TRACE isolation protects source bytes and candidate tree
ok 4 - native GIT_TRACE isolation protects source bytes and candidate tree
  ---
  duration_ms: 2429.6896
  type: 'test'
  ...
# Subtest: native GIT_TRACE_PERFORMANCE isolation protects source bytes and candidate tree
ok 5 - native GIT_TRACE_PERFORMANCE isolation protects source bytes and candidate tree
  ---
  duration_ms: 2423.394
  type: 'test'
  ...
# Subtest: native GIT_TRACE_SETUP isolation protects source bytes and candidate tree
ok 6 - native GIT_TRACE_SETUP isolation protects source bytes and candidate tree
  ---
  duration_ms: 2458.7036
  type: 'test'
  ...
# Subtest: native GIT_TRACE2 isolation protects source bytes and candidate tree
ok 7 - native GIT_TRACE2 isolation protects source bytes and candidate tree
  ---
  duration_ms: 2509.3826
  type: 'test'
  ...
# Subtest: native GIT_TRACE2_EVENT isolation protects source bytes and candidate tree
ok 8 - native GIT_TRACE2_EVENT isolation protects source bytes and candidate tree
  ---
  duration_ms: 2456.3677
  type: 'test'
  ...
# Subtest: native GIT_TRACE2_PERF isolation protects source bytes and candidate tree
ok 9 - native GIT_TRACE2_PERF isolation protects source bytes and candidate tree
  ---
  duration_ms: 2539.1881
  type: 'test'
  ...
# Subtest: inherited Git configuration cannot change canonical line-ending selection
ok 10 - inherited Git configuration cannot change canonical line-ending selection
  ---
  duration_ms: 3781.3749
  type: 'test'
  ...
# Subtest: native source-selection recipe is pinned; drift requires an explicit parity review
ok 11 - native source-selection recipe is pinned; drift requires an explicit parity review
  ---
  duration_ms: 0.5767
  type: 'test'
  ...
# Subtest: RED untracked whitespace escapes old diff, fails new command; GREEN clean file passes
ok 12 - RED untracked whitespace escapes old diff, fails new command; GREEN clean file passes
  ---
  duration_ms: 5288.5976
  type: 'test'
  ...
# Subtest: checks tracked bytes that are present in the worktree
ok 13 - checks tracked bytes that are present in the worktree
  ---
  duration_ms: 3071.9512
  type: 'test'
  ...
# Subtest: checks staged modification bytes that are present in the worktree
ok 14 - checks staged modification bytes that are present in the worktree
  ---
  duration_ms: 3103.3923
  type: 'test'
  ...
# Subtest: checks staged addition bytes that are present in the worktree
ok 15 - checks staged addition bytes that are present in the worktree
  ---
  duration_ms: 3067.8415
  type: 'test'
  ...
# Subtest: staged-only bad bytes are not exported when the worktree has clean replacement bytes
ok 16 - staged-only bad bytes are not exported when the worktree has clean replacement bytes
  ---
  duration_ms: 4523.456
  type: 'test'
  ...
# Subtest: clean staged bytes cannot hide bad worktree bytes or revive staged-only deleted additions
ok 17 - clean staged bytes cannot hide bad worktree bytes or revive staged-only deleted additions
  ---
  duration_ms: 3103.1445
  type: 'test'
  ...
# Subtest: assigned base, not current HEAD, determines committed changes, deletions and renamed source
ok 18 - assigned base, not current HEAD, determines committed changes, deletions and renamed source
  ---
  duration_ms: 3323.7124
  type: 'test'
  ...
# Subtest: conflicted real index is untouched; physical resolution is checked just like native export
ok 19 - conflicted real index is untouched; physical resolution is checked just like native export
  ---
  duration_ms: 6588.3072
  type: 'test'
  ...
# Subtest: literal selection, spaces, leading dash, Unicode and brackets do not become Git pathspecs
ok 20 - literal selection, spaces, leading dash, Unicode and brackets do not become Git pathspecs
  ---
  duration_ms: 4413.0762
  type: 'test'
  ...
# Subtest: selected absent, explicitly ignored and magic/escaping paths fail rather than widen selection
ok 21 - selected absent, explicitly ignored and magic/escaping paths fail rather than widen selection
  ---
  duration_ms: 7082.8674
  type: 'test'
  ...
# Subtest: ignored evidence and runner-internal files are absent; provider artifacts reset to base, not deletion
ok 22 - ignored evidence and runner-internal files are absent; provider artifacts reset to base, not deletion
  ---
  duration_ms: 4689.1335
  type: 'test'
  ...
# Subtest: ignored files tracked by the seeded base remain selected; later ignored additions do not
ok 23 - ignored files tracked by the seeded base remain selected; later ignored additions do not
  ---
  duration_ms: 5148.5396
  type: 'test'
  ...
# Subtest: CRLF conversion and attributes use Git blob bytes without rewriting source or index
ok 24 - CRLF conversion and attributes use Git blob bytes without rewriting source or index
  ---
  duration_ms: 4612.975
  type: 'test'
  ...
# Subtest: Windows verified-head seeding retains modes and resets every unselected committed path
ok 25 - Windows verified-head seeding retains modes and resets every unselected committed path
  ---
  duration_ms: 4172.7937
  type: 'test'
  ...
# Subtest: binary blobs use native Git diff behavior, not an independent text scanner
ok 26 - binary blobs use native Git diff behavior, not an independent text scanner
  ---
  duration_ms: 2915.8469
  type: 'test'
  ...
# Subtest: a missing real index is neither read nor recreated
ok 27 - a missing real index is neither read nor recreated
  ---
  duration_ms: 2414.8475
  type: 'test'
  ...
# Subtest: linked worktree Git control files and real index are not modified
ok 28 - linked worktree Git control files and real index are not modified
  ---
  duration_ms: 3293.8376
  type: 'test'
  ...
# Subtest: invalid base, routing override, nested root and in-worktree scratch fail closed
ok 29 - invalid base, routing override, nested root and in-worktree scratch fail closed
  ---
  duration_ms: 6654.3696
  type: 'test'
  ...
# Subtest: an inherited alternate index is not used or changed
ok 30 - an inherited alternate index is not used or changed
  ---
  duration_ms: 1831.828
  type: 'test'
  ...
# Subtest: whole-check timeout is a command error, never whitespace success
ok 31 - whole-check timeout is a command error, never whitespace success
  ---
  duration_ms: 1879.0782
  type: 'test'
  ...
# Subtest: spawn, buffer, signal and Git failures cannot masquerade as whitespace results
ok 32 - spawn, buffer, signal and Git failures cannot masquerade as whitespace results
  ---
  duration_ms: 8490.1746
  type: 'test'
  ...
# Subtest: unexpected scratch contents cause visible cleanup failure and are preserved
ok 33 - unexpected scratch contents cause visible cleanup failure and are preserved
  ---
  duration_ms: 1341.5343
  type: 'test'
  ...
# Subtest: CLI rejects unknown, missing and unbounded arguments with exit 2
ok 34 - CLI rejects unknown, missing and unbounded arguments with exit 2
  ---
  duration_ms: 5378.9935
  type: 'test'
  ...
# Subtest: F01 CLI reports unavailable revision without exposing arguments
ok 35 - F01 CLI reports unavailable revision without exposing arguments
  ---
  duration_ms: 2082.6015
  type: 'test'
  ...
# Subtest: F01 CLI reports missing literal selection without exposing arguments
ok 36 - F01 CLI reports missing literal selection without exposing arguments
  ---
  duration_ms: 2249.4404
  type: 'test'
  ...
# Subtest: F01 CLI reports ignored literal selection without exposing arguments
ok 37 - F01 CLI reports ignored literal selection without exposing arguments
  ---
  duration_ms: 2256.5836
  type: 'test'
  ...
# Subtest: F01 CLI retains safe native timeout classification
ok 38 - F01 CLI retains safe native timeout classification
  ---
  duration_ms: 2481.8587
  type: 'test'
  ...
# Subtest: F01 CLI retains safe native output overflow classification
ok 39 - F01 CLI retains safe native output overflow classification
  ---
  duration_ms: 2595.615
  type: 'test'
  ...
# Subtest: F01 CLI retains safe native spawn failure classification
ok 40 - F01 CLI retains safe native spawn failure classification
  ---
  duration_ms: 2452.899
  type: 'test'
  ...
# Subtest: F01 CLI retains safe signal classification
ok 41 - F01 CLI retains safe signal classification
  ---
  duration_ms: 2481.4491
  type: 'test'
  ...
# Subtest: F01 CLI retains safe unrecognized filter failure classification
ok 42 - F01 CLI retains safe unrecognized filter failure classification
  ---
  duration_ms: 2234.4914
  type: 'test'
  ...
# Subtest: F01 CLI retains safe unknown child fields classification
ok 43 - F01 CLI retains safe unknown child fields classification
  ---
  duration_ms: 2496.1967
  type: 'test'
  ...
# Subtest: F01 CLI retains safe timeout with whitespace-like output classification
ok 44 - F01 CLI retains safe timeout with whitespace-like output classification
  ---
  duration_ms: 2454.5558
  type: 'test'
  ...
# Subtest: F01 CLI retains safe overflow with whitespace-like output classification
ok 45 - F01 CLI retains safe overflow with whitespace-like output classification
  ---
  duration_ms: 2461.8356
  type: 'test'
  ...
# Subtest: F01 CLI separates cleanup failure from original failure
ok 46 - F01 CLI separates cleanup failure from original failure
  ---
  duration_ms: 2041.2473
  type: 'test'
  ...
# Subtest: F01 CLI separates cleanup failure after successful check
ok 47 - F01 CLI separates cleanup failure after successful check
  ---
  duration_ms: 2562.0026
  type: 'test'
  ...
# Subtest: F01 CLI suppresses unsafe parser/filesystem text and retains safe input guidance
ok 48 - F01 CLI suppresses unsafe parser/filesystem text and retains safe input guidance
  ---
  duration_ms: 3246.5847
  type: 'test'
  ...
# Subtest: F01 CLI correlates retained owned directories without revealing their sensitive root
ok 49 - F01 CLI correlates retained owned directories without revealing their sensitive root
  ---
  duration_ms: 2949.0928
  type: 'test'
  ...
# Subtest: F01 CLI recognizes a native required clean-filter failure, not a missing path
ok 50 - F01 CLI recognizes a native required clean-filter failure, not a missing path
  ---
  duration_ms: 2615.8718
  type: 'test'
  ...
# Subtest: F02 native filter repeated delimiters (24000) cannot stall receipt or cleanup
ok 51 - F02 native filter repeated delimiters (24000) cannot stall receipt or cleanup
  ---
  duration_ms: 3510.0994
  type: 'test'
  ...
# Subtest: F02 native filter repeated delimiters (349354) cannot stall receipt or cleanup
ok 52 - F02 native filter repeated delimiters (349354) cannot stall receipt or cleanup
  ---
  duration_ms: 3590.2792
  type: 'test'
  ...
# Subtest: F02 final-line recognition handles hostile near-limit shapes without trusting their text
ok 53 - F02 final-line recognition handles hostile near-limit shapes without trusting their text
  ---
  duration_ms: 10937.6672
  type: 'test'
  ...
1..53
# tests 53
# suites 0
# pass 53
# fail 0
# cancelled 0
# skipped 0
# todo 0
# duration_ms 188169.097
