✔ Pin reports readFails before issuing a mutation (1.767ms)
✔ Pin reports writeFails before issuing a mutation (0.9204ms)
✔ Pin retries a lost response with the same saved request key and clears only after success (1.4528ms)
✔ native Pin owned-run-provider-artifact.txt preserves occupied output and source sentinel (33.3035ms)
✔ native Pin owned-run-provider-artifact.txt preserves hard-link output and source sentinel (15.6975ms)
✔ native Pin owned-run-provider-artifact.txt preserves symlink output and source sentinel (15.235ms)
✔ native Pin owned-run-provider-artifact.txt creates a fresh output once (15.0857ms)
✔ native Pin native-final-snapshot.json preserves occupied output and source sentinel (13.2167ms)
✔ native Pin native-final-snapshot.json preserves hard-link output and source sentinel (14.9403ms)
✔ native Pin native-final-snapshot.json preserves symlink output and source sentinel (13.9111ms)
✔ native Pin native-final-snapshot.json creates a fresh output once (21.3435ms)
✔ native pin driver fails before writes without explicit opt-in and bounded phase (226.4689ms)
✔ native pin driver refuses external, inherited shared-port and credentialed origins (730.5806ms)
✔ native pin driver never invents missing output or source paths (224.2342ms)
✔ native pin driver rejects overlapping and aliased directories before any write in every phase (5381.6673ms)
✔ native pin driver rejects non-directory ancestors and dangling links before creating output (212.3827ms)
ℹ tests 16
ℹ suites 0
ℹ pass 16
ℹ fail 0
ℹ cancelled 0
ℹ skipped 0
ℹ todo 0
ℹ duration_ms 7387.2537
