F02 component regressions passed: 124 invalid/reserved cases across all three plan inputs and forward separators.
{"event":"alias-before","drive":"Q:","fixture":"<local-user>\\AppData\\Local\\Temp\\ecorp-u1-preflight-cef722b31f024e639ed282d1a01a80f4","mapping":null}
{"event":"alias-created","drive":"Q:","target":"\\??\\<local-user>\\AppData\\Local\\Temp\\ecorp-u1-preflight-cef722b31f024e639ed282d1a01a80f4\\retained-office","sameSentinel":true}
F01 native alias rejected in Root.
F01 native alias rejected in Product.
F01 native alias rejected in Protected.
{"event":"alias-cleanup","drive":"Q:","removedTarget":"\\??\\<local-user>\\AppData\\Local\\Temp\\ecorp-u1-preflight-cef722b31f024e639ed282d1a01a80f4\\retained-office","mapping":null}
F01 native short-path overlap rejected: short fixture ancestor.
F01 native short-path overlap rejected: short product.
F01 native short-path overlap rejected: short protected ancestor.
F01 native short-path overlap rejected: multiple missing descendants.
{"event":"native-short-alias","distinctAlias":true,"status":"passed","mode":"Required","executed":true}
F01 native SUBST/unmapped-drive and simulated mapped/unknown-drive regressions passed.
{"event":"volume-before","drive":"Q:","target":"\\Device\\HarddiskVolume4","fixture":"<local-user>\\AppData\\Local\\Temp\\ecorp-u1-preflight-cef722b31f024e639ed282d1a01a80f4","mapping":null}
{"event":"volume-created","drive":"Q:","target":"\\Device\\HarddiskVolume4","sameSentinel":true}
F01 native same-volume disjoint control passed: Root.
F01 native same-volume disjoint control passed: Product.
F01 native same-volume disjoint control passed: Protected.
F01 native same-volume overlap rejected: Root.
F01 native same-volume overlap rejected: Protected.
F01 native same-volume overlap rejected: Product.
F01 native same-volume overlap rejected: protected drive root.
F01 native same-volume overlap rejected: aliased protected drive root.
{"event":"volume-cleanup","drive":"Q:","exactMatch":true,"removedTarget":"\\Device\\HarddiskVolume4","mapping":null}
F01 native same-volume aliases, disjoint DOS-path controls and drive-root ancestry regressions passed.
{"event":"hidden-index-change","rejected":true,"source_status":"blocked","flag":"assume-unchanged"}
{"event":"hidden-index-change","rejected":true,"source_status":"blocked","flag":"skip-worktree"}
{"event":"replacement-source-change","rejected":true,"kind":"commit","source_status":"blocked","original_head_unchanged":true}
{"event":"replacement-source-change","rejected":true,"kind":"tree","source_status":"blocked","original_head_unchanged":true}
{"rejected":true,"source_status":"blocked","event":"clean-filter-source-change","preserved":true,"selection":"local","filter_ran":false}
{"rejected":true,"source_status":"blocked","event":"clean-filter-source-change","preserved":true,"selection":"included","filter_ran":false}
{"rejected":true,"source_status":"blocked","event":"clean-filter-source-change","preserved":true,"selection":"global-explicit","filter_ran":false}
{"rejected":true,"source_status":"blocked","event":"clean-filter-source-change","preserved":true,"selection":"global-default","filter_ran":false}
F03 native local/included/global filter rejection, effect prevention and source preservation passed.
F03 native short-alias Git identity passed.
F03 native clean control passed with distinct candidate/foreign identities.
F03 native tracked/untracked dirty controls passed; source bytes preserved.
F03 native selection rejected: GIT_DIR+GIT_WORK_TREE
F03 native selection rejected: GIT_DIR
F03 native selection rejected: GIT_WORK_TREE
F03 native selection rejected: GIT_COMMON_DIR
F03 native selection rejected: GIT_INDEX_FILE
F03 native selection rejected: GIT_CONFIG
F03 native selection rejected: GIT_CONFIG_GLOBAL
F03 native selection rejected: GIT_CONFIG_SYSTEM
F03 native selection rejected: GIT_ATTR_NOSYSTEM
F03 native selection rejected: GIT_ATTR_SOURCE
F03 native selection rejected: GIT_CONFIG_PARAMETERS
F03 native selection rejected: GIT_CONFIG_COUNT+GIT_CONFIG_KEY_0+GIT_CONFIG_VALUE_0
F03 native selection rejected: GIT_CONFIG_VALUE_77
F03 native selection rejected: GIT_OBJECT_DIRECTORY
F03 native selection rejected: GIT_ALTERNATE_OBJECT_DIRECTORIES
F03 native Git selection, identity binding, value non-disclosure and preservation regressions passed.
U1 portable preflight path, port, tool, source, registry, report and read-only regressions passed. Native 8.3 alias lane: passed.
