F02 component regressions passed: 124 invalid/reserved cases across all three plan inputs and forward separators.
{"drive":"Q:","event":"alias-before","fixture":"<local-user>\\AppData\\Local\\Temp\\ecorp-u1-preflight-fccdc77fb3164f3c9a0937fe2f4703b4","mapping":null}
{"drive":"Q:","event":"alias-created","sameSentinel":true,"target":"\\??\\<local-user>\\AppData\\Local\\Temp\\ecorp-u1-preflight-fccdc77fb3164f3c9a0937fe2f4703b4\\retained-office"}
F01 native alias rejected in Root.
F01 native alias rejected in Product.
F01 native alias rejected in Protected.
{"removedTarget":"\\??\\<local-user>\\AppData\\Local\\Temp\\ecorp-u1-preflight-fccdc77fb3164f3c9a0937fe2f4703b4\\retained-office","drive":"Q:","event":"alias-cleanup","mapping":null}
F01 native short-path overlap rejected: short fixture ancestor.
F01 native short-path overlap rejected: short product.
F01 native short-path overlap rejected: short protected ancestor.
F01 native short-path overlap rejected: multiple missing descendants.
{"mode":"Required","status":"passed","event":"native-short-alias","executed":true,"distinctAlias":true}
F01 native SUBST/unmapped-drive and simulated mapped/unknown-drive regressions passed.
{"drive":"Q:","event":"volume-before","fixture":"<local-user>\\AppData\\Local\\Temp\\ecorp-u1-preflight-fccdc77fb3164f3c9a0937fe2f4703b4","target":"\\Device\\HarddiskVolume4","mapping":null}
{"drive":"Q:","event":"volume-created","sameSentinel":true,"target":"\\Device\\HarddiskVolume4"}
F01 native same-volume disjoint control passed: Root.
F01 native same-volume disjoint control passed: Product.
F01 native same-volume disjoint control passed: Protected.
F01 native same-volume overlap rejected: Root.
F01 native same-volume overlap rejected: Protected.
F01 native same-volume overlap rejected: Product.
F01 native same-volume overlap rejected: protected drive root.
F01 native same-volume overlap rejected: aliased protected drive root.
{"removedTarget":"\\Device\\HarddiskVolume4","drive":"Q:","event":"volume-cleanup","exactMatch":true,"mapping":null}
F01 native same-volume aliases, disjoint DOS-path controls and drive-root ancestry regressions passed.
{"rejected":true,"event":"hidden-index-change","source_status":"blocked","flag":"assume-unchanged"}
{"rejected":true,"event":"hidden-index-change","source_status":"blocked","flag":"skip-worktree"}
{"rejected":true,"kind":"commit","event":"replacement-source-change","source_status":"blocked","original_head_unchanged":true}
{"rejected":true,"kind":"tree","event":"replacement-source-change","source_status":"blocked","original_head_unchanged":true}
{"preserved":true,"filter_ran":true,"selection":"local","source_status":"passed","rejected":false,"event":"clean-filter-source-change"}
{"preserved":true,"filter_ran":true,"selection":"included","source_status":"passed","rejected":false,"event":"clean-filter-source-change"}
{"preserved":true,"filter_ran":true,"selection":"global-explicit","source_status":"passed","rejected":false,"event":"clean-filter-source-change"}
{"preserved":true,"filter_ran":true,"selection":"global-default","source_status":"passed","rejected":false,"event":"clean-filter-source-change"}
WARNING: Failed synthetic fixture retained at <local-user>\AppData\Local\Temp\ecorp-u1-preflight-fccdc77fb3164f3c9a0937fe2f4703b4
Exception: <private-evidence>\pr319-clean-filters-r1\baseline\qa_multiplayer_preflight.test.ps1:12
Line |
  12 |      if (!$Condition) { throw $Message }
     |                         ~~~~~~~~~~~~~~
     | All native clean-filter selections must block false attestation without executing the filter.
