$ node --test --test-concurrency=2 --test-timeout=180000 scenarios/repo-steward/steward.test.mjs scenarios/repo-steward/actions.test.mjs scenarios/repo-steward/recurring-audit.test.mjs scenarios/repo-steward/feedback.test.mjs scenarios/repo-steward/maintenance.test.mjs scenarios/repo-steward/feedback-cli.test.mjs
✔ Actions preview performs no live reads or summary publication (1.7956ms)
✔ Actions fixture uses the real auditor without GitHub access (34.2914ms)
✔ invalid workflow input is rejected during preview without data access (1.0311ms)
✔ hosted live mode rejects non-Actions host before reading data (0.3406ms)
✔ hosted live mode rejects PR event before reading data (0.8596ms)
✔ hosted live mode rejects another repository before reading data (0.2045ms)
✔ hosted live mode rejects feature branch before reading data (0.31ms)
✔ hosted live mode rejects another actor before reading data (0.156ms)
✔ hosted live mode rejects another rerun operator before reading data (0.2247ms)
✔ hosted live mode rejects missing triggering actor before reading data (0.3222ms)
✔ hosted live mode rejects missing source commit before reading data (0.382ms)
✔ hosted live mode rejects disabled pilot before reading data (0.1822ms)
✔ hosted live mode rejects unapproved public summary before reading data (0.1713ms)
✔ hosted live mode rejects missing credential before reading data (0.1144ms)
✔ hosted live mode rejects blank credential before reading data (0.133ms)
✔ hosted live mode rejects write-enabled configuration before reading data (0.1326ms)
✔ GITHUB_TOKEN does not substitute for Project-readable credentials (0.1996ms)
✔ an admitted live path collects once and retains zero mutations (6.2653ms)
✔ collector failure does not produce a successful report (0.3306ms)
✔ stale hosted snapshots fail instead of publishing old findings (4.9571ms)
✔ public summaries never include free-form source or evidence text (5.1004ms)
✔ summary rejects unknown rule (3.8138ms)
✔ summary rejects bad finding id (4.4596ms)
✔ summary rejects foreign reference (4.1159ms)
✔ summary rejects mutation claim (4.2041ms)
✔ summary rejects wrong scope (4.0713ms)
✔ summary rejects invalid timestamp (6.7165ms)
✔ summary rejects bad totals (5.2509ms)
✔ public finding index is bounded without copying omitted details (7.4181ms)
✔ every configured fixture rule has an explicit publication review (4.8288ms)
✔ summary file writes remain inside a supplied native temporary directory (17.4074ms)
✔ Actions CLI rejects unsupported arguments --apply (0.4193ms)
✔ Actions CLI rejects unsupported arguments --live (0.1245ms)
✔ Actions CLI rejects unsupported arguments --live (0.0994ms)
✔ actual fixture CLI needs no hosted secrets or Teams SDK (190.9564ms)
✔ manual workflow keeps first-party actions pinned and live credentials isolated (11.4459ms)
✔ feedback CLI rejects unsupported, missing and duplicate transition arguments (1.9787ms)
✔ new-file corpus output preserves the previous version and refuses overwrite (24.6531ms)
✔ initializing a corpus binds the validated input scope without changing its snapshot (41.0072ms)
✔ partial snapshot cannot create a corpus file (22.3822ms)
✔ redirected output parent is refused without writing through it (5.2494ms)
✔ review evidence must be a file and cannot use a directory as a digest source (45.9494ms)
✔ review CLI records the exact binary digest and closes its descriptor (89.2679ms)
✔ same-size review replacement between metadata check and open cannot update a corpus (27.0909ms)
✔ review parent swapped for a symlink or junction before open is rejected (29.9738ms)
✔ same-size pathname replacement after descriptor read is rejected (32.4313ms)
✔ same-size in-place review rewrite cannot hide behind a restored modification time (27.6957ms)
✔ review growth after open stays within its original byte bound and is rejected (26.3847ms)
✔ bounded review reads handle partial reads and reject empty or oversized files (17.0982ms)
✔ native behavioral evidence remains candidate with original local source and no finding impersonation (63.6761ms)
✔ native behavioral activation is denied for mixed support and forged active or retired history (41.6971ms)
✔ native behavioral candidates can be rejected without widening legacy review authority (48.5047ms)
✔ native behavioral bytes, identity claims, source and repeated runs remain validated (110.5708ms)
✔ evidence binds actual audit finding and supplied snapshot without certifying collection or identity (9.127ms)
✔ accepted missing Project status binds the native serialized report and finding in evidence and observations (44.0971ms)
✔ auditor optional-field normalization retains strict data-only feedback and report validation (63.5704ms)
✔ timestamp-only or unrelated snapshot changes do not manufacture repeated supporting evidence (28.5679ms)
✔ partial, cross-scope, stale or missing findings cannot become feedback evidence (12.5739ms)
✔ feedback source pins accept exactly 40 or 64 hexadecimal characters, including supplied evidence (65.55ms)
✔ candidate, active and retired versions preserve their inputs and have exact transition digests (17.3341ms)
✔ one observation, fabricated evidence bytes and replayed reviews cannot activate a rule (72.4933ms)
✔ reviewer labels and claimed approval booleans do not supply verified review authority (22.1089ms)
✔ explicit rejection remains terminal and contributes no advice (37.7503ms)
✔ prospective expiry is mandatory, bounded, and effective at the exact boundary (101.8177ms)
✔ active capacity cannot expand and supersession retires only the exact predecessor (56.2437ms)
✔ supersession rejects stale targets and cannot cross finding rules (45.2553ms)
✔ active guidance annotates only matching findings without hiding or changing original conclusions (20.8683ms)
✔ broad matching admits at most the finite annotation limit and never truncates an excessive report (318.5645ms)
✔ serialized output bytes are admitted before escaped guidance and evidence references fan out (59.9396ms)
✔ later audits honor activation and retirement while the original report stays identical (34.446ms)
✔ unknown executable, suppression, assignment and permission options are rejected (127.5565ms)
✔ stale reports, foreign scope and altered evidence fail closed (26.1091ms)
✔ canonical digests ignore property insertion order but reject executable and non-finite data (0.5927ms)
✔ reusable corpus validation preserves input and rejects authority claims or altered guidance (15.0788ms)
✔ explicit collector profile requires a hash and cannot relabel a supplied snapshot (2.9468ms)
✔ recurrence requires finite explicit bounds before reading any input (1.0857ms)
✔ finite recurrence reloads snapshot and feedback on every cycle (2.9944ms)
✔ paused and stopped records prevent collection and input reads (2.0451ms)
✔ exhausted persisted attempts reject before snapshot, feedback or live collection (2.5804ms)
✔ watch admits the final allowed attempt and then stops before collecting another snapshot (1.2717ms)
✔ source mismatch refuses before reading snapshot or feedback (1.2996ms)
✔ a failed cycle stops recurrence without retrying or losing the failure (1.341ms)
✔ first snapshot acquisition failure retains one sanitized failed attempt (315.1052ms)
✔ later corpus acquisition failure preserves earlier accepted evidence and consumes one attempt (782.1028ms)
✔ live acquisition failure is retained once without raw error text or a retry (290.0506ms)
✔ pause and stop during failed acquisition remain effective without a new admitted attempt (2002.8647ms)
✔ deadline crossing during failed acquisition prevents late attempt admission (1.5346ms)
✔ interruption during failed acquisition prevents a new admitted attempt (1.112ms)
✔ duration bounds stop admission after collection without writing a late result (1.0512ms)
✔ interruption during an interval exits without another audit (1.0409ms)
✔ control commands delegate exact action, source and reason without collecting (2.9025ms)
✔ status exposes bounded metadata and no retained finding text (1.1723ms)
✔ one audit writes source-bound immutable private reports and an advisory handoff (449.9229ms)
✔ fresh capture timestamps and transport metrics alone produce no new report or proposal across restart (704.6372ms)
✔ live state binds the exact selected principal and profile through restart and controls (2444.0707ms)
✔ profile metadata cannot convert supplied evidence or a different live principal into accepted observations (278.6196ms)
✔ changed scoped content produces a new receipt while retaining stable finding dedupe (553.7218ms)
✔ resolved findings are recorded without claiming a remote correction (519.7139ms)
✔ stale input fails and preserves a failed attempt, never reusing previous success (614.8931ms)
✔ future input fails and preserves a failed attempt, never reusing previous success (601.7411ms)
✔ incomplete input fails and preserves a failed attempt, never reusing previous success (622.0953ms)
✔ source drift fails and preserves a failed attempt, never reusing previous success (595.4646ms)
✔ changing the caller source pin cannot migrate an existing directory (470.1912ms)
✔ pause prevents input use, resume retains dedupe, and stop cannot resume (2311.0722ms)
✔ concurrent cycles have one winner and never create duplicate accepted receipts (354.4513ms)
✔ retained locks fail closed without PID reuse or timeout-based recovery (16.9437ms)
✔ incomplete intent and rollback to an older checkpoint refuse replay (574.0331ms)
✔ tampered referenced artifacts are rejected and preserved (321.9374ms)
✔ output-directory redirection refuses writes through a symlink or junction (10.6108ms)
✔ an unexpected output file is retained, not overwritten or removed (19.9284ms)
✔ status rejects unexpected files in initialized state before accepting its control projection (258.8051ms)
✔ missing, traversal-style and incomplete control requests do not create authority (4.1876ms)
✔ live source claims retain the existing collector identity and zero-write metadata (259.4938ms)
✔ finite convenience API has explicit bounds and performs no scheduling (932.5543ms)
✔ state and artifact redirection are not followed on read (249.0463ms)
✔ alter of earlier history is detected after a newer successful cycle (673.158ms)
✔ delete of earlier history is detected after a newer successful cycle (660.1484ms)
✔ changed implementation pins fail before a new intent is written (399.0839ms)
✔ a directory replaced while a caller holds its lock cannot redirect any artifact write (357.1707ms)
✔ actual corpus activation and retirement change only separately bound advisory output (1362.8599ms)
✔ expiry invalidates cached advisory annotations even without corpus byte changes (593.9426ms)
✔ mixed retained controls and new cycles enforce one transition bound with a reserved terminal stop (61150.4707ms)
✔ accepted snapshots with omitted optional metadata produce parseable JSON artifacts and replay (452.7954ms)
✔ optional auditor metadata works through the real feedback evidence and recurring consumer bridge (529.7614ms)
✔ policy has the ten requested workstreams and never assigns people (3.3275ms)
✔ classification supports Multiplayer (6.0577ms)
✔ classification supports UX/UI (1.7277ms)
✔ classification supports Multi-system execution (1.1059ms)
✔ classification supports Janitor (1.2346ms)
✔ classification supports Dynamic agent teams (1.2519ms)
✔ classification supports DevOps/PR review/branch protection (1.1027ms)
✔ classification supports Security (1.2047ms)
✔ classification supports Agent communication layer (1.1723ms)
✔ classification supports Dark factory automation (1.226ms)
✔ classification supports Backend scalability / pub-sub (1.1307ms)
✔ classification preserves labels and assignees (12.0147ms)
✔ UX alias means UX/UI (13.6284ms)
✔ an unassigned issue is not a violation (5.1018ms)
✔ full fixture audit has zero mutations and catches closing-link conflict (4.8544ms)
✔ non-closing prose overrides no native link, not unrelated partial references (4.068ms)
✔ explicit do-not-close linked issue is flagged (3.4921ms)
✔ closed unmerged PR does not close an open issue (4.5375ms)
✔ reopened issue remains open after a historical merged PR (3.5336ms)
✔ no automatic close for several partial PRs (5.2083ms)
✔ only explicit dependency section is interpreted (0.1723ms)
✔ code fences and quoted references are not dependency authority (0.2155ms)
✔ native/text dependency disagreement is flagged (4.0507ms)
✔ matching dependencies do not produce a mismatch (4.0523ms)
✔ dependency cycles are bounded and reported once (4.11ms)
✔ parent hierarchy mismatch and cycle are detected (3.9129ms)
✔ outside-scope dependency is not fetched or treated as complete (4.2029ms)
✔ missing local dependency is unverified, not closed (3.6214ms)
✔ open issue marked Done is flagged without changing the board (4.1083ms)
✔ unknown workstream is a review hint, not a rename (3.3688ms)
✔ locked default branch is flagged, without bypass (3.6296ms)
✔ stale PR source head is reported (3.9714ms)
✔ current independent review is accepted as evidence (3.8863ms)
✔ author approval is not current independent human approval (3.546ms)
✔ bot approval is not current independent human approval (3.6693ms)
✔ old-head approval is not current independent human approval (3.6734ms)
✔ later comment does not erase a valid prior approval (3.3037ms)
✔ failed checks and requested changes are surfaced (3.6782ms)
✔ missing checks are not a success (3.8011ms)
✔ stale snapshots are labeled (3.5185ms)
✔ future snapshots fail closed (1.5479ms)
✔ finding IDs are stable across repeated reads (8.0467ms)
✔ reported secrets are redacted and Markdown is escaped (11.1815ms)
✔ refuses: assign #50 to example-user (4.3793ms)
✔ refuses: label #50 multiplayer (4.5323ms)
✔ refuses: close #50 (4.6227ms)
✔ refuses: merge PR #237 (4.2801ms)
✔ refuses: enable auto-merge (4.8336ms)
✔ refuses: delete a branch (4.5811ms)
✔ refuses: approve PR #237 (4.1029ms)
✔ refuses: can you change the rules (4.0186ms)
✔ question answers use recorded evidence and canonical references (4.8389ms)
✔ reverse dependency questions list dependents (4.5665ms)
✔ unknown questions ask for clarification (4.8729ms)
✔ untrusted instruction text grants no tools (5.3323ms)
✔ snapshot rejects wrong repo (1.13ms)
✔ snapshot rejects wrong project (0.9784ms)
✔ snapshot rejects partial coverage (0.9285ms)
✔ snapshot rejects wrong count (0.983ms)
✔ snapshot rejects duplicate issue (1.0918ms)
✔ snapshot rejects hostile URL (1.1098ms)
✔ snapshot rejects hidden project item (1.2959ms)
✔ snapshot rejects cross-repo item (1.1064ms)
✔ snapshot rejects duplicate project item (1.0951ms)
✔ snapshot rejects oversized body (1.0776ms)
✔ collector completes two matching passes with no writes (4.5346ms)
✔ collector rejects issue drift between passes (5.7748ms)
✔ collector rejects incomplete nested dependencies (1.6525ms)
✔ collector rejects a changed PR head/check binding (1.1987ms)
✔ collector rejects repeated pagination cursors (1.0223ms)
✔ collector rejects inaccessible connection entries (0.1907ms)
✔ read client verifies Bakar404 and never switches accounts (1.2254ms)
✔ explicit hash-pinned read principal does not change the pilot or read allowlist (15.674ms)
✔ collector profile rejects changed scope or unsupported fields: repository (8.5757ms)
✔ collector profile rejects changed scope or unsupported fields: project_id (17.4716ms)
✔ collector profile rejects changed scope or unsupported fields: project_number (9.3904ms)
✔ collector profile rejects changed scope or unsupported fields: token (17.6992ms)
✔ collector profile rejects changed scope or unsupported fields: url (9.1232ms)
✔ collector profile rejects changed scope or unsupported fields: collector_login (9.0691ms)
✔ collector profile rejects wrong hashes, changed bytes and duplicate keys (38.6632ms)
✔ profiled collection records the actual principal and rejects identity or profile drift (40.3538ms)
✔ read client exposes no arbitrary query or write operation (1.175ms)
✔ GraphQL cursor remains data, not executable query text (1.0804ms)
✔ GraphQL errors do not become accepted partial data (0.9753ms)
✔ GraphQL reserve prevents further reads (1.0267ms)
✔ collection has an elapsed-time bound (1.0688ms)
✔ dry run uses neither network nor output files (1.3181ms)
✔ CLI rejects apply (0.1389ms)
✔ CLI rejects audit --fixture --live (0.1398ms)
✔ CLI rejects audit --fixture --out ../escape.json (0.1421ms)
✔ CLI rejects audit --dry-run --out file.json (0.0891ms)
✔ CLI rejects audit --fixture --assign example-user (0.0758ms)
✔ CLI rejects ask --fixture (0.0779ms)
✔ actual CLI dry run works from another directory and has no network intent (151.835ms)
✔ test chat prepares an evidence-based reply without sending it (6.2527ms)
✔ test chat rejects wrong tenant (0.4903ms)
✔ test chat rejects wrong group (0.203ms)
✔ test chat rejects personal chat (0.1814ms)
✔ test chat rejects other channel (0.1587ms)
✔ test chat ignores messages without a mention (0.1694ms)
✔ test chat ignores its own messages (0.1978ms)
✔ test chat refuses mutation requests (5.1387ms)
✔ no production mode or implicit binding (0.3532ms)
ℹ tests 227
ℹ suites 0
ℹ pass 227
ℹ fail 0
ℹ cancelled 0
ℹ skipped 0
ℹ todo 0
ℹ duration_ms 81697.8442
