$ node --test --test-concurrency=2 --test-timeout=180000 scenarios/repo-steward/steward.test.mjs scenarios/repo-steward/actions.test.mjs scenarios/repo-steward/recurring-audit.test.mjs scenarios/repo-steward/feedback.test.mjs scenarios/repo-steward/maintenance.test.mjs scenarios/repo-steward/feedback-cli.test.mjs
✔ Actions preview performs no live reads or summary publication (1.7838ms)
✔ Actions fixture uses the real auditor without GitHub access (27.2012ms)
✔ invalid workflow input is rejected during preview without data access (1.5269ms)
✔ hosted live mode rejects non-Actions host before reading data (0.5093ms)
✔ hosted live mode rejects PR event before reading data (1.2814ms)
✔ hosted live mode rejects another repository before reading data (0.3362ms)
✔ hosted live mode rejects feature branch before reading data (0.2723ms)
✔ hosted live mode rejects another actor before reading data (0.1983ms)
✔ hosted live mode rejects another rerun operator before reading data (0.2727ms)
✔ hosted live mode rejects missing triggering actor before reading data (0.3864ms)
✔ hosted live mode rejects missing source commit before reading data (0.4483ms)
✔ hosted live mode rejects disabled pilot before reading data (0.1724ms)
✔ hosted live mode rejects unapproved public summary before reading data (0.1451ms)
✔ hosted live mode rejects missing credential before reading data (0.1294ms)
✔ hosted live mode rejects blank credential before reading data (0.1439ms)
✔ hosted live mode rejects write-enabled configuration before reading data (0.1417ms)
✔ GITHUB_TOKEN does not substitute for Project-readable credentials (0.2178ms)
✔ an admitted live path collects once and retains zero mutations (5.6578ms)
✔ collector failure does not produce a successful report (0.4251ms)
✔ stale hosted snapshots fail instead of publishing old findings (5.0068ms)
✔ public summaries never include free-form source or evidence text (5.0342ms)
✔ summary rejects unknown rule (3.882ms)
✔ summary rejects bad finding id (3.9174ms)
✔ summary rejects foreign reference (3.7255ms)
✔ summary rejects mutation claim (3.8659ms)
✔ summary rejects wrong scope (3.7106ms)
✔ summary rejects invalid timestamp (4.2381ms)
✔ summary rejects bad totals (4.6697ms)
✔ public finding index is bounded without copying omitted details (4.589ms)
✔ every configured fixture rule has an explicit publication review (3.9695ms)
✔ summary file writes remain inside a supplied native temporary directory (14.8805ms)
✔ Actions CLI rejects unsupported arguments --apply (0.3016ms)
✔ Actions CLI rejects unsupported arguments --live (0.1011ms)
✔ Actions CLI rejects unsupported arguments --live (0.0978ms)
✔ actual fixture CLI needs no hosted secrets or Teams SDK (177.72ms)
✔ manual workflow keeps first-party actions pinned and live credentials isolated (1.2504ms)
✔ feedback CLI rejects unsupported, missing and duplicate transition arguments (1.9466ms)
✔ new-file corpus output preserves the previous version and refuses overwrite (26.1846ms)
✔ initializing a corpus binds the validated input scope without changing its snapshot (37.9284ms)
✔ partial snapshot cannot create a corpus file (20.6849ms)
✔ redirected output parent is refused without writing through it (5.096ms)
✔ review evidence must be a file and cannot use a directory as a digest source (41.9086ms)
✔ review CLI records the exact binary digest and closes its descriptor (76.1903ms)
✔ same-size review replacement between metadata check and open cannot update a corpus (32.1515ms)
✔ review parent swapped for a symlink or junction before open is rejected (37.4569ms)
✔ same-size pathname replacement after descriptor read is rejected (35.8474ms)
✔ same-size in-place review rewrite cannot hide behind a restored modification time (29.4244ms)
✔ review growth after open stays within its original byte bound and is rejected (24.2461ms)
✔ bounded review reads handle partial reads and reject empty or oversized files (17.6377ms)
✔ native behavioral evidence remains candidate with original local source and no finding impersonation (70.4595ms)
✔ native behavioral activation is denied for mixed support and forged active or retired history (51.8136ms)
✔ native behavioral candidates can be rejected without widening legacy review authority (51.8296ms)
✔ native behavioral bytes, identity claims, source and repeated runs remain validated (122.8557ms)
✔ evidence binds actual audit finding and supplied snapshot without certifying collection or identity (9.9702ms)
✔ accepted missing Project status binds the native serialized report and finding in evidence and observations (36.9506ms)
✔ auditor optional-field normalization retains strict data-only feedback and report validation (54.769ms)
✔ timestamp-only or unrelated snapshot changes do not manufacture repeated supporting evidence (27.4358ms)
✔ partial, cross-scope, stale or missing findings cannot become feedback evidence (12.1331ms)
✔ feedback source pins accept exactly 40 or 64 hexadecimal characters, including supplied evidence (63.5296ms)
✔ candidate, active and retired versions preserve their inputs and have exact transition digests (16.4151ms)
✔ one observation, fabricated evidence bytes and replayed reviews cannot activate a rule (68.5739ms)
✔ reviewer labels and claimed approval booleans do not supply verified review authority (21.7048ms)
✔ explicit rejection remains terminal and contributes no advice (36.8098ms)
✔ prospective expiry is mandatory, bounded, and effective at the exact boundary (93.3506ms)
✔ active capacity cannot expand and supersession retires only the exact predecessor (58.7576ms)
✔ supersession rejects stale targets and cannot cross finding rules (50.8277ms)
✔ active guidance annotates only matching findings without hiding or changing original conclusions (20.7006ms)
✔ broad matching admits at most the finite annotation limit and never truncates an excessive report (342.9316ms)
✔ serialized output bytes are admitted before escaped guidance and evidence references fan out (58.7377ms)
✔ later audits honor activation and retirement while the original report stays identical (35.6663ms)
✔ unknown executable, suppression, assignment and permission options are rejected (134.1952ms)
✔ stale reports, foreign scope and altered evidence fail closed (28.5514ms)
✔ canonical digests ignore property insertion order but reject executable and non-finite data (0.523ms)
✔ reusable corpus validation preserves input and rejects authority claims or altered guidance (15.5663ms)
✔ explicit collector profile requires a hash and cannot relabel a supplied snapshot (3.3056ms)
✔ recurrence requires finite explicit bounds before reading any input (0.8838ms)
✔ finite recurrence reloads snapshot and feedback on every cycle (3.5233ms)
✔ paused and stopped records prevent collection and input reads (3.1833ms)
✔ exhausted persisted attempts reject before snapshot, feedback or live collection (3.4288ms)
✔ watch admits the final allowed attempt and then stops before collecting another snapshot (1.717ms)
✔ source mismatch refuses before reading snapshot or feedback (1.2557ms)
✔ a failed cycle stops recurrence without retrying or losing the failure (1.6876ms)
✔ first snapshot acquisition failure retains one sanitized failed attempt (311.3599ms)
✔ later corpus acquisition failure preserves earlier accepted evidence and consumes one attempt (771.7395ms)
✔ live acquisition failure is retained once without raw error text or a retry (277.0643ms)
✔ pause and stop during failed acquisition remain effective without a new admitted attempt (1881.1964ms)
✔ deadline crossing during failed acquisition prevents late attempt admission (1.6135ms)
✔ interruption during failed acquisition prevents a new admitted attempt (1.4065ms)
✔ duration bounds stop admission after collection without writing a late result (1.2515ms)
✔ interruption during an interval exits without another audit (1.2196ms)
✔ control commands delegate exact action, source and reason without collecting (2.8082ms)
✔ status exposes bounded metadata and no retained finding text (1.1166ms)
✔ one audit writes source-bound immutable private reports and an advisory handoff (429.9127ms)
✔ fresh capture timestamps and transport metrics alone produce no new report or proposal across restart (684.5612ms)
✔ live state binds the exact selected principal and profile through restart and controls (2336.4679ms)
✔ profile metadata cannot convert supplied evidence or a different live principal into accepted observations (267.3181ms)
✔ changed scoped content produces a new receipt while retaining stable finding dedupe (496.1969ms)
✔ resolved findings are recorded without claiming a remote correction (499.4057ms)
✔ stale input fails and preserves a failed attempt, never reusing previous success (652.6983ms)
✔ future input fails and preserves a failed attempt, never reusing previous success (600.8284ms)
✔ incomplete input fails and preserves a failed attempt, never reusing previous success (570.5157ms)
✔ source drift fails and preserves a failed attempt, never reusing previous success (585.9816ms)
✔ changing the caller source pin cannot migrate an existing directory (427.2524ms)
✔ pause prevents input use, resume retains dedupe, and stop cannot resume (2193.1094ms)
✔ concurrent cycles have one winner and never create duplicate accepted receipts (318.0894ms)
✔ retained locks fail closed without PID reuse or timeout-based recovery (16.795ms)
✔ incomplete intent and rollback to an older checkpoint refuse replay (563.6643ms)
✔ tampered referenced artifacts are rejected and preserved (307.5407ms)
✔ output-directory redirection refuses writes through a symlink or junction (10.2683ms)
✔ an unexpected output file is retained, not overwritten or removed (16.8145ms)
✔ status rejects unexpected files in initialized state before accepting its control projection (227.6144ms)
✔ missing, traversal-style and incomplete control requests do not create authority (4.7844ms)
✔ live source claims retain the existing collector identity and zero-write metadata (252.1637ms)
✔ finite convenience API has explicit bounds and performs no scheduling (874.6182ms)
✔ state and artifact redirection are not followed on read (256.742ms)
✔ alter of earlier history is detected after a newer successful cycle (676.2055ms)
✔ delete of earlier history is detected after a newer successful cycle (657.0682ms)
✔ changed implementation pins fail before a new intent is written (413.3667ms)
✔ a directory replaced while a caller holds its lock cannot redirect any artifact write (339.0368ms)
✔ actual corpus activation and retirement change only separately bound advisory output (1381.2117ms)
✔ expiry invalidates cached advisory annotations even without corpus byte changes (571.6468ms)
✔ mixed retained controls and new cycles enforce one transition bound with a reserved terminal stop (58858.7146ms)
✔ accepted snapshots with omitted optional metadata produce parseable JSON artifacts and replay (454.3195ms)
✔ optional auditor metadata works through the real feedback evidence and recurring consumer bridge (511.8032ms)
✔ policy has the ten requested workstreams and never assigns people (3.4206ms)
✔ classification supports Multiplayer (6.2651ms)
✔ classification supports UX/UI (1.9211ms)
✔ classification supports Multi-system execution (1.3157ms)
✔ classification supports Janitor (1.5407ms)
✔ classification supports Dynamic agent teams (1.2465ms)
✔ classification supports DevOps/PR review/branch protection (1.2163ms)
✔ classification supports Security (2.0299ms)
✔ classification supports Agent communication layer (1.2834ms)
✔ classification supports Dark factory automation (1.3625ms)
✔ classification supports Backend scalability / pub-sub (1.1894ms)
✔ classification preserves labels and assignees (12.2358ms)
✔ UX alias means UX/UI (14.547ms)
✔ an unassigned issue is not a violation (4.9839ms)
✔ full fixture audit has zero mutations and catches closing-link conflict (5.6296ms)
✔ non-closing prose overrides no native link, not unrelated partial references (3.9626ms)
✔ explicit do-not-close linked issue is flagged (3.8183ms)
✔ closed unmerged PR does not close an open issue (4.0885ms)
✔ reopened issue remains open after a historical merged PR (5.2228ms)
✔ no automatic close for several partial PRs (6.6473ms)
✔ only explicit dependency section is interpreted (0.2172ms)
✔ code fences and quoted references are not dependency authority (0.2191ms)
✔ native/text dependency disagreement is flagged (5.3755ms)
✔ matching dependencies do not produce a mismatch (4.3093ms)
✔ dependency cycles are bounded and reported once (4.4345ms)
✔ parent hierarchy mismatch and cycle are detected (3.8966ms)
✔ outside-scope dependency is not fetched or treated as complete (3.7829ms)
✔ missing local dependency is unverified, not closed (3.5737ms)
✔ open issue marked Done is flagged without changing the board (4.3203ms)
✔ unknown workstream is a review hint, not a rename (3.3966ms)
✔ locked default branch is flagged, without bypass (3.7309ms)
✔ stale PR source head is reported (3.9821ms)
✔ current independent review is accepted as evidence (3.9943ms)
✔ author approval is not current independent human approval (3.7803ms)
✔ bot approval is not current independent human approval (3.6513ms)
✔ old-head approval is not current independent human approval (3.7562ms)
✔ later comment does not erase a valid prior approval (3.387ms)
✔ failed checks and requested changes are surfaced (3.6278ms)
✔ missing checks are not a success (3.6221ms)
✔ stale snapshots are labeled (3.8166ms)
✔ future snapshots fail closed (1.5291ms)
✔ finding IDs are stable across repeated reads (6.8194ms)
✔ reported secrets are redacted and Markdown is escaped (10.4891ms)
✔ refuses: assign #50 to example-user (4.7903ms)
✔ refuses: label #50 multiplayer (4.7991ms)
✔ refuses: close #50 (4.9207ms)
✔ refuses: merge PR #237 (4.6962ms)
✔ refuses: enable auto-merge (4.5374ms)
✔ refuses: delete a branch (4.8198ms)
✔ refuses: approve PR #237 (4.6232ms)
✔ refuses: can you change the rules (4.4875ms)
✔ question answers use recorded evidence and canonical references (4.9059ms)
✔ reverse dependency questions list dependents (4.8326ms)
✔ unknown questions ask for clarification (5.1227ms)
✔ untrusted instruction text grants no tools (4.4127ms)
✔ snapshot rejects wrong repo (1.1358ms)
✔ snapshot rejects wrong project (0.9827ms)
✔ snapshot rejects partial coverage (1.0738ms)
✔ snapshot rejects wrong count (0.9538ms)
✔ snapshot rejects duplicate issue (1.1786ms)
✔ snapshot rejects hostile URL (1.1017ms)
✔ snapshot rejects hidden project item (1.1752ms)
✔ snapshot rejects cross-repo item (1.2599ms)
✔ snapshot rejects duplicate project item (1.2141ms)
✔ snapshot rejects oversized body (1.3103ms)
✔ collector completes two matching passes with no writes (4.4799ms)
✔ collector rejects issue drift between passes (2.7239ms)
✔ collector rejects incomplete nested dependencies (1.5892ms)
✔ collector rejects a changed PR head/check binding (1.3628ms)
✔ collector rejects repeated pagination cursors (1.158ms)
✔ collector rejects inaccessible connection entries (0.1468ms)
✔ read client verifies Bakar404 and never switches accounts (1.3301ms)
✔ explicit hash-pinned read principal does not change the pilot or read allowlist (16.117ms)
✔ collector profile rejects changed scope or unsupported fields: repository (15.4508ms)
✔ collector profile rejects changed scope or unsupported fields: project_id (16.31ms)
✔ collector profile rejects changed scope or unsupported fields: project_number (15.2513ms)
✔ collector profile rejects changed scope or unsupported fields: token (16.2218ms)
✔ collector profile rejects changed scope or unsupported fields: url (17.8088ms)
✔ collector profile rejects changed scope or unsupported fields: collector_login (18.178ms)
✔ collector profile rejects wrong hashes, changed bytes and duplicate keys (46.1848ms)
✔ profiled collection records the actual principal and rejects identity or profile drift (30.3944ms)
✔ read client exposes no arbitrary query or write operation (1.212ms)
✔ GraphQL cursor remains data, not executable query text (1.1466ms)
✔ GraphQL errors do not become accepted partial data (1.0486ms)
✔ GraphQL reserve prevents further reads (1.0982ms)
✔ collection has an elapsed-time bound (0.9855ms)
✔ dry run uses neither network nor output files (1.2373ms)
✔ CLI rejects apply (0.1411ms)
✔ CLI rejects audit --fixture --live (0.0978ms)
✔ CLI rejects audit --fixture --out ../escape.json (0.1406ms)
✔ CLI rejects audit --dry-run --out file.json (0.1044ms)
✔ CLI rejects audit --fixture --assign example-user (0.0784ms)
✔ CLI rejects ask --fixture (0.1317ms)
✔ actual CLI dry run works from another directory and has no network intent (142.6505ms)
✔ test chat prepares an evidence-based reply without sending it (6.8395ms)
✔ test chat rejects wrong tenant (0.3265ms)
✔ test chat rejects wrong group (0.1465ms)
✔ test chat rejects personal chat (0.1342ms)
✔ test chat rejects other channel (0.13ms)
✔ test chat ignores messages without a mention (0.1359ms)
✔ test chat ignores its own messages (0.1245ms)
✔ test chat refuses mutation requests (5.7482ms)
✔ no production mode or implicit binding (0.2951ms)
ℹ tests 227
ℹ suites 0
ℹ pass 227
ℹ fail 0
ℹ cancelled 0
ℹ skipped 0
ℹ todo 0
ℹ duration_ms 78689.5071
