$ node --test --test-concurrency=2 --test-timeout=180000 scenarios/repo-steward/steward.test.mjs scenarios/repo-steward/actions.test.mjs scenarios/repo-steward/recurring-audit.test.mjs scenarios/repo-steward/feedback.test.mjs scenarios/repo-steward/maintenance.test.mjs scenarios/repo-steward/feedback-cli.test.mjs
✔ Actions preview performs no live reads or summary publication (1.834ms)
✔ Actions fixture uses the real auditor without GitHub access (29.9099ms)
✔ invalid workflow input is rejected during preview without data access (1.3941ms)
✔ hosted live mode rejects non-Actions host before reading data (0.6037ms)
✔ hosted live mode rejects PR event before reading data (0.4109ms)
✔ hosted live mode rejects another repository before reading data (1.3337ms)
✔ hosted live mode rejects feature branch before reading data (0.4427ms)
✔ hosted live mode rejects another actor before reading data (0.2663ms)
✔ hosted live mode rejects another rerun operator before reading data (0.4118ms)
✔ hosted live mode rejects missing triggering actor before reading data (0.5578ms)
✔ hosted live mode rejects missing source commit before reading data (0.4352ms)
✔ hosted live mode rejects disabled pilot before reading data (0.2378ms)
✔ hosted live mode rejects unapproved public summary before reading data (0.186ms)
✔ hosted live mode rejects missing credential before reading data (0.1787ms)
✔ hosted live mode rejects blank credential before reading data (0.221ms)
✔ hosted live mode rejects write-enabled configuration before reading data (0.1879ms)
✔ GITHUB_TOKEN does not substitute for Project-readable credentials (0.3023ms)
✔ an admitted live path collects once and retains zero mutations (8.5926ms)
✔ collector failure does not produce a successful report (0.3474ms)
✔ stale hosted snapshots fail instead of publishing old findings (5.458ms)
✔ public summaries never include free-form source or evidence text (7.4817ms)
✔ summary rejects unknown rule (4.5767ms)
✔ summary rejects bad finding id (4.4174ms)
✔ summary rejects foreign reference (4.1569ms)
✔ summary rejects mutation claim (4.8667ms)
✔ summary rejects wrong scope (4.6339ms)
✔ summary rejects invalid timestamp (6.682ms)
✔ summary rejects bad totals (6.0454ms)
✔ public finding index is bounded without copying omitted details (6.8928ms)
✔ every configured fixture rule has an explicit publication review (7.2212ms)
✔ summary file writes remain inside a supplied native temporary directory (22.3748ms)
✔ Actions CLI rejects unsupported arguments --apply (0.3555ms)
✔ Actions CLI rejects unsupported arguments --live (0.203ms)
✔ Actions CLI rejects unsupported arguments --live (0.1576ms)
✔ actual fixture CLI needs no hosted secrets or Teams SDK (229.7609ms)
✔ manual workflow keeps first-party actions pinned and live credentials isolated (1.3689ms)
✔ feedback CLI rejects unsupported, missing and duplicate transition arguments (2.3933ms)
✔ new-file corpus output preserves the previous version and refuses overwrite (22.9476ms)
✔ initializing a corpus binds the validated input scope without changing its snapshot (41.7622ms)
✔ partial snapshot cannot create a corpus file (26.4213ms)
✔ redirected output parent is refused without writing through it (8.0833ms)
✔ review evidence must be a file and cannot use a directory as a digest source (52.7366ms)
✔ review CLI records the exact binary digest and closes its descriptor (100.7681ms)
✔ same-size review replacement between metadata check and open cannot update a corpus (33.034ms)
✔ review parent swapped for a symlink or junction before open is rejected (38.506ms)
✔ same-size pathname replacement after descriptor read is rejected (45.4359ms)
✔ same-size in-place review rewrite cannot hide behind a restored modification time (36.6473ms)
✔ review growth after open stays within its original byte bound and is rejected (34.3347ms)
✔ bounded review reads handle partial reads and reject empty or oversized files (24.0761ms)
✔ native behavioral evidence remains candidate with original local source and no finding impersonation (85.9708ms)
✔ native behavioral activation is denied for mixed support and forged active or retired history (72.8057ms)
✔ native behavioral candidates can be rejected without widening legacy review authority (74.9518ms)
✔ native behavioral bytes, identity claims, source and repeated runs remain validated (161.6804ms)
✔ evidence binds actual audit finding and supplied snapshot without certifying collection or identity (17.889ms)
✔ accepted missing Project status binds the native serialized report and finding in evidence and observations (49.079ms)
✔ auditor optional-field normalization retains strict data-only feedback and report validation (84.2477ms)
✔ timestamp-only or unrelated snapshot changes do not manufacture repeated supporting evidence (31.4848ms)
✔ partial, cross-scope, stale or missing findings cannot become feedback evidence (15.2025ms)
✔ feedback source pins accept exactly 40 or 64 hexadecimal characters, including supplied evidence (75.8657ms)
✔ candidate, active and retired versions preserve their inputs and have exact transition digests (19.7807ms)
✔ one observation, fabricated evidence bytes and replayed reviews cannot activate a rule (82.2185ms)
✔ reviewer labels and claimed approval booleans do not supply verified review authority (23.2483ms)
✔ explicit rejection remains terminal and contributes no advice (40.1677ms)
✔ prospective expiry is mandatory, bounded, and effective at the exact boundary (134.3359ms)
✔ active capacity cannot expand and supersession retires only the exact predecessor (83.5085ms)
✔ supersession rejects stale targets and cannot cross finding rules (73.8311ms)
✔ active guidance annotates only matching findings without hiding or changing original conclusions (45.2889ms)
✔ broad matching admits at most the finite annotation limit and never truncates an excessive report (428.5483ms)
✔ serialized output bytes are admitted before escaped guidance and evidence references fan out (87.7835ms)
✔ later audits honor activation and retirement while the original report stays identical (56.5383ms)
✔ unknown executable, suppression, assignment and permission options are rejected (178.4803ms)
✔ stale reports, foreign scope and altered evidence fail closed (26.7787ms)
✔ canonical digests ignore property insertion order but reject executable and non-finite data (0.5167ms)
✔ reusable corpus validation preserves input and rejects authority claims or altered guidance (18.2703ms)
✔ explicit collector profile requires a hash and cannot relabel a supplied snapshot (4.8891ms)
✔ recurrence requires finite explicit bounds before reading any input (1.2726ms)
✔ finite recurrence reloads snapshot and feedback on every cycle (3.9983ms)
✔ paused and stopped records prevent collection and input reads (3.8952ms)
✔ exhausted persisted attempts reject before snapshot, feedback or live collection (4.2937ms)
✔ watch admits the final allowed attempt and then stops before collecting another snapshot (2.1401ms)
✔ source mismatch refuses before reading snapshot or feedback (1.5195ms)
✔ a failed cycle stops recurrence without retrying or losing the failure (1.6847ms)
✔ first snapshot acquisition failure retains one sanitized failed attempt (444.6753ms)
✔ later corpus acquisition failure preserves earlier accepted evidence and consumes one attempt (1027.7767ms)
✔ live acquisition failure is retained once without raw error text or a retry (357.3784ms)
✔ pause and stop during failed acquisition remain effective without a new admitted attempt (2677.6821ms)
✔ deadline crossing during failed acquisition prevents late attempt admission (2.0024ms)
✔ interruption during failed acquisition prevents a new admitted attempt (1.5839ms)
✔ duration bounds stop admission after collection without writing a late result (1.466ms)
✔ interruption during an interval exits without another audit (1.5062ms)
✔ control commands delegate exact action, source and reason without collecting (4.143ms)
✔ status exposes bounded metadata and no retained finding text (1.9417ms)
✔ one audit writes source-bound immutable private reports and an advisory handoff (660.2814ms)
✔ fresh capture timestamps and transport metrics alone produce no new report or proposal across restart (918.6792ms)
✔ live state binds the exact selected principal and profile through restart and controls (3230.6977ms)
✔ profile metadata cannot convert supplied evidence or a different live principal into accepted observations (381.2221ms)
✔ changed scoped content produces a new receipt while retaining stable finding dedupe (695.1059ms)
✔ resolved findings are recorded without claiming a remote correction (658.5049ms)
✔ stale input fails and preserves a failed attempt, never reusing previous success (856.0613ms)
✔ future input fails and preserves a failed attempt, never reusing previous success (762.7955ms)
✔ incomplete input fails and preserves a failed attempt, never reusing previous success (723.9951ms)
✔ source drift fails and preserves a failed attempt, never reusing previous success (753.9296ms)
✔ changing the caller source pin cannot migrate an existing directory (641.8402ms)
✔ pause prevents input use, resume retains dedupe, and stop cannot resume (3199.3024ms)
✔ concurrent cycles have one winner and never create duplicate accepted receipts (441.5226ms)
✔ retained locks fail closed without PID reuse or timeout-based recovery (21.5709ms)
✔ incomplete intent and rollback to an older checkpoint refuse replay (699.6977ms)
✔ tampered referenced artifacts are rejected and preserved (373.845ms)
✔ output-directory redirection refuses writes through a symlink or junction (12.6463ms)
✔ an unexpected output file is retained, not overwritten or removed (19.8598ms)
✔ status rejects unexpected files in initialized state before accepting its control projection (292.3039ms)
✔ missing, traversal-style and incomplete control requests do not create authority (4.1496ms)
✔ live source claims retain the existing collector identity and zero-write metadata (285.3969ms)
✔ finite convenience API has explicit bounds and performs no scheduling (1059.5189ms)
✔ state and artifact redirection are not followed on read (267.6789ms)
✔ alter of earlier history is detected after a newer successful cycle (815.09ms)
✔ delete of earlier history is detected after a newer successful cycle (728.3947ms)
✔ changed implementation pins fail before a new intent is written (468.0947ms)
✔ a directory replaced while a caller holds its lock cannot redirect any artifact write (373.503ms)
✔ actual corpus activation and retirement change only separately bound advisory output (1861.1948ms)
✔ expiry invalidates cached advisory annotations even without corpus byte changes (694.2213ms)
✔ mixed retained controls and new cycles enforce one transition bound with a reserved terminal stop (67735.9252ms)
✔ accepted snapshots with omitted optional metadata produce parseable JSON artifacts and replay (546.7867ms)
✔ optional auditor metadata works through the real feedback evidence and recurring consumer bridge (572.1066ms)
✔ policy has the ten requested workstreams and never assigns people (6.4331ms)
✔ classification supports Multiplayer (8.5105ms)
✔ classification supports UX/UI (2.3327ms)
✔ classification supports Multi-system execution (1.7219ms)
✔ classification supports Janitor (1.91ms)
✔ classification supports Dynamic agent teams (1.5179ms)
✔ classification supports DevOps/PR review/branch protection (3.3124ms)
✔ classification supports Security (1.6209ms)
✔ classification supports Agent communication layer (1.54ms)
✔ classification supports Dark factory automation (1.4877ms)
✔ classification supports Backend scalability / pub-sub (1.4835ms)
✔ classification preserves labels and assignees (13.6428ms)
✔ UX alias means UX/UI (17.3851ms)
✔ an unassigned issue is not a violation (6.1403ms)
✔ full fixture audit has zero mutations and catches closing-link conflict (6.5868ms)
✔ non-closing prose overrides no native link, not unrelated partial references (7.4458ms)
✔ explicit do-not-close linked issue is flagged (6.0336ms)
✔ closed unmerged PR does not close an open issue (5.6766ms)
✔ reopened issue remains open after a historical merged PR (4.9522ms)
✔ no automatic close for several partial PRs (8.209ms)
✔ only explicit dependency section is interpreted (0.3277ms)
✔ code fences and quoted references are not dependency authority (0.3631ms)
✔ native/text dependency disagreement is flagged (6.9769ms)
✔ matching dependencies do not produce a mismatch (5.2022ms)
✔ dependency cycles are bounded and reported once (6.139ms)
✔ parent hierarchy mismatch and cycle are detected (7.2165ms)
✔ outside-scope dependency is not fetched or treated as complete (5.3106ms)
✔ missing local dependency is unverified, not closed (4.6437ms)
✔ open issue marked Done is flagged without changing the board (8.0132ms)
✔ unknown workstream is a review hint, not a rename (4.6076ms)
✔ locked default branch is flagged, without bypass (4.6818ms)
✔ stale PR source head is reported (4.9384ms)
✔ current independent review is accepted as evidence (4.4448ms)
✔ author approval is not current independent human approval (4.0249ms)
✔ bot approval is not current independent human approval (3.8592ms)
✔ old-head approval is not current independent human approval (7.1612ms)
✔ later comment does not erase a valid prior approval (4.4595ms)
✔ failed checks and requested changes are surfaced (4.5845ms)
✔ missing checks are not a success (7.061ms)
✔ stale snapshots are labeled (4.3552ms)
✔ future snapshots fail closed (1.8474ms)
✔ finding IDs are stable across repeated reads (10.2103ms)
✔ reported secrets are redacted and Markdown is escaped (16.498ms)
✔ refuses: assign #50 to example-user (7.4242ms)
✔ refuses: label #50 multiplayer (7.819ms)
✔ refuses: close #50 (6.3953ms)
✔ refuses: merge PR #237 (4.6234ms)
✔ refuses: enable auto-merge (7.3961ms)
✔ refuses: delete a branch (9.1322ms)
✔ refuses: approve PR #237 (8.7368ms)
✔ refuses: can you change the rules (7.3746ms)
✔ question answers use recorded evidence and canonical references (6.5919ms)
✔ reverse dependency questions list dependents (6.09ms)
✔ unknown questions ask for clarification (7.0774ms)
✔ untrusted instruction text grants no tools (7.4256ms)
✔ snapshot rejects wrong repo (1.7255ms)
✔ snapshot rejects wrong project (1.3582ms)
✔ snapshot rejects partial coverage (1.745ms)
✔ snapshot rejects wrong count (1.7872ms)
✔ snapshot rejects duplicate issue (2.3394ms)
✔ snapshot rejects hostile URL (1.7972ms)
✔ snapshot rejects hidden project item (1.8202ms)
✔ snapshot rejects cross-repo item (1.9089ms)
✔ snapshot rejects duplicate project item (1.961ms)
✔ snapshot rejects oversized body (1.6688ms)
✔ collector completes two matching passes with no writes (6.4863ms)
✔ collector rejects issue drift between passes (3.591ms)
✔ collector rejects incomplete nested dependencies (1.2698ms)
✔ collector rejects a changed PR head/check binding (1.4302ms)
✔ collector rejects repeated pagination cursors (1.258ms)
✔ collector rejects inaccessible connection entries (0.1522ms)
✔ read client verifies Bakar404 and never switches accounts (1.6532ms)
✔ explicit hash-pinned read principal does not change the pilot or read allowlist (29.6813ms)
✔ collector profile rejects changed scope or unsupported fields: repository (19.7904ms)
✔ collector profile rejects changed scope or unsupported fields: project_id (19.7319ms)
✔ collector profile rejects changed scope or unsupported fields: project_number (20.6884ms)
✔ collector profile rejects changed scope or unsupported fields: token (10.8924ms)
✔ collector profile rejects changed scope or unsupported fields: url (19.4436ms)
✔ collector profile rejects changed scope or unsupported fields: collector_login (19.9582ms)
✔ collector profile rejects wrong hashes, changed bytes and duplicate keys (48.5962ms)
✔ profiled collection records the actual principal and rejects identity or profile drift (43.6571ms)
✔ read client exposes no arbitrary query or write operation (5.0135ms)
✔ GraphQL cursor remains data, not executable query text (2.009ms)
✔ GraphQL errors do not become accepted partial data (1.7546ms)
✔ GraphQL reserve prevents further reads (4.3395ms)
✔ collection has an elapsed-time bound (1.7657ms)
✔ dry run uses neither network nor output files (2.0578ms)
✔ CLI rejects apply (0.2195ms)
✔ CLI rejects audit --fixture --live (0.1979ms)
✔ CLI rejects audit --fixture --out ../escape.json (0.2292ms)
✔ CLI rejects audit --dry-run --out file.json (0.1612ms)
✔ CLI rejects audit --fixture --assign example-user (0.1344ms)
✔ CLI rejects ask --fixture (0.1312ms)
✔ actual CLI dry run works from another directory and has no network intent (193.7384ms)
✔ test chat prepares an evidence-based reply without sending it (8.5846ms)
✔ test chat rejects wrong tenant (0.3461ms)
✔ test chat rejects wrong group (0.1842ms)
✔ test chat rejects personal chat (0.1494ms)
✔ test chat rejects other channel (0.1299ms)
✔ test chat ignores messages without a mention (0.1354ms)
✔ test chat ignores its own messages (0.1227ms)
✔ test chat refuses mutation requests (7.676ms)
✔ no production mode or implicit binding (0.3422ms)
ℹ tests 227
ℹ suites 0
ℹ pass 227
ℹ fail 0
ℹ cancelled 0
ℹ skipped 0
ℹ todo 0
ℹ duration_ms 93661.6906
