    Finished `test` profile [unoptimized] target(s) in 1.27s
     Running unittests src\lib.rs (target\issue236-review-r5\debug\deps\crony_store-55cb383881a956a4.exe)

running 13 tests
test usage_accounting_tests::issue236_usage_aggregate_range_uses_the_existing_rolling_window ... ok
test usage_accounting_tests::issue236_usage_alias_enrichment_is_transitive_and_conflicts_cannot_claim_aliases ... FAILED
test usage_accounting_tests::issue236_usage_equal_counts_and_missing_ids_do_not_collapse_calls ... ok
test usage_accounting_tests::issue236_usage_four_scoped_calls_sum_once_with_replays_and_terminal_evidence ... ok
test usage_accounting_tests::issue236_usage_hard_control_still_prevents_new_charges ... ok
test usage_accounting_tests::issue236_usage_integer_subtotal_overflow_never_partially_updates_counters ... ok
test usage_accounting_tests::issue236_usage_invalid_reports_are_redacted_without_any_partial_charge ... ok
test usage_accounting_tests::issue236_usage_last_call_identity_coverage_uses_the_admitted_session ... FAILED
test usage_accounting_tests::issue236_usage_mission_aggregate_overflow_keeps_the_journal_frame ... ok
test usage_accounting_tests::issue236_usage_optional_session_uses_fenced_run_identity_without_rewriting_provenance ... FAILED
test usage_accounting_tests::issue236_usage_partial_tokens_and_native_units_never_fabricate_free_usd ... ok
test usage_accounting_tests::issue236_usage_requires_exact_assignment_and_matching_native_session ... FAILED
test usage_accounting_tests::issue236_usage_room_revocation_hides_evidence_without_deleting_accounting ... ok

failures:

---- usage_accounting_tests::issue236_usage_alias_enrichment_is_transitive_and_conflicts_cannot_claim_aliases stdout ----

thread 'usage_accounting_tests::issue236_usage_alias_enrichment_is_transitive_and_conflicts_cannot_claim_aliases' (38892) panicked at crates\crony-store\src\usage_accounting_tests.rs:78:9:
assertion `left == right` failed
  left: String("reported")
 right: "unavailable"
note: run with `RUST_BACKTRACE=1` environment variable to display a backtrace

---- usage_accounting_tests::issue236_usage_last_call_identity_coverage_uses_the_admitted_session stdout ----

thread 'usage_accounting_tests::issue236_usage_last_call_identity_coverage_uses_the_admitted_session' (31836) panicked at crates\crony-store\src\usage_accounting_tests.rs:319:5:
assertion `left == right` failed
  left: String("unavailable")
 right: "reported"

---- usage_accounting_tests::issue236_usage_optional_session_uses_fenced_run_identity_without_rewriting_provenance stdout ----

thread 'usage_accounting_tests::issue236_usage_optional_session_uses_fenced_run_identity_without_rewriting_provenance' (46372) panicked at crates\crony-store\src\usage_accounting_tests.rs:78:9:
assertion `left == right` failed
  left: String("reported")
 right: "unavailable"

---- usage_accounting_tests::issue236_usage_requires_exact_assignment_and_matching_native_session stdout ----

thread 'usage_accounting_tests::issue236_usage_requires_exact_assignment_and_matching_native_session' (30708) panicked at crates\crony-store\src\usage_accounting_tests.rs:78:9:
assertion `left == right` failed
  left: String("reported")
 right: "unavailable"


failures:
    usage_accounting_tests::issue236_usage_alias_enrichment_is_transitive_and_conflicts_cannot_claim_aliases
    usage_accounting_tests::issue236_usage_last_call_identity_coverage_uses_the_admitted_session
    usage_accounting_tests::issue236_usage_optional_session_uses_fenced_run_identity_without_rewriting_provenance
    usage_accounting_tests::issue236_usage_requires_exact_assignment_and_matching_native_session

test result: FAILED. 9 passed; 4 failed; 0 ignored; 0 measured; 571 filtered out; finished in 30.49s

error: test failed, to rerun pass `-p crony-store --lib`
