F02 component regressions passed: 124 invalid/reserved cases across all three plan inputs and forward separators.
{"event":"alias-before","drive":"Q:","mapping":null,"fixture":"<local-user>\\AppData\\Local\\Temp\\ecorp-u1-preflight-7b0ed5eb70ee442f81acd3b03e51cd05"}
{"event":"alias-created","drive":"Q:","target":"\\??\\<local-user>\\AppData\\Local\\Temp\\ecorp-u1-preflight-7b0ed5eb70ee442f81acd3b03e51cd05\\retained-office","sameSentinel":true}
F01 native alias rejected in Root.
F01 native alias rejected in Product.
F01 native alias rejected in Protected.
{"event":"alias-cleanup","removedTarget":"\\??\\<local-user>\\AppData\\Local\\Temp\\ecorp-u1-preflight-7b0ed5eb70ee442f81acd3b03e51cd05\\retained-office","drive":"Q:","mapping":null}
{"event":"short-path","distinctAlias":true,"accepted":true}
F01 native short-path overlap rejected: short fixture ancestor.
F01 native short-path overlap rejected: short product.
F01 native short-path overlap rejected: short protected ancestor.
F01 native short-path overlap rejected: multiple missing descendants.
F01 native SUBST/unmapped-drive and simulated mapped/unknown-drive regressions passed.
{"event":"volume-before","drive":"Q:","target":"\\Device\\HarddiskVolume4","mapping":null,"fixture":"<local-user>\\AppData\\Local\\Temp\\ecorp-u1-preflight-7b0ed5eb70ee442f81acd3b03e51cd05"}
{"event":"volume-created","drive":"Q:","target":"\\Device\\HarddiskVolume4","sameSentinel":true}
F01 native same-volume disjoint control passed: Root.
F01 native same-volume disjoint control passed: Product.
F01 native same-volume disjoint control passed: Protected.
F01 native same-volume overlap rejected: Root.
F01 native same-volume overlap rejected: Protected.
F01 native same-volume overlap rejected: Product.
F01 native same-volume overlap rejected: protected drive root.
F01 native same-volume overlap rejected: aliased protected drive root.
{"event":"volume-cleanup","removedTarget":"\\Device\\HarddiskVolume4","drive":"Q:","mapping":null,"exactMatch":true}
F01 native same-volume aliases, disjoint DOS-path controls and drive-root ancestry regressions passed.
F03 native clean control passed with distinct candidate/foreign identities.
F03 native tracked/untracked dirty controls passed; source bytes preserved.
F03 native selection rejected: GIT_DIR+GIT_WORK_TREE
F03 native selection rejected: GIT_DIR
F03 native selection rejected: GIT_WORK_TREE
F03 native selection rejected: GIT_COMMON_DIR
F03 native selection rejected: GIT_INDEX_FILE
F03 native selection rejected: GIT_CONFIG
F03 native selection rejected: GIT_CONFIG_GLOBAL
F03 native selection rejected: GIT_CONFIG_SYSTEM
F03 native selection rejected: GIT_CONFIG_PARAMETERS
F03 native selection rejected: GIT_CONFIG_COUNT+GIT_CONFIG_KEY_0+GIT_CONFIG_VALUE_0
F03 native selection rejected: GIT_CONFIG_VALUE_77
F03 native selection rejected: GIT_OBJECT_DIRECTORY
F03 native selection rejected: GIT_ALTERNATE_OBJECT_DIRECTORIES
F03 native Git selection, identity binding, value non-disclosure and preservation regressions passed.
WARNING: Failed synthetic fixture retained at <local-user>\AppData\Local\Temp\ecorp-u1-preflight-7b0ed5eb70ee442f81acd3b03e51cd05
Exception: <private-evidence>\pr319-preflight-baseline-r2\qa_multiplayer_preflight.test.ps1:7
Line |
   7 |      if (!$Condition) { throw $Message }
     |                         ~~~~~~~~~~~~~~
     | G0 requires the retained-original inventory, reviewed reconciliation and exact adoption together.
