$ node --test --test-concurrency=2 --test-timeout=180000 scenarios/repo-steward/steward.test.mjs scenarios/repo-steward/actions.test.mjs scenarios/repo-steward/recurring-audit.test.mjs scenarios/repo-steward/feedback.test.mjs scenarios/repo-steward/maintenance.test.mjs scenarios/repo-steward/feedback-cli.test.mjs
✔ Actions preview performs no live reads or summary publication (2.5133ms)
✔ Actions fixture uses the real auditor without GitHub access (35.5451ms)
✔ invalid workflow input is rejected during preview without data access (1.0044ms)
✔ hosted live mode rejects non-Actions host before reading data (0.4506ms)
✔ hosted live mode rejects PR event before reading data (1.0615ms)
✔ hosted live mode rejects another repository before reading data (0.2816ms)
✔ hosted live mode rejects feature branch before reading data (0.4173ms)
✔ hosted live mode rejects another actor before reading data (0.2395ms)
✔ hosted live mode rejects another rerun operator before reading data (0.3158ms)
✔ hosted live mode rejects missing triggering actor before reading data (0.5094ms)
✔ hosted live mode rejects missing source commit before reading data (0.3315ms)
✔ hosted live mode rejects disabled pilot before reading data (0.2083ms)
✔ hosted live mode rejects unapproved public summary before reading data (0.1308ms)
✔ hosted live mode rejects missing credential before reading data (0.1114ms)
✔ hosted live mode rejects blank credential before reading data (0.1578ms)
✔ hosted live mode rejects write-enabled configuration before reading data (0.1775ms)
✔ GITHUB_TOKEN does not substitute for Project-readable credentials (0.2214ms)
✔ an admitted live path collects once and retains zero mutations (6.1858ms)
✔ collector failure does not produce a successful report (0.5029ms)
✔ stale hosted snapshots fail instead of publishing old findings (6.1196ms)
✔ public summaries never include free-form source or evidence text (6.661ms)
✔ summary rejects unknown rule (5.0274ms)
✔ summary rejects bad finding id (6.3697ms)
✔ summary rejects foreign reference (5.3475ms)
✔ summary rejects mutation claim (5.2197ms)
✔ summary rejects wrong scope (4.9176ms)
✔ summary rejects invalid timestamp (5.5606ms)
✔ summary rejects bad totals (7.053ms)
✔ public finding index is bounded without copying omitted details (6.6209ms)
✔ every configured fixture rule has an explicit publication review (5.227ms)
✔ summary file writes remain inside a supplied native temporary directory (17.9647ms)
✔ Actions CLI rejects unsupported arguments --apply (0.2706ms)
✔ Actions CLI rejects unsupported arguments --live (0.1632ms)
✔ Actions CLI rejects unsupported arguments --live (0.1158ms)
✔ actual fixture CLI needs no hosted secrets or Teams SDK (216.4698ms)
✔ manual workflow keeps first-party actions pinned and live credentials isolated (15.6702ms)
✔ feedback CLI rejects unsupported, missing and duplicate transition arguments (2.9531ms)
✔ new-file corpus output preserves the previous version and refuses overwrite (28.3084ms)
✔ initializing a corpus binds the validated input scope without changing its snapshot (49.0546ms)
✔ partial snapshot cannot create a corpus file (29.3424ms)
✔ redirected output parent is refused without writing through it (6.0025ms)
✔ review evidence must be a file and cannot use a directory as a digest source (50.5119ms)
✔ review CLI records the exact binary digest and closes its descriptor (109.6917ms)
✔ same-size review replacement between metadata check and open cannot update a corpus (35.4016ms)
✔ review parent swapped for a symlink or junction before open is rejected (39.2517ms)
✔ same-size pathname replacement after descriptor read is rejected (52.8432ms)
✔ same-size in-place review rewrite cannot hide behind a restored modification time (35.0784ms)
✔ review growth after open stays within its original byte bound and is rejected (34.4325ms)
✔ bounded review reads handle partial reads and reject empty or oversized files (26.5144ms)
✔ native behavioral evidence remains candidate with original local source and no finding impersonation (92.049ms)
✔ native behavioral activation is denied for mixed support and forged active or retired history (56.1801ms)
✔ native behavioral candidates can be rejected without widening legacy review authority (50.5727ms)
✔ native behavioral bytes, identity claims, source and repeated runs remain validated (133.0357ms)
✔ evidence binds actual audit finding and supplied snapshot without certifying collection or identity (15.9973ms)
✔ accepted missing Project status binds the native serialized report and finding in evidence and observations (55.9177ms)
✔ auditor optional-field normalization retains strict data-only feedback and report validation (68.2572ms)
✔ timestamp-only or unrelated snapshot changes do not manufacture repeated supporting evidence (39.8743ms)
✔ partial, cross-scope, stale or missing findings cannot become feedback evidence (14.6218ms)
✔ feedback source pins accept exactly 40 or 64 hexadecimal characters, including supplied evidence (90.9494ms)
✔ candidate, active and retired versions preserve their inputs and have exact transition digests (17.9748ms)
✔ one observation, fabricated evidence bytes and replayed reviews cannot activate a rule (106.5132ms)
✔ reviewer labels and claimed approval booleans do not supply verified review authority (30.7264ms)
✔ explicit rejection remains terminal and contributes no advice (57.9636ms)
✔ prospective expiry is mandatory, bounded, and effective at the exact boundary (177.5419ms)
✔ active capacity cannot expand and supersession retires only the exact predecessor (108.6859ms)
✔ supersession rejects stale targets and cannot cross finding rules (92.5997ms)
✔ active guidance annotates only matching findings without hiding or changing original conclusions (59.8048ms)
✔ broad matching admits at most the finite annotation limit and never truncates an excessive report (626.6311ms)
✔ serialized output bytes are admitted before escaped guidance and evidence references fan out (128.1856ms)
✔ later audits honor activation and retirement while the original report stays identical (63.9831ms)
✔ unknown executable, suppression, assignment and permission options are rejected (264.8ms)
✔ stale reports, foreign scope and altered evidence fail closed (45.8156ms)
✔ canonical digests ignore property insertion order but reject executable and non-finite data (0.6091ms)
✔ reusable corpus validation preserves input and rejects authority claims or altered guidance (25.3122ms)
✔ explicit collector profile requires a hash and cannot relabel a supplied snapshot (4.1528ms)
✔ recurrence requires finite explicit bounds before reading any input (0.8603ms)
✔ finite recurrence reloads snapshot and feedback on every cycle (3.2781ms)
✔ paused and stopped records prevent collection and input reads (2.6176ms)
✔ exhausted persisted attempts reject before snapshot, feedback or live collection (2.977ms)
✔ watch admits the final allowed attempt and then stops before collecting another snapshot (4.5675ms)
✔ source mismatch refuses before reading snapshot or feedback (1.5061ms)
✔ a failed cycle stops recurrence without retrying or losing the failure (1.741ms)
✔ first snapshot acquisition failure retains one sanitized failed attempt (364.0532ms)
✔ later corpus acquisition failure preserves earlier accepted evidence and consumes one attempt (1254.9304ms)
✔ live acquisition failure is retained once without raw error text or a retry (502.4563ms)
✔ pause and stop during failed acquisition remain effective without a new admitted attempt (2450.863ms)
✔ deadline crossing during failed acquisition prevents late attempt admission (1.4479ms)
✔ interruption during failed acquisition prevents a new admitted attempt (1.2544ms)
✔ duration bounds stop admission after collection without writing a late result (1.2053ms)
✔ interruption during an interval exits without another audit (1.3898ms)
✔ control commands delegate exact action, source and reason without collecting (3.0396ms)
✔ status exposes bounded metadata and no retained finding text (1.1564ms)
✔ one audit writes source-bound immutable private reports and an advisory handoff (581.0102ms)
✔ fresh capture timestamps and transport metrics alone produce no new report or proposal across restart (854.2936ms)
✔ live state binds the exact selected principal and profile through restart and controls (2975.0822ms)
✔ profile metadata cannot convert supplied evidence or a different live principal into accepted observations (333.2738ms)
✔ changed scoped content produces a new receipt while retaining stable finding dedupe (608.6136ms)
✔ resolved findings are recorded without claiming a remote correction (636.5124ms)
✔ stale input fails and preserves a failed attempt, never reusing previous success (736.4039ms)
✔ future input fails and preserves a failed attempt, never reusing previous success (763.3037ms)
✔ incomplete input fails and preserves a failed attempt, never reusing previous success (709.9186ms)
✔ source drift fails and preserves a failed attempt, never reusing previous success (824.4969ms)
✔ changing the caller source pin cannot migrate an existing directory (620.9459ms)
✔ pause prevents input use, resume retains dedupe, and stop cannot resume (2991.7072ms)
✔ concurrent cycles have one winner and never create duplicate accepted receipts (462.207ms)
✔ retained locks fail closed without PID reuse or timeout-based recovery (19.6907ms)
✔ incomplete intent and rollback to an older checkpoint refuse replay (728.228ms)
✔ tampered referenced artifacts are rejected and preserved (430.5032ms)
✔ output-directory redirection refuses writes through a symlink or junction (11.6994ms)
✔ an unexpected output file is retained, not overwritten or removed (22.0892ms)
✔ status rejects unexpected files in initialized state before accepting its control projection (299.1216ms)
✔ missing, traversal-style and incomplete control requests do not create authority (5.5016ms)
✔ live source claims retain the existing collector identity and zero-write metadata (329.5966ms)
✔ finite convenience API has explicit bounds and performs no scheduling (1507.0999ms)
✔ state and artifact redirection are not followed on read (352.1928ms)
✔ alter of earlier history is detected after a newer successful cycle (853.7442ms)
✔ delete of earlier history is detected after a newer successful cycle (817.9742ms)
✔ changed implementation pins fail before a new intent is written (500.8858ms)
✔ a directory replaced while a caller holds its lock cannot redirect any artifact write (476.0132ms)
✔ actual corpus activation and retirement change only separately bound advisory output (1704.191ms)
✔ expiry invalidates cached advisory annotations even without corpus byte changes (795.4325ms)
✔ mixed retained controls and new cycles enforce one transition bound with a reserved terminal stop (76293.0751ms)
✔ accepted snapshots with omitted optional metadata produce parseable JSON artifacts and replay (539.9654ms)
✔ optional auditor metadata works through the real feedback evidence and recurring consumer bridge (606.1927ms)
✔ policy has the ten requested workstreams and never assigns people (6.1269ms)
✔ classification supports Multiplayer (9.5181ms)
✔ classification supports UX/UI (2.0899ms)
✔ classification supports Multi-system execution (1.3338ms)
✔ classification supports Janitor (1.3652ms)
✔ classification supports Dynamic agent teams (1.331ms)
✔ classification supports DevOps/PR review/branch protection (2.5149ms)
✔ classification supports Security (1.2807ms)
✔ classification supports Agent communication layer (1.5678ms)
✔ classification supports Dark factory automation (4.8155ms)
✔ classification supports Backend scalability / pub-sub (1.503ms)
✔ classification preserves labels and assignees (12.1473ms)
✔ UX alias means UX/UI (15.2843ms)
✔ an unassigned issue is not a violation (6.39ms)
✔ full fixture audit has zero mutations and catches closing-link conflict (5.3893ms)
✔ non-closing prose overrides no native link, not unrelated partial references (7.6317ms)
✔ explicit do-not-close linked issue is flagged (5.0259ms)
✔ closed unmerged PR does not close an open issue (5.8687ms)
✔ reopened issue remains open after a historical merged PR (5.1669ms)
✔ no automatic close for several partial PRs (4.5222ms)
✔ only explicit dependency section is interpreted (0.192ms)
✔ code fences and quoted references are not dependency authority (0.1932ms)
✔ native/text dependency disagreement is flagged (6.4379ms)
✔ matching dependencies do not produce a mismatch (5.2955ms)
✔ dependency cycles are bounded and reported once (5.3597ms)
✔ parent hierarchy mismatch and cycle are detected (6.671ms)
✔ outside-scope dependency is not fetched or treated as complete (6.9624ms)
✔ missing local dependency is unverified, not closed (5.8552ms)
✔ open issue marked Done is flagged without changing the board (11.8107ms)
✔ unknown workstream is a review hint, not a rename (3.9185ms)
✔ locked default branch is flagged, without bypass (4.2661ms)
✔ stale PR source head is reported (3.9171ms)
✔ current independent review is accepted as evidence (5.5539ms)
✔ author approval is not current independent human approval (5.4456ms)
✔ bot approval is not current independent human approval (6.4733ms)
✔ old-head approval is not current independent human approval (5.9488ms)
✔ later comment does not erase a valid prior approval (5.3308ms)
✔ failed checks and requested changes are surfaced (5.4564ms)
✔ missing checks are not a success (5.137ms)
✔ stale snapshots are labeled (3.6471ms)
✔ future snapshots fail closed (1.7653ms)
✔ finding IDs are stable across repeated reads (9.8084ms)
✔ reported secrets are redacted and Markdown is escaped (12.792ms)
✔ refuses: assign #50 to example-user (5.9805ms)
✔ refuses: label #50 multiplayer (5.6209ms)
✔ refuses: close #50 (5.1817ms)
✔ refuses: merge PR #237 (5.3322ms)
✔ refuses: enable auto-merge (4.5168ms)
✔ refuses: delete a branch (4.3206ms)
✔ refuses: approve PR #237 (4.7913ms)
✔ refuses: can you change the rules (7.3846ms)
✔ question answers use recorded evidence and canonical references (5.1507ms)
✔ reverse dependency questions list dependents (4.6519ms)
✔ unknown questions ask for clarification (4.8578ms)
✔ untrusted instruction text grants no tools (6.0508ms)
✔ snapshot rejects wrong repo (1.1601ms)
✔ snapshot rejects wrong project (0.9709ms)
✔ snapshot rejects partial coverage (0.9333ms)
✔ snapshot rejects wrong count (0.9988ms)
✔ snapshot rejects duplicate issue (1.2787ms)
✔ snapshot rejects hostile URL (1.3962ms)
✔ snapshot rejects hidden project item (1.3741ms)
✔ snapshot rejects cross-repo item (1.3964ms)
✔ snapshot rejects duplicate project item (1.5455ms)
✔ snapshot rejects oversized body (1.3483ms)
✔ collector completes two matching passes with no writes (6.8805ms)
✔ collector rejects issue drift between passes (3.0542ms)
✔ collector rejects incomplete nested dependencies (1.7426ms)
✔ collector rejects a changed PR head/check binding (1.6376ms)
✔ collector rejects repeated pagination cursors (1.5312ms)
✔ collector rejects inaccessible connection entries (0.2476ms)
✔ read client verifies Bakar404 and never switches accounts (1.6171ms)
✔ explicit hash-pinned read principal does not change the pilot or read allowlist (20.5003ms)
✔ collector profile rejects changed scope or unsupported fields: repository (20.6081ms)
✔ collector profile rejects changed scope or unsupported fields: project_id (22.6508ms)
✔ collector profile rejects changed scope or unsupported fields: project_number (23.738ms)
✔ collector profile rejects changed scope or unsupported fields: token (21.7478ms)
✔ collector profile rejects changed scope or unsupported fields: url (15.8438ms)
✔ collector profile rejects changed scope or unsupported fields: collector_login (16.9387ms)
✔ collector profile rejects wrong hashes, changed bytes and duplicate keys (51.561ms)
✔ profiled collection records the actual principal and rejects identity or profile drift (35.3006ms)
✔ read client exposes no arbitrary query or write operation (1.6693ms)
✔ GraphQL cursor remains data, not executable query text (1.5299ms)
✔ GraphQL errors do not become accepted partial data (1.467ms)
✔ GraphQL reserve prevents further reads (1.434ms)
✔ collection has an elapsed-time bound (1.3547ms)
✔ dry run uses neither network nor output files (1.3695ms)
✔ CLI rejects apply (0.1479ms)
✔ CLI rejects audit --fixture --live (0.0986ms)
✔ CLI rejects audit --fixture --out ../escape.json (0.1443ms)
✔ CLI rejects audit --dry-run --out file.json (0.0919ms)
✔ CLI rejects audit --fixture --assign example-user (0.0785ms)
✔ CLI rejects ask --fixture (0.1348ms)
✔ actual CLI dry run works from another directory and has no network intent (185.9422ms)
✔ test chat prepares an evidence-based reply without sending it (8.2316ms)
✔ test chat rejects wrong tenant (0.3488ms)
✔ test chat rejects wrong group (0.1501ms)
✔ test chat rejects personal chat (0.1504ms)
✔ test chat rejects other channel (0.1334ms)
✔ test chat ignores messages without a mention (0.1305ms)
✔ test chat ignores its own messages (0.1232ms)
✔ test chat refuses mutation requests (4.5947ms)
✔ no production mode or implicit binding (0.3969ms)
ℹ tests 227
ℹ suites 0
ℹ pass 227
ℹ fail 0
ℹ cancelled 0
ℹ skipped 0
ℹ todo 0
ℹ duration_ms 102938.8178
