$ node --test --test-concurrency=2 --test-timeout=180000 scenarios/repo-steward/steward.test.mjs scenarios/repo-steward/actions.test.mjs scenarios/repo-steward/recurring-audit.test.mjs scenarios/repo-steward/feedback.test.mjs scenarios/repo-steward/maintenance.test.mjs scenarios/repo-steward/feedback-cli.test.mjs
✔ Actions preview performs no live reads or summary publication (2.3906ms)
✔ Actions fixture uses the real auditor without GitHub access (34.599ms)
✔ invalid workflow input is rejected during preview without data access (1.049ms)
✔ hosted live mode rejects non-Actions host before reading data (0.4301ms)
✔ hosted live mode rejects PR event before reading data (1.0308ms)
✔ hosted live mode rejects another repository before reading data (0.2229ms)
✔ hosted live mode rejects feature branch before reading data (0.3222ms)
✔ hosted live mode rejects another actor before reading data (0.2015ms)
✔ hosted live mode rejects another rerun operator before reading data (0.2613ms)
✔ hosted live mode rejects missing triggering actor before reading data (0.398ms)
✔ hosted live mode rejects missing source commit before reading data (0.4052ms)
✔ hosted live mode rejects disabled pilot before reading data (0.2168ms)
✔ hosted live mode rejects unapproved public summary before reading data (0.1766ms)
✔ hosted live mode rejects missing credential before reading data (0.1762ms)
✔ hosted live mode rejects blank credential before reading data (0.1874ms)
✔ hosted live mode rejects write-enabled configuration before reading data (0.2029ms)
✔ GITHUB_TOKEN does not substitute for Project-readable credentials (0.3878ms)
✔ an admitted live path collects once and retains zero mutations (7.152ms)
✔ collector failure does not produce a successful report (0.4467ms)
✔ stale hosted snapshots fail instead of publishing old findings (7.7236ms)
✔ public summaries never include free-form source or evidence text (12.2218ms)
✔ summary rejects unknown rule (6.2181ms)
✔ summary rejects bad finding id (6.9962ms)
✔ summary rejects foreign reference (5.4532ms)
✔ summary rejects mutation claim (6.7304ms)
✔ summary rejects wrong scope (5.9056ms)
✔ summary rejects invalid timestamp (5.8995ms)
✔ summary rejects bad totals (6.2354ms)
✔ public finding index is bounded without copying omitted details (7.5398ms)
✔ every configured fixture rule has an explicit publication review (6.5961ms)
✔ summary file writes remain inside a supplied native temporary directory (19.872ms)
✔ Actions CLI rejects unsupported arguments --apply (0.3229ms)
✔ Actions CLI rejects unsupported arguments --live (0.1293ms)
✔ Actions CLI rejects unsupported arguments --live (0.1241ms)
✔ actual fixture CLI needs no hosted secrets or Teams SDK (174.923ms)
✔ manual workflow keeps first-party actions pinned and live credentials isolated (2.1509ms)
✔ feedback CLI rejects unsupported, missing and duplicate transition arguments (2.9368ms)
✔ new-file corpus output preserves the previous version and refuses overwrite (18.3138ms)
✔ initializing a corpus binds the validated input scope without changing its snapshot (54.7945ms)
✔ partial snapshot cannot create a corpus file (29.979ms)
✔ redirected output parent is refused without writing through it (6.6843ms)
✔ review evidence must be a file and cannot use a directory as a digest source (439.0426ms)
✔ review CLI records the exact binary digest and closes its descriptor (96.3429ms)
✔ same-size review replacement between metadata check and open cannot update a corpus (32.774ms)
✔ review parent swapped for a symlink or junction before open is rejected (36.2757ms)
✔ same-size pathname replacement after descriptor read is rejected (36.7348ms)
✔ same-size in-place review rewrite cannot hide behind a restored modification time (30.259ms)
✔ review growth after open stays within its original byte bound and is rejected (30.1958ms)
✔ bounded review reads handle partial reads and reject empty or oversized files (22.5937ms)
✔ native behavioral evidence remains candidate with original local source and no finding impersonation (87.3731ms)
✔ native behavioral activation is denied for mixed support and forged active or retired history (60.884ms)
✔ native behavioral candidates can be rejected without widening legacy review authority (57.0013ms)
✔ native behavioral bytes, identity claims, source and repeated runs remain validated (136.2694ms)
✔ evidence binds actual audit finding and supplied snapshot without certifying collection or identity (15.1559ms)
✔ accepted missing Project status binds the native serialized report and finding in evidence and observations (47.0252ms)
✔ auditor optional-field normalization retains strict data-only feedback and report validation (65.1307ms)
✔ timestamp-only or unrelated snapshot changes do not manufacture repeated supporting evidence (30.4447ms)
✔ partial, cross-scope, stale or missing findings cannot become feedback evidence (14.1601ms)
✔ feedback source pins accept exactly 40 or 64 hexadecimal characters, including supplied evidence (67.0309ms)
✔ candidate, active and retired versions preserve their inputs and have exact transition digests (19.6151ms)
✔ one observation, fabricated evidence bytes and replayed reviews cannot activate a rule (98.398ms)
✔ reviewer labels and claimed approval booleans do not supply verified review authority (25.6719ms)
✔ explicit rejection remains terminal and contributes no advice (49.2282ms)
✔ prospective expiry is mandatory, bounded, and effective at the exact boundary (114.7209ms)
✔ active capacity cannot expand and supersession retires only the exact predecessor (55.3214ms)
✔ supersession rejects stale targets and cannot cross finding rules (41.3171ms)
✔ active guidance annotates only matching findings without hiding or changing original conclusions (21.8208ms)
✔ broad matching admits at most the finite annotation limit and never truncates an excessive report (383.6541ms)
✔ serialized output bytes are admitted before escaped guidance and evidence references fan out (68.8787ms)
✔ later audits honor activation and retirement while the original report stays identical (40.5331ms)
✔ unknown executable, suppression, assignment and permission options are rejected (152.0335ms)
✔ stale reports, foreign scope and altered evidence fail closed (33.5405ms)
✔ canonical digests ignore property insertion order but reject executable and non-finite data (0.6976ms)
✔ reusable corpus validation preserves input and rejects authority claims or altered guidance (21.5024ms)
✔ explicit collector profile requires a hash and cannot relabel a supplied snapshot (3.1365ms)
✔ recurrence requires finite explicit bounds before reading any input (0.7901ms)
✔ finite recurrence reloads snapshot and feedback on every cycle (2.5225ms)
✔ paused and stopped records prevent collection and input reads (2.2534ms)
✔ exhausted persisted attempts reject before snapshot, feedback or live collection (2.637ms)
✔ watch admits the final allowed attempt and then stops before collecting another snapshot (1.3565ms)
✔ source mismatch refuses before reading snapshot or feedback (1.4121ms)
✔ a failed cycle stops recurrence without retrying or losing the failure (1.399ms)
✔ first snapshot acquisition failure retains one sanitized failed attempt (376.5875ms)
✔ later corpus acquisition failure preserves earlier accepted evidence and consumes one attempt (900.5532ms)
✔ live acquisition failure is retained once without raw error text or a retry (342.0153ms)
✔ pause and stop during failed acquisition remain effective without a new admitted attempt (2107.9796ms)
✔ deadline crossing during failed acquisition prevents late attempt admission (1.5778ms)
✔ interruption during failed acquisition prevents a new admitted attempt (1.2274ms)
✔ duration bounds stop admission after collection without writing a late result (1.0617ms)
✔ interruption during an interval exits without another audit (1.2435ms)
✔ control commands delegate exact action, source and reason without collecting (3.1922ms)
✔ status exposes bounded metadata and no retained finding text (1.3431ms)
✔ one audit writes source-bound immutable private reports and an advisory handoff (458.5124ms)
✔ fresh capture timestamps and transport metrics alone produce no new report or proposal across restart (752.749ms)
✔ live state binds the exact selected principal and profile through restart and controls (2873.4895ms)
✔ profile metadata cannot convert supplied evidence or a different live principal into accepted observations (311.5383ms)
✔ changed scoped content produces a new receipt while retaining stable finding dedupe (1120.6379ms)
✔ resolved findings are recorded without claiming a remote correction (717.4681ms)
✔ stale input fails and preserves a failed attempt, never reusing previous success (849.1262ms)
✔ future input fails and preserves a failed attempt, never reusing previous success (718.4491ms)
✔ incomplete input fails and preserves a failed attempt, never reusing previous success (681.3729ms)
✔ source drift fails and preserves a failed attempt, never reusing previous success (696.3942ms)
✔ changing the caller source pin cannot migrate an existing directory (560.9755ms)
✔ pause prevents input use, resume retains dedupe, and stop cannot resume (2491.2877ms)
✔ concurrent cycles have one winner and never create duplicate accepted receipts (393.9891ms)
✔ retained locks fail closed without PID reuse or timeout-based recovery (18.5748ms)
✔ incomplete intent and rollback to an older checkpoint refuse replay (641.2883ms)
✔ tampered referenced artifacts are rejected and preserved (366.6364ms)
✔ output-directory redirection refuses writes through a symlink or junction (14.8403ms)
✔ an unexpected output file is retained, not overwritten or removed (23.4515ms)
✔ status rejects unexpected files in initialized state before accepting its control projection (271.806ms)
✔ missing, traversal-style and incomplete control requests do not create authority (4.1698ms)
✔ live source claims retain the existing collector identity and zero-write metadata (296.0561ms)
✔ finite convenience API has explicit bounds and performs no scheduling (908.5022ms)
✔ state and artifact redirection are not followed on read (262.1883ms)
✔ alter of earlier history is detected after a newer successful cycle (689.2593ms)
✔ delete of earlier history is detected after a newer successful cycle (695.846ms)
✔ changed implementation pins fail before a new intent is written (405.2377ms)
✔ a directory replaced while a caller holds its lock cannot redirect any artifact write (370.9789ms)
✔ actual corpus activation and retirement change only separately bound advisory output (1355.5165ms)
✔ expiry invalidates cached advisory annotations even without corpus byte changes (636.0564ms)
✔ mixed retained controls and new cycles enforce one transition bound with a reserved terminal stop (74112.6265ms)
✔ accepted snapshots with omitted optional metadata produce parseable JSON artifacts and replay (713.4782ms)
✔ optional auditor metadata works through the real feedback evidence and recurring consumer bridge (800.4752ms)
✔ policy has the ten requested workstreams and never assigns people (3.4156ms)
✔ classification supports Multiplayer (9.2214ms)
✔ classification supports UX/UI (1.956ms)
✔ classification supports Multi-system execution (1.2343ms)
✔ classification supports Janitor (1.3531ms)
✔ classification supports Dynamic agent teams (1.2865ms)
✔ classification supports DevOps/PR review/branch protection (1.3962ms)
✔ classification supports Security (1.2185ms)
✔ classification supports Agent communication layer (1.6017ms)
✔ classification supports Dark factory automation (1.4642ms)
✔ classification supports Backend scalability / pub-sub (1.6964ms)
✔ classification preserves labels and assignees (16.1188ms)
✔ UX alias means UX/UI (16.2112ms)
✔ an unassigned issue is not a violation (5.4272ms)
✔ full fixture audit has zero mutations and catches closing-link conflict (5.5216ms)
✔ non-closing prose overrides no native link, not unrelated partial references (4.5389ms)
✔ explicit do-not-close linked issue is flagged (3.8714ms)
✔ closed unmerged PR does not close an open issue (4.3482ms)
✔ reopened issue remains open after a historical merged PR (3.7511ms)
✔ no automatic close for several partial PRs (4.351ms)
✔ only explicit dependency section is interpreted (0.1879ms)
✔ code fences and quoted references are not dependency authority (0.2282ms)
✔ native/text dependency disagreement is flagged (4.105ms)
✔ matching dependencies do not produce a mismatch (4.4774ms)
✔ dependency cycles are bounded and reported once (6.0717ms)
✔ parent hierarchy mismatch and cycle are detected (7.6347ms)
✔ outside-scope dependency is not fetched or treated as complete (6.1066ms)
✔ missing local dependency is unverified, not closed (4.0988ms)
✔ open issue marked Done is flagged without changing the board (4.8666ms)
✔ unknown workstream is a review hint, not a rename (3.6803ms)
✔ locked default branch is flagged, without bypass (3.9065ms)
✔ stale PR source head is reported (3.6859ms)
✔ current independent review is accepted as evidence (4.4486ms)
✔ author approval is not current independent human approval (4.4989ms)
✔ bot approval is not current independent human approval (3.3507ms)
✔ old-head approval is not current independent human approval (3.6036ms)
✔ later comment does not erase a valid prior approval (3.7042ms)
✔ failed checks and requested changes are surfaced (4.6042ms)
✔ missing checks are not a success (3.4136ms)
✔ stale snapshots are labeled (3.5026ms)
✔ future snapshots fail closed (1.6401ms)
✔ finding IDs are stable across repeated reads (8.0856ms)
✔ reported secrets are redacted and Markdown is escaped (9.3835ms)
✔ refuses: assign #50 to example-user (5.0736ms)
✔ refuses: label #50 multiplayer (4.0785ms)
✔ refuses: close #50 (4.0675ms)
✔ refuses: merge PR #237 (3.9653ms)
✔ refuses: enable auto-merge (4.8799ms)
✔ refuses: delete a branch (3.9818ms)
✔ refuses: approve PR #237 (4.0876ms)
✔ refuses: can you change the rules (4.5055ms)
✔ question answers use recorded evidence and canonical references (4.6238ms)
✔ reverse dependency questions list dependents (4.1785ms)
✔ unknown questions ask for clarification (4.5748ms)
✔ untrusted instruction text grants no tools (4.6497ms)
✔ snapshot rejects wrong repo (1.0844ms)
✔ snapshot rejects wrong project (1.0859ms)
✔ snapshot rejects partial coverage (0.882ms)
✔ snapshot rejects wrong count (0.8766ms)
✔ snapshot rejects duplicate issue (1.1176ms)
✔ snapshot rejects hostile URL (1.0281ms)
✔ snapshot rejects hidden project item (1.1524ms)
✔ snapshot rejects cross-repo item (1.1031ms)
✔ snapshot rejects duplicate project item (1.1729ms)
✔ snapshot rejects oversized body (1.187ms)
✔ collector completes two matching passes with no writes (4.422ms)
✔ collector rejects issue drift between passes (2.4674ms)
✔ collector rejects incomplete nested dependencies (1.0877ms)
✔ collector rejects a changed PR head/check binding (1.1448ms)
✔ collector rejects repeated pagination cursors (1.1298ms)
✔ collector rejects inaccessible connection entries (0.1428ms)
✔ read client verifies Bakar404 and never switches accounts (1.2868ms)
✔ explicit hash-pinned read principal does not change the pilot or read allowlist (16.2857ms)
✔ collector profile rejects changed scope or unsupported fields: repository (18.6613ms)
✔ collector profile rejects changed scope or unsupported fields: project_id (11.0861ms)
✔ collector profile rejects changed scope or unsupported fields: project_number (23.1984ms)
✔ collector profile rejects changed scope or unsupported fields: token (17.7653ms)
✔ collector profile rejects changed scope or unsupported fields: url (9.0231ms)
✔ collector profile rejects changed scope or unsupported fields: collector_login (9.3731ms)
✔ collector profile rejects wrong hashes, changed bytes and duplicate keys (39.7076ms)
✔ profiled collection records the actual principal and rejects identity or profile drift (37.7865ms)
✔ read client exposes no arbitrary query or write operation (1.5861ms)
✔ GraphQL cursor remains data, not executable query text (1.2053ms)
✔ GraphQL errors do not become accepted partial data (1.1257ms)
✔ GraphQL reserve prevents further reads (1.2048ms)
✔ collection has an elapsed-time bound (1.1112ms)
✔ dry run uses neither network nor output files (2.4595ms)
✔ CLI rejects apply (0.2093ms)
✔ CLI rejects audit --fixture --live (0.1269ms)
✔ CLI rejects audit --fixture --out ../escape.json (0.1712ms)
✔ CLI rejects audit --dry-run --out file.json (0.1229ms)
✔ CLI rejects audit --fixture --assign example-user (0.0835ms)
✔ CLI rejects ask --fixture (0.0783ms)
✔ actual CLI dry run works from another directory and has no network intent (193.4272ms)
✔ test chat prepares an evidence-based reply without sending it (8.8127ms)
✔ test chat rejects wrong tenant (0.5365ms)
✔ test chat rejects wrong group (0.2555ms)
✔ test chat rejects personal chat (0.2095ms)
✔ test chat rejects other channel (0.2055ms)
✔ test chat ignores messages without a mention (0.2191ms)
✔ test chat ignores its own messages (0.2116ms)
✔ test chat refuses mutation requests (5.4297ms)
✔ no production mode or implicit binding (0.497ms)
ℹ tests 227
ℹ suites 0
ℹ pass 227
ℹ fail 0
ℹ cancelled 0
ℹ skipped 0
ℹ todo 0
ℹ duration_ms 97891.255
