$ node --test --test-concurrency=2 --test-timeout=180000 scenarios/repo-steward/steward.test.mjs scenarios/repo-steward/actions.test.mjs scenarios/repo-steward/recurring-audit.test.mjs scenarios/repo-steward/feedback.test.mjs scenarios/repo-steward/maintenance.test.mjs scenarios/repo-steward/feedback-cli.test.mjs
✔ Actions preview performs no live reads or summary publication (1.8837ms)
✔ Actions fixture uses the real auditor without GitHub access (26.4084ms)
✔ invalid workflow input is rejected during preview without data access (1.1852ms)
✔ hosted live mode rejects non-Actions host before reading data (0.6014ms)
✔ hosted live mode rejects PR event before reading data (0.3971ms)
✔ hosted live mode rejects another repository before reading data (0.1789ms)
✔ hosted live mode rejects feature branch before reading data (0.2988ms)
✔ hosted live mode rejects another actor before reading data (0.2087ms)
✔ hosted live mode rejects another rerun operator before reading data (0.2997ms)
✔ hosted live mode rejects missing triggering actor before reading data (0.279ms)
✔ hosted live mode rejects missing source commit before reading data (0.3492ms)
✔ hosted live mode rejects disabled pilot before reading data (0.1791ms)
✔ hosted live mode rejects unapproved public summary before reading data (0.1306ms)
✔ hosted live mode rejects missing credential before reading data (0.1469ms)
✔ hosted live mode rejects blank credential before reading data (0.1379ms)
✔ hosted live mode rejects write-enabled configuration before reading data (0.1279ms)
✔ GITHUB_TOKEN does not substitute for Project-readable credentials (0.2165ms)
✔ an admitted live path collects once and retains zero mutations (7.6964ms)
✔ collector failure does not produce a successful report (0.3614ms)
✔ stale hosted snapshots fail instead of publishing old findings (6.4899ms)
✔ public summaries never include free-form source or evidence text (6.325ms)
✔ summary rejects unknown rule (4.245ms)
✔ summary rejects bad finding id (4.7413ms)
✔ summary rejects foreign reference (4.0243ms)
✔ summary rejects mutation claim (4.212ms)
✔ summary rejects wrong scope (4.1482ms)
✔ summary rejects invalid timestamp (4.1133ms)
✔ summary rejects bad totals (4.2649ms)
✔ public finding index is bounded without copying omitted details (4.4443ms)
✔ every configured fixture rule has an explicit publication review (4.8551ms)
✔ summary file writes remain inside a supplied native temporary directory (15.7563ms)
✔ Actions CLI rejects unsupported arguments --apply (0.2524ms)
✔ Actions CLI rejects unsupported arguments --live (0.0927ms)
✔ Actions CLI rejects unsupported arguments --live (0.0888ms)
✔ actual fixture CLI needs no hosted secrets or Teams SDK (173.9626ms)
✔ manual workflow keeps first-party actions pinned and live credentials isolated (1.0647ms)
✔ feedback CLI rejects unsupported, missing and duplicate transition arguments (2.0336ms)
✔ new-file corpus output preserves the previous version and refuses overwrite (28.3578ms)
✔ initializing a corpus binds the validated input scope without changing its snapshot (41.2074ms)
✔ partial snapshot cannot create a corpus file (20.3372ms)
✔ redirected output parent is refused without writing through it (4.8631ms)
✔ review evidence must be a file and cannot use a directory as a digest source (40.8819ms)
✔ review CLI records the exact binary digest and closes its descriptor (66.2632ms)
✔ same-size review replacement between metadata check and open cannot update a corpus (28.4392ms)
✔ review parent swapped for a symlink or junction before open is rejected (31.5043ms)
✔ same-size pathname replacement after descriptor read is rejected (29.4689ms)
✔ same-size in-place review rewrite cannot hide behind a restored modification time (31.89ms)
✔ review growth after open stays within its original byte bound and is rejected (27.2731ms)
✔ bounded review reads handle partial reads and reject empty or oversized files (21.0423ms)
✔ native behavioral evidence remains candidate with original local source and no finding impersonation (63.3654ms)
✔ native behavioral activation is denied for mixed support and forged active or retired history (41.6356ms)
✔ native behavioral candidates can be rejected without widening legacy review authority (41.7652ms)
✔ native behavioral bytes, identity claims, source and repeated runs remain validated (103.9099ms)
✔ evidence binds actual audit finding and supplied snapshot without certifying collection or identity (9.654ms)
✔ accepted missing Project status binds the native serialized report and finding in evidence and observations (36.8872ms)
✔ auditor optional-field normalization retains strict data-only feedback and report validation (56.594ms)
✔ timestamp-only or unrelated snapshot changes do not manufacture repeated supporting evidence (29.4469ms)
✔ partial, cross-scope, stale or missing findings cannot become feedback evidence (13.3121ms)
✔ feedback source pins accept exactly 40 or 64 hexadecimal characters, including supplied evidence (67.7161ms)
✔ candidate, active and retired versions preserve their inputs and have exact transition digests (17.5944ms)
✔ one observation, fabricated evidence bytes and replayed reviews cannot activate a rule (75.6353ms)
✔ reviewer labels and claimed approval booleans do not supply verified review authority (21.609ms)
✔ explicit rejection remains terminal and contributes no advice (38.4139ms)
✔ prospective expiry is mandatory, bounded, and effective at the exact boundary (91.9555ms)
✔ active capacity cannot expand and supersession retires only the exact predecessor (55.3078ms)
✔ supersession rejects stale targets and cannot cross finding rules (45.6796ms)
✔ active guidance annotates only matching findings without hiding or changing original conclusions (27.5094ms)
✔ broad matching admits at most the finite annotation limit and never truncates an excessive report (312.2603ms)
✔ serialized output bytes are admitted before escaped guidance and evidence references fan out (66.2447ms)
✔ later audits honor activation and retirement while the original report stays identical (38.5482ms)
✔ unknown executable, suppression, assignment and permission options are rejected (125.0338ms)
✔ stale reports, foreign scope and altered evidence fail closed (23.221ms)
✔ canonical digests ignore property insertion order but reject executable and non-finite data (0.386ms)
✔ reusable corpus validation preserves input and rejects authority claims or altered guidance (14.827ms)
✔ explicit collector profile requires a hash and cannot relabel a supplied snapshot (2.7434ms)
✔ recurrence requires finite explicit bounds before reading any input (0.8163ms)
✔ finite recurrence reloads snapshot and feedback on every cycle (2.4126ms)
✔ paused and stopped records prevent collection and input reads (2.1813ms)
✔ exhausted persisted attempts reject before snapshot, feedback or live collection (2.9032ms)
✔ watch admits the final allowed attempt and then stops before collecting another snapshot (1.2943ms)
✔ source mismatch refuses before reading snapshot or feedback (1.1144ms)
✔ a failed cycle stops recurrence without retrying or losing the failure (1.5786ms)
✔ first snapshot acquisition failure retains one sanitized failed attempt (299.72ms)
✔ later corpus acquisition failure preserves earlier accepted evidence and consumes one attempt (767.7754ms)
✔ live acquisition failure is retained once without raw error text or a retry (271.8339ms)
✔ pause and stop during failed acquisition remain effective without a new admitted attempt (2200.6105ms)
✔ deadline crossing during failed acquisition prevents late attempt admission (1.428ms)
✔ interruption during failed acquisition prevents a new admitted attempt (1.3864ms)
✔ duration bounds stop admission after collection without writing a late result (1.1302ms)
✔ interruption during an interval exits without another audit (1.2531ms)
✔ control commands delegate exact action, source and reason without collecting (3.3257ms)
✔ status exposes bounded metadata and no retained finding text (1.2203ms)
✔ one audit writes source-bound immutable private reports and an advisory handoff (440.0758ms)
✔ fresh capture timestamps and transport metrics alone produce no new report or proposal across restart (817.9234ms)
✔ live state binds the exact selected principal and profile through restart and controls (2692.1117ms)
✔ profile metadata cannot convert supplied evidence or a different live principal into accepted observations (304.9066ms)
✔ changed scoped content produces a new receipt while retaining stable finding dedupe (549.374ms)
✔ resolved findings are recorded without claiming a remote correction (530.7548ms)
✔ stale input fails and preserves a failed attempt, never reusing previous success (807.7277ms)
✔ future input fails and preserves a failed attempt, never reusing previous success (1020.4289ms)
✔ incomplete input fails and preserves a failed attempt, never reusing previous success (705.1147ms)
✔ source drift fails and preserves a failed attempt, never reusing previous success (672.8075ms)
✔ changing the caller source pin cannot migrate an existing directory (878.0469ms)
✔ pause prevents input use, resume retains dedupe, and stop cannot resume (3252.8336ms)
✔ concurrent cycles have one winner and never create duplicate accepted receipts (373.1833ms)
✔ retained locks fail closed without PID reuse or timeout-based recovery (18.0856ms)
✔ incomplete intent and rollback to an older checkpoint refuse replay (749.6019ms)
✔ tampered referenced artifacts are rejected and preserved (457.8426ms)
✔ output-directory redirection refuses writes through a symlink or junction (31.5233ms)
✔ an unexpected output file is retained, not overwritten or removed (28.5438ms)
✔ status rejects unexpected files in initialized state before accepting its control projection (288.7481ms)
✔ missing, traversal-style and incomplete control requests do not create authority (4.2969ms)
✔ live source claims retain the existing collector identity and zero-write metadata (280.1324ms)
✔ finite convenience API has explicit bounds and performs no scheduling (903.5863ms)
✔ state and artifact redirection are not followed on read (245.0527ms)
✔ alter of earlier history is detected after a newer successful cycle (683.6277ms)
✔ delete of earlier history is detected after a newer successful cycle (932.5575ms)
✔ changed implementation pins fail before a new intent is written (544.8421ms)
✔ a directory replaced while a caller holds its lock cannot redirect any artifact write (347.2257ms)
✔ actual corpus activation and retirement change only separately bound advisory output (1351.4056ms)
✔ expiry invalidates cached advisory annotations even without corpus byte changes (619.2002ms)
✔ mixed retained controls and new cycles enforce one transition bound with a reserved terminal stop (62886.3045ms)
✔ accepted snapshots with omitted optional metadata produce parseable JSON artifacts and replay (441.8613ms)
✔ optional auditor metadata works through the real feedback evidence and recurring consumer bridge (507.5037ms)
✔ policy has the ten requested workstreams and never assigns people (4.4061ms)
✔ classification supports Multiplayer (7.956ms)
✔ classification supports UX/UI (2.4755ms)
✔ classification supports Multi-system execution (3.1856ms)
✔ classification supports Janitor (1.5499ms)
✔ classification supports Dynamic agent teams (1.7385ms)
✔ classification supports DevOps/PR review/branch protection (2.5506ms)
✔ classification supports Security (1.1836ms)
✔ classification supports Agent communication layer (1.2129ms)
✔ classification supports Dark factory automation (1.347ms)
✔ classification supports Backend scalability / pub-sub (1.11ms)
✔ classification preserves labels and assignees (12.3551ms)
✔ UX alias means UX/UI (14.5841ms)
✔ an unassigned issue is not a violation (5.2254ms)
✔ full fixture audit has zero mutations and catches closing-link conflict (5.7847ms)
✔ non-closing prose overrides no native link, not unrelated partial references (6.0725ms)
✔ explicit do-not-close linked issue is flagged (3.7025ms)
✔ closed unmerged PR does not close an open issue (6.7092ms)
✔ reopened issue remains open after a historical merged PR (3.9997ms)
✔ no automatic close for several partial PRs (5.1867ms)
✔ only explicit dependency section is interpreted (0.2194ms)
✔ code fences and quoted references are not dependency authority (0.2407ms)
✔ native/text dependency disagreement is flagged (6.5485ms)
✔ matching dependencies do not produce a mismatch (4.4927ms)
✔ dependency cycles are bounded and reported once (4.6711ms)
✔ parent hierarchy mismatch and cycle are detected (4.4371ms)
✔ outside-scope dependency is not fetched or treated as complete (4.0279ms)
✔ missing local dependency is unverified, not closed (3.8514ms)
✔ open issue marked Done is flagged without changing the board (4.3425ms)
✔ unknown workstream is a review hint, not a rename (3.5298ms)
✔ locked default branch is flagged, without bypass (3.8325ms)
✔ stale PR source head is reported (3.8025ms)
✔ current independent review is accepted as evidence (4.2152ms)
✔ author approval is not current independent human approval (4.3759ms)
✔ bot approval is not current independent human approval (3.388ms)
✔ old-head approval is not current independent human approval (3.4461ms)
✔ later comment does not erase a valid prior approval (3.7698ms)
✔ failed checks and requested changes are surfaced (4.4437ms)
✔ missing checks are not a success (3.5377ms)
✔ stale snapshots are labeled (3.7405ms)
✔ future snapshots fail closed (1.8576ms)
✔ finding IDs are stable across repeated reads (7.654ms)
✔ reported secrets are redacted and Markdown is escaped (12.918ms)
✔ refuses: assign #50 to example-user (5.0271ms)
✔ refuses: label #50 multiplayer (4.4509ms)
✔ refuses: close #50 (4.2982ms)
✔ refuses: merge PR #237 (4.5581ms)
✔ refuses: enable auto-merge (4.88ms)
✔ refuses: delete a branch (4.1509ms)
✔ refuses: approve PR #237 (4.9ms)
✔ refuses: can you change the rules (5.0515ms)
✔ question answers use recorded evidence and canonical references (4.9525ms)
✔ reverse dependency questions list dependents (5.2371ms)
✔ unknown questions ask for clarification (6.8002ms)
✔ untrusted instruction text grants no tools (4.9978ms)
✔ snapshot rejects wrong repo (1.5477ms)
✔ snapshot rejects wrong project (1.115ms)
✔ snapshot rejects partial coverage (1.3245ms)
✔ snapshot rejects wrong count (1.0291ms)
✔ snapshot rejects duplicate issue (1.1468ms)
✔ snapshot rejects hostile URL (1.2663ms)
✔ snapshot rejects hidden project item (1.4785ms)
✔ snapshot rejects cross-repo item (1.3042ms)
✔ snapshot rejects duplicate project item (1.2819ms)
✔ snapshot rejects oversized body (1.2252ms)
✔ collector completes two matching passes with no writes (4.7229ms)
✔ collector rejects issue drift between passes (3.4608ms)
✔ collector rejects incomplete nested dependencies (1.5947ms)
✔ collector rejects a changed PR head/check binding (1.7131ms)
✔ collector rejects repeated pagination cursors (1.5214ms)
✔ collector rejects inaccessible connection entries (0.2112ms)
✔ read client verifies Bakar404 and never switches accounts (1.751ms)
✔ explicit hash-pinned read principal does not change the pilot or read allowlist (23.0126ms)
✔ collector profile rejects changed scope or unsupported fields: repository (11.0074ms)
✔ collector profile rejects changed scope or unsupported fields: project_id (18.8205ms)
✔ collector profile rejects changed scope or unsupported fields: project_number (10.8632ms)
✔ collector profile rejects changed scope or unsupported fields: token (19.6349ms)
✔ collector profile rejects changed scope or unsupported fields: url (11.067ms)
✔ collector profile rejects changed scope or unsupported fields: collector_login (17.8878ms)
✔ collector profile rejects wrong hashes, changed bytes and duplicate keys (51.6116ms)
✔ profiled collection records the actual principal and rejects identity or profile drift (38.3909ms)
✔ read client exposes no arbitrary query or write operation (1.4322ms)
✔ GraphQL cursor remains data, not executable query text (1.3988ms)
✔ GraphQL errors do not become accepted partial data (1.277ms)
✔ GraphQL reserve prevents further reads (1.1176ms)
✔ collection has an elapsed-time bound (1.1086ms)
✔ dry run uses neither network nor output files (1.3352ms)
✔ CLI rejects apply (0.1566ms)
✔ CLI rejects audit --fixture --live (0.0999ms)
✔ CLI rejects audit --fixture --out ../escape.json (0.1432ms)
✔ CLI rejects audit --dry-run --out file.json (0.0911ms)
✔ CLI rejects audit --fixture --assign example-user (0.9094ms)
✔ CLI rejects ask --fixture (0.1471ms)
✔ actual CLI dry run works from another directory and has no network intent (170.464ms)
✔ test chat prepares an evidence-based reply without sending it (6.3076ms)
✔ test chat rejects wrong tenant (0.4106ms)
✔ test chat rejects wrong group (0.1806ms)
✔ test chat rejects personal chat (0.1359ms)
✔ test chat rejects other channel (0.1292ms)
✔ test chat ignores messages without a mention (0.1375ms)
✔ test chat ignores its own messages (0.1271ms)
✔ test chat refuses mutation requests (4.7757ms)
✔ no production mode or implicit binding (0.4335ms)
ℹ tests 227
ℹ suites 0
ℹ pass 227
ℹ fail 0
ℹ cancelled 0
ℹ skipped 0
ℹ todo 0
ℹ duration_ms 86561.2044
