$ node --test --test-concurrency=2 --test-timeout=180000 scenarios/repo-steward/steward.test.mjs scenarios/repo-steward/actions.test.mjs scenarios/repo-steward/recurring-audit.test.mjs scenarios/repo-steward/feedback.test.mjs scenarios/repo-steward/maintenance.test.mjs scenarios/repo-steward/feedback-cli.test.mjs
✔ Actions preview performs no live reads or summary publication (2.4446ms)
✔ Actions fixture uses the real auditor without GitHub access (41.2958ms)
✔ invalid workflow input is rejected during preview without data access (1.3363ms)
✔ hosted live mode rejects non-Actions host before reading data (0.5175ms)
✔ hosted live mode rejects PR event before reading data (0.3861ms)
✔ hosted live mode rejects another repository before reading data (1.3233ms)
✔ hosted live mode rejects feature branch before reading data (0.4109ms)
✔ hosted live mode rejects another actor before reading data (0.2351ms)
✔ hosted live mode rejects another rerun operator before reading data (0.3352ms)
✔ hosted live mode rejects missing triggering actor before reading data (0.3689ms)
✔ hosted live mode rejects missing source commit before reading data (0.5178ms)
✔ hosted live mode rejects disabled pilot before reading data (0.2279ms)
✔ hosted live mode rejects unapproved public summary before reading data (0.1931ms)
✔ hosted live mode rejects missing credential before reading data (0.121ms)
✔ hosted live mode rejects blank credential before reading data (0.1429ms)
✔ hosted live mode rejects write-enabled configuration before reading data (0.1774ms)
✔ GITHUB_TOKEN does not substitute for Project-readable credentials (0.3487ms)
✔ an admitted live path collects once and retains zero mutations (8.4748ms)
✔ collector failure does not produce a successful report (0.378ms)
✔ stale hosted snapshots fail instead of publishing old findings (7.8626ms)
✔ public summaries never include free-form source or evidence text (7.8356ms)
✔ summary rejects unknown rule (4.5887ms)
✔ summary rejects bad finding id (7.3165ms)
✔ summary rejects foreign reference (6.5821ms)
✔ summary rejects mutation claim (6.8997ms)
✔ summary rejects wrong scope (5.7705ms)
✔ summary rejects invalid timestamp (4.8623ms)
✔ summary rejects bad totals (6.7762ms)
✔ public finding index is bounded without copying omitted details (6.6821ms)
✔ every configured fixture rule has an explicit publication review (5.7142ms)
✔ summary file writes remain inside a supplied native temporary directory (11.7406ms)
✔ Actions CLI rejects unsupported arguments --apply (0.334ms)
✔ Actions CLI rejects unsupported arguments --live (0.1688ms)
✔ Actions CLI rejects unsupported arguments --live (0.1498ms)
✔ actual fixture CLI needs no hosted secrets or Teams SDK (247.9359ms)
✔ manual workflow keeps first-party actions pinned and live credentials isolated (2.8548ms)
✔ feedback CLI rejects unsupported, missing and duplicate transition arguments (2.2685ms)
✔ new-file corpus output preserves the previous version and refuses overwrite (16.0846ms)
✔ initializing a corpus binds the validated input scope without changing its snapshot (55.6406ms)
✔ partial snapshot cannot create a corpus file (30.9214ms)
✔ redirected output parent is refused without writing through it (7.5934ms)
✔ review evidence must be a file and cannot use a directory as a digest source (55.8794ms)
✔ review CLI records the exact binary digest and closes its descriptor (86.3392ms)
✔ same-size review replacement between metadata check and open cannot update a corpus (38.7253ms)
✔ review parent swapped for a symlink or junction before open is rejected (49.9268ms)
✔ same-size pathname replacement after descriptor read is rejected (42.0633ms)
✔ same-size in-place review rewrite cannot hide behind a restored modification time (49.4547ms)
✔ review growth after open stays within its original byte bound and is rejected (37.5711ms)
✔ bounded review reads handle partial reads and reject empty or oversized files (26.1477ms)
✔ native behavioral evidence remains candidate with original local source and no finding impersonation (78.6791ms)
✔ native behavioral activation is denied for mixed support and forged active or retired history (53.9704ms)
✔ native behavioral candidates can be rejected without widening legacy review authority (54.1096ms)
✔ native behavioral bytes, identity claims, source and repeated runs remain validated (170.5181ms)
✔ evidence binds actual audit finding and supplied snapshot without certifying collection or identity (16.1351ms)
✔ accepted missing Project status binds the native serialized report and finding in evidence and observations (53.5364ms)
✔ auditor optional-field normalization retains strict data-only feedback and report validation (74.9793ms)
✔ timestamp-only or unrelated snapshot changes do not manufacture repeated supporting evidence (42.262ms)
✔ partial, cross-scope, stale or missing findings cannot become feedback evidence (25.8206ms)
✔ feedback source pins accept exactly 40 or 64 hexadecimal characters, including supplied evidence (93.5804ms)
✔ candidate, active and retired versions preserve their inputs and have exact transition digests (23.8012ms)
✔ one observation, fabricated evidence bytes and replayed reviews cannot activate a rule (88.7796ms)
✔ reviewer labels and claimed approval booleans do not supply verified review authority (27.6989ms)
✔ explicit rejection remains terminal and contributes no advice (54.7218ms)
✔ prospective expiry is mandatory, bounded, and effective at the exact boundary (139.1507ms)
✔ active capacity cannot expand and supersession retires only the exact predecessor (81.1858ms)
✔ supersession rejects stale targets and cannot cross finding rules (59.0618ms)
✔ active guidance annotates only matching findings without hiding or changing original conclusions (31.4375ms)
✔ broad matching admits at most the finite annotation limit and never truncates an excessive report (471.4642ms)
✔ serialized output bytes are admitted before escaped guidance and evidence references fan out (105.8234ms)
✔ later audits honor activation and retirement while the original report stays identical (66.7255ms)
✔ unknown executable, suppression, assignment and permission options are rejected (277.1451ms)
✔ stale reports, foreign scope and altered evidence fail closed (42.818ms)
✔ canonical digests ignore property insertion order but reject executable and non-finite data (0.4481ms)
✔ reusable corpus validation preserves input and rejects authority claims or altered guidance (27.9619ms)
✔ explicit collector profile requires a hash and cannot relabel a supplied snapshot (4.047ms)
✔ recurrence requires finite explicit bounds before reading any input (1.1737ms)
✔ finite recurrence reloads snapshot and feedback on every cycle (2.9302ms)
✔ paused and stopped records prevent collection and input reads (2.7725ms)
✔ exhausted persisted attempts reject before snapshot, feedback or live collection (3.3363ms)
✔ watch admits the final allowed attempt and then stops before collecting another snapshot (1.8101ms)
✔ source mismatch refuses before reading snapshot or feedback (1.5251ms)
✔ a failed cycle stops recurrence without retrying or losing the failure (1.7191ms)
✔ first snapshot acquisition failure retains one sanitized failed attempt (450.47ms)
✔ later corpus acquisition failure preserves earlier accepted evidence and consumes one attempt (1114.3147ms)
✔ live acquisition failure is retained once without raw error text or a retry (531.956ms)
✔ pause and stop during failed acquisition remain effective without a new admitted attempt (3775.3312ms)
✔ deadline crossing during failed acquisition prevents late attempt admission (1.5527ms)
✔ interruption during failed acquisition prevents a new admitted attempt (1.1664ms)
✔ duration bounds stop admission after collection without writing a late result (1.6056ms)
✔ interruption during an interval exits without another audit (1.3047ms)
✔ control commands delegate exact action, source and reason without collecting (3.3097ms)
✔ status exposes bounded metadata and no retained finding text (1.166ms)
✔ one audit writes source-bound immutable private reports and an advisory handoff (788.9084ms)
✔ fresh capture timestamps and transport metrics alone produce no new report or proposal across restart (1251.01ms)
✔ live state binds the exact selected principal and profile through restart and controls (4588.8681ms)
✔ profile metadata cannot convert supplied evidence or a different live principal into accepted observations (467.3901ms)
✔ changed scoped content produces a new receipt while retaining stable finding dedupe (804.9501ms)
✔ resolved findings are recorded without claiming a remote correction (882.7358ms)
✔ stale input fails and preserves a failed attempt, never reusing previous success (922.1298ms)
✔ future input fails and preserves a failed attempt, never reusing previous success (878.1412ms)
✔ incomplete input fails and preserves a failed attempt, never reusing previous success (879.1953ms)
✔ source drift fails and preserves a failed attempt, never reusing previous success (902.9998ms)
✔ changing the caller source pin cannot migrate an existing directory (632.202ms)
✔ pause prevents input use, resume retains dedupe, and stop cannot resume (3195.6824ms)
✔ concurrent cycles have one winner and never create duplicate accepted receipts (622.0991ms)
✔ retained locks fail closed without PID reuse or timeout-based recovery (26.1809ms)
✔ incomplete intent and rollback to an older checkpoint refuse replay (834.0641ms)
✔ tampered referenced artifacts are rejected and preserved (518.9279ms)
✔ output-directory redirection refuses writes through a symlink or junction (17.4429ms)
✔ an unexpected output file is retained, not overwritten or removed (26.2868ms)
✔ status rejects unexpected files in initialized state before accepting its control projection (331.8438ms)
✔ missing, traversal-style and incomplete control requests do not create authority (4.9942ms)
✔ live source claims retain the existing collector identity and zero-write metadata (344.009ms)
✔ finite convenience API has explicit bounds and performs no scheduling (1106.6549ms)
✔ state and artifact redirection are not followed on read (343.3844ms)
✔ alter of earlier history is detected after a newer successful cycle (893.2624ms)
✔ delete of earlier history is detected after a newer successful cycle (850.0518ms)
✔ changed implementation pins fail before a new intent is written (528.405ms)
✔ a directory replaced while a caller holds its lock cannot redirect any artifact write (464.9553ms)
✔ actual corpus activation and retirement change only separately bound advisory output (1916.0271ms)
✔ expiry invalidates cached advisory annotations even without corpus byte changes (836.0251ms)
✔ mixed retained controls and new cycles enforce one transition bound with a reserved terminal stop (84068.3171ms)
✔ accepted snapshots with omitted optional metadata produce parseable JSON artifacts and replay (609.2458ms)
✔ optional auditor metadata works through the real feedback evidence and recurring consumer bridge (615.5077ms)
✔ policy has the ten requested workstreams and never assigns people (5.5974ms)
✔ classification supports Multiplayer (9.6933ms)
✔ classification supports UX/UI (2.5259ms)
✔ classification supports Multi-system execution (2.0086ms)
✔ classification supports Janitor (2.1665ms)
✔ classification supports Dynamic agent teams (1.7741ms)
✔ classification supports DevOps/PR review/branch protection (3.935ms)
✔ classification supports Security (2.2198ms)
✔ classification supports Agent communication layer (2.1207ms)
✔ classification supports Dark factory automation (2.5187ms)
✔ classification supports Backend scalability / pub-sub (1.8623ms)
✔ classification preserves labels and assignees (18.716ms)
✔ UX alias means UX/UI (22.5228ms)
✔ an unassigned issue is not a violation (8.8149ms)
✔ full fixture audit has zero mutations and catches closing-link conflict (8.8117ms)
✔ non-closing prose overrides no native link, not unrelated partial references (7.128ms)
✔ explicit do-not-close linked issue is flagged (8.9536ms)
✔ closed unmerged PR does not close an open issue (7.8501ms)
✔ reopened issue remains open after a historical merged PR (6.8638ms)
✔ no automatic close for several partial PRs (8.024ms)
✔ only explicit dependency section is interpreted (0.269ms)
✔ code fences and quoted references are not dependency authority (0.2788ms)
✔ native/text dependency disagreement is flagged (7.2792ms)
✔ matching dependencies do not produce a mismatch (7.6131ms)
✔ dependency cycles are bounded and reported once (7.4123ms)
✔ parent hierarchy mismatch and cycle are detected (7.4593ms)
✔ outside-scope dependency is not fetched or treated as complete (7.0326ms)
✔ missing local dependency is unverified, not closed (6.0732ms)
✔ open issue marked Done is flagged without changing the board (6.3617ms)
✔ unknown workstream is a review hint, not a rename (5.9614ms)
✔ locked default branch is flagged, without bypass (7.2914ms)
✔ stale PR source head is reported (4.2524ms)
✔ current independent review is accepted as evidence (8.6801ms)
✔ author approval is not current independent human approval (8.1503ms)
✔ bot approval is not current independent human approval (5.6086ms)
✔ old-head approval is not current independent human approval (5.8533ms)
✔ later comment does not erase a valid prior approval (5.0905ms)
✔ failed checks and requested changes are surfaced (4.572ms)
✔ missing checks are not a success (3.6439ms)
✔ stale snapshots are labeled (5.4291ms)
✔ future snapshots fail closed (2.4731ms)
✔ finding IDs are stable across repeated reads (13.6381ms)
✔ reported secrets are redacted and Markdown is escaped (16.7387ms)
✔ refuses: assign #50 to example-user (8.7199ms)
✔ refuses: label #50 multiplayer (7.4523ms)
✔ refuses: close #50 (7.8967ms)
✔ refuses: merge PR #237 (9.4152ms)
✔ refuses: enable auto-merge (7.9429ms)
✔ refuses: delete a branch (8.2891ms)
✔ refuses: approve PR #237 (8.2273ms)
✔ refuses: can you change the rules (8.3232ms)
✔ question answers use recorded evidence and canonical references (7.5607ms)
✔ reverse dependency questions list dependents (6.0721ms)
✔ unknown questions ask for clarification (7.6174ms)
✔ untrusted instruction text grants no tools (9.9236ms)
✔ snapshot rejects wrong repo (1.8063ms)
✔ snapshot rejects wrong project (1.5322ms)
✔ snapshot rejects partial coverage (1.6828ms)
✔ snapshot rejects wrong count (1.3347ms)
✔ snapshot rejects duplicate issue (1.481ms)
✔ snapshot rejects hostile URL (1.3933ms)
✔ snapshot rejects hidden project item (1.3608ms)
✔ snapshot rejects cross-repo item (1.5441ms)
✔ snapshot rejects duplicate project item (1.8666ms)
✔ snapshot rejects oversized body (1.6205ms)
✔ collector completes two matching passes with no writes (5.3215ms)
✔ collector rejects issue drift between passes (4.437ms)
✔ collector rejects incomplete nested dependencies (1.9221ms)
✔ collector rejects a changed PR head/check binding (2.119ms)
✔ collector rejects repeated pagination cursors (1.6985ms)
✔ collector rejects inaccessible connection entries (0.1753ms)
✔ read client verifies Bakar404 and never switches accounts (2.202ms)
✔ explicit hash-pinned read principal does not change the pilot or read allowlist (29.8633ms)
✔ collector profile rejects changed scope or unsupported fields: repository (23.5534ms)
✔ collector profile rejects changed scope or unsupported fields: project_id (22.3445ms)
✔ collector profile rejects changed scope or unsupported fields: project_number (26.1847ms)
✔ collector profile rejects changed scope or unsupported fields: token (24.306ms)
✔ collector profile rejects changed scope or unsupported fields: url (25.1404ms)
✔ collector profile rejects changed scope or unsupported fields: collector_login (24.844ms)
✔ collector profile rejects wrong hashes, changed bytes and duplicate keys (78.4444ms)
✔ profiled collection records the actual principal and rejects identity or profile drift (65.5118ms)
✔ read client exposes no arbitrary query or write operation (1.8021ms)
✔ GraphQL cursor remains data, not executable query text (1.6344ms)
✔ GraphQL errors do not become accepted partial data (2.1579ms)
✔ GraphQL reserve prevents further reads (2.5754ms)
✔ collection has an elapsed-time bound (1.3197ms)
✔ dry run uses neither network nor output files (1.7316ms)
✔ CLI rejects apply (0.2068ms)
✔ CLI rejects audit --fixture --live (0.1641ms)
✔ CLI rejects audit --fixture --out ../escape.json (0.2163ms)
✔ CLI rejects audit --dry-run --out file.json (0.1579ms)
✔ CLI rejects audit --fixture --assign example-user (0.1356ms)
✔ CLI rejects ask --fixture (0.1351ms)
✔ actual CLI dry run works from another directory and has no network intent (226.1215ms)
✔ test chat prepares an evidence-based reply without sending it (7.7793ms)
✔ test chat rejects wrong tenant (0.4979ms)
✔ test chat rejects wrong group (0.2231ms)
✔ test chat rejects personal chat (0.2595ms)
✔ test chat rejects other channel (0.2161ms)
✔ test chat ignores messages without a mention (0.2613ms)
✔ test chat ignores its own messages (0.212ms)
✔ test chat refuses mutation requests (6.6829ms)
✔ no production mode or implicit binding (0.4345ms)
ℹ tests 227
ℹ suites 0
ℹ pass 227
ℹ fail 0
ℹ cancelled 0
ℹ skipped 0
ℹ todo 0
ℹ duration_ms 114516.4101
