✔ renders actual snapshot totals and limitations with pending decisions outside the disclosure (43.7519ms)
✔ revoked refresh renders a refreshable state with no prior titles, spend or decision links (0.8692ms)
✔ changed actor renders a refreshable state with no prior titles, spend or decision links (0.6149ms)
✔ changed Corp renders a refreshable state with no prior titles, spend or decision links (0.4905ms)
✔ offline renders a refreshable state with no prior titles, spend or decision links (0.6075ms)
✔ old receipt renders a refreshable state with no prior titles, spend or decision links (0.4845ms)
✔ missing receipt renders a refreshable state with no prior titles, spend or decision links (0.4798ms)
✔ empty authorized data differs from a failed read (2.1684ms)
✔ missing history and invalid requested amounts stay explicit without crashing the component (3.8638ms)
✔ mission labels use React escaping and never introduce executable markup (3.8163ms)
✔ clock expiry hides totals without polling and navigation rechecks a delayed timer (4.3499ms)
✔ a fresh receipt cancels prior expiration and access loss hides data before effects (3.5091ms)
✔ receipt synchronization does not make a genuinely future receipt current (1.588ms)
✔ StrictMode effect replay owns one receipt sample and expiry with no leaked timer (1.6789ms)
✔ Executive rendering presents recorded outcomes, team and unavailable results without operational controls (43.2298ms)
✔ failed checks, rejections, unknown state, pending decisions and exhausted authority remain outside disclosures (4.377ms)
✔ access denied removes previous mission titles, people, decisions and result links during rendering (0.7855ms)
✔ different actor removes previous mission titles, people, decisions and result links during rendering (0.6604ms)
✔ different Corp removes previous mission titles, people, decisions and result links during rendering (0.6611ms)
✔ offline removes previous mission titles, people, decisions and result links during rendering (0.6338ms)
✔ reconnecting removes previous mission titles, people, decisions and result links during rendering (0.5844ms)
✔ missing receipt removes previous mission titles, people, decisions and result links during rendering (0.5504ms)
✔ expired receipt removes previous mission titles, people, decisions and result links during rendering (0.7461ms)
✔ future receipt removes previous mission titles, people, decisions and result links during rendering (0.8415ms)
✔ an authorized empty snapshot remains distinct from a read failure and is not all-history absence (0.8663ms)
✔ mission and team content is escaped as text (2.4729ms)
✔ receipt expiration removes mission cards and rechecks a click before a throttled timer fires (6.5463ms)
✔ fresh receipts replace their timer and permission loss hides data before effects (3.7416ms)
✔ receipt synchronization retains rejection of a genuinely future receipt (5.3787ms)
✔ StrictMode repeated cleanup/setup leaves one expiry and no timer after unmount (2.4875ms)
✔ owner reuses the existing result reader and keeps the delivered older run (20.9069ms)
✔ admin reuses the existing result reader and keeps the delivered older run (3.8638ms)
✔ manager reuses the existing result reader and keeps the delivered older run (3.385ms)
✔ member reuses the existing result reader and keeps the delivered older run (3.6304ms)
✔ viewer gets no new result authority or publication request (2.3504ms)
✔ guest gets no new result authority or publication request (1.9843ms)
✔ unknown gets no new result authority or publication request (2.0832ms)
✔ missing delivered run remains unavailable without substituting newer work (3.1219ms)
✔ role loss, actor change and A to B to A remove earlier results before effects and reject late requests (7.0276ms)
✔ malformed publication identity fails closed without raw transport or credentials in the UI (2.4782ms)
✔ source selection joins one exact run, task, base, artifact digest and verifier digest (2.9475ms)
✔ provider output remains a separate descriptor and never follows a supplied URI (1.2677ms)
✔ provider evidence preserves a recorded workspace base when the source base is absent (0.4247ms)
✔ readable evidence accepts the established MIME token class, including underscores (41.3052ms)
✔ manifest path filtering stays consistent with a Turkish browser locale (1.4561ms)
✔ streaming read checks trusted length, media and SHA-256 before returning any content (2.6673ms)
✔ expired and known oversize receipts fail before a request (1.2723ms)
✔ artifact failures expose stable categories without reading error bodies (1.4313ms)
✔ redirect, media, length and digest mismatches fail closed (4.7934ms)
✔ a streamed oversize artifact is cancelled without displaying a prefix (1.1475ms)
✔ abort and stream errors remain failures even when cancellation also throws (0.957ms)
✔ schema-1 manifests retain canonical identity, deleted records and exact source selection (2.8295ms)
✔ version, malformed JSON, partial canonical identity and source joins cannot fall back to another run (3.2992ms)
✔ manifest paths, file types, sizes and duplicates are bounded without reading a host path (22.9068ms)
✔ large manifests remain searchable through bounded pages without truncating the count (41.8306ms)
✔ file and diff previews verify bytes and canonical base64 before rendering (32.1383ms)
✔ non-previewable files keep explicit states without extracting archives or bundles (0.9241ms)
✔ preview masking covers likely credentials, private keys and invisible controls without changing hashes (0.9124ms)
ℹ tests 58
ℹ suites 0
ℹ pass 58
ℹ fail 0
ℹ cancelled 0
ℹ skipped 0
ℹ todo 0
ℹ duration_ms 1427.0228
