F02 component regressions passed: 124 invalid/reserved cases across all three plan inputs and forward separators.
{"drive":"Q:","fixture":"<local-user>\\AppData\\Local\\Temp\\ecorp-u1-preflight-57e1d7789ecf4d598096eba61ac10ec2","event":"alias-before","mapping":null}
{"sameSentinel":true,"drive":"Q:","target":"\\??\\<local-user>\\AppData\\Local\\Temp\\ecorp-u1-preflight-57e1d7789ecf4d598096eba61ac10ec2\\retained-office","event":"alias-created"}
F01 native alias rejected in Root.
F01 native alias rejected in Product.
F01 native alias rejected in Protected.
{"removedTarget":"\\??\\<local-user>\\AppData\\Local\\Temp\\ecorp-u1-preflight-57e1d7789ecf4d598096eba61ac10ec2\\retained-office","drive":"Q:","event":"alias-cleanup","mapping":null}
F01 native short-path overlap rejected: short fixture ancestor.
F01 native short-path overlap rejected: short product.
F01 native short-path overlap rejected: short protected ancestor.
F01 native short-path overlap rejected: multiple missing descendants.
{"executed":true,"mode":"Required","status":"passed","event":"native-short-alias","distinctAlias":true}
F01 native SUBST/unmapped-drive and simulated mapped/unknown-drive regressions passed.
{"fixture":"<local-user>\\AppData\\Local\\Temp\\ecorp-u1-preflight-57e1d7789ecf4d598096eba61ac10ec2","drive":"Q:","target":"\\Device\\HarddiskVolume4","event":"volume-before","mapping":null}
{"sameSentinel":true,"drive":"Q:","target":"\\Device\\HarddiskVolume4","event":"volume-created"}
F01 native same-volume disjoint control passed: Root.
F01 native same-volume disjoint control passed: Product.
F01 native same-volume disjoint control passed: Protected.
F01 native same-volume overlap rejected: Root.
F01 native same-volume overlap rejected: Protected.
F01 native same-volume overlap rejected: Product.
F01 native same-volume overlap rejected: protected drive root.
F01 native same-volume overlap rejected: aliased protected drive root.
{"removedTarget":"\\Device\\HarddiskVolume4","drive":"Q:","exactMatch":true,"event":"volume-cleanup","mapping":null}
F01 native same-volume aliases, disjoint DOS-path controls and drive-root ancestry regressions passed.
F03 native short-alias Git identity passed.
F03 native clean control passed with distinct candidate/foreign identities.
F03 native tracked/untracked dirty controls passed; source bytes preserved.
F03 native selection rejected: GIT_DIR+GIT_WORK_TREE
F03 native selection rejected: GIT_DIR
F03 native selection rejected: GIT_WORK_TREE
F03 native selection rejected: GIT_COMMON_DIR
F03 native selection rejected: GIT_INDEX_FILE
F03 native selection rejected: GIT_CONFIG
F03 native selection rejected: GIT_CONFIG_GLOBAL
F03 native selection rejected: GIT_CONFIG_SYSTEM
F03 native selection rejected: GIT_CONFIG_PARAMETERS
F03 native selection rejected: GIT_CONFIG_COUNT+GIT_CONFIG_KEY_0+GIT_CONFIG_VALUE_0
F03 native selection rejected: GIT_CONFIG_VALUE_77
F03 native selection rejected: GIT_OBJECT_DIRECTORY
F03 native selection rejected: GIT_ALTERNATE_OBJECT_DIRECTORIES
F03 native Git selection, identity binding, value non-disclosure and preservation regressions passed.
U1 portable preflight path, port, tool, source, registry, report and read-only regressions passed. Native 8.3 alias lane: passed.
