$ node --test --test-concurrency=2 --test-timeout=180000 scenarios/repo-steward/steward.test.mjs scenarios/repo-steward/actions.test.mjs scenarios/repo-steward/recurring-audit.test.mjs scenarios/repo-steward/feedback.test.mjs scenarios/repo-steward/maintenance.test.mjs scenarios/repo-steward/feedback-cli.test.mjs
✔ Actions preview performs no live reads or summary publication (2.8212ms)
✔ Actions fixture uses the real auditor without GitHub access (30.2213ms)
✔ invalid workflow input is rejected during preview without data access (0.9635ms)
✔ hosted live mode rejects non-Actions host before reading data (0.3801ms)
✔ hosted live mode rejects PR event before reading data (0.3349ms)
✔ hosted live mode rejects another repository before reading data (0.18ms)
✔ hosted live mode rejects feature branch before reading data (0.3424ms)
✔ hosted live mode rejects another actor before reading data (0.2101ms)
✔ hosted live mode rejects another rerun operator before reading data (0.3008ms)
✔ hosted live mode rejects missing triggering actor before reading data (0.3194ms)
✔ hosted live mode rejects missing source commit before reading data (0.3286ms)
✔ hosted live mode rejects disabled pilot before reading data (0.1775ms)
✔ hosted live mode rejects unapproved public summary before reading data (0.1379ms)
✔ hosted live mode rejects missing credential before reading data (0.1154ms)
✔ hosted live mode rejects blank credential before reading data (0.1997ms)
✔ hosted live mode rejects write-enabled configuration before reading data (0.1642ms)
✔ GITHUB_TOKEN does not substitute for Project-readable credentials (0.2246ms)
✔ an admitted live path collects once and retains zero mutations (6.1481ms)
✔ collector failure does not produce a successful report (0.3348ms)
✔ stale hosted snapshots fail instead of publishing old findings (6.1199ms)
✔ public summaries never include free-form source or evidence text (7.4519ms)
✔ summary rejects unknown rule (4.3463ms)
✔ summary rejects bad finding id (6.895ms)
✔ summary rejects foreign reference (5.9524ms)
✔ summary rejects mutation claim (7.8813ms)
✔ summary rejects wrong scope (9.3782ms)
✔ summary rejects invalid timestamp (7.1549ms)
✔ summary rejects bad totals (6.1287ms)
✔ public finding index is bounded without copying omitted details (6.9365ms)
✔ every configured fixture rule has an explicit publication review (5.404ms)
✔ summary file writes remain inside a supplied native temporary directory (19.1208ms)
✔ Actions CLI rejects unsupported arguments --apply (0.272ms)
✔ Actions CLI rejects unsupported arguments --live (0.0972ms)
✔ Actions CLI rejects unsupported arguments --live (0.1254ms)
✔ actual fixture CLI needs no hosted secrets or Teams SDK (209.6319ms)
✔ manual workflow keeps first-party actions pinned and live credentials isolated (16.0413ms)
✔ feedback CLI rejects unsupported, missing and duplicate transition arguments (3.1355ms)
✔ new-file corpus output preserves the previous version and refuses overwrite (26.5357ms)
✔ initializing a corpus binds the validated input scope without changing its snapshot (47.1693ms)
✔ partial snapshot cannot create a corpus file (27.1978ms)
✔ redirected output parent is refused without writing through it (8.1842ms)
✔ review evidence must be a file and cannot use a directory as a digest source (55.2371ms)
✔ review CLI records the exact binary digest and closes its descriptor (88.8888ms)
✔ same-size review replacement between metadata check and open cannot update a corpus (37.4258ms)
✔ review parent swapped for a symlink or junction before open is rejected (38.0559ms)
✔ same-size pathname replacement after descriptor read is rejected (35.5063ms)
✔ same-size in-place review rewrite cannot hide behind a restored modification time (33.4172ms)
✔ review growth after open stays within its original byte bound and is rejected (34.913ms)
✔ bounded review reads handle partial reads and reject empty or oversized files (22.3363ms)
✔ native behavioral evidence remains candidate with original local source and no finding impersonation (76.389ms)
✔ native behavioral activation is denied for mixed support and forged active or retired history (55.4325ms)
✔ native behavioral candidates can be rejected without widening legacy review authority (56.0742ms)
✔ native behavioral bytes, identity claims, source and repeated runs remain validated (147.0484ms)
✔ evidence binds actual audit finding and supplied snapshot without certifying collection or identity (11.4113ms)
✔ accepted missing Project status binds the native serialized report and finding in evidence and observations (42.1587ms)
✔ auditor optional-field normalization retains strict data-only feedback and report validation (65.2227ms)
✔ timestamp-only or unrelated snapshot changes do not manufacture repeated supporting evidence (28.1875ms)
✔ partial, cross-scope, stale or missing findings cannot become feedback evidence (17.4976ms)
✔ feedback source pins accept exactly 40 or 64 hexadecimal characters, including supplied evidence (78.9489ms)
✔ candidate, active and retired versions preserve their inputs and have exact transition digests (21.1647ms)
✔ one observation, fabricated evidence bytes and replayed reviews cannot activate a rule (85.2885ms)
✔ reviewer labels and claimed approval booleans do not supply verified review authority (34.1881ms)
✔ explicit rejection remains terminal and contributes no advice (53.5015ms)
✔ prospective expiry is mandatory, bounded, and effective at the exact boundary (141.9846ms)
✔ active capacity cannot expand and supersession retires only the exact predecessor (61.6806ms)
✔ supersession rejects stale targets and cannot cross finding rules (56.6602ms)
✔ active guidance annotates only matching findings without hiding or changing original conclusions (22.6161ms)
✔ broad matching admits at most the finite annotation limit and never truncates an excessive report (420.2472ms)
✔ serialized output bytes are admitted before escaped guidance and evidence references fan out (74.1551ms)
✔ later audits honor activation and retirement while the original report stays identical (54.1895ms)
✔ unknown executable, suppression, assignment and permission options are rejected (173.9084ms)
✔ stale reports, foreign scope and altered evidence fail closed (26.9825ms)
✔ canonical digests ignore property insertion order but reject executable and non-finite data (0.547ms)
✔ reusable corpus validation preserves input and rejects authority claims or altered guidance (18.7933ms)
✔ explicit collector profile requires a hash and cannot relabel a supplied snapshot (3.3791ms)
✔ recurrence requires finite explicit bounds before reading any input (0.9156ms)
✔ finite recurrence reloads snapshot and feedback on every cycle (2.8103ms)
✔ paused and stopped records prevent collection and input reads (2.9541ms)
✔ exhausted persisted attempts reject before snapshot, feedback or live collection (2.8636ms)
✔ watch admits the final allowed attempt and then stops before collecting another snapshot (1.6626ms)
✔ source mismatch refuses before reading snapshot or feedback (1.3643ms)
✔ a failed cycle stops recurrence without retrying or losing the failure (1.6478ms)
✔ first snapshot acquisition failure retains one sanitized failed attempt (363.9142ms)
✔ later corpus acquisition failure preserves earlier accepted evidence and consumes one attempt (993.6164ms)
✔ live acquisition failure is retained once without raw error text or a retry (377.9769ms)
✔ pause and stop during failed acquisition remain effective without a new admitted attempt (2292.5543ms)
✔ deadline crossing during failed acquisition prevents late attempt admission (1.6412ms)
✔ interruption during failed acquisition prevents a new admitted attempt (2.3597ms)
✔ duration bounds stop admission after collection without writing a late result (3.0242ms)
✔ interruption during an interval exits without another audit (1.2004ms)
✔ control commands delegate exact action, source and reason without collecting (2.9251ms)
✔ status exposes bounded metadata and no retained finding text (0.9761ms)
✔ one audit writes source-bound immutable private reports and an advisory handoff (525.5998ms)
✔ fresh capture timestamps and transport metrics alone produce no new report or proposal across restart (844.2753ms)
✔ live state binds the exact selected principal and profile through restart and controls (2717.7234ms)
✔ profile metadata cannot convert supplied evidence or a different live principal into accepted observations (275.0378ms)
✔ changed scoped content produces a new receipt while retaining stable finding dedupe (582.6441ms)
✔ resolved findings are recorded without claiming a remote correction (566.5425ms)
✔ stale input fails and preserves a failed attempt, never reusing previous success (661.6322ms)
✔ future input fails and preserves a failed attempt, never reusing previous success (652.3842ms)
✔ incomplete input fails and preserves a failed attempt, never reusing previous success (763.8069ms)
✔ source drift fails and preserves a failed attempt, never reusing previous success (881.5112ms)
✔ changing the caller source pin cannot migrate an existing directory (473.9365ms)
✔ pause prevents input use, resume retains dedupe, and stop cannot resume (2405.9645ms)
✔ concurrent cycles have one winner and never create duplicate accepted receipts (362.0676ms)
✔ retained locks fail closed without PID reuse or timeout-based recovery (20.6846ms)
✔ incomplete intent and rollback to an older checkpoint refuse replay (615.7184ms)
✔ tampered referenced artifacts are rejected and preserved (352.9765ms)
✔ output-directory redirection refuses writes through a symlink or junction (10.7052ms)
✔ an unexpected output file is retained, not overwritten or removed (18.4145ms)
✔ status rejects unexpected files in initialized state before accepting its control projection (286.117ms)
✔ missing, traversal-style and incomplete control requests do not create authority (4.7809ms)
✔ live source claims retain the existing collector identity and zero-write metadata (275.5613ms)
✔ finite convenience API has explicit bounds and performs no scheduling (967.0365ms)
✔ state and artifact redirection are not followed on read (260.9285ms)
✔ alter of earlier history is detected after a newer successful cycle (679.9671ms)
✔ delete of earlier history is detected after a newer successful cycle (861.158ms)
✔ changed implementation pins fail before a new intent is written (475.2226ms)
✔ a directory replaced while a caller holds its lock cannot redirect any artifact write (353.9469ms)
✔ actual corpus activation and retirement change only separately bound advisory output (1508.3864ms)
✔ expiry invalidates cached advisory annotations even without corpus byte changes (599.3492ms)
✔ mixed retained controls and new cycles enforce one transition bound with a reserved terminal stop (73910.0584ms)
✔ accepted snapshots with omitted optional metadata produce parseable JSON artifacts and replay (543.9721ms)
✔ optional auditor metadata works through the real feedback evidence and recurring consumer bridge (573.1144ms)
✔ policy has the ten requested workstreams and never assigns people (3.4871ms)
✔ classification supports Multiplayer (6.9979ms)
✔ classification supports UX/UI (2.5402ms)
✔ classification supports Multi-system execution (1.3224ms)
✔ classification supports Janitor (1.409ms)
✔ classification supports Dynamic agent teams (1.1646ms)
✔ classification supports DevOps/PR review/branch protection (2.1671ms)
✔ classification supports Security (1.1553ms)
✔ classification supports Agent communication layer (1.2006ms)
✔ classification supports Dark factory automation (1.3495ms)
✔ classification supports Backend scalability / pub-sub (1.3374ms)
✔ classification preserves labels and assignees (12.4318ms)
✔ UX alias means UX/UI (14.2034ms)
✔ an unassigned issue is not a violation (5.4938ms)
✔ full fixture audit has zero mutations and catches closing-link conflict (5.768ms)
✔ non-closing prose overrides no native link, not unrelated partial references (4.3165ms)
✔ explicit do-not-close linked issue is flagged (3.881ms)
✔ closed unmerged PR does not close an open issue (4.7038ms)
✔ reopened issue remains open after a historical merged PR (3.9091ms)
✔ no automatic close for several partial PRs (5.2458ms)
✔ only explicit dependency section is interpreted (0.2597ms)
✔ code fences and quoted references are not dependency authority (0.2445ms)
✔ native/text dependency disagreement is flagged (4.2251ms)
✔ matching dependencies do not produce a mismatch (4.3408ms)
✔ dependency cycles are bounded and reported once (4.3446ms)
✔ parent hierarchy mismatch and cycle are detected (4.1538ms)
✔ outside-scope dependency is not fetched or treated as complete (4.1413ms)
✔ missing local dependency is unverified, not closed (4.1752ms)
✔ open issue marked Done is flagged without changing the board (6.1788ms)
✔ unknown workstream is a review hint, not a rename (3.6848ms)
✔ locked default branch is flagged, without bypass (4.0744ms)
✔ stale PR source head is reported (3.5215ms)
✔ current independent review is accepted as evidence (4.3454ms)
✔ author approval is not current independent human approval (4.4376ms)
✔ bot approval is not current independent human approval (3.4535ms)
✔ old-head approval is not current independent human approval (3.4553ms)
✔ later comment does not erase a valid prior approval (3.9659ms)
✔ failed checks and requested changes are surfaced (4.3127ms)
✔ missing checks are not a success (3.6516ms)
✔ stale snapshots are labeled (4.2938ms)
✔ future snapshots fail closed (1.769ms)
✔ finding IDs are stable across repeated reads (9.2852ms)
✔ reported secrets are redacted and Markdown is escaped (10.002ms)
✔ refuses: assign #50 to example-user (5.1821ms)
✔ refuses: label #50 multiplayer (4.8673ms)
✔ refuses: close #50 (5.593ms)
✔ refuses: merge PR #237 (6.2118ms)
✔ refuses: enable auto-merge (4.8287ms)
✔ refuses: delete a branch (4.6881ms)
✔ refuses: approve PR #237 (4.3848ms)
✔ refuses: can you change the rules (7.7346ms)
✔ question answers use recorded evidence and canonical references (10.5736ms)
✔ reverse dependency questions list dependents (6.8399ms)
✔ unknown questions ask for clarification (6.7715ms)
✔ untrusted instruction text grants no tools (9.5696ms)
✔ snapshot rejects wrong repo (1.2612ms)
✔ snapshot rejects wrong project (0.9651ms)
✔ snapshot rejects partial coverage (0.8681ms)
✔ snapshot rejects wrong count (0.94ms)
✔ snapshot rejects duplicate issue (1.3436ms)
✔ snapshot rejects hostile URL (1.1415ms)
✔ snapshot rejects hidden project item (1.1192ms)
✔ snapshot rejects cross-repo item (1.242ms)
✔ snapshot rejects duplicate project item (1.2005ms)
✔ snapshot rejects oversized body (1.1364ms)
✔ collector completes two matching passes with no writes (6.1439ms)
✔ collector rejects issue drift between passes (3.1044ms)
✔ collector rejects incomplete nested dependencies (1.1562ms)
✔ collector rejects a changed PR head/check binding (1.1768ms)
✔ collector rejects repeated pagination cursors (1.0846ms)
✔ collector rejects inaccessible connection entries (0.1995ms)
✔ read client verifies Bakar404 and never switches accounts (1.2617ms)
✔ explicit hash-pinned read principal does not change the pilot or read allowlist (19.914ms)
✔ collector profile rejects changed scope or unsupported fields: repository (16.0128ms)
✔ collector profile rejects changed scope or unsupported fields: project_id (15.226ms)
✔ collector profile rejects changed scope or unsupported fields: project_number (15.9569ms)
✔ collector profile rejects changed scope or unsupported fields: token (15.0444ms)
✔ collector profile rejects changed scope or unsupported fields: url (15.6783ms)
✔ collector profile rejects changed scope or unsupported fields: collector_login (15.6856ms)
✔ collector profile rejects wrong hashes, changed bytes and duplicate keys (47.3742ms)
✔ profiled collection records the actual principal and rejects identity or profile drift (43.8703ms)
✔ read client exposes no arbitrary query or write operation (1.8163ms)
✔ GraphQL cursor remains data, not executable query text (1.4718ms)
✔ GraphQL errors do not become accepted partial data (2.0586ms)
✔ GraphQL reserve prevents further reads (1.2746ms)
✔ collection has an elapsed-time bound (1.3063ms)
✔ dry run uses neither network nor output files (1.7988ms)
✔ CLI rejects apply (0.1794ms)
✔ CLI rejects audit --fixture --live (0.1679ms)
✔ CLI rejects audit --fixture --out ../escape.json (0.1727ms)
✔ CLI rejects audit --dry-run --out file.json (0.1126ms)
✔ CLI rejects audit --fixture --assign example-user (0.0959ms)
✔ CLI rejects ask --fixture (0.0984ms)
✔ actual CLI dry run works from another directory and has no network intent (177.4636ms)
✔ test chat prepares an evidence-based reply without sending it (8.248ms)
✔ test chat rejects wrong tenant (0.381ms)
✔ test chat rejects wrong group (0.1484ms)
✔ test chat rejects personal chat (0.1314ms)
✔ test chat rejects other channel (0.1266ms)
✔ test chat ignores messages without a mention (0.1549ms)
✔ test chat ignores its own messages (0.1251ms)
✔ test chat refuses mutation requests (8.7355ms)
✔ no production mode or implicit binding (0.5602ms)
ℹ tests 227
ℹ suites 0
ℹ pass 227
ℹ fail 0
ℹ cancelled 0
ℹ skipped 0
ℹ todo 0
ℹ duration_ms 96948.0689
