$ node --test --test-concurrency=2 --test-timeout=180000 scenarios/repo-steward/steward.test.mjs scenarios/repo-steward/actions.test.mjs scenarios/repo-steward/recurring-audit.test.mjs scenarios/repo-steward/feedback.test.mjs scenarios/repo-steward/maintenance.test.mjs scenarios/repo-steward/feedback-cli.test.mjs
✔ Actions preview performs no live reads or summary publication (2.5114ms)
✔ Actions fixture uses the real auditor without GitHub access (35.0647ms)
✔ invalid workflow input is rejected during preview without data access (1.2929ms)
✔ hosted live mode rejects non-Actions host before reading data (0.4923ms)
✔ hosted live mode rejects PR event before reading data (1.8629ms)
✔ hosted live mode rejects another repository before reading data (0.3039ms)
✔ hosted live mode rejects feature branch before reading data (0.326ms)
✔ hosted live mode rejects another actor before reading data (0.2232ms)
✔ hosted live mode rejects another rerun operator before reading data (0.3921ms)
✔ hosted live mode rejects missing triggering actor before reading data (0.611ms)
✔ hosted live mode rejects missing source commit before reading data (0.3771ms)
✔ hosted live mode rejects disabled pilot before reading data (0.1941ms)
✔ hosted live mode rejects unapproved public summary before reading data (0.1814ms)
✔ hosted live mode rejects missing credential before reading data (0.1248ms)
✔ hosted live mode rejects blank credential before reading data (0.2064ms)
✔ hosted live mode rejects write-enabled configuration before reading data (0.2082ms)
✔ GITHUB_TOKEN does not substitute for Project-readable credentials (0.2439ms)
✔ an admitted live path collects once and retains zero mutations (9.4027ms)
✔ collector failure does not produce a successful report (0.5076ms)
✔ stale hosted snapshots fail instead of publishing old findings (6.3657ms)
✔ public summaries never include free-form source or evidence text (7.8319ms)
✔ summary rejects unknown rule (4.5777ms)
✔ summary rejects bad finding id (6.9494ms)
✔ summary rejects foreign reference (4.9496ms)
✔ summary rejects mutation claim (4.5239ms)
✔ summary rejects wrong scope (4.2553ms)
✔ summary rejects invalid timestamp (5.3819ms)
✔ summary rejects bad totals (6.8188ms)
✔ public finding index is bounded without copying omitted details (8.8568ms)
✔ every configured fixture rule has an explicit publication review (4.5504ms)
✔ summary file writes remain inside a supplied native temporary directory (23.5365ms)
✔ Actions CLI rejects unsupported arguments --apply (0.3076ms)
✔ Actions CLI rejects unsupported arguments --live (0.1422ms)
✔ Actions CLI rejects unsupported arguments --live (0.1346ms)
✔ actual fixture CLI needs no hosted secrets or Teams SDK (277.3181ms)
✔ manual workflow keeps first-party actions pinned and live credentials isolated (3.1795ms)
✔ feedback CLI rejects unsupported, missing and duplicate transition arguments (2.9614ms)
✔ new-file corpus output preserves the previous version and refuses overwrite (30.1345ms)
✔ initializing a corpus binds the validated input scope without changing its snapshot (48.7717ms)
✔ partial snapshot cannot create a corpus file (27.1645ms)
✔ redirected output parent is refused without writing through it (6.2373ms)
✔ review evidence must be a file and cannot use a directory as a digest source (57.1715ms)
✔ review CLI records the exact binary digest and closes its descriptor (96.0526ms)
✔ same-size review replacement between metadata check and open cannot update a corpus (43.4174ms)
✔ review parent swapped for a symlink or junction before open is rejected (54.3688ms)
✔ same-size pathname replacement after descriptor read is rejected (41.3065ms)
✔ same-size in-place review rewrite cannot hide behind a restored modification time (40.683ms)
✔ review growth after open stays within its original byte bound and is rejected (54.4561ms)
✔ bounded review reads handle partial reads and reject empty or oversized files (20.8405ms)
✔ native behavioral evidence remains candidate with original local source and no finding impersonation (88.7655ms)
✔ native behavioral activation is denied for mixed support and forged active or retired history (66.8268ms)
✔ native behavioral candidates can be rejected without widening legacy review authority (59.7519ms)
✔ native behavioral bytes, identity claims, source and repeated runs remain validated (207.6893ms)
✔ evidence binds actual audit finding and supplied snapshot without certifying collection or identity (14.612ms)
✔ accepted missing Project status binds the native serialized report and finding in evidence and observations (58.4802ms)
✔ auditor optional-field normalization retains strict data-only feedback and report validation (83.0745ms)
✔ timestamp-only or unrelated snapshot changes do not manufacture repeated supporting evidence (53.164ms)
✔ partial, cross-scope, stale or missing findings cannot become feedback evidence (19.6743ms)
✔ feedback source pins accept exactly 40 or 64 hexadecimal characters, including supplied evidence (167.8854ms)
✔ candidate, active and retired versions preserve their inputs and have exact transition digests (31.578ms)
✔ one observation, fabricated evidence bytes and replayed reviews cannot activate a rule (128.2826ms)
✔ reviewer labels and claimed approval booleans do not supply verified review authority (41.0973ms)
✔ explicit rejection remains terminal and contributes no advice (66.9299ms)
✔ prospective expiry is mandatory, bounded, and effective at the exact boundary (162.6184ms)
✔ active capacity cannot expand and supersession retires only the exact predecessor (87.88ms)
✔ supersession rejects stale targets and cannot cross finding rules (60.2328ms)
✔ active guidance annotates only matching findings without hiding or changing original conclusions (31.8191ms)
✔ broad matching admits at most the finite annotation limit and never truncates an excessive report (424.0193ms)
✔ serialized output bytes are admitted before escaped guidance and evidence references fan out (85.1317ms)
✔ later audits honor activation and retirement while the original report stays identical (51.9128ms)
✔ unknown executable, suppression, assignment and permission options are rejected (198.6169ms)
✔ stale reports, foreign scope and altered evidence fail closed (42.6527ms)
✔ canonical digests ignore property insertion order but reject executable and non-finite data (0.6968ms)
✔ reusable corpus validation preserves input and rejects authority claims or altered guidance (27.0015ms)
✔ explicit collector profile requires a hash and cannot relabel a supplied snapshot (4.114ms)
✔ recurrence requires finite explicit bounds before reading any input (1.1896ms)
✔ finite recurrence reloads snapshot and feedback on every cycle (3.8131ms)
✔ paused and stopped records prevent collection and input reads (3.0325ms)
✔ exhausted persisted attempts reject before snapshot, feedback or live collection (3.6917ms)
✔ watch admits the final allowed attempt and then stops before collecting another snapshot (2.1251ms)
✔ source mismatch refuses before reading snapshot or feedback (1.6483ms)
✔ a failed cycle stops recurrence without retrying or losing the failure (2.0181ms)
✔ first snapshot acquisition failure retains one sanitized failed attempt (647.2999ms)
✔ later corpus acquisition failure preserves earlier accepted evidence and consumes one attempt (1099.6711ms)
✔ live acquisition failure is retained once without raw error text or a retry (404.0732ms)
✔ pause and stop during failed acquisition remain effective without a new admitted attempt (2496.4821ms)
✔ deadline crossing during failed acquisition prevents late attempt admission (1.6747ms)
✔ interruption during failed acquisition prevents a new admitted attempt (1.3702ms)
✔ duration bounds stop admission after collection without writing a late result (1.4528ms)
✔ interruption during an interval exits without another audit (1.267ms)
✔ control commands delegate exact action, source and reason without collecting (3.2765ms)
✔ status exposes bounded metadata and no retained finding text (1.2017ms)
✔ one audit writes source-bound immutable private reports and an advisory handoff (562.8725ms)
✔ fresh capture timestamps and transport metrics alone produce no new report or proposal across restart (939.9067ms)
✔ live state binds the exact selected principal and profile through restart and controls (2972.628ms)
✔ profile metadata cannot convert supplied evidence or a different live principal into accepted observations (366.7444ms)
✔ changed scoped content produces a new receipt while retaining stable finding dedupe (810.8548ms)
✔ resolved findings are recorded without claiming a remote correction (612.4159ms)
✔ stale input fails and preserves a failed attempt, never reusing previous success (808.2652ms)
✔ future input fails and preserves a failed attempt, never reusing previous success (700.1636ms)
✔ incomplete input fails and preserves a failed attempt, never reusing previous success (776.6423ms)
✔ source drift fails and preserves a failed attempt, never reusing previous success (941.2254ms)
✔ changing the caller source pin cannot migrate an existing directory (606.2033ms)
✔ pause prevents input use, resume retains dedupe, and stop cannot resume (2764.512ms)
✔ concurrent cycles have one winner and never create duplicate accepted receipts (390.0042ms)
✔ retained locks fail closed without PID reuse or timeout-based recovery (19.6286ms)
✔ incomplete intent and rollback to an older checkpoint refuse replay (657.6368ms)
✔ tampered referenced artifacts are rejected and preserved (357.0739ms)
✔ output-directory redirection refuses writes through a symlink or junction (11.4895ms)
✔ an unexpected output file is retained, not overwritten or removed (22.7423ms)
✔ status rejects unexpected files in initialized state before accepting its control projection (282.8469ms)
✔ missing, traversal-style and incomplete control requests do not create authority (5.7005ms)
✔ live source claims retain the existing collector identity and zero-write metadata (293.6188ms)
✔ finite convenience API has explicit bounds and performs no scheduling (992.6735ms)
✔ state and artifact redirection are not followed on read (261.3726ms)
✔ alter of earlier history is detected after a newer successful cycle (713.3368ms)
✔ delete of earlier history is detected after a newer successful cycle (756.9357ms)
✔ changed implementation pins fail before a new intent is written (517.4335ms)
✔ a directory replaced while a caller holds its lock cannot redirect any artifact write (401.7404ms)
✔ actual corpus activation and retirement change only separately bound advisory output (1454.6535ms)
✔ expiry invalidates cached advisory annotations even without corpus byte changes (646.3574ms)
✔ mixed retained controls and new cycles enforce one transition bound with a reserved terminal stop (66603.7374ms)
✔ accepted snapshots with omitted optional metadata produce parseable JSON artifacts and replay (614.1979ms)
✔ optional auditor metadata works through the real feedback evidence and recurring consumer bridge (636.9728ms)
✔ policy has the ten requested workstreams and never assigns people (5.5534ms)
✔ classification supports Multiplayer (11.5533ms)
✔ classification supports UX/UI (2.6237ms)
✔ classification supports Multi-system execution (3.2365ms)
✔ classification supports Janitor (1.8439ms)
✔ classification supports Dynamic agent teams (1.4244ms)
✔ classification supports DevOps/PR review/branch protection (2.5323ms)
✔ classification supports Security (1.9167ms)
✔ classification supports Agent communication layer (1.7137ms)
✔ classification supports Dark factory automation (1.6722ms)
✔ classification supports Backend scalability / pub-sub (1.5056ms)
✔ classification preserves labels and assignees (14.1313ms)
✔ UX alias means UX/UI (15.3567ms)
✔ an unassigned issue is not a violation (8.239ms)
✔ full fixture audit has zero mutations and catches closing-link conflict (6.113ms)
✔ non-closing prose overrides no native link, not unrelated partial references (4.6404ms)
✔ explicit do-not-close linked issue is flagged (3.8315ms)
✔ closed unmerged PR does not close an open issue (5.3896ms)
✔ reopened issue remains open after a historical merged PR (6.3592ms)
✔ no automatic close for several partial PRs (4.884ms)
✔ only explicit dependency section is interpreted (0.2513ms)
✔ code fences and quoted references are not dependency authority (0.261ms)
✔ native/text dependency disagreement is flagged (5.0451ms)
✔ matching dependencies do not produce a mismatch (4.752ms)
✔ dependency cycles are bounded and reported once (5.1568ms)
✔ parent hierarchy mismatch and cycle are detected (4.7404ms)
✔ outside-scope dependency is not fetched or treated as complete (4.6551ms)
✔ missing local dependency is unverified, not closed (4.1944ms)
✔ open issue marked Done is flagged without changing the board (5.0332ms)
✔ unknown workstream is a review hint, not a rename (3.9073ms)
✔ locked default branch is flagged, without bypass (4.2019ms)
✔ stale PR source head is reported (4.2854ms)
✔ current independent review is accepted as evidence (5.1011ms)
✔ author approval is not current independent human approval (4.8537ms)
✔ bot approval is not current independent human approval (4.5465ms)
✔ old-head approval is not current independent human approval (4.4207ms)
✔ later comment does not erase a valid prior approval (6.3145ms)
✔ failed checks and requested changes are surfaced (6.63ms)
✔ missing checks are not a success (5.6392ms)
✔ stale snapshots are labeled (4.6347ms)
✔ future snapshots fail closed (2.0082ms)
✔ finding IDs are stable across repeated reads (9.5025ms)
✔ reported secrets are redacted and Markdown is escaped (14.0831ms)
✔ refuses: assign #50 to example-user (7.683ms)
✔ refuses: label #50 multiplayer (7.0362ms)
✔ refuses: close #50 (6.899ms)
✔ refuses: merge PR #237 (7.64ms)
✔ refuses: enable auto-merge (5.0724ms)
✔ refuses: delete a branch (5.3088ms)
✔ refuses: approve PR #237 (6.9924ms)
✔ refuses: can you change the rules (6.3273ms)
✔ question answers use recorded evidence and canonical references (10.5429ms)
✔ reverse dependency questions list dependents (7.3451ms)
✔ unknown questions ask for clarification (7.2278ms)
✔ untrusted instruction text grants no tools (6.1799ms)
✔ snapshot rejects wrong repo (1.6593ms)
✔ snapshot rejects wrong project (1.3236ms)
✔ snapshot rejects partial coverage (1.2371ms)
✔ snapshot rejects wrong count (1.2147ms)
✔ snapshot rejects duplicate issue (1.8531ms)
✔ snapshot rejects hostile URL (1.7263ms)
✔ snapshot rejects hidden project item (1.648ms)
✔ snapshot rejects cross-repo item (1.7474ms)
✔ snapshot rejects duplicate project item (1.7603ms)
✔ snapshot rejects oversized body (1.5971ms)
✔ collector completes two matching passes with no writes (6.6218ms)
✔ collector rejects issue drift between passes (3.7105ms)
✔ collector rejects incomplete nested dependencies (1.6904ms)
✔ collector rejects a changed PR head/check binding (1.6154ms)
✔ collector rejects repeated pagination cursors (1.4733ms)
✔ collector rejects inaccessible connection entries (0.1783ms)
✔ read client verifies Bakar404 and never switches accounts (1.6008ms)
✔ explicit hash-pinned read principal does not change the pilot or read allowlist (19.2389ms)
✔ collector profile rejects changed scope or unsupported fields: repository (10.0169ms)
✔ collector profile rejects changed scope or unsupported fields: project_id (17.2312ms)
✔ collector profile rejects changed scope or unsupported fields: project_number (16.9822ms)
✔ collector profile rejects changed scope or unsupported fields: token (17.9626ms)
✔ collector profile rejects changed scope or unsupported fields: url (11.4078ms)
✔ collector profile rejects changed scope or unsupported fields: collector_login (11.5875ms)
✔ collector profile rejects wrong hashes, changed bytes and duplicate keys (45.5574ms)
✔ profiled collection records the actual principal and rejects identity or profile drift (47.8548ms)
✔ read client exposes no arbitrary query or write operation (1.776ms)
✔ GraphQL cursor remains data, not executable query text (1.4341ms)
✔ GraphQL errors do not become accepted partial data (1.2666ms)
✔ GraphQL reserve prevents further reads (1.9976ms)
✔ collection has an elapsed-time bound (1.3592ms)
✔ dry run uses neither network nor output files (1.6971ms)
✔ CLI rejects apply (0.1977ms)
✔ CLI rejects audit --fixture --live (0.106ms)
✔ CLI rejects audit --fixture --out ../escape.json (0.1761ms)
✔ CLI rejects audit --dry-run --out file.json (0.103ms)
✔ CLI rejects audit --fixture --assign example-user (0.0826ms)
✔ CLI rejects ask --fixture (0.1177ms)
✔ actual CLI dry run works from another directory and has no network intent (158.1538ms)
✔ test chat prepares an evidence-based reply without sending it (6.2385ms)
✔ test chat rejects wrong tenant (0.3445ms)
✔ test chat rejects wrong group (0.1488ms)
✔ test chat rejects personal chat (0.1372ms)
✔ test chat rejects other channel (0.1343ms)
✔ test chat ignores messages without a mention (0.1372ms)
✔ test chat ignores its own messages (0.131ms)
✔ test chat refuses mutation requests (5.9917ms)
✔ no production mode or implicit binding (0.4035ms)
ℹ tests 227
ℹ suites 0
ℹ pass 227
ℹ fail 0
ℹ cancelled 0
ℹ skipped 0
ℹ todo 0
ℹ duration_ms 91926.0897
