$ node --test --test-concurrency=2 --test-timeout=180000 scenarios/repo-steward/steward.test.mjs scenarios/repo-steward/actions.test.mjs scenarios/repo-steward/recurring-audit.test.mjs scenarios/repo-steward/feedback.test.mjs scenarios/repo-steward/maintenance.test.mjs scenarios/repo-steward/feedback-cli.test.mjs
✔ Actions preview performs no live reads or summary publication (1.7444ms)
✔ Actions fixture uses the real auditor without GitHub access (27.3694ms)
✔ invalid workflow input is rejected during preview without data access (1.0363ms)
✔ hosted live mode rejects non-Actions host before reading data (0.3718ms)
✔ hosted live mode rejects PR event before reading data (1.0383ms)
✔ hosted live mode rejects another repository before reading data (0.1891ms)
✔ hosted live mode rejects feature branch before reading data (0.3013ms)
✔ hosted live mode rejects another actor before reading data (0.1946ms)
✔ hosted live mode rejects another rerun operator before reading data (0.3537ms)
✔ hosted live mode rejects missing triggering actor before reading data (0.5238ms)
✔ hosted live mode rejects missing source commit before reading data (0.3686ms)
✔ hosted live mode rejects disabled pilot before reading data (0.1662ms)
✔ hosted live mode rejects unapproved public summary before reading data (0.1397ms)
✔ hosted live mode rejects missing credential before reading data (0.1159ms)
✔ hosted live mode rejects blank credential before reading data (0.1754ms)
✔ hosted live mode rejects write-enabled configuration before reading data (0.1417ms)
✔ GITHUB_TOKEN does not substitute for Project-readable credentials (0.2932ms)
✔ an admitted live path collects once and retains zero mutations (7.7176ms)
✔ collector failure does not produce a successful report (0.4241ms)
✔ stale hosted snapshots fail instead of publishing old findings (5.1674ms)
✔ public summaries never include free-form source or evidence text (5.2459ms)
✔ summary rejects unknown rule (3.9854ms)
✔ summary rejects bad finding id (4.1168ms)
✔ summary rejects foreign reference (4.3446ms)
✔ summary rejects mutation claim (4.63ms)
✔ summary rejects wrong scope (4.1419ms)
✔ summary rejects invalid timestamp (4.4193ms)
✔ summary rejects bad totals (7.3277ms)
✔ public finding index is bounded without copying omitted details (6.627ms)
✔ every configured fixture rule has an explicit publication review (4.1614ms)
✔ summary file writes remain inside a supplied native temporary directory (15.6252ms)
✔ Actions CLI rejects unsupported arguments --apply (0.1913ms)
✔ Actions CLI rejects unsupported arguments --live (0.0935ms)
✔ Actions CLI rejects unsupported arguments --live (0.0851ms)
✔ actual fixture CLI needs no hosted secrets or Teams SDK (196.2572ms)
✔ manual workflow keeps first-party actions pinned and live credentials isolated (12.9661ms)
✔ feedback CLI rejects unsupported, missing and duplicate transition arguments (2.4888ms)
✔ new-file corpus output preserves the previous version and refuses overwrite (22.9267ms)
✔ initializing a corpus binds the validated input scope without changing its snapshot (42.8042ms)
✔ partial snapshot cannot create a corpus file (28.8484ms)
✔ redirected output parent is refused without writing through it (5.4534ms)
✔ review evidence must be a file and cannot use a directory as a digest source (46.2519ms)
✔ review CLI records the exact binary digest and closes its descriptor (81.0397ms)
✔ same-size review replacement between metadata check and open cannot update a corpus (37.0385ms)
✔ review parent swapped for a symlink or junction before open is rejected (43.855ms)
✔ same-size pathname replacement after descriptor read is rejected (34.3834ms)
✔ same-size in-place review rewrite cannot hide behind a restored modification time (35.3477ms)
✔ review growth after open stays within its original byte bound and is rejected (29.6805ms)
✔ bounded review reads handle partial reads and reject empty or oversized files (24.6335ms)
✔ native behavioral evidence remains candidate with original local source and no finding impersonation (77.6232ms)
✔ native behavioral activation is denied for mixed support and forged active or retired history (50.8703ms)
✔ native behavioral candidates can be rejected without widening legacy review authority (50.6896ms)
✔ native behavioral bytes, identity claims, source and repeated runs remain validated (142.6551ms)
✔ evidence binds actual audit finding and supplied snapshot without certifying collection or identity (10.9373ms)
✔ accepted missing Project status binds the native serialized report and finding in evidence and observations (51.2461ms)
✔ auditor optional-field normalization retains strict data-only feedback and report validation (74.3341ms)
✔ timestamp-only or unrelated snapshot changes do not manufacture repeated supporting evidence (39.8135ms)
✔ partial, cross-scope, stale or missing findings cannot become feedback evidence (14.5923ms)
✔ feedback source pins accept exactly 40 or 64 hexadecimal characters, including supplied evidence (80.5176ms)
✔ candidate, active and retired versions preserve their inputs and have exact transition digests (19.1693ms)
✔ one observation, fabricated evidence bytes and replayed reviews cannot activate a rule (90.7074ms)
✔ reviewer labels and claimed approval booleans do not supply verified review authority (29.3726ms)
✔ explicit rejection remains terminal and contributes no advice (53.1744ms)
✔ prospective expiry is mandatory, bounded, and effective at the exact boundary (119.6695ms)
✔ active capacity cannot expand and supersession retires only the exact predecessor (59.3744ms)
✔ supersession rejects stale targets and cannot cross finding rules (46.3943ms)
✔ active guidance annotates only matching findings without hiding or changing original conclusions (23.8781ms)
✔ broad matching admits at most the finite annotation limit and never truncates an excessive report (342.7096ms)
✔ serialized output bytes are admitted before escaped guidance and evidence references fan out (64.4225ms)
✔ later audits honor activation and retirement while the original report stays identical (36.2754ms)
✔ unknown executable, suppression, assignment and permission options are rejected (147.8677ms)
✔ stale reports, foreign scope and altered evidence fail closed (33.7763ms)
✔ canonical digests ignore property insertion order but reject executable and non-finite data (0.4481ms)
✔ reusable corpus validation preserves input and rejects authority claims or altered guidance (15.4908ms)
✔ explicit collector profile requires a hash and cannot relabel a supplied snapshot (3.1108ms)
✔ recurrence requires finite explicit bounds before reading any input (1.1815ms)
✔ finite recurrence reloads snapshot and feedback on every cycle (3.0604ms)
✔ paused and stopped records prevent collection and input reads (2.4256ms)
✔ exhausted persisted attempts reject before snapshot, feedback or live collection (2.6013ms)
✔ watch admits the final allowed attempt and then stops before collecting another snapshot (1.5981ms)
✔ source mismatch refuses before reading snapshot or feedback (1.3729ms)
✔ a failed cycle stops recurrence without retrying or losing the failure (1.8509ms)
✔ first snapshot acquisition failure retains one sanitized failed attempt (391.4399ms)
✔ later corpus acquisition failure preserves earlier accepted evidence and consumes one attempt (859.9788ms)
✔ live acquisition failure is retained once without raw error text or a retry (310.434ms)
✔ pause and stop during failed acquisition remain effective without a new admitted attempt (2088.3549ms)
✔ deadline crossing during failed acquisition prevents late attempt admission (1.5034ms)
✔ interruption during failed acquisition prevents a new admitted attempt (1.1012ms)
✔ duration bounds stop admission after collection without writing a late result (1.0005ms)
✔ interruption during an interval exits without another audit (1.1052ms)
✔ control commands delegate exact action, source and reason without collecting (2.8509ms)
✔ status exposes bounded metadata and no retained finding text (1.016ms)
✔ one audit writes source-bound immutable private reports and an advisory handoff (467.8107ms)
✔ fresh capture timestamps and transport metrics alone produce no new report or proposal across restart (738.6123ms)
✔ live state binds the exact selected principal and profile through restart and controls (2620.7919ms)
✔ profile metadata cannot convert supplied evidence or a different live principal into accepted observations (299.7818ms)
✔ changed scoped content produces a new receipt while retaining stable finding dedupe (551.139ms)
✔ resolved findings are recorded without claiming a remote correction (552.5578ms)
✔ stale input fails and preserves a failed attempt, never reusing previous success (652.0336ms)
✔ future input fails and preserves a failed attempt, never reusing previous success (641.9319ms)
✔ incomplete input fails and preserves a failed attempt, never reusing previous success (700.8216ms)
✔ source drift fails and preserves a failed attempt, never reusing previous success (685.6301ms)
✔ changing the caller source pin cannot migrate an existing directory (489.9654ms)
✔ pause prevents input use, resume retains dedupe, and stop cannot resume (2581.1271ms)
✔ concurrent cycles have one winner and never create duplicate accepted receipts (367.5997ms)
✔ retained locks fail closed without PID reuse or timeout-based recovery (21.0083ms)
✔ incomplete intent and rollback to an older checkpoint refuse replay (626.3761ms)
✔ tampered referenced artifacts are rejected and preserved (347.7619ms)
✔ output-directory redirection refuses writes through a symlink or junction (11.3775ms)
✔ an unexpected output file is retained, not overwritten or removed (25.9729ms)
✔ status rejects unexpected files in initialized state before accepting its control projection (275.9797ms)
✔ missing, traversal-style and incomplete control requests do not create authority (4.494ms)
✔ live source claims retain the existing collector identity and zero-write metadata (304.0774ms)
✔ finite convenience API has explicit bounds and performs no scheduling (1034.5434ms)
✔ state and artifact redirection are not followed on read (308.6468ms)
✔ alter of earlier history is detected after a newer successful cycle (789.0105ms)
✔ delete of earlier history is detected after a newer successful cycle (693.7516ms)
✔ changed implementation pins fail before a new intent is written (427.3985ms)
✔ a directory replaced while a caller holds its lock cannot redirect any artifact write (361.0623ms)
✔ actual corpus activation and retirement change only separately bound advisory output (1411.622ms)
✔ expiry invalidates cached advisory annotations even without corpus byte changes (622.6387ms)
✔ mixed retained controls and new cycles enforce one transition bound with a reserved terminal stop (70671.2109ms)
✔ accepted snapshots with omitted optional metadata produce parseable JSON artifacts and replay (512.8249ms)
✔ optional auditor metadata works through the real feedback evidence and recurring consumer bridge (552.3959ms)
✔ policy has the ten requested workstreams and never assigns people (3.538ms)
✔ classification supports Multiplayer (6.1395ms)
✔ classification supports UX/UI (1.7792ms)
✔ classification supports Multi-system execution (1.2859ms)
✔ classification supports Janitor (1.3118ms)
✔ classification supports Dynamic agent teams (1.3118ms)
✔ classification supports DevOps/PR review/branch protection (1.5773ms)
✔ classification supports Security (4.9636ms)
✔ classification supports Agent communication layer (1.7386ms)
✔ classification supports Dark factory automation (1.7046ms)
✔ classification supports Backend scalability / pub-sub (1.2803ms)
✔ classification preserves labels and assignees (13.7973ms)
✔ UX alias means UX/UI (14.6224ms)
✔ an unassigned issue is not a violation (5.5519ms)
✔ full fixture audit has zero mutations and catches closing-link conflict (8.935ms)
✔ non-closing prose overrides no native link, not unrelated partial references (4.6483ms)
✔ explicit do-not-close linked issue is flagged (3.9476ms)
✔ closed unmerged PR does not close an open issue (4.1992ms)
✔ reopened issue remains open after a historical merged PR (3.6079ms)
✔ no automatic close for several partial PRs (4.3847ms)
✔ only explicit dependency section is interpreted (0.1991ms)
✔ code fences and quoted references are not dependency authority (0.2934ms)
✔ native/text dependency disagreement is flagged (4.0393ms)
✔ matching dependencies do not produce a mismatch (4.5197ms)
✔ dependency cycles are bounded and reported once (4.4149ms)
✔ parent hierarchy mismatch and cycle are detected (4.5386ms)
✔ outside-scope dependency is not fetched or treated as complete (4.5188ms)
✔ missing local dependency is unverified, not closed (5.9873ms)
✔ open issue marked Done is flagged without changing the board (5.4944ms)
✔ unknown workstream is a review hint, not a rename (3.9945ms)
✔ locked default branch is flagged, without bypass (4.0795ms)
✔ stale PR source head is reported (4.7434ms)
✔ current independent review is accepted as evidence (4.2834ms)
✔ author approval is not current independent human approval (3.8314ms)
✔ bot approval is not current independent human approval (5.4127ms)
✔ old-head approval is not current independent human approval (4.2715ms)
✔ later comment does not erase a valid prior approval (3.8625ms)
✔ failed checks and requested changes are surfaced (3.9876ms)
✔ missing checks are not a success (8.3674ms)
✔ stale snapshots are labeled (6.5351ms)
✔ future snapshots fail closed (1.8545ms)
✔ finding IDs are stable across repeated reads (7.6779ms)
✔ reported secrets are redacted and Markdown is escaped (13.7901ms)
✔ refuses: assign #50 to example-user (6.8196ms)
✔ refuses: label #50 multiplayer (4.8592ms)
✔ refuses: close #50 (8.5383ms)
✔ refuses: merge PR #237 (4.9581ms)
✔ refuses: enable auto-merge (4.6076ms)
✔ refuses: delete a branch (5.1261ms)
✔ refuses: approve PR #237 (5.3002ms)
✔ refuses: can you change the rules (4.2064ms)
✔ question answers use recorded evidence and canonical references (4.8512ms)
✔ reverse dependency questions list dependents (4.9637ms)
✔ unknown questions ask for clarification (5.283ms)
✔ untrusted instruction text grants no tools (4.6177ms)
✔ snapshot rejects wrong repo (4.2847ms)
✔ snapshot rejects wrong project (1.748ms)
✔ snapshot rejects partial coverage (1.1288ms)
✔ snapshot rejects wrong count (1.0057ms)
✔ snapshot rejects duplicate issue (1.1779ms)
✔ snapshot rejects hostile URL (1.052ms)
✔ snapshot rejects hidden project item (1.1697ms)
✔ snapshot rejects cross-repo item (1.1087ms)
✔ snapshot rejects duplicate project item (1.1768ms)
✔ snapshot rejects oversized body (1.0862ms)
✔ collector completes two matching passes with no writes (4.2421ms)
✔ collector rejects issue drift between passes (2.4204ms)
✔ collector rejects incomplete nested dependencies (1.5941ms)
✔ collector rejects a changed PR head/check binding (1.1148ms)
✔ collector rejects repeated pagination cursors (1.0334ms)
✔ collector rejects inaccessible connection entries (0.1437ms)
✔ read client verifies Bakar404 and never switches accounts (1.2824ms)
✔ explicit hash-pinned read principal does not change the pilot or read allowlist (17.0463ms)
✔ collector profile rejects changed scope or unsupported fields: repository (18.7092ms)
✔ collector profile rejects changed scope or unsupported fields: project_id (17.0874ms)
✔ collector profile rejects changed scope or unsupported fields: project_number (20.1404ms)
✔ collector profile rejects changed scope or unsupported fields: token (17.5587ms)
✔ collector profile rejects changed scope or unsupported fields: url (16.1878ms)
✔ collector profile rejects changed scope or unsupported fields: collector_login (22.7346ms)
✔ collector profile rejects wrong hashes, changed bytes and duplicate keys (51.0911ms)
✔ profiled collection records the actual principal and rejects identity or profile drift (33.0772ms)
✔ read client exposes no arbitrary query or write operation (1.2145ms)
✔ GraphQL cursor remains data, not executable query text (1.4573ms)
✔ GraphQL errors do not become accepted partial data (1.342ms)
✔ GraphQL reserve prevents further reads (4.556ms)
✔ collection has an elapsed-time bound (1.4752ms)
✔ dry run uses neither network nor output files (1.4766ms)
✔ CLI rejects apply (0.1546ms)
✔ CLI rejects audit --fixture --live (0.1054ms)
✔ CLI rejects audit --fixture --out ../escape.json (0.1565ms)
✔ CLI rejects audit --dry-run --out file.json (0.1024ms)
✔ CLI rejects audit --fixture --assign example-user (0.1767ms)
✔ CLI rejects ask --fixture (0.0916ms)
✔ actual CLI dry run works from another directory and has no network intent (164.1382ms)
✔ test chat prepares an evidence-based reply without sending it (5.7394ms)
✔ test chat rejects wrong tenant (0.3392ms)
✔ test chat rejects wrong group (0.1466ms)
✔ test chat rejects personal chat (0.135ms)
✔ test chat rejects other channel (0.1761ms)
✔ test chat ignores messages without a mention (0.1578ms)
✔ test chat ignores its own messages (0.1314ms)
✔ test chat refuses mutation requests (6.0389ms)
✔ no production mode or implicit binding (0.3677ms)
ℹ tests 227
ℹ suites 0
ℹ pass 227
ℹ fail 0
ℹ cancelled 0
ℹ skipped 0
ℹ todo 0
ℹ duration_ms 92979.5471
