TAP version 13
# Subtest: CI server preview is explicit, isolated, read-only and credential-free
ok 1 - CI server preview is explicit, isolated, read-only and credential-free
  ---
  duration_ms: 1.5117
  type: 'test'
  ...
# Subtest: CI server refuses missing scope, legacy/manual targets and unexpected database configuration
ok 2 - CI server refuses missing scope, legacy/manual targets and unexpected database configuration
  ---
  duration_ms: 4.0035
  type: 'test'
  ...
# Subtest: owned cleanup wiring accepts LF and CRLF but still requires unconditional exact cleanup
ok 3 - owned cleanup wiring accepts LF and CRLF but still requires unconditional exact cleanup
  ---
  duration_ms: 0.4674
  type: 'test'
  ...
# Subtest: all CI restart fixtures consume the same explicit ownership manifest without numeric-PID fallbacks
ok 4 - all CI restart fixtures consume the same explicit ownership manifest without numeric-PID fallbacks
  ---
  duration_ms: 3.1296
  type: 'test'
  ...
# Subtest: database query options are refused before filesystem or lifecycle effects
    # Subtest: startOwnedTestServer rejects query case host
    ok 1 - startOwnedTestServer rejects query case host
      ---
      duration_ms: 3.4372
      type: 'test'
      ...
    # Subtest: startOwnedTestServer rejects query case hostaddr
    ok 2 - startOwnedTestServer rejects query case hostaddr
      ---
      duration_ms: 0.2724
      type: 'test'
      ...
    # Subtest: startOwnedTestServer rejects query case port
    ok 3 - startOwnedTestServer rejects query case port
      ---
      duration_ms: 0.2363
      type: 'test'
      ...
    # Subtest: startOwnedTestServer rejects query case dbname
    ok 4 - startOwnedTestServer rejects query case dbname
      ---
      duration_ms: 0.435
      type: 'test'
      ...
    # Subtest: startOwnedTestServer rejects query case user
    ok 5 - startOwnedTestServer rejects query case user
      ---
      duration_ms: 0.2053
      type: 'test'
      ...
    # Subtest: startOwnedTestServer rejects query case port
    ok 6 - startOwnedTestServer rejects query case port
      ---
      duration_ms: 0.2106
      type: 'test'
      ...
    # Subtest: startOwnedTestServer rejects query case host
    ok 7 - startOwnedTestServer rejects query case host
      ---
      duration_ms: 0.227
      type: 'test'
      ...
    # Subtest: startOwnedTestServer rejects query case unknown
    ok 8 - startOwnedTestServer rejects query case unknown
      ---
      duration_ms: 0.2217
      type: 'test'
      ...
    # Subtest: startOwnedTestServer rejects query case %68ost
    ok 9 - startOwnedTestServer rejects query case %68ost
      ---
      duration_ms: 0.2616
      type: 'test'
      ...
    # Subtest: startOwnedTestServer rejects query case HOST
    ok 10 - startOwnedTestServer rejects query case HOST
      ---
      duration_ms: 0.3721
      type: 'test'
      ...
    # Subtest: startOwnedTestServer rejects query case HostAddr
    ok 11 - startOwnedTestServer rejects query case HostAddr
      ---
      duration_ms: 0.1664
      type: 'test'
      ...
    # Subtest: startOwnedTestServer rejects query case DBNAME
    ok 12 - startOwnedTestServer rejects query case DBNAME
      ---
      duration_ms: 0.1957
      type: 'test'
      ...
    # Subtest: startOwnedTestServer rejects query case port
    ok 13 - startOwnedTestServer rejects query case port
      ---
      duration_ms: 0.1953
      type: 'test'
      ...
    # Subtest: startOwnedTestServer rejects query case sslmode
    ok 14 - startOwnedTestServer rejects query case sslmode
      ---
      duration_ms: 0.2195
      type: 'test'
      ...
    # Subtest: startOwnedTestServer rejects query case options
    ok 15 - startOwnedTestServer rejects query case options
      ---
      duration_ms: 0.1808
      type: 'test'
      ...
    # Subtest: startOwnedTestServer rejects query case password
    ok 16 - startOwnedTestServer rejects query case password
      ---
      duration_ms: 0.2039
      type: 'test'
      ...
    # Subtest: startOwnedTestServer rejects query case host
    ok 17 - startOwnedTestServer rejects query case host
      ---
      duration_ms: 0.1193
      type: 'test'
      ...
    # Subtest: startOwnedTestServer rejects query case &&
    ok 18 - startOwnedTestServer rejects query case &&
      ---
      duration_ms: 0.1231
      type: 'test'
      ...
    # Subtest: startOwnedTestServer rejects query case %
    ok 19 - startOwnedTestServer rejects query case %
      ---
      duration_ms: 0.1219
      type: 'test'
      ...
    # Subtest: startOwnedTestServer allows URL without query options (0)
    ok 20 - startOwnedTestServer allows URL without query options (0)
      ---
      duration_ms: 0.8929
      type: 'test'
      ...
    # Subtest: startOwnedTestServer allows URL without query options (1)
    ok 21 - startOwnedTestServer allows URL without query options (1)
      ---
      duration_ms: 0.2042
      type: 'test'
      ...
    # Subtest: restartOwnedTestServer rejects query case host
    ok 22 - restartOwnedTestServer rejects query case host
      ---
      duration_ms: 0.2508
      type: 'test'
      ...
    # Subtest: restartOwnedTestServer rejects query case hostaddr
    ok 23 - restartOwnedTestServer rejects query case hostaddr
      ---
      duration_ms: 0.1181
      type: 'test'
      ...
    # Subtest: restartOwnedTestServer rejects query case port
    ok 24 - restartOwnedTestServer rejects query case port
      ---
      duration_ms: 0.1047
      type: 'test'
      ...
    # Subtest: restartOwnedTestServer rejects query case dbname
    ok 25 - restartOwnedTestServer rejects query case dbname
      ---
      duration_ms: 0.1039
      type: 'test'
      ...
    # Subtest: restartOwnedTestServer rejects query case user
    ok 26 - restartOwnedTestServer rejects query case user
      ---
      duration_ms: 0.1017
      type: 'test'
      ...
    # Subtest: restartOwnedTestServer rejects query case port
    ok 27 - restartOwnedTestServer rejects query case port
      ---
      duration_ms: 0.1019
      type: 'test'
      ...
    # Subtest: restartOwnedTestServer rejects query case host
    ok 28 - restartOwnedTestServer rejects query case host
      ---
      duration_ms: 0.1028
      type: 'test'
      ...
    # Subtest: restartOwnedTestServer rejects query case unknown
    ok 29 - restartOwnedTestServer rejects query case unknown
      ---
      duration_ms: 0.1149
      type: 'test'
      ...
    # Subtest: restartOwnedTestServer rejects query case %68ost
    ok 30 - restartOwnedTestServer rejects query case %68ost
      ---
      duration_ms: 0.1713
      type: 'test'
      ...
    # Subtest: restartOwnedTestServer rejects query case HOST
    ok 31 - restartOwnedTestServer rejects query case HOST
      ---
      duration_ms: 0.1612
      type: 'test'
      ...
    # Subtest: restartOwnedTestServer rejects query case HostAddr
    ok 32 - restartOwnedTestServer rejects query case HostAddr
      ---
      duration_ms: 0.1643
      type: 'test'
      ...
    # Subtest: restartOwnedTestServer rejects query case DBNAME
    ok 33 - restartOwnedTestServer rejects query case DBNAME
      ---
      duration_ms: 0.1077
      type: 'test'
      ...
    # Subtest: restartOwnedTestServer rejects query case port
    ok 34 - restartOwnedTestServer rejects query case port
      ---
      duration_ms: 0.1859
      type: 'test'
      ...
    # Subtest: restartOwnedTestServer rejects query case sslmode
    ok 35 - restartOwnedTestServer rejects query case sslmode
      ---
      duration_ms: 0.1606
      type: 'test'
      ...
    # Subtest: restartOwnedTestServer rejects query case options
    ok 36 - restartOwnedTestServer rejects query case options
      ---
      duration_ms: 0.2609
      type: 'test'
      ...
    # Subtest: restartOwnedTestServer rejects query case password
    ok 37 - restartOwnedTestServer rejects query case password
      ---
      duration_ms: 0.3796
      type: 'test'
      ...
    # Subtest: restartOwnedTestServer rejects query case host
    ok 38 - restartOwnedTestServer rejects query case host
      ---
      duration_ms: 0.1365
      type: 'test'
      ...
    # Subtest: restartOwnedTestServer rejects query case &&
    ok 39 - restartOwnedTestServer rejects query case &&
      ---
      duration_ms: 0.2067
      type: 'test'
      ...
    # Subtest: restartOwnedTestServer rejects query case %
    ok 40 - restartOwnedTestServer rejects query case %
      ---
      duration_ms: 0.1278
      type: 'test'
      ...
    # Subtest: restartOwnedTestServer allows URL without query options (0)
    ok 41 - restartOwnedTestServer allows URL without query options (0)
      ---
      duration_ms: 0.3035
      type: 'test'
      ...
    # Subtest: restartOwnedTestServer allows URL without query options (1)
    ok 42 - restartOwnedTestServer allows URL without query options (1)
      ---
      duration_ms: 0.2008
      type: 'test'
      ...
    # Subtest: stopOwnedTestServer rejects query case host
    ok 43 - stopOwnedTestServer rejects query case host
      ---
      duration_ms: 0.4638
      type: 'test'
      ...
    # Subtest: stopOwnedTestServer rejects query case hostaddr
    ok 44 - stopOwnedTestServer rejects query case hostaddr
      ---
      duration_ms: 0.2676
      type: 'test'
      ...
    # Subtest: stopOwnedTestServer rejects query case port
    ok 45 - stopOwnedTestServer rejects query case port
      ---
      duration_ms: 0.1486
      type: 'test'
      ...
    # Subtest: stopOwnedTestServer rejects query case dbname
    ok 46 - stopOwnedTestServer rejects query case dbname
      ---
      duration_ms: 0.1463
      type: 'test'
      ...
    # Subtest: stopOwnedTestServer rejects query case user
    ok 47 - stopOwnedTestServer rejects query case user
      ---
      duration_ms: 0.2945
      type: 'test'
      ...
    # Subtest: stopOwnedTestServer rejects query case port
    ok 48 - stopOwnedTestServer rejects query case port
      ---
      duration_ms: 0.1553
      type: 'test'
      ...
    # Subtest: stopOwnedTestServer rejects query case host
    ok 49 - stopOwnedTestServer rejects query case host
      ---
      duration_ms: 0.1538
      type: 'test'
      ...
    # Subtest: stopOwnedTestServer rejects query case unknown
    ok 50 - stopOwnedTestServer rejects query case unknown
      ---
      duration_ms: 0.4441
      type: 'test'
      ...
    # Subtest: stopOwnedTestServer rejects query case %68ost
    ok 51 - stopOwnedTestServer rejects query case %68ost
      ---
      duration_ms: 0.2963
      type: 'test'
      ...
    # Subtest: stopOwnedTestServer rejects query case HOST
    ok 52 - stopOwnedTestServer rejects query case HOST
      ---
      duration_ms: 0.1176
      type: 'test'
      ...
    # Subtest: stopOwnedTestServer rejects query case HostAddr
    ok 53 - stopOwnedTestServer rejects query case HostAddr
      ---
      duration_ms: 0.1843
      type: 'test'
      ...
    # Subtest: stopOwnedTestServer rejects query case DBNAME
    ok 54 - stopOwnedTestServer rejects query case DBNAME
      ---
      duration_ms: 0.1658
      type: 'test'
      ...
    # Subtest: stopOwnedTestServer rejects query case port
    ok 55 - stopOwnedTestServer rejects query case port
      ---
      duration_ms: 0.1061
      type: 'test'
      ...
    # Subtest: stopOwnedTestServer rejects query case sslmode
    ok 56 - stopOwnedTestServer rejects query case sslmode
      ---
      duration_ms: 0.1027
      type: 'test'
      ...
    # Subtest: stopOwnedTestServer rejects query case options
    ok 57 - stopOwnedTestServer rejects query case options
      ---
      duration_ms: 0.1297
      type: 'test'
      ...
    # Subtest: stopOwnedTestServer rejects query case password
    ok 58 - stopOwnedTestServer rejects query case password
      ---
      duration_ms: 0.1497
      type: 'test'
      ...
    # Subtest: stopOwnedTestServer rejects query case host
    ok 59 - stopOwnedTestServer rejects query case host
      ---
      duration_ms: 0.101
      type: 'test'
      ...
    # Subtest: stopOwnedTestServer rejects query case &&
    ok 60 - stopOwnedTestServer rejects query case &&
      ---
      duration_ms: 0.0961
      type: 'test'
      ...
    # Subtest: stopOwnedTestServer rejects query case %
    ok 61 - stopOwnedTestServer rejects query case %
      ---
      duration_ms: 0.1534
      type: 'test'
      ...
    # Subtest: stopOwnedTestServer allows URL without query options (0)
    ok 62 - stopOwnedTestServer allows URL without query options (0)
      ---
      duration_ms: 0.195
      type: 'test'
      ...
    # Subtest: stopOwnedTestServer allows URL without query options (1)
    ok 63 - stopOwnedTestServer allows URL without query options (1)
      ---
      duration_ms: 0.2018
      type: 'test'
      ...
    1..63
ok 5 - database query options are refused before filesystem or lifecycle effects
  ---
  duration_ms: 26.3711
  type: 'test'
  ...
# Subtest: upstream restart environment remains bounded and cannot override database authority
ok 6 - upstream restart environment remains bounded and cannot override database authority
  ---
  duration_ms: 1.2752
  type: 'test'
  ...
# Subtest: owned server requires matching executable, creation, endpoint, and workspace
ok 7 - owned server requires matching executable, creation, endpoint, and workspace
  ---
  duration_ms: 0.7606
  type: 'test'
  ...
# Subtest: manual, remote, stale, or non-owned manifests never authorize restart
ok 8 - manual, remote, stale, or non-owned manifests never authorize restart
  ---
  duration_ms: 0.5842
  type: 'test'
  ...
# Subtest: Windows native receipts preserve sub-millisecond creation identity without numeric rounding
ok 9 - Windows native receipts preserve sub-millisecond creation identity without numeric rounding
  ---
  duration_ms: 1.5325
  type: 'test'
  ...
# Subtest: owned endpoints reject every reserved/manual port and non-origin URL
ok 10 - owned endpoints reject every reserved/manual port and non-origin URL
  ---
  duration_ms: 0.566
  type: 'test'
  ...
# Subtest: Linux receipts require exact kernel identity and case-sensitive executable paths
ok 11 - Linux receipts require exact kernel identity and case-sensitive executable paths
  ---
  duration_ms: 1.0346
  type: 'test'
  ...
# Subtest: legacy PID files and pre-existing locks are preserved without signalling or starting a process
ok 12 - legacy PID files and pre-existing locks are preserved without signalling or starting a process
  ---
  duration_ms: 48.1984
  type: 'test'
  ...
# Subtest: native owned child startup, two restarts, refusal of database drift and idempotent stop
ok 13 - native owned child startup, two restarts, refusal of database drift and idempotent stop # SKIP
  ---
  duration_ms: 0.2725
  type: 'test'
  ...
1..13
# tests 76
# suites 0
# pass 75
# fail 0
# cancelled 0
# skipped 1
# todo 0
# duration_ms 290.1949
