TAP version 13
# Subtest: database query options are refused before filesystem or lifecycle effects
    # Subtest: startOwnedTestServer rejects query case host
    ok 1 - startOwnedTestServer rejects query case host
      ---
      duration_ms: 3.2274
      type: 'test'
      ...
    # Subtest: startOwnedTestServer rejects query case hostaddr
    ok 2 - startOwnedTestServer rejects query case hostaddr
      ---
      duration_ms: 0.2473
      type: 'test'
      ...
    # Subtest: startOwnedTestServer rejects query case port
    ok 3 - startOwnedTestServer rejects query case port
      ---
      duration_ms: 0.235
      type: 'test'
      ...
    # Subtest: startOwnedTestServer rejects query case dbname
    ok 4 - startOwnedTestServer rejects query case dbname
      ---
      duration_ms: 0.3039
      type: 'test'
      ...
    # Subtest: startOwnedTestServer rejects query case user
    ok 5 - startOwnedTestServer rejects query case user
      ---
      duration_ms: 0.2942
      type: 'test'
      ...
    # Subtest: startOwnedTestServer rejects query case port
    ok 6 - startOwnedTestServer rejects query case port
      ---
      duration_ms: 0.1846
      type: 'test'
      ...
    # Subtest: startOwnedTestServer rejects query case host
    ok 7 - startOwnedTestServer rejects query case host
      ---
      duration_ms: 0.2489
      type: 'test'
      ...
    # Subtest: startOwnedTestServer rejects query case unknown
    ok 8 - startOwnedTestServer rejects query case unknown
      ---
      duration_ms: 0.2511
      type: 'test'
      ...
    # Subtest: startOwnedTestServer rejects query case %68ost
    ok 9 - startOwnedTestServer rejects query case %68ost
      ---
      duration_ms: 0.3401
      type: 'test'
      ...
    # Subtest: startOwnedTestServer rejects query case HOST
    ok 10 - startOwnedTestServer rejects query case HOST
      ---
      duration_ms: 0.3023
      type: 'test'
      ...
    # Subtest: startOwnedTestServer rejects query case HostAddr
    ok 11 - startOwnedTestServer rejects query case HostAddr
      ---
      duration_ms: 0.2078
      type: 'test'
      ...
    # Subtest: startOwnedTestServer rejects query case DBNAME
    ok 12 - startOwnedTestServer rejects query case DBNAME
      ---
      duration_ms: 0.2841
      type: 'test'
      ...
    # Subtest: startOwnedTestServer rejects query case port
    ok 13 - startOwnedTestServer rejects query case port
      ---
      duration_ms: 0.2986
      type: 'test'
      ...
    # Subtest: startOwnedTestServer rejects query case sslmode
    ok 14 - startOwnedTestServer rejects query case sslmode
      ---
      duration_ms: 0.2765
      type: 'test'
      ...
    # Subtest: startOwnedTestServer rejects query case options
    ok 15 - startOwnedTestServer rejects query case options
      ---
      duration_ms: 0.3632
      type: 'test'
      ...
    # Subtest: startOwnedTestServer rejects query case password
    ok 16 - startOwnedTestServer rejects query case password
      ---
      duration_ms: 0.2782
      type: 'test'
      ...
    # Subtest: startOwnedTestServer rejects query case host
    ok 17 - startOwnedTestServer rejects query case host
      ---
      duration_ms: 0.1422
      type: 'test'
      ...
    # Subtest: startOwnedTestServer rejects query case &&
    ok 18 - startOwnedTestServer rejects query case &&
      ---
      duration_ms: 0.1813
      type: 'test'
      ...
    # Subtest: startOwnedTestServer rejects query case %
    ok 19 - startOwnedTestServer rejects query case %
      ---
      duration_ms: 0.1207
      type: 'test'
      ...
    # Subtest: startOwnedTestServer allows URL without query options (0)
    ok 20 - startOwnedTestServer allows URL without query options (0)
      ---
      duration_ms: 0.8808
      type: 'test'
      ...
    # Subtest: startOwnedTestServer allows URL without query options (1)
    ok 21 - startOwnedTestServer allows URL without query options (1)
      ---
      duration_ms: 0.1958
      type: 'test'
      ...
    # Subtest: restartOwnedTestServer rejects query case host
    ok 22 - restartOwnedTestServer rejects query case host
      ---
      duration_ms: 0.1891
      type: 'test'
      ...
    # Subtest: restartOwnedTestServer rejects query case hostaddr
    ok 23 - restartOwnedTestServer rejects query case hostaddr
      ---
      duration_ms: 0.1153
      type: 'test'
      ...
    # Subtest: restartOwnedTestServer rejects query case port
    ok 24 - restartOwnedTestServer rejects query case port
      ---
      duration_ms: 0.1037
      type: 'test'
      ...
    # Subtest: restartOwnedTestServer rejects query case dbname
    ok 25 - restartOwnedTestServer rejects query case dbname
      ---
      duration_ms: 0.119
      type: 'test'
      ...
    # Subtest: restartOwnedTestServer rejects query case user
    ok 26 - restartOwnedTestServer rejects query case user
      ---
      duration_ms: 0.1061
      type: 'test'
      ...
    # Subtest: restartOwnedTestServer rejects query case port
    ok 27 - restartOwnedTestServer rejects query case port
      ---
      duration_ms: 0.1273
      type: 'test'
      ...
    # Subtest: restartOwnedTestServer rejects query case host
    ok 28 - restartOwnedTestServer rejects query case host
      ---
      duration_ms: 0.2068
      type: 'test'
      ...
    # Subtest: restartOwnedTestServer rejects query case unknown
    ok 29 - restartOwnedTestServer rejects query case unknown
      ---
      duration_ms: 0.1229
      type: 'test'
      ...
    # Subtest: restartOwnedTestServer rejects query case %68ost
    ok 30 - restartOwnedTestServer rejects query case %68ost
      ---
      duration_ms: 0.1913
      type: 'test'
      ...
    # Subtest: restartOwnedTestServer rejects query case HOST
    ok 31 - restartOwnedTestServer rejects query case HOST
      ---
      duration_ms: 0.1442
      type: 'test'
      ...
    # Subtest: restartOwnedTestServer rejects query case HostAddr
    ok 32 - restartOwnedTestServer rejects query case HostAddr
      ---
      duration_ms: 0.1388
      type: 'test'
      ...
    # Subtest: restartOwnedTestServer rejects query case DBNAME
    ok 33 - restartOwnedTestServer rejects query case DBNAME
      ---
      duration_ms: 0.1074
      type: 'test'
      ...
    # Subtest: restartOwnedTestServer rejects query case port
    ok 34 - restartOwnedTestServer rejects query case port
      ---
      duration_ms: 0.1112
      type: 'test'
      ...
    # Subtest: restartOwnedTestServer rejects query case sslmode
    ok 35 - restartOwnedTestServer rejects query case sslmode
      ---
      duration_ms: 0.1561
      type: 'test'
      ...
    # Subtest: restartOwnedTestServer rejects query case options
    ok 36 - restartOwnedTestServer rejects query case options
      ---
      duration_ms: 0.2485
      type: 'test'
      ...
    # Subtest: restartOwnedTestServer rejects query case password
    ok 37 - restartOwnedTestServer rejects query case password
      ---
      duration_ms: 0.1601
      type: 'test'
      ...
    # Subtest: restartOwnedTestServer rejects query case host
    ok 38 - restartOwnedTestServer rejects query case host
      ---
      duration_ms: 0.1111
      type: 'test'
      ...
    # Subtest: restartOwnedTestServer rejects query case &&
    ok 39 - restartOwnedTestServer rejects query case &&
      ---
      duration_ms: 0.1471
      type: 'test'
      ...
    # Subtest: restartOwnedTestServer rejects query case %
    ok 40 - restartOwnedTestServer rejects query case %
      ---
      duration_ms: 0.1078
      type: 'test'
      ...
    # Subtest: restartOwnedTestServer allows URL without query options (0)
    ok 41 - restartOwnedTestServer allows URL without query options (0)
      ---
      duration_ms: 0.1679
      type: 'test'
      ...
    # Subtest: restartOwnedTestServer allows URL without query options (1)
    ok 42 - restartOwnedTestServer allows URL without query options (1)
      ---
      duration_ms: 0.1786
      type: 'test'
      ...
    # Subtest: stopOwnedTestServer rejects query case host
    ok 43 - stopOwnedTestServer rejects query case host
      ---
      duration_ms: 0.2749
      type: 'test'
      ...
    # Subtest: stopOwnedTestServer rejects query case hostaddr
    ok 44 - stopOwnedTestServer rejects query case hostaddr
      ---
      duration_ms: 0.1175
      type: 'test'
      ...
    # Subtest: stopOwnedTestServer rejects query case port
    ok 45 - stopOwnedTestServer rejects query case port
      ---
      duration_ms: 0.1264
      type: 'test'
      ...
    # Subtest: stopOwnedTestServer rejects query case dbname
    ok 46 - stopOwnedTestServer rejects query case dbname
      ---
      duration_ms: 0.151
      type: 'test'
      ...
    # Subtest: stopOwnedTestServer rejects query case user
    ok 47 - stopOwnedTestServer rejects query case user
      ---
      duration_ms: 0.169
      type: 'test'
      ...
    # Subtest: stopOwnedTestServer rejects query case port
    ok 48 - stopOwnedTestServer rejects query case port
      ---
      duration_ms: 0.1095
      type: 'test'
      ...
    # Subtest: stopOwnedTestServer rejects query case host
    ok 49 - stopOwnedTestServer rejects query case host
      ---
      duration_ms: 1.0581
      type: 'test'
      ...
    # Subtest: stopOwnedTestServer rejects query case unknown
    ok 50 - stopOwnedTestServer rejects query case unknown
      ---
      duration_ms: 0.1936
      type: 'test'
      ...
    # Subtest: stopOwnedTestServer rejects query case %68ost
    ok 51 - stopOwnedTestServer rejects query case %68ost
      ---
      duration_ms: 0.1357
      type: 'test'
      ...
    # Subtest: stopOwnedTestServer rejects query case HOST
    ok 52 - stopOwnedTestServer rejects query case HOST
      ---
      duration_ms: 0.107
      type: 'test'
      ...
    # Subtest: stopOwnedTestServer rejects query case HostAddr
    ok 53 - stopOwnedTestServer rejects query case HostAddr
      ---
      duration_ms: 0.1059
      type: 'test'
      ...
    # Subtest: stopOwnedTestServer rejects query case DBNAME
    ok 54 - stopOwnedTestServer rejects query case DBNAME
      ---
      duration_ms: 0.1115
      type: 'test'
      ...
    # Subtest: stopOwnedTestServer rejects query case port
    ok 55 - stopOwnedTestServer rejects query case port
      ---
      duration_ms: 0.094
      type: 'test'
      ...
    # Subtest: stopOwnedTestServer rejects query case sslmode
    ok 56 - stopOwnedTestServer rejects query case sslmode
      ---
      duration_ms: 0.1001
      type: 'test'
      ...
    # Subtest: stopOwnedTestServer rejects query case options
    ok 57 - stopOwnedTestServer rejects query case options
      ---
      duration_ms: 0.141
      type: 'test'
      ...
    # Subtest: stopOwnedTestServer rejects query case password
    ok 58 - stopOwnedTestServer rejects query case password
      ---
      duration_ms: 0.1204
      type: 'test'
      ...
    # Subtest: stopOwnedTestServer rejects query case host
    ok 59 - stopOwnedTestServer rejects query case host
      ---
      duration_ms: 0.0942
      type: 'test'
      ...
    # Subtest: stopOwnedTestServer rejects query case &&
    ok 60 - stopOwnedTestServer rejects query case &&
      ---
      duration_ms: 0.0928
      type: 'test'
      ...
    # Subtest: stopOwnedTestServer rejects query case %
    ok 61 - stopOwnedTestServer rejects query case %
      ---
      duration_ms: 0.0921
      type: 'test'
      ...
    # Subtest: stopOwnedTestServer allows URL without query options (0)
    ok 62 - stopOwnedTestServer allows URL without query options (0)
      ---
      duration_ms: 0.3454
      type: 'test'
      ...
    # Subtest: stopOwnedTestServer allows URL without query options (1)
    ok 63 - stopOwnedTestServer allows URL without query options (1)
      ---
      duration_ms: 0.172
      type: 'test'
      ...
    1..63
ok 1 - database query options are refused before filesystem or lifecycle effects
  ---
  duration_ms: 24.3595
  type: 'test'
  ...
1..1
# tests 64
# suites 0
# pass 64
# fail 0
# cancelled 0
# skipped 0
# todo 0
# duration_ms 274.3853
