TAP version 13
# Subtest: database query options are refused before filesystem or lifecycle effects
    # Subtest: startOwnedTestServer rejects query case host
    not ok 1 - startOwnedTestServer rejects query case host
      ---
      duration_ms: 4.1235
      type: 'test'
      location: 'C:\\Users\\sschofield\\repos\\ecorp-pr237-review-fixes\\tools\\owned_test_stack.test.mjs:42:17'
      failureType: 'testCodeFailure'
      error: |-
        The validation function is expected to return "true". Received false
        
        Caught error:
        
        Error: fixture lifecycle boundary reached
      code: 'ERR_ASSERTION'
      name: 'AssertionError'
      stack: |-
        async TestContext.<anonymous> (file:///C:/Users/sschofield/repos/ecorp-pr237-review-fixes/tools/owned_test_stack.test.mjs:45:11)
        async Test.run (node:internal/test_runner/test:1313:7)
        async TestContext.<anonymous> (file:///C:/Users/sschofield/repos/ecorp-pr237-review-fixes/tools/owned_test_stack.test.mjs:42:9)
        async Test.run (node:internal/test_runner/test:1313:7)
        async startSubtestAfterBootstrap (node:internal/test_runner/harness:385:3)
      ...
    # Subtest: startOwnedTestServer rejects query case hostaddr
    not ok 2 - startOwnedTestServer rejects query case hostaddr
      ---
      duration_ms: 0.5001
      type: 'test'
      location: 'C:\\Users\\sschofield\\repos\\ecorp-pr237-review-fixes\\tools\\owned_test_stack.test.mjs:42:17'
      failureType: 'testCodeFailure'
      error: |-
        The validation function is expected to return "true". Received false
        
        Caught error:
        
        Error: fixture lifecycle boundary reached
      code: 'ERR_ASSERTION'
      name: 'AssertionError'
      stack: |-
        async TestContext.<anonymous> (file:///C:/Users/sschofield/repos/ecorp-pr237-review-fixes/tools/owned_test_stack.test.mjs:45:11)
        async Test.run (node:internal/test_runner/test:1313:7)
        async TestContext.<anonymous> (file:///C:/Users/sschofield/repos/ecorp-pr237-review-fixes/tools/owned_test_stack.test.mjs:42:9)
        async Test.run (node:internal/test_runner/test:1313:7)
        async startSubtestAfterBootstrap (node:internal/test_runner/harness:385:3)
      ...
    # Subtest: startOwnedTestServer rejects query case port
    not ok 3 - startOwnedTestServer rejects query case port
      ---
      duration_ms: 0.3727
      type: 'test'
      location: 'C:\\Users\\sschofield\\repos\\ecorp-pr237-review-fixes\\tools\\owned_test_stack.test.mjs:42:17'
      failureType: 'testCodeFailure'
      error: |-
        The validation function is expected to return "true". Received false
        
        Caught error:
        
        Error: fixture lifecycle boundary reached
      code: 'ERR_ASSERTION'
      name: 'AssertionError'
      stack: |-
        async TestContext.<anonymous> (file:///C:/Users/sschofield/repos/ecorp-pr237-review-fixes/tools/owned_test_stack.test.mjs:45:11)
        async Test.run (node:internal/test_runner/test:1313:7)
        async TestContext.<anonymous> (file:///C:/Users/sschofield/repos/ecorp-pr237-review-fixes/tools/owned_test_stack.test.mjs:42:9)
        async Test.run (node:internal/test_runner/test:1313:7)
        async startSubtestAfterBootstrap (node:internal/test_runner/harness:385:3)
      ...
    # Subtest: startOwnedTestServer rejects query case dbname
    not ok 4 - startOwnedTestServer rejects query case dbname
      ---
      duration_ms: 0.3362
      type: 'test'
      location: 'C:\\Users\\sschofield\\repos\\ecorp-pr237-review-fixes\\tools\\owned_test_stack.test.mjs:42:17'
      failureType: 'testCodeFailure'
      error: |-
        The validation function is expected to return "true". Received false
        
        Caught error:
        
        Error: fixture lifecycle boundary reached
      code: 'ERR_ASSERTION'
      name: 'AssertionError'
      stack: |-
        async TestContext.<anonymous> (file:///C:/Users/sschofield/repos/ecorp-pr237-review-fixes/tools/owned_test_stack.test.mjs:45:11)
        async Test.run (node:internal/test_runner/test:1313:7)
        async TestContext.<anonymous> (file:///C:/Users/sschofield/repos/ecorp-pr237-review-fixes/tools/owned_test_stack.test.mjs:42:9)
        async Test.run (node:internal/test_runner/test:1313:7)
        async startSubtestAfterBootstrap (node:internal/test_runner/harness:385:3)
      ...
    # Subtest: startOwnedTestServer rejects query case user
    not ok 5 - startOwnedTestServer rejects query case user
      ---
      duration_ms: 0.3734
      type: 'test'
      location: 'C:\\Users\\sschofield\\repos\\ecorp-pr237-review-fixes\\tools\\owned_test_stack.test.mjs:42:17'
      failureType: 'testCodeFailure'
      error: |-
        The validation function is expected to return "true". Received false
        
        Caught error:
        
        Error: fixture lifecycle boundary reached
      code: 'ERR_ASSERTION'
      name: 'AssertionError'
      stack: |-
        async TestContext.<anonymous> (file:///C:/Users/sschofield/repos/ecorp-pr237-review-fixes/tools/owned_test_stack.test.mjs:45:11)
        async Test.run (node:internal/test_runner/test:1313:7)
        async TestContext.<anonymous> (file:///C:/Users/sschofield/repos/ecorp-pr237-review-fixes/tools/owned_test_stack.test.mjs:42:9)
        async Test.run (node:internal/test_runner/test:1313:7)
        async startSubtestAfterBootstrap (node:internal/test_runner/harness:385:3)
      ...
    # Subtest: startOwnedTestServer rejects query case port
    not ok 6 - startOwnedTestServer rejects query case port
      ---
      duration_ms: 0.4961
      type: 'test'
      location: 'C:\\Users\\sschofield\\repos\\ecorp-pr237-review-fixes\\tools\\owned_test_stack.test.mjs:42:17'
      failureType: 'testCodeFailure'
      error: |-
        The validation function is expected to return "true". Received false
        
        Caught error:
        
        Error: fixture lifecycle boundary reached
      code: 'ERR_ASSERTION'
      name: 'AssertionError'
      stack: |-
        async TestContext.<anonymous> (file:///C:/Users/sschofield/repos/ecorp-pr237-review-fixes/tools/owned_test_stack.test.mjs:45:11)
        async Test.run (node:internal/test_runner/test:1313:7)
        async TestContext.<anonymous> (file:///C:/Users/sschofield/repos/ecorp-pr237-review-fixes/tools/owned_test_stack.test.mjs:42:9)
        async Test.run (node:internal/test_runner/test:1313:7)
        async startSubtestAfterBootstrap (node:internal/test_runner/harness:385:3)
      ...
    # Subtest: startOwnedTestServer rejects query case host
    not ok 7 - startOwnedTestServer rejects query case host
      ---
      duration_ms: 0.2896
      type: 'test'
      location: 'C:\\Users\\sschofield\\repos\\ecorp-pr237-review-fixes\\tools\\owned_test_stack.test.mjs:42:17'
      failureType: 'testCodeFailure'
      error: |-
        The validation function is expected to return "true". Received false
        
        Caught error:
        
        Error: fixture lifecycle boundary reached
      code: 'ERR_ASSERTION'
      name: 'AssertionError'
      stack: |-
        async TestContext.<anonymous> (file:///C:/Users/sschofield/repos/ecorp-pr237-review-fixes/tools/owned_test_stack.test.mjs:45:11)
        async Test.run (node:internal/test_runner/test:1313:7)
        async TestContext.<anonymous> (file:///C:/Users/sschofield/repos/ecorp-pr237-review-fixes/tools/owned_test_stack.test.mjs:42:9)
        async Test.run (node:internal/test_runner/test:1313:7)
        async startSubtestAfterBootstrap (node:internal/test_runner/harness:385:3)
      ...
    # Subtest: startOwnedTestServer rejects query case unknown
    not ok 8 - startOwnedTestServer rejects query case unknown
      ---
      duration_ms: 0.3591
      type: 'test'
      location: 'C:\\Users\\sschofield\\repos\\ecorp-pr237-review-fixes\\tools\\owned_test_stack.test.mjs:42:17'
      failureType: 'testCodeFailure'
      error: |-
        The validation function is expected to return "true". Received false
        
        Caught error:
        
        Error: fixture lifecycle boundary reached
      code: 'ERR_ASSERTION'
      name: 'AssertionError'
      stack: |-
        async TestContext.<anonymous> (file:///C:/Users/sschofield/repos/ecorp-pr237-review-fixes/tools/owned_test_stack.test.mjs:45:11)
        async Test.run (node:internal/test_runner/test:1313:7)
        async TestContext.<anonymous> (file:///C:/Users/sschofield/repos/ecorp-pr237-review-fixes/tools/owned_test_stack.test.mjs:42:9)
        async Test.run (node:internal/test_runner/test:1313:7)
        async startSubtestAfterBootstrap (node:internal/test_runner/harness:385:3)
      ...
    # Subtest: startOwnedTestServer rejects query case %68ost
    not ok 9 - startOwnedTestServer rejects query case %68ost
      ---
      duration_ms: 0.5518
      type: 'test'
      location: 'C:\\Users\\sschofield\\repos\\ecorp-pr237-review-fixes\\tools\\owned_test_stack.test.mjs:42:17'
      failureType: 'testCodeFailure'
      error: |-
        The validation function is expected to return "true". Received false
        
        Caught error:
        
        Error: fixture lifecycle boundary reached
      code: 'ERR_ASSERTION'
      name: 'AssertionError'
      stack: |-
        async TestContext.<anonymous> (file:///C:/Users/sschofield/repos/ecorp-pr237-review-fixes/tools/owned_test_stack.test.mjs:45:11)
        async Test.run (node:internal/test_runner/test:1313:7)
        async TestContext.<anonymous> (file:///C:/Users/sschofield/repos/ecorp-pr237-review-fixes/tools/owned_test_stack.test.mjs:42:9)
        async Test.run (node:internal/test_runner/test:1313:7)
        async startSubtestAfterBootstrap (node:internal/test_runner/harness:385:3)
      ...
    # Subtest: startOwnedTestServer rejects query case HOST
    not ok 10 - startOwnedTestServer rejects query case HOST
      ---
      duration_ms: 0.4642
      type: 'test'
      location: 'C:\\Users\\sschofield\\repos\\ecorp-pr237-review-fixes\\tools\\owned_test_stack.test.mjs:42:17'
      failureType: 'testCodeFailure'
      error: |-
        The validation function is expected to return "true". Received false
        
        Caught error:
        
        Error: fixture lifecycle boundary reached
      code: 'ERR_ASSERTION'
      name: 'AssertionError'
      stack: |-
        async TestContext.<anonymous> (file:///C:/Users/sschofield/repos/ecorp-pr237-review-fixes/tools/owned_test_stack.test.mjs:45:11)
        async Test.run (node:internal/test_runner/test:1313:7)
        async TestContext.<anonymous> (file:///C:/Users/sschofield/repos/ecorp-pr237-review-fixes/tools/owned_test_stack.test.mjs:42:9)
        async Test.run (node:internal/test_runner/test:1313:7)
        async startSubtestAfterBootstrap (node:internal/test_runner/harness:385:3)
      ...
    # Subtest: startOwnedTestServer rejects query case HostAddr
    not ok 11 - startOwnedTestServer rejects query case HostAddr
      ---
      duration_ms: 0.413
      type: 'test'
      location: 'C:\\Users\\sschofield\\repos\\ecorp-pr237-review-fixes\\tools\\owned_test_stack.test.mjs:42:17'
      failureType: 'testCodeFailure'
      error: |-
        The validation function is expected to return "true". Received false
        
        Caught error:
        
        Error: fixture lifecycle boundary reached
      code: 'ERR_ASSERTION'
      name: 'AssertionError'
      stack: |-
        async TestContext.<anonymous> (file:///C:/Users/sschofield/repos/ecorp-pr237-review-fixes/tools/owned_test_stack.test.mjs:45:11)
        async Test.run (node:internal/test_runner/test:1313:7)
        async TestContext.<anonymous> (file:///C:/Users/sschofield/repos/ecorp-pr237-review-fixes/tools/owned_test_stack.test.mjs:42:9)
        async Test.run (node:internal/test_runner/test:1313:7)
        async startSubtestAfterBootstrap (node:internal/test_runner/harness:385:3)
      ...
    # Subtest: startOwnedTestServer rejects query case DBNAME
    not ok 12 - startOwnedTestServer rejects query case DBNAME
      ---
      duration_ms: 0.3327
      type: 'test'
      location: 'C:\\Users\\sschofield\\repos\\ecorp-pr237-review-fixes\\tools\\owned_test_stack.test.mjs:42:17'
      failureType: 'testCodeFailure'
      error: |-
        The validation function is expected to return "true". Received false
        
        Caught error:
        
        Error: fixture lifecycle boundary reached
      code: 'ERR_ASSERTION'
      name: 'AssertionError'
      stack: |-
        async TestContext.<anonymous> (file:///C:/Users/sschofield/repos/ecorp-pr237-review-fixes/tools/owned_test_stack.test.mjs:45:11)
        async Test.run (node:internal/test_runner/test:1313:7)
        async TestContext.<anonymous> (file:///C:/Users/sschofield/repos/ecorp-pr237-review-fixes/tools/owned_test_stack.test.mjs:42:9)
        async Test.run (node:internal/test_runner/test:1313:7)
        async startSubtestAfterBootstrap (node:internal/test_runner/harness:385:3)
      ...
    # Subtest: startOwnedTestServer rejects query case port
    not ok 13 - startOwnedTestServer rejects query case port
      ---
      duration_ms: 0.288
      type: 'test'
      location: 'C:\\Users\\sschofield\\repos\\ecorp-pr237-review-fixes\\tools\\owned_test_stack.test.mjs:42:17'
      failureType: 'testCodeFailure'
      error: |-
        The validation function is expected to return "true". Received false
        
        Caught error:
        
        Error: fixture lifecycle boundary reached
      code: 'ERR_ASSERTION'
      name: 'AssertionError'
      stack: |-
        async TestContext.<anonymous> (file:///C:/Users/sschofield/repos/ecorp-pr237-review-fixes/tools/owned_test_stack.test.mjs:45:11)
        async Test.run (node:internal/test_runner/test:1313:7)
        async TestContext.<anonymous> (file:///C:/Users/sschofield/repos/ecorp-pr237-review-fixes/tools/owned_test_stack.test.mjs:42:9)
        async Test.run (node:internal/test_runner/test:1313:7)
        async startSubtestAfterBootstrap (node:internal/test_runner/harness:385:3)
      ...
    # Subtest: startOwnedTestServer rejects query case sslmode
    not ok 14 - startOwnedTestServer rejects query case sslmode
      ---
      duration_ms: 0.4042
      type: 'test'
      location: 'C:\\Users\\sschofield\\repos\\ecorp-pr237-review-fixes\\tools\\owned_test_stack.test.mjs:42:17'
      failureType: 'testCodeFailure'
      error: |-
        The validation function is expected to return "true". Received false
        
        Caught error:
        
        Error: fixture lifecycle boundary reached
      code: 'ERR_ASSERTION'
      name: 'AssertionError'
      stack: |-
        async TestContext.<anonymous> (file:///C:/Users/sschofield/repos/ecorp-pr237-review-fixes/tools/owned_test_stack.test.mjs:45:11)
        async Test.run (node:internal/test_runner/test:1313:7)
        async TestContext.<anonymous> (file:///C:/Users/sschofield/repos/ecorp-pr237-review-fixes/tools/owned_test_stack.test.mjs:42:9)
        async Test.run (node:internal/test_runner/test:1313:7)
        async startSubtestAfterBootstrap (node:internal/test_runner/harness:385:3)
      ...
    # Subtest: startOwnedTestServer rejects query case options
    not ok 15 - startOwnedTestServer rejects query case options
      ---
      duration_ms: 0.4
      type: 'test'
      location: 'C:\\Users\\sschofield\\repos\\ecorp-pr237-review-fixes\\tools\\owned_test_stack.test.mjs:42:17'
      failureType: 'testCodeFailure'
      error: |-
        The validation function is expected to return "true". Received false
        
        Caught error:
        
        Error: fixture lifecycle boundary reached
      code: 'ERR_ASSERTION'
      name: 'AssertionError'
      stack: |-
        async TestContext.<anonymous> (file:///C:/Users/sschofield/repos/ecorp-pr237-review-fixes/tools/owned_test_stack.test.mjs:45:11)
        async Test.run (node:internal/test_runner/test:1313:7)
        async TestContext.<anonymous> (file:///C:/Users/sschofield/repos/ecorp-pr237-review-fixes/tools/owned_test_stack.test.mjs:42:9)
        async Test.run (node:internal/test_runner/test:1313:7)
        async startSubtestAfterBootstrap (node:internal/test_runner/harness:385:3)
      ...
    # Subtest: startOwnedTestServer rejects query case password
    not ok 16 - startOwnedTestServer rejects query case password
      ---
      duration_ms: 0.2515
      type: 'test'
      location: 'C:\\Users\\sschofield\\repos\\ecorp-pr237-review-fixes\\tools\\owned_test_stack.test.mjs:42:17'
      failureType: 'testCodeFailure'
      error: |-
        The validation function is expected to return "true". Received false
        
        Caught error:
        
        Error: fixture lifecycle boundary reached
      code: 'ERR_ASSERTION'
      name: 'AssertionError'
      stack: |-
        async TestContext.<anonymous> (file:///C:/Users/sschofield/repos/ecorp-pr237-review-fixes/tools/owned_test_stack.test.mjs:45:11)
        async Test.run (node:internal/test_runner/test:1313:7)
        async TestContext.<anonymous> (file:///C:/Users/sschofield/repos/ecorp-pr237-review-fixes/tools/owned_test_stack.test.mjs:42:9)
        async Test.run (node:internal/test_runner/test:1313:7)
        async startSubtestAfterBootstrap (node:internal/test_runner/harness:385:3)
      ...
    # Subtest: startOwnedTestServer rejects query case host
    not ok 17 - startOwnedTestServer rejects query case host
      ---
      duration_ms: 0.238
      type: 'test'
      location: 'C:\\Users\\sschofield\\repos\\ecorp-pr237-review-fixes\\tools\\owned_test_stack.test.mjs:42:17'
      failureType: 'testCodeFailure'
      error: |-
        The validation function is expected to return "true". Received false
        
        Caught error:
        
        Error: fixture lifecycle boundary reached
      code: 'ERR_ASSERTION'
      name: 'AssertionError'
      stack: |-
        async TestContext.<anonymous> (file:///C:/Users/sschofield/repos/ecorp-pr237-review-fixes/tools/owned_test_stack.test.mjs:45:11)
        async Test.run (node:internal/test_runner/test:1313:7)
        async TestContext.<anonymous> (file:///C:/Users/sschofield/repos/ecorp-pr237-review-fixes/tools/owned_test_stack.test.mjs:42:9)
        async Test.run (node:internal/test_runner/test:1313:7)
        async startSubtestAfterBootstrap (node:internal/test_runner/harness:385:3)
      ...
    # Subtest: startOwnedTestServer rejects query case &&
    not ok 18 - startOwnedTestServer rejects query case &&
      ---
      duration_ms: 0.2365
      type: 'test'
      location: 'C:\\Users\\sschofield\\repos\\ecorp-pr237-review-fixes\\tools\\owned_test_stack.test.mjs:42:17'
      failureType: 'testCodeFailure'
      error: |-
        The validation function is expected to return "true". Received false
        
        Caught error:
        
        Error: fixture lifecycle boundary reached
      code: 'ERR_ASSERTION'
      name: 'AssertionError'
      stack: |-
        async TestContext.<anonymous> (file:///C:/Users/sschofield/repos/ecorp-pr237-review-fixes/tools/owned_test_stack.test.mjs:45:11)
        async Test.run (node:internal/test_runner/test:1313:7)
        async TestContext.<anonymous> (file:///C:/Users/sschofield/repos/ecorp-pr237-review-fixes/tools/owned_test_stack.test.mjs:42:9)
        async Test.run (node:internal/test_runner/test:1313:7)
        async startSubtestAfterBootstrap (node:internal/test_runner/harness:385:3)
      ...
    # Subtest: startOwnedTestServer rejects query case %
    not ok 19 - startOwnedTestServer rejects query case %
      ---
      duration_ms: 0.2763
      type: 'test'
      location: 'C:\\Users\\sschofield\\repos\\ecorp-pr237-review-fixes\\tools\\owned_test_stack.test.mjs:42:17'
      failureType: 'testCodeFailure'
      error: |-
        The validation function is expected to return "true". Received false
        
        Caught error:
        
        Error: fixture lifecycle boundary reached
      code: 'ERR_ASSERTION'
      name: 'AssertionError'
      stack: |-
        async TestContext.<anonymous> (file:///C:/Users/sschofield/repos/ecorp-pr237-review-fixes/tools/owned_test_stack.test.mjs:45:11)
        async Test.run (node:internal/test_runner/test:1313:7)
        async TestContext.<anonymous> (file:///C:/Users/sschofield/repos/ecorp-pr237-review-fixes/tools/owned_test_stack.test.mjs:42:9)
        async Test.run (node:internal/test_runner/test:1313:7)
        async startSubtestAfterBootstrap (node:internal/test_runner/harness:385:3)
      ...
    # Subtest: startOwnedTestServer allows URL without query options (0)
    ok 20 - startOwnedTestServer allows URL without query options (0)
      ---
      duration_ms: 0.3894
      type: 'test'
      ...
    # Subtest: startOwnedTestServer allows URL without query options (1)
    ok 21 - startOwnedTestServer allows URL without query options (1)
      ---
      duration_ms: 0.2243
      type: 'test'
      ...
    # Subtest: restartOwnedTestServer rejects query case host
    not ok 22 - restartOwnedTestServer rejects query case host
      ---
      duration_ms: 0.3222
      type: 'test'
      location: 'C:\\Users\\sschofield\\repos\\ecorp-pr237-review-fixes\\tools\\owned_test_stack.test.mjs:42:17'
      failureType: 'testCodeFailure'
      error: |-
        The validation function is expected to return "true". Received false
        
        Caught error:
        
        Error: fixture lifecycle boundary reached
      code: 'ERR_ASSERTION'
      name: 'AssertionError'
      stack: |-
        async TestContext.<anonymous> (file:///C:/Users/sschofield/repos/ecorp-pr237-review-fixes/tools/owned_test_stack.test.mjs:45:11)
        async Test.run (node:internal/test_runner/test:1313:7)
        async TestContext.<anonymous> (file:///C:/Users/sschofield/repos/ecorp-pr237-review-fixes/tools/owned_test_stack.test.mjs:42:9)
        async Test.run (node:internal/test_runner/test:1313:7)
        async startSubtestAfterBootstrap (node:internal/test_runner/harness:385:3)
      ...
    # Subtest: restartOwnedTestServer rejects query case hostaddr
    not ok 23 - restartOwnedTestServer rejects query case hostaddr
      ---
      duration_ms: 0.2544
      type: 'test'
      location: 'C:\\Users\\sschofield\\repos\\ecorp-pr237-review-fixes\\tools\\owned_test_stack.test.mjs:42:17'
      failureType: 'testCodeFailure'
      error: |-
        The validation function is expected to return "true". Received false
        
        Caught error:
        
        Error: fixture lifecycle boundary reached
      code: 'ERR_ASSERTION'
      name: 'AssertionError'
      stack: |-
        async TestContext.<anonymous> (file:///C:/Users/sschofield/repos/ecorp-pr237-review-fixes/tools/owned_test_stack.test.mjs:45:11)
        async Test.run (node:internal/test_runner/test:1313:7)
        async TestContext.<anonymous> (file:///C:/Users/sschofield/repos/ecorp-pr237-review-fixes/tools/owned_test_stack.test.mjs:42:9)
        async Test.run (node:internal/test_runner/test:1313:7)
        async startSubtestAfterBootstrap (node:internal/test_runner/harness:385:3)
      ...
    # Subtest: restartOwnedTestServer rejects query case port
    not ok 24 - restartOwnedTestServer rejects query case port
      ---
      duration_ms: 0.2676
      type: 'test'
      location: 'C:\\Users\\sschofield\\repos\\ecorp-pr237-review-fixes\\tools\\owned_test_stack.test.mjs:42:17'
      failureType: 'testCodeFailure'
      error: |-
        The validation function is expected to return "true". Received false
        
        Caught error:
        
        Error: fixture lifecycle boundary reached
      code: 'ERR_ASSERTION'
      name: 'AssertionError'
      stack: |-
        async TestContext.<anonymous> (file:///C:/Users/sschofield/repos/ecorp-pr237-review-fixes/tools/owned_test_stack.test.mjs:45:11)
        async Test.run (node:internal/test_runner/test:1313:7)
        async TestContext.<anonymous> (file:///C:/Users/sschofield/repos/ecorp-pr237-review-fixes/tools/owned_test_stack.test.mjs:42:9)
        async Test.run (node:internal/test_runner/test:1313:7)
        async startSubtestAfterBootstrap (node:internal/test_runner/harness:385:3)
      ...
    # Subtest: restartOwnedTestServer rejects query case dbname
    not ok 25 - restartOwnedTestServer rejects query case dbname
      ---
      duration_ms: 0.2349
      type: 'test'
      location: 'C:\\Users\\sschofield\\repos\\ecorp-pr237-review-fixes\\tools\\owned_test_stack.test.mjs:42:17'
      failureType: 'testCodeFailure'
      error: |-
        The validation function is expected to return "true". Received false
        
        Caught error:
        
        Error: fixture lifecycle boundary reached
      code: 'ERR_ASSERTION'
      name: 'AssertionError'
      stack: |-
        async TestContext.<anonymous> (file:///C:/Users/sschofield/repos/ecorp-pr237-review-fixes/tools/owned_test_stack.test.mjs:45:11)
        async Test.run (node:internal/test_runner/test:1313:7)
        async TestContext.<anonymous> (file:///C:/Users/sschofield/repos/ecorp-pr237-review-fixes/tools/owned_test_stack.test.mjs:42:9)
        async Test.run (node:internal/test_runner/test:1313:7)
        async startSubtestAfterBootstrap (node:internal/test_runner/harness:385:3)
      ...
    # Subtest: restartOwnedTestServer rejects query case user
    not ok 26 - restartOwnedTestServer rejects query case user
      ---
      duration_ms: 0.2213
      type: 'test'
      location: 'C:\\Users\\sschofield\\repos\\ecorp-pr237-review-fixes\\tools\\owned_test_stack.test.mjs:42:17'
      failureType: 'testCodeFailure'
      error: |-
        The validation function is expected to return "true". Received false
        
        Caught error:
        
        Error: fixture lifecycle boundary reached
      code: 'ERR_ASSERTION'
      name: 'AssertionError'
      stack: |-
        async TestContext.<anonymous> (file:///C:/Users/sschofield/repos/ecorp-pr237-review-fixes/tools/owned_test_stack.test.mjs:45:11)
        async Test.run (node:internal/test_runner/test:1313:7)
        async TestContext.<anonymous> (file:///C:/Users/sschofield/repos/ecorp-pr237-review-fixes/tools/owned_test_stack.test.mjs:42:9)
        async Test.run (node:internal/test_runner/test:1313:7)
        async startSubtestAfterBootstrap (node:internal/test_runner/harness:385:3)
      ...
    # Subtest: restartOwnedTestServer rejects query case port
    not ok 27 - restartOwnedTestServer rejects query case port
      ---
      duration_ms: 0.2284
      type: 'test'
      location: 'C:\\Users\\sschofield\\repos\\ecorp-pr237-review-fixes\\tools\\owned_test_stack.test.mjs:42:17'
      failureType: 'testCodeFailure'
      error: |-
        The validation function is expected to return "true". Received false
        
        Caught error:
        
        Error: fixture lifecycle boundary reached
      code: 'ERR_ASSERTION'
      name: 'AssertionError'
      stack: |-
        async TestContext.<anonymous> (file:///C:/Users/sschofield/repos/ecorp-pr237-review-fixes/tools/owned_test_stack.test.mjs:45:11)
        async Test.run (node:internal/test_runner/test:1313:7)
        async TestContext.<anonymous> (file:///C:/Users/sschofield/repos/ecorp-pr237-review-fixes/tools/owned_test_stack.test.mjs:42:9)
        async Test.run (node:internal/test_runner/test:1313:7)
        async startSubtestAfterBootstrap (node:internal/test_runner/harness:385:3)
      ...
    # Subtest: restartOwnedTestServer rejects query case host
    not ok 28 - restartOwnedTestServer rejects query case host
      ---
      duration_ms: 0.3885
      type: 'test'
      location: 'C:\\Users\\sschofield\\repos\\ecorp-pr237-review-fixes\\tools\\owned_test_stack.test.mjs:42:17'
      failureType: 'testCodeFailure'
      error: |-
        The validation function is expected to return "true". Received false
        
        Caught error:
        
        Error: fixture lifecycle boundary reached
      code: 'ERR_ASSERTION'
      name: 'AssertionError'
      stack: |-
        async TestContext.<anonymous> (file:///C:/Users/sschofield/repos/ecorp-pr237-review-fixes/tools/owned_test_stack.test.mjs:45:11)
        async Test.run (node:internal/test_runner/test:1313:7)
        async TestContext.<anonymous> (file:///C:/Users/sschofield/repos/ecorp-pr237-review-fixes/tools/owned_test_stack.test.mjs:42:9)
        async Test.run (node:internal/test_runner/test:1313:7)
        async startSubtestAfterBootstrap (node:internal/test_runner/harness:385:3)
      ...
    # Subtest: restartOwnedTestServer rejects query case unknown
    not ok 29 - restartOwnedTestServer rejects query case unknown
      ---
      duration_ms: 0.2733
      type: 'test'
      location: 'C:\\Users\\sschofield\\repos\\ecorp-pr237-review-fixes\\tools\\owned_test_stack.test.mjs:42:17'
      failureType: 'testCodeFailure'
      error: |-
        The validation function is expected to return "true". Received false
        
        Caught error:
        
        Error: fixture lifecycle boundary reached
      code: 'ERR_ASSERTION'
      name: 'AssertionError'
      stack: |-
        async TestContext.<anonymous> (file:///C:/Users/sschofield/repos/ecorp-pr237-review-fixes/tools/owned_test_stack.test.mjs:45:11)
        async Test.run (node:internal/test_runner/test:1313:7)
        async TestContext.<anonymous> (file:///C:/Users/sschofield/repos/ecorp-pr237-review-fixes/tools/owned_test_stack.test.mjs:42:9)
        async Test.run (node:internal/test_runner/test:1313:7)
        async startSubtestAfterBootstrap (node:internal/test_runner/harness:385:3)
      ...
    # Subtest: restartOwnedTestServer rejects query case %68ost
    not ok 30 - restartOwnedTestServer rejects query case %68ost
      ---
      duration_ms: 0.4549
      type: 'test'
      location: 'C:\\Users\\sschofield\\repos\\ecorp-pr237-review-fixes\\tools\\owned_test_stack.test.mjs:42:17'
      failureType: 'testCodeFailure'
      error: |-
        The validation function is expected to return "true". Received false
        
        Caught error:
        
        Error: fixture lifecycle boundary reached
      code: 'ERR_ASSERTION'
      name: 'AssertionError'
      stack: |-
        async TestContext.<anonymous> (file:///C:/Users/sschofield/repos/ecorp-pr237-review-fixes/tools/owned_test_stack.test.mjs:45:11)
        async Test.run (node:internal/test_runner/test:1313:7)
        async TestContext.<anonymous> (file:///C:/Users/sschofield/repos/ecorp-pr237-review-fixes/tools/owned_test_stack.test.mjs:42:9)
        async Test.run (node:internal/test_runner/test:1313:7)
        async startSubtestAfterBootstrap (node:internal/test_runner/harness:385:3)
      ...
    # Subtest: restartOwnedTestServer rejects query case HOST
    not ok 31 - restartOwnedTestServer rejects query case HOST
      ---
      duration_ms: 0.2868
      type: 'test'
      location: 'C:\\Users\\sschofield\\repos\\ecorp-pr237-review-fixes\\tools\\owned_test_stack.test.mjs:42:17'
      failureType: 'testCodeFailure'
      error: |-
        The validation function is expected to return "true". Received false
        
        Caught error:
        
        Error: fixture lifecycle boundary reached
      code: 'ERR_ASSERTION'
      name: 'AssertionError'
      stack: |-
        async TestContext.<anonymous> (file:///C:/Users/sschofield/repos/ecorp-pr237-review-fixes/tools/owned_test_stack.test.mjs:45:11)
        async Test.run (node:internal/test_runner/test:1313:7)
        async TestContext.<anonymous> (file:///C:/Users/sschofield/repos/ecorp-pr237-review-fixes/tools/owned_test_stack.test.mjs:42:9)
        async Test.run (node:internal/test_runner/test:1313:7)
        async startSubtestAfterBootstrap (node:internal/test_runner/harness:385:3)
      ...
    # Subtest: restartOwnedTestServer rejects query case HostAddr
    not ok 32 - restartOwnedTestServer rejects query case HostAddr
      ---
      duration_ms: 0.2364
      type: 'test'
      location: 'C:\\Users\\sschofield\\repos\\ecorp-pr237-review-fixes\\tools\\owned_test_stack.test.mjs:42:17'
      failureType: 'testCodeFailure'
      error: |-
        The validation function is expected to return "true". Received false
        
        Caught error:
        
        Error: fixture lifecycle boundary reached
      code: 'ERR_ASSERTION'
      name: 'AssertionError'
      stack: |-
        async TestContext.<anonymous> (file:///C:/Users/sschofield/repos/ecorp-pr237-review-fixes/tools/owned_test_stack.test.mjs:45:11)
        async Test.run (node:internal/test_runner/test:1313:7)
        async TestContext.<anonymous> (file:///C:/Users/sschofield/repos/ecorp-pr237-review-fixes/tools/owned_test_stack.test.mjs:42:9)
        async Test.run (node:internal/test_runner/test:1313:7)
        async startSubtestAfterBootstrap (node:internal/test_runner/harness:385:3)
      ...
    # Subtest: restartOwnedTestServer rejects query case DBNAME
    not ok 33 - restartOwnedTestServer rejects query case DBNAME
      ---
      duration_ms: 0.2242
      type: 'test'
      location: 'C:\\Users\\sschofield\\repos\\ecorp-pr237-review-fixes\\tools\\owned_test_stack.test.mjs:42:17'
      failureType: 'testCodeFailure'
      error: |-
        The validation function is expected to return "true". Received false
        
        Caught error:
        
        Error: fixture lifecycle boundary reached
      code: 'ERR_ASSERTION'
      name: 'AssertionError'
      stack: |-
        async TestContext.<anonymous> (file:///C:/Users/sschofield/repos/ecorp-pr237-review-fixes/tools/owned_test_stack.test.mjs:45:11)
        async Test.run (node:internal/test_runner/test:1313:7)
        async TestContext.<anonymous> (file:///C:/Users/sschofield/repos/ecorp-pr237-review-fixes/tools/owned_test_stack.test.mjs:42:9)
        async Test.run (node:internal/test_runner/test:1313:7)
        async startSubtestAfterBootstrap (node:internal/test_runner/harness:385:3)
      ...
    # Subtest: restartOwnedTestServer rejects query case port
    not ok 34 - restartOwnedTestServer rejects query case port
      ---
      duration_ms: 0.2081
      type: 'test'
      location: 'C:\\Users\\sschofield\\repos\\ecorp-pr237-review-fixes\\tools\\owned_test_stack.test.mjs:42:17'
      failureType: 'testCodeFailure'
      error: |-
        The validation function is expected to return "true". Received false
        
        Caught error:
        
        Error: fixture lifecycle boundary reached
      code: 'ERR_ASSERTION'
      name: 'AssertionError'
      stack: |-
        async TestContext.<anonymous> (file:///C:/Users/sschofield/repos/ecorp-pr237-review-fixes/tools/owned_test_stack.test.mjs:45:11)
        async Test.run (node:internal/test_runner/test:1313:7)
        async TestContext.<anonymous> (file:///C:/Users/sschofield/repos/ecorp-pr237-review-fixes/tools/owned_test_stack.test.mjs:42:9)
        async Test.run (node:internal/test_runner/test:1313:7)
        async startSubtestAfterBootstrap (node:internal/test_runner/harness:385:3)
      ...
    # Subtest: restartOwnedTestServer rejects query case sslmode
    not ok 35 - restartOwnedTestServer rejects query case sslmode
      ---
      duration_ms: 0.3176
      type: 'test'
      location: 'C:\\Users\\sschofield\\repos\\ecorp-pr237-review-fixes\\tools\\owned_test_stack.test.mjs:42:17'
      failureType: 'testCodeFailure'
      error: |-
        The validation function is expected to return "true". Received false
        
        Caught error:
        
        Error: fixture lifecycle boundary reached
      code: 'ERR_ASSERTION'
      name: 'AssertionError'
      stack: |-
        async TestContext.<anonymous> (file:///C:/Users/sschofield/repos/ecorp-pr237-review-fixes/tools/owned_test_stack.test.mjs:45:11)
        async Test.run (node:internal/test_runner/test:1313:7)
        async TestContext.<anonymous> (file:///C:/Users/sschofield/repos/ecorp-pr237-review-fixes/tools/owned_test_stack.test.mjs:42:9)
        async Test.run (node:internal/test_runner/test:1313:7)
        async startSubtestAfterBootstrap (node:internal/test_runner/harness:385:3)
      ...
    # Subtest: restartOwnedTestServer rejects query case options
    not ok 36 - restartOwnedTestServer rejects query case options
      ---
      duration_ms: 1.3307
      type: 'test'
      location: 'C:\\Users\\sschofield\\repos\\ecorp-pr237-review-fixes\\tools\\owned_test_stack.test.mjs:42:17'
      failureType: 'testCodeFailure'
      error: |-
        The validation function is expected to return "true". Received false
        
        Caught error:
        
        Error: fixture lifecycle boundary reached
      code: 'ERR_ASSERTION'
      name: 'AssertionError'
      stack: |-
        async TestContext.<anonymous> (file:///C:/Users/sschofield/repos/ecorp-pr237-review-fixes/tools/owned_test_stack.test.mjs:45:11)
        async Test.run (node:internal/test_runner/test:1313:7)
        async TestContext.<anonymous> (file:///C:/Users/sschofield/repos/ecorp-pr237-review-fixes/tools/owned_test_stack.test.mjs:42:9)
        async Test.run (node:internal/test_runner/test:1313:7)
        async startSubtestAfterBootstrap (node:internal/test_runner/harness:385:3)
      ...
    # Subtest: restartOwnedTestServer rejects query case password
    not ok 37 - restartOwnedTestServer rejects query case password
      ---
      duration_ms: 0.4234
      type: 'test'
      location: 'C:\\Users\\sschofield\\repos\\ecorp-pr237-review-fixes\\tools\\owned_test_stack.test.mjs:42:17'
      failureType: 'testCodeFailure'
      error: |-
        The validation function is expected to return "true". Received false
        
        Caught error:
        
        Error: fixture lifecycle boundary reached
      code: 'ERR_ASSERTION'
      name: 'AssertionError'
      stack: |-
        async TestContext.<anonymous> (file:///C:/Users/sschofield/repos/ecorp-pr237-review-fixes/tools/owned_test_stack.test.mjs:45:11)
        async Test.run (node:internal/test_runner/test:1313:7)
        async TestContext.<anonymous> (file:///C:/Users/sschofield/repos/ecorp-pr237-review-fixes/tools/owned_test_stack.test.mjs:42:9)
        async Test.run (node:internal/test_runner/test:1313:7)
        async startSubtestAfterBootstrap (node:internal/test_runner/harness:385:3)
      ...
    # Subtest: restartOwnedTestServer rejects query case host
    not ok 38 - restartOwnedTestServer rejects query case host
      ---
      duration_ms: 0.3453
      type: 'test'
      location: 'C:\\Users\\sschofield\\repos\\ecorp-pr237-review-fixes\\tools\\owned_test_stack.test.mjs:42:17'
      failureType: 'testCodeFailure'
      error: |-
        The validation function is expected to return "true". Received false
        
        Caught error:
        
        Error: fixture lifecycle boundary reached
      code: 'ERR_ASSERTION'
      name: 'AssertionError'
      stack: |-
        async TestContext.<anonymous> (file:///C:/Users/sschofield/repos/ecorp-pr237-review-fixes/tools/owned_test_stack.test.mjs:45:11)
        async Test.run (node:internal/test_runner/test:1313:7)
        async TestContext.<anonymous> (file:///C:/Users/sschofield/repos/ecorp-pr237-review-fixes/tools/owned_test_stack.test.mjs:42:9)
        async Test.run (node:internal/test_runner/test:1313:7)
        async startSubtestAfterBootstrap (node:internal/test_runner/harness:385:3)
      ...
    # Subtest: restartOwnedTestServer rejects query case &&
    not ok 39 - restartOwnedTestServer rejects query case &&
      ---
      duration_ms: 0.2621
      type: 'test'
      location: 'C:\\Users\\sschofield\\repos\\ecorp-pr237-review-fixes\\tools\\owned_test_stack.test.mjs:42:17'
      failureType: 'testCodeFailure'
      error: |-
        The validation function is expected to return "true". Received false
        
        Caught error:
        
        Error: fixture lifecycle boundary reached
      code: 'ERR_ASSERTION'
      name: 'AssertionError'
      stack: |-
        async TestContext.<anonymous> (file:///C:/Users/sschofield/repos/ecorp-pr237-review-fixes/tools/owned_test_stack.test.mjs:45:11)
        async Test.run (node:internal/test_runner/test:1313:7)
        async TestContext.<anonymous> (file:///C:/Users/sschofield/repos/ecorp-pr237-review-fixes/tools/owned_test_stack.test.mjs:42:9)
        async Test.run (node:internal/test_runner/test:1313:7)
        async startSubtestAfterBootstrap (node:internal/test_runner/harness:385:3)
      ...
    # Subtest: restartOwnedTestServer rejects query case %
    not ok 40 - restartOwnedTestServer rejects query case %
      ---
      duration_ms: 0.2755
      type: 'test'
      location: 'C:\\Users\\sschofield\\repos\\ecorp-pr237-review-fixes\\tools\\owned_test_stack.test.mjs:42:17'
      failureType: 'testCodeFailure'
      error: |-
        The validation function is expected to return "true". Received false
        
        Caught error:
        
        Error: fixture lifecycle boundary reached
      code: 'ERR_ASSERTION'
      name: 'AssertionError'
      stack: |-
        async TestContext.<anonymous> (file:///C:/Users/sschofield/repos/ecorp-pr237-review-fixes/tools/owned_test_stack.test.mjs:45:11)
        async Test.run (node:internal/test_runner/test:1313:7)
        async TestContext.<anonymous> (file:///C:/Users/sschofield/repos/ecorp-pr237-review-fixes/tools/owned_test_stack.test.mjs:42:9)
        async Test.run (node:internal/test_runner/test:1313:7)
        async startSubtestAfterBootstrap (node:internal/test_runner/harness:385:3)
      ...
    # Subtest: restartOwnedTestServer allows URL without query options (0)
    ok 41 - restartOwnedTestServer allows URL without query options (0)
      ---
      duration_ms: 0.2061
      type: 'test'
      ...
    # Subtest: restartOwnedTestServer allows URL without query options (1)
    ok 42 - restartOwnedTestServer allows URL without query options (1)
      ---
      duration_ms: 0.1495
      type: 'test'
      ...
    # Subtest: stopOwnedTestServer rejects query case host
    not ok 43 - stopOwnedTestServer rejects query case host
      ---
      duration_ms: 0.5945
      type: 'test'
      location: 'C:\\Users\\sschofield\\repos\\ecorp-pr237-review-fixes\\tools\\owned_test_stack.test.mjs:42:17'
      failureType: 'testCodeFailure'
      error: |-
        The validation function is expected to return "true". Received false
        
        Caught error:
        
        Error: fixture lifecycle boundary reached
      code: 'ERR_ASSERTION'
      name: 'AssertionError'
      stack: |-
        async TestContext.<anonymous> (file:///C:/Users/sschofield/repos/ecorp-pr237-review-fixes/tools/owned_test_stack.test.mjs:45:11)
        async Test.run (node:internal/test_runner/test:1313:7)
        async TestContext.<anonymous> (file:///C:/Users/sschofield/repos/ecorp-pr237-review-fixes/tools/owned_test_stack.test.mjs:42:9)
        async Test.run (node:internal/test_runner/test:1313:7)
        async startSubtestAfterBootstrap (node:internal/test_runner/harness:385:3)
      ...
    # Subtest: stopOwnedTestServer rejects query case hostaddr
    not ok 44 - stopOwnedTestServer rejects query case hostaddr
      ---
      duration_ms: 0.4219
      type: 'test'
      location: 'C:\\Users\\sschofield\\repos\\ecorp-pr237-review-fixes\\tools\\owned_test_stack.test.mjs:42:17'
      failureType: 'testCodeFailure'
      error: |-
        The validation function is expected to return "true". Received false
        
        Caught error:
        
        Error: fixture lifecycle boundary reached
      code: 'ERR_ASSERTION'
      name: 'AssertionError'
      stack: |-
        async TestContext.<anonymous> (file:///C:/Users/sschofield/repos/ecorp-pr237-review-fixes/tools/owned_test_stack.test.mjs:45:11)
        async Test.run (node:internal/test_runner/test:1313:7)
        async TestContext.<anonymous> (file:///C:/Users/sschofield/repos/ecorp-pr237-review-fixes/tools/owned_test_stack.test.mjs:42:9)
        async Test.run (node:internal/test_runner/test:1313:7)
        async startSubtestAfterBootstrap (node:internal/test_runner/harness:385:3)
      ...
    # Subtest: stopOwnedTestServer rejects query case port
    not ok 45 - stopOwnedTestServer rejects query case port
      ---
      duration_ms: 0.2238
      type: 'test'
      location: 'C:\\Users\\sschofield\\repos\\ecorp-pr237-review-fixes\\tools\\owned_test_stack.test.mjs:42:17'
      failureType: 'testCodeFailure'
      error: |-
        The validation function is expected to return "true". Received false
        
        Caught error:
        
        Error: fixture lifecycle boundary reached
      code: 'ERR_ASSERTION'
      name: 'AssertionError'
      stack: |-
        async TestContext.<anonymous> (file:///C:/Users/sschofield/repos/ecorp-pr237-review-fixes/tools/owned_test_stack.test.mjs:45:11)
        async Test.run (node:internal/test_runner/test:1313:7)
        async TestContext.<anonymous> (file:///C:/Users/sschofield/repos/ecorp-pr237-review-fixes/tools/owned_test_stack.test.mjs:42:9)
        async Test.run (node:internal/test_runner/test:1313:7)
        async startSubtestAfterBootstrap (node:internal/test_runner/harness:385:3)
      ...
    # Subtest: stopOwnedTestServer rejects query case dbname
    not ok 46 - stopOwnedTestServer rejects query case dbname
      ---
      duration_ms: 0.2015
      type: 'test'
      location: 'C:\\Users\\sschofield\\repos\\ecorp-pr237-review-fixes\\tools\\owned_test_stack.test.mjs:42:17'
      failureType: 'testCodeFailure'
      error: |-
        The validation function is expected to return "true". Received false
        
        Caught error:
        
        Error: fixture lifecycle boundary reached
      code: 'ERR_ASSERTION'
      name: 'AssertionError'
      stack: |-
        async TestContext.<anonymous> (file:///C:/Users/sschofield/repos/ecorp-pr237-review-fixes/tools/owned_test_stack.test.mjs:45:11)
        async Test.run (node:internal/test_runner/test:1313:7)
        async TestContext.<anonymous> (file:///C:/Users/sschofield/repos/ecorp-pr237-review-fixes/tools/owned_test_stack.test.mjs:42:9)
        async Test.run (node:internal/test_runner/test:1313:7)
        async startSubtestAfterBootstrap (node:internal/test_runner/harness:385:3)
      ...
    # Subtest: stopOwnedTestServer rejects query case user
    not ok 47 - stopOwnedTestServer rejects query case user
      ---
      duration_ms: 0.3209
      type: 'test'
      location: 'C:\\Users\\sschofield\\repos\\ecorp-pr237-review-fixes\\tools\\owned_test_stack.test.mjs:42:17'
      failureType: 'testCodeFailure'
      error: |-
        The validation function is expected to return "true". Received false
        
        Caught error:
        
        Error: fixture lifecycle boundary reached
      code: 'ERR_ASSERTION'
      name: 'AssertionError'
      stack: |-
        async TestContext.<anonymous> (file:///C:/Users/sschofield/repos/ecorp-pr237-review-fixes/tools/owned_test_stack.test.mjs:45:11)
        async Test.run (node:internal/test_runner/test:1313:7)
        async TestContext.<anonymous> (file:///C:/Users/sschofield/repos/ecorp-pr237-review-fixes/tools/owned_test_stack.test.mjs:42:9)
        async Test.run (node:internal/test_runner/test:1313:7)
        async startSubtestAfterBootstrap (node:internal/test_runner/harness:385:3)
      ...
    # Subtest: stopOwnedTestServer rejects query case port
    not ok 48 - stopOwnedTestServer rejects query case port
      ---
      duration_ms: 0.2385
      type: 'test'
      location: 'C:\\Users\\sschofield\\repos\\ecorp-pr237-review-fixes\\tools\\owned_test_stack.test.mjs:42:17'
      failureType: 'testCodeFailure'
      error: |-
        The validation function is expected to return "true". Received false
        
        Caught error:
        
        Error: fixture lifecycle boundary reached
      code: 'ERR_ASSERTION'
      name: 'AssertionError'
      stack: |-
        async TestContext.<anonymous> (file:///C:/Users/sschofield/repos/ecorp-pr237-review-fixes/tools/owned_test_stack.test.mjs:45:11)
        async Test.run (node:internal/test_runner/test:1313:7)
        async TestContext.<anonymous> (file:///C:/Users/sschofield/repos/ecorp-pr237-review-fixes/tools/owned_test_stack.test.mjs:42:9)
        async Test.run (node:internal/test_runner/test:1313:7)
        async startSubtestAfterBootstrap (node:internal/test_runner/harness:385:3)
      ...
    # Subtest: stopOwnedTestServer rejects query case host
    not ok 49 - stopOwnedTestServer rejects query case host
      ---
      duration_ms: 0.2249
      type: 'test'
      location: 'C:\\Users\\sschofield\\repos\\ecorp-pr237-review-fixes\\tools\\owned_test_stack.test.mjs:42:17'
      failureType: 'testCodeFailure'
      error: |-
        The validation function is expected to return "true". Received false
        
        Caught error:
        
        Error: fixture lifecycle boundary reached
      code: 'ERR_ASSERTION'
      name: 'AssertionError'
      stack: |-
        async TestContext.<anonymous> (file:///C:/Users/sschofield/repos/ecorp-pr237-review-fixes/tools/owned_test_stack.test.mjs:45:11)
        async Test.run (node:internal/test_runner/test:1313:7)
        async TestContext.<anonymous> (file:///C:/Users/sschofield/repos/ecorp-pr237-review-fixes/tools/owned_test_stack.test.mjs:42:9)
        async Test.run (node:internal/test_runner/test:1313:7)
        async startSubtestAfterBootstrap (node:internal/test_runner/harness:385:3)
      ...
    # Subtest: stopOwnedTestServer rejects query case unknown
    not ok 50 - stopOwnedTestServer rejects query case unknown
      ---
      duration_ms: 0.206
      type: 'test'
      location: 'C:\\Users\\sschofield\\repos\\ecorp-pr237-review-fixes\\tools\\owned_test_stack.test.mjs:42:17'
      failureType: 'testCodeFailure'
      error: |-
        The validation function is expected to return "true". Received false
        
        Caught error:
        
        Error: fixture lifecycle boundary reached
      code: 'ERR_ASSERTION'
      name: 'AssertionError'
      stack: |-
        async TestContext.<anonymous> (file:///C:/Users/sschofield/repos/ecorp-pr237-review-fixes/tools/owned_test_stack.test.mjs:45:11)
        async Test.run (node:internal/test_runner/test:1313:7)
        async TestContext.<anonymous> (file:///C:/Users/sschofield/repos/ecorp-pr237-review-fixes/tools/owned_test_stack.test.mjs:42:9)
        async Test.run (node:internal/test_runner/test:1313:7)
        async startSubtestAfterBootstrap (node:internal/test_runner/harness:385:3)
      ...
    # Subtest: stopOwnedTestServer rejects query case %68ost
    not ok 51 - stopOwnedTestServer rejects query case %68ost
      ---
      duration_ms: 0.2441
      type: 'test'
      location: 'C:\\Users\\sschofield\\repos\\ecorp-pr237-review-fixes\\tools\\owned_test_stack.test.mjs:42:17'
      failureType: 'testCodeFailure'
      error: |-
        The validation function is expected to return "true". Received false
        
        Caught error:
        
        Error: fixture lifecycle boundary reached
      code: 'ERR_ASSERTION'
      name: 'AssertionError'
      stack: |-
        async TestContext.<anonymous> (file:///C:/Users/sschofield/repos/ecorp-pr237-review-fixes/tools/owned_test_stack.test.mjs:45:11)
        async Test.run (node:internal/test_runner/test:1313:7)
        async TestContext.<anonymous> (file:///C:/Users/sschofield/repos/ecorp-pr237-review-fixes/tools/owned_test_stack.test.mjs:42:9)
        async Test.run (node:internal/test_runner/test:1313:7)
        async startSubtestAfterBootstrap (node:internal/test_runner/harness:385:3)
      ...
    # Subtest: stopOwnedTestServer rejects query case HOST
    not ok 52 - stopOwnedTestServer rejects query case HOST
      ---
      duration_ms: 0.1955
      type: 'test'
      location: 'C:\\Users\\sschofield\\repos\\ecorp-pr237-review-fixes\\tools\\owned_test_stack.test.mjs:42:17'
      failureType: 'testCodeFailure'
      error: |-
        The validation function is expected to return "true". Received false
        
        Caught error:
        
        Error: fixture lifecycle boundary reached
      code: 'ERR_ASSERTION'
      name: 'AssertionError'
      stack: |-
        async TestContext.<anonymous> (file:///C:/Users/sschofield/repos/ecorp-pr237-review-fixes/tools/owned_test_stack.test.mjs:45:11)
        async Test.run (node:internal/test_runner/test:1313:7)
        async TestContext.<anonymous> (file:///C:/Users/sschofield/repos/ecorp-pr237-review-fixes/tools/owned_test_stack.test.mjs:42:9)
        async Test.run (node:internal/test_runner/test:1313:7)
        async startSubtestAfterBootstrap (node:internal/test_runner/harness:385:3)
      ...
    # Subtest: stopOwnedTestServer rejects query case HostAddr
    not ok 53 - stopOwnedTestServer rejects query case HostAddr
      ---
      duration_ms: 0.2
      type: 'test'
      location: 'C:\\Users\\sschofield\\repos\\ecorp-pr237-review-fixes\\tools\\owned_test_stack.test.mjs:42:17'
      failureType: 'testCodeFailure'
      error: |-
        The validation function is expected to return "true". Received false
        
        Caught error:
        
        Error: fixture lifecycle boundary reached
      code: 'ERR_ASSERTION'
      name: 'AssertionError'
      stack: |-
        async TestContext.<anonymous> (file:///C:/Users/sschofield/repos/ecorp-pr237-review-fixes/tools/owned_test_stack.test.mjs:45:11)
        async Test.run (node:internal/test_runner/test:1313:7)
        async TestContext.<anonymous> (file:///C:/Users/sschofield/repos/ecorp-pr237-review-fixes/tools/owned_test_stack.test.mjs:42:9)
        async Test.run (node:internal/test_runner/test:1313:7)
        async startSubtestAfterBootstrap (node:internal/test_runner/harness:385:3)
      ...
    # Subtest: stopOwnedTestServer rejects query case DBNAME
    not ok 54 - stopOwnedTestServer rejects query case DBNAME
      ---
      duration_ms: 0.2463
      type: 'test'
      location: 'C:\\Users\\sschofield\\repos\\ecorp-pr237-review-fixes\\tools\\owned_test_stack.test.mjs:42:17'
      failureType: 'testCodeFailure'
      error: |-
        The validation function is expected to return "true". Received false
        
        Caught error:
        
        Error: fixture lifecycle boundary reached
      code: 'ERR_ASSERTION'
      name: 'AssertionError'
      stack: |-
        async TestContext.<anonymous> (file:///C:/Users/sschofield/repos/ecorp-pr237-review-fixes/tools/owned_test_stack.test.mjs:45:11)
        async Test.run (node:internal/test_runner/test:1313:7)
        async TestContext.<anonymous> (file:///C:/Users/sschofield/repos/ecorp-pr237-review-fixes/tools/owned_test_stack.test.mjs:42:9)
        async Test.run (node:internal/test_runner/test:1313:7)
        async startSubtestAfterBootstrap (node:internal/test_runner/harness:385:3)
      ...
    # Subtest: stopOwnedTestServer rejects query case port
    not ok 55 - stopOwnedTestServer rejects query case port
      ---
      duration_ms: 0.2186
      type: 'test'
      location: 'C:\\Users\\sschofield\\repos\\ecorp-pr237-review-fixes\\tools\\owned_test_stack.test.mjs:42:17'
      failureType: 'testCodeFailure'
      error: |-
        The validation function is expected to return "true". Received false
        
        Caught error:
        
        Error: fixture lifecycle boundary reached
      code: 'ERR_ASSERTION'
      name: 'AssertionError'
      stack: |-
        async TestContext.<anonymous> (file:///C:/Users/sschofield/repos/ecorp-pr237-review-fixes/tools/owned_test_stack.test.mjs:45:11)
        async Test.run (node:internal/test_runner/test:1313:7)
        async TestContext.<anonymous> (file:///C:/Users/sschofield/repos/ecorp-pr237-review-fixes/tools/owned_test_stack.test.mjs:42:9)
        async Test.run (node:internal/test_runner/test:1313:7)
        async startSubtestAfterBootstrap (node:internal/test_runner/harness:385:3)
      ...
    # Subtest: stopOwnedTestServer rejects query case sslmode
    not ok 56 - stopOwnedTestServer rejects query case sslmode
      ---
      duration_ms: 0.2052
      type: 'test'
      location: 'C:\\Users\\sschofield\\repos\\ecorp-pr237-review-fixes\\tools\\owned_test_stack.test.mjs:42:17'
      failureType: 'testCodeFailure'
      error: |-
        The validation function is expected to return "true". Received false
        
        Caught error:
        
        Error: fixture lifecycle boundary reached
      code: 'ERR_ASSERTION'
      name: 'AssertionError'
      stack: |-
        async TestContext.<anonymous> (file:///C:/Users/sschofield/repos/ecorp-pr237-review-fixes/tools/owned_test_stack.test.mjs:45:11)
        async Test.run (node:internal/test_runner/test:1313:7)
        async TestContext.<anonymous> (file:///C:/Users/sschofield/repos/ecorp-pr237-review-fixes/tools/owned_test_stack.test.mjs:42:9)
        async Test.run (node:internal/test_runner/test:1313:7)
        async startSubtestAfterBootstrap (node:internal/test_runner/harness:385:3)
      ...
    # Subtest: stopOwnedTestServer rejects query case options
    not ok 57 - stopOwnedTestServer rejects query case options
      ---
      duration_ms: 0.1954
      type: 'test'
      location: 'C:\\Users\\sschofield\\repos\\ecorp-pr237-review-fixes\\tools\\owned_test_stack.test.mjs:42:17'
      failureType: 'testCodeFailure'
      error: |-
        The validation function is expected to return "true". Received false
        
        Caught error:
        
        Error: fixture lifecycle boundary reached
      code: 'ERR_ASSERTION'
      name: 'AssertionError'
      stack: |-
        async TestContext.<anonymous> (file:///C:/Users/sschofield/repos/ecorp-pr237-review-fixes/tools/owned_test_stack.test.mjs:45:11)
        async Test.run (node:internal/test_runner/test:1313:7)
        async TestContext.<anonymous> (file:///C:/Users/sschofield/repos/ecorp-pr237-review-fixes/tools/owned_test_stack.test.mjs:42:9)
        async Test.run (node:internal/test_runner/test:1313:7)
        async startSubtestAfterBootstrap (node:internal/test_runner/harness:385:3)
      ...
    # Subtest: stopOwnedTestServer rejects query case password
    not ok 58 - stopOwnedTestServer rejects query case password
      ---
      duration_ms: 0.1939
      type: 'test'
      location: 'C:\\Users\\sschofield\\repos\\ecorp-pr237-review-fixes\\tools\\owned_test_stack.test.mjs:42:17'
      failureType: 'testCodeFailure'
      error: |-
        The validation function is expected to return "true". Received false
        
        Caught error:
        
        Error: fixture lifecycle boundary reached
      code: 'ERR_ASSERTION'
      name: 'AssertionError'
      stack: |-
        async TestContext.<anonymous> (file:///C:/Users/sschofield/repos/ecorp-pr237-review-fixes/tools/owned_test_stack.test.mjs:45:11)
        async Test.run (node:internal/test_runner/test:1313:7)
        async TestContext.<anonymous> (file:///C:/Users/sschofield/repos/ecorp-pr237-review-fixes/tools/owned_test_stack.test.mjs:42:9)
        async Test.run (node:internal/test_runner/test:1313:7)
        async startSubtestAfterBootstrap (node:internal/test_runner/harness:385:3)
      ...
    # Subtest: stopOwnedTestServer rejects query case host
    not ok 59 - stopOwnedTestServer rejects query case host
      ---
      duration_ms: 0.1949
      type: 'test'
      location: 'C:\\Users\\sschofield\\repos\\ecorp-pr237-review-fixes\\tools\\owned_test_stack.test.mjs:42:17'
      failureType: 'testCodeFailure'
      error: |-
        The validation function is expected to return "true". Received false
        
        Caught error:
        
        Error: fixture lifecycle boundary reached
      code: 'ERR_ASSERTION'
      name: 'AssertionError'
      stack: |-
        async TestContext.<anonymous> (file:///C:/Users/sschofield/repos/ecorp-pr237-review-fixes/tools/owned_test_stack.test.mjs:45:11)
        async Test.run (node:internal/test_runner/test:1313:7)
        async TestContext.<anonymous> (file:///C:/Users/sschofield/repos/ecorp-pr237-review-fixes/tools/owned_test_stack.test.mjs:42:9)
        async Test.run (node:internal/test_runner/test:1313:7)
        async startSubtestAfterBootstrap (node:internal/test_runner/harness:385:3)
      ...
    # Subtest: stopOwnedTestServer rejects query case &&
    not ok 60 - stopOwnedTestServer rejects query case &&
      ---
      duration_ms: 0.2613
      type: 'test'
      location: 'C:\\Users\\sschofield\\repos\\ecorp-pr237-review-fixes\\tools\\owned_test_stack.test.mjs:42:17'
      failureType: 'testCodeFailure'
      error: |-
        The validation function is expected to return "true". Received false
        
        Caught error:
        
        Error: fixture lifecycle boundary reached
      code: 'ERR_ASSERTION'
      name: 'AssertionError'
      stack: |-
        async TestContext.<anonymous> (file:///C:/Users/sschofield/repos/ecorp-pr237-review-fixes/tools/owned_test_stack.test.mjs:45:11)
        async Test.run (node:internal/test_runner/test:1313:7)
        async TestContext.<anonymous> (file:///C:/Users/sschofield/repos/ecorp-pr237-review-fixes/tools/owned_test_stack.test.mjs:42:9)
        async Test.run (node:internal/test_runner/test:1313:7)
        async startSubtestAfterBootstrap (node:internal/test_runner/harness:385:3)
      ...
    # Subtest: stopOwnedTestServer rejects query case %
    not ok 61 - stopOwnedTestServer rejects query case %
      ---
      duration_ms: 0.3264
      type: 'test'
      location: 'C:\\Users\\sschofield\\repos\\ecorp-pr237-review-fixes\\tools\\owned_test_stack.test.mjs:42:17'
      failureType: 'testCodeFailure'
      error: |-
        The validation function is expected to return "true". Received false
        
        Caught error:
        
        Error: fixture lifecycle boundary reached
      code: 'ERR_ASSERTION'
      name: 'AssertionError'
      stack: |-
        async TestContext.<anonymous> (file:///C:/Users/sschofield/repos/ecorp-pr237-review-fixes/tools/owned_test_stack.test.mjs:45:11)
        async Test.run (node:internal/test_runner/test:1313:7)
        async TestContext.<anonymous> (file:///C:/Users/sschofield/repos/ecorp-pr237-review-fixes/tools/owned_test_stack.test.mjs:42:9)
        async Test.run (node:internal/test_runner/test:1313:7)
        async startSubtestAfterBootstrap (node:internal/test_runner/harness:385:3)
      ...
    # Subtest: stopOwnedTestServer allows URL without query options (0)
    ok 62 - stopOwnedTestServer allows URL without query options (0)
      ---
      duration_ms: 0.1727
      type: 'test'
      ...
    # Subtest: stopOwnedTestServer allows URL without query options (1)
    ok 63 - stopOwnedTestServer allows URL without query options (1)
      ---
      duration_ms: 0.2048
      type: 'test'
      ...
    1..63
not ok 1 - database query options are refused before filesystem or lifecycle effects
  ---
  duration_ms: 31.954
  type: 'test'
  location: 'C:\\Users\\sschofield\\repos\\ecorp-pr237-review-fixes\\tools\\owned_test_stack.test.mjs:22:1'
  failureType: 'subtestsFailed'
  error: '57 subtests failed'
  code: 'ERR_TEST_FAILURE'
  ...
1..1
# tests 64
# suites 0
# pass 6
# fail 58
# cancelled 0
# skipped 0
# todo 0
# duration_ms 208.3594
