$ node --test --test-concurrency=2 --test-timeout=180000 scenarios/repo-steward/steward.test.mjs scenarios/repo-steward/actions.test.mjs scenarios/repo-steward/recurring-audit.test.mjs scenarios/repo-steward/feedback.test.mjs scenarios/repo-steward/maintenance.test.mjs scenarios/repo-steward/feedback-cli.test.mjs
✔ Actions preview performs no live reads or summary publication (3.1645ms)
✔ Actions fixture uses the real auditor without GitHub access (32.0006ms)
✔ invalid workflow input is rejected during preview without data access (1.0377ms)
✔ hosted live mode rejects non-Actions host before reading data (0.395ms)
✔ hosted live mode rejects PR event before reading data (1.0775ms)
✔ hosted live mode rejects another repository before reading data (0.1857ms)
✔ hosted live mode rejects feature branch before reading data (0.3651ms)
✔ hosted live mode rejects another actor before reading data (0.1823ms)
✔ hosted live mode rejects another rerun operator before reading data (0.3152ms)
✔ hosted live mode rejects missing triggering actor before reading data (0.3829ms)
✔ hosted live mode rejects missing source commit before reading data (0.3248ms)
✔ hosted live mode rejects disabled pilot before reading data (0.2045ms)
✔ hosted live mode rejects unapproved public summary before reading data (0.1295ms)
✔ hosted live mode rejects missing credential before reading data (0.1181ms)
✔ hosted live mode rejects blank credential before reading data (0.1507ms)
✔ hosted live mode rejects write-enabled configuration before reading data (0.154ms)
✔ GITHUB_TOKEN does not substitute for Project-readable credentials (0.2156ms)
✔ an admitted live path collects once and retains zero mutations (8.6254ms)
✔ collector failure does not produce a successful report (0.3097ms)
✔ stale hosted snapshots fail instead of publishing old findings (5.4639ms)
✔ public summaries never include free-form source or evidence text (6.3682ms)
✔ summary rejects unknown rule (4.3169ms)
✔ summary rejects bad finding id (5.8814ms)
✔ summary rejects foreign reference (7.1284ms)
✔ summary rejects mutation claim (9.7942ms)
✔ summary rejects wrong scope (5.6166ms)
✔ summary rejects invalid timestamp (6.7842ms)
✔ summary rejects bad totals (7.4089ms)
✔ public finding index is bounded without copying omitted details (5.7757ms)
✔ every configured fixture rule has an explicit publication review (4.1327ms)
✔ summary file writes remain inside a supplied native temporary directory (17.9157ms)
✔ Actions CLI rejects unsupported arguments --apply (0.24ms)
✔ Actions CLI rejects unsupported arguments --live (0.0922ms)
✔ Actions CLI rejects unsupported arguments --live (0.0826ms)
✔ actual fixture CLI needs no hosted secrets or Teams SDK (211.1798ms)
✔ manual workflow keeps first-party actions pinned and live credentials isolated (15.3155ms)
✔ feedback CLI rejects unsupported, missing and duplicate transition arguments (2.7822ms)
✔ new-file corpus output preserves the previous version and refuses overwrite (27.051ms)
✔ initializing a corpus binds the validated input scope without changing its snapshot (55.011ms)
✔ partial snapshot cannot create a corpus file (32.1786ms)
✔ redirected output parent is refused without writing through it (6.8874ms)
✔ review evidence must be a file and cannot use a directory as a digest source (49.1935ms)
✔ review CLI records the exact binary digest and closes its descriptor (91.8511ms)
✔ same-size review replacement between metadata check and open cannot update a corpus (36.7752ms)
✔ review parent swapped for a symlink or junction before open is rejected (43.6474ms)
✔ same-size pathname replacement after descriptor read is rejected (36.5321ms)
✔ same-size in-place review rewrite cannot hide behind a restored modification time (29.0639ms)
✔ review growth after open stays within its original byte bound and is rejected (30.7046ms)
✔ bounded review reads handle partial reads and reject empty or oversized files (17.4965ms)
✔ native behavioral evidence remains candidate with original local source and no finding impersonation (64.4073ms)
✔ native behavioral activation is denied for mixed support and forged active or retired history (42.1358ms)
✔ native behavioral candidates can be rejected without widening legacy review authority (46.24ms)
✔ native behavioral bytes, identity claims, source and repeated runs remain validated (135.9307ms)
✔ evidence binds actual audit finding and supplied snapshot without certifying collection or identity (11.0435ms)
✔ accepted missing Project status binds the native serialized report and finding in evidence and observations (47.982ms)
✔ auditor optional-field normalization retains strict data-only feedback and report validation (70.3062ms)
✔ timestamp-only or unrelated snapshot changes do not manufacture repeated supporting evidence (38.3505ms)
✔ partial, cross-scope, stale or missing findings cannot become feedback evidence (13.9888ms)
✔ feedback source pins accept exactly 40 or 64 hexadecimal characters, including supplied evidence (75.4313ms)
✔ candidate, active and retired versions preserve their inputs and have exact transition digests (17.3679ms)
✔ one observation, fabricated evidence bytes and replayed reviews cannot activate a rule (81.1826ms)
✔ reviewer labels and claimed approval booleans do not supply verified review authority (25.439ms)
✔ explicit rejection remains terminal and contributes no advice (46.522ms)
✔ prospective expiry is mandatory, bounded, and effective at the exact boundary (126.0859ms)
✔ active capacity cannot expand and supersession retires only the exact predecessor (66.0713ms)
✔ supersession rejects stale targets and cannot cross finding rules (50.5347ms)
✔ active guidance annotates only matching findings without hiding or changing original conclusions (22.8324ms)
✔ broad matching admits at most the finite annotation limit and never truncates an excessive report (357.2266ms)
✔ serialized output bytes are admitted before escaped guidance and evidence references fan out (60.7423ms)
✔ later audits honor activation and retirement while the original report stays identical (45.0842ms)
✔ unknown executable, suppression, assignment and permission options are rejected (178.4002ms)
✔ stale reports, foreign scope and altered evidence fail closed (34.9446ms)
✔ canonical digests ignore property insertion order but reject executable and non-finite data (0.6383ms)
✔ reusable corpus validation preserves input and rejects authority claims or altered guidance (20.5145ms)
✔ explicit collector profile requires a hash and cannot relabel a supplied snapshot (2.8491ms)
✔ recurrence requires finite explicit bounds before reading any input (1.3982ms)
✔ finite recurrence reloads snapshot and feedback on every cycle (2.9525ms)
✔ paused and stopped records prevent collection and input reads (2.6581ms)
✔ exhausted persisted attempts reject before snapshot, feedback or live collection (4.8405ms)
✔ watch admits the final allowed attempt and then stops before collecting another snapshot (3.0434ms)
✔ source mismatch refuses before reading snapshot or feedback (1.4153ms)
✔ a failed cycle stops recurrence without retrying or losing the failure (1.6735ms)
✔ first snapshot acquisition failure retains one sanitized failed attempt (360.2709ms)
✔ later corpus acquisition failure preserves earlier accepted evidence and consumes one attempt (858.16ms)
✔ live acquisition failure is retained once without raw error text or a retry (353.0803ms)
✔ pause and stop during failed acquisition remain effective without a new admitted attempt (2335.098ms)
✔ deadline crossing during failed acquisition prevents late attempt admission (1.9667ms)
✔ interruption during failed acquisition prevents a new admitted attempt (1.6541ms)
✔ duration bounds stop admission after collection without writing a late result (1.3852ms)
✔ interruption during an interval exits without another audit (1.5713ms)
✔ control commands delegate exact action, source and reason without collecting (3.7146ms)
✔ status exposes bounded metadata and no retained finding text (1.2253ms)
✔ one audit writes source-bound immutable private reports and an advisory handoff (520.3309ms)
✔ fresh capture timestamps and transport metrics alone produce no new report or proposal across restart (789.9467ms)
✔ live state binds the exact selected principal and profile through restart and controls (3097.368ms)
✔ profile metadata cannot convert supplied evidence or a different live principal into accepted observations (288.1412ms)
✔ changed scoped content produces a new receipt while retaining stable finding dedupe (597.2842ms)
✔ resolved findings are recorded without claiming a remote correction (597.8129ms)
✔ stale input fails and preserves a failed attempt, never reusing previous success (625.3288ms)
✔ future input fails and preserves a failed attempt, never reusing previous success (627.1768ms)
✔ incomplete input fails and preserves a failed attempt, never reusing previous success (632.9112ms)
✔ source drift fails and preserves a failed attempt, never reusing previous success (669.9044ms)
✔ changing the caller source pin cannot migrate an existing directory (500.8611ms)
✔ pause prevents input use, resume retains dedupe, and stop cannot resume (2552.0309ms)
✔ concurrent cycles have one winner and never create duplicate accepted receipts (409.1965ms)
✔ retained locks fail closed without PID reuse or timeout-based recovery (18.9768ms)
✔ incomplete intent and rollback to an older checkpoint refuse replay (638.2956ms)
✔ tampered referenced artifacts are rejected and preserved (355.4416ms)
✔ output-directory redirection refuses writes through a symlink or junction (11.2779ms)
✔ an unexpected output file is retained, not overwritten or removed (22.8519ms)
✔ status rejects unexpected files in initialized state before accepting its control projection (271.263ms)
✔ missing, traversal-style and incomplete control requests do not create authority (5.0447ms)
✔ live source claims retain the existing collector identity and zero-write metadata (271.2536ms)
✔ finite convenience API has explicit bounds and performs no scheduling (1000.237ms)
✔ state and artifact redirection are not followed on read (256.4075ms)
✔ alter of earlier history is detected after a newer successful cycle (726.9211ms)
✔ delete of earlier history is detected after a newer successful cycle (765.1094ms)
✔ changed implementation pins fail before a new intent is written (454.8605ms)
✔ a directory replaced while a caller holds its lock cannot redirect any artifact write (386.2884ms)
✔ actual corpus activation and retirement change only separately bound advisory output (1415.7773ms)
✔ expiry invalidates cached advisory annotations even without corpus byte changes (697.4629ms)
✔ mixed retained controls and new cycles enforce one transition bound with a reserved terminal stop (65169.9052ms)
✔ accepted snapshots with omitted optional metadata produce parseable JSON artifacts and replay (458.5838ms)
✔ optional auditor metadata works through the real feedback evidence and recurring consumer bridge (511.945ms)
✔ policy has the ten requested workstreams and never assigns people (8.8905ms)
✔ classification supports Multiplayer (11.2079ms)
✔ classification supports UX/UI (2.1332ms)
✔ classification supports Multi-system execution (1.4116ms)
✔ classification supports Janitor (1.4797ms)
✔ classification supports Dynamic agent teams (1.3311ms)
✔ classification supports DevOps/PR review/branch protection (1.5601ms)
✔ classification supports Security (1.4582ms)
✔ classification supports Agent communication layer (1.3002ms)
✔ classification supports Dark factory automation (1.7329ms)
✔ classification supports Backend scalability / pub-sub (1.3287ms)
✔ classification preserves labels and assignees (13.6021ms)
✔ UX alias means UX/UI (16.1594ms)
✔ an unassigned issue is not a violation (5.5181ms)
✔ full fixture audit has zero mutations and catches closing-link conflict (6.0146ms)
✔ non-closing prose overrides no native link, not unrelated partial references (6.0701ms)
✔ explicit do-not-close linked issue is flagged (4.2665ms)
✔ closed unmerged PR does not close an open issue (5.8629ms)
✔ reopened issue remains open after a historical merged PR (4.3508ms)
✔ no automatic close for several partial PRs (5.0704ms)
✔ only explicit dependency section is interpreted (0.2967ms)
✔ code fences and quoted references are not dependency authority (0.3138ms)
✔ native/text dependency disagreement is flagged (6.5487ms)
✔ matching dependencies do not produce a mismatch (6.5123ms)
✔ dependency cycles are bounded and reported once (5.3881ms)
✔ parent hierarchy mismatch and cycle are detected (5.4996ms)
✔ outside-scope dependency is not fetched or treated as complete (4.937ms)
✔ missing local dependency is unverified, not closed (6.4992ms)
✔ open issue marked Done is flagged without changing the board (6.9528ms)
✔ unknown workstream is a review hint, not a rename (5.6282ms)
✔ locked default branch is flagged, without bypass (6.4496ms)
✔ stale PR source head is reported (4.3322ms)
✔ current independent review is accepted as evidence (5.8343ms)
✔ author approval is not current independent human approval (4.8709ms)
✔ bot approval is not current independent human approval (3.8749ms)
✔ old-head approval is not current independent human approval (4.2376ms)
✔ later comment does not erase a valid prior approval (4.3157ms)
✔ failed checks and requested changes are surfaced (4.8861ms)
✔ missing checks are not a success (3.9859ms)
✔ stale snapshots are labeled (4.3503ms)
✔ future snapshots fail closed (3.3745ms)
✔ finding IDs are stable across repeated reads (11.7974ms)
✔ reported secrets are redacted and Markdown is escaped (13.9342ms)
✔ refuses: assign #50 to example-user (6.3387ms)
✔ refuses: label #50 multiplayer (6.4396ms)
✔ refuses: close #50 (4.7067ms)
✔ refuses: merge PR #237 (4.8156ms)
✔ refuses: enable auto-merge (5.2008ms)
✔ refuses: delete a branch (5.8447ms)
✔ refuses: approve PR #237 (6.8149ms)
✔ refuses: can you change the rules (6.6903ms)
✔ question answers use recorded evidence and canonical references (6.3282ms)
✔ reverse dependency questions list dependents (6.7079ms)
✔ unknown questions ask for clarification (7.3476ms)
✔ untrusted instruction text grants no tools (8.9891ms)
✔ snapshot rejects wrong repo (1.3709ms)
✔ snapshot rejects wrong project (1.3296ms)
✔ snapshot rejects partial coverage (1.145ms)
✔ snapshot rejects wrong count (3.6768ms)
✔ snapshot rejects duplicate issue (3.4572ms)
✔ snapshot rejects hostile URL (1.3597ms)
✔ snapshot rejects hidden project item (1.2924ms)
✔ snapshot rejects cross-repo item (1.2192ms)
✔ snapshot rejects duplicate project item (1.601ms)
✔ snapshot rejects oversized body (1.2821ms)
✔ collector completes two matching passes with no writes (5.9057ms)
✔ collector rejects issue drift between passes (3.642ms)
✔ collector rejects incomplete nested dependencies (1.2574ms)
✔ collector rejects a changed PR head/check binding (1.4158ms)
✔ collector rejects repeated pagination cursors (1.1911ms)
✔ collector rejects inaccessible connection entries (0.1981ms)
✔ read client verifies Bakar404 and never switches accounts (1.6628ms)
✔ explicit hash-pinned read principal does not change the pilot or read allowlist (29.2145ms)
✔ collector profile rejects changed scope or unsupported fields: repository (20.2515ms)
✔ collector profile rejects changed scope or unsupported fields: project_id (19.043ms)
✔ collector profile rejects changed scope or unsupported fields: project_number (16.8292ms)
✔ collector profile rejects changed scope or unsupported fields: token (25.0474ms)
✔ collector profile rejects changed scope or unsupported fields: url (11.551ms)
✔ collector profile rejects changed scope or unsupported fields: collector_login (10.8232ms)
✔ collector profile rejects wrong hashes, changed bytes and duplicate keys (47.7392ms)
✔ profiled collection records the actual principal and rejects identity or profile drift (41.1244ms)
✔ read client exposes no arbitrary query or write operation (2.0145ms)
✔ GraphQL cursor remains data, not executable query text (2.0578ms)
✔ GraphQL errors do not become accepted partial data (1.6874ms)
✔ GraphQL reserve prevents further reads (1.8606ms)
✔ collection has an elapsed-time bound (1.737ms)
✔ dry run uses neither network nor output files (2.165ms)
✔ CLI rejects apply (0.1954ms)
✔ CLI rejects audit --fixture --live (0.1297ms)
✔ CLI rejects audit --fixture --out ../escape.json (0.1806ms)
✔ CLI rejects audit --dry-run --out file.json (0.0981ms)
✔ CLI rejects audit --fixture --assign example-user (0.0817ms)
✔ CLI rejects ask --fixture (0.0774ms)
✔ actual CLI dry run works from another directory and has no network intent (188.6747ms)
✔ test chat prepares an evidence-based reply without sending it (9.9359ms)
✔ test chat rejects wrong tenant (0.4568ms)
✔ test chat rejects wrong group (0.2273ms)
✔ test chat rejects personal chat (0.1787ms)
✔ test chat rejects other channel (0.1928ms)
✔ test chat ignores messages without a mention (0.1969ms)
✔ test chat ignores its own messages (0.179ms)
✔ test chat refuses mutation requests (7.0986ms)
✔ no production mode or implicit binding (0.3352ms)
ℹ tests 227
ℹ suites 0
ℹ pass 227
ℹ fail 0
ℹ cancelled 0
ℹ skipped 0
ℹ todo 0
ℹ duration_ms 88020.9085
