$ node --test --test-concurrency=2 --test-timeout=180000 scenarios/repo-steward/steward.test.mjs scenarios/repo-steward/actions.test.mjs scenarios/repo-steward/recurring-audit.test.mjs scenarios/repo-steward/feedback.test.mjs scenarios/repo-steward/maintenance.test.mjs scenarios/repo-steward/feedback-cli.test.mjs
✔ Actions preview performs no live reads or summary publication (1.8886ms)
✔ Actions fixture uses the real auditor without GitHub access (26.8625ms)
✔ invalid workflow input is rejected during preview without data access (0.9368ms)
✔ hosted live mode rejects non-Actions host before reading data (0.341ms)
✔ hosted live mode rejects PR event before reading data (1.2392ms)
✔ hosted live mode rejects another repository before reading data (0.2331ms)
✔ hosted live mode rejects feature branch before reading data (0.3647ms)
✔ hosted live mode rejects another actor before reading data (0.2449ms)
✔ hosted live mode rejects another rerun operator before reading data (0.3562ms)
✔ hosted live mode rejects missing triggering actor before reading data (0.4883ms)
✔ hosted live mode rejects missing source commit before reading data (0.3986ms)
✔ hosted live mode rejects disabled pilot before reading data (0.2054ms)
✔ hosted live mode rejects unapproved public summary before reading data (0.1456ms)
✔ hosted live mode rejects missing credential before reading data (0.1196ms)
✔ hosted live mode rejects blank credential before reading data (0.139ms)
✔ hosted live mode rejects write-enabled configuration before reading data (0.1294ms)
✔ GITHUB_TOKEN does not substitute for Project-readable credentials (0.2162ms)
✔ an admitted live path collects once and retains zero mutations (7.333ms)
✔ collector failure does not produce a successful report (0.3892ms)
✔ stale hosted snapshots fail instead of publishing old findings (7.561ms)
✔ public summaries never include free-form source or evidence text (5.076ms)
✔ summary rejects unknown rule (3.9141ms)
✔ summary rejects bad finding id (4.4334ms)
✔ summary rejects foreign reference (4.3343ms)
✔ summary rejects mutation claim (4.2671ms)
✔ summary rejects wrong scope (4.2557ms)
✔ summary rejects invalid timestamp (5.4059ms)
✔ summary rejects bad totals (5.0216ms)
✔ public finding index is bounded without copying omitted details (4.8475ms)
✔ every configured fixture rule has an explicit publication review (4.6193ms)
✔ summary file writes remain inside a supplied native temporary directory (18.8663ms)
✔ Actions CLI rejects unsupported arguments --apply (0.324ms)
✔ Actions CLI rejects unsupported arguments --live (0.143ms)
✔ Actions CLI rejects unsupported arguments --live (0.1255ms)
✔ actual fixture CLI needs no hosted secrets or Teams SDK (207.8639ms)
✔ manual workflow keeps first-party actions pinned and live credentials isolated (1.0698ms)
✔ feedback CLI rejects unsupported, missing and duplicate transition arguments (2.2878ms)
✔ new-file corpus output preserves the previous version and refuses overwrite (25.3264ms)
✔ initializing a corpus binds the validated input scope without changing its snapshot (44.3404ms)
✔ partial snapshot cannot create a corpus file (22.69ms)
✔ redirected output parent is refused without writing through it (5.8418ms)
✔ review evidence must be a file and cannot use a directory as a digest source (49.0453ms)
✔ review CLI records the exact binary digest and closes its descriptor (83.6679ms)
✔ same-size review replacement between metadata check and open cannot update a corpus (32.9162ms)
✔ review parent swapped for a symlink or junction before open is rejected (41.8976ms)
✔ same-size pathname replacement after descriptor read is rejected (35.1196ms)
✔ same-size in-place review rewrite cannot hide behind a restored modification time (32.7393ms)
✔ review growth after open stays within its original byte bound and is rejected (29.4926ms)
✔ bounded review reads handle partial reads and reject empty or oversized files (18.4826ms)
✔ native behavioral evidence remains candidate with original local source and no finding impersonation (72.8805ms)
✔ native behavioral activation is denied for mixed support and forged active or retired history (42.7995ms)
✔ native behavioral candidates can be rejected without widening legacy review authority (47.7532ms)
✔ native behavioral bytes, identity claims, source and repeated runs remain validated (124.6779ms)
✔ evidence binds actual audit finding and supplied snapshot without certifying collection or identity (11.3954ms)
✔ accepted missing Project status binds the native serialized report and finding in evidence and observations (41.5933ms)
✔ auditor optional-field normalization retains strict data-only feedback and report validation (61.989ms)
✔ timestamp-only or unrelated snapshot changes do not manufacture repeated supporting evidence (33.8172ms)
✔ partial, cross-scope, stale or missing findings cannot become feedback evidence (17.8821ms)
✔ feedback source pins accept exactly 40 or 64 hexadecimal characters, including supplied evidence (85.0407ms)
✔ candidate, active and retired versions preserve their inputs and have exact transition digests (17.7471ms)
✔ one observation, fabricated evidence bytes and replayed reviews cannot activate a rule (88.5832ms)
✔ reviewer labels and claimed approval booleans do not supply verified review authority (20.8841ms)
✔ explicit rejection remains terminal and contributes no advice (38.9742ms)
✔ prospective expiry is mandatory, bounded, and effective at the exact boundary (112.8745ms)
✔ active capacity cannot expand and supersession retires only the exact predecessor (66.5407ms)
✔ supersession rejects stale targets and cannot cross finding rules (51.6005ms)
✔ active guidance annotates only matching findings without hiding or changing original conclusions (26.7645ms)
✔ broad matching admits at most the finite annotation limit and never truncates an excessive report (363.3362ms)
✔ serialized output bytes are admitted before escaped guidance and evidence references fan out (66.5951ms)
✔ later audits honor activation and retirement while the original report stays identical (40.0545ms)
✔ unknown executable, suppression, assignment and permission options are rejected (152.2534ms)
✔ stale reports, foreign scope and altered evidence fail closed (28.1925ms)
✔ canonical digests ignore property insertion order but reject executable and non-finite data (0.4526ms)
✔ reusable corpus validation preserves input and rejects authority claims or altered guidance (20.1047ms)
✔ explicit collector profile requires a hash and cannot relabel a supplied snapshot (2.7884ms)
✔ recurrence requires finite explicit bounds before reading any input (0.7507ms)
✔ finite recurrence reloads snapshot and feedback on every cycle (3.0911ms)
✔ paused and stopped records prevent collection and input reads (2.7002ms)
✔ exhausted persisted attempts reject before snapshot, feedback or live collection (2.6253ms)
✔ watch admits the final allowed attempt and then stops before collecting another snapshot (1.6637ms)
✔ source mismatch refuses before reading snapshot or feedback (1.2827ms)
✔ a failed cycle stops recurrence without retrying or losing the failure (1.3652ms)
✔ first snapshot acquisition failure retains one sanitized failed attempt (346.0012ms)
✔ later corpus acquisition failure preserves earlier accepted evidence and consumes one attempt (866.2093ms)
✔ live acquisition failure is retained once without raw error text or a retry (318.1803ms)
✔ pause and stop during failed acquisition remain effective without a new admitted attempt (2272.9548ms)
✔ deadline crossing during failed acquisition prevents late attempt admission (1.4914ms)
✔ interruption during failed acquisition prevents a new admitted attempt (2.8669ms)
✔ duration bounds stop admission after collection without writing a late result (1.445ms)
✔ interruption during an interval exits without another audit (1.2051ms)
✔ control commands delegate exact action, source and reason without collecting (4.4032ms)
✔ status exposes bounded metadata and no retained finding text (1.1349ms)
✔ one audit writes source-bound immutable private reports and an advisory handoff (515.4783ms)
✔ fresh capture timestamps and transport metrics alone produce no new report or proposal across restart (793.8974ms)
✔ live state binds the exact selected principal and profile through restart and controls (2735.3092ms)
✔ profile metadata cannot convert supplied evidence or a different live principal into accepted observations (313.0486ms)
✔ changed scoped content produces a new receipt while retaining stable finding dedupe (558.9411ms)
✔ resolved findings are recorded without claiming a remote correction (593.0066ms)
✔ stale input fails and preserves a failed attempt, never reusing previous success (752.6329ms)
✔ future input fails and preserves a failed attempt, never reusing previous success (693.4643ms)
✔ incomplete input fails and preserves a failed attempt, never reusing previous success (707.3529ms)
✔ source drift fails and preserves a failed attempt, never reusing previous success (759.6961ms)
✔ changing the caller source pin cannot migrate an existing directory (569.3016ms)
✔ pause prevents input use, resume retains dedupe, and stop cannot resume (2552.4088ms)
✔ concurrent cycles have one winner and never create duplicate accepted receipts (393.481ms)
✔ retained locks fail closed without PID reuse or timeout-based recovery (24.404ms)
✔ incomplete intent and rollback to an older checkpoint refuse replay (691.04ms)
✔ tampered referenced artifacts are rejected and preserved (347.2922ms)
✔ output-directory redirection refuses writes through a symlink or junction (12.7953ms)
✔ an unexpected output file is retained, not overwritten or removed (22.8782ms)
✔ status rejects unexpected files in initialized state before accepting its control projection (277.2469ms)
✔ missing, traversal-style and incomplete control requests do not create authority (6.2058ms)
✔ live source claims retain the existing collector identity and zero-write metadata (302.0943ms)
✔ finite convenience API has explicit bounds and performs no scheduling (1022.517ms)
✔ state and artifact redirection are not followed on read (293.0575ms)
✔ alter of earlier history is detected after a newer successful cycle (702.834ms)
✔ delete of earlier history is detected after a newer successful cycle (729.1504ms)
✔ changed implementation pins fail before a new intent is written (439.7307ms)
✔ a directory replaced while a caller holds its lock cannot redirect any artifact write (397.8401ms)
✔ actual corpus activation and retirement change only separately bound advisory output (1422.5882ms)
✔ expiry invalidates cached advisory annotations even without corpus byte changes (655.828ms)
✔ mixed retained controls and new cycles enforce one transition bound with a reserved terminal stop (74374.3546ms)
✔ accepted snapshots with omitted optional metadata produce parseable JSON artifacts and replay (514.9012ms)
✔ optional auditor metadata works through the real feedback evidence and recurring consumer bridge (596.756ms)
✔ policy has the ten requested workstreams and never assigns people (3.717ms)
✔ classification supports Multiplayer (6.0848ms)
✔ classification supports UX/UI (1.945ms)
✔ classification supports Multi-system execution (1.321ms)
✔ classification supports Janitor (1.9958ms)
✔ classification supports Dynamic agent teams (1.5619ms)
✔ classification supports DevOps/PR review/branch protection (2.5412ms)
✔ classification supports Security (1.3249ms)
✔ classification supports Agent communication layer (1.3086ms)
✔ classification supports Dark factory automation (1.3809ms)
✔ classification supports Backend scalability / pub-sub (1.2341ms)
✔ classification preserves labels and assignees (13.3874ms)
✔ UX alias means UX/UI (14.3004ms)
✔ an unassigned issue is not a violation (5.5652ms)
✔ full fixture audit has zero mutations and catches closing-link conflict (5.5682ms)
✔ non-closing prose overrides no native link, not unrelated partial references (6.3383ms)
✔ explicit do-not-close linked issue is flagged (3.6778ms)
✔ closed unmerged PR does not close an open issue (4.2753ms)
✔ reopened issue remains open after a historical merged PR (3.8291ms)
✔ no automatic close for several partial PRs (6.2192ms)
✔ only explicit dependency section is interpreted (0.2008ms)
✔ code fences and quoted references are not dependency authority (0.2216ms)
✔ native/text dependency disagreement is flagged (4.0994ms)
✔ matching dependencies do not produce a mismatch (6.0111ms)
✔ dependency cycles are bounded and reported once (5.0454ms)
✔ parent hierarchy mismatch and cycle are detected (4.9ms)
✔ outside-scope dependency is not fetched or treated as complete (5.484ms)
✔ missing local dependency is unverified, not closed (5.6733ms)
✔ open issue marked Done is flagged without changing the board (4.4872ms)
✔ unknown workstream is a review hint, not a rename (4.118ms)
✔ locked default branch is flagged, without bypass (7.5219ms)
✔ stale PR source head is reported (3.9798ms)
✔ current independent review is accepted as evidence (4.6899ms)
✔ author approval is not current independent human approval (5.1253ms)
✔ bot approval is not current independent human approval (3.6972ms)
✔ old-head approval is not current independent human approval (3.6067ms)
✔ later comment does not erase a valid prior approval (4.3529ms)
✔ failed checks and requested changes are surfaced (4.5453ms)
✔ missing checks are not a success (3.5673ms)
✔ stale snapshots are labeled (3.567ms)
✔ future snapshots fail closed (2.1646ms)
✔ finding IDs are stable across repeated reads (10.4414ms)
✔ reported secrets are redacted and Markdown is escaped (12.9377ms)
✔ refuses: assign #50 to example-user (7.6744ms)
✔ refuses: label #50 multiplayer (5.3438ms)
✔ refuses: close #50 (5.4644ms)
✔ refuses: merge PR #237 (6.0522ms)
✔ refuses: enable auto-merge (4.9251ms)
✔ refuses: delete a branch (7.0917ms)
✔ refuses: approve PR #237 (6.2564ms)
✔ refuses: can you change the rules (5.2933ms)
✔ question answers use recorded evidence and canonical references (6.4484ms)
✔ reverse dependency questions list dependents (5.0572ms)
✔ unknown questions ask for clarification (6.6079ms)
✔ untrusted instruction text grants no tools (8.0333ms)
✔ snapshot rejects wrong repo (1.3437ms)
✔ snapshot rejects wrong project (1.5865ms)
✔ snapshot rejects partial coverage (1.301ms)
✔ snapshot rejects wrong count (1.0331ms)
✔ snapshot rejects duplicate issue (1.3629ms)
✔ snapshot rejects hostile URL (3.4015ms)
✔ snapshot rejects hidden project item (1.7163ms)
✔ snapshot rejects cross-repo item (1.752ms)
✔ snapshot rejects duplicate project item (4.1582ms)
✔ snapshot rejects oversized body (1.5233ms)
✔ collector completes two matching passes with no writes (5.6164ms)
✔ collector rejects issue drift between passes (3.9166ms)
✔ collector rejects incomplete nested dependencies (1.7499ms)
✔ collector rejects a changed PR head/check binding (1.3568ms)
✔ collector rejects repeated pagination cursors (1.4039ms)
✔ collector rejects inaccessible connection entries (0.1596ms)
✔ read client verifies Bakar404 and never switches accounts (1.4301ms)
✔ explicit hash-pinned read principal does not change the pilot or read allowlist (19.9164ms)
✔ collector profile rejects changed scope or unsupported fields: repository (8.7826ms)
✔ collector profile rejects changed scope or unsupported fields: project_id (17.1314ms)
✔ collector profile rejects changed scope or unsupported fields: project_number (10.819ms)
✔ collector profile rejects changed scope or unsupported fields: token (20.1737ms)
✔ collector profile rejects changed scope or unsupported fields: url (9.8015ms)
✔ collector profile rejects changed scope or unsupported fields: collector_login (10.1901ms)
✔ collector profile rejects wrong hashes, changed bytes and duplicate keys (45.4498ms)
✔ profiled collection records the actual principal and rejects identity or profile drift (41.9398ms)
✔ read client exposes no arbitrary query or write operation (1.5579ms)
✔ GraphQL cursor remains data, not executable query text (1.4346ms)
✔ GraphQL errors do not become accepted partial data (1.5394ms)
✔ GraphQL reserve prevents further reads (2.3701ms)
✔ collection has an elapsed-time bound (1.3184ms)
✔ dry run uses neither network nor output files (1.9604ms)
✔ CLI rejects apply (0.2485ms)
✔ CLI rejects audit --fixture --live (0.1475ms)
✔ CLI rejects audit --fixture --out ../escape.json (0.2061ms)
✔ CLI rejects audit --dry-run --out file.json (0.1351ms)
✔ CLI rejects audit --fixture --assign example-user (0.1182ms)
✔ CLI rejects ask --fixture (0.1195ms)
✔ actual CLI dry run works from another directory and has no network intent (170.6603ms)
✔ test chat prepares an evidence-based reply without sending it (6.0105ms)
✔ test chat rejects wrong tenant (0.3629ms)
✔ test chat rejects wrong group (0.1527ms)
✔ test chat rejects personal chat (0.1315ms)
✔ test chat rejects other channel (0.1268ms)
✔ test chat ignores messages without a mention (0.1334ms)
✔ test chat ignores its own messages (0.1857ms)
✔ test chat refuses mutation requests (4.5273ms)
✔ no production mode or implicit binding (0.2474ms)
ℹ tests 227
ℹ suites 0
ℹ pass 227
ℹ fail 0
ℹ cancelled 0
ℹ skipped 0
ℹ todo 0
ℹ duration_ms 97282.2979
