   Compiling crony-domain v0.1.0 (<candidate-checkout>\crates\crony-domain)
    Finished `test` profile [unoptimized] target(s) in 5.27s
     Running unittests src\lib.rs (target\issue236-review-r5\debug\deps\crony_domain-ffaf8d42afae68b2.exe)

running 18 tests
test usage::tests::absent_input_and_explicit_zero_output_are_partial ... ok
test usage::tests::aggregate_retains_invalidity_and_never_repairs_overflow ... ok
test usage::tests::empty_and_invalid_only_runs_do_not_erase_existing_session_subtotals ... ok
test usage::tests::enriching_identity_retains_original_alias_and_does_not_change_quantities ... ok
test usage::tests::explicit_zero_cost_needs_provenance_and_native_units_are_not_dollars ... ok
test usage::tests::invalid_before_explicit_zero_keeps_zero_as_an_observation ... ok
test usage::tests::invalid_first_observations_preserve_later_valid_subtotals ... ok
test usage::tests::invalid_observations_do_not_increase_collect_only_subtotals ... ok
test usage::tests::invalid_only_run_does_not_erase_later_session_totals ... ok
test usage::tests::merged_components_cannot_exceed_the_combined_accounting_range ... ok
test usage::tests::native_identity_never_uses_equal_quantities ... ok
test usage::tests::reject_out_of_range_totals_subsets_and_native_units ... ok
test usage::tests::retained_merges_cannot_repair_overflowed_tokens_or_cost ... ok
test usage::tests::retained_session_merge_keeps_valid_subtotals_from_invalid_run ... ok
test usage::tests::subsets_never_add_to_the_enforcement_denominator ... ok
test usage::tests::unknown_components_remain_unknown_in_collect_only_aggregates ... ok
test usage::tests::valid_all_unknown_observation_is_not_empty_accumulator_state ... ok
test usage::tests::valid_all_unknown_run_stays_unknown_across_session_merges ... ok

test result: ok. 18 passed; 0 failed; 0 ignored; 0 measured; 25 filtered out; finished in 0.01s
