{
  "checked_at": "2026-09-27T10:42:18.644Z",
  "issue_number": 9001,
  "project_item_id": "PVTI_FAKE_FACTORY_9001",
  "project_status": "In Progress",
  "factory_work_item_id": "5de67138-173a-4f26-a85d-d0df4bbe15c9",
  "mission_id": "b2f877e1-a03b-4552-ba41-56175d6f9c4a",
  "run_ids": [
    "b0aa2a9e-3a31-49e7-9a19-72fe4d11cf70"
  ],
  "dry_run_mutated_nothing": true,
  "exactly_one_work_item": true,
  "exactly_one_mission": true,
  "exactly_one_run": true,
  "replay_recovered_existing_mission": true,
  "external_effect_lease_revalidated": true,
  "claimed_repository_persisted_to_task": true,
  "claimed_commit_persisted_to_task_and_run": true,
  "issue_body_persisted_as_mission_description": true,
  "explicit_verification_policy_persisted": true,
  "portable_deliverable_materialized": true,
  "portable_deliverable_form": "commit_branch",
  "canonical_verification": {
    "exported_head": "8e546eee02cf36830b12f2d7a173dd4dffc266d5",
    "exported_tree": "92c068211ad6e558de14c6043bbd06e71fce935f",
    "exported_file": "portable-untracked.txt",
    "exported_file_bytes": 26,
    "exported_file_matches": true,
    "tracked_change_exported": true,
    "provider_artifact_excluded_from_source": true,
    "evidence_ids": [
      "236b37bf-ddb5-40a6-9c74-58a327064263",
      "aacc0259-cfbc-4c8a-af0c-ba158a474894"
    ],
    "evidence_kinds": [
      "artifact",
      "file"
    ],
    "artifact_id": "6b362154-dd38-4892-893c-47c5dad44bfc",
    "persisted_checks_passed": true
  },
  "factory_state": "verified",
  "claim_token_absent_from_snapshot": true,
  "mission_status": "completed",
  "run_status": "completed",
  "auto_merge": false,
  "default_publication_base_ref": "HEAD",
  "selected_source_publication_base_ref": "release",
  "persisted_recovery_publication_base_ref": "main",
  "control_character_publication_base_policy_rejected": 400,
  "non_branch_publication_base_rejected_before_claim": true,
  "preflight_boundary": {
    "rejected_cases": [
      "budget",
      "verifier_timeout",
      "model",
      "reasoning",
      "write_scope",
      "unsupported_description_control_character",
      "oversized_materialization_snapshot"
    ],
    "dry_run_and_execution_rejected_before_claim": true,
    "project_status": "Todo",
    "project_mutations": 0,
    "work_item_count": 0,
    "mission_count": 0,
    "task_count": 0,
    "run_count": 0,
    "accepted_preview": {
      "budget_cost_microusd": 1000000,
      "budget_tokens": 20000,
      "dispatch_readiness": {
        "status": "ready"
      },
      "strategy": "single",
      "task_count": 1,
      "tasks": [
        {
          "budget_cost_microusd": 1000000,
          "budget_tokens": 20000,
          "depends_on": [],
          "key": "deliver",
          "max_attempts": 2,
          "title": "Produce the mission outcome"
        }
      ],
      "valid": true
    },
    "execution_reused_preview": true
  },
  "materialization_rejection_recovery": {
    "work_item_id": "922cd1df-c273-4eb1-b999-c9f54fe63ced",
    "initial_state": "blocked",
    "initial_mission_id": null,
    "lease_released": true,
    "widened_policy_status": 400,
    "revised_source_status": 400,
    "first_reclaim_actor": "00000000-0000-4000-8000-000000000012",
    "second_rejection_state": "blocked",
    "second_reclaim_actor": "00000000-0000-4000-8000-000000000011",
    "cleanup_state": "cancelled",
    "work_item_count": 1,
    "mission_count": 0,
    "task_count": 0,
    "run_count": 0
  },
  "controller_interruption_recovery": {
    "issue_number": 9013,
    "work_item_id": "37c8d70c-a134-49d4-9e6e-dd991b785582",
    "interrupted_state": "claimed",
    "interrupted_version": 1,
    "claim_token_absent_from_snapshot": true,
    "project_status_before_recovery": "Todo",
    "project_mutations_before_recovery": 0,
    "recovered_same_work_item": true,
    "materialized_after_retry": true,
    "final_factory_state": "verified",
    "work_item_count": 1,
    "mission_count": 1,
    "run_count": 1,
    "project_status_after_recovery": "In Progress"
  },
  "queue_progression": {
    "next_issue_number": 9003,
    "verified_items_do_not_starve_todo_work": true
  },
  "project_status_failure": {
    "issue_number": 9002,
    "factory_work_item_id": "d9f6e21c-5d3e-4246-a3b0-ae152f0c5dc0",
    "mission_id": "8cec6ec0-2777-463d-bb3e-ce6e8a0947a4",
    "run_ids": [
      "0ab56f6e-f862-4c6d-b621-40d682bc4e22"
    ],
    "durable_blocked_state_recorded": true,
    "retry_reused_existing_mission": true,
    "recovered_factory_state": "verified",
    "project_status": "In Progress"
  },
  "pagination_safe_recovery": {
    "issue_number": 9020,
    "project_item_id": "PVTI_FAKE_FACTORY_9020",
    "historical_work_item_count": 501,
    "snapshot_limit": 500,
    "target_absent_from_snapshot": true,
    "selected_item_lookup_count": 1,
    "lookup_input_count_bounded": true,
    "lookup_identifier_size_bounded": true,
    "guest_lookup_rejected": true,
    "project_scoped_lookup": {
      "configured_project_count": 1,
      "other_project_count": 1,
      "conflicting_policy_excluded": true
    },
    "changed_lease_seconds": {
      "initial": 300,
      "recovery": 600,
      "recovered_without_idempotency_conflict": true
    },
    "factory_work_item_id": "548fee11-e3ab-4838-9f8d-18959de240e7",
    "mission_id": "a70f87fa-939d-4b81-b153-7cf6c467d70b",
    "run_ids": [
      "70b45fa2-5e7c-45c1-b301-8752d33ca3d7"
    ],
    "post_replay_counts": {
      "work_items": 1,
      "missions": 1,
      "tasks": 1,
      "runs": 1
    },
    "mission_identity": {
      "expected_title": "GitHub #9020: Recover an authoritative factory item beyond the snapshot limit",
      "source_marker_matched": true,
      "counted_independently_of_work_item_link": true
    },
    "exactly_one_work_item": true,
    "exactly_one_mission": true,
    "exactly_one_task": true,
    "exactly_one_run": true,
    "persisted_policy_reused": true,
    "recovered_without_policy_mismatch": true,
    "factory_state": "verified"
  },
  "project_status_timeout": {
    "issue_number": 9011,
    "factory_work_item_id": "faf6397c-f2bd-4730-ba5a-c1fb397b3fcc",
    "mission_id": "d93cb6cf-952e-4d89-b720-f0d1b0320fcd",
    "factory_state": "blocked",
    "project_status": "Todo",
    "project_mutations": 0,
    "run_count": 0
  },
  "terminal_mission_failure": {
    "issue_number": 9004,
    "factory_work_item_id": "bfb13d01-036a-4261-855d-8856a9f3c2a0",
    "mission_id": "bb4ca965-5fc3-4779-b0f9-9c9e0620abc6",
    "mission_status": "failed",
    "factory_state": "failed",
    "controller_returned_error": true
  },
  "verification_failure": {
    "issue_number": 9005,
    "factory_work_item_id": "3331fbc2-1e54-4ec5-aaf1-9d98aa6ad034",
    "mission_id": "db21df3f-c13a-4fd5-87df-bfa009c013d6",
    "run_ids": [
      "b180390b-3819-4233-a921-62f3cd8cca60"
    ],
    "mission_status": "failed",
    "factory_state": "verification_failed",
    "task_statuses": [
      "verification_failed"
    ],
    "controller_returned_error": true
  },
  "independent_verification": {
    "issue_number": 9012,
    "factory_work_item_id": "4a90812a-1b7c-4dcc-9b26-fdb03a9b29f3",
    "mission_id": "d06fd2c2-5f0a-40f4-a3dc-8c30dc2106bc",
    "run_id": "6c50e5fd-679b-4530-acce-4e769e829242",
    "requester_decision_status": 403,
    "reviewer_actor_id": "00000000-0000-4000-8000-000000000012",
    "waiting_factory_state": "awaiting_approval",
    "final_factory_state": "verified"
  },
  "repository_routing": {
    "issue_number": 9006,
    "factory_work_item_id": null,
    "mission_id": null,
    "required_repository": "acme/widget",
    "required_base_ref": "HEAD",
    "required_base_commit": "b5a84b182e07d7bb6ebff4b959f1e74ca41fc964",
    "mismatched_runner_rejected": true,
    "rejected_before_claim": true,
    "task_count": 0,
    "project_mutations": 0,
    "run_count": 0,
    "factory_state": null
  },
  "source_revalidation": {
    "source_change_before_project_status": {
      "issue_number": 9007,
      "factory_work_item_id": "5528c0b3-b0ac-4545-9b57-93b3bd0d5d63",
      "factory_state": "blocked",
      "project_status": "Todo",
      "project_mutations": 0,
      "run_count": 0
    },
    "dependency_reopened_before_launch": {
      "issue_number": 9008,
      "dependency_issue_number": 9009,
      "factory_work_item_id": "582ff415-be01-44db-ab39-bd21b31db6de",
      "factory_state": "blocked",
      "project_status": "In Progress",
      "project_mutations": 1,
      "run_count": 0
    }
  }
}
