F02 component regressions passed: 124 invalid/reserved cases across all three plan inputs and forward separators.
{"drive":"Q:","event":"alias-before","mapping":null,"fixture":"<local-user>\\AppData\\Local\\Temp\\ecorp-u1-preflight-50e57faf528f424fa6c280274d3dd898"}
{"target":"\\??\\<local-user>\\AppData\\Local\\Temp\\ecorp-u1-preflight-50e57faf528f424fa6c280274d3dd898\\retained-office","drive":"Q:","sameSentinel":true,"event":"alias-created"}
F01 native alias rejected in Root.
F01 native alias rejected in Product.
F01 native alias rejected in Protected.
{"drive":"Q:","event":"alias-cleanup","removedTarget":"\\??\\<local-user>\\AppData\\Local\\Temp\\ecorp-u1-preflight-50e57faf528f424fa6c280274d3dd898\\retained-office","mapping":null}
F01 native short-path overlap rejected: short fixture ancestor.
F01 native short-path overlap rejected: short product.
F01 native short-path overlap rejected: short protected ancestor.
F01 native short-path overlap rejected: multiple missing descendants.
{"status":"passed","event":"native-short-alias","executed":true,"distinctAlias":true,"mode":"Required"}
F01 native SUBST/unmapped-drive and simulated mapped/unknown-drive regressions passed.
{"target":"\\Device\\HarddiskVolume4","drive":"Q:","event":"volume-before","mapping":null,"fixture":"<local-user>\\AppData\\Local\\Temp\\ecorp-u1-preflight-50e57faf528f424fa6c280274d3dd898"}
{"target":"\\Device\\HarddiskVolume4","drive":"Q:","sameSentinel":true,"event":"volume-created"}
F01 native same-volume disjoint control passed: Root.
F01 native same-volume disjoint control passed: Product.
F01 native same-volume disjoint control passed: Protected.
F01 native same-volume overlap rejected: Root.
F01 native same-volume overlap rejected: Protected.
F01 native same-volume overlap rejected: Product.
F01 native same-volume overlap rejected: protected drive root.
F01 native same-volume overlap rejected: aliased protected drive root.
{"exactMatch":true,"drive":"Q:","event":"volume-cleanup","removedTarget":"\\Device\\HarddiskVolume4","mapping":null}
F01 native same-volume aliases, disjoint DOS-path controls and drive-root ancestry regressions passed.
{"source_status":"blocked","event":"hidden-index-change","flag":"assume-unchanged","rejected":true}
{"source_status":"blocked","event":"hidden-index-change","flag":"skip-worktree","rejected":true}
{"kind":"commit","source_status":"passed","event":"replacement-source-change","rejected":false,"original_head_unchanged":true}
{"kind":"tree","source_status":"passed","event":"replacement-source-change","rejected":false,"original_head_unchanged":true}
WARNING: Failed synthetic fixture retained at <local-user>\AppData\Local\Temp\ecorp-u1-preflight-50e57faf528f424fa6c280274d3dd898
Exception: <private-evidence>\pr319-replacement-refs-r1\baseline\qa_multiplayer_preflight.test.ps1:12
Line |
  12 |      if (!$Condition) { throw $Message }
     |                         ~~~~~~~~~~~~~~
     | Commit and tree replacement refs must block false source attestation.
