F02 component regressions passed: 124 invalid/reserved cases across all three plan inputs and forward separators.
{"drive":"Q:","mapping":null,"event":"alias-before","fixture":"<local-user>\\AppData\\Local\\Temp\\ecorp-u1-preflight-01eb9ffe2fab48c9888b2cdd6cccb56d"}
{"drive":"Q:","sameSentinel":true,"event":"alias-created","target":"\\??\\<local-user>\\AppData\\Local\\Temp\\ecorp-u1-preflight-01eb9ffe2fab48c9888b2cdd6cccb56d\\retained-office"}
F01 native alias rejected in Root.
F01 native alias rejected in Product.
F01 native alias rejected in Protected.
{"drive":"Q:","removedTarget":"\\??\\<local-user>\\AppData\\Local\\Temp\\ecorp-u1-preflight-01eb9ffe2fab48c9888b2cdd6cccb56d\\retained-office","event":"alias-cleanup","mapping":null}
F01 native short-path overlap rejected: short fixture ancestor.
F01 native short-path overlap rejected: short product.
F01 native short-path overlap rejected: short protected ancestor.
F01 native short-path overlap rejected: multiple missing descendants.
{"mode":"Required","status":"passed","event":"native-short-alias","executed":true,"distinctAlias":true}
F01 native SUBST/unmapped-drive and simulated mapped/unknown-drive regressions passed.
{"drive":"Q:","mapping":null,"event":"volume-before","fixture":"<local-user>\\AppData\\Local\\Temp\\ecorp-u1-preflight-01eb9ffe2fab48c9888b2cdd6cccb56d","target":"\\Device\\HarddiskVolume4"}
{"drive":"Q:","sameSentinel":true,"event":"volume-created","target":"\\Device\\HarddiskVolume4"}
F01 native same-volume disjoint control passed: Root.
F01 native same-volume disjoint control passed: Product.
F01 native same-volume disjoint control passed: Protected.
F01 native same-volume overlap rejected: Root.
F01 native same-volume overlap rejected: Protected.
F01 native same-volume overlap rejected: Product.
F01 native same-volume overlap rejected: protected drive root.
F01 native same-volume overlap rejected: aliased protected drive root.
{"exactMatch":true,"drive":"Q:","removedTarget":"\\Device\\HarddiskVolume4","event":"volume-cleanup","mapping":null}
F01 native same-volume aliases, disjoint DOS-path controls and drive-root ancestry regressions passed.
{"source_status":"blocked","event":"hidden-index-change","flag":"assume-unchanged","rejected":true}
{"source_status":"blocked","event":"hidden-index-change","flag":"skip-worktree","rejected":true}
{"original_head_unchanged":true,"kind":"commit","source_status":"blocked","event":"replacement-source-change","rejected":true}
{"original_head_unchanged":true,"kind":"tree","source_status":"blocked","event":"replacement-source-change","rejected":true}
F03 native short-alias Git identity passed.
F03 native clean control passed with distinct candidate/foreign identities.
F03 native tracked/untracked dirty controls passed; source bytes preserved.
F03 native selection rejected: GIT_DIR+GIT_WORK_TREE
F03 native selection rejected: GIT_DIR
F03 native selection rejected: GIT_WORK_TREE
F03 native selection rejected: GIT_COMMON_DIR
F03 native selection rejected: GIT_INDEX_FILE
F03 native selection rejected: GIT_CONFIG
F03 native selection rejected: GIT_CONFIG_GLOBAL
F03 native selection rejected: GIT_CONFIG_SYSTEM
F03 native selection rejected: GIT_CONFIG_PARAMETERS
F03 native selection rejected: GIT_CONFIG_COUNT+GIT_CONFIG_KEY_0+GIT_CONFIG_VALUE_0
F03 native selection rejected: GIT_CONFIG_VALUE_77
F03 native selection rejected: GIT_OBJECT_DIRECTORY
F03 native selection rejected: GIT_ALTERNATE_OBJECT_DIRECTORIES
F03 native Git selection, identity binding, value non-disclosure and preservation regressions passed.
U1 portable preflight path, port, tool, source, registry, report and read-only regressions passed. Native 8.3 alias lane: passed.
