$ node --test --test-concurrency=2 --test-timeout=180000 scenarios/repo-steward/steward.test.mjs scenarios/repo-steward/actions.test.mjs scenarios/repo-steward/recurring-audit.test.mjs scenarios/repo-steward/feedback.test.mjs scenarios/repo-steward/maintenance.test.mjs scenarios/repo-steward/feedback-cli.test.mjs
✔ Actions preview performs no live reads or summary publication (1.8489ms)
✔ Actions fixture uses the real auditor without GitHub access (27.7512ms)
✔ invalid workflow input is rejected during preview without data access (1.005ms)
✔ hosted live mode rejects non-Actions host before reading data (1.092ms)
✔ hosted live mode rejects PR event before reading data (0.3288ms)
✔ hosted live mode rejects another repository before reading data (0.2807ms)
✔ hosted live mode rejects feature branch before reading data (0.3628ms)
✔ hosted live mode rejects another actor before reading data (0.2367ms)
✔ hosted live mode rejects another rerun operator before reading data (0.3756ms)
✔ hosted live mode rejects missing triggering actor before reading data (0.5121ms)
✔ hosted live mode rejects missing source commit before reading data (0.3586ms)
✔ hosted live mode rejects disabled pilot before reading data (0.1687ms)
✔ hosted live mode rejects unapproved public summary before reading data (0.1948ms)
✔ hosted live mode rejects missing credential before reading data (0.1381ms)
✔ hosted live mode rejects blank credential before reading data (0.1962ms)
✔ hosted live mode rejects write-enabled configuration before reading data (0.211ms)
✔ GITHUB_TOKEN does not substitute for Project-readable credentials (0.267ms)
✔ an admitted live path collects once and retains zero mutations (6.08ms)
✔ collector failure does not produce a successful report (0.3154ms)
✔ stale hosted snapshots fail instead of publishing old findings (5.1595ms)
✔ public summaries never include free-form source or evidence text (5.6012ms)
✔ summary rejects unknown rule (4.5629ms)
✔ summary rejects bad finding id (4.8973ms)
✔ summary rejects foreign reference (6.3592ms)
✔ summary rejects mutation claim (6.2297ms)
✔ summary rejects wrong scope (3.9367ms)
✔ summary rejects invalid timestamp (4.1966ms)
✔ summary rejects bad totals (5.1842ms)
✔ public finding index is bounded without copying omitted details (4.6889ms)
✔ every configured fixture rule has an explicit publication review (4.0388ms)
✔ summary file writes remain inside a supplied native temporary directory (17.2573ms)
✔ Actions CLI rejects unsupported arguments --apply (0.3277ms)
✔ Actions CLI rejects unsupported arguments --live (0.1982ms)
✔ Actions CLI rejects unsupported arguments --live (0.1051ms)
✔ actual fixture CLI needs no hosted secrets or Teams SDK (202.8846ms)
✔ manual workflow keeps first-party actions pinned and live credentials isolated (11.921ms)
✔ feedback CLI rejects unsupported, missing and duplicate transition arguments (2.1462ms)
✔ new-file corpus output preserves the previous version and refuses overwrite (23.4554ms)
✔ initializing a corpus binds the validated input scope without changing its snapshot (47.5091ms)
✔ partial snapshot cannot create a corpus file (22.2789ms)
✔ redirected output parent is refused without writing through it (5.3557ms)
✔ review evidence must be a file and cannot use a directory as a digest source (41.7108ms)
✔ review CLI records the exact binary digest and closes its descriptor (79.9384ms)
✔ same-size review replacement between metadata check and open cannot update a corpus (31.474ms)
✔ review parent swapped for a symlink or junction before open is rejected (36.0586ms)
✔ same-size pathname replacement after descriptor read is rejected (35.666ms)
✔ same-size in-place review rewrite cannot hide behind a restored modification time (32.0562ms)
✔ review growth after open stays within its original byte bound and is rejected (33.7984ms)
✔ bounded review reads handle partial reads and reject empty or oversized files (22.274ms)
✔ native behavioral evidence remains candidate with original local source and no finding impersonation (77.1715ms)
✔ native behavioral activation is denied for mixed support and forged active or retired history (44.5858ms)
✔ native behavioral candidates can be rejected without widening legacy review authority (51.9847ms)
✔ native behavioral bytes, identity claims, source and repeated runs remain validated (129.7629ms)
✔ evidence binds actual audit finding and supplied snapshot without certifying collection or identity (11.2146ms)
✔ accepted missing Project status binds the native serialized report and finding in evidence and observations (38.7928ms)
✔ auditor optional-field normalization retains strict data-only feedback and report validation (58.4422ms)
✔ timestamp-only or unrelated snapshot changes do not manufacture repeated supporting evidence (29.5112ms)
✔ partial, cross-scope, stale or missing findings cannot become feedback evidence (12.7149ms)
✔ feedback source pins accept exactly 40 or 64 hexadecimal characters, including supplied evidence (70.9555ms)
✔ candidate, active and retired versions preserve their inputs and have exact transition digests (17.5309ms)
✔ one observation, fabricated evidence bytes and replayed reviews cannot activate a rule (80.8445ms)
✔ reviewer labels and claimed approval booleans do not supply verified review authority (26.2911ms)
✔ explicit rejection remains terminal and contributes no advice (40.1494ms)
✔ prospective expiry is mandatory, bounded, and effective at the exact boundary (92.5007ms)
✔ active capacity cannot expand and supersession retires only the exact predecessor (59.4764ms)
✔ supersession rejects stale targets and cannot cross finding rules (40.582ms)
✔ active guidance annotates only matching findings without hiding or changing original conclusions (20.5223ms)
✔ broad matching admits at most the finite annotation limit and never truncates an excessive report (339.3766ms)
✔ serialized output bytes are admitted before escaped guidance and evidence references fan out (79.1686ms)
✔ later audits honor activation and retirement while the original report stays identical (42.0089ms)
✔ unknown executable, suppression, assignment and permission options are rejected (142.8195ms)
✔ stale reports, foreign scope and altered evidence fail closed (26.9466ms)
✔ canonical digests ignore property insertion order but reject executable and non-finite data (0.4546ms)
✔ reusable corpus validation preserves input and rejects authority claims or altered guidance (22.9507ms)
✔ explicit collector profile requires a hash and cannot relabel a supplied snapshot (2.997ms)
✔ recurrence requires finite explicit bounds before reading any input (0.8736ms)
✔ finite recurrence reloads snapshot and feedback on every cycle (2.4498ms)
✔ paused and stopped records prevent collection and input reads (2.3973ms)
✔ exhausted persisted attempts reject before snapshot, feedback or live collection (2.3091ms)
✔ watch admits the final allowed attempt and then stops before collecting another snapshot (1.4942ms)
✔ source mismatch refuses before reading snapshot or feedback (1.1583ms)
✔ a failed cycle stops recurrence without retrying or losing the failure (1.5535ms)
✔ first snapshot acquisition failure retains one sanitized failed attempt (323.9889ms)
✔ later corpus acquisition failure preserves earlier accepted evidence and consumes one attempt (779.6642ms)
✔ live acquisition failure is retained once without raw error text or a retry (314.8076ms)
✔ pause and stop during failed acquisition remain effective without a new admitted attempt (2143.0332ms)
✔ deadline crossing during failed acquisition prevents late attempt admission (1.4654ms)
✔ interruption during failed acquisition prevents a new admitted attempt (1.3787ms)
✔ duration bounds stop admission after collection without writing a late result (1.3365ms)
✔ interruption during an interval exits without another audit (1.7147ms)
✔ control commands delegate exact action, source and reason without collecting (3.7142ms)
✔ status exposes bounded metadata and no retained finding text (1.5671ms)
✔ one audit writes source-bound immutable private reports and an advisory handoff (444.4689ms)
✔ fresh capture timestamps and transport metrics alone produce no new report or proposal across restart (804.92ms)
✔ live state binds the exact selected principal and profile through restart and controls (2612.1458ms)
✔ profile metadata cannot convert supplied evidence or a different live principal into accepted observations (300.9205ms)
✔ changed scoped content produces a new receipt while retaining stable finding dedupe (604.9446ms)
✔ resolved findings are recorded without claiming a remote correction (648.8363ms)
✔ stale input fails and preserves a failed attempt, never reusing previous success (718.9467ms)
✔ future input fails and preserves a failed attempt, never reusing previous success (648.1859ms)
✔ incomplete input fails and preserves a failed attempt, never reusing previous success (680ms)
✔ source drift fails and preserves a failed attempt, never reusing previous success (743.9429ms)
✔ changing the caller source pin cannot migrate an existing directory (506.476ms)
✔ pause prevents input use, resume retains dedupe, and stop cannot resume (2309.9083ms)
✔ concurrent cycles have one winner and never create duplicate accepted receipts (381.8352ms)
✔ retained locks fail closed without PID reuse or timeout-based recovery (25.7626ms)
✔ incomplete intent and rollback to an older checkpoint refuse replay (660.1991ms)
✔ tampered referenced artifacts are rejected and preserved (381.9282ms)
✔ output-directory redirection refuses writes through a symlink or junction (11.5655ms)
✔ an unexpected output file is retained, not overwritten or removed (20.3259ms)
✔ status rejects unexpected files in initialized state before accepting its control projection (279.1919ms)
✔ missing, traversal-style and incomplete control requests do not create authority (5.528ms)
✔ live source claims retain the existing collector identity and zero-write metadata (289.115ms)
✔ finite convenience API has explicit bounds and performs no scheduling (1020.3966ms)
✔ state and artifact redirection are not followed on read (277.7796ms)
✔ alter of earlier history is detected after a newer successful cycle (776.4539ms)
✔ delete of earlier history is detected after a newer successful cycle (774.157ms)
✔ changed implementation pins fail before a new intent is written (474.2904ms)
✔ a directory replaced while a caller holds its lock cannot redirect any artifact write (453.7487ms)
✔ actual corpus activation and retirement change only separately bound advisory output (1590.7127ms)
✔ expiry invalidates cached advisory annotations even without corpus byte changes (747.8227ms)
✔ mixed retained controls and new cycles enforce one transition bound with a reserved terminal stop (67408.8176ms)
✔ accepted snapshots with omitted optional metadata produce parseable JSON artifacts and replay (560.6972ms)
✔ optional auditor metadata works through the real feedback evidence and recurring consumer bridge (583.4592ms)
✔ policy has the ten requested workstreams and never assigns people (3.8215ms)
✔ classification supports Multiplayer (6.2149ms)
✔ classification supports UX/UI (1.8545ms)
✔ classification supports Multi-system execution (1.287ms)
✔ classification supports Janitor (1.4303ms)
✔ classification supports Dynamic agent teams (1.3583ms)
✔ classification supports DevOps/PR review/branch protection (1.35ms)
✔ classification supports Security (1.965ms)
✔ classification supports Agent communication layer (1.1719ms)
✔ classification supports Dark factory automation (1.3295ms)
✔ classification supports Backend scalability / pub-sub (1.3069ms)
✔ classification preserves labels and assignees (13.3663ms)
✔ UX alias means UX/UI (15.2822ms)
✔ an unassigned issue is not a violation (5.5592ms)
✔ full fixture audit has zero mutations and catches closing-link conflict (6.1952ms)
✔ non-closing prose overrides no native link, not unrelated partial references (4.1588ms)
✔ explicit do-not-close linked issue is flagged (3.565ms)
✔ closed unmerged PR does not close an open issue (4.3333ms)
✔ reopened issue remains open after a historical merged PR (3.9929ms)
✔ no automatic close for several partial PRs (4.962ms)
✔ only explicit dependency section is interpreted (0.2188ms)
✔ code fences and quoted references are not dependency authority (0.2166ms)
✔ native/text dependency disagreement is flagged (4.0426ms)
✔ matching dependencies do not produce a mismatch (4.6871ms)
✔ dependency cycles are bounded and reported once (6.8635ms)
✔ parent hierarchy mismatch and cycle are detected (6.4285ms)
✔ outside-scope dependency is not fetched or treated as complete (5.0958ms)
✔ missing local dependency is unverified, not closed (4.3447ms)
✔ open issue marked Done is flagged without changing the board (5.5181ms)
✔ unknown workstream is a review hint, not a rename (3.8234ms)
✔ locked default branch is flagged, without bypass (6.1972ms)
✔ stale PR source head is reported (4.9833ms)
✔ current independent review is accepted as evidence (6.5621ms)
✔ author approval is not current independent human approval (6.369ms)
✔ bot approval is not current independent human approval (6.0343ms)
✔ old-head approval is not current independent human approval (4.8733ms)
✔ later comment does not erase a valid prior approval (3.7882ms)
✔ failed checks and requested changes are surfaced (4.2009ms)
✔ missing checks are not a success (4.5305ms)
✔ stale snapshots are labeled (7.0332ms)
✔ future snapshots fail closed (2.2562ms)
✔ finding IDs are stable across repeated reads (11.5141ms)
✔ reported secrets are redacted and Markdown is escaped (15.3834ms)
✔ refuses: assign #50 to example-user (5.1683ms)
✔ refuses: label #50 multiplayer (7.1219ms)
✔ refuses: close #50 (5.8818ms)
✔ refuses: merge PR #237 (4.5964ms)
✔ refuses: enable auto-merge (4.9857ms)
✔ refuses: delete a branch (5.2091ms)
✔ refuses: approve PR #237 (4.7814ms)
✔ refuses: can you change the rules (4.8467ms)
✔ question answers use recorded evidence and canonical references (5.0762ms)
✔ reverse dependency questions list dependents (5.2505ms)
✔ unknown questions ask for clarification (5.4017ms)
✔ untrusted instruction text grants no tools (6.6657ms)
✔ snapshot rejects wrong repo (1.4268ms)
✔ snapshot rejects wrong project (1.057ms)
✔ snapshot rejects partial coverage (1.1398ms)
✔ snapshot rejects wrong count (0.9484ms)
✔ snapshot rejects duplicate issue (1.1306ms)
✔ snapshot rejects hostile URL (1.6034ms)
✔ snapshot rejects hidden project item (1.4266ms)
✔ snapshot rejects cross-repo item (1.3474ms)
✔ snapshot rejects duplicate project item (1.4436ms)
✔ snapshot rejects oversized body (1.2814ms)
✔ collector completes two matching passes with no writes (4.948ms)
✔ collector rejects issue drift between passes (2.9108ms)
✔ collector rejects incomplete nested dependencies (1.9975ms)
✔ collector rejects a changed PR head/check binding (1.4227ms)
✔ collector rejects repeated pagination cursors (1.417ms)
✔ collector rejects inaccessible connection entries (0.1507ms)
✔ read client verifies Bakar404 and never switches accounts (1.4272ms)
✔ explicit hash-pinned read principal does not change the pilot or read allowlist (20.6683ms)
✔ collector profile rejects changed scope or unsupported fields: repository (11.7773ms)
✔ collector profile rejects changed scope or unsupported fields: project_id (16.6844ms)
✔ collector profile rejects changed scope or unsupported fields: project_number (11.2282ms)
✔ collector profile rejects changed scope or unsupported fields: token (17.9009ms)
✔ collector profile rejects changed scope or unsupported fields: url (9.606ms)
✔ collector profile rejects changed scope or unsupported fields: collector_login (9.89ms)
✔ collector profile rejects wrong hashes, changed bytes and duplicate keys (38.7633ms)
✔ profiled collection records the actual principal and rejects identity or profile drift (33.9116ms)
✔ read client exposes no arbitrary query or write operation (1.6448ms)
✔ GraphQL cursor remains data, not executable query text (1.2198ms)
✔ GraphQL errors do not become accepted partial data (1.1917ms)
✔ GraphQL reserve prevents further reads (1.2264ms)
✔ collection has an elapsed-time bound (1.0606ms)
✔ dry run uses neither network nor output files (1.4119ms)
✔ CLI rejects apply (0.1566ms)
✔ CLI rejects audit --fixture --live (0.1052ms)
✔ CLI rejects audit --fixture --out ../escape.json (0.1482ms)
✔ CLI rejects audit --dry-run --out file.json (0.0947ms)
✔ CLI rejects audit --fixture --assign example-user (0.0795ms)
✔ CLI rejects ask --fixture (0.0805ms)
✔ actual CLI dry run works from another directory and has no network intent (165.1365ms)
✔ test chat prepares an evidence-based reply without sending it (5.921ms)
✔ test chat rejects wrong tenant (0.3306ms)
✔ test chat rejects wrong group (0.1448ms)
✔ test chat rejects personal chat (0.1325ms)
✔ test chat rejects other channel (0.126ms)
✔ test chat ignores messages without a mention (0.1867ms)
✔ test chat ignores its own messages (0.1302ms)
✔ test chat refuses mutation requests (5.3166ms)
✔ no production mode or implicit binding (0.3198ms)
ℹ tests 227
ℹ suites 0
ℹ pass 227
ℹ fail 0
ℹ cancelled 0
ℹ skipped 0
ℹ todo 0
ℹ duration_ms 90286.0159
