$ node --test --test-concurrency=2 --test-timeout=180000 scenarios/repo-steward/steward.test.mjs scenarios/repo-steward/actions.test.mjs scenarios/repo-steward/recurring-audit.test.mjs scenarios/repo-steward/feedback.test.mjs scenarios/repo-steward/maintenance.test.mjs scenarios/repo-steward/feedback-cli.test.mjs
✔ Actions preview performs no live reads or summary publication (1.7331ms)
✔ Actions fixture uses the real auditor without GitHub access (25.8657ms)
✔ invalid workflow input is rejected during preview without data access (0.9224ms)
✔ hosted live mode rejects non-Actions host before reading data (0.3868ms)
✔ hosted live mode rejects PR event before reading data (1.0458ms)
✔ hosted live mode rejects another repository before reading data (0.2139ms)
✔ hosted live mode rejects feature branch before reading data (0.2307ms)
✔ hosted live mode rejects another actor before reading data (0.1846ms)
✔ hosted live mode rejects another rerun operator before reading data (0.216ms)
✔ hosted live mode rejects missing triggering actor before reading data (0.2996ms)
✔ hosted live mode rejects missing source commit before reading data (0.315ms)
✔ hosted live mode rejects disabled pilot before reading data (0.1542ms)
✔ hosted live mode rejects unapproved public summary before reading data (0.137ms)
✔ hosted live mode rejects missing credential before reading data (0.1072ms)
✔ hosted live mode rejects blank credential before reading data (0.1301ms)
✔ hosted live mode rejects write-enabled configuration before reading data (0.1235ms)
✔ GITHUB_TOKEN does not substitute for Project-readable credentials (0.228ms)
✔ an admitted live path collects once and retains zero mutations (5.236ms)
✔ collector failure does not produce a successful report (0.2423ms)
✔ stale hosted snapshots fail instead of publishing old findings (4.5452ms)
✔ public summaries never include free-form source or evidence text (4.582ms)
✔ summary rejects unknown rule (3.8439ms)
✔ summary rejects bad finding id (3.893ms)
✔ summary rejects foreign reference (3.6854ms)
✔ summary rejects mutation claim (3.8147ms)
✔ summary rejects wrong scope (3.9261ms)
✔ summary rejects invalid timestamp (3.9637ms)
✔ summary rejects bad totals (4.1223ms)
✔ public finding index is bounded without copying omitted details (4.2772ms)
✔ every configured fixture rule has an explicit publication review (3.6674ms)
✔ summary file writes remain inside a supplied native temporary directory (8.253ms)
✔ Actions CLI rejects unsupported arguments --apply (0.2111ms)
✔ Actions CLI rejects unsupported arguments --live (0.0921ms)
✔ Actions CLI rejects unsupported arguments --live (0.083ms)
✔ actual fixture CLI needs no hosted secrets or Teams SDK (171.3578ms)
✔ manual workflow keeps first-party actions pinned and live credentials isolated (12.3196ms)
✔ feedback CLI rejects unsupported, missing and duplicate transition arguments (1.9234ms)
✔ new-file corpus output preserves the previous version and refuses overwrite (22.3389ms)
✔ initializing a corpus binds the validated input scope without changing its snapshot (38.9413ms)
✔ partial snapshot cannot create a corpus file (20.1272ms)
✔ redirected output parent is refused without writing through it (5.4254ms)
✔ review evidence must be a file and cannot use a directory as a digest source (42.6493ms)
✔ review CLI records the exact binary digest and closes its descriptor (64.3215ms)
✔ same-size review replacement between metadata check and open cannot update a corpus (27.2916ms)
✔ review parent swapped for a symlink or junction before open is rejected (29.3294ms)
✔ same-size pathname replacement after descriptor read is rejected (26.3451ms)
✔ same-size in-place review rewrite cannot hide behind a restored modification time (38.4744ms)
✔ review growth after open stays within its original byte bound and is rejected (26.4397ms)
✔ bounded review reads handle partial reads and reject empty or oversized files (17.7124ms)
✔ native behavioral evidence remains candidate with original local source and no finding impersonation (62.7611ms)
✔ native behavioral activation is denied for mixed support and forged active or retired history (43.2738ms)
✔ native behavioral candidates can be rejected without widening legacy review authority (44.0801ms)
✔ native behavioral bytes, identity claims, source and repeated runs remain validated (109.3499ms)
✔ evidence binds actual audit finding and supplied snapshot without certifying collection or identity (11.7057ms)
✔ accepted missing Project status binds the native serialized report and finding in evidence and observations (57.3429ms)
✔ auditor optional-field normalization retains strict data-only feedback and report validation (64.4444ms)
✔ timestamp-only or unrelated snapshot changes do not manufacture repeated supporting evidence (27.887ms)
✔ partial, cross-scope, stale or missing findings cannot become feedback evidence (12.434ms)
✔ feedback source pins accept exactly 40 or 64 hexadecimal characters, including supplied evidence (64.4057ms)
✔ candidate, active and retired versions preserve their inputs and have exact transition digests (16.4147ms)
✔ one observation, fabricated evidence bytes and replayed reviews cannot activate a rule (74.519ms)
✔ reviewer labels and claimed approval booleans do not supply verified review authority (22.5494ms)
✔ explicit rejection remains terminal and contributes no advice (35.9532ms)
✔ prospective expiry is mandatory, bounded, and effective at the exact boundary (89.1107ms)
✔ active capacity cannot expand and supersession retires only the exact predecessor (59.9777ms)
✔ supersession rejects stale targets and cannot cross finding rules (39.2161ms)
✔ active guidance annotates only matching findings without hiding or changing original conclusions (19.7732ms)
✔ broad matching admits at most the finite annotation limit and never truncates an excessive report (298.8515ms)
✔ serialized output bytes are admitted before escaped guidance and evidence references fan out (52.9151ms)
✔ later audits honor activation and retirement while the original report stays identical (35.5218ms)
✔ unknown executable, suppression, assignment and permission options are rejected (126.1498ms)
✔ stale reports, foreign scope and altered evidence fail closed (24.9668ms)
✔ canonical digests ignore property insertion order but reject executable and non-finite data (0.4014ms)
✔ reusable corpus validation preserves input and rejects authority claims or altered guidance (14.8804ms)
✔ explicit collector profile requires a hash and cannot relabel a supplied snapshot (3.0928ms)
✔ recurrence requires finite explicit bounds before reading any input (0.7879ms)
✔ finite recurrence reloads snapshot and feedback on every cycle (3.0902ms)
✔ paused and stopped records prevent collection and input reads (2.3636ms)
✔ exhausted persisted attempts reject before snapshot, feedback or live collection (2.3466ms)
✔ watch admits the final allowed attempt and then stops before collecting another snapshot (1.2545ms)
✔ source mismatch refuses before reading snapshot or feedback (1.0895ms)
✔ a failed cycle stops recurrence without retrying or losing the failure (1.3458ms)
✔ first snapshot acquisition failure retains one sanitized failed attempt (319.8771ms)
✔ later corpus acquisition failure preserves earlier accepted evidence and consumes one attempt (735.7636ms)
✔ live acquisition failure is retained once without raw error text or a retry (265.4252ms)
✔ pause and stop during failed acquisition remain effective without a new admitted attempt (1888.159ms)
✔ deadline crossing during failed acquisition prevents late attempt admission (1.4279ms)
✔ interruption during failed acquisition prevents a new admitted attempt (1.0713ms)
✔ duration bounds stop admission after collection without writing a late result (1.0542ms)
✔ interruption during an interval exits without another audit (1.2103ms)
✔ control commands delegate exact action, source and reason without collecting (2.7481ms)
✔ status exposes bounded metadata and no retained finding text (1.0637ms)
✔ one audit writes source-bound immutable private reports and an advisory handoff (440.2063ms)
✔ fresh capture timestamps and transport metrics alone produce no new report or proposal across restart (656.3122ms)
✔ live state binds the exact selected principal and profile through restart and controls (2467.7673ms)
✔ profile metadata cannot convert supplied evidence or a different live principal into accepted observations (276.9236ms)
✔ changed scoped content produces a new receipt while retaining stable finding dedupe (493.6096ms)
✔ resolved findings are recorded without claiming a remote correction (497.1901ms)
✔ stale input fails and preserves a failed attempt, never reusing previous success (605.535ms)
✔ future input fails and preserves a failed attempt, never reusing previous success (566.2499ms)
✔ incomplete input fails and preserves a failed attempt, never reusing previous success (608.1236ms)
✔ source drift fails and preserves a failed attempt, never reusing previous success (566.5693ms)
✔ changing the caller source pin cannot migrate an existing directory (459.02ms)
✔ pause prevents input use, resume retains dedupe, and stop cannot resume (2234.3607ms)
✔ concurrent cycles have one winner and never create duplicate accepted receipts (341.6518ms)
✔ retained locks fail closed without PID reuse or timeout-based recovery (16.7779ms)
✔ incomplete intent and rollback to an older checkpoint refuse replay (539.994ms)
✔ tampered referenced artifacts are rejected and preserved (311.0459ms)
✔ output-directory redirection refuses writes through a symlink or junction (10.6945ms)
✔ an unexpected output file is retained, not overwritten or removed (18.8455ms)
✔ status rejects unexpected files in initialized state before accepting its control projection (244.6309ms)
✔ missing, traversal-style and incomplete control requests do not create authority (4.5922ms)
✔ live source claims retain the existing collector identity and zero-write metadata (262.2081ms)
✔ finite convenience API has explicit bounds and performs no scheduling (861.5969ms)
✔ state and artifact redirection are not followed on read (251.4307ms)
✔ alter of earlier history is detected after a newer successful cycle (615.3311ms)
✔ delete of earlier history is detected after a newer successful cycle (655.558ms)
✔ changed implementation pins fail before a new intent is written (373.0962ms)
✔ a directory replaced while a caller holds its lock cannot redirect any artifact write (323.3262ms)
✔ actual corpus activation and retirement change only separately bound advisory output (1243.6275ms)
✔ expiry invalidates cached advisory annotations even without corpus byte changes (585.2289ms)
✔ mixed retained controls and new cycles enforce one transition bound with a reserved terminal stop (59704.1546ms)
✔ accepted snapshots with omitted optional metadata produce parseable JSON artifacts and replay (475.8263ms)
✔ optional auditor metadata works through the real feedback evidence and recurring consumer bridge (498.7786ms)
✔ policy has the ten requested workstreams and never assigns people (3.5431ms)
✔ classification supports Multiplayer (6.3329ms)
✔ classification supports UX/UI (1.8913ms)
✔ classification supports Multi-system execution (1.2633ms)
✔ classification supports Janitor (1.4401ms)
✔ classification supports Dynamic agent teams (1.3317ms)
✔ classification supports DevOps/PR review/branch protection (1.9947ms)
✔ classification supports Security (1.2438ms)
✔ classification supports Agent communication layer (1.4271ms)
✔ classification supports Dark factory automation (1.3349ms)
✔ classification supports Backend scalability / pub-sub (1.156ms)
✔ classification preserves labels and assignees (12.1875ms)
✔ UX alias means UX/UI (15.1067ms)
✔ an unassigned issue is not a violation (5.229ms)
✔ full fixture audit has zero mutations and catches closing-link conflict (4.9131ms)
✔ non-closing prose overrides no native link, not unrelated partial references (3.8836ms)
✔ explicit do-not-close linked issue is flagged (3.7121ms)
✔ closed unmerged PR does not close an open issue (4.1805ms)
✔ reopened issue remains open after a historical merged PR (3.5421ms)
✔ no automatic close for several partial PRs (4.1825ms)
✔ only explicit dependency section is interpreted (0.2166ms)
✔ code fences and quoted references are not dependency authority (0.2235ms)
✔ native/text dependency disagreement is flagged (4.0034ms)
✔ matching dependencies do not produce a mismatch (4.1973ms)
✔ dependency cycles are bounded and reported once (4.505ms)
✔ parent hierarchy mismatch and cycle are detected (4.0049ms)
✔ outside-scope dependency is not fetched or treated as complete (3.9174ms)
✔ missing local dependency is unverified, not closed (3.5332ms)
✔ open issue marked Done is flagged without changing the board (4.1509ms)
✔ unknown workstream is a review hint, not a rename (3.4593ms)
✔ locked default branch is flagged, without bypass (3.7965ms)
✔ stale PR source head is reported (3.5325ms)
✔ current independent review is accepted as evidence (4.0814ms)
✔ author approval is not current independent human approval (6.0011ms)
✔ bot approval is not current independent human approval (3.3165ms)
✔ old-head approval is not current independent human approval (3.4121ms)
✔ later comment does not erase a valid prior approval (3.7867ms)
✔ failed checks and requested changes are surfaced (3.9857ms)
✔ missing checks are not a success (3.431ms)
✔ stale snapshots are labeled (3.3602ms)
✔ future snapshots fail closed (1.6264ms)
✔ finding IDs are stable across repeated reads (7.1603ms)
✔ reported secrets are redacted and Markdown is escaped (10.1482ms)
✔ refuses: assign #50 to example-user (5.2741ms)
✔ refuses: label #50 multiplayer (4.2669ms)
✔ refuses: close #50 (4.0972ms)
✔ refuses: merge PR #237 (4.7691ms)
✔ refuses: enable auto-merge (4.2733ms)
✔ refuses: delete a branch (4.1812ms)
✔ refuses: approve PR #237 (4.1786ms)
✔ refuses: can you change the rules (4.731ms)
✔ question answers use recorded evidence and canonical references (4.741ms)
✔ reverse dependency questions list dependents (4.2924ms)
✔ unknown questions ask for clarification (4.5897ms)
✔ untrusted instruction text grants no tools (5.0601ms)
✔ snapshot rejects wrong repo (1.1125ms)
✔ snapshot rejects wrong project (1.0097ms)
✔ snapshot rejects partial coverage (0.9021ms)
✔ snapshot rejects wrong count (1.0106ms)
✔ snapshot rejects duplicate issue (1.0812ms)
✔ snapshot rejects hostile URL (1.0177ms)
✔ snapshot rejects hidden project item (1.0861ms)
✔ snapshot rejects cross-repo item (1.0374ms)
✔ snapshot rejects duplicate project item (1.2182ms)
✔ snapshot rejects oversized body (1.261ms)
✔ collector completes two matching passes with no writes (5.9103ms)
✔ collector rejects issue drift between passes (2.4863ms)
✔ collector rejects incomplete nested dependencies (1.1485ms)
✔ collector rejects a changed PR head/check binding (1.2314ms)
✔ collector rejects repeated pagination cursors (1.1774ms)
✔ collector rejects inaccessible connection entries (0.1482ms)
✔ read client verifies Bakar404 and never switches accounts (1.2611ms)
✔ explicit hash-pinned read principal does not change the pilot or read allowlist (25.7157ms)
✔ collector profile rejects changed scope or unsupported fields: repository (12.1602ms)
✔ collector profile rejects changed scope or unsupported fields: project_id (19.3207ms)
✔ collector profile rejects changed scope or unsupported fields: project_number (17.7596ms)
✔ collector profile rejects changed scope or unsupported fields: token (8.5326ms)
✔ collector profile rejects changed scope or unsupported fields: url (8.0341ms)
✔ collector profile rejects changed scope or unsupported fields: collector_login (9.6422ms)
✔ collector profile rejects wrong hashes, changed bytes and duplicate keys (33.9296ms)
✔ profiled collection records the actual principal and rejects identity or profile drift (50.3449ms)
✔ read client exposes no arbitrary query or write operation (2.0918ms)
✔ GraphQL cursor remains data, not executable query text (1.714ms)
✔ GraphQL errors do not become accepted partial data (2.4571ms)
✔ GraphQL reserve prevents further reads (1.5772ms)
✔ collection has an elapsed-time bound (1.3712ms)
✔ dry run uses neither network nor output files (1.2248ms)
✔ CLI rejects apply (0.1451ms)
✔ CLI rejects audit --fixture --live (0.1525ms)
✔ CLI rejects audit --fixture --out ../escape.json (0.1703ms)
✔ CLI rejects audit --dry-run --out file.json (0.1438ms)
✔ CLI rejects audit --fixture --assign example-user (0.123ms)
✔ CLI rejects ask --fixture (0.1314ms)
✔ actual CLI dry run works from another directory and has no network intent (171.1314ms)
✔ test chat prepares an evidence-based reply without sending it (5.3386ms)
✔ test chat rejects wrong tenant (0.3079ms)
✔ test chat rejects wrong group (0.1437ms)
✔ test chat rejects personal chat (0.1805ms)
✔ test chat rejects other channel (0.1398ms)
✔ test chat ignores messages without a mention (0.1349ms)
✔ test chat ignores its own messages (0.1229ms)
✔ test chat refuses mutation requests (4.2673ms)
✔ no production mode or implicit binding (0.2776ms)
ℹ tests 227
ℹ suites 0
ℹ pass 227
ℹ fail 0
ℹ cancelled 0
ℹ skipped 0
ℹ todo 0
ℹ duration_ms 79449.5996
