PASS presentation_first_paint_system_overrides_and_storage_failure
PASS presentation_first_paint_no_operational_writes
PASS presentation_system_changes_override_and_independent_reload
PASS presentation-executive-dark_390px_focus_reduced_motion
PASS presentation-executive-light_390px_focus_reduced_motion
PASS presentation_drafts_and_shared_budget_survive_both_modes_and_themes
PASS presentation_native_dialog_releases_modality_and_keeps_draft_across_tabs
PASS presentation_native-office-light_semantic_palette
PASS presentation-operations-light_390px_focus_reduced_motion
PASS presentation_native-office-dark_semantic_palette
PASS presentation-operations-dark_390px_focus_reduced_motion
PASS presentation_office_inspector_releases_scroll_and_artwork_is_not_inverted
PASS presentation_ready_no_operational_writes
PASS native_root_provider_artifacts_exact_checks_no_source_substitution
PASS presentation_pending_decisions_exact_drilldowns_and_reconnect_both_themes
PASS presentation_pending_no_operational_writes
PASS presentation_guest_authorized_empty_both_modes_and_themes
PASS presentation_denied_guest_no_operational_writes
PASS presentation_revoked-room_authorized_empty_both_modes_and_themes
PASS presentation_denied_revoked-room_no_operational_writes
PASS native_current_room_and_guest_denial
PASS native_exact_decisions_completed_graph_and_preserved_source
PASS historical_root_provider_selection_survives_synthesis_and_reload
PASS presentation_historical-provider-light_actual_open_disclosures
PASS presentation_historical-provider-dark_actual_open_disclosures
PASS presentation_historical_exact_provider_survives_themes_and_modes
PASS presentation_historical_no_operational_writes
PASS presentation_source-manifest-code-diff-light_actual_open_disclosures
PASS presentation_light_pure_mode_toggle_preserves_source_diff
PASS presentation_source-manifest-code-diff-dark_actual_open_disclosures
PASS presentation_dark_pure_mode_toggle_preserves_source_diff
PASS presentation_completed_exact_source_and_provider_drilldowns
PASS presentation_completed_no_operational_writes
PASS native_synthesis_manifest_text_diff_exact_checks
PASS synthesis_source_selection_reload_mobile_keyboard_reduced_motion
PASS authorized_source_download_original_bytes
PASS native_launch_protocol
PASS native_browser_created_ordinary_verified_once
PASS native_browser_created_delayed_refresh_failure_verified_once
PASS native_creation_preserved_original_source_and_prior_graph
PASS browser-only large_manifest_search_pagination_inert_html_and_diff
PASS browser-only redaction_file_states_and_mobile
PASS browser-only artifact-hash-mismatch
PASS browser-only unsupported-version
PASS browser-only source-identity-mismatch
PASS browser-only artifact-too-large
PASS browser-only file-hash-mismatch
PASS browser-only http-error-recovery
PASS browser-only expired
PASS browser-only expiry-during-view
PASS browser-only cancel-loading
PASS browser-only selected-run-late-response
PASS browser_only_edge_states
PASS synthetic_presentation_synthetic-critical-executive-light_390px_focus_reduced_motion
PASS synthetic_presentation_critical_alerts_and_exact_drilldowns_light
PASS synthetic_presentation_synthetic-critical-executive-dark_390px_focus_reduced_motion
PASS synthetic_presentation_critical_alerts_and_exact_drilldowns_dark
PASS synthetic_presentation_synthetic-pending-operations-light_390px_focus_reduced_motion
PASS synthetic_presentation_pending_decisions_without_authority_light
PASS synthetic_presentation_synthetic-pending-operations-dark_390px_focus_reduced_motion
PASS synthetic_presentation_pending_decisions_without_authority_dark
PASS synthetic_presentation_incomplete_and_unpriced_not_clean_light
PASS synthetic_presentation_incomplete_and_unpriced_not_clean_dark
PASS synthetic_presentation_missing_context_not_invented_light
PASS synthetic_presentation_missing_context_not_invented_dark
PASS synthetic_presentation_failed_refresh_hides_current_claims_and_recovers
PASS synthetic_presentation_expired_snapshot_withholds_current_claims
PASS synthetic_presentation_presentation_measured_contrast
PASS synthetic_presentation_synthetic-production-connect-light-operations_390px_focus_reduced_motion
PASS synthetic_presentation_synthetic-production-connect-light-executive_390px_focus_reduced_motion
PASS synthetic_presentation_synthetic-production-connect-denied-light_390px_focus_reduced_motion
PASS synthetic_presentation_production_connect_denial_light
PASS synthetic_presentation_synthetic-production-timeout-light_390px_focus_reduced_motion
PASS synthetic_presentation_production_loading_timeout_and_retry_light
PASS synthetic_presentation_presentation_measured_contrast
PASS synthetic_presentation_synthetic-production-connect-dark-operations_390px_focus_reduced_motion
PASS synthetic_presentation_synthetic-production-connect-dark-executive_390px_focus_reduced_motion
PASS synthetic_presentation_synthetic-production-connect-denied-dark_390px_focus_reduced_motion
PASS synthetic_presentation_production_connect_denial_dark
PASS synthetic_presentation_synthetic-production-timeout-dark_390px_focus_reduced_motion
PASS synthetic_presentation_production_loading_timeout_and_retry_dark
PASS synthetic_presentation_presentation_measured_contrast
PASS synthetic_presentation_exact_scoped_read_fixtures_exercised
PASS synthetic_presentation_all_server_traffic_intercepted_no_native_mutations
PASS browser_variants_did_not_change_native_runs_decisions_or_sources
PASS presentation_measured_contrast
