✔ native GIT_TRACE isolation protects source bytes and candidate tree (3137.671ms)
✔ native GIT_TRACE_PERFORMANCE isolation protects source bytes and candidate tree (3016.1201ms)
✔ native GIT_TRACE_SETUP isolation protects source bytes and candidate tree (3129.6619ms)
✔ native GIT_TRACE2 isolation protects source bytes and candidate tree (3023.1206ms)
✔ native GIT_TRACE2_EVENT isolation protects source bytes and candidate tree (2979.7098ms)
✔ native GIT_TRACE2_PERF isolation protects source bytes and candidate tree (2936.5312ms)
✔ native source-selection recipe is pinned; drift requires an explicit parity review (0.5633ms)
✔ RED untracked whitespace escapes old diff, fails new command; GREEN clean file passes (5859.6763ms)
✔ checks tracked bytes that are present in the worktree (3766.38ms)
✔ checks staged modification bytes that are present in the worktree (3949.0383ms)
✔ checks staged addition bytes that are present in the worktree (3659.1242ms)
✔ staged-only bad bytes are not exported when the worktree has clean replacement bytes (5203.5755ms)
✔ clean staged bytes cannot hide bad worktree bytes or revive staged-only deleted additions (3757.4946ms)
✔ assigned base, not current HEAD, determines committed changes, deletions and renamed source (4084.181ms)
✔ conflicted real index is untouched; physical resolution is checked just like native export (7353.4179ms)
✔ literal selection, spaces, leading dash, Unicode and brackets do not become Git pathspecs (5171.3427ms)
✔ selected absent, explicitly ignored and magic/escaping paths fail rather than widen selection (8024.5304ms)
✔ ignored evidence and runner-internal files are absent; provider artifacts reset to base, not deletion (5407.8784ms)
✔ ignored files tracked by the seeded base remain selected; later ignored additions do not (6073.965ms)
✔ CRLF conversion and attributes use Git blob bytes without rewriting source or index (5095.3833ms)
✔ Windows verified-head seeding retains modes and resets every unselected committed path (4954.9086ms)
✔ binary blobs use native Git diff behavior, not an independent text scanner (3567.1019ms)
✔ a missing real index is neither read nor recreated (3046.3632ms)
✔ linked worktree Git control files and real index are not modified (4036.0388ms)
✔ invalid base, routing override, nested root and in-worktree scratch fail closed (7807.9007ms)
✔ an inherited alternate index is not used or changed (2378.0789ms)
✔ whole-check timeout is a command error, never whitespace success (2043.9998ms)
✔ spawn, buffer, signal and Git failures cannot masquerade as whitespace results (9954.614ms)
✔ unexpected scratch contents cause visible cleanup failure and are preserved (1901.4572ms)
✔ CLI rejects unknown, missing and unbounded arguments with exit 2 (6424.4126ms)
✔ F01 CLI reports unavailable revision without exposing arguments (2722.1942ms)
✔ F01 CLI reports missing literal selection without exposing arguments (2871.219ms)
✔ F01 CLI reports ignored literal selection without exposing arguments (2872.0989ms)
✔ F01 CLI retains safe native timeout classification (3294.9392ms)
✔ F01 CLI retains safe native output overflow classification (3319.5432ms)
✔ F01 CLI retains safe native spawn failure classification (3220.5198ms)
✔ F01 CLI retains safe signal classification (3125.8635ms)
✔ F01 CLI retains safe unrecognized filter failure classification (2839.7304ms)
✔ F01 CLI retains safe unknown child fields classification (3206.5783ms)
✔ F01 CLI retains safe timeout with whitespace-like output classification (3197.8567ms)
✔ F01 CLI retains safe overflow with whitespace-like output classification (3256.1142ms)
✔ F01 CLI separates cleanup failure from original failure (2750.6373ms)
✔ F01 CLI separates cleanup failure after successful check (3169.8641ms)
✔ F01 CLI suppresses unsafe parser/filesystem text and retains safe input guidance (3914.7258ms)
✔ F01 CLI correlates retained owned directories without revealing their sensitive root (3648.9842ms)
✔ F01 CLI recognizes a native required clean-filter failure, not a missing path (3502.1053ms)
✔ F02 native filter repeated delimiters (24000) cannot stall receipt or cleanup (4518.6729ms)
✔ F02 native filter repeated delimiters (349354) cannot stall receipt or cleanup (4651.7631ms)
✔ F02 final-line recognition handles hostile near-limit shapes without trusting their text (12503.7508ms)
ℹ tests 49
ℹ suites 0
ℹ pass 49
ℹ fail 0
ℹ cancelled 0
ℹ skipped 0
ℹ todo 0
ℹ duration_ms 204511.3921
