$ node --test --test-concurrency=2 --test-timeout=180000 scenarios/repo-steward/steward.test.mjs scenarios/repo-steward/actions.test.mjs scenarios/repo-steward/recurring-audit.test.mjs scenarios/repo-steward/feedback.test.mjs scenarios/repo-steward/maintenance.test.mjs scenarios/repo-steward/feedback-cli.test.mjs
✔ Actions preview performs no live reads or summary publication (1.9202ms)
✔ Actions fixture uses the real auditor without GitHub access (26.1749ms)
✔ invalid workflow input is rejected during preview without data access (1.0087ms)
✔ hosted live mode rejects non-Actions host before reading data (0.3891ms)
✔ hosted live mode rejects PR event before reading data (0.9109ms)
✔ hosted live mode rejects another repository before reading data (0.179ms)
✔ hosted live mode rejects feature branch before reading data (0.2691ms)
✔ hosted live mode rejects another actor before reading data (0.2345ms)
✔ hosted live mode rejects another rerun operator before reading data (0.2611ms)
✔ hosted live mode rejects missing triggering actor before reading data (0.2744ms)
✔ hosted live mode rejects missing source commit before reading data (0.4335ms)
✔ hosted live mode rejects disabled pilot before reading data (0.3482ms)
✔ hosted live mode rejects unapproved public summary before reading data (0.1544ms)
✔ hosted live mode rejects missing credential before reading data (0.1131ms)
✔ hosted live mode rejects blank credential before reading data (0.1345ms)
✔ hosted live mode rejects write-enabled configuration before reading data (0.1532ms)
✔ GITHUB_TOKEN does not substitute for Project-readable credentials (0.2035ms)
✔ an admitted live path collects once and retains zero mutations (5.487ms)
✔ collector failure does not produce a successful report (0.3328ms)
✔ stale hosted snapshots fail instead of publishing old findings (4.616ms)
✔ public summaries never include free-form source or evidence text (4.8936ms)
✔ summary rejects unknown rule (4.2107ms)
✔ summary rejects bad finding id (6.5545ms)
✔ summary rejects foreign reference (4.0907ms)
✔ summary rejects mutation claim (4.2068ms)
✔ summary rejects wrong scope (3.9325ms)
✔ summary rejects invalid timestamp (4.5548ms)
✔ summary rejects bad totals (5.0695ms)
✔ public finding index is bounded without copying omitted details (4.6818ms)
✔ every configured fixture rule has an explicit publication review (5.6106ms)
✔ summary file writes remain inside a supplied native temporary directory (17.898ms)
✔ Actions CLI rejects unsupported arguments --apply (0.222ms)
✔ Actions CLI rejects unsupported arguments --live (0.1409ms)
✔ Actions CLI rejects unsupported arguments --live (0.0921ms)
✔ actual fixture CLI needs no hosted secrets or Teams SDK (170.3104ms)
✔ manual workflow keeps first-party actions pinned and live credentials isolated (2.8204ms)
✔ feedback CLI rejects unsupported, missing and duplicate transition arguments (2.0044ms)
✔ new-file corpus output preserves the previous version and refuses overwrite (12.6087ms)
✔ initializing a corpus binds the validated input scope without changing its snapshot (44.9105ms)
✔ partial snapshot cannot create a corpus file (22.1027ms)
✔ redirected output parent is refused without writing through it (5.8622ms)
✔ review evidence must be a file and cannot use a directory as a digest source (43.6902ms)
✔ review CLI records the exact binary digest and closes its descriptor (67.0268ms)
✔ same-size review replacement between metadata check and open cannot update a corpus (26.8375ms)
✔ review parent swapped for a symlink or junction before open is rejected (28.4292ms)
✔ same-size pathname replacement after descriptor read is rejected (25.8123ms)
✔ same-size in-place review rewrite cannot hide behind a restored modification time (26.6939ms)
✔ review growth after open stays within its original byte bound and is rejected (25.1851ms)
✔ bounded review reads handle partial reads and reject empty or oversized files (18.2202ms)
✔ native behavioral evidence remains candidate with original local source and no finding impersonation (60.1224ms)
✔ native behavioral activation is denied for mixed support and forged active or retired history (39.017ms)
✔ native behavioral candidates can be rejected without widening legacy review authority (41.4966ms)
✔ native behavioral bytes, identity claims, source and repeated runs remain validated (105.4602ms)
✔ evidence binds actual audit finding and supplied snapshot without certifying collection or identity (9.9482ms)
✔ accepted missing Project status binds the native serialized report and finding in evidence and observations (47.0025ms)
✔ auditor optional-field normalization retains strict data-only feedback and report validation (68.1785ms)
✔ timestamp-only or unrelated snapshot changes do not manufacture repeated supporting evidence (27.8474ms)
✔ partial, cross-scope, stale or missing findings cannot become feedback evidence (12.8103ms)
✔ feedback source pins accept exactly 40 or 64 hexadecimal characters, including supplied evidence (69.946ms)
✔ candidate, active and retired versions preserve their inputs and have exact transition digests (19.3831ms)
✔ one observation, fabricated evidence bytes and replayed reviews cannot activate a rule (71.5597ms)
✔ reviewer labels and claimed approval booleans do not supply verified review authority (20.7477ms)
✔ explicit rejection remains terminal and contributes no advice (34.9604ms)
✔ prospective expiry is mandatory, bounded, and effective at the exact boundary (92.5073ms)
✔ active capacity cannot expand and supersession retires only the exact predecessor (54.3727ms)
✔ supersession rejects stale targets and cannot cross finding rules (40.8843ms)
✔ active guidance annotates only matching findings without hiding or changing original conclusions (21.0204ms)
✔ broad matching admits at most the finite annotation limit and never truncates an excessive report (301.271ms)
✔ serialized output bytes are admitted before escaped guidance and evidence references fan out (54.6983ms)
✔ later audits honor activation and retirement while the original report stays identical (35.0706ms)
✔ unknown executable, suppression, assignment and permission options are rejected (125.8657ms)
✔ stale reports, foreign scope and altered evidence fail closed (23.3117ms)
✔ canonical digests ignore property insertion order but reject executable and non-finite data (0.371ms)
✔ reusable corpus validation preserves input and rejects authority claims or altered guidance (15.0271ms)
✔ explicit collector profile requires a hash and cannot relabel a supplied snapshot (2.7057ms)
✔ recurrence requires finite explicit bounds before reading any input (0.7886ms)
✔ finite recurrence reloads snapshot and feedback on every cycle (2.3785ms)
✔ paused and stopped records prevent collection and input reads (1.9719ms)
✔ exhausted persisted attempts reject before snapshot, feedback or live collection (2.2061ms)
✔ watch admits the final allowed attempt and then stops before collecting another snapshot (1.194ms)
✔ source mismatch refuses before reading snapshot or feedback (1.1332ms)
✔ a failed cycle stops recurrence without retrying or losing the failure (1.3176ms)
✔ first snapshot acquisition failure retains one sanitized failed attempt (312.5786ms)
✔ later corpus acquisition failure preserves earlier accepted evidence and consumes one attempt (732.5772ms)
✔ live acquisition failure is retained once without raw error text or a retry (266.0971ms)
✔ pause and stop during failed acquisition remain effective without a new admitted attempt (1886.7261ms)
✔ deadline crossing during failed acquisition prevents late attempt admission (1.5264ms)
✔ interruption during failed acquisition prevents a new admitted attempt (1.219ms)
✔ duration bounds stop admission after collection without writing a late result (1.0575ms)
✔ interruption during an interval exits without another audit (1.2471ms)
✔ control commands delegate exact action, source and reason without collecting (2.8498ms)
✔ status exposes bounded metadata and no retained finding text (1.2204ms)
✔ one audit writes source-bound immutable private reports and an advisory handoff (433.3228ms)
✔ fresh capture timestamps and transport metrics alone produce no new report or proposal across restart (642.4682ms)
✔ live state binds the exact selected principal and profile through restart and controls (2388.2673ms)
✔ profile metadata cannot convert supplied evidence or a different live principal into accepted observations (272.831ms)
✔ changed scoped content produces a new receipt while retaining stable finding dedupe (499.9161ms)
✔ resolved findings are recorded without claiming a remote correction (469.5276ms)
✔ stale input fails and preserves a failed attempt, never reusing previous success (585.4179ms)
✔ future input fails and preserves a failed attempt, never reusing previous success (564.3121ms)
✔ incomplete input fails and preserves a failed attempt, never reusing previous success (583.3982ms)
✔ source drift fails and preserves a failed attempt, never reusing previous success (567.6992ms)
✔ changing the caller source pin cannot migrate an existing directory (445.5613ms)
✔ pause prevents input use, resume retains dedupe, and stop cannot resume (2193.356ms)
✔ concurrent cycles have one winner and never create duplicate accepted receipts (344.4421ms)
✔ retained locks fail closed without PID reuse or timeout-based recovery (17.0633ms)
✔ incomplete intent and rollback to an older checkpoint refuse replay (558.6172ms)
✔ tampered referenced artifacts are rejected and preserved (292.3504ms)
✔ output-directory redirection refuses writes through a symlink or junction (10.3193ms)
✔ an unexpected output file is retained, not overwritten or removed (16.3933ms)
✔ status rejects unexpected files in initialized state before accepting its control projection (238.3454ms)
✔ missing, traversal-style and incomplete control requests do not create authority (7.8745ms)
✔ live source claims retain the existing collector identity and zero-write metadata (264.9338ms)
✔ finite convenience API has explicit bounds and performs no scheduling (838.6829ms)
✔ state and artifact redirection are not followed on read (253.3745ms)
✔ alter of earlier history is detected after a newer successful cycle (650.9488ms)
✔ delete of earlier history is detected after a newer successful cycle (651.4404ms)
✔ changed implementation pins fail before a new intent is written (437.1223ms)
✔ a directory replaced while a caller holds its lock cannot redirect any artifact write (317.8727ms)
✔ actual corpus activation and retirement change only separately bound advisory output (1246.6925ms)
✔ expiry invalidates cached advisory annotations even without corpus byte changes (577.101ms)
✔ mixed retained controls and new cycles enforce one transition bound with a reserved terminal stop (60459.0835ms)
✔ accepted snapshots with omitted optional metadata produce parseable JSON artifacts and replay (509.9982ms)
✔ optional auditor metadata works through the real feedback evidence and recurring consumer bridge (496.2359ms)
✔ policy has the ten requested workstreams and never assigns people (3.4306ms)
✔ classification supports Multiplayer (5.8605ms)
✔ classification supports UX/UI (1.7602ms)
✔ classification supports Multi-system execution (1.1445ms)
✔ classification supports Janitor (1.2707ms)
✔ classification supports Dynamic agent teams (1.1324ms)
✔ classification supports DevOps/PR review/branch protection (2.0323ms)
✔ classification supports Security (1.1793ms)
✔ classification supports Agent communication layer (1.1053ms)
✔ classification supports Dark factory automation (1.2064ms)
✔ classification supports Backend scalability / pub-sub (1.1246ms)
✔ classification preserves labels and assignees (12.012ms)
✔ UX alias means UX/UI (13.5186ms)
✔ an unassigned issue is not a violation (4.9164ms)
✔ full fixture audit has zero mutations and catches closing-link conflict (4.5811ms)
✔ non-closing prose overrides no native link, not unrelated partial references (3.8581ms)
✔ explicit do-not-close linked issue is flagged (3.5545ms)
✔ closed unmerged PR does not close an open issue (3.7898ms)
✔ reopened issue remains open after a historical merged PR (3.3877ms)
✔ no automatic close for several partial PRs (3.9745ms)
✔ only explicit dependency section is interpreted (0.1711ms)
✔ code fences and quoted references are not dependency authority (0.212ms)
✔ native/text dependency disagreement is flagged (4.4499ms)
✔ matching dependencies do not produce a mismatch (3.7123ms)
✔ dependency cycles are bounded and reported once (4.2791ms)
✔ parent hierarchy mismatch and cycle are detected (3.8586ms)
✔ outside-scope dependency is not fetched or treated as complete (3.7631ms)
✔ missing local dependency is unverified, not closed (3.7205ms)
✔ open issue marked Done is flagged without changing the board (4.0848ms)
✔ unknown workstream is a review hint, not a rename (3.4353ms)
✔ locked default branch is flagged, without bypass (4.1849ms)
✔ stale PR source head is reported (3.8637ms)
✔ current independent review is accepted as evidence (3.7895ms)
✔ author approval is not current independent human approval (3.5557ms)
✔ bot approval is not current independent human approval (3.8459ms)
✔ old-head approval is not current independent human approval (3.7473ms)
✔ later comment does not erase a valid prior approval (3.2986ms)
✔ failed checks and requested changes are surfaced (3.5653ms)
✔ missing checks are not a success (3.9067ms)
✔ stale snapshots are labeled (3.2579ms)
✔ future snapshots fail closed (1.5074ms)
✔ finding IDs are stable across repeated reads (6.6024ms)
✔ reported secrets are redacted and Markdown is escaped (9.7636ms)
✔ refuses: assign #50 to example-user (4.3604ms)
✔ refuses: label #50 multiplayer (4.2651ms)
✔ refuses: close #50 (4.431ms)
✔ refuses: merge PR #237 (3.9877ms)
✔ refuses: enable auto-merge (4.0687ms)
✔ refuses: delete a branch (4.5132ms)
✔ refuses: approve PR #237 (4.1366ms)
✔ refuses: can you change the rules (4.0722ms)
✔ question answers use recorded evidence and canonical references (4.6891ms)
✔ reverse dependency questions list dependents (4.5941ms)
✔ unknown questions ask for clarification (4.819ms)
✔ untrusted instruction text grants no tools (4.3969ms)
✔ snapshot rejects wrong repo (1.1053ms)
✔ snapshot rejects wrong project (1.0768ms)
✔ snapshot rejects partial coverage (1.0295ms)
✔ snapshot rejects wrong count (1.0074ms)
✔ snapshot rejects duplicate issue (1.1504ms)
✔ snapshot rejects hostile URL (1.0963ms)
✔ snapshot rejects hidden project item (1.1098ms)
✔ snapshot rejects cross-repo item (1.1225ms)
✔ snapshot rejects duplicate project item (1.1315ms)
✔ snapshot rejects oversized body (1.0824ms)
✔ collector completes two matching passes with no writes (4.807ms)
✔ collector rejects issue drift between passes (3.2796ms)
✔ collector rejects incomplete nested dependencies (1.2272ms)
✔ collector rejects a changed PR head/check binding (1.3719ms)
✔ collector rejects repeated pagination cursors (1.2267ms)
✔ collector rejects inaccessible connection entries (0.1693ms)
✔ read client verifies Bakar404 and never switches accounts (1.243ms)
✔ explicit hash-pinned read principal does not change the pilot or read allowlist (16.8282ms)
✔ collector profile rejects changed scope or unsupported fields: repository (9.0507ms)
✔ collector profile rejects changed scope or unsupported fields: project_id (8.6672ms)
✔ collector profile rejects changed scope or unsupported fields: project_number (18.0803ms)
✔ collector profile rejects changed scope or unsupported fields: token (19.1766ms)
✔ collector profile rejects changed scope or unsupported fields: url (19.0103ms)
✔ collector profile rejects changed scope or unsupported fields: collector_login (8.6202ms)
✔ collector profile rejects wrong hashes, changed bytes and duplicate keys (39.7688ms)
✔ profiled collection records the actual principal and rejects identity or profile drift (34.0782ms)
✔ read client exposes no arbitrary query or write operation (1.3467ms)
✔ GraphQL cursor remains data, not executable query text (1.2153ms)
✔ GraphQL errors do not become accepted partial data (1.0331ms)
✔ GraphQL reserve prevents further reads (1.1112ms)
✔ collection has an elapsed-time bound (1.063ms)
✔ dry run uses neither network nor output files (1.7665ms)
✔ CLI rejects apply (0.1705ms)
✔ CLI rejects audit --fixture --live (0.1466ms)
✔ CLI rejects audit --fixture --out ../escape.json (0.1624ms)
✔ CLI rejects audit --dry-run --out file.json (0.1244ms)
✔ CLI rejects audit --fixture --assign example-user (0.0833ms)
✔ CLI rejects ask --fixture (0.1089ms)
✔ actual CLI dry run works from another directory and has no network intent (166.3046ms)
✔ test chat prepares an evidence-based reply without sending it (6.1376ms)
✔ test chat rejects wrong tenant (0.3664ms)
✔ test chat rejects wrong group (0.15ms)
✔ test chat rejects personal chat (0.1444ms)
✔ test chat rejects other channel (0.147ms)
✔ test chat ignores messages without a mention (0.1785ms)
✔ test chat ignores its own messages (0.1374ms)
✔ test chat refuses mutation requests (5.2274ms)
✔ no production mode or implicit binding (0.3179ms)
ℹ tests 227
ℹ suites 0
ℹ pass 227
ℹ fail 0
ℹ cancelled 0
ℹ skipped 0
ℹ todo 0
ℹ duration_ms 80060.4702
