{
  "phase": "Start",
  "product": "<reviewed-worktree>",
  "product_commit": "bafe6e88c84444213f461292997cf0413191c2d0",
  "qa_root": "<owned-qa>",
  "server": "http://127.0.0.1:59305",
  "web": "http://127.0.0.1:26305",
  "database": {
    "port": 25305,
    "name": "pr265_activity",
    "fresh": true,
    "host": "127.0.0.1"
  },
  "runner_id": "30500000-0000-4000-8000-000000000001",
  "provider": "native deterministic fake-process; no AI inference",
  "source": "independent clone of the exact candidate HEAD; writes execute only in runner worktrees",
  "factory_watcher": false,
  "github_effects": false,
  "existing_state_touched": false,
  "build_required": false
}
Cloning into '<owned-qa>\source'...
done.
HEAD is now at bafe6e8 Integrate main and validate deterministic research handoff
The files belonging to this database system will be owned by user "shyamsridhar".
This user must also own the server process.

The database cluster will be initialized with locale "C".
The default text search configuration will be set to "english".

Data page checksums are disabled.

creating directory <owned-qa>/database ... ok
creating subdirectories ... ok
selecting dynamic shared memory implementation ... windows
selecting default "max_connections" ... 100
selecting default "shared_buffers" ... 128MB
selecting default time zone ... America/Chicago
creating configuration files ... ok
running bootstrap script ... ok
performing post-bootstrap initialization ... ok
syncing data to disk ... ok

Success. You can now start the database server using:

    ^"C^:^\Users^\shyamsridhar^\AppData^\Local^\Programs^\ecorp^-tools^\postgresql^-17^.10^\pgsql^\bin^\pg^_ctl^" -D ^"C^:^\Users^\shyamsridhar^\code^\qa^\pr265^-run^-activity^-pr305^-20260922^-browser^-r7^\database^" -l logfile start

Owned deterministic stack ready. Non-secret receipt: <owned-qa>\ownership.json
