✖ EX-JSON-DIAGNOSTICS: malformed stdin never discloses input or changes state (154.4539ms)
✖ EX-JSON-DIAGNOSTICS: malformed journals are retained without disclosing their bytes (531.4952ms)
ℹ tests 2
ℹ suites 0
ℹ pass 0
ℹ fail 2
ℹ cancelled 0
ℹ skipped 0
ℹ todo 0
ℹ duration_ms 976.3901

✖ failing tests:

test at .github\skills\code-review\tests\executor-state.test.mjs:43:1
✖ EX-JSON-DIAGNOSTICS: malformed stdin never discloses input or changes state (154.4539ms)
  AssertionError [ERR_ASSERTION]: Expected values to be strictly deep-equal:
  + actual - expected

    {
  +   error: `Unexpected token 'S', "SENSITIVE_"... is not valid JSON`
  -   error: 'invalid JSON; preserve input and state'
    }

      at TestContext.<anonymous> (file:///<reviewed-worktree>/.github/skills/code-review/tests/executor-state.test.mjs:54:14)
      at Test.runInAsyncScope (node:async_hooks:227:14)
      at Test.run (node:internal/test_runner/test:1402:25)
      at Test.start (node:internal/test_runner/test:1262:17)
      at startSubtestAfterBootstrap (node:internal/test_runner/harness:387:17) {
    generatedMessage: true,
    code: 'ERR_ASSERTION',
    actual: { error: `Unexpected token 'S', "SENSITIVE_"... is not valid JSON` },
    expected: { error: 'invalid JSON; preserve input and state' },
    operator: 'deepStrictEqual',
    diff: 'simple'
  }

test at .github\skills\code-review\tests\executor-state.test.mjs:61:1
✖ EX-JSON-DIAGNOSTICS: malformed journals are retained without disclosing their bytes (531.4952ms)
  AssertionError [ERR_ASSERTION]: Expected values to be strictly deep-equal:
  + actual - expected

    {
  +   error: `Unexpected token 'S', "SENSITIVE_"... is not valid JSON`
  -   error: 'invalid JSON; preserve input and state'
    }

      at TestContext.<anonymous> (file:///<reviewed-worktree>/.github/skills/code-review/tests/executor-state.test.mjs:71:12)
      at Test.runInAsyncScope (node:async_hooks:227:14)
      at Test.run (node:internal/test_runner/test:1402:25)
      at Test.processPendingSubtests (node:internal/test_runner/test:974:18)
      at Test.postRun (node:internal/test_runner/test:1542:19)
      at Test.run (node:internal/test_runner/test:1467:12)
      at async startSubtestAfterBootstrap (node:internal/test_runner/harness:387:3) {
    generatedMessage: true,
    code: 'ERR_ASSERTION',
    actual: { error: `Unexpected token 'S', "SENSITIVE_"... is not valid JSON` },
    expected: { error: 'invalid JSON; preserve input and state' },
    operator: 'deepStrictEqual',
    diff: 'simple'
  }
