$ node --test --test-concurrency=2 --test-timeout=180000 scenarios/repo-steward/steward.test.mjs scenarios/repo-steward/actions.test.mjs scenarios/repo-steward/recurring-audit.test.mjs scenarios/repo-steward/feedback.test.mjs scenarios/repo-steward/maintenance.test.mjs scenarios/repo-steward/feedback-cli.test.mjs
✔ Actions preview performs no live reads or summary publication (3.0372ms)
✔ Actions fixture uses the real auditor without GitHub access (49.9377ms)
✔ invalid workflow input is rejected during preview without data access (1.4405ms)
✔ hosted live mode rejects non-Actions host before reading data (0.6422ms)
✔ hosted live mode rejects PR event before reading data (1.3128ms)
✔ hosted live mode rejects another repository before reading data (0.2652ms)
✔ hosted live mode rejects feature branch before reading data (0.5509ms)
✔ hosted live mode rejects another actor before reading data (0.3301ms)
✔ hosted live mode rejects another rerun operator before reading data (0.3695ms)
✔ hosted live mode rejects missing triggering actor before reading data (0.4993ms)
✔ hosted live mode rejects missing source commit before reading data (0.3906ms)
✔ hosted live mode rejects disabled pilot before reading data (0.2619ms)
✔ hosted live mode rejects unapproved public summary before reading data (0.1911ms)
✔ hosted live mode rejects missing credential before reading data (0.1919ms)
✔ hosted live mode rejects blank credential before reading data (0.2407ms)
✔ hosted live mode rejects write-enabled configuration before reading data (0.2233ms)
✔ GITHUB_TOKEN does not substitute for Project-readable credentials (0.3404ms)
✔ an admitted live path collects once and retains zero mutations (9.162ms)
✔ collector failure does not produce a successful report (0.3936ms)
✔ stale hosted snapshots fail instead of publishing old findings (10.556ms)
✔ public summaries never include free-form source or evidence text (8.6075ms)
✔ summary rejects unknown rule (6.8983ms)
✔ summary rejects bad finding id (6.6929ms)
✔ summary rejects foreign reference (6.7957ms)
✔ summary rejects mutation claim (7.1189ms)
✔ summary rejects wrong scope (9.1112ms)
✔ summary rejects invalid timestamp (7.2342ms)
✔ summary rejects bad totals (8.8294ms)
✔ public finding index is bounded without copying omitted details (7.2511ms)
✔ every configured fixture rule has an explicit publication review (6.6271ms)
✔ summary file writes remain inside a supplied native temporary directory (23.4802ms)
✔ Actions CLI rejects unsupported arguments --apply (0.2853ms)
✔ Actions CLI rejects unsupported arguments --live (0.1141ms)
✔ Actions CLI rejects unsupported arguments --live (0.1068ms)
✔ actual fixture CLI needs no hosted secrets or Teams SDK (326.5865ms)
✔ manual workflow keeps first-party actions pinned and live credentials isolated (3.3282ms)
✔ feedback CLI rejects unsupported, missing and duplicate transition arguments (2.9806ms)
✔ new-file corpus output preserves the previous version and refuses overwrite (42.6051ms)
✔ initializing a corpus binds the validated input scope without changing its snapshot (79.8832ms)
✔ partial snapshot cannot create a corpus file (35.9175ms)
✔ redirected output parent is refused without writing through it (7.3915ms)
✔ review evidence must be a file and cannot use a directory as a digest source (54.774ms)
✔ review CLI records the exact binary digest and closes its descriptor (91.6319ms)
✔ same-size review replacement between metadata check and open cannot update a corpus (50.4992ms)
✔ review parent swapped for a symlink or junction before open is rejected (46.1677ms)
✔ same-size pathname replacement after descriptor read is rejected (38.9496ms)
✔ same-size in-place review rewrite cannot hide behind a restored modification time (38.0776ms)
✔ review growth after open stays within its original byte bound and is rejected (41.7426ms)
✔ bounded review reads handle partial reads and reject empty or oversized files (33.1694ms)
✔ native behavioral evidence remains candidate with original local source and no finding impersonation (137.4982ms)
✔ native behavioral activation is denied for mixed support and forged active or retired history (97.4229ms)
✔ native behavioral candidates can be rejected without widening legacy review authority (83.6313ms)
✔ native behavioral bytes, identity claims, source and repeated runs remain validated (214.1586ms)
✔ evidence binds actual audit finding and supplied snapshot without certifying collection or identity (19.4134ms)
✔ accepted missing Project status binds the native serialized report and finding in evidence and observations (75.1ms)
✔ auditor optional-field normalization retains strict data-only feedback and report validation (144.1941ms)
✔ timestamp-only or unrelated snapshot changes do not manufacture repeated supporting evidence (54.9771ms)
✔ partial, cross-scope, stale or missing findings cannot become feedback evidence (31.9792ms)
✔ feedback source pins accept exactly 40 or 64 hexadecimal characters, including supplied evidence (133.792ms)
✔ candidate, active and retired versions preserve their inputs and have exact transition digests (40.5827ms)
✔ one observation, fabricated evidence bytes and replayed reviews cannot activate a rule (150.2466ms)
✔ reviewer labels and claimed approval booleans do not supply verified review authority (42.5148ms)
✔ explicit rejection remains terminal and contributes no advice (78.5956ms)
✔ prospective expiry is mandatory, bounded, and effective at the exact boundary (205.1626ms)
✔ active capacity cannot expand and supersession retires only the exact predecessor (137.0945ms)
✔ supersession rejects stale targets and cannot cross finding rules (80.5627ms)
✔ active guidance annotates only matching findings without hiding or changing original conclusions (47.3208ms)
✔ broad matching admits at most the finite annotation limit and never truncates an excessive report (611.5308ms)
✔ serialized output bytes are admitted before escaped guidance and evidence references fan out (157.5178ms)
✔ later audits honor activation and retirement while the original report stays identical (135.7662ms)
✔ unknown executable, suppression, assignment and permission options are rejected (443.3258ms)
✔ stale reports, foreign scope and altered evidence fail closed (63.3139ms)
✔ canonical digests ignore property insertion order but reject executable and non-finite data (3.6338ms)
✔ reusable corpus validation preserves input and rejects authority claims or altered guidance (61.285ms)
✔ explicit collector profile requires a hash and cannot relabel a supplied snapshot (4.5675ms)
✔ recurrence requires finite explicit bounds before reading any input (1.4604ms)
✔ finite recurrence reloads snapshot and feedback on every cycle (8.6801ms)
✔ paused and stopped records prevent collection and input reads (25.7208ms)
✔ exhausted persisted attempts reject before snapshot, feedback or live collection (16.6636ms)
✔ watch admits the final allowed attempt and then stops before collecting another snapshot (2.9638ms)
✔ source mismatch refuses before reading snapshot or feedback (9.4844ms)
✔ a failed cycle stops recurrence without retrying or losing the failure (3.9929ms)
✔ first snapshot acquisition failure retains one sanitized failed attempt (561.1931ms)
✔ later corpus acquisition failure preserves earlier accepted evidence and consumes one attempt (1327.0262ms)
✔ live acquisition failure is retained once without raw error text or a retry (501.4098ms)
✔ pause and stop during failed acquisition remain effective without a new admitted attempt (3346.1472ms)
✔ deadline crossing during failed acquisition prevents late attempt admission (3.6376ms)
✔ interruption during failed acquisition prevents a new admitted attempt (1.8549ms)
✔ duration bounds stop admission after collection without writing a late result (4.1848ms)
✔ interruption during an interval exits without another audit (3.3955ms)
✔ control commands delegate exact action, source and reason without collecting (5.1896ms)
✔ status exposes bounded metadata and no retained finding text (3.7536ms)
✔ one audit writes source-bound immutable private reports and an advisory handoff (681.1102ms)
✔ fresh capture timestamps and transport metrics alone produce no new report or proposal across restart (1154.4501ms)
✔ live state binds the exact selected principal and profile through restart and controls (3810.6915ms)
✔ profile metadata cannot convert supplied evidence or a different live principal into accepted observations (401.5574ms)
✔ changed scoped content produces a new receipt while retaining stable finding dedupe (877.5884ms)
✔ resolved findings are recorded without claiming a remote correction (778.6042ms)
✔ stale input fails and preserves a failed attempt, never reusing previous success (888.5884ms)
✔ future input fails and preserves a failed attempt, never reusing previous success (892.3523ms)
✔ incomplete input fails and preserves a failed attempt, never reusing previous success (899.5948ms)
✔ source drift fails and preserves a failed attempt, never reusing previous success (969.1329ms)
✔ changing the caller source pin cannot migrate an existing directory (833.089ms)
✔ pause prevents input use, resume retains dedupe, and stop cannot resume (4140.1899ms)
✔ concurrent cycles have one winner and never create duplicate accepted receipts (683.2908ms)
✔ retained locks fail closed without PID reuse or timeout-based recovery (28.7463ms)
✔ incomplete intent and rollback to an older checkpoint refuse replay (1056.6616ms)
✔ tampered referenced artifacts are rejected and preserved (552.7625ms)
✔ output-directory redirection refuses writes through a symlink or junction (16.178ms)
✔ an unexpected output file is retained, not overwritten or removed (29.3327ms)
✔ status rejects unexpected files in initialized state before accepting its control projection (472.0706ms)
✔ missing, traversal-style and incomplete control requests do not create authority (6.4632ms)
✔ live source claims retain the existing collector identity and zero-write metadata (470.9731ms)
✔ finite convenience API has explicit bounds and performs no scheduling (1596.6267ms)
✔ state and artifact redirection are not followed on read (411.2313ms)
✔ alter of earlier history is detected after a newer successful cycle (1122.2756ms)
✔ delete of earlier history is detected after a newer successful cycle (1100.5377ms)
✔ changed implementation pins fail before a new intent is written (622.9009ms)
✔ a directory replaced while a caller holds its lock cannot redirect any artifact write (571.9502ms)
✔ actual corpus activation and retirement change only separately bound advisory output (1937.6163ms)
✔ expiry invalidates cached advisory annotations even without corpus byte changes (922.5368ms)
✔ mixed retained controls and new cycles enforce one transition bound with a reserved terminal stop (89393.5681ms)
✔ accepted snapshots with omitted optional metadata produce parseable JSON artifacts and replay (626.2762ms)
✔ optional auditor metadata works through the real feedback evidence and recurring consumer bridge (786.7637ms)
✔ policy has the ten requested workstreams and never assigns people (5.7019ms)
✔ classification supports Multiplayer (10.2778ms)
✔ classification supports UX/UI (3.676ms)
✔ classification supports Multi-system execution (2.9278ms)
✔ classification supports Janitor (2.2981ms)
✔ classification supports Dynamic agent teams (1.7624ms)
✔ classification supports DevOps/PR review/branch protection (3.2641ms)
✔ classification supports Security (1.9037ms)
✔ classification supports Agent communication layer (4.5701ms)
✔ classification supports Dark factory automation (2.2836ms)
✔ classification supports Backend scalability / pub-sub (1.927ms)
✔ classification preserves labels and assignees (23.1506ms)
✔ UX alias means UX/UI (23.667ms)
✔ an unassigned issue is not a violation (10.0674ms)
✔ full fixture audit has zero mutations and catches closing-link conflict (10.645ms)
✔ non-closing prose overrides no native link, not unrelated partial references (5.5451ms)
✔ explicit do-not-close linked issue is flagged (4.9666ms)
✔ closed unmerged PR does not close an open issue (9.0186ms)
✔ reopened issue remains open after a historical merged PR (3.9266ms)
✔ no automatic close for several partial PRs (5.9717ms)
✔ only explicit dependency section is interpreted (0.2644ms)
✔ code fences and quoted references are not dependency authority (0.2615ms)
✔ native/text dependency disagreement is flagged (6.5056ms)
✔ matching dependencies do not produce a mismatch (7.7995ms)
✔ dependency cycles are bounded and reported once (7.1925ms)
✔ parent hierarchy mismatch and cycle are detected (6.7141ms)
✔ outside-scope dependency is not fetched or treated as complete (5.4665ms)
✔ missing local dependency is unverified, not closed (5.7ms)
✔ open issue marked Done is flagged without changing the board (6.0739ms)
✔ unknown workstream is a review hint, not a rename (4.3786ms)
✔ locked default branch is flagged, without bypass (6.8682ms)
✔ stale PR source head is reported (4.1715ms)
✔ current independent review is accepted as evidence (6.933ms)
✔ author approval is not current independent human approval (6.029ms)
✔ bot approval is not current independent human approval (4.9237ms)
✔ old-head approval is not current independent human approval (5.0163ms)
✔ later comment does not erase a valid prior approval (7.0654ms)
✔ failed checks and requested changes are surfaced (6.8277ms)
✔ missing checks are not a success (6.2801ms)
✔ stale snapshots are labeled (5.9052ms)
✔ future snapshots fail closed (2.3235ms)
✔ finding IDs are stable across repeated reads (12.6926ms)
✔ reported secrets are redacted and Markdown is escaped (18.4587ms)
✔ refuses: assign #50 to example-user (7.6705ms)
✔ refuses: label #50 multiplayer (7.6602ms)
✔ refuses: close #50 (7.8533ms)
✔ refuses: merge PR #237 (7.6306ms)
✔ refuses: enable auto-merge (8.3706ms)
✔ refuses: delete a branch (6.9306ms)
✔ refuses: approve PR #237 (5.9712ms)
✔ refuses: can you change the rules (9.0127ms)
✔ question answers use recorded evidence and canonical references (7.8571ms)
✔ reverse dependency questions list dependents (6.4429ms)
✔ unknown questions ask for clarification (8.4506ms)
✔ untrusted instruction text grants no tools (8.1027ms)
✔ snapshot rejects wrong repo (3.3091ms)
✔ snapshot rejects wrong project (1.3363ms)
✔ snapshot rejects partial coverage (1.3542ms)
✔ snapshot rejects wrong count (1.3979ms)
✔ snapshot rejects duplicate issue (1.8066ms)
✔ snapshot rejects hostile URL (1.4503ms)
✔ snapshot rejects hidden project item (1.5757ms)
✔ snapshot rejects cross-repo item (1.5989ms)
✔ snapshot rejects duplicate project item (1.6456ms)
✔ snapshot rejects oversized body (1.7241ms)
✔ collector completes two matching passes with no writes (7.4139ms)
✔ collector rejects issue drift between passes (3.9952ms)
✔ collector rejects incomplete nested dependencies (1.6953ms)
✔ collector rejects a changed PR head/check binding (1.7412ms)
✔ collector rejects repeated pagination cursors (1.6839ms)
✔ collector rejects inaccessible connection entries (0.2378ms)
✔ read client verifies Bakar404 and never switches accounts (1.7547ms)
✔ explicit hash-pinned read principal does not change the pilot or read allowlist (31.5724ms)
✔ collector profile rejects changed scope or unsupported fields: repository (12.9564ms)
✔ collector profile rejects changed scope or unsupported fields: project_id (25.6376ms)
✔ collector profile rejects changed scope or unsupported fields: project_number (13.3197ms)
✔ collector profile rejects changed scope or unsupported fields: token (30.0637ms)
✔ collector profile rejects changed scope or unsupported fields: url (12.038ms)
✔ collector profile rejects changed scope or unsupported fields: collector_login (11.7906ms)
✔ collector profile rejects wrong hashes, changed bytes and duplicate keys (49.8061ms)
✔ profiled collection records the actual principal and rejects identity or profile drift (47.3796ms)
✔ read client exposes no arbitrary query or write operation (2.8652ms)
✔ GraphQL cursor remains data, not executable query text (1.8551ms)
✔ GraphQL errors do not become accepted partial data (1.5499ms)
✔ GraphQL reserve prevents further reads (1.3331ms)
✔ collection has an elapsed-time bound (1.1392ms)
✔ dry run uses neither network nor output files (1.4644ms)
✔ CLI rejects apply (1.4319ms)
✔ CLI rejects audit --fixture --live (0.1716ms)
✔ CLI rejects audit --fixture --out ../escape.json (0.2305ms)
✔ CLI rejects audit --dry-run --out file.json (0.1227ms)
✔ CLI rejects audit --fixture --assign example-user (0.1141ms)
✔ CLI rejects ask --fixture (0.1079ms)
✔ actual CLI dry run works from another directory and has no network intent (228.3768ms)
✔ test chat prepares an evidence-based reply without sending it (10.3677ms)
✔ test chat rejects wrong tenant (0.5202ms)
✔ test chat rejects wrong group (0.2242ms)
✔ test chat rejects personal chat (0.2167ms)
✔ test chat rejects other channel (0.257ms)
✔ test chat ignores messages without a mention (0.2259ms)
✔ test chat ignores its own messages (0.2052ms)
✔ test chat refuses mutation requests (7.9036ms)
✔ no production mode or implicit binding (0.5238ms)
ℹ tests 227
ℹ suites 0
ℹ pass 227
ℹ fail 0
ℹ cancelled 0
ℹ skipped 0
ℹ todo 0
ℹ duration_ms 123419.4699
