✔ scope requires every explicit identity and repository and freezes the view generation (2.5067ms)
✔ the exact scope object, not equal IDs or a prior A -> B -> A view, selects the load (0.4885ms)
✔ one encoded GET is uncached, abortable and body/header/credential free (8.5436ms)
✔ published DTO retains only bound result metadata and leaves raw input untouched (1.6465ms)
✔ only explicit null publication in a correctly scoped response is known absence (2.4577ms)
✔ item and publication scope mismatches never expose links or known absence (6.7498ms)
✔ publication source issue matches the work item without equating authorizer, revisions or checkpoint generations (1.091ms)
✔ publication and artifact identity tuples plus full digests must all match (2.8805ms)
✔ missing, duplicate and unrelated-first deliverables cannot substitute a result (1.7283ms)
✔ native provenance identity, source/target branches and digests are checked without retaining authority (3.3866ms)
✔ raw GitHub PR URLs allow native slash suffixes but retain exact repository and number checks (3.8151ms)
✔ owner/repository display case is preserved while full hex values compare by bytes (0.608ms)
✔ PR state, exact head, owner, recorded metadata and phase cannot contradict each other (2.8554ms)
✔ download metadata rejects controls, external/native paths, malformed hashes and invalid sizes (9.5603ms)
✔ pending, PR-created, published and failed publication are distinct without claiming a live app (2.5489ms)
✔ only a different valid pinned run is a mismatch; same-run contradictions stay unavailable (0.8339ms)
✔ loading, denied and stale contexts cannot become a result or known absence (2.431ms)
✔ denials, missing endpoints and sync/async transport failures stay unavailable without raw errors (1.1172ms)
✔ timeout aborts and suppresses late successes and failures without retries (0.7225ms)
✔ queued timeout callbacks cannot overwrite a settled success, absence or denial (0.6363ms)
✔ cancellation before start issues no GET; in-flight cancellation publishes no late data (0.5424ms)
✔ new same-ID generation remains unavailable after denial despite a prior response completing later (0.5174ms)
✔ legacy result reads cannot enable revision mutations; partial history shapes fail closed (1.0194ms)
✔ pending revision preserves the selected original and shows an explicitly unadopted export (2.1784ms)
✔ adopted correction awaits publication while the original remains independently viewable (0.9491ms)
✔ superseding publication has one bound chain and never replaces a pinned historical result (1.3134ms)
✔ correction history validates the exact source and adopted tuples across every identity (2.8196ms)
✔ duplicate, disconnected, cyclic or unbound publication history is unavailable (4.1262ms)
✔ pending exports are not arbitrarily selected and abandoned corrections retain history (0.7895ms)
✔ superseding publication binds every predecessor pull-request field (2.4791ms)
✔ findings reject credential-bearing links, traversal and invalid types without retaining raw errors (3.2478ms)
✔ commands bind current actor, exact publication, source revision and Factory version (8.8294ms)
✔ finding validation rejects unbounded, malformed and credential-bearing inputs (0.7905ms)
✔ mutation confirmation binds every source identity and authenticated decision (4.2877ms)
✔ an initial unfinished publication never appears as published or enables correction (6.0244ms)
✔ an unfinished successor retains the previous published head and adopted correction history (6.2101ms)
✔ authorization is explicit and double submit before rerender sends one bounded request (5.9429ms)
✔ unconfirmed transport or malformed responses retain the App key for an unchanged retry (14.7379ms)
✔ timeout completes even when transport ignores abort and its late response cannot clear a retry (13.9496ms)
✔ A to B to A navigation cannot revive old callbacks or clear a newer operation (16.7831ms)
✔ role, API, server, scope generation and unmount retire pending correction requests (35.3014ms)
✔ missing durable browser storage prevents a decision request (6.9453ms)
✔ adoption and abandonment use exact correction identities, saved source revision and a reason (14.6116ms)
✔ settlement cannot infer acceptance from multiple exports or an absent reason (9.044ms)
✔ history navigates and downloads the exact correction run without snapshot membership (3.1753ms)
✔ read-only and adopted views expose evidence while withholding decision forms (5.0821ms)
✔ removing a finding preserves the remaining input and moves focus to its actual label target (12.672ms)
ℹ tests 47
ℹ suites 0
ℹ pass 47
ℹ fail 0
ℹ cancelled 0
ℹ skipped 0
ℹ todo 0
ℹ duration_ms 1379.0015
