Scope: all 2 workspace projects
✓ Lockfile passes supply-chain policies (verified 55m ago)
.../ecorp-token-ceiling-yQP5bZ/source    | Progress: resolved 1, reused 0, downloaded 0, added 0
.../ecorp-token-ceiling-yQP5bZ/source    |  +31 +++
.../ecorp-token-ceiling-yQP5bZ/source    | Progress: resolved 31, reused 31, downloaded 0, added 23
.../ecorp-token-ceiling-yQP5bZ/source    | Progress: resolved 31, reused 31, downloaded 0, added 30
.../ecorp-token-ceiling-yQP5bZ/source    | Progress: resolved 31, reused 31, downloaded 0, added 31, done
Done in 3.7s using pnpm v11.19.0
vite v8.3.0 building client environment for production...
transforming...
✓ 65 modules transformed.
rendering chunks...
computing gzip size...
dist/index.html                                  0.66 kB │ gzip:   0.38 kB
dist/assets/PressStart2P-Regular-2BZhbCiP.ttf  118.20 kB
dist/assets/VT323-Regular-DICElq-Y.ttf         153.11 kB
dist/assets/index-Dso8Gd_k.css                 242.80 kB │ gzip:  43.66 kB
dist/assets/index-DMf6DeWu.js                  493.68 kB │ gzip: 145.09 kB

✓ built in 609ms
$ pnpm --dir apps/web build
$ tsc -b && vite build
