$ node --test --test-concurrency=2 --test-timeout=180000 scenarios/repo-steward/steward.test.mjs scenarios/repo-steward/actions.test.mjs scenarios/repo-steward/recurring-audit.test.mjs scenarios/repo-steward/feedback.test.mjs scenarios/repo-steward/maintenance.test.mjs scenarios/repo-steward/feedback-cli.test.mjs
✔ Actions preview performs no live reads or summary publication (1.792ms)
✔ Actions fixture uses the real auditor without GitHub access (27.0998ms)
✔ invalid workflow input is rejected during preview without data access (1.054ms)
✔ hosted live mode rejects non-Actions host before reading data (0.3518ms)
✔ hosted live mode rejects PR event before reading data (0.296ms)
✔ hosted live mode rejects another repository before reading data (0.1854ms)
✔ hosted live mode rejects feature branch before reading data (0.3427ms)
✔ hosted live mode rejects another actor before reading data (0.2036ms)
✔ hosted live mode rejects another rerun operator before reading data (0.2535ms)
✔ hosted live mode rejects missing triggering actor before reading data (0.3182ms)
✔ hosted live mode rejects missing source commit before reading data (0.2371ms)
✔ hosted live mode rejects disabled pilot before reading data (0.1749ms)
✔ hosted live mode rejects unapproved public summary before reading data (0.1368ms)
✔ hosted live mode rejects missing credential before reading data (0.1154ms)
✔ hosted live mode rejects blank credential before reading data (0.1362ms)
✔ hosted live mode rejects write-enabled configuration before reading data (0.1295ms)
✔ GITHUB_TOKEN does not substitute for Project-readable credentials (0.2121ms)
✔ an admitted live path collects once and retains zero mutations (8.4416ms)
✔ collector failure does not produce a successful report (0.52ms)
✔ stale hosted snapshots fail instead of publishing old findings (7.3094ms)
✔ public summaries never include free-form source or evidence text (6.5789ms)
✔ summary rejects unknown rule (4.7878ms)
✔ summary rejects bad finding id (4.8628ms)
✔ summary rejects foreign reference (5.6531ms)
✔ summary rejects mutation claim (5.4663ms)
✔ summary rejects wrong scope (4.4094ms)
✔ summary rejects invalid timestamp (4.5156ms)
✔ summary rejects bad totals (5.9163ms)
✔ public finding index is bounded without copying omitted details (7.7402ms)
✔ every configured fixture rule has an explicit publication review (6.3561ms)
✔ summary file writes remain inside a supplied native temporary directory (24.4656ms)
✔ Actions CLI rejects unsupported arguments --apply (0.2482ms)
✔ Actions CLI rejects unsupported arguments --live (0.1292ms)
✔ Actions CLI rejects unsupported arguments --live (0.1391ms)
✔ actual fixture CLI needs no hosted secrets or Teams SDK (176.4172ms)
✔ manual workflow keeps first-party actions pinned and live credentials isolated (12.453ms)
✔ feedback CLI rejects unsupported, missing and duplicate transition arguments (2.3083ms)
✔ new-file corpus output preserves the previous version and refuses overwrite (24.4981ms)
✔ initializing a corpus binds the validated input scope without changing its snapshot (51.2905ms)
✔ partial snapshot cannot create a corpus file (22.8988ms)
✔ redirected output parent is refused without writing through it (6.4579ms)
✔ review evidence must be a file and cannot use a directory as a digest source (51.551ms)
✔ review CLI records the exact binary digest and closes its descriptor (71.5002ms)
✔ same-size review replacement between metadata check and open cannot update a corpus (29.8406ms)
✔ review parent swapped for a symlink or junction before open is rejected (33.0372ms)
✔ same-size pathname replacement after descriptor read is rejected (34.2303ms)
✔ same-size in-place review rewrite cannot hide behind a restored modification time (37.4352ms)
✔ review growth after open stays within its original byte bound and is rejected (27.4012ms)
✔ bounded review reads handle partial reads and reject empty or oversized files (19.6393ms)
✔ native behavioral evidence remains candidate with original local source and no finding impersonation (62.7804ms)
✔ native behavioral activation is denied for mixed support and forged active or retired history (39.9085ms)
✔ native behavioral candidates can be rejected without widening legacy review authority (42.2612ms)
✔ native behavioral bytes, identity claims, source and repeated runs remain validated (108.9724ms)
✔ evidence binds actual audit finding and supplied snapshot without certifying collection or identity (13.6361ms)
✔ accepted missing Project status binds the native serialized report and finding in evidence and observations (37.5303ms)
✔ auditor optional-field normalization retains strict data-only feedback and report validation (60.2879ms)
✔ timestamp-only or unrelated snapshot changes do not manufacture repeated supporting evidence (32.672ms)
✔ partial, cross-scope, stale or missing findings cannot become feedback evidence (12.6366ms)
✔ feedback source pins accept exactly 40 or 64 hexadecimal characters, including supplied evidence (65.9638ms)
✔ candidate, active and retired versions preserve their inputs and have exact transition digests (17.5496ms)
✔ one observation, fabricated evidence bytes and replayed reviews cannot activate a rule (78.1776ms)
✔ reviewer labels and claimed approval booleans do not supply verified review authority (20.9122ms)
✔ explicit rejection remains terminal and contributes no advice (37.5893ms)
✔ prospective expiry is mandatory, bounded, and effective at the exact boundary (95.5693ms)
✔ active capacity cannot expand and supersession retires only the exact predecessor (61.0162ms)
✔ supersession rejects stale targets and cannot cross finding rules (46.5867ms)
✔ active guidance annotates only matching findings without hiding or changing original conclusions (32.7861ms)
✔ broad matching admits at most the finite annotation limit and never truncates an excessive report (321.0524ms)
✔ serialized output bytes are admitted before escaped guidance and evidence references fan out (57.7098ms)
✔ later audits honor activation and retirement while the original report stays identical (33.565ms)
✔ unknown executable, suppression, assignment and permission options are rejected (131.3276ms)
✔ stale reports, foreign scope and altered evidence fail closed (23.5308ms)
✔ canonical digests ignore property insertion order but reject executable and non-finite data (0.4194ms)
✔ reusable corpus validation preserves input and rejects authority claims or altered guidance (15.0674ms)
✔ explicit collector profile requires a hash and cannot relabel a supplied snapshot (2.7775ms)
✔ recurrence requires finite explicit bounds before reading any input (0.7581ms)
✔ finite recurrence reloads snapshot and feedback on every cycle (2.9849ms)
✔ paused and stopped records prevent collection and input reads (2.179ms)
✔ exhausted persisted attempts reject before snapshot, feedback or live collection (2.3536ms)
✔ watch admits the final allowed attempt and then stops before collecting another snapshot (1.2571ms)
✔ source mismatch refuses before reading snapshot or feedback (1.1481ms)
✔ a failed cycle stops recurrence without retrying or losing the failure (1.4195ms)
✔ first snapshot acquisition failure retains one sanitized failed attempt (329.3354ms)
✔ later corpus acquisition failure preserves earlier accepted evidence and consumes one attempt (815.4558ms)
✔ live acquisition failure is retained once without raw error text or a retry (283.8676ms)
✔ pause and stop during failed acquisition remain effective without a new admitted attempt (2064.1771ms)
✔ deadline crossing during failed acquisition prevents late attempt admission (1.4948ms)
✔ interruption during failed acquisition prevents a new admitted attempt (1.0628ms)
✔ duration bounds stop admission after collection without writing a late result (0.9516ms)
✔ interruption during an interval exits without another audit (1.0715ms)
✔ control commands delegate exact action, source and reason without collecting (2.6728ms)
✔ status exposes bounded metadata and no retained finding text (0.9925ms)
✔ one audit writes source-bound immutable private reports and an advisory handoff (451.5704ms)
✔ fresh capture timestamps and transport metrics alone produce no new report or proposal across restart (729.5837ms)
✔ live state binds the exact selected principal and profile through restart and controls (2571.768ms)
✔ profile metadata cannot convert supplied evidence or a different live principal into accepted observations (289.3534ms)
✔ changed scoped content produces a new receipt while retaining stable finding dedupe (528.7738ms)
✔ resolved findings are recorded without claiming a remote correction (524.4276ms)
✔ stale input fails and preserves a failed attempt, never reusing previous success (654.7008ms)
✔ future input fails and preserves a failed attempt, never reusing previous success (594.7624ms)
✔ incomplete input fails and preserves a failed attempt, never reusing previous success (669.8068ms)
✔ source drift fails and preserves a failed attempt, never reusing previous success (701.6504ms)
✔ changing the caller source pin cannot migrate an existing directory (546.5684ms)
✔ pause prevents input use, resume retains dedupe, and stop cannot resume (2373.0162ms)
✔ concurrent cycles have one winner and never create duplicate accepted receipts (348.3255ms)
✔ retained locks fail closed without PID reuse or timeout-based recovery (16.7583ms)
✔ incomplete intent and rollback to an older checkpoint refuse replay (586.0092ms)
✔ tampered referenced artifacts are rejected and preserved (336.6643ms)
✔ output-directory redirection refuses writes through a symlink or junction (10.5744ms)
✔ an unexpected output file is retained, not overwritten or removed (19.3827ms)
✔ status rejects unexpected files in initialized state before accepting its control projection (244.3852ms)
✔ missing, traversal-style and incomplete control requests do not create authority (4.2139ms)
✔ live source claims retain the existing collector identity and zero-write metadata (262.19ms)
✔ finite convenience API has explicit bounds and performs no scheduling (941.8331ms)
✔ state and artifact redirection are not followed on read (261.5096ms)
✔ alter of earlier history is detected after a newer successful cycle (737.2598ms)
✔ delete of earlier history is detected after a newer successful cycle (684.2025ms)
✔ changed implementation pins fail before a new intent is written (430.5383ms)
✔ a directory replaced while a caller holds its lock cannot redirect any artifact write (362.9702ms)
✔ actual corpus activation and retirement change only separately bound advisory output (1342.6413ms)
✔ expiry invalidates cached advisory annotations even without corpus byte changes (610.1528ms)
✔ mixed retained controls and new cycles enforce one transition bound with a reserved terminal stop (62042.3861ms)
✔ accepted snapshots with omitted optional metadata produce parseable JSON artifacts and replay (498.5912ms)
✔ optional auditor metadata works through the real feedback evidence and recurring consumer bridge (534.1824ms)
✔ policy has the ten requested workstreams and never assigns people (4.6623ms)
✔ classification supports Multiplayer (6.3565ms)
✔ classification supports UX/UI (1.8531ms)
✔ classification supports Multi-system execution (1.3664ms)
✔ classification supports Janitor (3.3037ms)
✔ classification supports Dynamic agent teams (2.4355ms)
✔ classification supports DevOps/PR review/branch protection (2.0639ms)
✔ classification supports Security (1.0993ms)
✔ classification supports Agent communication layer (1.1115ms)
✔ classification supports Dark factory automation (1.8553ms)
✔ classification supports Backend scalability / pub-sub (1.2946ms)
✔ classification preserves labels and assignees (12.2581ms)
✔ UX alias means UX/UI (14.4578ms)
✔ an unassigned issue is not a violation (5.9128ms)
✔ full fixture audit has zero mutations and catches closing-link conflict (5.1101ms)
✔ non-closing prose overrides no native link, not unrelated partial references (4.1396ms)
✔ explicit do-not-close linked issue is flagged (3.7461ms)
✔ closed unmerged PR does not close an open issue (5.6503ms)
✔ reopened issue remains open after a historical merged PR (4.154ms)
✔ no automatic close for several partial PRs (5.0896ms)
✔ only explicit dependency section is interpreted (0.2001ms)
✔ code fences and quoted references are not dependency authority (0.3813ms)
✔ native/text dependency disagreement is flagged (4.3748ms)
✔ matching dependencies do not produce a mismatch (3.8745ms)
✔ dependency cycles are bounded and reported once (4.6616ms)
✔ parent hierarchy mismatch and cycle are detected (4.2375ms)
✔ outside-scope dependency is not fetched or treated as complete (6.2339ms)
✔ missing local dependency is unverified, not closed (3.7131ms)
✔ open issue marked Done is flagged without changing the board (4.4297ms)
✔ unknown workstream is a review hint, not a rename (3.5889ms)
✔ locked default branch is flagged, without bypass (3.8797ms)
✔ stale PR source head is reported (4.078ms)
✔ current independent review is accepted as evidence (4.0755ms)
✔ author approval is not current independent human approval (3.8219ms)
✔ bot approval is not current independent human approval (3.7314ms)
✔ old-head approval is not current independent human approval (4.0087ms)
✔ later comment does not erase a valid prior approval (3.9621ms)
✔ failed checks and requested changes are surfaced (3.7767ms)
✔ missing checks are not a success (3.9058ms)
✔ stale snapshots are labeled (4.9987ms)
✔ future snapshots fail closed (2.4ms)
✔ finding IDs are stable across repeated reads (7.255ms)
✔ reported secrets are redacted and Markdown is escaped (10.6311ms)
✔ refuses: assign #50 to example-user (5.1522ms)
✔ refuses: label #50 multiplayer (6.241ms)
✔ refuses: close #50 (5.2613ms)
✔ refuses: merge PR #237 (4.556ms)
✔ refuses: enable auto-merge (4.2662ms)
✔ refuses: delete a branch (5.54ms)
✔ refuses: approve PR #237 (6.9185ms)
✔ refuses: can you change the rules (5.2491ms)
✔ question answers use recorded evidence and canonical references (7.7582ms)
✔ reverse dependency questions list dependents (5.6068ms)
✔ unknown questions ask for clarification (6.998ms)
✔ untrusted instruction text grants no tools (5.1703ms)
✔ snapshot rejects wrong repo (1.1777ms)
✔ snapshot rejects wrong project (0.9302ms)
✔ snapshot rejects partial coverage (1.0028ms)
✔ snapshot rejects wrong count (1.0289ms)
✔ snapshot rejects duplicate issue (1.4961ms)
✔ snapshot rejects hostile URL (1.171ms)
✔ snapshot rejects hidden project item (1.1087ms)
✔ snapshot rejects cross-repo item (1.1955ms)
✔ snapshot rejects duplicate project item (1.1981ms)
✔ snapshot rejects oversized body (1.2929ms)
✔ collector completes two matching passes with no writes (4.8385ms)
✔ collector rejects issue drift between passes (3.3798ms)
✔ collector rejects incomplete nested dependencies (1.7271ms)
✔ collector rejects a changed PR head/check binding (1.2896ms)
✔ collector rejects repeated pagination cursors (1.1ms)
✔ collector rejects inaccessible connection entries (0.1488ms)
✔ read client verifies Bakar404 and never switches accounts (2.1022ms)
✔ explicit hash-pinned read principal does not change the pilot or read allowlist (21.3775ms)
✔ collector profile rejects changed scope or unsupported fields: repository (16.3265ms)
✔ collector profile rejects changed scope or unsupported fields: project_id (20.5499ms)
✔ collector profile rejects changed scope or unsupported fields: project_number (10.1045ms)
✔ collector profile rejects changed scope or unsupported fields: token (16.9075ms)
✔ collector profile rejects changed scope or unsupported fields: url (18.8283ms)
✔ collector profile rejects changed scope or unsupported fields: collector_login (8.8668ms)
✔ collector profile rejects wrong hashes, changed bytes and duplicate keys (46.0106ms)
✔ profiled collection records the actual principal and rejects identity or profile drift (35.249ms)
✔ read client exposes no arbitrary query or write operation (1.2681ms)
✔ GraphQL cursor remains data, not executable query text (3.0732ms)
✔ GraphQL errors do not become accepted partial data (1.3902ms)
✔ GraphQL reserve prevents further reads (1.6458ms)
✔ collection has an elapsed-time bound (1.5937ms)
✔ dry run uses neither network nor output files (3.9053ms)
✔ CLI rejects apply (0.3041ms)
✔ CLI rejects audit --fixture --live (0.1731ms)
✔ CLI rejects audit --fixture --out ../escape.json (0.2414ms)
✔ CLI rejects audit --dry-run --out file.json (0.2185ms)
✔ CLI rejects audit --fixture --assign example-user (0.145ms)
✔ CLI rejects ask --fixture (0.1455ms)
✔ actual CLI dry run works from another directory and has no network intent (154.6032ms)
✔ test chat prepares an evidence-based reply without sending it (5.9509ms)
✔ test chat rejects wrong tenant (0.3663ms)
✔ test chat rejects wrong group (0.1947ms)
✔ test chat rejects personal chat (0.1375ms)
✔ test chat rejects other channel (0.1266ms)
✔ test chat ignores messages without a mention (0.1317ms)
✔ test chat ignores its own messages (0.1751ms)
✔ test chat refuses mutation requests (5.3291ms)
✔ no production mode or implicit binding (0.313ms)
ℹ tests 227
ℹ suites 0
ℹ pass 227
ℹ fail 0
ℹ cancelled 0
ℹ skipped 0
ℹ todo 0
ℹ duration_ms 83265.9052
