$ node --test --test-concurrency=2 --test-timeout=180000 scenarios/repo-steward/steward.test.mjs scenarios/repo-steward/actions.test.mjs scenarios/repo-steward/recurring-audit.test.mjs scenarios/repo-steward/feedback.test.mjs scenarios/repo-steward/maintenance.test.mjs scenarios/repo-steward/feedback-cli.test.mjs
✔ Actions preview performs no live reads or summary publication (1.7323ms)
✔ Actions fixture uses the real auditor without GitHub access (30.2952ms)
✔ invalid workflow input is rejected during preview without data access (0.99ms)
✔ hosted live mode rejects non-Actions host before reading data (0.3575ms)
✔ hosted live mode rejects PR event before reading data (1.1048ms)
✔ hosted live mode rejects another repository before reading data (0.1907ms)
✔ hosted live mode rejects feature branch before reading data (0.2791ms)
✔ hosted live mode rejects another actor before reading data (0.2449ms)
✔ hosted live mode rejects another rerun operator before reading data (0.2795ms)
✔ hosted live mode rejects missing triggering actor before reading data (0.336ms)
✔ hosted live mode rejects missing source commit before reading data (0.2776ms)
✔ hosted live mode rejects disabled pilot before reading data (0.1537ms)
✔ hosted live mode rejects unapproved public summary before reading data (0.1258ms)
✔ hosted live mode rejects missing credential before reading data (0.1152ms)
✔ hosted live mode rejects blank credential before reading data (0.1685ms)
✔ hosted live mode rejects write-enabled configuration before reading data (0.2279ms)
✔ GITHUB_TOKEN does not substitute for Project-readable credentials (0.1926ms)
✔ an admitted live path collects once and retains zero mutations (5.2061ms)
✔ collector failure does not produce a successful report (0.3362ms)
✔ stale hosted snapshots fail instead of publishing old findings (4.8546ms)
✔ public summaries never include free-form source or evidence text (4.6412ms)
✔ summary rejects unknown rule (3.844ms)
✔ summary rejects bad finding id (4.0236ms)
✔ summary rejects foreign reference (3.7225ms)
✔ summary rejects mutation claim (3.9095ms)
✔ summary rejects wrong scope (3.6128ms)
✔ summary rejects invalid timestamp (3.7673ms)
✔ summary rejects bad totals (4.232ms)
✔ public finding index is bounded without copying omitted details (4.7493ms)
✔ every configured fixture rule has an explicit publication review (3.8579ms)
✔ summary file writes remain inside a supplied native temporary directory (14.9459ms)
✔ Actions CLI rejects unsupported arguments --apply (0.2245ms)
✔ Actions CLI rejects unsupported arguments --live (0.0904ms)
✔ Actions CLI rejects unsupported arguments --live (0.082ms)
✔ actual fixture CLI needs no hosted secrets or Teams SDK (168.1051ms)
✔ manual workflow keeps first-party actions pinned and live credentials isolated (10.8981ms)
✔ feedback CLI rejects unsupported, missing and duplicate transition arguments (2.1077ms)
✔ new-file corpus output preserves the previous version and refuses overwrite (23.2299ms)
✔ initializing a corpus binds the validated input scope without changing its snapshot (37.8647ms)
✔ partial snapshot cannot create a corpus file (19.5773ms)
✔ redirected output parent is refused without writing through it (5.442ms)
✔ review evidence must be a file and cannot use a directory as a digest source (39.2493ms)
✔ review CLI records the exact binary digest and closes its descriptor (74.6876ms)
✔ same-size review replacement between metadata check and open cannot update a corpus (26.3866ms)
✔ review parent swapped for a symlink or junction before open is rejected (27.6346ms)
✔ same-size pathname replacement after descriptor read is rejected (40.6372ms)
✔ same-size in-place review rewrite cannot hide behind a restored modification time (26.9319ms)
✔ review growth after open stays within its original byte bound and is rejected (24.351ms)
✔ bounded review reads handle partial reads and reject empty or oversized files (17.4014ms)
✔ native behavioral evidence remains candidate with original local source and no finding impersonation (74.7454ms)
✔ native behavioral activation is denied for mixed support and forged active or retired history (51.8267ms)
✔ native behavioral candidates can be rejected without widening legacy review authority (53.3773ms)
✔ native behavioral bytes, identity claims, source and repeated runs remain validated (141.1584ms)
✔ evidence binds actual audit finding and supplied snapshot without certifying collection or identity (10.0539ms)
✔ accepted missing Project status binds the native serialized report and finding in evidence and observations (38.0631ms)
✔ auditor optional-field normalization retains strict data-only feedback and report validation (59.7087ms)
✔ timestamp-only or unrelated snapshot changes do not manufacture repeated supporting evidence (33.0745ms)
✔ partial, cross-scope, stale or missing findings cannot become feedback evidence (17.5081ms)
✔ feedback source pins accept exactly 40 or 64 hexadecimal characters, including supplied evidence (65.5755ms)
✔ candidate, active and retired versions preserve their inputs and have exact transition digests (16.502ms)
✔ one observation, fabricated evidence bytes and replayed reviews cannot activate a rule (75.961ms)
✔ reviewer labels and claimed approval booleans do not supply verified review authority (24.5184ms)
✔ explicit rejection remains terminal and contributes no advice (35.4812ms)
✔ prospective expiry is mandatory, bounded, and effective at the exact boundary (95.7093ms)
✔ active capacity cannot expand and supersession retires only the exact predecessor (61.1175ms)
✔ supersession rejects stale targets and cannot cross finding rules (39.6992ms)
✔ active guidance annotates only matching findings without hiding or changing original conclusions (20.2105ms)
✔ broad matching admits at most the finite annotation limit and never truncates an excessive report (303.4542ms)
✔ serialized output bytes are admitted before escaped guidance and evidence references fan out (54.0327ms)
✔ later audits honor activation and retirement while the original report stays identical (37.4179ms)
✔ unknown executable, suppression, assignment and permission options are rejected (128.826ms)
✔ stale reports, foreign scope and altered evidence fail closed (24.6263ms)
✔ canonical digests ignore property insertion order but reject executable and non-finite data (0.5143ms)
✔ reusable corpus validation preserves input and rejects authority claims or altered guidance (15.8242ms)
✔ explicit collector profile requires a hash and cannot relabel a supplied snapshot (3.138ms)
✔ recurrence requires finite explicit bounds before reading any input (0.7661ms)
✔ finite recurrence reloads snapshot and feedback on every cycle (2.9218ms)
✔ paused and stopped records prevent collection and input reads (2.724ms)
✔ exhausted persisted attempts reject before snapshot, feedback or live collection (2.8829ms)
✔ watch admits the final allowed attempt and then stops before collecting another snapshot (1.5995ms)
✔ source mismatch refuses before reading snapshot or feedback (1.5667ms)
✔ a failed cycle stops recurrence without retrying or losing the failure (1.9398ms)
✔ first snapshot acquisition failure retains one sanitized failed attempt (354.4441ms)
✔ later corpus acquisition failure preserves earlier accepted evidence and consumes one attempt (734.673ms)
✔ live acquisition failure is retained once without raw error text or a retry (284.1716ms)
✔ pause and stop during failed acquisition remain effective without a new admitted attempt (1884.4813ms)
✔ deadline crossing during failed acquisition prevents late attempt admission (1.301ms)
✔ interruption during failed acquisition prevents a new admitted attempt (1.0724ms)
✔ duration bounds stop admission after collection without writing a late result (0.9339ms)
✔ interruption during an interval exits without another audit (1.0788ms)
✔ control commands delegate exact action, source and reason without collecting (2.6347ms)
✔ status exposes bounded metadata and no retained finding text (0.9277ms)
✔ one audit writes source-bound immutable private reports and an advisory handoff (438.1974ms)
✔ fresh capture timestamps and transport metrics alone produce no new report or proposal across restart (655.1141ms)
✔ live state binds the exact selected principal and profile through restart and controls (2346.5014ms)
✔ profile metadata cannot convert supplied evidence or a different live principal into accepted observations (280.8059ms)
✔ changed scoped content produces a new receipt while retaining stable finding dedupe (507.7385ms)
✔ resolved findings are recorded without claiming a remote correction (495.9071ms)
✔ stale input fails and preserves a failed attempt, never reusing previous success (602.9666ms)
✔ future input fails and preserves a failed attempt, never reusing previous success (595.1555ms)
✔ incomplete input fails and preserves a failed attempt, never reusing previous success (657.6566ms)
✔ source drift fails and preserves a failed attempt, never reusing previous success (593.3157ms)
✔ changing the caller source pin cannot migrate an existing directory (472.1323ms)
✔ pause prevents input use, resume retains dedupe, and stop cannot resume (2274.7446ms)
✔ concurrent cycles have one winner and never create duplicate accepted receipts (356.6224ms)
✔ retained locks fail closed without PID reuse or timeout-based recovery (16.7056ms)
✔ incomplete intent and rollback to an older checkpoint refuse replay (555.0222ms)
✔ tampered referenced artifacts are rejected and preserved (326.2154ms)
✔ output-directory redirection refuses writes through a symlink or junction (11.2462ms)
✔ an unexpected output file is retained, not overwritten or removed (18.4171ms)
✔ status rejects unexpected files in initialized state before accepting its control projection (238.0573ms)
✔ missing, traversal-style and incomplete control requests do not create authority (4.2779ms)
✔ live source claims retain the existing collector identity and zero-write metadata (255.3479ms)
✔ finite convenience API has explicit bounds and performs no scheduling (891.2085ms)
✔ state and artifact redirection are not followed on read (239.1011ms)
✔ alter of earlier history is detected after a newer successful cycle (647.559ms)
✔ delete of earlier history is detected after a newer successful cycle (642.7332ms)
✔ changed implementation pins fail before a new intent is written (375.5246ms)
✔ a directory replaced while a caller holds its lock cannot redirect any artifact write (334.2768ms)
✔ actual corpus activation and retirement change only separately bound advisory output (1248.9848ms)
✔ expiry invalidates cached advisory annotations even without corpus byte changes (578.5898ms)
✔ mixed retained controls and new cycles enforce one transition bound with a reserved terminal stop (59517.4483ms)
✔ accepted snapshots with omitted optional metadata produce parseable JSON artifacts and replay (459.3927ms)
✔ optional auditor metadata works through the real feedback evidence and recurring consumer bridge (500.3403ms)
✔ policy has the ten requested workstreams and never assigns people (3.2455ms)
✔ classification supports Multiplayer (5.846ms)
✔ classification supports UX/UI (1.611ms)
✔ classification supports Multi-system execution (1.1179ms)
✔ classification supports Janitor (1.2428ms)
✔ classification supports Dynamic agent teams (1.1573ms)
✔ classification supports DevOps/PR review/branch protection (1.6745ms)
✔ classification supports Security (1.0735ms)
✔ classification supports Agent communication layer (1.303ms)
✔ classification supports Dark factory automation (1.1915ms)
✔ classification supports Backend scalability / pub-sub (1.2037ms)
✔ classification preserves labels and assignees (11.8906ms)
✔ UX alias means UX/UI (13.4982ms)
✔ an unassigned issue is not a violation (4.9063ms)
✔ full fixture audit has zero mutations and catches closing-link conflict (4.6709ms)
✔ non-closing prose overrides no native link, not unrelated partial references (3.7904ms)
✔ explicit do-not-close linked issue is flagged (3.4122ms)
✔ closed unmerged PR does not close an open issue (4.1411ms)
✔ reopened issue remains open after a historical merged PR (3.4094ms)
✔ no automatic close for several partial PRs (4.0045ms)
✔ only explicit dependency section is interpreted (0.1767ms)
✔ code fences and quoted references are not dependency authority (0.2131ms)
✔ native/text dependency disagreement is flagged (3.8114ms)
✔ matching dependencies do not produce a mismatch (4.2981ms)
✔ dependency cycles are bounded and reported once (4.2443ms)
✔ parent hierarchy mismatch and cycle are detected (3.7879ms)
✔ outside-scope dependency is not fetched or treated as complete (3.889ms)
✔ missing local dependency is unverified, not closed (3.8157ms)
✔ open issue marked Done is flagged without changing the board (3.9079ms)
✔ unknown workstream is a review hint, not a rename (3.2197ms)
✔ locked default branch is flagged, without bypass (3.7248ms)
✔ stale PR source head is reported (3.4952ms)
✔ current independent review is accepted as evidence (3.9718ms)
✔ author approval is not current independent human approval (4.0543ms)
✔ bot approval is not current independent human approval (3.2929ms)
✔ old-head approval is not current independent human approval (3.5579ms)
✔ later comment does not erase a valid prior approval (3.7582ms)
✔ failed checks and requested changes are surfaced (3.712ms)
✔ missing checks are not a success (3.5846ms)
✔ stale snapshots are labeled (3.4245ms)
✔ future snapshots fail closed (1.7371ms)
✔ finding IDs are stable across repeated reads (7.1759ms)
✔ reported secrets are redacted and Markdown is escaped (11.4432ms)
✔ refuses: assign #50 to example-user (5.0221ms)
✔ refuses: label #50 multiplayer (4.5291ms)
✔ refuses: close #50 (4.1665ms)
✔ refuses: merge PR #237 (4.8932ms)
✔ refuses: enable auto-merge (4.6102ms)
✔ refuses: delete a branch (4.3699ms)
✔ refuses: approve PR #237 (4.0485ms)
✔ refuses: can you change the rules (4.4547ms)
✔ question answers use recorded evidence and canonical references (4.7296ms)
✔ reverse dependency questions list dependents (4.1331ms)
✔ unknown questions ask for clarification (4.5731ms)
✔ untrusted instruction text grants no tools (4.724ms)
✔ snapshot rejects wrong repo (1.2904ms)
✔ snapshot rejects wrong project (0.9175ms)
✔ snapshot rejects partial coverage (1.0462ms)
✔ snapshot rejects wrong count (0.9476ms)
✔ snapshot rejects duplicate issue (1.1151ms)
✔ snapshot rejects hostile URL (1.0168ms)
✔ snapshot rejects hidden project item (1.3568ms)
✔ snapshot rejects cross-repo item (1.2937ms)
✔ snapshot rejects duplicate project item (1.532ms)
✔ snapshot rejects oversized body (1.3143ms)
✔ collector completes two matching passes with no writes (4.5151ms)
✔ collector rejects issue drift between passes (2.5226ms)
✔ collector rejects incomplete nested dependencies (1.1378ms)
✔ collector rejects a changed PR head/check binding (1.2628ms)
✔ collector rejects repeated pagination cursors (1.2226ms)
✔ collector rejects inaccessible connection entries (0.1496ms)
✔ read client verifies Bakar404 and never switches accounts (1.2408ms)
✔ explicit hash-pinned read principal does not change the pilot or read allowlist (25.2314ms)
✔ collector profile rejects changed scope or unsupported fields: repository (16.6981ms)
✔ collector profile rejects changed scope or unsupported fields: project_id (17.0509ms)
✔ collector profile rejects changed scope or unsupported fields: project_number (16.3962ms)
✔ collector profile rejects changed scope or unsupported fields: token (16.9754ms)
✔ collector profile rejects changed scope or unsupported fields: url (22.3136ms)
✔ collector profile rejects changed scope or unsupported fields: collector_login (18.1617ms)
✔ collector profile rejects wrong hashes, changed bytes and duplicate keys (44.1971ms)
✔ profiled collection records the actual principal and rejects identity or profile drift (31.7362ms)
✔ read client exposes no arbitrary query or write operation (2.2975ms)
✔ GraphQL cursor remains data, not executable query text (1.2284ms)
✔ GraphQL errors do not become accepted partial data (1.0669ms)
✔ GraphQL reserve prevents further reads (1.0402ms)
✔ collection has an elapsed-time bound (1.0516ms)
✔ dry run uses neither network nor output files (1.4541ms)
✔ CLI rejects apply (0.1388ms)
✔ CLI rejects audit --fixture --live (0.0995ms)
✔ CLI rejects audit --fixture --out ../escape.json (0.1421ms)
✔ CLI rejects audit --dry-run --out file.json (0.0892ms)
✔ CLI rejects audit --fixture --assign example-user (0.1293ms)
✔ CLI rejects ask --fixture (0.0805ms)
✔ actual CLI dry run works from another directory and has no network intent (148.9084ms)
✔ test chat prepares an evidence-based reply without sending it (5.6287ms)
✔ test chat rejects wrong tenant (0.293ms)
✔ test chat rejects wrong group (0.1429ms)
✔ test chat rejects personal chat (0.1312ms)
✔ test chat rejects other channel (0.1598ms)
✔ test chat ignores messages without a mention (0.1438ms)
✔ test chat ignores its own messages (0.1264ms)
✔ test chat refuses mutation requests (4.1391ms)
✔ no production mode or implicit binding (0.254ms)
ℹ tests 227
ℹ suites 0
ℹ pass 227
ℹ fail 0
ℹ cancelled 0
ℹ skipped 0
ℹ todo 0
ℹ duration_ms 79456.3356
