$ node --test --test-concurrency=2 --test-timeout=180000 scenarios/repo-steward/steward.test.mjs scenarios/repo-steward/actions.test.mjs scenarios/repo-steward/recurring-audit.test.mjs scenarios/repo-steward/feedback.test.mjs scenarios/repo-steward/maintenance.test.mjs scenarios/repo-steward/feedback-cli.test.mjs
✔ Actions preview performs no live reads or summary publication (2.7348ms)
✔ Actions fixture uses the real auditor without GitHub access (28.7306ms)
✔ invalid workflow input is rejected during preview without data access (0.9673ms)
✔ hosted live mode rejects non-Actions host before reading data (0.4078ms)
✔ hosted live mode rejects PR event before reading data (0.2627ms)
✔ hosted live mode rejects another repository before reading data (0.2036ms)
✔ hosted live mode rejects feature branch before reading data (0.3351ms)
✔ hosted live mode rejects another actor before reading data (0.2367ms)
✔ hosted live mode rejects another rerun operator before reading data (0.3865ms)
✔ hosted live mode rejects missing triggering actor before reading data (0.4971ms)
✔ hosted live mode rejects missing source commit before reading data (0.3577ms)
✔ hosted live mode rejects disabled pilot before reading data (0.1606ms)
✔ hosted live mode rejects unapproved public summary before reading data (0.1304ms)
✔ hosted live mode rejects missing credential before reading data (0.1262ms)
✔ hosted live mode rejects blank credential before reading data (0.1696ms)
✔ hosted live mode rejects write-enabled configuration before reading data (0.1375ms)
✔ GITHUB_TOKEN does not substitute for Project-readable credentials (0.2262ms)
✔ an admitted live path collects once and retains zero mutations (7.1705ms)
✔ collector failure does not produce a successful report (0.3583ms)
✔ stale hosted snapshots fail instead of publishing old findings (6.0971ms)
✔ public summaries never include free-form source or evidence text (5.4423ms)
✔ summary rejects unknown rule (4.8094ms)
✔ summary rejects bad finding id (6.2874ms)
✔ summary rejects foreign reference (3.9127ms)
✔ summary rejects mutation claim (4.4352ms)
✔ summary rejects wrong scope (4.0023ms)
✔ summary rejects invalid timestamp (4.7779ms)
✔ summary rejects bad totals (5.684ms)
✔ public finding index is bounded without copying omitted details (4.8759ms)
✔ every configured fixture rule has an explicit publication review (4.1811ms)
✔ summary file writes remain inside a supplied native temporary directory (17.313ms)
✔ Actions CLI rejects unsupported arguments --apply (0.3082ms)
✔ Actions CLI rejects unsupported arguments --live (0.1057ms)
✔ Actions CLI rejects unsupported arguments --live (0.1007ms)
✔ actual fixture CLI needs no hosted secrets or Teams SDK (211.6239ms)
✔ manual workflow keeps first-party actions pinned and live credentials isolated (3.7004ms)
✔ feedback CLI rejects unsupported, missing and duplicate transition arguments (2.132ms)
✔ new-file corpus output preserves the previous version and refuses overwrite (22.9523ms)
✔ initializing a corpus binds the validated input scope without changing its snapshot (44.5504ms)
✔ partial snapshot cannot create a corpus file (22.1953ms)
✔ redirected output parent is refused without writing through it (5.2779ms)
✔ review evidence must be a file and cannot use a directory as a digest source (49.3825ms)
✔ review CLI records the exact binary digest and closes its descriptor (74.6634ms)
✔ same-size review replacement between metadata check and open cannot update a corpus (33.7115ms)
✔ review parent swapped for a symlink or junction before open is rejected (39.157ms)
✔ same-size pathname replacement after descriptor read is rejected (34.9791ms)
✔ same-size in-place review rewrite cannot hide behind a restored modification time (36.4842ms)
✔ review growth after open stays within its original byte bound and is rejected (36.2925ms)
✔ bounded review reads handle partial reads and reject empty or oversized files (20.6333ms)
✔ native behavioral evidence remains candidate with original local source and no finding impersonation (76.7546ms)
✔ native behavioral activation is denied for mixed support and forged active or retired history (62.4237ms)
✔ native behavioral candidates can be rejected without widening legacy review authority (55.1535ms)
✔ native behavioral bytes, identity claims, source and repeated runs remain validated (158.6896ms)
✔ evidence binds actual audit finding and supplied snapshot without certifying collection or identity (11.3901ms)
✔ accepted missing Project status binds the native serialized report and finding in evidence and observations (51.2237ms)
✔ auditor optional-field normalization retains strict data-only feedback and report validation (75.7372ms)
✔ timestamp-only or unrelated snapshot changes do not manufacture repeated supporting evidence (38.4318ms)
✔ partial, cross-scope, stale or missing findings cannot become feedback evidence (16.9535ms)
✔ feedback source pins accept exactly 40 or 64 hexadecimal characters, including supplied evidence (90.802ms)
✔ candidate, active and retired versions preserve their inputs and have exact transition digests (17.6095ms)
✔ one observation, fabricated evidence bytes and replayed reviews cannot activate a rule (76.8783ms)
✔ reviewer labels and claimed approval booleans do not supply verified review authority (24.5799ms)
✔ explicit rejection remains terminal and contributes no advice (38.0398ms)
✔ prospective expiry is mandatory, bounded, and effective at the exact boundary (101.067ms)
✔ active capacity cannot expand and supersession retires only the exact predecessor (63.509ms)
✔ supersession rejects stale targets and cannot cross finding rules (49.5349ms)
✔ active guidance annotates only matching findings without hiding or changing original conclusions (24.9889ms)
✔ broad matching admits at most the finite annotation limit and never truncates an excessive report (359.1944ms)
✔ serialized output bytes are admitted before escaped guidance and evidence references fan out (69.9757ms)
✔ later audits honor activation and retirement while the original report stays identical (41.9377ms)
✔ unknown executable, suppression, assignment and permission options are rejected (172.0443ms)
✔ stale reports, foreign scope and altered evidence fail closed (27.2414ms)
✔ canonical digests ignore property insertion order but reject executable and non-finite data (0.399ms)
✔ reusable corpus validation preserves input and rejects authority claims or altered guidance (18.8518ms)
✔ explicit collector profile requires a hash and cannot relabel a supplied snapshot (4.1683ms)
✔ recurrence requires finite explicit bounds before reading any input (1.2943ms)
✔ finite recurrence reloads snapshot and feedback on every cycle (3.2662ms)
✔ paused and stopped records prevent collection and input reads (3.1039ms)
✔ exhausted persisted attempts reject before snapshot, feedback or live collection (3.7679ms)
✔ watch admits the final allowed attempt and then stops before collecting another snapshot (2.1453ms)
✔ source mismatch refuses before reading snapshot or feedback (1.7295ms)
✔ a failed cycle stops recurrence without retrying or losing the failure (1.9287ms)
✔ first snapshot acquisition failure retains one sanitized failed attempt (402.5789ms)
✔ later corpus acquisition failure preserves earlier accepted evidence and consumes one attempt (873.2134ms)
✔ live acquisition failure is retained once without raw error text or a retry (352.3296ms)
✔ pause and stop during failed acquisition remain effective without a new admitted attempt (2108.145ms)
✔ deadline crossing during failed acquisition prevents late attempt admission (1.6728ms)
✔ interruption during failed acquisition prevents a new admitted attempt (1.496ms)
✔ duration bounds stop admission after collection without writing a late result (1.4789ms)
✔ interruption during an interval exits without another audit (1.556ms)
✔ control commands delegate exact action, source and reason without collecting (3.8475ms)
✔ status exposes bounded metadata and no retained finding text (1.154ms)
✔ one audit writes source-bound immutable private reports and an advisory handoff (460.3597ms)
✔ fresh capture timestamps and transport metrics alone produce no new report or proposal across restart (764.0344ms)
✔ live state binds the exact selected principal and profile through restart and controls (2571.0277ms)
✔ profile metadata cannot convert supplied evidence or a different live principal into accepted observations (314.1881ms)
✔ changed scoped content produces a new receipt while retaining stable finding dedupe (643.6672ms)
✔ resolved findings are recorded without claiming a remote correction (552.2306ms)
✔ stale input fails and preserves a failed attempt, never reusing previous success (652.5319ms)
✔ future input fails and preserves a failed attempt, never reusing previous success (777.4015ms)
✔ incomplete input fails and preserves a failed attempt, never reusing previous success (762.3369ms)
✔ source drift fails and preserves a failed attempt, never reusing previous success (742.008ms)
✔ changing the caller source pin cannot migrate an existing directory (538.9689ms)
✔ pause prevents input use, resume retains dedupe, and stop cannot resume (2465.4184ms)
✔ concurrent cycles have one winner and never create duplicate accepted receipts (362.792ms)
✔ retained locks fail closed without PID reuse or timeout-based recovery (18.0319ms)
✔ incomplete intent and rollback to an older checkpoint refuse replay (622.2775ms)
✔ tampered referenced artifacts are rejected and preserved (344.963ms)
✔ output-directory redirection refuses writes through a symlink or junction (10.3062ms)
✔ an unexpected output file is retained, not overwritten or removed (18.4017ms)
✔ status rejects unexpected files in initialized state before accepting its control projection (248.3048ms)
✔ missing, traversal-style and incomplete control requests do not create authority (4.5617ms)
✔ live source claims retain the existing collector identity and zero-write metadata (283.4847ms)
✔ finite convenience API has explicit bounds and performs no scheduling (962.0785ms)
✔ state and artifact redirection are not followed on read (279.9785ms)
✔ alter of earlier history is detected after a newer successful cycle (731.5054ms)
✔ delete of earlier history is detected after a newer successful cycle (701.4097ms)
✔ changed implementation pins fail before a new intent is written (435.5709ms)
✔ a directory replaced while a caller holds its lock cannot redirect any artifact write (339.3842ms)
✔ actual corpus activation and retirement change only separately bound advisory output (1396.047ms)
✔ expiry invalidates cached advisory annotations even without corpus byte changes (595.554ms)
✔ mixed retained controls and new cycles enforce one transition bound with a reserved terminal stop (62512.6906ms)
✔ accepted snapshots with omitted optional metadata produce parseable JSON artifacts and replay (514.7912ms)
✔ optional auditor metadata works through the real feedback evidence and recurring consumer bridge (639.0955ms)
✔ policy has the ten requested workstreams and never assigns people (4.1407ms)
✔ classification supports Multiplayer (6.5833ms)
✔ classification supports UX/UI (2.0557ms)
✔ classification supports Multi-system execution (2.7036ms)
✔ classification supports Janitor (1.9215ms)
✔ classification supports Dynamic agent teams (4.1163ms)
✔ classification supports DevOps/PR review/branch protection (3.3969ms)
✔ classification supports Security (4.4914ms)
✔ classification supports Agent communication layer (1.9292ms)
✔ classification supports Dark factory automation (1.5128ms)
✔ classification supports Backend scalability / pub-sub (3.2327ms)
✔ classification preserves labels and assignees (13.6656ms)
✔ UX alias means UX/UI (17.9309ms)
✔ an unassigned issue is not a violation (8.224ms)
✔ full fixture audit has zero mutations and catches closing-link conflict (5.6231ms)
✔ non-closing prose overrides no native link, not unrelated partial references (4.6449ms)
✔ explicit do-not-close linked issue is flagged (4.1185ms)
✔ closed unmerged PR does not close an open issue (4.7979ms)
✔ reopened issue remains open after a historical merged PR (4.1346ms)
✔ no automatic close for several partial PRs (4.2838ms)
✔ only explicit dependency section is interpreted (0.1767ms)
✔ code fences and quoted references are not dependency authority (0.2605ms)
✔ native/text dependency disagreement is flagged (4.2911ms)
✔ matching dependencies do not produce a mismatch (4.3226ms)
✔ dependency cycles are bounded and reported once (4.725ms)
✔ parent hierarchy mismatch and cycle are detected (4.8714ms)
✔ outside-scope dependency is not fetched or treated as complete (4.2133ms)
✔ missing local dependency is unverified, not closed (3.8386ms)
✔ open issue marked Done is flagged without changing the board (5.5576ms)
✔ unknown workstream is a review hint, not a rename (5.1577ms)
✔ locked default branch is flagged, without bypass (3.9147ms)
✔ stale PR source head is reported (4.1315ms)
✔ current independent review is accepted as evidence (4.5497ms)
✔ author approval is not current independent human approval (3.9641ms)
✔ bot approval is not current independent human approval (3.6427ms)
✔ old-head approval is not current independent human approval (4.3613ms)
✔ later comment does not erase a valid prior approval (4.34ms)
✔ failed checks and requested changes are surfaced (4.1422ms)
✔ missing checks are not a success (4.1335ms)
✔ stale snapshots are labeled (4.5204ms)
✔ future snapshots fail closed (4.6571ms)
✔ finding IDs are stable across repeated reads (7.6299ms)
✔ reported secrets are redacted and Markdown is escaped (15.0012ms)
✔ refuses: assign #50 to example-user (6.9755ms)
✔ refuses: label #50 multiplayer (5.2755ms)
✔ refuses: close #50 (5.3983ms)
✔ refuses: merge PR #237 (4.6301ms)
✔ refuses: enable auto-merge (4.7885ms)
✔ refuses: delete a branch (5.3468ms)
✔ refuses: approve PR #237 (6.4635ms)
✔ refuses: can you change the rules (6.7407ms)
✔ question answers use recorded evidence and canonical references (8.3387ms)
✔ reverse dependency questions list dependents (8.3787ms)
✔ unknown questions ask for clarification (9.7942ms)
✔ untrusted instruction text grants no tools (5.7488ms)
✔ snapshot rejects wrong repo (1.146ms)
✔ snapshot rejects wrong project (1.0087ms)
✔ snapshot rejects partial coverage (1.1243ms)
✔ snapshot rejects wrong count (1.1464ms)
✔ snapshot rejects duplicate issue (1.1795ms)
✔ snapshot rejects hostile URL (1.1178ms)
✔ snapshot rejects hidden project item (1.2494ms)
✔ snapshot rejects cross-repo item (1.2844ms)
✔ snapshot rejects duplicate project item (1.5453ms)
✔ snapshot rejects oversized body (1.4741ms)
✔ collector completes two matching passes with no writes (4.716ms)
✔ collector rejects issue drift between passes (3.2213ms)
✔ collector rejects incomplete nested dependencies (2.1038ms)
✔ collector rejects a changed PR head/check binding (1.3563ms)
✔ collector rejects repeated pagination cursors (1.2853ms)
✔ collector rejects inaccessible connection entries (0.1612ms)
✔ read client verifies Bakar404 and never switches accounts (1.456ms)
✔ explicit hash-pinned read principal does not change the pilot or read allowlist (20.3536ms)
✔ collector profile rejects changed scope or unsupported fields: repository (8.4524ms)
✔ collector profile rejects changed scope or unsupported fields: project_id (16.2902ms)
✔ collector profile rejects changed scope or unsupported fields: project_number (10.7518ms)
✔ collector profile rejects changed scope or unsupported fields: token (18.8169ms)
✔ collector profile rejects changed scope or unsupported fields: url (15.8382ms)
✔ collector profile rejects changed scope or unsupported fields: collector_login (8.5629ms)
✔ collector profile rejects wrong hashes, changed bytes and duplicate keys (43.2012ms)
✔ profiled collection records the actual principal and rejects identity or profile drift (36.2936ms)
✔ read client exposes no arbitrary query or write operation (1.5626ms)
✔ GraphQL cursor remains data, not executable query text (1.5422ms)
✔ GraphQL errors do not become accepted partial data (1.2109ms)
✔ GraphQL reserve prevents further reads (1.2433ms)
✔ collection has an elapsed-time bound (1.1668ms)
✔ dry run uses neither network nor output files (1.4947ms)
✔ CLI rejects apply (0.1466ms)
✔ CLI rejects audit --fixture --live (0.105ms)
✔ CLI rejects audit --fixture --out ../escape.json (0.1419ms)
✔ CLI rejects audit --dry-run --out file.json (0.0928ms)
✔ CLI rejects audit --fixture --assign example-user (0.0786ms)
✔ CLI rejects ask --fixture (0.1036ms)
✔ actual CLI dry run works from another directory and has no network intent (144.9154ms)
✔ test chat prepares an evidence-based reply without sending it (6.4916ms)
✔ test chat rejects wrong tenant (0.3414ms)
✔ test chat rejects wrong group (0.1473ms)
✔ test chat rejects personal chat (0.1856ms)
✔ test chat rejects other channel (0.1328ms)
✔ test chat ignores messages without a mention (0.1327ms)
✔ test chat ignores its own messages (0.1279ms)
✔ test chat refuses mutation requests (5.0504ms)
✔ no production mode or implicit binding (0.2796ms)
ℹ tests 227
ℹ suites 0
ℹ pass 227
ℹ fail 0
ℹ cancelled 0
ℹ skipped 0
ℹ todo 0
ℹ duration_ms 84962.9086
