TAP version 13
# Subtest: Teams preview is disabled without exact configuration and reveals no secret
ok 1 - Teams preview is disabled without exact configuration and reveals no secret
  ---
  duration_ms: 1.6083
  type: 'test'
  ...
# Subtest: Teams environment cannot activate production or repo writes
ok 2 - Teams environment cannot activate production or repo writes
  ---
  duration_ms: 0.8091
  type: 'test'
  ...
# Subtest: Teams rejects missing identities, missing secret, and factory ports
ok 3 - Teams rejects missing identities, missing secret, and factory ports
  ---
  duration_ms: 0.4104
  type: 'test'
  ...
# Subtest: Teams CLI has no secret argument or skip-auth switch
ok 4 - Teams CLI has no secret argument or skip-auth switch
  ---
  duration_ms: 0.3838
  type: 'test'
  ...
# Subtest: native Teams SDK rejects unauthenticated requests on an owned loopback endpoint
ok 5 - native Teams SDK rejects unauthenticated requests on an owned loopback endpoint
  ---
  duration_ms: 15649.1535
  type: 'test'
  ...
# SDK host initialized after 15330ms; no listener yet
# Owned loopback listener started after 15347ms
# Subtest: test binding replies to a mention using recorded findings
ok 6 - test binding replies to a mention using recorded findings
  ---
  duration_ms: 32.8221
  type: 'test'
  ...
# Subtest: duplicate/concurrent activity produces one attempted reply
ok 7 - duplicate/concurrent activity produces one attempted reply
  ---
  duration_ms: 8.7612
  type: 'test'
  ...
# Subtest: uncertain Teams send is not blindly retried
ok 8 - uncertain Teams send is not blindly retried
  ---
  duration_ms: 6.5257
  type: 'test'
  ...
# Subtest: unapproved tenant/group/app/recipient are ignored before snapshot access
ok 9 - unapproved tenant/group/app/recipient are ignored before snapshot access
  ---
  duration_ms: 0.4991
  type: 'test'
  ...
# Subtest: mention-only routing and rate cap limit noise
ok 10 - mention-only routing and rate cap limit noise
  ---
  duration_ms: 12.2499
  type: 'test'
  ...
# Subtest: stale or invalid snapshots do not leak unverified answers
ok 11 - stale or invalid snapshots do not leak unverified answers
  ---
  duration_ms: 1.8486
  type: 'test'
  ...
# Subtest: Teams write requests get a refusal, not an operation
ok 12 - Teams write requests get a refusal, not an operation
  ---
  duration_ms: 7.1287
  type: 'test'
  ...
# Subtest: model tool catalogue has only snapshot reads
ok 13 - model tool catalogue has only snapshot reads
  ---
  duration_ms: 5.9711
  type: 'test'
  ...
# Subtest: fences of another kind cannot create a dependency instruction
ok 14 - fences of another kind cannot create a dependency instruction
  ---
  duration_ms: 0.8842
  type: 'test'
  ...
# Subtest: oversized issue numbers never become canonical reference URLs
ok 15 - oversized issue numbers never become canonical reference URLs
  ---
  duration_ms: 0.1543
  type: 'test'
  ...
# Subtest: snapshot cannot substitute a same-named repository identity or execution grant
ok 16 - snapshot cannot substitute a same-named repository identity or execution grant
  ---
  duration_ms: 1.9996
  type: 'test'
  ...
# Subtest: a configured binding cannot silently move to another chat
ok 17 - a configured binding cannot silently move to another chat
  ---
  duration_ms: 0.1656
  type: 'test'
  ...
# Subtest: SDK startup collision is detected and leaves the existing listener untouched
ok 18 - SDK startup collision is detected and leaves the existing listener untouched
  ---
  duration_ms: 15.7496
  type: 'test'
  ...
1..18
# tests 18
# suites 0
# pass 18
# fail 0
# cancelled 0
# skipped 0
# todo 0
# duration_ms 15916.289
