✔ artifact defaults retain the current wire shape and do not share mutable values (2.3521ms)
✔ file defaults retain the current wire shape and do not share mutable values (0.1571ms)
✔ command defaults retain the current wire shape and do not share mutable values (0.2147ms)
✔ test defaults retain the current wire shape and do not share mutable values (1.2348ms)
✔ json_schema defaults retain the current wire shape and do not share mutable values (0.2831ms)
✔ screenshot defaults retain the current wire shape and do not share mutable values (0.1936ms)
✔ check summaries preserve paths, argument boundaries, byte floors, JSON keys, and rounded timeouts (21.6087ms)
✔ array summaries distinguish item boundaries and preserve exact argument and key values (0.6342ms)
✔ byte-counted summaries use singular byte only for the one-byte floor (0.3661ms)
✔ empty and oversized policies remain invalid, with the 16-check boundary accepted (0.4932ms)
✔ invalid byte floor 0 is reported for every byte-counted check (0.466ms)
✔ invalid byte floor -1 is reported for every byte-counted check (0.1506ms)
✔ invalid byte floor NaN is reported for every byte-counted check (0.1296ms)
✔ invalid byte floor Infinity is reported for every byte-counted check (0.2322ms)
✔ validation preserves check order and reports missing paths, programs, timeout bounds, and JSON keys (0.5319ms)
✔ manual gates require allowed roles without changing requester-exclusion semantics (0.3484ms)
✔ preserves the existing advisory-validator scope; server schema/path authorization remains authoritative (0.8936ms)
✔ check transformations create new drafts while retaining unchanged evidence checks and gate identity (0.434ms)
✔ gate transitions preserve checks and retain current deliberate resets even when reselecting a gate type (0.3478ms)
✔ verification labels retain their current wording and fallback formatting (0.3451ms)
✔ policy edits preserve explicit cache controls and legacy omission on the wire (0.7254ms)
✔ completion summaries distinguish explicit cache requests and preserve null or omitted policies (0.295ms)
ℹ tests 22
ℹ suites 0
ℹ pass 22
ℹ fail 0
ℹ cancelled 0
ℹ skipped 0
ℹ todo 0
ℹ duration_ms 270.0056
