$ node --test --test-concurrency=2 --test-timeout=180000 scenarios/repo-steward/steward.test.mjs scenarios/repo-steward/actions.test.mjs scenarios/repo-steward/recurring-audit.test.mjs scenarios/repo-steward/feedback.test.mjs scenarios/repo-steward/maintenance.test.mjs scenarios/repo-steward/feedback-cli.test.mjs
✔ Actions preview performs no live reads or summary publication (2.2886ms)
✔ Actions fixture uses the real auditor without GitHub access (30.7096ms)
✔ invalid workflow input is rejected during preview without data access (0.9584ms)
✔ hosted live mode rejects non-Actions host before reading data (0.3475ms)
✔ hosted live mode rejects PR event before reading data (1.2827ms)
✔ hosted live mode rejects another repository before reading data (0.183ms)
✔ hosted live mode rejects feature branch before reading data (0.3059ms)
✔ hosted live mode rejects another actor before reading data (0.3468ms)
✔ hosted live mode rejects another rerun operator before reading data (0.2917ms)
✔ hosted live mode rejects missing triggering actor before reading data (0.3115ms)
✔ hosted live mode rejects missing source commit before reading data (0.334ms)
✔ hosted live mode rejects disabled pilot before reading data (0.2358ms)
✔ hosted live mode rejects unapproved public summary before reading data (0.1318ms)
✔ hosted live mode rejects missing credential before reading data (0.1121ms)
✔ hosted live mode rejects blank credential before reading data (0.2283ms)
✔ hosted live mode rejects write-enabled configuration before reading data (0.1871ms)
✔ GITHUB_TOKEN does not substitute for Project-readable credentials (0.2239ms)
✔ an admitted live path collects once and retains zero mutations (9.2732ms)
✔ collector failure does not produce a successful report (0.484ms)
✔ stale hosted snapshots fail instead of publishing old findings (5.6538ms)
✔ public summaries never include free-form source or evidence text (7.4905ms)
✔ summary rejects unknown rule (7.0602ms)
✔ summary rejects bad finding id (7.4583ms)
✔ summary rejects foreign reference (9.6883ms)
✔ summary rejects mutation claim (5.4814ms)
✔ summary rejects wrong scope (5.1602ms)
✔ summary rejects invalid timestamp (6.6416ms)
✔ summary rejects bad totals (7.6987ms)
✔ public finding index is bounded without copying omitted details (5.4955ms)
✔ every configured fixture rule has an explicit publication review (5.4865ms)
✔ summary file writes remain inside a supplied native temporary directory (11.7291ms)
✔ Actions CLI rejects unsupported arguments --apply (0.3252ms)
✔ Actions CLI rejects unsupported arguments --live (0.1494ms)
✔ Actions CLI rejects unsupported arguments --live (0.0955ms)
✔ actual fixture CLI needs no hosted secrets or Teams SDK (257.7401ms)
✔ manual workflow keeps first-party actions pinned and live credentials isolated (17.5345ms)
✔ feedback CLI rejects unsupported, missing and duplicate transition arguments (2.3381ms)
✔ new-file corpus output preserves the previous version and refuses overwrite (25.8857ms)
✔ initializing a corpus binds the validated input scope without changing its snapshot (56.5677ms)
✔ partial snapshot cannot create a corpus file (26.5675ms)
✔ redirected output parent is refused without writing through it (7.9163ms)
✔ review evidence must be a file and cannot use a directory as a digest source (63.2527ms)
✔ review CLI records the exact binary digest and closes its descriptor (107.0437ms)
✔ same-size review replacement between metadata check and open cannot update a corpus (54.8472ms)
✔ review parent swapped for a symlink or junction before open is rejected (54.8954ms)
✔ same-size pathname replacement after descriptor read is rejected (49.8963ms)
✔ same-size in-place review rewrite cannot hide behind a restored modification time (50.982ms)
✔ review growth after open stays within its original byte bound and is rejected (35.9383ms)
✔ bounded review reads handle partial reads and reject empty or oversized files (26.7011ms)
✔ native behavioral evidence remains candidate with original local source and no finding impersonation (89.9725ms)
✔ native behavioral activation is denied for mixed support and forged active or retired history (57.0601ms)
✔ native behavioral candidates can be rejected without widening legacy review authority (57.8939ms)
✔ native behavioral bytes, identity claims, source and repeated runs remain validated (152.5145ms)
✔ evidence binds actual audit finding and supplied snapshot without certifying collection or identity (13.9148ms)
✔ accepted missing Project status binds the native serialized report and finding in evidence and observations (52.84ms)
✔ auditor optional-field normalization retains strict data-only feedback and report validation (83.1828ms)
✔ timestamp-only or unrelated snapshot changes do not manufacture repeated supporting evidence (36.209ms)
✔ partial, cross-scope, stale or missing findings cannot become feedback evidence (21.7297ms)
✔ feedback source pins accept exactly 40 or 64 hexadecimal characters, including supplied evidence (87.7608ms)
✔ candidate, active and retired versions preserve their inputs and have exact transition digests (23.8773ms)
✔ one observation, fabricated evidence bytes and replayed reviews cannot activate a rule (96.9862ms)
✔ reviewer labels and claimed approval booleans do not supply verified review authority (33.9546ms)
✔ explicit rejection remains terminal and contributes no advice (55.3971ms)
✔ prospective expiry is mandatory, bounded, and effective at the exact boundary (152.6853ms)
✔ active capacity cannot expand and supersession retires only the exact predecessor (98.1049ms)
✔ supersession rejects stale targets and cannot cross finding rules (92.4811ms)
✔ active guidance annotates only matching findings without hiding or changing original conclusions (47.2656ms)
✔ broad matching admits at most the finite annotation limit and never truncates an excessive report (721.6456ms)
✔ serialized output bytes are admitted before escaped guidance and evidence references fan out (104.2365ms)
✔ later audits honor activation and retirement while the original report stays identical (70.6556ms)
✔ unknown executable, suppression, assignment and permission options are rejected (325.4522ms)
✔ stale reports, foreign scope and altered evidence fail closed (67.8289ms)
✔ canonical digests ignore property insertion order but reject executable and non-finite data (0.7466ms)
✔ reusable corpus validation preserves input and rejects authority claims or altered guidance (37.983ms)
✔ explicit collector profile requires a hash and cannot relabel a supplied snapshot (3.3568ms)
✔ recurrence requires finite explicit bounds before reading any input (0.9945ms)
✔ finite recurrence reloads snapshot and feedback on every cycle (3.6045ms)
✔ paused and stopped records prevent collection and input reads (3.5447ms)
✔ exhausted persisted attempts reject before snapshot, feedback or live collection (3.4746ms)
✔ watch admits the final allowed attempt and then stops before collecting another snapshot (1.7257ms)
✔ source mismatch refuses before reading snapshot or feedback (2.4525ms)
✔ a failed cycle stops recurrence without retrying or losing the failure (2.0601ms)
✔ first snapshot acquisition failure retains one sanitized failed attempt (391.4455ms)
✔ later corpus acquisition failure preserves earlier accepted evidence and consumes one attempt (1302.4757ms)
✔ live acquisition failure is retained once without raw error text or a retry (533.8138ms)
✔ pause and stop during failed acquisition remain effective without a new admitted attempt (3079.4012ms)
✔ deadline crossing during failed acquisition prevents late attempt admission (3.1734ms)
✔ interruption during failed acquisition prevents a new admitted attempt (5.3118ms)
✔ duration bounds stop admission after collection without writing a late result (4.6119ms)
✔ interruption during an interval exits without another audit (2.0907ms)
✔ control commands delegate exact action, source and reason without collecting (5.3454ms)
✔ status exposes bounded metadata and no retained finding text (1.9374ms)
✔ one audit writes source-bound immutable private reports and an advisory handoff (615.305ms)
✔ fresh capture timestamps and transport metrics alone produce no new report or proposal across restart (1075.2795ms)
✔ live state binds the exact selected principal and profile through restart and controls (3818.1713ms)
✔ profile metadata cannot convert supplied evidence or a different live principal into accepted observations (385.4142ms)
✔ changed scoped content produces a new receipt while retaining stable finding dedupe (757.9781ms)
✔ resolved findings are recorded without claiming a remote correction (728.8651ms)
✔ stale input fails and preserves a failed attempt, never reusing previous success (1028.9956ms)
✔ future input fails and preserves a failed attempt, never reusing previous success (976.9197ms)
✔ incomplete input fails and preserves a failed attempt, never reusing previous success (810.7818ms)
✔ source drift fails and preserves a failed attempt, never reusing previous success (871.4139ms)
✔ changing the caller source pin cannot migrate an existing directory (566.4939ms)
✔ pause prevents input use, resume retains dedupe, and stop cannot resume (3444.1559ms)
✔ concurrent cycles have one winner and never create duplicate accepted receipts (451.3535ms)
✔ retained locks fail closed without PID reuse or timeout-based recovery (24.9532ms)
✔ incomplete intent and rollback to an older checkpoint refuse replay (757.8846ms)
✔ tampered referenced artifacts are rejected and preserved (335.5643ms)
✔ output-directory redirection refuses writes through a symlink or junction (11.3526ms)
✔ an unexpected output file is retained, not overwritten or removed (19.2141ms)
✔ status rejects unexpected files in initialized state before accepting its control projection (323.4429ms)
✔ missing, traversal-style and incomplete control requests do not create authority (4.2308ms)
✔ live source claims retain the existing collector identity and zero-write metadata (361.897ms)
✔ finite convenience API has explicit bounds and performs no scheduling (1185.0059ms)
✔ state and artifact redirection are not followed on read (350.2811ms)
✔ alter of earlier history is detected after a newer successful cycle (858.6609ms)
✔ delete of earlier history is detected after a newer successful cycle (805.7876ms)
✔ changed implementation pins fail before a new intent is written (480.8183ms)
✔ a directory replaced while a caller holds its lock cannot redirect any artifact write (445.3946ms)
✔ actual corpus activation and retirement change only separately bound advisory output (1622.8056ms)
✔ expiry invalidates cached advisory annotations even without corpus byte changes (863.5222ms)
✔ mixed retained controls and new cycles enforce one transition bound with a reserved terminal stop (78652.7528ms)
✔ accepted snapshots with omitted optional metadata produce parseable JSON artifacts and replay (593.3562ms)
✔ optional auditor metadata works through the real feedback evidence and recurring consumer bridge (639.1144ms)
✔ policy has the ten requested workstreams and never assigns people (6.4348ms)
✔ classification supports Multiplayer (10.6418ms)
✔ classification supports UX/UI (3.2757ms)
✔ classification supports Multi-system execution (2.666ms)
✔ classification supports Janitor (2.6967ms)
✔ classification supports Dynamic agent teams (1.7989ms)
✔ classification supports DevOps/PR review/branch protection (3.7087ms)
✔ classification supports Security (2.216ms)
✔ classification supports Agent communication layer (1.7815ms)
✔ classification supports Dark factory automation (2.253ms)
✔ classification supports Backend scalability / pub-sub (1.6635ms)
✔ classification preserves labels and assignees (19.5438ms)
✔ UX alias means UX/UI (23.2178ms)
✔ an unassigned issue is not a violation (8.2294ms)
✔ full fixture audit has zero mutations and catches closing-link conflict (8.9557ms)
✔ non-closing prose overrides no native link, not unrelated partial references (7.9556ms)
✔ explicit do-not-close linked issue is flagged (6.7042ms)
✔ closed unmerged PR does not close an open issue (8.6836ms)
✔ reopened issue remains open after a historical merged PR (6.8859ms)
✔ no automatic close for several partial PRs (8.0548ms)
✔ only explicit dependency section is interpreted (0.3601ms)
✔ code fences and quoted references are not dependency authority (0.32ms)
✔ native/text dependency disagreement is flagged (5.4561ms)
✔ matching dependencies do not produce a mismatch (7.4994ms)
✔ dependency cycles are bounded and reported once (8.0014ms)
✔ parent hierarchy mismatch and cycle are detected (8.6664ms)
✔ outside-scope dependency is not fetched or treated as complete (11.1207ms)
✔ missing local dependency is unverified, not closed (5.51ms)
✔ open issue marked Done is flagged without changing the board (7.2966ms)
✔ unknown workstream is a review hint, not a rename (4.7595ms)
✔ locked default branch is flagged, without bypass (8.133ms)
✔ stale PR source head is reported (7.1945ms)
✔ current independent review is accepted as evidence (7.0539ms)
✔ author approval is not current independent human approval (5.0255ms)
✔ bot approval is not current independent human approval (4.0724ms)
✔ old-head approval is not current independent human approval (4.2411ms)
✔ later comment does not erase a valid prior approval (11.449ms)
✔ failed checks and requested changes are surfaced (5.8542ms)
✔ missing checks are not a success (4.6435ms)
✔ stale snapshots are labeled (6.3684ms)
✔ future snapshots fail closed (2.6465ms)
✔ finding IDs are stable across repeated reads (13.1213ms)
✔ reported secrets are redacted and Markdown is escaped (15.5109ms)
✔ refuses: assign #50 to example-user (8.4248ms)
✔ refuses: label #50 multiplayer (7.9711ms)
✔ refuses: close #50 (10.2309ms)
✔ refuses: merge PR #237 (8.6246ms)
✔ refuses: enable auto-merge (5.2009ms)
✔ refuses: delete a branch (5.1696ms)
✔ refuses: approve PR #237 (5.3567ms)
✔ refuses: can you change the rules (5.6659ms)
✔ question answers use recorded evidence and canonical references (8.1809ms)
✔ reverse dependency questions list dependents (6.1315ms)
✔ unknown questions ask for clarification (7.2637ms)
✔ untrusted instruction text grants no tools (7.2352ms)
✔ snapshot rejects wrong repo (1.5776ms)
✔ snapshot rejects wrong project (1.2069ms)
✔ snapshot rejects partial coverage (1.2648ms)
✔ snapshot rejects wrong count (1.8475ms)
✔ snapshot rejects duplicate issue (2.3377ms)
✔ snapshot rejects hostile URL (2.0303ms)
✔ snapshot rejects hidden project item (2.0692ms)
✔ snapshot rejects cross-repo item (1.9631ms)
✔ snapshot rejects duplicate project item (1.6738ms)
✔ snapshot rejects oversized body (1.4054ms)
✔ collector completes two matching passes with no writes (6.9852ms)
✔ collector rejects issue drift between passes (3.9199ms)
✔ collector rejects incomplete nested dependencies (1.6942ms)
✔ collector rejects a changed PR head/check binding (1.8712ms)
✔ collector rejects repeated pagination cursors (1.5475ms)
✔ collector rejects inaccessible connection entries (0.1643ms)
✔ read client verifies Bakar404 and never switches accounts (1.8198ms)
✔ explicit hash-pinned read principal does not change the pilot or read allowlist (34.8524ms)
✔ collector profile rejects changed scope or unsupported fields: repository (23.4046ms)
✔ collector profile rejects changed scope or unsupported fields: project_id (13.1916ms)
✔ collector profile rejects changed scope or unsupported fields: project_number (21.5392ms)
✔ collector profile rejects changed scope or unsupported fields: token (12.4362ms)
✔ collector profile rejects changed scope or unsupported fields: url (28.3759ms)
✔ collector profile rejects changed scope or unsupported fields: collector_login (13.5846ms)
✔ collector profile rejects wrong hashes, changed bytes and duplicate keys (59.1169ms)
✔ profiled collection records the actual principal and rejects identity or profile drift (55.4687ms)
✔ read client exposes no arbitrary query or write operation (2.5889ms)
✔ GraphQL cursor remains data, not executable query text (2.0257ms)
✔ GraphQL errors do not become accepted partial data (3.0227ms)
✔ GraphQL reserve prevents further reads (2.6637ms)
✔ collection has an elapsed-time bound (1.9947ms)
✔ dry run uses neither network nor output files (2.0527ms)
✔ CLI rejects apply (0.2715ms)
✔ CLI rejects audit --fixture --live (0.1832ms)
✔ CLI rejects audit --fixture --out ../escape.json (0.2711ms)
✔ CLI rejects audit --dry-run --out file.json (0.2668ms)
✔ CLI rejects audit --fixture --assign example-user (0.1565ms)
✔ CLI rejects ask --fixture (0.1768ms)
✔ actual CLI dry run works from another directory and has no network intent (237.5187ms)
✔ test chat prepares an evidence-based reply without sending it (15.7391ms)
✔ test chat rejects wrong tenant (0.664ms)
✔ test chat rejects wrong group (0.2837ms)
✔ test chat rejects personal chat (0.2547ms)
✔ test chat rejects other channel (0.2296ms)
✔ test chat ignores messages without a mention (0.2257ms)
✔ test chat ignores its own messages (0.2267ms)
✔ test chat refuses mutation requests (7.4918ms)
✔ no production mode or implicit binding (0.5114ms)
ℹ tests 227
ℹ suites 0
ℹ pass 227
ℹ fail 0
ℹ cancelled 0
ℹ skipped 0
ℹ todo 0
ℹ duration_ms 107708.4119
