F02 component regressions passed: 124 invalid/reserved cases across all three plan inputs and forward separators.
{"mapping":null,"drive":"Q:","fixture":"<local-user>\\AppData\\Local\\Temp\\ecorp-u1-preflight-595d01a04f414713b740d57dde3bc225","event":"alias-before"}
{"sameSentinel":true,"drive":"Q:","target":"\\??\\<local-user>\\AppData\\Local\\Temp\\ecorp-u1-preflight-595d01a04f414713b740d57dde3bc225\\retained-office","event":"alias-created"}
F01 native alias rejected in Root.
F01 native alias rejected in Product.
F01 native alias rejected in Protected.
{"removedTarget":"\\??\\<local-user>\\AppData\\Local\\Temp\\ecorp-u1-preflight-595d01a04f414713b740d57dde3bc225\\retained-office","mapping":null,"drive":"Q:","event":"alias-cleanup"}
F01 native short-path overlap rejected: short fixture ancestor.
F01 native short-path overlap rejected: short product.
F01 native short-path overlap rejected: short protected ancestor.
F01 native short-path overlap rejected: multiple missing descendants.
{"mode":"Required","distinctAlias":true,"executed":true,"status":"passed","event":"native-short-alias"}
F01 native SUBST/unmapped-drive and simulated mapped/unknown-drive regressions passed.
{"fixture":"<local-user>\\AppData\\Local\\Temp\\ecorp-u1-preflight-595d01a04f414713b740d57dde3bc225","mapping":null,"drive":"Q:","target":"\\Device\\HarddiskVolume4","event":"volume-before"}
{"sameSentinel":true,"drive":"Q:","target":"\\Device\\HarddiskVolume4","event":"volume-created"}
F01 native same-volume disjoint control passed: Root.
F01 native same-volume disjoint control passed: Product.
F01 native same-volume disjoint control passed: Protected.
F01 native same-volume overlap rejected: Root.
F01 native same-volume overlap rejected: Protected.
F01 native same-volume overlap rejected: Product.
F01 native same-volume overlap rejected: protected drive root.
F01 native same-volume overlap rejected: aliased protected drive root.
{"removedTarget":"\\Device\\HarddiskVolume4","mapping":null,"drive":"Q:","exactMatch":true,"event":"volume-cleanup"}
F01 native same-volume aliases, disjoint DOS-path controls and drive-root ancestry regressions passed.
WARNING: Failed synthetic fixture retained at <local-user>\AppData\Local\Temp\ecorp-u1-preflight-595d01a04f414713b740d57dde3bc225
Exception: <reviewed-worktree>\tools\qa_multiplayer_preflight.test.ps1:12
Line |
  12 |      if (!$Condition) { throw $Message }
     |                         ~~~~~~~~~~~~~~
     | The native stat-cache fixture must distinguish restored and changed timestamps (restored=True; status=D
     | package.json D  source.txt ?? package.json ?? source.txt).
