$ node --test --test-concurrency=2 --test-timeout=180000 scenarios/repo-steward/steward.test.mjs scenarios/repo-steward/actions.test.mjs scenarios/repo-steward/recurring-audit.test.mjs scenarios/repo-steward/feedback.test.mjs scenarios/repo-steward/maintenance.test.mjs scenarios/repo-steward/feedback-cli.test.mjs
✔ Actions preview performs no live reads or summary publication (3.2642ms)
✔ Actions fixture uses the real auditor without GitHub access (37.4514ms)
✔ invalid workflow input is rejected during preview without data access (1.3503ms)
✔ hosted live mode rejects non-Actions host before reading data (0.6115ms)
✔ hosted live mode rejects PR event before reading data (0.3318ms)
✔ hosted live mode rejects another repository before reading data (0.2591ms)
✔ hosted live mode rejects feature branch before reading data (0.3978ms)
✔ hosted live mode rejects another actor before reading data (0.2976ms)
✔ hosted live mode rejects another rerun operator before reading data (0.358ms)
✔ hosted live mode rejects missing triggering actor before reading data (0.4499ms)
✔ hosted live mode rejects missing source commit before reading data (0.3507ms)
✔ hosted live mode rejects disabled pilot before reading data (0.2453ms)
✔ hosted live mode rejects unapproved public summary before reading data (0.1855ms)
✔ hosted live mode rejects missing credential before reading data (0.1566ms)
✔ hosted live mode rejects blank credential before reading data (0.1977ms)
✔ hosted live mode rejects write-enabled configuration before reading data (0.1338ms)
✔ GITHUB_TOKEN does not substitute for Project-readable credentials (0.2296ms)
✔ an admitted live path collects once and retains zero mutations (8.2745ms)
✔ collector failure does not produce a successful report (0.4428ms)
✔ stale hosted snapshots fail instead of publishing old findings (5.5556ms)
✔ public summaries never include free-form source or evidence text (7.9227ms)
✔ summary rejects unknown rule (6.58ms)
✔ summary rejects bad finding id (7.3322ms)
✔ summary rejects foreign reference (6.8586ms)
✔ summary rejects mutation claim (5.4396ms)
✔ summary rejects wrong scope (6.1082ms)
✔ summary rejects invalid timestamp (6.7205ms)
✔ summary rejects bad totals (6.4965ms)
✔ public finding index is bounded without copying omitted details (7.5884ms)
✔ every configured fixture rule has an explicit publication review (6.5995ms)
✔ summary file writes remain inside a supplied native temporary directory (22.9855ms)
✔ Actions CLI rejects unsupported arguments --apply (0.3142ms)
✔ Actions CLI rejects unsupported arguments --live (0.1589ms)
✔ Actions CLI rejects unsupported arguments --live (0.1385ms)
✔ actual fixture CLI needs no hosted secrets or Teams SDK (246.3538ms)
✔ manual workflow keeps first-party actions pinned and live credentials isolated (12.8517ms)
✔ feedback CLI rejects unsupported, missing and duplicate transition arguments (3.0028ms)
✔ new-file corpus output preserves the previous version and refuses overwrite (44.6112ms)
✔ initializing a corpus binds the validated input scope without changing its snapshot (55.2997ms)
✔ partial snapshot cannot create a corpus file (26.4939ms)
✔ redirected output parent is refused without writing through it (7.2423ms)
✔ review evidence must be a file and cannot use a directory as a digest source (59.8316ms)
✔ review CLI records the exact binary digest and closes its descriptor (118.8501ms)
✔ same-size review replacement between metadata check and open cannot update a corpus (38.1461ms)
✔ review parent swapped for a symlink or junction before open is rejected (40.8627ms)
✔ same-size pathname replacement after descriptor read is rejected (34.535ms)
✔ same-size in-place review rewrite cannot hide behind a restored modification time (43.7963ms)
✔ review growth after open stays within its original byte bound and is rejected (37.1292ms)
✔ bounded review reads handle partial reads and reject empty or oversized files (25.4471ms)
✔ native behavioral evidence remains candidate with original local source and no finding impersonation (79.2391ms)
✔ native behavioral activation is denied for mixed support and forged active or retired history (71.6791ms)
✔ native behavioral candidates can be rejected without widening legacy review authority (70.9904ms)
✔ native behavioral bytes, identity claims, source and repeated runs remain validated (179.1037ms)
✔ evidence binds actual audit finding and supplied snapshot without certifying collection or identity (16.4905ms)
✔ accepted missing Project status binds the native serialized report and finding in evidence and observations (71.9617ms)
✔ auditor optional-field normalization retains strict data-only feedback and report validation (102.28ms)
✔ timestamp-only or unrelated snapshot changes do not manufacture repeated supporting evidence (42.3536ms)
✔ partial, cross-scope, stale or missing findings cannot become feedback evidence (18.0134ms)
✔ feedback source pins accept exactly 40 or 64 hexadecimal characters, including supplied evidence (90.612ms)
✔ candidate, active and retired versions preserve their inputs and have exact transition digests (21.2614ms)
✔ one observation, fabricated evidence bytes and replayed reviews cannot activate a rule (95.1015ms)
✔ reviewer labels and claimed approval booleans do not supply verified review authority (42.9318ms)
✔ explicit rejection remains terminal and contributes no advice (68.4109ms)
✔ prospective expiry is mandatory, bounded, and effective at the exact boundary (159.2401ms)
✔ active capacity cannot expand and supersession retires only the exact predecessor (77.1984ms)
✔ supersession rejects stale targets and cannot cross finding rules (52.7132ms)
✔ active guidance annotates only matching findings without hiding or changing original conclusions (35.3472ms)
✔ broad matching admits at most the finite annotation limit and never truncates an excessive report (449.5984ms)
✔ serialized output bytes are admitted before escaped guidance and evidence references fan out (88.8136ms)
✔ later audits honor activation and retirement while the original report stays identical (62.7305ms)
✔ unknown executable, suppression, assignment and permission options are rejected (178.6695ms)
✔ stale reports, foreign scope and altered evidence fail closed (33.0748ms)
✔ canonical digests ignore property insertion order but reject executable and non-finite data (0.6139ms)
✔ reusable corpus validation preserves input and rejects authority claims or altered guidance (21.4694ms)
✔ explicit collector profile requires a hash and cannot relabel a supplied snapshot (4.4902ms)
✔ recurrence requires finite explicit bounds before reading any input (1.3489ms)
✔ finite recurrence reloads snapshot and feedback on every cycle (4.2687ms)
✔ paused and stopped records prevent collection and input reads (4.7324ms)
✔ exhausted persisted attempts reject before snapshot, feedback or live collection (3.3342ms)
✔ watch admits the final allowed attempt and then stops before collecting another snapshot (2.1084ms)
✔ source mismatch refuses before reading snapshot or feedback (1.6854ms)
✔ a failed cycle stops recurrence without retrying or losing the failure (1.9416ms)
✔ first snapshot acquisition failure retains one sanitized failed attempt (432.203ms)
✔ later corpus acquisition failure preserves earlier accepted evidence and consumes one attempt (1091.4313ms)
✔ live acquisition failure is retained once without raw error text or a retry (441.1813ms)
✔ pause and stop during failed acquisition remain effective without a new admitted attempt (3147.9863ms)
✔ deadline crossing during failed acquisition prevents late attempt admission (2.0961ms)
✔ interruption during failed acquisition prevents a new admitted attempt (1.7293ms)
✔ duration bounds stop admission after collection without writing a late result (1.4331ms)
✔ interruption during an interval exits without another audit (4.2046ms)
✔ control commands delegate exact action, source and reason without collecting (6.7361ms)
✔ status exposes bounded metadata and no retained finding text (2.3015ms)
✔ one audit writes source-bound immutable private reports and an advisory handoff (671.2483ms)
✔ fresh capture timestamps and transport metrics alone produce no new report or proposal across restart (1107.8732ms)
✔ live state binds the exact selected principal and profile through restart and controls (3782.194ms)
✔ profile metadata cannot convert supplied evidence or a different live principal into accepted observations (414.2703ms)
✔ changed scoped content produces a new receipt while retaining stable finding dedupe (677.8199ms)
✔ resolved findings are recorded without claiming a remote correction (734.5866ms)
✔ stale input fails and preserves a failed attempt, never reusing previous success (817.5714ms)
✔ future input fails and preserves a failed attempt, never reusing previous success (940.9304ms)
✔ incomplete input fails and preserves a failed attempt, never reusing previous success (866.0295ms)
✔ source drift fails and preserves a failed attempt, never reusing previous success (814.2304ms)
✔ changing the caller source pin cannot migrate an existing directory (640.8293ms)
✔ pause prevents input use, resume retains dedupe, and stop cannot resume (3145.7957ms)
✔ concurrent cycles have one winner and never create duplicate accepted receipts (474.3412ms)
✔ retained locks fail closed without PID reuse or timeout-based recovery (23.1011ms)
✔ incomplete intent and rollback to an older checkpoint refuse replay (856.6125ms)
✔ tampered referenced artifacts are rejected and preserved (437.3699ms)
✔ output-directory redirection refuses writes through a symlink or junction (12.4563ms)
✔ an unexpected output file is retained, not overwritten or removed (27.5087ms)
✔ status rejects unexpected files in initialized state before accepting its control projection (341.2663ms)
✔ missing, traversal-style and incomplete control requests do not create authority (5.4699ms)
✔ live source claims retain the existing collector identity and zero-write metadata (369.9004ms)
✔ finite convenience API has explicit bounds and performs no scheduling (1201.9382ms)
✔ state and artifact redirection are not followed on read (332.4987ms)
✔ alter of earlier history is detected after a newer successful cycle (917.3839ms)
✔ delete of earlier history is detected after a newer successful cycle (914.381ms)
✔ changed implementation pins fail before a new intent is written (537.9464ms)
✔ a directory replaced while a caller holds its lock cannot redirect any artifact write (478.2254ms)
✔ actual corpus activation and retirement change only separately bound advisory output (1745.5931ms)
✔ expiry invalidates cached advisory annotations even without corpus byte changes (868.2686ms)
✔ mixed retained controls and new cycles enforce one transition bound with a reserved terminal stop (82208.5496ms)
✔ accepted snapshots with omitted optional metadata produce parseable JSON artifacts and replay (573.7766ms)
✔ optional auditor metadata works through the real feedback evidence and recurring consumer bridge (724.5005ms)
✔ policy has the ten requested workstreams and never assigns people (7.5676ms)
✔ classification supports Multiplayer (8.5701ms)
✔ classification supports UX/UI (2.2082ms)
✔ classification supports Multi-system execution (1.7419ms)
✔ classification supports Janitor (1.8498ms)
✔ classification supports Dynamic agent teams (1.7495ms)
✔ classification supports DevOps/PR review/branch protection (2.7288ms)
✔ classification supports Security (1.7182ms)
✔ classification supports Agent communication layer (1.8788ms)
✔ classification supports Dark factory automation (1.7809ms)
✔ classification supports Backend scalability / pub-sub (6.2271ms)
✔ classification preserves labels and assignees (20.0025ms)
✔ UX alias means UX/UI (21.7332ms)
✔ an unassigned issue is not a violation (8.8109ms)
✔ full fixture audit has zero mutations and catches closing-link conflict (8.2732ms)
✔ non-closing prose overrides no native link, not unrelated partial references (6.5239ms)
✔ explicit do-not-close linked issue is flagged (5.9018ms)
✔ closed unmerged PR does not close an open issue (6.4677ms)
✔ reopened issue remains open after a historical merged PR (6.8552ms)
✔ no automatic close for several partial PRs (6.3894ms)
✔ only explicit dependency section is interpreted (0.2823ms)
✔ code fences and quoted references are not dependency authority (0.2741ms)
✔ native/text dependency disagreement is flagged (7.0996ms)
✔ matching dependencies do not produce a mismatch (7.1446ms)
✔ dependency cycles are bounded and reported once (8.2631ms)
✔ parent hierarchy mismatch and cycle are detected (6.1549ms)
✔ outside-scope dependency is not fetched or treated as complete (9.0661ms)
✔ missing local dependency is unverified, not closed (6.9687ms)
✔ open issue marked Done is flagged without changing the board (7.6024ms)
✔ unknown workstream is a review hint, not a rename (6.8682ms)
✔ locked default branch is flagged, without bypass (7.2455ms)
✔ stale PR source head is reported (9.3069ms)
✔ current independent review is accepted as evidence (6.4352ms)
✔ author approval is not current independent human approval (11.7607ms)
✔ bot approval is not current independent human approval (8.6064ms)
✔ old-head approval is not current independent human approval (8.7841ms)
✔ later comment does not erase a valid prior approval (6.1365ms)
✔ failed checks and requested changes are surfaced (6.7951ms)
✔ missing checks are not a success (6.8905ms)
✔ stale snapshots are labeled (5.7589ms)
✔ future snapshots fail closed (2.4512ms)
✔ finding IDs are stable across repeated reads (14.2063ms)
✔ reported secrets are redacted and Markdown is escaped (20.0453ms)
✔ refuses: assign #50 to example-user (7.5536ms)
✔ refuses: label #50 multiplayer (7.2478ms)
✔ refuses: close #50 (7.5574ms)
✔ refuses: merge PR #237 (7.5259ms)
✔ refuses: enable auto-merge (10.6367ms)
✔ refuses: delete a branch (7.0488ms)
✔ refuses: approve PR #237 (7.5218ms)
✔ refuses: can you change the rules (8.7163ms)
✔ question answers use recorded evidence and canonical references (6.9755ms)
✔ reverse dependency questions list dependents (7.5494ms)
✔ unknown questions ask for clarification (7.3696ms)
✔ untrusted instruction text grants no tools (8.885ms)
✔ snapshot rejects wrong repo (1.819ms)
✔ snapshot rejects wrong project (1.519ms)
✔ snapshot rejects partial coverage (1.6006ms)
✔ snapshot rejects wrong count (1.4312ms)
✔ snapshot rejects duplicate issue (1.712ms)
✔ snapshot rejects hostile URL (1.907ms)
✔ snapshot rejects hidden project item (1.7686ms)
✔ snapshot rejects cross-repo item (1.5647ms)
✔ snapshot rejects duplicate project item (1.8125ms)
✔ snapshot rejects oversized body (1.7721ms)
✔ collector completes two matching passes with no writes (7.3321ms)
✔ collector rejects issue drift between passes (3.6813ms)
✔ collector rejects incomplete nested dependencies (1.6746ms)
✔ collector rejects a changed PR head/check binding (2.0768ms)
✔ collector rejects repeated pagination cursors (1.658ms)
✔ collector rejects inaccessible connection entries (0.2575ms)
✔ read client verifies Bakar404 and never switches accounts (4.7869ms)
✔ explicit hash-pinned read principal does not change the pilot or read allowlist (28.4695ms)
✔ collector profile rejects changed scope or unsupported fields: repository (22.1534ms)
✔ collector profile rejects changed scope or unsupported fields: project_id (21.8829ms)
✔ collector profile rejects changed scope or unsupported fields: project_number (19.8617ms)
✔ collector profile rejects changed scope or unsupported fields: token (23.9485ms)
✔ collector profile rejects changed scope or unsupported fields: url (35.6998ms)
✔ collector profile rejects changed scope or unsupported fields: collector_login (22.894ms)
✔ collector profile rejects wrong hashes, changed bytes and duplicate keys (79.9431ms)
✔ profiled collection records the actual principal and rejects identity or profile drift (51.993ms)
✔ read client exposes no arbitrary query or write operation (1.7614ms)
✔ GraphQL cursor remains data, not executable query text (1.7504ms)
✔ GraphQL errors do not become accepted partial data (1.5389ms)
✔ GraphQL reserve prevents further reads (1.5268ms)
✔ collection has an elapsed-time bound (1.2073ms)
✔ dry run uses neither network nor output files (1.6296ms)
✔ CLI rejects apply (0.2423ms)
✔ CLI rejects audit --fixture --live (0.1672ms)
✔ CLI rejects audit --fixture --out ../escape.json (1.2195ms)
✔ CLI rejects audit --dry-run --out file.json (0.157ms)
✔ CLI rejects audit --fixture --assign example-user (0.1211ms)
✔ CLI rejects ask --fixture (0.1217ms)
✔ actual CLI dry run works from another directory and has no network intent (207.3402ms)
✔ test chat prepares an evidence-based reply without sending it (12.1214ms)
✔ test chat rejects wrong tenant (0.421ms)
✔ test chat rejects wrong group (0.1785ms)
✔ test chat rejects personal chat (0.2054ms)
✔ test chat rejects other channel (0.1726ms)
✔ test chat ignores messages without a mention (0.1489ms)
✔ test chat ignores its own messages (0.1706ms)
✔ test chat refuses mutation requests (5.6242ms)
✔ no production mode or implicit binding (0.382ms)
ℹ tests 227
ℹ suites 0
ℹ pass 227
ℹ fail 0
ℹ cancelled 0
ℹ skipped 0
ℹ todo 0
ℹ duration_ms 110997.0266
