$ node --test --test-concurrency=2 --test-timeout=180000 scenarios/repo-steward/steward.test.mjs scenarios/repo-steward/actions.test.mjs scenarios/repo-steward/recurring-audit.test.mjs scenarios/repo-steward/feedback.test.mjs scenarios/repo-steward/maintenance.test.mjs scenarios/repo-steward/feedback-cli.test.mjs
✔ Actions preview performs no live reads or summary publication (1.8304ms)
✔ Actions fixture uses the real auditor without GitHub access (25.9447ms)
✔ invalid workflow input is rejected during preview without data access (0.9606ms)
✔ hosted live mode rejects non-Actions host before reading data (0.354ms)
✔ hosted live mode rejects PR event before reading data (0.2902ms)
✔ hosted live mode rejects another repository before reading data (1.0248ms)
✔ hosted live mode rejects feature branch before reading data (0.2757ms)
✔ hosted live mode rejects another actor before reading data (0.1849ms)
✔ hosted live mode rejects another rerun operator before reading data (0.2435ms)
✔ hosted live mode rejects missing triggering actor before reading data (0.2594ms)
✔ hosted live mode rejects missing source commit before reading data (0.2984ms)
✔ hosted live mode rejects disabled pilot before reading data (0.1813ms)
✔ hosted live mode rejects unapproved public summary before reading data (0.1829ms)
✔ hosted live mode rejects missing credential before reading data (0.1201ms)
✔ hosted live mode rejects blank credential before reading data (0.1355ms)
✔ hosted live mode rejects write-enabled configuration before reading data (0.1292ms)
✔ GITHUB_TOKEN does not substitute for Project-readable credentials (0.1986ms)
✔ an admitted live path collects once and retains zero mutations (5.2901ms)
✔ collector failure does not produce a successful report (0.2784ms)
✔ stale hosted snapshots fail instead of publishing old findings (4.8583ms)
✔ public summaries never include free-form source or evidence text (5.1815ms)
✔ summary rejects unknown rule (4.1329ms)
✔ summary rejects bad finding id (4.2514ms)
✔ summary rejects foreign reference (4.4584ms)
✔ summary rejects mutation claim (4.5275ms)
✔ summary rejects wrong scope (4.0911ms)
✔ summary rejects invalid timestamp (4.1311ms)
✔ summary rejects bad totals (4.6333ms)
✔ public finding index is bounded without copying omitted details (4.3868ms)
✔ every configured fixture rule has an explicit publication review (3.9477ms)
✔ summary file writes remain inside a supplied native temporary directory (17.4525ms)
✔ Actions CLI rejects unsupported arguments --apply (0.2251ms)
✔ Actions CLI rejects unsupported arguments --live (0.1305ms)
✔ Actions CLI rejects unsupported arguments --live (0.0937ms)
✔ actual fixture CLI needs no hosted secrets or Teams SDK (173.7261ms)
✔ manual workflow keeps first-party actions pinned and live credentials isolated (2.3173ms)
✔ feedback CLI rejects unsupported, missing and duplicate transition arguments (2.165ms)
✔ new-file corpus output preserves the previous version and refuses overwrite (21.4711ms)
✔ initializing a corpus binds the validated input scope without changing its snapshot (40.3002ms)
✔ partial snapshot cannot create a corpus file (21.7621ms)
✔ redirected output parent is refused without writing through it (5.3546ms)
✔ review evidence must be a file and cannot use a directory as a digest source (41.7102ms)
✔ review CLI records the exact binary digest and closes its descriptor (80.3256ms)
✔ same-size review replacement between metadata check and open cannot update a corpus (29.6206ms)
✔ review parent swapped for a symlink or junction before open is rejected (29.2247ms)
✔ same-size pathname replacement after descriptor read is rejected (28.4285ms)
✔ same-size in-place review rewrite cannot hide behind a restored modification time (26.3805ms)
✔ review growth after open stays within its original byte bound and is rejected (25.8914ms)
✔ bounded review reads handle partial reads and reject empty or oversized files (16.7518ms)
✔ native behavioral evidence remains candidate with original local source and no finding impersonation (63.8007ms)
✔ native behavioral activation is denied for mixed support and forged active or retired history (42.7453ms)
✔ native behavioral candidates can be rejected without widening legacy review authority (43.2788ms)
✔ native behavioral bytes, identity claims, source and repeated runs remain validated (113.6381ms)
✔ evidence binds actual audit finding and supplied snapshot without certifying collection or identity (11.9397ms)
✔ accepted missing Project status binds the native serialized report and finding in evidence and observations (38.9465ms)
✔ auditor optional-field normalization retains strict data-only feedback and report validation (60.6449ms)
✔ timestamp-only or unrelated snapshot changes do not manufacture repeated supporting evidence (29.312ms)
✔ partial, cross-scope, stale or missing findings cannot become feedback evidence (16.0184ms)
✔ feedback source pins accept exactly 40 or 64 hexadecimal characters, including supplied evidence (75.0528ms)
✔ candidate, active and retired versions preserve their inputs and have exact transition digests (16.935ms)
✔ one observation, fabricated evidence bytes and replayed reviews cannot activate a rule (68.2978ms)
✔ reviewer labels and claimed approval booleans do not supply verified review authority (21.0564ms)
✔ explicit rejection remains terminal and contributes no advice (35.3113ms)
✔ prospective expiry is mandatory, bounded, and effective at the exact boundary (127.2482ms)
✔ active capacity cannot expand and supersession retires only the exact predecessor (78.6639ms)
✔ supersession rejects stale targets and cannot cross finding rules (55.9418ms)
✔ active guidance annotates only matching findings without hiding or changing original conclusions (33.6933ms)
✔ broad matching admits at most the finite annotation limit and never truncates an excessive report (598.4533ms)
✔ serialized output bytes are admitted before escaped guidance and evidence references fan out (93.1123ms)
✔ later audits honor activation and retirement while the original report stays identical (60.4402ms)
✔ unknown executable, suppression, assignment and permission options are rejected (197.7949ms)
✔ stale reports, foreign scope and altered evidence fail closed (36.3058ms)
✔ canonical digests ignore property insertion order but reject executable and non-finite data (0.5751ms)
✔ reusable corpus validation preserves input and rejects authority claims or altered guidance (21.7666ms)
✔ explicit collector profile requires a hash and cannot relabel a supplied snapshot (2.9044ms)
✔ recurrence requires finite explicit bounds before reading any input (0.7754ms)
✔ finite recurrence reloads snapshot and feedback on every cycle (2.5954ms)
✔ paused and stopped records prevent collection and input reads (2.4227ms)
✔ exhausted persisted attempts reject before snapshot, feedback or live collection (2.2823ms)
✔ watch admits the final allowed attempt and then stops before collecting another snapshot (1.4278ms)
✔ source mismatch refuses before reading snapshot or feedback (1.2388ms)
✔ a failed cycle stops recurrence without retrying or losing the failure (1.4106ms)
✔ first snapshot acquisition failure retains one sanitized failed attempt (321.0534ms)
✔ later corpus acquisition failure preserves earlier accepted evidence and consumes one attempt (1075.7744ms)
✔ live acquisition failure is retained once without raw error text or a retry (385.897ms)
✔ pause and stop during failed acquisition remain effective without a new admitted attempt (2108.7987ms)
✔ deadline crossing during failed acquisition prevents late attempt admission (1.537ms)
✔ interruption during failed acquisition prevents a new admitted attempt (1.502ms)
✔ duration bounds stop admission after collection without writing a late result (1.132ms)
✔ interruption during an interval exits without another audit (1.1445ms)
✔ control commands delegate exact action, source and reason without collecting (3.068ms)
✔ status exposes bounded metadata and no retained finding text (1.1355ms)
✔ one audit writes source-bound immutable private reports and an advisory handoff (558.6007ms)
✔ fresh capture timestamps and transport metrics alone produce no new report or proposal across restart (666.2404ms)
✔ live state binds the exact selected principal and profile through restart and controls (2346.6518ms)
✔ profile metadata cannot convert supplied evidence or a different live principal into accepted observations (267.113ms)
✔ changed scoped content produces a new receipt while retaining stable finding dedupe (493.8351ms)
✔ resolved findings are recorded without claiming a remote correction (483.5523ms)
✔ stale input fails and preserves a failed attempt, never reusing previous success (585.8177ms)
✔ future input fails and preserves a failed attempt, never reusing previous success (585.8395ms)
✔ incomplete input fails and preserves a failed attempt, never reusing previous success (674.8243ms)
✔ source drift fails and preserves a failed attempt, never reusing previous success (575.9572ms)
✔ changing the caller source pin cannot migrate an existing directory (447.8052ms)
✔ pause prevents input use, resume retains dedupe, and stop cannot resume (2208.7849ms)
✔ concurrent cycles have one winner and never create duplicate accepted receipts (337.2685ms)
✔ retained locks fail closed without PID reuse or timeout-based recovery (17.7372ms)
✔ incomplete intent and rollback to an older checkpoint refuse replay (564.6219ms)
✔ tampered referenced artifacts are rejected and preserved (295.7137ms)
✔ output-directory redirection refuses writes through a symlink or junction (11.0474ms)
✔ an unexpected output file is retained, not overwritten or removed (17.3605ms)
✔ status rejects unexpected files in initialized state before accepting its control projection (236.8555ms)
✔ missing, traversal-style and incomplete control requests do not create authority (4.1761ms)
✔ live source claims retain the existing collector identity and zero-write metadata (254.7251ms)
✔ finite convenience API has explicit bounds and performs no scheduling (859.3467ms)
✔ state and artifact redirection are not followed on read (256.4297ms)
✔ alter of earlier history is detected after a newer successful cycle (815.9411ms)
✔ delete of earlier history is detected after a newer successful cycle (662.4994ms)
✔ changed implementation pins fail before a new intent is written (381.8589ms)
✔ a directory replaced while a caller holds its lock cannot redirect any artifact write (324.8571ms)
✔ actual corpus activation and retirement change only separately bound advisory output (1266.13ms)
✔ expiry invalidates cached advisory annotations even without corpus byte changes (576.8518ms)
✔ mixed retained controls and new cycles enforce one transition bound with a reserved terminal stop (59687.0699ms)
✔ accepted snapshots with omitted optional metadata produce parseable JSON artifacts and replay (447.3751ms)
✔ optional auditor metadata works through the real feedback evidence and recurring consumer bridge (516.8323ms)
✔ policy has the ten requested workstreams and never assigns people (3.99ms)
✔ classification supports Multiplayer (6.4981ms)
✔ classification supports UX/UI (1.9678ms)
✔ classification supports Multi-system execution (1.2975ms)
✔ classification supports Janitor (1.3674ms)
✔ classification supports Dynamic agent teams (1.3432ms)
✔ classification supports DevOps/PR review/branch protection (1.2556ms)
✔ classification supports Security (1.2472ms)
✔ classification supports Agent communication layer (3.1018ms)
✔ classification supports Dark factory automation (2.2624ms)
✔ classification supports Backend scalability / pub-sub (1.5746ms)
✔ classification preserves labels and assignees (14.7159ms)
✔ UX alias means UX/UI (14.0656ms)
✔ an unassigned issue is not a violation (5.1439ms)
✔ full fixture audit has zero mutations and catches closing-link conflict (4.888ms)
✔ non-closing prose overrides no native link, not unrelated partial references (3.9567ms)
✔ explicit do-not-close linked issue is flagged (4.0343ms)
✔ closed unmerged PR does not close an open issue (4.2182ms)
✔ reopened issue remains open after a historical merged PR (3.5978ms)
✔ no automatic close for several partial PRs (4.1671ms)
✔ only explicit dependency section is interpreted (0.2259ms)
✔ code fences and quoted references are not dependency authority (0.2152ms)
✔ native/text dependency disagreement is flagged (4.0487ms)
✔ matching dependencies do not produce a mismatch (4.0379ms)
✔ dependency cycles are bounded and reported once (4.1999ms)
✔ parent hierarchy mismatch and cycle are detected (3.9348ms)
✔ outside-scope dependency is not fetched or treated as complete (3.8417ms)
✔ missing local dependency is unverified, not closed (3.5499ms)
✔ open issue marked Done is flagged without changing the board (4.1633ms)
✔ unknown workstream is a review hint, not a rename (3.331ms)
✔ locked default branch is flagged, without bypass (3.82ms)
✔ stale PR source head is reported (3.5016ms)
✔ current independent review is accepted as evidence (4.0737ms)
✔ author approval is not current independent human approval (4.4269ms)
✔ bot approval is not current independent human approval (3.481ms)
✔ old-head approval is not current independent human approval (3.6339ms)
✔ later comment does not erase a valid prior approval (3.6063ms)
✔ failed checks and requested changes are surfaced (3.8621ms)
✔ missing checks are not a success (3.533ms)
✔ stale snapshots are labeled (3.348ms)
✔ future snapshots fail closed (1.5626ms)
✔ finding IDs are stable across repeated reads (7.1206ms)
✔ reported secrets are redacted and Markdown is escaped (9.395ms)
✔ refuses: assign #50 to example-user (5.2514ms)
✔ refuses: label #50 multiplayer (4.6739ms)
✔ refuses: close #50 (4.2653ms)
✔ refuses: merge PR #237 (4.5637ms)
✔ refuses: enable auto-merge (4.3918ms)
✔ refuses: delete a branch (4.1052ms)
✔ refuses: approve PR #237 (4.199ms)
✔ refuses: can you change the rules (4.5085ms)
✔ question answers use recorded evidence and canonical references (4.9163ms)
✔ reverse dependency questions list dependents (4.327ms)
✔ unknown questions ask for clarification (4.616ms)
✔ untrusted instruction text grants no tools (4.8477ms)
✔ snapshot rejects wrong repo (1.2329ms)
✔ snapshot rejects wrong project (1.0873ms)
✔ snapshot rejects partial coverage (0.9597ms)
✔ snapshot rejects wrong count (1.0789ms)
✔ snapshot rejects duplicate issue (1.2615ms)
✔ snapshot rejects hostile URL (1.1393ms)
✔ snapshot rejects hidden project item (1.2001ms)
✔ snapshot rejects cross-repo item (1.0925ms)
✔ snapshot rejects duplicate project item (1.1704ms)
✔ snapshot rejects oversized body (1.1938ms)
✔ collector completes two matching passes with no writes (4.3993ms)
✔ collector rejects issue drift between passes (2.5946ms)
✔ collector rejects incomplete nested dependencies (1.1559ms)
✔ collector rejects a changed PR head/check binding (1.1605ms)
✔ collector rejects repeated pagination cursors (1.11ms)
✔ collector rejects inaccessible connection entries (0.145ms)
✔ read client verifies Bakar404 and never switches accounts (1.2768ms)
✔ explicit hash-pinned read principal does not change the pilot or read allowlist (16.0147ms)
✔ collector profile rejects changed scope or unsupported fields: repository (8.0261ms)
✔ collector profile rejects changed scope or unsupported fields: project_id (15.4714ms)
✔ collector profile rejects changed scope or unsupported fields: project_number (14.9639ms)
✔ collector profile rejects changed scope or unsupported fields: token (15.3713ms)
✔ collector profile rejects changed scope or unsupported fields: url (15.9554ms)
✔ collector profile rejects changed scope or unsupported fields: collector_login (8.9057ms)
✔ collector profile rejects wrong hashes, changed bytes and duplicate keys (42.3029ms)
✔ profiled collection records the actual principal and rejects identity or profile drift (31.1529ms)
✔ read client exposes no arbitrary query or write operation (1.2126ms)
✔ GraphQL cursor remains data, not executable query text (1.9659ms)
✔ GraphQL errors do not become accepted partial data (1.1413ms)
✔ GraphQL reserve prevents further reads (1.1102ms)
✔ collection has an elapsed-time bound (1.0608ms)
✔ dry run uses neither network nor output files (1.3529ms)
✔ CLI rejects apply (0.2124ms)
✔ CLI rejects audit --fixture --live (0.1014ms)
✔ CLI rejects audit --fixture --out ../escape.json (0.1369ms)
✔ CLI rejects audit --dry-run --out file.json (0.092ms)
✔ CLI rejects audit --fixture --assign example-user (0.0753ms)
✔ CLI rejects ask --fixture (0.0755ms)
✔ actual CLI dry run works from another directory and has no network intent (144.5665ms)
✔ test chat prepares an evidence-based reply without sending it (6.6208ms)
✔ test chat rejects wrong tenant (0.3115ms)
✔ test chat rejects wrong group (0.1405ms)
✔ test chat rejects personal chat (0.1269ms)
✔ test chat rejects other channel (0.1276ms)
✔ test chat ignores messages without a mention (0.1318ms)
✔ test chat ignores its own messages (0.1229ms)
✔ test chat refuses mutation requests (4.2578ms)
✔ no production mode or implicit binding (0.2464ms)
ℹ tests 227
ℹ suites 0
ℹ pass 227
ℹ fail 0
ℹ cancelled 0
ℹ skipped 0
ℹ todo 0
ℹ duration_ms 80254.6783
