$ node --test --test-concurrency=2 --test-timeout=180000 scenarios/repo-steward/steward.test.mjs scenarios/repo-steward/actions.test.mjs scenarios/repo-steward/recurring-audit.test.mjs scenarios/repo-steward/feedback.test.mjs scenarios/repo-steward/maintenance.test.mjs scenarios/repo-steward/feedback-cli.test.mjs
✔ Actions preview performs no live reads or summary publication (1.9517ms)
✔ Actions fixture uses the real auditor without GitHub access (26.8319ms)
✔ invalid workflow input is rejected during preview without data access (0.9579ms)
✔ hosted live mode rejects non-Actions host before reading data (0.4028ms)
✔ hosted live mode rejects PR event before reading data (0.7774ms)
✔ hosted live mode rejects another repository before reading data (0.2836ms)
✔ hosted live mode rejects feature branch before reading data (0.4002ms)
✔ hosted live mode rejects another actor before reading data (0.2701ms)
✔ hosted live mode rejects another rerun operator before reading data (0.3886ms)
✔ hosted live mode rejects missing triggering actor before reading data (0.5194ms)
✔ hosted live mode rejects missing source commit before reading data (0.3702ms)
✔ hosted live mode rejects disabled pilot before reading data (0.2341ms)
✔ hosted live mode rejects unapproved public summary before reading data (0.1879ms)
✔ hosted live mode rejects missing credential before reading data (0.1655ms)
✔ hosted live mode rejects blank credential before reading data (0.196ms)
✔ hosted live mode rejects write-enabled configuration before reading data (0.1888ms)
✔ GITHUB_TOKEN does not substitute for Project-readable credentials (0.279ms)
✔ an admitted live path collects once and retains zero mutations (5.5336ms)
✔ collector failure does not produce a successful report (0.2866ms)
✔ stale hosted snapshots fail instead of publishing old findings (5.9771ms)
✔ public summaries never include free-form source or evidence text (5.2516ms)
✔ summary rejects unknown rule (4.1458ms)
✔ summary rejects bad finding id (4.3485ms)
✔ summary rejects foreign reference (4.01ms)
✔ summary rejects mutation claim (4.3156ms)
✔ summary rejects wrong scope (3.91ms)
✔ summary rejects invalid timestamp (4.1491ms)
✔ summary rejects bad totals (5.1822ms)
✔ public finding index is bounded without copying omitted details (5.5463ms)
✔ every configured fixture rule has an explicit publication review (4.4822ms)
✔ summary file writes remain inside a supplied native temporary directory (16.1809ms)
✔ Actions CLI rejects unsupported arguments --apply (0.2568ms)
✔ Actions CLI rejects unsupported arguments --live (0.0994ms)
✔ Actions CLI rejects unsupported arguments --live (0.095ms)
✔ actual fixture CLI needs no hosted secrets or Teams SDK (168.2708ms)
✔ manual workflow keeps first-party actions pinned and live credentials isolated (15.072ms)
✔ feedback CLI rejects unsupported, missing and duplicate transition arguments (1.944ms)
✔ new-file corpus output preserves the previous version and refuses overwrite (23.6984ms)
✔ initializing a corpus binds the validated input scope without changing its snapshot (40.7895ms)
✔ partial snapshot cannot create a corpus file (20.7381ms)
✔ redirected output parent is refused without writing through it (5.035ms)
✔ review evidence must be a file and cannot use a directory as a digest source (45.6366ms)
✔ review CLI records the exact binary digest and closes its descriptor (75.8099ms)
✔ same-size review replacement between metadata check and open cannot update a corpus (27.4261ms)
✔ review parent swapped for a symlink or junction before open is rejected (33.481ms)
✔ same-size pathname replacement after descriptor read is rejected (30.0495ms)
✔ same-size in-place review rewrite cannot hide behind a restored modification time (24.6589ms)
✔ review growth after open stays within its original byte bound and is rejected (23.7003ms)
✔ bounded review reads handle partial reads and reject empty or oversized files (15.2158ms)
✔ native behavioral evidence remains candidate with original local source and no finding impersonation (61.2577ms)
✔ native behavioral activation is denied for mixed support and forged active or retired history (39.6602ms)
✔ native behavioral candidates can be rejected without widening legacy review authority (42.6016ms)
✔ native behavioral bytes, identity claims, source and repeated runs remain validated (119.8579ms)
✔ evidence binds actual audit finding and supplied snapshot without certifying collection or identity (11.8779ms)
✔ accepted missing Project status binds the native serialized report and finding in evidence and observations (38.7977ms)
✔ auditor optional-field normalization retains strict data-only feedback and report validation (65.9488ms)
✔ timestamp-only or unrelated snapshot changes do not manufacture repeated supporting evidence (35.4101ms)
✔ partial, cross-scope, stale or missing findings cannot become feedback evidence (12.457ms)
✔ feedback source pins accept exactly 40 or 64 hexadecimal characters, including supplied evidence (64.0734ms)
✔ candidate, active and retired versions preserve their inputs and have exact transition digests (16.3786ms)
✔ one observation, fabricated evidence bytes and replayed reviews cannot activate a rule (68.5629ms)
✔ reviewer labels and claimed approval booleans do not supply verified review authority (23.5692ms)
✔ explicit rejection remains terminal and contributes no advice (38.2169ms)
✔ prospective expiry is mandatory, bounded, and effective at the exact boundary (103.7203ms)
✔ active capacity cannot expand and supersession retires only the exact predecessor (71.2434ms)
✔ supersession rejects stale targets and cannot cross finding rules (46.1098ms)
✔ active guidance annotates only matching findings without hiding or changing original conclusions (21.126ms)
✔ broad matching admits at most the finite annotation limit and never truncates an excessive report (320.7555ms)
✔ serialized output bytes are admitted before escaped guidance and evidence references fan out (58.4997ms)
✔ later audits honor activation and retirement while the original report stays identical (35.9067ms)
✔ unknown executable, suppression, assignment and permission options are rejected (132.0022ms)
✔ stale reports, foreign scope and altered evidence fail closed (24.4896ms)
✔ canonical digests ignore property insertion order but reject executable and non-finite data (0.3903ms)
✔ reusable corpus validation preserves input and rejects authority claims or altered guidance (15.5691ms)
✔ explicit collector profile requires a hash and cannot relabel a supplied snapshot (2.9276ms)
✔ recurrence requires finite explicit bounds before reading any input (0.7694ms)
✔ finite recurrence reloads snapshot and feedback on every cycle (2.7035ms)
✔ paused and stopped records prevent collection and input reads (2.3185ms)
✔ exhausted persisted attempts reject before snapshot, feedback or live collection (2.7729ms)
✔ watch admits the final allowed attempt and then stops before collecting another snapshot (1.3141ms)
✔ source mismatch refuses before reading snapshot or feedback (1.1809ms)
✔ a failed cycle stops recurrence without retrying or losing the failure (1.433ms)
✔ first snapshot acquisition failure retains one sanitized failed attempt (322.2708ms)
✔ later corpus acquisition failure preserves earlier accepted evidence and consumes one attempt (770.0152ms)
✔ live acquisition failure is retained once without raw error text or a retry (270.6318ms)
✔ pause and stop during failed acquisition remain effective without a new admitted attempt (1976.4817ms)
✔ deadline crossing during failed acquisition prevents late attempt admission (1.3842ms)
✔ interruption during failed acquisition prevents a new admitted attempt (1.1908ms)
✔ duration bounds stop admission after collection without writing a late result (1.0313ms)
✔ interruption during an interval exits without another audit (1.2345ms)
✔ control commands delegate exact action, source and reason without collecting (2.8985ms)
✔ status exposes bounded metadata and no retained finding text (1.051ms)
✔ one audit writes source-bound immutable private reports and an advisory handoff (438.5608ms)
✔ fresh capture timestamps and transport metrics alone produce no new report or proposal across restart (687.1416ms)
✔ live state binds the exact selected principal and profile through restart and controls (2472.539ms)
✔ profile metadata cannot convert supplied evidence or a different live principal into accepted observations (300.8598ms)
✔ changed scoped content produces a new receipt while retaining stable finding dedupe (516.6896ms)
✔ resolved findings are recorded without claiming a remote correction (484.3726ms)
✔ stale input fails and preserves a failed attempt, never reusing previous success (578.1782ms)
✔ future input fails and preserves a failed attempt, never reusing previous success (568.8143ms)
✔ incomplete input fails and preserves a failed attempt, never reusing previous success (580.8763ms)
✔ source drift fails and preserves a failed attempt, never reusing previous success (572.5882ms)
✔ changing the caller source pin cannot migrate an existing directory (434.0803ms)
✔ pause prevents input use, resume retains dedupe, and stop cannot resume (2186.2981ms)
✔ concurrent cycles have one winner and never create duplicate accepted receipts (376.8272ms)
✔ retained locks fail closed without PID reuse or timeout-based recovery (18.2713ms)
✔ incomplete intent and rollback to an older checkpoint refuse replay (608.8438ms)
✔ tampered referenced artifacts are rejected and preserved (320.3259ms)
✔ output-directory redirection refuses writes through a symlink or junction (10.3815ms)
✔ an unexpected output file is retained, not overwritten or removed (17.8805ms)
✔ status rejects unexpected files in initialized state before accepting its control projection (309.6653ms)
✔ missing, traversal-style and incomplete control requests do not create authority (4.2966ms)
✔ live source claims retain the existing collector identity and zero-write metadata (399.5829ms)
✔ finite convenience API has explicit bounds and performs no scheduling (1101.282ms)
✔ state and artifact redirection are not followed on read (257.1128ms)
✔ alter of earlier history is detected after a newer successful cycle (650.6729ms)
✔ delete of earlier history is detected after a newer successful cycle (636.47ms)
✔ changed implementation pins fail before a new intent is written (400.3195ms)
✔ a directory replaced while a caller holds its lock cannot redirect any artifact write (335.1046ms)
✔ actual corpus activation and retirement change only separately bound advisory output (1255.4495ms)
✔ expiry invalidates cached advisory annotations even without corpus byte changes (577.4195ms)
✔ mixed retained controls and new cycles enforce one transition bound with a reserved terminal stop (58987.9396ms)
✔ accepted snapshots with omitted optional metadata produce parseable JSON artifacts and replay (458.1637ms)
✔ optional auditor metadata works through the real feedback evidence and recurring consumer bridge (512.2732ms)
✔ policy has the ten requested workstreams and never assigns people (3.344ms)
✔ classification supports Multiplayer (5.9102ms)
✔ classification supports UX/UI (1.7375ms)
✔ classification supports Multi-system execution (1.3191ms)
✔ classification supports Janitor (1.5354ms)
✔ classification supports Dynamic agent teams (1.1654ms)
✔ classification supports DevOps/PR review/branch protection (1.9173ms)
✔ classification supports Security (1.1323ms)
✔ classification supports Agent communication layer (1.1869ms)
✔ classification supports Dark factory automation (1.2862ms)
✔ classification supports Backend scalability / pub-sub (1.0839ms)
✔ classification preserves labels and assignees (11.994ms)
✔ UX alias means UX/UI (13.8701ms)
✔ an unassigned issue is not a violation (5.2968ms)
✔ full fixture audit has zero mutations and catches closing-link conflict (4.6102ms)
✔ non-closing prose overrides no native link, not unrelated partial references (3.7861ms)
✔ explicit do-not-close linked issue is flagged (3.7795ms)
✔ closed unmerged PR does not close an open issue (4.0147ms)
✔ reopened issue remains open after a historical merged PR (3.4445ms)
✔ no automatic close for several partial PRs (4.1131ms)
✔ only explicit dependency section is interpreted (0.1679ms)
✔ code fences and quoted references are not dependency authority (0.2249ms)
✔ native/text dependency disagreement is flagged (3.9834ms)
✔ matching dependencies do not produce a mismatch (4.0494ms)
✔ dependency cycles are bounded and reported once (4.1057ms)
✔ parent hierarchy mismatch and cycle are detected (3.7978ms)
✔ outside-scope dependency is not fetched or treated as complete (3.9138ms)
✔ missing local dependency is unverified, not closed (3.5535ms)
✔ open issue marked Done is flagged without changing the board (4.0562ms)
✔ unknown workstream is a review hint, not a rename (3.2594ms)
✔ locked default branch is flagged, without bypass (3.8971ms)
✔ stale PR source head is reported (4.0472ms)
✔ current independent review is accepted as evidence (3.796ms)
✔ author approval is not current independent human approval (3.8559ms)
✔ bot approval is not current independent human approval (3.6189ms)
✔ old-head approval is not current independent human approval (3.878ms)
✔ later comment does not erase a valid prior approval (3.5153ms)
✔ failed checks and requested changes are surfaced (3.633ms)
✔ missing checks are not a success (3.7418ms)
✔ stale snapshots are labeled (3.7194ms)
✔ future snapshots fail closed (1.522ms)
✔ finding IDs are stable across repeated reads (6.6635ms)
✔ reported secrets are redacted and Markdown is escaped (11.2374ms)
✔ refuses: assign #50 to example-user (4.2285ms)
✔ refuses: label #50 multiplayer (4.482ms)
✔ refuses: close #50 (4.627ms)
✔ refuses: merge PR #237 (3.9399ms)
✔ refuses: enable auto-merge (4.1012ms)
✔ refuses: delete a branch (4.6101ms)
✔ refuses: approve PR #237 (4.1543ms)
✔ refuses: can you change the rules (4.2263ms)
✔ question answers use recorded evidence and canonical references (5.0198ms)
✔ reverse dependency questions list dependents (4.5461ms)
✔ unknown questions ask for clarification (4.4907ms)
✔ untrusted instruction text grants no tools (4.4365ms)
✔ snapshot rejects wrong repo (1.1105ms)
✔ snapshot rejects wrong project (1.0381ms)
✔ snapshot rejects partial coverage (1.0774ms)
✔ snapshot rejects wrong count (0.987ms)
✔ snapshot rejects duplicate issue (1.1211ms)
✔ snapshot rejects hostile URL (1.0173ms)
✔ snapshot rejects hidden project item (1.1389ms)
✔ snapshot rejects cross-repo item (1.1243ms)
✔ snapshot rejects duplicate project item (1.1815ms)
✔ snapshot rejects oversized body (1.1571ms)
✔ collector completes two matching passes with no writes (4.2922ms)
✔ collector rejects issue drift between passes (2.9858ms)
✔ collector rejects incomplete nested dependencies (2.1025ms)
✔ collector rejects a changed PR head/check binding (1.2837ms)
✔ collector rejects repeated pagination cursors (1.2888ms)
✔ collector rejects inaccessible connection entries (0.1504ms)
✔ read client verifies Bakar404 and never switches accounts (1.3817ms)
✔ explicit hash-pinned read principal does not change the pilot or read allowlist (17.4379ms)
✔ collector profile rejects changed scope or unsupported fields: repository (17.3152ms)
✔ collector profile rejects changed scope or unsupported fields: project_id (16.476ms)
✔ collector profile rejects changed scope or unsupported fields: project_number (16.8496ms)
✔ collector profile rejects changed scope or unsupported fields: token (17.25ms)
✔ collector profile rejects changed scope or unsupported fields: url (16.0381ms)
✔ collector profile rejects changed scope or unsupported fields: collector_login (15.1351ms)
✔ collector profile rejects wrong hashes, changed bytes and duplicate keys (44.5197ms)
✔ profiled collection records the actual principal and rejects identity or profile drift (31.2118ms)
✔ read client exposes no arbitrary query or write operation (1.4586ms)
✔ GraphQL cursor remains data, not executable query text (1.6295ms)
✔ GraphQL errors do not become accepted partial data (1.1947ms)
✔ GraphQL reserve prevents further reads (1.1188ms)
✔ collection has an elapsed-time bound (1.0613ms)
✔ dry run uses neither network nor output files (1.246ms)
✔ CLI rejects apply (0.137ms)
✔ CLI rejects audit --fixture --live (0.1016ms)
✔ CLI rejects audit --fixture --out ../escape.json (0.137ms)
✔ CLI rejects audit --dry-run --out file.json (0.0921ms)
✔ CLI rejects audit --fixture --assign example-user (0.0799ms)
✔ CLI rejects ask --fixture (0.1138ms)
✔ actual CLI dry run works from another directory and has no network intent (144.1157ms)
✔ test chat prepares an evidence-based reply without sending it (5.6766ms)
✔ test chat rejects wrong tenant (0.3329ms)
✔ test chat rejects wrong group (0.1455ms)
✔ test chat rejects personal chat (0.1337ms)
✔ test chat rejects other channel (0.1276ms)
✔ test chat ignores messages without a mention (0.1306ms)
✔ test chat ignores its own messages (0.1208ms)
✔ test chat refuses mutation requests (4.9975ms)
✔ no production mode or implicit binding (0.2962ms)
ℹ tests 227
ℹ suites 0
ℹ pass 227
ℹ fail 0
ℹ cancelled 0
ℹ skipped 0
ℹ todo 0
ℹ duration_ms 79300.3383
