$ node --test --test-concurrency=2 --test-timeout=180000 scenarios/repo-steward/steward.test.mjs scenarios/repo-steward/actions.test.mjs scenarios/repo-steward/recurring-audit.test.mjs scenarios/repo-steward/feedback.test.mjs scenarios/repo-steward/maintenance.test.mjs scenarios/repo-steward/feedback-cli.test.mjs
✔ Actions preview performs no live reads or summary publication (2.4027ms)
✔ Actions fixture uses the real auditor without GitHub access (30.3596ms)
✔ invalid workflow input is rejected during preview without data access (1.4883ms)
✔ hosted live mode rejects non-Actions host before reading data (0.4528ms)
✔ hosted live mode rejects PR event before reading data (1.2852ms)
✔ hosted live mode rejects another repository before reading data (0.3903ms)
✔ hosted live mode rejects feature branch before reading data (0.247ms)
✔ hosted live mode rejects another actor before reading data (0.185ms)
✔ hosted live mode rejects another rerun operator before reading data (0.2673ms)
✔ hosted live mode rejects missing triggering actor before reading data (0.3761ms)
✔ hosted live mode rejects missing source commit before reading data (0.3052ms)
✔ hosted live mode rejects disabled pilot before reading data (0.1675ms)
✔ hosted live mode rejects unapproved public summary before reading data (0.1404ms)
✔ hosted live mode rejects missing credential before reading data (0.1088ms)
✔ hosted live mode rejects blank credential before reading data (0.1373ms)
✔ hosted live mode rejects write-enabled configuration before reading data (0.1341ms)
✔ GITHUB_TOKEN does not substitute for Project-readable credentials (0.2275ms)
✔ an admitted live path collects once and retains zero mutations (5.7888ms)
✔ collector failure does not produce a successful report (0.4227ms)
✔ stale hosted snapshots fail instead of publishing old findings (6.5936ms)
✔ public summaries never include free-form source or evidence text (5.5598ms)
✔ summary rejects unknown rule (4.0744ms)
✔ summary rejects bad finding id (4.8412ms)
✔ summary rejects foreign reference (4.3574ms)
✔ summary rejects mutation claim (4.556ms)
✔ summary rejects wrong scope (4.5877ms)
✔ summary rejects invalid timestamp (4.4523ms)
✔ summary rejects bad totals (6.1177ms)
✔ public finding index is bounded without copying omitted details (4.9662ms)
✔ every configured fixture rule has an explicit publication review (4.1546ms)
✔ summary file writes remain inside a supplied native temporary directory (14.7942ms)
✔ Actions CLI rejects unsupported arguments --apply (0.2743ms)
✔ Actions CLI rejects unsupported arguments --live (0.1142ms)
✔ Actions CLI rejects unsupported arguments --live (0.0913ms)
✔ actual fixture CLI needs no hosted secrets or Teams SDK (176.2326ms)
✔ manual workflow keeps first-party actions pinned and live credentials isolated (11.6202ms)
✔ feedback CLI rejects unsupported, missing and duplicate transition arguments (3.0089ms)
✔ new-file corpus output preserves the previous version and refuses overwrite (25.978ms)
✔ initializing a corpus binds the validated input scope without changing its snapshot (41.5728ms)
✔ partial snapshot cannot create a corpus file (21.5065ms)
✔ redirected output parent is refused without writing through it (5.3401ms)
✔ review evidence must be a file and cannot use a directory as a digest source (40.7668ms)
✔ review CLI records the exact binary digest and closes its descriptor (81.1224ms)
✔ same-size review replacement between metadata check and open cannot update a corpus (28.5365ms)
✔ review parent swapped for a symlink or junction before open is rejected (32.5031ms)
✔ same-size pathname replacement after descriptor read is rejected (28.1046ms)
✔ same-size in-place review rewrite cannot hide behind a restored modification time (31.706ms)
✔ review growth after open stays within its original byte bound and is rejected (42.2284ms)
✔ bounded review reads handle partial reads and reject empty or oversized files (17.9124ms)
✔ native behavioral evidence remains candidate with original local source and no finding impersonation (73.7234ms)
✔ native behavioral activation is denied for mixed support and forged active or retired history (58.3708ms)
✔ native behavioral candidates can be rejected without widening legacy review authority (60.0419ms)
✔ native behavioral bytes, identity claims, source and repeated runs remain validated (140.6996ms)
✔ evidence binds actual audit finding and supplied snapshot without certifying collection or identity (10.9631ms)
✔ accepted missing Project status binds the native serialized report and finding in evidence and observations (51.2633ms)
✔ auditor optional-field normalization retains strict data-only feedback and report validation (75.0324ms)
✔ timestamp-only or unrelated snapshot changes do not manufacture repeated supporting evidence (37.1143ms)
✔ partial, cross-scope, stale or missing findings cannot become feedback evidence (14.4324ms)
✔ feedback source pins accept exactly 40 or 64 hexadecimal characters, including supplied evidence (72.7622ms)
✔ candidate, active and retired versions preserve their inputs and have exact transition digests (18.629ms)
✔ one observation, fabricated evidence bytes and replayed reviews cannot activate a rule (84.3495ms)
✔ reviewer labels and claimed approval booleans do not supply verified review authority (26.0997ms)
✔ explicit rejection remains terminal and contributes no advice (36.5622ms)
✔ prospective expiry is mandatory, bounded, and effective at the exact boundary (92.1099ms)
✔ active capacity cannot expand and supersession retires only the exact predecessor (59.0544ms)
✔ supersession rejects stale targets and cannot cross finding rules (39.796ms)
✔ active guidance annotates only matching findings without hiding or changing original conclusions (20.7622ms)
✔ broad matching admits at most the finite annotation limit and never truncates an excessive report (343.4649ms)
✔ serialized output bytes are admitted before escaped guidance and evidence references fan out (73.8291ms)
✔ later audits honor activation and retirement while the original report stays identical (39.2826ms)
✔ unknown executable, suppression, assignment and permission options are rejected (137.7972ms)
✔ stale reports, foreign scope and altered evidence fail closed (24.7323ms)
✔ canonical digests ignore property insertion order but reject executable and non-finite data (0.5377ms)
✔ reusable corpus validation preserves input and rejects authority claims or altered guidance (15.206ms)
✔ explicit collector profile requires a hash and cannot relabel a supplied snapshot (3.4556ms)
✔ recurrence requires finite explicit bounds before reading any input (1.0019ms)
✔ finite recurrence reloads snapshot and feedback on every cycle (3.1954ms)
✔ paused and stopped records prevent collection and input reads (3.3692ms)
✔ exhausted persisted attempts reject before snapshot, feedback or live collection (4.1307ms)
✔ watch admits the final allowed attempt and then stops before collecting another snapshot (2.0587ms)
✔ source mismatch refuses before reading snapshot or feedback (1.8045ms)
✔ a failed cycle stops recurrence without retrying or losing the failure (2.12ms)
✔ first snapshot acquisition failure retains one sanitized failed attempt (364.1164ms)
✔ later corpus acquisition failure preserves earlier accepted evidence and consumes one attempt (792.3461ms)
✔ live acquisition failure is retained once without raw error text or a retry (301.886ms)
✔ pause and stop during failed acquisition remain effective without a new admitted attempt (2067.6686ms)
✔ deadline crossing during failed acquisition prevents late attempt admission (1.7781ms)
✔ interruption during failed acquisition prevents a new admitted attempt (1.3916ms)
✔ duration bounds stop admission after collection without writing a late result (1.27ms)
✔ interruption during an interval exits without another audit (1.3532ms)
✔ control commands delegate exact action, source and reason without collecting (3.9477ms)
✔ status exposes bounded metadata and no retained finding text (1.1891ms)
✔ one audit writes source-bound immutable private reports and an advisory handoff (445.4623ms)
✔ fresh capture timestamps and transport metrics alone produce no new report or proposal across restart (704.0147ms)
✔ live state binds the exact selected principal and profile through restart and controls (3070.157ms)
✔ profile metadata cannot convert supplied evidence or a different live principal into accepted observations (333.0115ms)
✔ changed scoped content produces a new receipt while retaining stable finding dedupe (639.5345ms)
✔ resolved findings are recorded without claiming a remote correction (537.7801ms)
✔ stale input fails and preserves a failed attempt, never reusing previous success (722.8317ms)
✔ future input fails and preserves a failed attempt, never reusing previous success (741.5942ms)
✔ incomplete input fails and preserves a failed attempt, never reusing previous success (744.2452ms)
✔ source drift fails and preserves a failed attempt, never reusing previous success (608.4692ms)
✔ changing the caller source pin cannot migrate an existing directory (494.0905ms)
✔ pause prevents input use, resume retains dedupe, and stop cannot resume (2393.2565ms)
✔ concurrent cycles have one winner and never create duplicate accepted receipts (359.485ms)
✔ retained locks fail closed without PID reuse or timeout-based recovery (16.8666ms)
✔ incomplete intent and rollback to an older checkpoint refuse replay (635.2882ms)
✔ tampered referenced artifacts are rejected and preserved (427.0672ms)
✔ output-directory redirection refuses writes through a symlink or junction (11.333ms)
✔ an unexpected output file is retained, not overwritten or removed (19.6069ms)
✔ status rejects unexpected files in initialized state before accepting its control projection (270.9524ms)
✔ missing, traversal-style and incomplete control requests do not create authority (4.6081ms)
✔ live source claims retain the existing collector identity and zero-write metadata (316.6414ms)
✔ finite convenience API has explicit bounds and performs no scheduling (991.4663ms)
✔ state and artifact redirection are not followed on read (291.1933ms)
✔ alter of earlier history is detected after a newer successful cycle (711.9774ms)
✔ delete of earlier history is detected after a newer successful cycle (685.1468ms)
✔ changed implementation pins fail before a new intent is written (397.1917ms)
✔ a directory replaced while a caller holds its lock cannot redirect any artifact write (336.2393ms)
✔ actual corpus activation and retirement change only separately bound advisory output (1350.4722ms)
✔ expiry invalidates cached advisory annotations even without corpus byte changes (719.4114ms)
✔ mixed retained controls and new cycles enforce one transition bound with a reserved terminal stop (63960.1001ms)
✔ accepted snapshots with omitted optional metadata produce parseable JSON artifacts and replay (461.6393ms)
✔ optional auditor metadata works through the real feedback evidence and recurring consumer bridge (537.2705ms)
✔ policy has the ten requested workstreams and never assigns people (4.0502ms)
✔ classification supports Multiplayer (9.8024ms)
✔ classification supports UX/UI (4.6751ms)
✔ classification supports Multi-system execution (2.0768ms)
✔ classification supports Janitor (2.1885ms)
✔ classification supports Dynamic agent teams (1.9775ms)
✔ classification supports DevOps/PR review/branch protection (1.7364ms)
✔ classification supports Security (2.2089ms)
✔ classification supports Agent communication layer (1.3803ms)
✔ classification supports Dark factory automation (1.7053ms)
✔ classification supports Backend scalability / pub-sub (1.3638ms)
✔ classification preserves labels and assignees (19.3125ms)
✔ UX alias means UX/UI (23.1548ms)
✔ an unassigned issue is not a violation (5.6733ms)
✔ full fixture audit has zero mutations and catches closing-link conflict (8.3008ms)
✔ non-closing prose overrides no native link, not unrelated partial references (4.6475ms)
✔ explicit do-not-close linked issue is flagged (4.1287ms)
✔ closed unmerged PR does not close an open issue (4.3664ms)
✔ reopened issue remains open after a historical merged PR (4.1285ms)
✔ no automatic close for several partial PRs (4.5044ms)
✔ only explicit dependency section is interpreted (0.216ms)
✔ code fences and quoted references are not dependency authority (0.2532ms)
✔ native/text dependency disagreement is flagged (6.6295ms)
✔ matching dependencies do not produce a mismatch (5.2658ms)
✔ dependency cycles are bounded and reported once (7.8179ms)
✔ parent hierarchy mismatch and cycle are detected (7.5816ms)
✔ outside-scope dependency is not fetched or treated as complete (4.4784ms)
✔ missing local dependency is unverified, not closed (6.3847ms)
✔ open issue marked Done is flagged without changing the board (5.4272ms)
✔ unknown workstream is a review hint, not a rename (3.8565ms)
✔ locked default branch is flagged, without bypass (5.7ms)
✔ stale PR source head is reported (5.6318ms)
✔ current independent review is accepted as evidence (5.2997ms)
✔ author approval is not current independent human approval (7.0609ms)
✔ bot approval is not current independent human approval (5.7527ms)
✔ old-head approval is not current independent human approval (6.5437ms)
✔ later comment does not erase a valid prior approval (4.98ms)
✔ failed checks and requested changes are surfaced (4.4648ms)
✔ missing checks are not a success (4.6755ms)
✔ stale snapshots are labeled (3.8232ms)
✔ future snapshots fail closed (2.0407ms)
✔ finding IDs are stable across repeated reads (11.2352ms)
✔ reported secrets are redacted and Markdown is escaped (18.5714ms)
✔ refuses: assign #50 to example-user (8.7276ms)
✔ refuses: label #50 multiplayer (6.7856ms)
✔ refuses: close #50 (5.4221ms)
✔ refuses: merge PR #237 (6.6462ms)
✔ refuses: enable auto-merge (6.5573ms)
✔ refuses: delete a branch (5.2601ms)
✔ refuses: approve PR #237 (6.9177ms)
✔ refuses: can you change the rules (7.3663ms)
✔ question answers use recorded evidence and canonical references (11.483ms)
✔ reverse dependency questions list dependents (6.1029ms)
✔ unknown questions ask for clarification (6.0275ms)
✔ untrusted instruction text grants no tools (6.8719ms)
✔ snapshot rejects wrong repo (3.2639ms)
✔ snapshot rejects wrong project (1.3294ms)
✔ snapshot rejects partial coverage (1.2945ms)
✔ snapshot rejects wrong count (3.5405ms)
✔ snapshot rejects duplicate issue (1.7041ms)
✔ snapshot rejects hostile URL (1.3338ms)
✔ snapshot rejects hidden project item (1.2705ms)
✔ snapshot rejects cross-repo item (1.533ms)
✔ snapshot rejects duplicate project item (1.4005ms)
✔ snapshot rejects oversized body (1.536ms)
✔ collector completes two matching passes with no writes (5.017ms)
✔ collector rejects issue drift between passes (2.8746ms)
✔ collector rejects incomplete nested dependencies (1.4335ms)
✔ collector rejects a changed PR head/check binding (1.5742ms)
✔ collector rejects repeated pagination cursors (1.3685ms)
✔ collector rejects inaccessible connection entries (0.2154ms)
✔ read client verifies Bakar404 and never switches accounts (1.9876ms)
✔ explicit hash-pinned read principal does not change the pilot or read allowlist (21.0511ms)
✔ collector profile rejects changed scope or unsupported fields: repository (18.6016ms)
✔ collector profile rejects changed scope or unsupported fields: project_id (20.5758ms)
✔ collector profile rejects changed scope or unsupported fields: project_number (24.7001ms)
✔ collector profile rejects changed scope or unsupported fields: token (21.1806ms)
✔ collector profile rejects changed scope or unsupported fields: url (18.5452ms)
✔ collector profile rejects changed scope or unsupported fields: collector_login (24.0709ms)
✔ collector profile rejects wrong hashes, changed bytes and duplicate keys (54.8485ms)
✔ profiled collection records the actual principal and rejects identity or profile drift (41.6373ms)
✔ read client exposes no arbitrary query or write operation (1.8446ms)
✔ GraphQL cursor remains data, not executable query text (1.5937ms)
✔ GraphQL errors do not become accepted partial data (1.4422ms)
✔ GraphQL reserve prevents further reads (1.5153ms)
✔ collection has an elapsed-time bound (1.4543ms)
✔ dry run uses neither network nor output files (1.5975ms)
✔ CLI rejects apply (0.1484ms)
✔ CLI rejects audit --fixture --live (0.1011ms)
✔ CLI rejects audit --fixture --out ../escape.json (0.9462ms)
✔ CLI rejects audit --dry-run --out file.json (0.1119ms)
✔ CLI rejects audit --fixture --assign example-user (0.0821ms)
✔ CLI rejects ask --fixture (0.137ms)
✔ actual CLI dry run works from another directory and has no network intent (174.241ms)
✔ test chat prepares an evidence-based reply without sending it (9.2305ms)
✔ test chat rejects wrong tenant (0.4944ms)
✔ test chat rejects wrong group (0.236ms)
✔ test chat rejects personal chat (0.1733ms)
✔ test chat rejects other channel (0.1743ms)
✔ test chat ignores messages without a mention (0.2484ms)
✔ test chat ignores its own messages (0.2082ms)
✔ test chat refuses mutation requests (5.4409ms)
✔ no production mode or implicit binding (0.384ms)
ℹ tests 227
ℹ suites 0
ℹ pass 227
ℹ fail 0
ℹ cancelled 0
ℹ skipped 0
ℹ todo 0
ℹ duration_ms 86445.1498
