   Compiling crony-runner v0.1.0 (<reviewed-worktree>\crates\crony-runner)
    Finished `test` profile [unoptimized + debuginfo] target(s) in 3.09s
     Running unittests src\bin\crony-evidence-paths.rs (<local-user>\code\ecorp-pr-completion-20260922\target\debug\deps\crony_evidence_paths-0cbed99269fe250e.exe)

running 16 tests
test tests::attribute_only_reparse_mutation_during_scan_is_rejected ... ok
test tests::bounded_scan_reports_names_and_never_personal_values ... ok
test tests::detector_matches_javascript_whitespace_and_path_variants ... ok
test tests::discovery_includes_every_completion_packet_and_ignores_other_prs ... ok
test tests::empty_files_and_exact_byte_limit_are_accepted ... ok
test tests::existing_writer_prevents_read_acquisition ... ok
test tests::hard_links_are_refused_before_the_read_window ... ok
test tests::held_ancestor_fences_replacement_before_enumeration ... ok
test tests::held_directory_fences_replacement_before_enumeration ... ok
test tests::held_file_cannot_be_replaced_by_an_outside_link ... ok
test tests::held_file_cannot_be_replaced_by_regular_outside_bytes ... ok
test tests::held_file_detects_or_prevents_growth ... ok
test tests::held_root_fences_replacement_before_enumeration ... ok
test tests::missing_packets_and_file_in_packet_namespace_fail_closed ... ok
test tests::native_nonjunction_reparse_directory_is_rejected ... ok
test tests::oversized_files_are_refused_before_the_read_window ... ok

test result: ok. 16 passed; 0 failed; 0 ignored; 0 measured; 0 filtered out; finished in 0.91s
