$ node --test --test-concurrency=2 --test-timeout=180000 scenarios/repo-steward/steward.test.mjs scenarios/repo-steward/actions.test.mjs scenarios/repo-steward/recurring-audit.test.mjs scenarios/repo-steward/feedback.test.mjs scenarios/repo-steward/maintenance.test.mjs scenarios/repo-steward/feedback-cli.test.mjs
✔ Actions preview performs no live reads or summary publication (2.1631ms)
✔ Actions fixture uses the real auditor without GitHub access (31.8731ms)
✔ invalid workflow input is rejected during preview without data access (1.2311ms)
✔ hosted live mode rejects non-Actions host before reading data (0.3771ms)
✔ hosted live mode rejects PR event before reading data (1.941ms)
✔ hosted live mode rejects another repository before reading data (0.2179ms)
✔ hosted live mode rejects feature branch before reading data (0.7194ms)
✔ hosted live mode rejects another actor before reading data (0.2369ms)
✔ hosted live mode rejects another rerun operator before reading data (0.501ms)
✔ hosted live mode rejects missing triggering actor before reading data (0.4855ms)
✔ hosted live mode rejects missing source commit before reading data (0.4967ms)
✔ hosted live mode rejects disabled pilot before reading data (0.1854ms)
✔ hosted live mode rejects unapproved public summary before reading data (0.1756ms)
✔ hosted live mode rejects missing credential before reading data (0.191ms)
✔ hosted live mode rejects blank credential before reading data (0.1903ms)
✔ hosted live mode rejects write-enabled configuration before reading data (0.1497ms)
✔ GITHUB_TOKEN does not substitute for Project-readable credentials (0.2391ms)
✔ an admitted live path collects once and retains zero mutations (7.8692ms)
✔ collector failure does not produce a successful report (0.3471ms)
✔ stale hosted snapshots fail instead of publishing old findings (6.6913ms)
✔ public summaries never include free-form source or evidence text (7.1902ms)
✔ summary rejects unknown rule (5.2445ms)
✔ summary rejects bad finding id (6.201ms)
✔ summary rejects foreign reference (7.1946ms)
✔ summary rejects mutation claim (6.6721ms)
✔ summary rejects wrong scope (5.3471ms)
✔ summary rejects invalid timestamp (5.9798ms)
✔ summary rejects bad totals (7.4382ms)
✔ public finding index is bounded without copying omitted details (6.1679ms)
✔ every configured fixture rule has an explicit publication review (5.2307ms)
✔ summary file writes remain inside a supplied native temporary directory (22.2624ms)
✔ Actions CLI rejects unsupported arguments --apply (0.4117ms)
✔ Actions CLI rejects unsupported arguments --live (0.1838ms)
✔ Actions CLI rejects unsupported arguments --live (0.1142ms)
✔ actual fixture CLI needs no hosted secrets or Teams SDK (245.8984ms)
✔ manual workflow keeps first-party actions pinned and live credentials isolated (12.5458ms)
✔ feedback CLI rejects unsupported, missing and duplicate transition arguments (2.4878ms)
✔ new-file corpus output preserves the previous version and refuses overwrite (28.0385ms)
✔ initializing a corpus binds the validated input scope without changing its snapshot (48.1449ms)
✔ partial snapshot cannot create a corpus file (28.8107ms)
✔ redirected output parent is refused without writing through it (8.4651ms)
✔ review evidence must be a file and cannot use a directory as a digest source (58.6541ms)
✔ review CLI records the exact binary digest and closes its descriptor (111.9338ms)
✔ same-size review replacement between metadata check and open cannot update a corpus (37.2445ms)
✔ review parent swapped for a symlink or junction before open is rejected (42.6544ms)
✔ same-size pathname replacement after descriptor read is rejected (36.3836ms)
✔ same-size in-place review rewrite cannot hide behind a restored modification time (36.8837ms)
✔ review growth after open stays within its original byte bound and is rejected (36.4241ms)
✔ bounded review reads handle partial reads and reject empty or oversized files (22.0533ms)
✔ native behavioral evidence remains candidate with original local source and no finding impersonation (74.4951ms)
✔ native behavioral activation is denied for mixed support and forged active or retired history (54.2759ms)
✔ native behavioral candidates can be rejected without widening legacy review authority (59.2695ms)
✔ native behavioral bytes, identity claims, source and repeated runs remain validated (142.1605ms)
✔ evidence binds actual audit finding and supplied snapshot without certifying collection or identity (13.7356ms)
✔ accepted missing Project status binds the native serialized report and finding in evidence and observations (56.8723ms)
✔ auditor optional-field normalization retains strict data-only feedback and report validation (84.8789ms)
✔ timestamp-only or unrelated snapshot changes do not manufacture repeated supporting evidence (32.2842ms)
✔ partial, cross-scope, stale or missing findings cannot become feedback evidence (17.3654ms)
✔ feedback source pins accept exactly 40 or 64 hexadecimal characters, including supplied evidence (81.4458ms)
✔ candidate, active and retired versions preserve their inputs and have exact transition digests (22.0296ms)
✔ one observation, fabricated evidence bytes and replayed reviews cannot activate a rule (109.3296ms)
✔ reviewer labels and claimed approval booleans do not supply verified review authority (29.6421ms)
✔ explicit rejection remains terminal and contributes no advice (52.9165ms)
✔ prospective expiry is mandatory, bounded, and effective at the exact boundary (170.4433ms)
✔ active capacity cannot expand and supersession retires only the exact predecessor (88.3582ms)
✔ supersession rejects stale targets and cannot cross finding rules (60.6839ms)
✔ active guidance annotates only matching findings without hiding or changing original conclusions (30.1379ms)
✔ broad matching admits at most the finite annotation limit and never truncates an excessive report (397.8387ms)
✔ serialized output bytes are admitted before escaped guidance and evidence references fan out (76.808ms)
✔ later audits honor activation and retirement while the original report stays identical (54.2043ms)
✔ unknown executable, suppression, assignment and permission options are rejected (181.2373ms)
✔ stale reports, foreign scope and altered evidence fail closed (27.991ms)
✔ canonical digests ignore property insertion order but reject executable and non-finite data (0.4603ms)
✔ reusable corpus validation preserves input and rejects authority claims or altered guidance (17.2389ms)
✔ explicit collector profile requires a hash and cannot relabel a supplied snapshot (3.0826ms)
✔ recurrence requires finite explicit bounds before reading any input (0.8895ms)
✔ finite recurrence reloads snapshot and feedback on every cycle (2.957ms)
✔ paused and stopped records prevent collection and input reads (3.027ms)
✔ exhausted persisted attempts reject before snapshot, feedback or live collection (2.9624ms)
✔ watch admits the final allowed attempt and then stops before collecting another snapshot (1.8672ms)
✔ source mismatch refuses before reading snapshot or feedback (1.4013ms)
✔ a failed cycle stops recurrence without retrying or losing the failure (1.8343ms)
✔ first snapshot acquisition failure retains one sanitized failed attempt (388.3796ms)
✔ later corpus acquisition failure preserves earlier accepted evidence and consumes one attempt (1048.8878ms)
✔ live acquisition failure is retained once without raw error text or a retry (358.5218ms)
✔ pause and stop during failed acquisition remain effective without a new admitted attempt (2472.4633ms)
✔ deadline crossing during failed acquisition prevents late attempt admission (1.7742ms)
✔ interruption during failed acquisition prevents a new admitted attempt (1.4019ms)
✔ duration bounds stop admission after collection without writing a late result (1.2755ms)
✔ interruption during an interval exits without another audit (1.626ms)
✔ control commands delegate exact action, source and reason without collecting (4.3043ms)
✔ status exposes bounded metadata and no retained finding text (1.3874ms)
✔ one audit writes source-bound immutable private reports and an advisory handoff (563.6657ms)
✔ fresh capture timestamps and transport metrics alone produce no new report or proposal across restart (902.3943ms)
✔ live state binds the exact selected principal and profile through restart and controls (2874.818ms)
✔ profile metadata cannot convert supplied evidence or a different live principal into accepted observations (321.9492ms)
✔ changed scoped content produces a new receipt while retaining stable finding dedupe (584.0823ms)
✔ resolved findings are recorded without claiming a remote correction (634.6159ms)
✔ stale input fails and preserves a failed attempt, never reusing previous success (742.0525ms)
✔ future input fails and preserves a failed attempt, never reusing previous success (772.6979ms)
✔ incomplete input fails and preserves a failed attempt, never reusing previous success (712.8626ms)
✔ source drift fails and preserves a failed attempt, never reusing previous success (757.53ms)
✔ changing the caller source pin cannot migrate an existing directory (546.0329ms)
✔ pause prevents input use, resume retains dedupe, and stop cannot resume (2648.3804ms)
✔ concurrent cycles have one winner and never create duplicate accepted receipts (421.1681ms)
✔ retained locks fail closed without PID reuse or timeout-based recovery (24.4803ms)
✔ incomplete intent and rollback to an older checkpoint refuse replay (676.8119ms)
✔ tampered referenced artifacts are rejected and preserved (365.4659ms)
✔ output-directory redirection refuses writes through a symlink or junction (12.5989ms)
✔ an unexpected output file is retained, not overwritten or removed (22.3487ms)
✔ status rejects unexpected files in initialized state before accepting its control projection (312.6458ms)
✔ missing, traversal-style and incomplete control requests do not create authority (6.1531ms)
✔ live source claims retain the existing collector identity and zero-write metadata (288.7478ms)
✔ finite convenience API has explicit bounds and performs no scheduling (1047.96ms)
✔ state and artifact redirection are not followed on read (279.8352ms)
✔ alter of earlier history is detected after a newer successful cycle (775.0923ms)
✔ delete of earlier history is detected after a newer successful cycle (758.6417ms)
✔ changed implementation pins fail before a new intent is written (530.3018ms)
✔ a directory replaced while a caller holds its lock cannot redirect any artifact write (381.5159ms)
✔ actual corpus activation and retirement change only separately bound advisory output (1492.8039ms)
✔ expiry invalidates cached advisory annotations even without corpus byte changes (726.0725ms)
✔ mixed retained controls and new cycles enforce one transition bound with a reserved terminal stop (70535.3667ms)
✔ accepted snapshots with omitted optional metadata produce parseable JSON artifacts and replay (521.2948ms)
✔ optional auditor metadata works through the real feedback evidence and recurring consumer bridge (581.0729ms)
✔ policy has the ten requested workstreams and never assigns people (4.1743ms)
✔ classification supports Multiplayer (8.1226ms)
✔ classification supports UX/UI (2.5053ms)
✔ classification supports Multi-system execution (1.5705ms)
✔ classification supports Janitor (1.8377ms)
✔ classification supports Dynamic agent teams (1.3962ms)
✔ classification supports DevOps/PR review/branch protection (2.9528ms)
✔ classification supports Security (1.6707ms)
✔ classification supports Agent communication layer (1.4168ms)
✔ classification supports Dark factory automation (1.5995ms)
✔ classification supports Backend scalability / pub-sub (1.4204ms)
✔ classification preserves labels and assignees (14.1401ms)
✔ UX alias means UX/UI (15.6659ms)
✔ an unassigned issue is not a violation (6.1183ms)
✔ full fixture audit has zero mutations and catches closing-link conflict (6.8088ms)
✔ non-closing prose overrides no native link, not unrelated partial references (5.9255ms)
✔ explicit do-not-close linked issue is flagged (4.668ms)
✔ closed unmerged PR does not close an open issue (4.9489ms)
✔ reopened issue remains open after a historical merged PR (4.0049ms)
✔ no automatic close for several partial PRs (5.3941ms)
✔ only explicit dependency section is interpreted (0.1996ms)
✔ code fences and quoted references are not dependency authority (0.3163ms)
✔ native/text dependency disagreement is flagged (7.3191ms)
✔ matching dependencies do not produce a mismatch (5.4586ms)
✔ dependency cycles are bounded and reported once (6.5584ms)
✔ parent hierarchy mismatch and cycle are detected (6.7149ms)
✔ outside-scope dependency is not fetched or treated as complete (5.9449ms)
✔ missing local dependency is unverified, not closed (4.8068ms)
✔ open issue marked Done is flagged without changing the board (6.0214ms)
✔ unknown workstream is a review hint, not a rename (4.1557ms)
✔ locked default branch is flagged, without bypass (4.8126ms)
✔ stale PR source head is reported (5.6456ms)
✔ current independent review is accepted as evidence (5.4763ms)
✔ author approval is not current independent human approval (5.6015ms)
✔ bot approval is not current independent human approval (4.7847ms)
✔ old-head approval is not current independent human approval (5.0894ms)
✔ later comment does not erase a valid prior approval (6.3788ms)
✔ failed checks and requested changes are surfaced (5.4411ms)
✔ missing checks are not a success (4.9711ms)
✔ stale snapshots are labeled (4.0963ms)
✔ future snapshots fail closed (2.2515ms)
✔ finding IDs are stable across repeated reads (12.7221ms)
✔ reported secrets are redacted and Markdown is escaped (16.8546ms)
✔ refuses: assign #50 to example-user (7.0899ms)
✔ refuses: label #50 multiplayer (7.4209ms)
✔ refuses: close #50 (5.459ms)
✔ refuses: merge PR #237 (7.2044ms)
✔ refuses: enable auto-merge (7.0093ms)
✔ refuses: delete a branch (6.8308ms)
✔ refuses: approve PR #237 (5.352ms)
✔ refuses: can you change the rules (6.4539ms)
✔ question answers use recorded evidence and canonical references (9.7337ms)
✔ reverse dependency questions list dependents (8.8454ms)
✔ unknown questions ask for clarification (7.1933ms)
✔ untrusted instruction text grants no tools (9.1996ms)
✔ snapshot rejects wrong repo (1.766ms)
✔ snapshot rejects wrong project (1.4007ms)
✔ snapshot rejects partial coverage (1.4366ms)
✔ snapshot rejects wrong count (1.6727ms)
✔ snapshot rejects duplicate issue (1.841ms)
✔ snapshot rejects hostile URL (1.6255ms)
✔ snapshot rejects hidden project item (1.7064ms)
✔ snapshot rejects cross-repo item (2.0127ms)
✔ snapshot rejects duplicate project item (1.8196ms)
✔ snapshot rejects oversized body (1.6877ms)
✔ collector completes two matching passes with no writes (5.6885ms)
✔ collector rejects issue drift between passes (3.8979ms)
✔ collector rejects incomplete nested dependencies (2.0129ms)
✔ collector rejects a changed PR head/check binding (2.0522ms)
✔ collector rejects repeated pagination cursors (1.7213ms)
✔ collector rejects inaccessible connection entries (0.1559ms)
✔ read client verifies Bakar404 and never switches accounts (1.6456ms)
✔ explicit hash-pinned read principal does not change the pilot or read allowlist (21.0627ms)
✔ collector profile rejects changed scope or unsupported fields: repository (19.2651ms)
✔ collector profile rejects changed scope or unsupported fields: project_id (20.9107ms)
✔ collector profile rejects changed scope or unsupported fields: project_number (18.7966ms)
✔ collector profile rejects changed scope or unsupported fields: token (18.4584ms)
✔ collector profile rejects changed scope or unsupported fields: url (20.2462ms)
✔ collector profile rejects changed scope or unsupported fields: collector_login (20.5534ms)
✔ collector profile rejects wrong hashes, changed bytes and duplicate keys (69.684ms)
✔ profiled collection records the actual principal and rejects identity or profile drift (43.8493ms)
✔ read client exposes no arbitrary query or write operation (1.6758ms)
✔ GraphQL cursor remains data, not executable query text (1.7081ms)
✔ GraphQL errors do not become accepted partial data (1.4713ms)
✔ GraphQL reserve prevents further reads (1.4291ms)
✔ collection has an elapsed-time bound (1.3677ms)
✔ dry run uses neither network nor output files (1.7602ms)
✔ CLI rejects apply (0.1586ms)
✔ CLI rejects audit --fixture --live (0.0999ms)
✔ CLI rejects audit --fixture --out ../escape.json (0.1403ms)
✔ CLI rejects audit --dry-run --out file.json (0.0917ms)
✔ CLI rejects audit --fixture --assign example-user (0.0764ms)
✔ CLI rejects ask --fixture (0.0786ms)
✔ actual CLI dry run works from another directory and has no network intent (181.0028ms)
✔ test chat prepares an evidence-based reply without sending it (8.8502ms)
✔ test chat rejects wrong tenant (0.3413ms)
✔ test chat rejects wrong group (0.144ms)
✔ test chat rejects personal chat (0.1299ms)
✔ test chat rejects other channel (0.1479ms)
✔ test chat ignores messages without a mention (0.1321ms)
✔ test chat ignores its own messages (0.1235ms)
✔ test chat refuses mutation requests (5.5361ms)
✔ no production mode or implicit binding (0.3533ms)
ℹ tests 227
ℹ suites 0
ℹ pass 227
ℹ fail 0
ℹ cancelled 0
ℹ skipped 0
ℹ todo 0
ℹ duration_ms 94881.4915
