✔ personal paths include drive-relative, prefixed, escaped and alternate separators (1.5882ms)
✔ normalized placeholders and ordinary prose remain valid (0.286ms)
✔ recursive packet scan and CLI reject a leak without printing its value (330.2825ms)
✔ retained PR226 packets including r3 are scanned for personal user paths (915.5972ms)
✔ root and ancestor directory links cannot redirect an evidence scan (27.4484ms)
✔ nested and dangling directory links fail closed (10.8362ms)
✔ canonical containment rejects absolute cross-drive and UNC relative results (0.4032ms)
✔ actual Windows short alias succeeds while a linked ancestor still fails (456.8957ms)
✔ file replacement before-open with regular fails without reading outside bytes (30.7159ms)
✔ file replacement before-open with symlink fails without reading outside bytes (17.8082ms)
✔ file replacement during-read with regular fails without reading outside bytes (23.5912ms)
✔ file replacement during-read with symlink fails without reading outside bytes (22.9452ms)
✔ oversize sparse evidence fails before a content read (8.6529ms)
✔ file growth during a descriptor read fails instead of accepting a prefix (12.4623ms)
ℹ tests 14
ℹ suites 0
ℹ pass 14
ℹ fail 0
ℹ cancelled 0
ℹ skipped 0
ℹ todo 0
ℹ duration_ms 2007.9702
