TAP version 13
# Subtest: the finite ceiling round-trips through JSON without a sentinel or rounding
ok 1 - the finite ceiling round-trips through JSON without a sentinel or rounding
  ---
  duration_ms: 1.0479
  type: 'test'
  ...
# Subtest: feed qualification accepts only the exact prefix replacement and retains integrity and versions
ok 2 - feed qualification accepts only the exact prefix replacement and retains integrity and versions
  ---
  duration_ms: 1.9245
  type: 'test'
  ...
# Subtest: integrity-only current locks require an identical descriptor, not a historical feed lock
ok 3 - integrity-only current locks require an identical descriptor, not a historical feed lock
  ---
  duration_ms: 0.3539
  type: 'test'
  ...
# Subtest: owned E2E keeps native process timestamp precision and rejects locale or truncated timestamps
ok 4 - owned E2E keeps native process timestamp precision and rejects locale or truncated timestamps
  ---
  duration_ms: 0.5796
  type: 'test'
  ...
# Subtest: disposable web source preserves tracked files excluded by ignore rules
ok 5 - disposable web source preserves tracked files excluded by ignore rules
  ---
  duration_ms: 1062.5198
  type: 'test'
  ...
1..5
# tests 5
# suites 0
# pass 5
# fail 0
# cancelled 0
# skipped 0
# todo 0
# duration_ms 1216.046
