$ node --test --test-concurrency=2 --test-timeout=180000 scenarios/repo-steward/steward.test.mjs scenarios/repo-steward/actions.test.mjs scenarios/repo-steward/recurring-audit.test.mjs scenarios/repo-steward/feedback.test.mjs scenarios/repo-steward/maintenance.test.mjs scenarios/repo-steward/feedback-cli.test.mjs
✔ Actions preview performs no live reads or summary publication (1.7717ms)
✔ Actions fixture uses the real auditor without GitHub access (27.3277ms)
✔ invalid workflow input is rejected during preview without data access (0.9796ms)
✔ hosted live mode rejects non-Actions host before reading data (0.3543ms)
✔ hosted live mode rejects PR event before reading data (0.363ms)
✔ hosted live mode rejects another repository before reading data (0.1841ms)
✔ hosted live mode rejects feature branch before reading data (0.2659ms)
✔ hosted live mode rejects another actor before reading data (0.1977ms)
✔ hosted live mode rejects another rerun operator before reading data (0.4161ms)
✔ hosted live mode rejects missing triggering actor before reading data (0.2692ms)
✔ hosted live mode rejects missing source commit before reading data (0.376ms)
✔ hosted live mode rejects disabled pilot before reading data (0.1603ms)
✔ hosted live mode rejects unapproved public summary before reading data (0.1326ms)
✔ hosted live mode rejects missing credential before reading data (0.116ms)
✔ hosted live mode rejects blank credential before reading data (0.1291ms)
✔ hosted live mode rejects write-enabled configuration before reading data (0.1566ms)
✔ GITHUB_TOKEN does not substitute for Project-readable credentials (0.2574ms)
✔ an admitted live path collects once and retains zero mutations (5.2748ms)
✔ collector failure does not produce a successful report (0.3013ms)
✔ stale hosted snapshots fail instead of publishing old findings (5.2221ms)
✔ public summaries never include free-form source or evidence text (6.4066ms)
✔ summary rejects unknown rule (3.8966ms)
✔ summary rejects bad finding id (4.6215ms)
✔ summary rejects foreign reference (4.0154ms)
✔ summary rejects mutation claim (5.8783ms)
✔ summary rejects wrong scope (4.036ms)
✔ summary rejects invalid timestamp (4.2754ms)
✔ summary rejects bad totals (5.7902ms)
✔ public finding index is bounded without copying omitted details (6.2616ms)
✔ every configured fixture rule has an explicit publication review (4.574ms)
✔ summary file writes remain inside a supplied native temporary directory (22.9445ms)
✔ Actions CLI rejects unsupported arguments --apply (0.2983ms)
✔ Actions CLI rejects unsupported arguments --live (0.0976ms)
✔ Actions CLI rejects unsupported arguments --live (0.0866ms)
✔ actual fixture CLI needs no hosted secrets or Teams SDK (226.5585ms)
✔ manual workflow keeps first-party actions pinned and live credentials isolated (13.5822ms)
✔ feedback CLI rejects unsupported, missing and duplicate transition arguments (2.045ms)
✔ new-file corpus output preserves the previous version and refuses overwrite (22.8067ms)
✔ initializing a corpus binds the validated input scope without changing its snapshot (41.2347ms)
✔ partial snapshot cannot create a corpus file (20.7689ms)
✔ redirected output parent is refused without writing through it (6.6032ms)
✔ review evidence must be a file and cannot use a directory as a digest source (52.9373ms)
✔ review CLI records the exact binary digest and closes its descriptor (92.7677ms)
✔ same-size review replacement between metadata check and open cannot update a corpus (33.2873ms)
✔ review parent swapped for a symlink or junction before open is rejected (40.8606ms)
✔ same-size pathname replacement after descriptor read is rejected (43.1211ms)
✔ same-size in-place review rewrite cannot hide behind a restored modification time (39.4702ms)
✔ review growth after open stays within its original byte bound and is rejected (34.0517ms)
✔ bounded review reads handle partial reads and reject empty or oversized files (20.0967ms)
✔ native behavioral evidence remains candidate with original local source and no finding impersonation (64.3649ms)
✔ native behavioral activation is denied for mixed support and forged active or retired history (42.3145ms)
✔ native behavioral candidates can be rejected without widening legacy review authority (52.9215ms)
✔ native behavioral bytes, identity claims, source and repeated runs remain validated (112.601ms)
✔ evidence binds actual audit finding and supplied snapshot without certifying collection or identity (12.9388ms)
✔ accepted missing Project status binds the native serialized report and finding in evidence and observations (48.0436ms)
✔ auditor optional-field normalization retains strict data-only feedback and report validation (88.5347ms)
✔ timestamp-only or unrelated snapshot changes do not manufacture repeated supporting evidence (29.4682ms)
✔ partial, cross-scope, stale or missing findings cannot become feedback evidence (16.1489ms)
✔ feedback source pins accept exactly 40 or 64 hexadecimal characters, including supplied evidence (64.3452ms)
✔ candidate, active and retired versions preserve their inputs and have exact transition digests (19.5343ms)
✔ one observation, fabricated evidence bytes and replayed reviews cannot activate a rule (85.3523ms)
✔ reviewer labels and claimed approval booleans do not supply verified review authority (26.1523ms)
✔ explicit rejection remains terminal and contributes no advice (45.3564ms)
✔ prospective expiry is mandatory, bounded, and effective at the exact boundary (124.2504ms)
✔ active capacity cannot expand and supersession retires only the exact predecessor (76.4539ms)
✔ supersession rejects stale targets and cannot cross finding rules (57.1977ms)
✔ active guidance annotates only matching findings without hiding or changing original conclusions (30.3531ms)
✔ broad matching admits at most the finite annotation limit and never truncates an excessive report (333.2909ms)
✔ serialized output bytes are admitted before escaped guidance and evidence references fan out (68.9092ms)
✔ later audits honor activation and retirement while the original report stays identical (41.1334ms)
✔ unknown executable, suppression, assignment and permission options are rejected (185.7828ms)
✔ stale reports, foreign scope and altered evidence fail closed (31.2947ms)
✔ canonical digests ignore property insertion order but reject executable and non-finite data (0.391ms)
✔ reusable corpus validation preserves input and rejects authority claims or altered guidance (17.0827ms)
✔ explicit collector profile requires a hash and cannot relabel a supplied snapshot (2.8412ms)
✔ recurrence requires finite explicit bounds before reading any input (0.8087ms)
✔ finite recurrence reloads snapshot and feedback on every cycle (2.5417ms)
✔ paused and stopped records prevent collection and input reads (2.5239ms)
✔ exhausted persisted attempts reject before snapshot, feedback or live collection (2.3357ms)
✔ watch admits the final allowed attempt and then stops before collecting another snapshot (1.3765ms)
✔ source mismatch refuses before reading snapshot or feedback (1.305ms)
✔ a failed cycle stops recurrence without retrying or losing the failure (1.3715ms)
✔ first snapshot acquisition failure retains one sanitized failed attempt (365.5408ms)
✔ later corpus acquisition failure preserves earlier accepted evidence and consumes one attempt (879.1129ms)
✔ live acquisition failure is retained once without raw error text or a retry (374.0316ms)
✔ pause and stop during failed acquisition remain effective without a new admitted attempt (2355.4428ms)
✔ deadline crossing during failed acquisition prevents late attempt admission (1.4209ms)
✔ interruption during failed acquisition prevents a new admitted attempt (1.2212ms)
✔ duration bounds stop admission after collection without writing a late result (1.0781ms)
✔ interruption during an interval exits without another audit (1.1023ms)
✔ control commands delegate exact action, source and reason without collecting (2.8568ms)
✔ status exposes bounded metadata and no retained finding text (1.0618ms)
✔ one audit writes source-bound immutable private reports and an advisory handoff (551.1934ms)
✔ fresh capture timestamps and transport metrics alone produce no new report or proposal across restart (829.7537ms)
✔ live state binds the exact selected principal and profile through restart and controls (2867.5809ms)
✔ profile metadata cannot convert supplied evidence or a different live principal into accepted observations (316.3668ms)
✔ changed scoped content produces a new receipt while retaining stable finding dedupe (601.6483ms)
✔ resolved findings are recorded without claiming a remote correction (586.042ms)
✔ stale input fails and preserves a failed attempt, never reusing previous success (691.331ms)
✔ future input fails and preserves a failed attempt, never reusing previous success (662.9133ms)
✔ incomplete input fails and preserves a failed attempt, never reusing previous success (718.6376ms)
✔ source drift fails and preserves a failed attempt, never reusing previous success (681.0123ms)
✔ changing the caller source pin cannot migrate an existing directory (514.2077ms)
✔ pause prevents input use, resume retains dedupe, and stop cannot resume (2578.9228ms)
✔ concurrent cycles have one winner and never create duplicate accepted receipts (367.6387ms)
✔ retained locks fail closed without PID reuse or timeout-based recovery (17.1666ms)
✔ incomplete intent and rollback to an older checkpoint refuse replay (653.0187ms)
✔ tampered referenced artifacts are rejected and preserved (401.3275ms)
✔ output-directory redirection refuses writes through a symlink or junction (11.3143ms)
✔ an unexpected output file is retained, not overwritten or removed (22.561ms)
✔ status rejects unexpected files in initialized state before accepting its control projection (255.0046ms)
✔ missing, traversal-style and incomplete control requests do not create authority (4.1105ms)
✔ live source claims retain the existing collector identity and zero-write metadata (268.6616ms)
✔ finite convenience API has explicit bounds and performs no scheduling (972.6499ms)
✔ state and artifact redirection are not followed on read (258.1395ms)
✔ alter of earlier history is detected after a newer successful cycle (769.8898ms)
✔ delete of earlier history is detected after a newer successful cycle (734.2244ms)
✔ changed implementation pins fail before a new intent is written (459.555ms)
✔ a directory replaced while a caller holds its lock cannot redirect any artifact write (357.7373ms)
✔ actual corpus activation and retirement change only separately bound advisory output (1445.0588ms)
✔ expiry invalidates cached advisory annotations even without corpus byte changes (663.2548ms)
✔ mixed retained controls and new cycles enforce one transition bound with a reserved terminal stop (62925.3775ms)
✔ accepted snapshots with omitted optional metadata produce parseable JSON artifacts and replay (456.4692ms)
✔ optional auditor metadata works through the real feedback evidence and recurring consumer bridge (505.8523ms)
✔ policy has the ten requested workstreams and never assigns people (3.8103ms)
✔ classification supports Multiplayer (6.4538ms)
✔ classification supports UX/UI (1.8343ms)
✔ classification supports Multi-system execution (1.491ms)
✔ classification supports Janitor (1.7183ms)
✔ classification supports Dynamic agent teams (1.3944ms)
✔ classification supports DevOps/PR review/branch protection (1.7227ms)
✔ classification supports Security (1.3289ms)
✔ classification supports Agent communication layer (3.3293ms)
✔ classification supports Dark factory automation (1.9215ms)
✔ classification supports Backend scalability / pub-sub (1.7549ms)
✔ classification preserves labels and assignees (14.0956ms)
✔ UX alias means UX/UI (15.5955ms)
✔ an unassigned issue is not a violation (5.7467ms)
✔ full fixture audit has zero mutations and catches closing-link conflict (8.1813ms)
✔ non-closing prose overrides no native link, not unrelated partial references (4.1836ms)
✔ explicit do-not-close linked issue is flagged (3.7401ms)
✔ closed unmerged PR does not close an open issue (4.3996ms)
✔ reopened issue remains open after a historical merged PR (3.6851ms)
✔ no automatic close for several partial PRs (4.4995ms)
✔ only explicit dependency section is interpreted (0.2324ms)
✔ code fences and quoted references are not dependency authority (0.224ms)
✔ native/text dependency disagreement is flagged (5.6441ms)
✔ matching dependencies do not produce a mismatch (5.1385ms)
✔ dependency cycles are bounded and reported once (4.6534ms)
✔ parent hierarchy mismatch and cycle are detected (4.6188ms)
✔ outside-scope dependency is not fetched or treated as complete (6.102ms)
✔ missing local dependency is unverified, not closed (6.3899ms)
✔ open issue marked Done is flagged without changing the board (7.9141ms)
✔ unknown workstream is a review hint, not a rename (3.6753ms)
✔ locked default branch is flagged, without bypass (5.7701ms)
✔ stale PR source head is reported (5.5044ms)
✔ current independent review is accepted as evidence (7.2752ms)
✔ author approval is not current independent human approval (6.613ms)
✔ bot approval is not current independent human approval (5.1858ms)
✔ old-head approval is not current independent human approval (5.7678ms)
✔ later comment does not erase a valid prior approval (5.9906ms)
✔ failed checks and requested changes are surfaced (4.5062ms)
✔ missing checks are not a success (3.9536ms)
✔ stale snapshots are labeled (4.734ms)
✔ future snapshots fail closed (4.1479ms)
✔ finding IDs are stable across repeated reads (14.2232ms)
✔ reported secrets are redacted and Markdown is escaped (14.2836ms)
✔ refuses: assign #50 to example-user (7.5862ms)
✔ refuses: label #50 multiplayer (5.4237ms)
✔ refuses: close #50 (5.505ms)
✔ refuses: merge PR #237 (6.1442ms)
✔ refuses: enable auto-merge (5.6104ms)
✔ refuses: delete a branch (4.923ms)
✔ refuses: approve PR #237 (5.0113ms)
✔ refuses: can you change the rules (7.3288ms)
✔ question answers use recorded evidence and canonical references (5.3864ms)
✔ reverse dependency questions list dependents (4.8563ms)
✔ unknown questions ask for clarification (5.4487ms)
✔ untrusted instruction text grants no tools (8.8475ms)
✔ snapshot rejects wrong repo (1.6174ms)
✔ snapshot rejects wrong project (1.3429ms)
✔ snapshot rejects partial coverage (1.556ms)
✔ snapshot rejects wrong count (1.6411ms)
✔ snapshot rejects duplicate issue (1.6952ms)
✔ snapshot rejects hostile URL (3.5843ms)
✔ snapshot rejects hidden project item (1.6306ms)
✔ snapshot rejects cross-repo item (1.5247ms)
✔ snapshot rejects duplicate project item (7.5704ms)
✔ snapshot rejects oversized body (1.6464ms)
✔ collector completes two matching passes with no writes (5.6827ms)
✔ collector rejects issue drift between passes (3.0784ms)
✔ collector rejects incomplete nested dependencies (1.7183ms)
✔ collector rejects a changed PR head/check binding (1.3989ms)
✔ collector rejects repeated pagination cursors (1.2667ms)
✔ collector rejects inaccessible connection entries (0.2399ms)
✔ read client verifies Bakar404 and never switches accounts (1.4666ms)
✔ explicit hash-pinned read principal does not change the pilot or read allowlist (19.2693ms)
✔ collector profile rejects changed scope or unsupported fields: repository (21.4155ms)
✔ collector profile rejects changed scope or unsupported fields: project_id (16.8194ms)
✔ collector profile rejects changed scope or unsupported fields: project_number (16.6047ms)
✔ collector profile rejects changed scope or unsupported fields: token (19.113ms)
✔ collector profile rejects changed scope or unsupported fields: url (19.9356ms)
✔ collector profile rejects changed scope or unsupported fields: collector_login (15.5318ms)
✔ collector profile rejects wrong hashes, changed bytes and duplicate keys (47.588ms)
✔ profiled collection records the actual principal and rejects identity or profile drift (35.0127ms)
✔ read client exposes no arbitrary query or write operation (1.5357ms)
✔ GraphQL cursor remains data, not executable query text (1.2216ms)
✔ GraphQL errors do not become accepted partial data (1.0339ms)
✔ GraphQL reserve prevents further reads (1.1601ms)
✔ collection has an elapsed-time bound (1.1209ms)
✔ dry run uses neither network nor output files (2.1687ms)
✔ CLI rejects apply (0.144ms)
✔ CLI rejects audit --fixture --live (0.1019ms)
✔ CLI rejects audit --fixture --out ../escape.json (0.1379ms)
✔ CLI rejects audit --dry-run --out file.json (0.0909ms)
✔ CLI rejects audit --fixture --assign example-user (0.0745ms)
✔ CLI rejects ask --fixture (0.0759ms)
✔ actual CLI dry run works from another directory and has no network intent (153.207ms)
✔ test chat prepares an evidence-based reply without sending it (11.4559ms)
✔ test chat rejects wrong tenant (0.384ms)
✔ test chat rejects wrong group (0.1874ms)
✔ test chat rejects personal chat (0.1861ms)
✔ test chat rejects other channel (0.1404ms)
✔ test chat ignores messages without a mention (0.1383ms)
✔ test chat ignores its own messages (0.1289ms)
✔ test chat refuses mutation requests (4.7573ms)
✔ no production mode or implicit binding (0.3506ms)
ℹ tests 227
ℹ suites 0
ℹ pass 227
ℹ fail 0
ℹ cancelled 0
ℹ skipped 0
ℹ todo 0
ℹ duration_ms 85793.057
