   Compiling crony-domain v0.1.0 (<reviewed-worktree>\crates\crony-domain)
   Compiling crony-store v0.1.0 (<reviewed-worktree>\crates\crony-store)
    Finished `test` profile [unoptimized] target(s) in 2m 47s
     Running unittests src\lib.rs (target\debug\deps\crony_store-55cb383881a956a4.exe)

running 16 tests
test control_accounting_tests::issue87_accounting_reads_database_time_after_an_observed_lock_wait ... ok
test control_accounting_tests::issue87_completion_commits_before_contending_stop ... ok
test control_accounting_tests::issue87_emergency_stop_is_durable_offline_and_reuses_its_first_command ... ok
test control_accounting_tests::issue87_hard_control_grace_preserves_reports_without_late_charges ... ok
test control_accounting_tests::issue87_historical_operator_stop_fences_artifacts_and_completion ... ok
test control_accounting_tests::issue87_observations_preserve_scope_and_cannot_spoof_server_authority ... ok
test control_accounting_tests::issue87_operator_stop_uses_transition_time_after_lock_wait ... ok
test control_accounting_tests::issue87_stop_commits_before_contending_completion ... ok
test control_accounting_tests::issue87_suspend_to_stop_preserves_the_first_cutoff ... ok
test control_accounting_tests::issue87_terminal_and_unverifiable_hard_states_cannot_reopen_charging ... ok
test control_accounting_tests::issue87_unconfirmed_completion_persists_failure_without_retry ... ok
test control_accounting_tests::issue87_usage_replays_remain_idempotent_across_the_cutoff ... ok
test control_receipts_tests::issue87_acknowledgments_persist_all_control_stages_and_distinct_clocks ... ok
test control_receipts_tests::issue87_receipts_reject_foreign_runner_corp_and_stale_connection ... ok
test control_receipts_tests::issue87_reconnect_winning_the_database_lock_rejects_the_old_ack ... ok
test control_receipts_tests::issue87_socket_send_is_scoped_and_distinct_from_receipt_after_reconnect ... ok

test result: ok. 16 passed; 0 failed; 0 ignored; 0 measured; 553 filtered out; finished in 51.06s
