$ node --test --test-concurrency=2 --test-timeout=180000 scenarios/repo-steward/steward.test.mjs scenarios/repo-steward/actions.test.mjs scenarios/repo-steward/recurring-audit.test.mjs scenarios/repo-steward/feedback.test.mjs scenarios/repo-steward/maintenance.test.mjs scenarios/repo-steward/feedback-cli.test.mjs
✔ Actions preview performs no live reads or summary publication (3.0149ms)
✔ Actions fixture uses the real auditor without GitHub access (33.564ms)
✔ invalid workflow input is rejected during preview without data access (1.0436ms)
✔ hosted live mode rejects non-Actions host before reading data (0.4939ms)
✔ hosted live mode rejects PR event before reading data (1.1754ms)
✔ hosted live mode rejects another repository before reading data (0.3269ms)
✔ hosted live mode rejects feature branch before reading data (0.3893ms)
✔ hosted live mode rejects another actor before reading data (0.2036ms)
✔ hosted live mode rejects another rerun operator before reading data (0.3823ms)
✔ hosted live mode rejects missing triggering actor before reading data (0.4784ms)
✔ hosted live mode rejects missing source commit before reading data (0.4439ms)
✔ hosted live mode rejects disabled pilot before reading data (0.1944ms)
✔ hosted live mode rejects unapproved public summary before reading data (0.1482ms)
✔ hosted live mode rejects missing credential before reading data (0.1142ms)
✔ hosted live mode rejects blank credential before reading data (0.1638ms)
✔ hosted live mode rejects write-enabled configuration before reading data (0.18ms)
✔ GITHUB_TOKEN does not substitute for Project-readable credentials (0.2508ms)
✔ an admitted live path collects once and retains zero mutations (6.3198ms)
✔ collector failure does not produce a successful report (0.3378ms)
✔ stale hosted snapshots fail instead of publishing old findings (7.3797ms)
✔ public summaries never include free-form source or evidence text (11.9765ms)
✔ summary rejects unknown rule (7.137ms)
✔ summary rejects bad finding id (5.409ms)
✔ summary rejects foreign reference (5.6642ms)
✔ summary rejects mutation claim (4.4852ms)
✔ summary rejects wrong scope (5.5147ms)
✔ summary rejects invalid timestamp (4.5855ms)
✔ summary rejects bad totals (6.2069ms)
✔ public finding index is bounded without copying omitted details (5.3803ms)
✔ every configured fixture rule has an explicit publication review (4.3262ms)
✔ summary file writes remain inside a supplied native temporary directory (22.7071ms)
✔ Actions CLI rejects unsupported arguments --apply (0.3037ms)
✔ Actions CLI rejects unsupported arguments --live (0.1551ms)
✔ Actions CLI rejects unsupported arguments --live (0.2014ms)
✔ actual fixture CLI needs no hosted secrets or Teams SDK (240.4711ms)
✔ manual workflow keeps first-party actions pinned and live credentials isolated (3.535ms)
✔ feedback CLI rejects unsupported, missing and duplicate transition arguments (2.4243ms)
✔ new-file corpus output preserves the previous version and refuses overwrite (25.8252ms)
✔ initializing a corpus binds the validated input scope without changing its snapshot (53.5194ms)
✔ partial snapshot cannot create a corpus file (23.5239ms)
✔ redirected output parent is refused without writing through it (5.9939ms)
✔ review evidence must be a file and cannot use a directory as a digest source (49.0381ms)
✔ review CLI records the exact binary digest and closes its descriptor (93.1533ms)
✔ same-size review replacement between metadata check and open cannot update a corpus (41.9417ms)
✔ review parent swapped for a symlink or junction before open is rejected (41.6475ms)
✔ same-size pathname replacement after descriptor read is rejected (36.0051ms)
✔ same-size in-place review rewrite cannot hide behind a restored modification time (44.8697ms)
✔ review growth after open stays within its original byte bound and is rejected (42.1186ms)
✔ bounded review reads handle partial reads and reject empty or oversized files (23.3356ms)
✔ native behavioral evidence remains candidate with original local source and no finding impersonation (79.7593ms)
✔ native behavioral activation is denied for mixed support and forged active or retired history (49.9315ms)
✔ native behavioral candidates can be rejected without widening legacy review authority (63.0457ms)
✔ native behavioral bytes, identity claims, source and repeated runs remain validated (163.1132ms)
✔ evidence binds actual audit finding and supplied snapshot without certifying collection or identity (15.1309ms)
✔ accepted missing Project status binds the native serialized report and finding in evidence and observations (53.9242ms)
✔ auditor optional-field normalization retains strict data-only feedback and report validation (64.144ms)
✔ timestamp-only or unrelated snapshot changes do not manufacture repeated supporting evidence (35.546ms)
✔ partial, cross-scope, stale or missing findings cannot become feedback evidence (16.2853ms)
✔ feedback source pins accept exactly 40 or 64 hexadecimal characters, including supplied evidence (84.3692ms)
✔ candidate, active and retired versions preserve their inputs and have exact transition digests (26.6927ms)
✔ one observation, fabricated evidence bytes and replayed reviews cannot activate a rule (105.6301ms)
✔ reviewer labels and claimed approval booleans do not supply verified review authority (25.1437ms)
✔ explicit rejection remains terminal and contributes no advice (45.9707ms)
✔ prospective expiry is mandatory, bounded, and effective at the exact boundary (114.7691ms)
✔ active capacity cannot expand and supersession retires only the exact predecessor (65.3142ms)
✔ supersession rejects stale targets and cannot cross finding rules (54.3149ms)
✔ active guidance annotates only matching findings without hiding or changing original conclusions (29.4014ms)
✔ broad matching admits at most the finite annotation limit and never truncates an excessive report (394.6361ms)
✔ serialized output bytes are admitted before escaped guidance and evidence references fan out (79.8869ms)
✔ later audits honor activation and retirement while the original report stays identical (58.7606ms)
✔ unknown executable, suppression, assignment and permission options are rejected (157.328ms)
✔ stale reports, foreign scope and altered evidence fail closed (31.4969ms)
✔ canonical digests ignore property insertion order but reject executable and non-finite data (0.4739ms)
✔ reusable corpus validation preserves input and rejects authority claims or altered guidance (23.8399ms)
✔ explicit collector profile requires a hash and cannot relabel a supplied snapshot (4.2049ms)
✔ recurrence requires finite explicit bounds before reading any input (1.1705ms)
✔ finite recurrence reloads snapshot and feedback on every cycle (3.5264ms)
✔ paused and stopped records prevent collection and input reads (2.8715ms)
✔ exhausted persisted attempts reject before snapshot, feedback or live collection (3.7381ms)
✔ watch admits the final allowed attempt and then stops before collecting another snapshot (2.0112ms)
✔ source mismatch refuses before reading snapshot or feedback (1.6017ms)
✔ a failed cycle stops recurrence without retrying or losing the failure (1.9235ms)
✔ first snapshot acquisition failure retains one sanitized failed attempt (374.0559ms)
✔ later corpus acquisition failure preserves earlier accepted evidence and consumes one attempt (926.9828ms)
✔ live acquisition failure is retained once without raw error text or a retry (313.5687ms)
✔ pause and stop during failed acquisition remain effective without a new admitted attempt (2332.3473ms)
✔ deadline crossing during failed acquisition prevents late attempt admission (1.8545ms)
✔ interruption during failed acquisition prevents a new admitted attempt (1.4731ms)
✔ duration bounds stop admission after collection without writing a late result (1.4721ms)
✔ interruption during an interval exits without another audit (1.495ms)
✔ control commands delegate exact action, source and reason without collecting (3.7122ms)
✔ status exposes bounded metadata and no retained finding text (1.5587ms)
✔ one audit writes source-bound immutable private reports and an advisory handoff (509.3738ms)
✔ fresh capture timestamps and transport metrics alone produce no new report or proposal across restart (834.4726ms)
✔ live state binds the exact selected principal and profile through restart and controls (2771.4172ms)
✔ profile metadata cannot convert supplied evidence or a different live principal into accepted observations (301.4823ms)
✔ changed scoped content produces a new receipt while retaining stable finding dedupe (572.6243ms)
✔ resolved findings are recorded without claiming a remote correction (573.2712ms)
✔ stale input fails and preserves a failed attempt, never reusing previous success (646.457ms)
✔ future input fails and preserves a failed attempt, never reusing previous success (685.4508ms)
✔ incomplete input fails and preserves a failed attempt, never reusing previous success (686.204ms)
✔ source drift fails and preserves a failed attempt, never reusing previous success (634.1363ms)
✔ changing the caller source pin cannot migrate an existing directory (467.6417ms)
✔ pause prevents input use, resume retains dedupe, and stop cannot resume (2440.7799ms)
✔ concurrent cycles have one winner and never create duplicate accepted receipts (358.2932ms)
✔ retained locks fail closed without PID reuse or timeout-based recovery (17.1516ms)
✔ incomplete intent and rollback to an older checkpoint refuse replay (630.1814ms)
✔ tampered referenced artifacts are rejected and preserved (319.1721ms)
✔ output-directory redirection refuses writes through a symlink or junction (11.0075ms)
✔ an unexpected output file is retained, not overwritten or removed (18.0173ms)
✔ status rejects unexpected files in initialized state before accepting its control projection (255.7803ms)
✔ missing, traversal-style and incomplete control requests do not create authority (4.8264ms)
✔ live source claims retain the existing collector identity and zero-write metadata (287.3909ms)
✔ finite convenience API has explicit bounds and performs no scheduling (1044.8024ms)
✔ state and artifact redirection are not followed on read (290.7306ms)
✔ alter of earlier history is detected after a newer successful cycle (720.4151ms)
✔ delete of earlier history is detected after a newer successful cycle (720.4762ms)
✔ changed implementation pins fail before a new intent is written (448.2301ms)
✔ a directory replaced while a caller holds its lock cannot redirect any artifact write (359.9096ms)
✔ actual corpus activation and retirement change only separately bound advisory output (1376.8354ms)
✔ expiry invalidates cached advisory annotations even without corpus byte changes (635.386ms)
✔ mixed retained controls and new cycles enforce one transition bound with a reserved terminal stop (63800.5592ms)
✔ accepted snapshots with omitted optional metadata produce parseable JSON artifacts and replay (504.0255ms)
✔ optional auditor metadata works through the real feedback evidence and recurring consumer bridge (668.6867ms)
✔ policy has the ten requested workstreams and never assigns people (5.2996ms)
✔ classification supports Multiplayer (10.3497ms)
✔ classification supports UX/UI (2.6104ms)
✔ classification supports Multi-system execution (1.9689ms)
✔ classification supports Janitor (1.5263ms)
✔ classification supports Dynamic agent teams (1.3584ms)
✔ classification supports DevOps/PR review/branch protection (2.3235ms)
✔ classification supports Security (1.3476ms)
✔ classification supports Agent communication layer (1.3396ms)
✔ classification supports Dark factory automation (1.8124ms)
✔ classification supports Backend scalability / pub-sub (1.5412ms)
✔ classification preserves labels and assignees (21.0398ms)
✔ UX alias means UX/UI (16.3932ms)
✔ an unassigned issue is not a violation (8.3495ms)
✔ full fixture audit has zero mutations and catches closing-link conflict (7.8182ms)
✔ non-closing prose overrides no native link, not unrelated partial references (6.0751ms)
✔ explicit do-not-close linked issue is flagged (4.1259ms)
✔ closed unmerged PR does not close an open issue (5.3897ms)
✔ reopened issue remains open after a historical merged PR (4.6ms)
✔ no automatic close for several partial PRs (4.7895ms)
✔ only explicit dependency section is interpreted (0.2431ms)
✔ code fences and quoted references are not dependency authority (0.2229ms)
✔ native/text dependency disagreement is flagged (4.2526ms)
✔ matching dependencies do not produce a mismatch (5.2104ms)
✔ dependency cycles are bounded and reported once (5.4573ms)
✔ parent hierarchy mismatch and cycle are detected (4.8017ms)
✔ outside-scope dependency is not fetched or treated as complete (5.4991ms)
✔ missing local dependency is unverified, not closed (5.5193ms)
✔ open issue marked Done is flagged without changing the board (7.8924ms)
✔ unknown workstream is a review hint, not a rename (6.0011ms)
✔ locked default branch is flagged, without bypass (7.0455ms)
✔ stale PR source head is reported (6.3502ms)
✔ current independent review is accepted as evidence (6.3743ms)
✔ author approval is not current independent human approval (5.5486ms)
✔ bot approval is not current independent human approval (3.6246ms)
✔ old-head approval is not current independent human approval (3.7482ms)
✔ later comment does not erase a valid prior approval (3.994ms)
✔ failed checks and requested changes are surfaced (5.7337ms)
✔ missing checks are not a success (6.4851ms)
✔ stale snapshots are labeled (4.1584ms)
✔ future snapshots fail closed (2.1901ms)
✔ finding IDs are stable across repeated reads (11.6009ms)
✔ reported secrets are redacted and Markdown is escaped (13.1832ms)
✔ refuses: assign #50 to example-user (6.0635ms)
✔ refuses: label #50 multiplayer (6.7094ms)
✔ refuses: close #50 (6.1149ms)
✔ refuses: merge PR #237 (5.6309ms)
✔ refuses: enable auto-merge (7.938ms)
✔ refuses: delete a branch (7.0527ms)
✔ refuses: approve PR #237 (4.9279ms)
✔ refuses: can you change the rules (5.5825ms)
✔ question answers use recorded evidence and canonical references (10.233ms)
✔ reverse dependency questions list dependents (7.2061ms)
✔ unknown questions ask for clarification (5.0826ms)
✔ untrusted instruction text grants no tools (5.1953ms)
✔ snapshot rejects wrong repo (1.6731ms)
✔ snapshot rejects wrong project (1.392ms)
✔ snapshot rejects partial coverage (1.3111ms)
✔ snapshot rejects wrong count (1.273ms)
✔ snapshot rejects duplicate issue (1.548ms)
✔ snapshot rejects hostile URL (1.4109ms)
✔ snapshot rejects hidden project item (1.4803ms)
✔ snapshot rejects cross-repo item (1.2677ms)
✔ snapshot rejects duplicate project item (1.5842ms)
✔ snapshot rejects oversized body (1.333ms)
✔ collector completes two matching passes with no writes (4.6869ms)
✔ collector rejects issue drift between passes (2.8641ms)
✔ collector rejects incomplete nested dependencies (1.3118ms)
✔ collector rejects a changed PR head/check binding (1.6618ms)
✔ collector rejects repeated pagination cursors (1.7295ms)
✔ collector rejects inaccessible connection entries (0.2115ms)
✔ read client verifies Bakar404 and never switches accounts (1.6186ms)
✔ explicit hash-pinned read principal does not change the pilot or read allowlist (19.2328ms)
✔ collector profile rejects changed scope or unsupported fields: repository (10.5713ms)
✔ collector profile rejects changed scope or unsupported fields: project_id (20.0235ms)
✔ collector profile rejects changed scope or unsupported fields: project_number (14.2455ms)
✔ collector profile rejects changed scope or unsupported fields: token (21.1591ms)
✔ collector profile rejects changed scope or unsupported fields: url (8.6143ms)
✔ collector profile rejects changed scope or unsupported fields: collector_login (10.3181ms)
✔ collector profile rejects wrong hashes, changed bytes and duplicate keys (40.1243ms)
✔ profiled collection records the actual principal and rejects identity or profile drift (34.6756ms)
✔ read client exposes no arbitrary query or write operation (1.3116ms)
✔ GraphQL cursor remains data, not executable query text (1.1881ms)
✔ GraphQL errors do not become accepted partial data (1.9618ms)
✔ GraphQL reserve prevents further reads (1.1846ms)
✔ collection has an elapsed-time bound (1.1406ms)
✔ dry run uses neither network nor output files (1.561ms)
✔ CLI rejects apply (0.2254ms)
✔ CLI rejects audit --fixture --live (0.1727ms)
✔ CLI rejects audit --fixture --out ../escape.json (0.2329ms)
✔ CLI rejects audit --dry-run --out file.json (0.1571ms)
✔ CLI rejects audit --fixture --assign example-user (0.1484ms)
✔ CLI rejects ask --fixture (0.1539ms)
✔ actual CLI dry run works from another directory and has no network intent (182.2172ms)
✔ test chat prepares an evidence-based reply without sending it (6.2058ms)
✔ test chat rejects wrong tenant (0.3397ms)
✔ test chat rejects wrong group (0.1507ms)
✔ test chat rejects personal chat (0.1347ms)
✔ test chat rejects other channel (0.127ms)
✔ test chat ignores messages without a mention (0.1363ms)
✔ test chat ignores its own messages (0.1236ms)
✔ test chat refuses mutation requests (4.7031ms)
✔ no production mode or implicit binding (0.4464ms)
ℹ tests 227
ℹ suites 0
ℹ pass 227
ℹ fail 0
ℹ cancelled 0
ℹ skipped 0
ℹ todo 0
ℹ duration_ms 86520.2523
