$ C:\nvm4w\nodejs\node.exe --test tools/issue161/qa-api-provenance.test.mjs tools/issue161/qa-plan.test.mjs
cwd=C:/Users/sschofield/repos/ecorp-pr255-review-fixes
exit=0
STDOUT
✔ published base plus complete patch reconstructs the current driver pin (UTF-8 LF, no BOM) (4.7498ms)
ℹ {"baseCommit":"b31a38a62330aacba80c3953142e1da957a63ecd","baseSha256":"d5a475ec96be30a2a02b978c7dd8a43dba528b1aa1cefac0931f9313fb1b4c7b","patchLfSha256":"6c34349d7acdea6718bec4051a025adca8cc47df860bfe9c957dd91fc4a25732","reconstructedBytes":16321,"reconstructedSha256":"6d0bc7975f68c578a77ac3ebf54b7ee64e99871cfe964d5b9bf6afa2dd58cb1e"}
✔ guard rejects unpatched, tampered and noncanonical helper bytes (6.6669ms)
✔ guard rejects the correct helper from a different source commit (1.0203ms)
✔ guard rejects clean or additional dirty/untracked dependency files (4.306ms)
✔ preview has no mutations and keeps all resources outside both checkouts (3.4417ms)
✔ reject execution, occupied roots, missing binaries, redirects and unsafe paths (3.0976ms)
✔ parser permits only explicit dry-run setup options and rejects ambiguous input (0.8036ms)
ℹ tests 7
ℹ suites 0
ℹ pass 7
ℹ fail 0
ℹ cancelled 0
ℹ skipped 0
ℹ todo 0
ℹ duration_ms 574.7039

STDERR
