{
  "observedAt": "2026-09-21T14:45:13.012Z",
  "finding": "PR255-QA-PIN / PR255-B-001",
  "outcome": "Implemented and pure-verified; parent independent review and native acceptance pending",
  "head": "690ee80e692d848c4c3a371ddb31388a78b9ddf3",
  "changed": [
    {
      "path": "tools/issue161/qa-api.mjs",
      "bytes": 3547,
      "sha256": "5745d69d38ee470db2668f8648acf88398c4e6b38b19cb4b9b129178e63a7d82"
    },
    {
      "path": "tools/issue161/qa-api-provenance.test.mjs",
      "bytes": 4251,
      "sha256": "a2f7ee74d59417ba012e53fd9439acf05676731d0fb3574552806a7118be8c16"
    },
    {
      "path": "tools/issue161/qa-helper-binding.md",
      "bytes": 2764,
      "sha256": "3721bd850b4e616a11d6a57a6069943eb088e1fa1f7521b1129cdd6353b621e1"
    }
  ],
  "protectedReadback": [
    {
      "path": "docs/evidence/issue161/implementation-notes.md",
      "beforeSha256": "4bd1fff1c533cd6631dbc860fe5f0c62e060713139db558b793ccc1d012944b7",
      "nowSha256": "4bd1fff1c533cd6631dbc860fe5f0c62e060713139db558b793ccc1d012944b7",
      "unchanged": true,
      "owner": "historical/patch or completed QA identity worker"
    },
    {
      "path": "docs/evidence/issue161/pr-preparation-validation.md",
      "beforeSha256": "6ecc47abff4a3e5a19431dad645996d1875099907eec690a7332c5586f26786f",
      "nowSha256": "6ecc47abff4a3e5a19431dad645996d1875099907eec690a7332c5586f26786f",
      "unchanged": true,
      "owner": "historical/patch or completed QA identity worker"
    },
    {
      "path": "docs/evidence/issue161/qa-handoff.md",
      "beforeSha256": "d8e101e8194c9e0717a3ba854780ba528f3f0ba8f2c24babcba67211b1cd6eab",
      "nowSha256": "d8e101e8194c9e0717a3ba854780ba528f3f0ba8f2c24babcba67211b1cd6eab",
      "unchanged": true,
      "owner": "historical/patch or completed QA identity worker"
    },
    {
      "path": "docs/evidence/issue161/review-integration-followup.md",
      "beforeSha256": "8139554e124335d0428bb085a83b4083e50892c5b6bbd0558be4719933d83cb9",
      "nowSha256": "8139554e124335d0428bb085a83b4083e50892c5b6bbd0558be4719933d83cb9",
      "unchanged": true,
      "owner": "historical/patch or completed QA identity worker"
    },
    {
      "path": "docs/evidence/issue161/runtime-acceptance.md",
      "beforeSha256": "06eb32e9fba0fbe9f9ab07453a281ae234fd45029c8fcb26b23a95863ca4bcac",
      "nowSha256": "06eb32e9fba0fbe9f9ab07453a281ae234fd45029c8fcb26b23a95863ca4bcac",
      "unchanged": true,
      "owner": "historical/patch or completed QA identity worker"
    },
    {
      "path": "docs/evidence/issue161/runtime-result.json",
      "beforeSha256": "fec6cca01d64405942842c8c9c1aef63fe9df946705b09c39a59a9f8ff3ac760",
      "nowSha256": "fec6cca01d64405942842c8c9c1aef63fe9df946705b09c39a59a9f8ff3ac760",
      "unchanged": true,
      "owner": "historical/patch or completed QA identity worker"
    },
    {
      "path": "tools/issue161/qa-finish-evidence.mjs",
      "beforeSha256": "379896deae1a78c672a3c0ecd60ac603efad9167d40cab24c77590c2e186e454",
      "nowSha256": "379896deae1a78c672a3c0ecd60ac603efad9167d40cab24c77590c2e186e454",
      "unchanged": true,
      "owner": "historical/patch or completed QA identity worker"
    },
    {
      "path": "tools/issue161/pr237-native-time.patch",
      "beforeSha256": "20c581c4adee73de0f763e652d35a9fafe1ac6f72b2a81c0e5ea221f2bce1119",
      "nowSha256": "20c581c4adee73de0f763e652d35a9fafe1ac6f72b2a81c0e5ea221f2bce1119",
      "unchanged": true,
      "owner": "historical/patch or completed QA identity worker"
    },
    {
      "path": "apps/web/src/App.tsx",
      "beforeSha256": "a67da5b051260fb5a0136d41061c13c4340d3ad95cad8497eb901ea8f974e4ed",
      "nowSha256": "a67da5b051260fb5a0136d41061c13c4340d3ad95cad8497eb901ea8f974e4ed",
      "unchanged": true,
      "owner": "concurrent UI worker"
    },
    {
      "path": "apps/web/src/factoryAuthority.ts",
      "beforeSha256": "b4820e49c1b4e79bd5fa2a1e74c0fe762425f3a9bb4d7503749c6cc3efc90ff4",
      "nowSha256": "2f76c5833795c8457a99b73008f86fa70fc45e39b33824b3e430788c8eee1f70",
      "unchanged": false,
      "owner": "concurrent UI worker"
    },
    {
      "path": "apps/web/src/snapshotRefresh.test.mjs",
      "beforeSha256": "79fc2e26315bb2a5a7d2b1dffe9a07d79359aeff34e763a4e71bdaaaad9854e3",
      "nowSha256": "79fc2e26315bb2a5a7d2b1dffe9a07d79359aeff34e763a4e71bdaaaad9854e3",
      "unchanged": true,
      "owner": "concurrent UI worker"
    },
    {
      "path": "apps/web/src/factoryAuthorityConnection.test.mjs",
      "beforeSha256": "26b88b479abc0f93e122199ccac57173fe24e298a04907e48c334830a613bb98",
      "nowSha256": "f489937bd31643551921fd6fde9f47a682f365a8e42a53ccb3389678b6c14334",
      "unchanged": false,
      "owner": "concurrent UI worker"
    },
    {
      "path": "tools/local_stack.psm1",
      "beforeSha256": "342118dd4ccabca013fa8bf83cd50aaace666fb64bc5c3b7a8820c18c41e2444",
      "nowSha256": "342118dd4ccabca013fa8bf83cd50aaace666fb64bc5c3b7a8820c18c41e2444",
      "unchanged": true,
      "owner": "historical/patch or completed QA identity worker"
    },
    {
      "path": "tools/issue161/qa-host.ps1",
      "beforeSha256": "cb2af65c6b9efa54e08bde0ede81f742164932a158f6a0a5e14b6ad2ca246a05",
      "nowSha256": "cb2af65c6b9efa54e08bde0ede81f742164932a158f6a0a5e14b6ad2ca246a05",
      "unchanged": true,
      "owner": "historical/patch or completed QA identity worker"
    },
    {
      "path": "tools/local_stack_identity.test.ps1",
      "beforeSha256": "301f7d321950f27d4d2fb0e1ee7dce9bf99796a72bd2ab5ccb1130771435b578",
      "nowSha256": "301f7d321950f27d4d2fb0e1ee7dce9bf99796a72bd2ab5ccb1130771435b578",
      "unchanged": true,
      "owner": "historical/patch or completed QA identity worker"
    }
  ],
  "concurrentChangeExplanation": "The first verification wrapper exited 1 solely because its blanket unchanged-files assertion included the active UI worker. Only factoryAuthority.ts and factoryAuthorityConnection.test.mjs changed between snapshots. This worker did not write either file or any other UI/QA-identity/historical file. Original wrapper failure and all hashes remain retained; no changes were reverted.",
  "checks": {
    "provenanceRed": {
      "pass": 3,
      "fail": 1,
      "exit": 1,
      "log": "red2.log"
    },
    "provenanceGreen": {
      "pass": 4,
      "fail": 0,
      "exit": 0,
      "log": "green.log"
    },
    "affectedPure": {
      "pass": 7,
      "fail": 0,
      "exit": 0,
      "log": "affected-pure.log"
    },
    "syntaxDriver": 0,
    "syntaxTest": 0,
    "scopedWhitespace": 0
  },
  "earlierDiagnostic": "red.log: LF convention check failed because Git applied ambient core.autocrlf. Retained; explicit Git LF settings were then added before the genuine hash-mismatch RED.",
  "composition": {
    "baseCommit": "b31a38a62330aacba80c3953142e1da957a63ecd",
    "patch": "tools/issue161/pr237-native-time.patch (unchanged)",
    "patchLfSha256": "6c34349d7acdea6718bec4051a025adca8cc47df860bfe9c957dd91fc4a25732",
    "byteConvention": "UTF-8 LF, no BOM, original final newline",
    "bytes": 16321,
    "currentSha256": "6d0bc7975f68c578a77ac3ebf54b7ee64e99871cfe964d5b9bf6afa2dd58cb1e"
  },
  "historicalLimit": "aa0d3c377847c479c69e8be6e1f809bf4b155c53dc6903c1d6922fde4732e144 bytes were not recovered in explicitly available evidence. Historical reports and qa-finish-evidence.mjs retain that binding; do not use the historical writer to attribute new v2 runs to it.",
  "excluded": [
    "helper import or service actions",
    "DB/services/providers/process lifecycle",
    "dependency install",
    "commit/push/GitHub/review-state mutation",
    "subagents",
    "full repository/native runtime validation (parent-owned)"
  ]
}
