✖ published base plus complete patch reconstructs the current driver pin (UTF-8 LF, no BOM) (7.9017ms)
ℹ {"baseCommit":"b31a38a62330aacba80c3953142e1da957a63ecd","baseSha256":"d5a475ec96be30a2a02b978c7dd8a43dba528b1aa1cefac0931f9313fb1b4c7b","patchLfSha256":"6c34349d7acdea6718bec4051a025adca8cc47df860bfe9c957dd91fc4a25732","reconstructedBytes":16321,"reconstructedSha256":"6d0bc7975f68c578a77ac3ebf54b7ee64e99871cfe964d5b9bf6afa2dd58cb1e"}
✔ guard rejects unpatched, tampered and noncanonical helper bytes (7.6648ms)
✔ guard rejects the correct helper from a different source commit (1.3138ms)
✔ guard rejects clean or additional dirty/untracked dependency files (6.8099ms)
ℹ tests 4
ℹ suites 0
ℹ pass 3
ℹ fail 1
ℹ cancelled 0
ℹ skipped 0
ℹ todo 0
ℹ duration_ms 708.5387

✖ failing tests:

test at tools\issue161\qa-api-provenance.test.mjs:60:1
✖ published base plus complete patch reconstructs the current driver pin (UTF-8 LF, no BOM) (7.9017ms)
  node:assert:152
    throw new AssertionError(obj);
    ^
  
  AssertionError [ERR_ASSERTION]: Expected values to be strictly equal:
  + actual - expected
  
  + '6d0bc7975f68c578a77ac3ebf54b7ee64e99871cfe964d5b9bf6afa2dd58cb1e'
  - 'aa0d3c377847c479c69e8be6e1f809bf4b155c53dc6903c1d6922fde4732e144'
  
      at evalmachine.<anonymous>:10:8
      at Script.runInContext (node:vm:149:12)
      at Script.runInNewContext (node:vm:154:17)
      at verify (file:///C:/Users/sschofield/repos/ecorp-pr255-review-fixes/tools/issue161/qa-api-provenance.test.mjs:42:9)
      at TestContext.<anonymous> (file:///C:/Users/sschofield/repos/ecorp-pr255-review-fixes/tools/issue161/qa-api-provenance.test.mjs:65:3)
      at Test.runInAsyncScope (node:async_hooks:227:14)
      at Test.run (node:internal/test_runner/test:1306:25)
      at Test.start (node:internal/test_runner/test:1177:17)
      at startSubtestAfterBootstrap (node:internal/test_runner/harness:385:17) {
    generatedMessage: true,
    code: 'ERR_ASSERTION',
    actual: '6d0bc7975f68c578a77ac3ebf54b7ee64e99871cfe964d5b9bf6afa2dd58cb1e',
    expected: 'aa0d3c377847c479c69e8be6e1f809bf4b155c53dc6903c1d6922fde4732e144',
    operator: 'strictEqual',
    diff: 'simple'
  }
