$ node --test --test-concurrency=2 --test-timeout=180000 scenarios/repo-steward/steward.test.mjs scenarios/repo-steward/actions.test.mjs scenarios/repo-steward/recurring-audit.test.mjs scenarios/repo-steward/feedback.test.mjs scenarios/repo-steward/maintenance.test.mjs scenarios/repo-steward/feedback-cli.test.mjs
✔ Actions preview performs no live reads or summary publication (3.0895ms)
✔ Actions fixture uses the real auditor without GitHub access (36.991ms)
✔ invalid workflow input is rejected during preview without data access (1.5344ms)
✔ hosted live mode rejects non-Actions host before reading data (0.8321ms)
✔ hosted live mode rejects PR event before reading data (0.3958ms)
✔ hosted live mode rejects another repository before reading data (0.4413ms)
✔ hosted live mode rejects feature branch before reading data (0.3777ms)
✔ hosted live mode rejects another actor before reading data (0.2028ms)
✔ hosted live mode rejects another rerun operator before reading data (0.3099ms)
✔ hosted live mode rejects missing triggering actor before reading data (0.5073ms)
✔ hosted live mode rejects missing source commit before reading data (0.4137ms)
✔ hosted live mode rejects disabled pilot before reading data (0.2635ms)
✔ hosted live mode rejects unapproved public summary before reading data (0.1753ms)
✔ hosted live mode rejects missing credential before reading data (0.1622ms)
✔ hosted live mode rejects blank credential before reading data (0.2036ms)
✔ hosted live mode rejects write-enabled configuration before reading data (0.171ms)
✔ GITHUB_TOKEN does not substitute for Project-readable credentials (0.331ms)
✔ an admitted live path collects once and retains zero mutations (6.0931ms)
✔ collector failure does not produce a successful report (0.4909ms)
✔ stale hosted snapshots fail instead of publishing old findings (8.8694ms)
✔ public summaries never include free-form source or evidence text (7.6559ms)
✔ summary rejects unknown rule (6.6815ms)
✔ summary rejects bad finding id (5.5203ms)
✔ summary rejects foreign reference (6.7426ms)
✔ summary rejects mutation claim (7.8852ms)
✔ summary rejects wrong scope (7.4359ms)
✔ summary rejects invalid timestamp (6.9859ms)
✔ summary rejects bad totals (6.6281ms)
✔ public finding index is bounded without copying omitted details (15.1498ms)
✔ every configured fixture rule has an explicit publication review (6.7899ms)
✔ summary file writes remain inside a supplied native temporary directory (29.4361ms)
✔ Actions CLI rejects unsupported arguments --apply (0.3088ms)
✔ Actions CLI rejects unsupported arguments --live (0.125ms)
✔ Actions CLI rejects unsupported arguments --live (0.1117ms)
✔ actual fixture CLI needs no hosted secrets or Teams SDK (258.3819ms)
✔ manual workflow keeps first-party actions pinned and live credentials isolated (3.1882ms)
✔ feedback CLI rejects unsupported, missing and duplicate transition arguments (3.02ms)
✔ new-file corpus output preserves the previous version and refuses overwrite (31.2542ms)
✔ initializing a corpus binds the validated input scope without changing its snapshot (59.955ms)
✔ partial snapshot cannot create a corpus file (33.2511ms)
✔ redirected output parent is refused without writing through it (7.326ms)
✔ review evidence must be a file and cannot use a directory as a digest source (68.0453ms)
✔ review CLI records the exact binary digest and closes its descriptor (102.1817ms)
✔ same-size review replacement between metadata check and open cannot update a corpus (44.9473ms)
✔ review parent swapped for a symlink or junction before open is rejected (39.9633ms)
✔ same-size pathname replacement after descriptor read is rejected (41.6721ms)
✔ same-size in-place review rewrite cannot hide behind a restored modification time (43.5406ms)
✔ review growth after open stays within its original byte bound and is rejected (45.5737ms)
✔ bounded review reads handle partial reads and reject empty or oversized files (22.6513ms)
✔ native behavioral evidence remains candidate with original local source and no finding impersonation (80.9486ms)
✔ native behavioral activation is denied for mixed support and forged active or retired history (61.2125ms)
✔ native behavioral candidates can be rejected without widening legacy review authority (62.3345ms)
✔ native behavioral bytes, identity claims, source and repeated runs remain validated (164.7519ms)
✔ evidence binds actual audit finding and supplied snapshot without certifying collection or identity (13.9734ms)
✔ accepted missing Project status binds the native serialized report and finding in evidence and observations (71.1965ms)
✔ auditor optional-field normalization retains strict data-only feedback and report validation (82.3912ms)
✔ timestamp-only or unrelated snapshot changes do not manufacture repeated supporting evidence (46.5809ms)
✔ partial, cross-scope, stale or missing findings cannot become feedback evidence (16.4316ms)
✔ feedback source pins accept exactly 40 or 64 hexadecimal characters, including supplied evidence (94.3291ms)
✔ candidate, active and retired versions preserve their inputs and have exact transition digests (24.4489ms)
✔ one observation, fabricated evidence bytes and replayed reviews cannot activate a rule (131.0412ms)
✔ reviewer labels and claimed approval booleans do not supply verified review authority (36.2947ms)
✔ explicit rejection remains terminal and contributes no advice (58.5902ms)
✔ prospective expiry is mandatory, bounded, and effective at the exact boundary (153.5109ms)
✔ active capacity cannot expand and supersession retires only the exact predecessor (108.889ms)
✔ supersession rejects stale targets and cannot cross finding rules (79.3123ms)
✔ active guidance annotates only matching findings without hiding or changing original conclusions (47.6385ms)
✔ broad matching admits at most the finite annotation limit and never truncates an excessive report (535.1534ms)
✔ serialized output bytes are admitted before escaped guidance and evidence references fan out (108.2088ms)
✔ later audits honor activation and retirement while the original report stays identical (57.4189ms)
✔ unknown executable, suppression, assignment and permission options are rejected (225.6713ms)
✔ stale reports, foreign scope and altered evidence fail closed (36.4017ms)
✔ canonical digests ignore property insertion order but reject executable and non-finite data (0.6419ms)
✔ reusable corpus validation preserves input and rejects authority claims or altered guidance (21.8196ms)
✔ explicit collector profile requires a hash and cannot relabel a supplied snapshot (3.9082ms)
✔ recurrence requires finite explicit bounds before reading any input (1.1434ms)
✔ finite recurrence reloads snapshot and feedback on every cycle (3.6423ms)
✔ paused and stopped records prevent collection and input reads (2.939ms)
✔ exhausted persisted attempts reject before snapshot, feedback or live collection (2.9459ms)
✔ watch admits the final allowed attempt and then stops before collecting another snapshot (11.99ms)
✔ source mismatch refuses before reading snapshot or feedback (1.4088ms)
✔ a failed cycle stops recurrence without retrying or losing the failure (1.4577ms)
✔ first snapshot acquisition failure retains one sanitized failed attempt (423.95ms)
✔ later corpus acquisition failure preserves earlier accepted evidence and consumes one attempt (1150.7005ms)
✔ live acquisition failure is retained once without raw error text or a retry (424.6843ms)
✔ pause and stop during failed acquisition remain effective without a new admitted attempt (3289.6248ms)
✔ deadline crossing during failed acquisition prevents late attempt admission (2.083ms)
✔ interruption during failed acquisition prevents a new admitted attempt (1.7471ms)
✔ duration bounds stop admission after collection without writing a late result (1.9497ms)
✔ interruption during an interval exits without another audit (1.788ms)
✔ control commands delegate exact action, source and reason without collecting (4.1486ms)
✔ status exposes bounded metadata and no retained finding text (1.5443ms)
✔ one audit writes source-bound immutable private reports and an advisory handoff (700.0633ms)
✔ fresh capture timestamps and transport metrics alone produce no new report or proposal across restart (1262.5342ms)
✔ live state binds the exact selected principal and profile through restart and controls (3778.834ms)
✔ profile metadata cannot convert supplied evidence or a different live principal into accepted observations (458.9261ms)
✔ changed scoped content produces a new receipt while retaining stable finding dedupe (851.0126ms)
✔ resolved findings are recorded without claiming a remote correction (983.6159ms)
✔ stale input fails and preserves a failed attempt, never reusing previous success (1229.1312ms)
✔ future input fails and preserves a failed attempt, never reusing previous success (1007.4548ms)
✔ incomplete input fails and preserves a failed attempt, never reusing previous success (1108.7169ms)
✔ source drift fails and preserves a failed attempt, never reusing previous success (1283.1771ms)
✔ changing the caller source pin cannot migrate an existing directory (1010.1292ms)
✔ pause prevents input use, resume retains dedupe, and stop cannot resume (4737.4322ms)
✔ concurrent cycles have one winner and never create duplicate accepted receipts (643.9256ms)
✔ retained locks fail closed without PID reuse or timeout-based recovery (46.1479ms)
✔ incomplete intent and rollback to an older checkpoint refuse replay (1159.2502ms)
✔ tampered referenced artifacts are rejected and preserved (591.9064ms)
✔ output-directory redirection refuses writes through a symlink or junction (23.7847ms)
✔ an unexpected output file is retained, not overwritten or removed (35.5806ms)
✔ status rejects unexpected files in initialized state before accepting its control projection (546.6662ms)
✔ missing, traversal-style and incomplete control requests do not create authority (7.9446ms)
✔ live source claims retain the existing collector identity and zero-write metadata (519.1469ms)
✔ finite convenience API has explicit bounds and performs no scheduling (1889.1104ms)
✔ state and artifact redirection are not followed on read (507.127ms)
✔ alter of earlier history is detected after a newer successful cycle (1342.5849ms)
✔ delete of earlier history is detected after a newer successful cycle (1390.6672ms)
✔ changed implementation pins fail before a new intent is written (744.8199ms)
✔ a directory replaced while a caller holds its lock cannot redirect any artifact write (608.2904ms)
✔ actual corpus activation and retirement change only separately bound advisory output (2472.3472ms)
✔ expiry invalidates cached advisory annotations even without corpus byte changes (1169.5681ms)
✔ mixed retained controls and new cycles enforce one transition bound with a reserved terminal stop (97656.1631ms)
✔ accepted snapshots with omitted optional metadata produce parseable JSON artifacts and replay (661.0841ms)
✔ optional auditor metadata works through the real feedback evidence and recurring consumer bridge (706.0255ms)
✔ policy has the ten requested workstreams and never assigns people (4.0866ms)
✔ classification supports Multiplayer (9.2239ms)
✔ classification supports UX/UI (1.9816ms)
✔ classification supports Multi-system execution (1.4288ms)
✔ classification supports Janitor (2.091ms)
✔ classification supports Dynamic agent teams (1.5723ms)
✔ classification supports DevOps/PR review/branch protection (2.9844ms)
✔ classification supports Security (7.4651ms)
✔ classification supports Agent communication layer (2.4404ms)
✔ classification supports Dark factory automation (1.7059ms)
✔ classification supports Backend scalability / pub-sub (1.2911ms)
✔ classification preserves labels and assignees (19.7386ms)
✔ UX alias means UX/UI (22.3393ms)
✔ an unassigned issue is not a violation (8.6724ms)
✔ full fixture audit has zero mutations and catches closing-link conflict (7.3994ms)
✔ non-closing prose overrides no native link, not unrelated partial references (6.3344ms)
✔ explicit do-not-close linked issue is flagged (5.8409ms)
✔ closed unmerged PR does not close an open issue (7.8271ms)
✔ reopened issue remains open after a historical merged PR (11.3722ms)
✔ no automatic close for several partial PRs (7.4082ms)
✔ only explicit dependency section is interpreted (0.3521ms)
✔ code fences and quoted references are not dependency authority (0.3172ms)
✔ native/text dependency disagreement is flagged (6.5322ms)
✔ matching dependencies do not produce a mismatch (5.8793ms)
✔ dependency cycles are bounded and reported once (6.4656ms)
✔ parent hierarchy mismatch and cycle are detected (5.6636ms)
✔ outside-scope dependency is not fetched or treated as complete (6.7777ms)
✔ missing local dependency is unverified, not closed (4.8209ms)
✔ open issue marked Done is flagged without changing the board (5.2782ms)
✔ unknown workstream is a review hint, not a rename (6.1663ms)
✔ locked default branch is flagged, without bypass (5.8248ms)
✔ stale PR source head is reported (4.9181ms)
✔ current independent review is accepted as evidence (6.4815ms)
✔ author approval is not current independent human approval (8.2141ms)
✔ bot approval is not current independent human approval (6.259ms)
✔ old-head approval is not current independent human approval (6.6372ms)
✔ later comment does not erase a valid prior approval (6.4107ms)
✔ failed checks and requested changes are surfaced (6.8453ms)
✔ missing checks are not a success (6.0407ms)
✔ stale snapshots are labeled (4.1023ms)
✔ future snapshots fail closed (2.2821ms)
✔ finding IDs are stable across repeated reads (8.1571ms)
✔ reported secrets are redacted and Markdown is escaped (12.4911ms)
✔ refuses: assign #50 to example-user (6.2445ms)
✔ refuses: label #50 multiplayer (13.3163ms)
✔ refuses: close #50 (7.8188ms)
✔ refuses: merge PR #237 (7.6567ms)
✔ refuses: enable auto-merge (8.3009ms)
✔ refuses: delete a branch (7.0382ms)
✔ refuses: approve PR #237 (9.9972ms)
✔ refuses: can you change the rules (7.7624ms)
✔ question answers use recorded evidence and canonical references (8.6642ms)
✔ reverse dependency questions list dependents (6.7193ms)
✔ unknown questions ask for clarification (13.8048ms)
✔ untrusted instruction text grants no tools (11.9041ms)
✔ snapshot rejects wrong repo (3.9782ms)
✔ snapshot rejects wrong project (1.5107ms)
✔ snapshot rejects partial coverage (1.3043ms)
✔ snapshot rejects wrong count (1.4242ms)
✔ snapshot rejects duplicate issue (1.5733ms)
✔ snapshot rejects hostile URL (1.5247ms)
✔ snapshot rejects hidden project item (4.8246ms)
✔ snapshot rejects cross-repo item (1.9132ms)
✔ snapshot rejects duplicate project item (1.7185ms)
✔ snapshot rejects oversized body (1.7406ms)
✔ collector completes two matching passes with no writes (6.8959ms)
✔ collector rejects issue drift between passes (3.0775ms)
✔ collector rejects incomplete nested dependencies (1.5587ms)
✔ collector rejects a changed PR head/check binding (1.7298ms)
✔ collector rejects repeated pagination cursors (1.5226ms)
✔ collector rejects inaccessible connection entries (0.2006ms)
✔ read client verifies Bakar404 and never switches accounts (1.5995ms)
✔ explicit hash-pinned read principal does not change the pilot or read allowlist (21.7071ms)
✔ collector profile rejects changed scope or unsupported fields: repository (12.7522ms)
✔ collector profile rejects changed scope or unsupported fields: project_id (28.0714ms)
✔ collector profile rejects changed scope or unsupported fields: project_number (12.8437ms)
✔ collector profile rejects changed scope or unsupported fields: token (23.9372ms)
✔ collector profile rejects changed scope or unsupported fields: url (12.647ms)
✔ collector profile rejects changed scope or unsupported fields: collector_login (21.6235ms)
✔ collector profile rejects wrong hashes, changed bytes and duplicate keys (52.5066ms)
✔ profiled collection records the actual principal and rejects identity or profile drift (58.3878ms)
✔ read client exposes no arbitrary query or write operation (1.746ms)
✔ GraphQL cursor remains data, not executable query text (1.5495ms)
✔ GraphQL errors do not become accepted partial data (2.6897ms)
✔ GraphQL reserve prevents further reads (1.7161ms)
✔ collection has an elapsed-time bound (1.2753ms)
✔ dry run uses neither network nor output files (1.9059ms)
✔ CLI rejects apply (0.148ms)
✔ CLI rejects audit --fixture --live (0.1481ms)
✔ CLI rejects audit --fixture --out ../escape.json (0.1505ms)
✔ CLI rejects audit --dry-run --out file.json (0.0912ms)
✔ CLI rejects audit --fixture --assign example-user (0.078ms)
✔ CLI rejects ask --fixture (0.0916ms)
✔ actual CLI dry run works from another directory and has no network intent (189.658ms)
✔ test chat prepares an evidence-based reply without sending it (6.7165ms)
✔ test chat rejects wrong tenant (0.4068ms)
✔ test chat rejects wrong group (0.1911ms)
✔ test chat rejects personal chat (0.2079ms)
✔ test chat rejects other channel (0.1381ms)
✔ test chat ignores messages without a mention (0.1392ms)
✔ test chat ignores its own messages (0.1251ms)
✔ test chat refuses mutation requests (4.9341ms)
✔ no production mode or implicit binding (0.4447ms)
ℹ tests 227
ℹ suites 0
ℹ pass 227
ℹ fail 0
ℹ cancelled 0
ℹ skipped 0
ℹ todo 0
ℹ duration_ms 134736.7031
