$ node --test --test-concurrency=2 --test-timeout=180000 scenarios/repo-steward/steward.test.mjs scenarios/repo-steward/actions.test.mjs scenarios/repo-steward/recurring-audit.test.mjs scenarios/repo-steward/feedback.test.mjs scenarios/repo-steward/maintenance.test.mjs scenarios/repo-steward/feedback-cli.test.mjs
✔ Actions preview performs no live reads or summary publication (2.837ms)
✔ Actions fixture uses the real auditor without GitHub access (36.4371ms)
✔ invalid workflow input is rejected during preview without data access (2.8419ms)
✔ hosted live mode rejects non-Actions host before reading data (1.3323ms)
✔ hosted live mode rejects PR event before reading data (2.0954ms)
✔ hosted live mode rejects another repository before reading data (0.3904ms)
✔ hosted live mode rejects feature branch before reading data (0.3668ms)
✔ hosted live mode rejects another actor before reading data (0.2859ms)
✔ hosted live mode rejects another rerun operator before reading data (0.394ms)
✔ hosted live mode rejects missing triggering actor before reading data (0.5804ms)
✔ hosted live mode rejects missing source commit before reading data (0.4655ms)
✔ hosted live mode rejects disabled pilot before reading data (0.2779ms)
✔ hosted live mode rejects unapproved public summary before reading data (0.2481ms)
✔ hosted live mode rejects missing credential before reading data (0.2111ms)
✔ hosted live mode rejects blank credential before reading data (0.2636ms)
✔ hosted live mode rejects write-enabled configuration before reading data (0.2441ms)
✔ GITHUB_TOKEN does not substitute for Project-readable credentials (0.373ms)
✔ an admitted live path collects once and retains zero mutations (10.1571ms)
✔ collector failure does not produce a successful report (0.5873ms)
✔ stale hosted snapshots fail instead of publishing old findings (9.0855ms)
✔ public summaries never include free-form source or evidence text (10.0631ms)
✔ summary rejects unknown rule (7.5154ms)
✔ summary rejects bad finding id (7.568ms)
✔ summary rejects foreign reference (6.6957ms)
✔ summary rejects mutation claim (9.238ms)
✔ summary rejects wrong scope (7.6847ms)
✔ summary rejects invalid timestamp (9.7906ms)
✔ summary rejects bad totals (11.4318ms)
✔ public finding index is bounded without copying omitted details (11.9502ms)
✔ every configured fixture rule has an explicit publication review (7.3852ms)
✔ summary file writes remain inside a supplied native temporary directory (14.7401ms)
✔ Actions CLI rejects unsupported arguments --apply (0.408ms)
✔ Actions CLI rejects unsupported arguments --live (0.2122ms)
✔ Actions CLI rejects unsupported arguments --live (0.2014ms)
✔ actual fixture CLI needs no hosted secrets or Teams SDK (272.8327ms)
✔ manual workflow keeps first-party actions pinned and live credentials isolated (2.6598ms)
✔ feedback CLI rejects unsupported, missing and duplicate transition arguments (2.5207ms)
✔ new-file corpus output preserves the previous version and refuses overwrite (32.9215ms)
✔ initializing a corpus binds the validated input scope without changing its snapshot (73.1681ms)
✔ partial snapshot cannot create a corpus file (34.1916ms)
✔ redirected output parent is refused without writing through it (9.1484ms)
✔ review evidence must be a file and cannot use a directory as a digest source (65.463ms)
✔ review CLI records the exact binary digest and closes its descriptor (125.8915ms)
✔ same-size review replacement between metadata check and open cannot update a corpus (39.5768ms)
✔ review parent swapped for a symlink or junction before open is rejected (49.1823ms)
✔ same-size pathname replacement after descriptor read is rejected (38.7805ms)
✔ same-size in-place review rewrite cannot hide behind a restored modification time (39.0302ms)
✔ review growth after open stays within its original byte bound and is rejected (36.3874ms)
✔ bounded review reads handle partial reads and reject empty or oversized files (26.7347ms)
✔ native behavioral evidence remains candidate with original local source and no finding impersonation (74.6249ms)
✔ native behavioral activation is denied for mixed support and forged active or retired history (44.6908ms)
✔ native behavioral candidates can be rejected without widening legacy review authority (46.3405ms)
✔ native behavioral bytes, identity claims, source and repeated runs remain validated (125.8632ms)
✔ evidence binds actual audit finding and supplied snapshot without certifying collection or identity (14.4243ms)
✔ accepted missing Project status binds the native serialized report and finding in evidence and observations (49.1001ms)
✔ auditor optional-field normalization retains strict data-only feedback and report validation (66.2778ms)
✔ timestamp-only or unrelated snapshot changes do not manufacture repeated supporting evidence (36.6604ms)
✔ partial, cross-scope, stale or missing findings cannot become feedback evidence (14.786ms)
✔ feedback source pins accept exactly 40 or 64 hexadecimal characters, including supplied evidence (104.3724ms)
✔ candidate, active and retired versions preserve their inputs and have exact transition digests (19.0793ms)
✔ one observation, fabricated evidence bytes and replayed reviews cannot activate a rule (75.666ms)
✔ reviewer labels and claimed approval booleans do not supply verified review authority (25.4556ms)
✔ explicit rejection remains terminal and contributes no advice (43.9671ms)
✔ prospective expiry is mandatory, bounded, and effective at the exact boundary (110.8902ms)
✔ active capacity cannot expand and supersession retires only the exact predecessor (69.2366ms)
✔ supersession rejects stale targets and cannot cross finding rules (50.094ms)
✔ active guidance annotates only matching findings without hiding or changing original conclusions (25.5001ms)
✔ broad matching admits at most the finite annotation limit and never truncates an excessive report (358.0595ms)
✔ serialized output bytes are admitted before escaped guidance and evidence references fan out (58.4088ms)
✔ later audits honor activation and retirement while the original report stays identical (37.6767ms)
✔ unknown executable, suppression, assignment and permission options are rejected (138.0523ms)
✔ stale reports, foreign scope and altered evidence fail closed (28.9668ms)
✔ canonical digests ignore property insertion order but reject executable and non-finite data (0.3975ms)
✔ reusable corpus validation preserves input and rejects authority claims or altered guidance (16.8916ms)
✔ explicit collector profile requires a hash and cannot relabel a supplied snapshot (2.9159ms)
✔ recurrence requires finite explicit bounds before reading any input (0.7773ms)
✔ finite recurrence reloads snapshot and feedback on every cycle (2.5529ms)
✔ paused and stopped records prevent collection and input reads (2.1929ms)
✔ exhausted persisted attempts reject before snapshot, feedback or live collection (2.7084ms)
✔ watch admits the final allowed attempt and then stops before collecting another snapshot (1.4923ms)
✔ source mismatch refuses before reading snapshot or feedback (1.7533ms)
✔ a failed cycle stops recurrence without retrying or losing the failure (1.9298ms)
✔ first snapshot acquisition failure retains one sanitized failed attempt (382.9755ms)
✔ later corpus acquisition failure preserves earlier accepted evidence and consumes one attempt (866.9277ms)
✔ live acquisition failure is retained once without raw error text or a retry (289.7808ms)
✔ pause and stop during failed acquisition remain effective without a new admitted attempt (2202.0256ms)
✔ deadline crossing during failed acquisition prevents late attempt admission (1.3834ms)
✔ interruption during failed acquisition prevents a new admitted attempt (1.0758ms)
✔ duration bounds stop admission after collection without writing a late result (1.3036ms)
✔ interruption during an interval exits without another audit (1.2567ms)
✔ control commands delegate exact action, source and reason without collecting (2.8648ms)
✔ status exposes bounded metadata and no retained finding text (1.0332ms)
✔ one audit writes source-bound immutable private reports and an advisory handoff (532.9842ms)
✔ fresh capture timestamps and transport metrics alone produce no new report or proposal across restart (728.6934ms)
✔ live state binds the exact selected principal and profile through restart and controls (2544.4491ms)
✔ profile metadata cannot convert supplied evidence or a different live principal into accepted observations (294.156ms)
✔ changed scoped content produces a new receipt while retaining stable finding dedupe (518.8198ms)
✔ resolved findings are recorded without claiming a remote correction (501.6611ms)
✔ stale input fails and preserves a failed attempt, never reusing previous success (612.1936ms)
✔ future input fails and preserves a failed attempt, never reusing previous success (610.5399ms)
✔ incomplete input fails and preserves a failed attempt, never reusing previous success (850.6254ms)
✔ source drift fails and preserves a failed attempt, never reusing previous success (625.9604ms)
✔ changing the caller source pin cannot migrate an existing directory (484.7888ms)
✔ pause prevents input use, resume retains dedupe, and stop cannot resume (2273.2565ms)
✔ concurrent cycles have one winner and never create duplicate accepted receipts (328.5457ms)
✔ retained locks fail closed without PID reuse or timeout-based recovery (17.0641ms)
✔ incomplete intent and rollback to an older checkpoint refuse replay (564.2812ms)
✔ tampered referenced artifacts are rejected and preserved (342.8407ms)
✔ output-directory redirection refuses writes through a symlink or junction (13.387ms)
✔ an unexpected output file is retained, not overwritten or removed (19.6264ms)
✔ status rejects unexpected files in initialized state before accepting its control projection (244.7538ms)
✔ missing, traversal-style and incomplete control requests do not create authority (4.1906ms)
✔ live source claims retain the existing collector identity and zero-write metadata (266.2078ms)
✔ finite convenience API has explicit bounds and performs no scheduling (894.7811ms)
✔ state and artifact redirection are not followed on read (240.0542ms)
✔ alter of earlier history is detected after a newer successful cycle (656.519ms)
✔ delete of earlier history is detected after a newer successful cycle (658.1539ms)
✔ changed implementation pins fail before a new intent is written (409.6045ms)
✔ a directory replaced while a caller holds its lock cannot redirect any artifact write (343.4079ms)
✔ actual corpus activation and retirement change only separately bound advisory output (1318.1478ms)
✔ expiry invalidates cached advisory annotations even without corpus byte changes (578.7783ms)
✔ mixed retained controls and new cycles enforce one transition bound with a reserved terminal stop (65324.2934ms)
✔ accepted snapshots with omitted optional metadata produce parseable JSON artifacts and replay (452.0821ms)
✔ optional auditor metadata works through the real feedback evidence and recurring consumer bridge (512.0514ms)
✔ policy has the ten requested workstreams and never assigns people (3.5933ms)
✔ classification supports Multiplayer (7.989ms)
✔ classification supports UX/UI (1.7773ms)
✔ classification supports Multi-system execution (1.2004ms)
✔ classification supports Janitor (1.2924ms)
✔ classification supports Dynamic agent teams (1.1749ms)
✔ classification supports DevOps/PR review/branch protection (1.2921ms)
✔ classification supports Security (1.1854ms)
✔ classification supports Agent communication layer (1.1722ms)
✔ classification supports Dark factory automation (1.352ms)
✔ classification supports Backend scalability / pub-sub (1.1601ms)
✔ classification preserves labels and assignees (12.5171ms)
✔ UX alias means UX/UI (14.6435ms)
✔ an unassigned issue is not a violation (5.5487ms)
✔ full fixture audit has zero mutations and catches closing-link conflict (5.1973ms)
✔ non-closing prose overrides no native link, not unrelated partial references (4.5033ms)
✔ explicit do-not-close linked issue is flagged (4.2996ms)
✔ closed unmerged PR does not close an open issue (4.3324ms)
✔ reopened issue remains open after a historical merged PR (3.6144ms)
✔ no automatic close for several partial PRs (4.4488ms)
✔ only explicit dependency section is interpreted (0.2154ms)
✔ code fences and quoted references are not dependency authority (0.2376ms)
✔ native/text dependency disagreement is flagged (5.1819ms)
✔ matching dependencies do not produce a mismatch (4.4664ms)
✔ dependency cycles are bounded and reported once (4.505ms)
✔ parent hierarchy mismatch and cycle are detected (4.405ms)
✔ outside-scope dependency is not fetched or treated as complete (4.4779ms)
✔ missing local dependency is unverified, not closed (3.6888ms)
✔ open issue marked Done is flagged without changing the board (4.13ms)
✔ unknown workstream is a review hint, not a rename (3.8936ms)
✔ locked default branch is flagged, without bypass (6.2498ms)
✔ stale PR source head is reported (4.6466ms)
✔ current independent review is accepted as evidence (5.1775ms)
✔ author approval is not current independent human approval (4.2445ms)
✔ bot approval is not current independent human approval (3.9347ms)
✔ old-head approval is not current independent human approval (4.2759ms)
✔ later comment does not erase a valid prior approval (3.7549ms)
✔ failed checks and requested changes are surfaced (4.1551ms)
✔ missing checks are not a success (4.1066ms)
✔ stale snapshots are labeled (4.3976ms)
✔ future snapshots fail closed (1.9933ms)
✔ finding IDs are stable across repeated reads (7.4018ms)
✔ reported secrets are redacted and Markdown is escaped (11.0687ms)
✔ refuses: assign #50 to example-user (4.4989ms)
✔ refuses: label #50 multiplayer (6.4464ms)
✔ refuses: close #50 (9.4295ms)
✔ refuses: merge PR #237 (6.4819ms)
✔ refuses: enable auto-merge (4.5281ms)
✔ refuses: delete a branch (4.711ms)
✔ refuses: approve PR #237 (4.3318ms)
✔ refuses: can you change the rules (4.6391ms)
✔ question answers use recorded evidence and canonical references (5.0492ms)
✔ reverse dependency questions list dependents (4.7464ms)
✔ unknown questions ask for clarification (4.8222ms)
✔ untrusted instruction text grants no tools (4.3192ms)
✔ snapshot rejects wrong repo (1.1986ms)
✔ snapshot rejects wrong project (1.0566ms)
✔ snapshot rejects partial coverage (1.0101ms)
✔ snapshot rejects wrong count (0.9599ms)
✔ snapshot rejects duplicate issue (1.1666ms)
✔ snapshot rejects hostile URL (1.3008ms)
✔ snapshot rejects hidden project item (1.3503ms)
✔ snapshot rejects cross-repo item (1.3045ms)
✔ snapshot rejects duplicate project item (1.2971ms)
✔ snapshot rejects oversized body (1.1782ms)
✔ collector completes two matching passes with no writes (4.3876ms)
✔ collector rejects issue drift between passes (2.6486ms)
✔ collector rejects incomplete nested dependencies (1.7688ms)
✔ collector rejects a changed PR head/check binding (1.3404ms)
✔ collector rejects repeated pagination cursors (1.1259ms)
✔ collector rejects inaccessible connection entries (0.1559ms)
✔ read client verifies Bakar404 and never switches accounts (1.4882ms)
✔ explicit hash-pinned read principal does not change the pilot or read allowlist (25.8228ms)
✔ collector profile rejects changed scope or unsupported fields: repository (8.9099ms)
✔ collector profile rejects changed scope or unsupported fields: project_id (9.0549ms)
✔ collector profile rejects changed scope or unsupported fields: project_number (15.5824ms)
✔ collector profile rejects changed scope or unsupported fields: token (8.5283ms)
✔ collector profile rejects changed scope or unsupported fields: url (15.7574ms)
✔ collector profile rejects changed scope or unsupported fields: collector_login (15.718ms)
✔ collector profile rejects wrong hashes, changed bytes and duplicate keys (39.106ms)
✔ profiled collection records the actual principal and rejects identity or profile drift (35.8713ms)
✔ read client exposes no arbitrary query or write operation (1.2134ms)
✔ GraphQL cursor remains data, not executable query text (1.2648ms)
✔ GraphQL errors do not become accepted partial data (1.0534ms)
✔ GraphQL reserve prevents further reads (1.5219ms)
✔ collection has an elapsed-time bound (1.0314ms)
✔ dry run uses neither network nor output files (1.2673ms)
✔ CLI rejects apply (0.1452ms)
✔ CLI rejects audit --fixture --live (0.1407ms)
✔ CLI rejects audit --fixture --out ../escape.json (0.1366ms)
✔ CLI rejects audit --dry-run --out file.json (0.091ms)
✔ CLI rejects audit --fixture --assign example-user (0.0766ms)
✔ CLI rejects ask --fixture (0.0764ms)
✔ actual CLI dry run works from another directory and has no network intent (160.0934ms)
✔ test chat prepares an evidence-based reply without sending it (7.6699ms)
✔ test chat rejects wrong tenant (0.3413ms)
✔ test chat rejects wrong group (0.1601ms)
✔ test chat rejects personal chat (0.1845ms)
✔ test chat rejects other channel (0.1411ms)
✔ test chat ignores messages without a mention (0.1464ms)
✔ test chat ignores its own messages (0.1269ms)
✔ test chat refuses mutation requests (6.3431ms)
✔ no production mode or implicit binding (0.3277ms)
ℹ tests 227
ℹ suites 0
ℹ pass 227
ℹ fail 0
ℹ cancelled 0
ℹ skipped 0
ℹ todo 0
ℹ duration_ms 86552.0928
