test_admitted_file_growth_cannot_expand_payload_read (test_public_evidence_verifier.PublicEvidenceVerifierTests.test_admitted_file_growth_cannot_expand_payload_read) ... ok
test_archive_aggregate_boundary_and_plus_one_member (test_public_evidence_verifier.PublicEvidenceVerifierTests.test_archive_aggregate_boundary_and_plus_one_member) ... ok
test_archive_member_byte_boundary_and_plus_one (test_public_evidence_verifier.PublicEvidenceVerifierTests.test_archive_member_byte_boundary_and_plus_one) ... ok
test_archive_member_count_boundary_and_plus_one (test_public_evidence_verifier.PublicEvidenceVerifierTests.test_archive_member_count_boundary_and_plus_one) ... ok
test_compressed_archive_file_is_capped_before_zip_parsing (test_public_evidence_verifier.PublicEvidenceVerifierTests.test_compressed_archive_file_is_capped_before_zip_parsing) ... ok
test_dash_o_is_refused (test_public_evidence_verifier.PublicEvidenceVerifierTests.test_dash_o_is_refused) ... ok
test_dash_oo_is_refused (test_public_evidence_verifier.PublicEvidenceVerifierTests.test_dash_oo_is_refused) ... ok
test_directory_entry_limit_is_streamed_before_payload (test_public_evidence_verifier.PublicEvidenceVerifierTests.test_directory_entry_limit_is_streamed_before_payload) ... ok
test_duplicate_archive_manifest_rows_are_rejected (test_public_evidence_verifier.PublicEvidenceVerifierTests.test_duplicate_archive_manifest_rows_are_rejected) ... ok
test_duplicate_delivered_manifest_paths_are_rejected (test_public_evidence_verifier.PublicEvidenceVerifierTests.test_duplicate_delivered_manifest_paths_are_rejected) ... ok
test_environment_level_one_is_refused (test_public_evidence_verifier.PublicEvidenceVerifierTests.test_environment_level_one_is_refused) ... ok
test_environment_level_two_is_refused (test_public_evidence_verifier.PublicEvidenceVerifierTests.test_environment_level_two_is_refused) ... ok
test_file_at_absolute_byte_limit_is_accepted (test_public_evidence_verifier.PublicEvidenceVerifierTests.test_file_at_absolute_byte_limit_is_accepted) ... ok
test_file_over_absolute_byte_limit_is_rejected_before_open (test_public_evidence_verifier.PublicEvidenceVerifierTests.test_file_over_absolute_byte_limit_is_rejected_before_open) ... ok
test_file_read_is_bounded_even_after_the_size_precheck (test_public_evidence_verifier.PublicEvidenceVerifierTests.test_file_read_is_bounded_even_after_the_size_precheck) ... ok
test_hard_linked_manifest_and_delivered_file_are_rejected (test_public_evidence_verifier.PublicEvidenceVerifierTests.test_hard_linked_manifest_and_delivered_file_are_rejected) ... ok
test_image_path_cannot_escape_manifest_inventory (test_public_evidence_verifier.PublicEvidenceVerifierTests.test_image_path_cannot_escape_manifest_inventory) ... ok
test_intact_copy_under_linked_temporary_parent_is_accepted (test_public_evidence_verifier.PublicEvidenceVerifierTests.test_intact_copy_under_linked_temporary_parent_is_accepted) ... ok
test_linked_delivered_file_is_rejected (test_public_evidence_verifier.PublicEvidenceVerifierTests.test_linked_delivered_file_is_rejected) ... ok
test_linked_packet_is_rejected (test_public_evidence_verifier.PublicEvidenceVerifierTests.test_linked_packet_is_rejected) ... ok
test_linked_root_and_ancestor_are_rejected (test_public_evidence_verifier.PublicEvidenceVerifierTests.test_linked_root_and_ancestor_are_rejected) ... ok
test_module_import_preserves_packet_when_bytecode_is_enabled (test_public_evidence_verifier.PublicEvidenceVerifierTests.test_module_import_preserves_packet_when_bytecode_is_enabled) ... ok
test_normal_interpreter_accepts_intact_packet (test_public_evidence_verifier.PublicEvidenceVerifierTests.test_normal_interpreter_accepts_intact_packet) ... ok
test_normal_interpreter_rejects_corrupted_packet (test_public_evidence_verifier.PublicEvidenceVerifierTests.test_normal_interpreter_rejects_corrupted_packet) ... ok
test_oversized_zip_member_is_refused_before_decompression (test_public_evidence_verifier.PublicEvidenceVerifierTests.test_oversized_zip_member_is_refused_before_decompression) ... ok
test_packet_file_count_boundary_and_plus_one (test_public_evidence_verifier.PublicEvidenceVerifierTests.test_packet_file_count_boundary_and_plus_one) ... ok
test_packet_total_exact_boundary_is_accepted (test_public_evidence_verifier.PublicEvidenceVerifierTests.test_packet_total_exact_boundary_is_accepted) ... ok
test_packet_total_uses_all_actual_sizes_before_payload (test_public_evidence_verifier.PublicEvidenceVerifierTests.test_packet_total_uses_all_actual_sizes_before_payload) ... ok
test_readme_link_cannot_escape_the_verified_packets (test_public_evidence_verifier.PublicEvidenceVerifierTests.test_readme_link_cannot_escape_the_verified_packets) ... ok
test_unlisted_nested_directory_is_rejected (test_public_evidence_verifier.PublicEvidenceVerifierTests.test_unlisted_nested_directory_is_rejected) ... ok
test_unsafe_manifest_paths_are_rejected (test_public_evidence_verifier.PublicEvidenceVerifierTests.test_unsafe_manifest_paths_are_rejected) ... ok
test_changed_gate_log_cannot_produce_a_fixture (test_staged_evidence_driver.StagedEvidenceDriver.test_changed_gate_log_cannot_produce_a_fixture) ... ok
test_dash_o_refuses_before_source_or_output_access (test_staged_evidence_driver.StagedEvidenceDriver.test_dash_o_refuses_before_source_or_output_access) ... ok
test_dash_oo_refuses_before_source_or_output_access (test_staged_evidence_driver.StagedEvidenceDriver.test_dash_oo_refuses_before_source_or_output_access) ... ok
test_different_staged_tree_cannot_produce_a_fixture (test_staged_evidence_driver.StagedEvidenceDriver.test_different_staged_tree_cannot_produce_a_fixture) ... ok
test_duplicate_gate_cannot_replace_a_required_command (test_staged_evidence_driver.StagedEvidenceDriver.test_duplicate_gate_cannot_replace_a_required_command) ... ok
test_environment_one_refuses_before_source_or_output_access (test_staged_evidence_driver.StagedEvidenceDriver.test_environment_one_refuses_before_source_or_output_access) ... ok
test_environment_two_refuses_before_source_or_output_access (test_staged_evidence_driver.StagedEvidenceDriver.test_environment_two_refuses_before_source_or_output_access) ... ok
test_existing_evidence_is_preserved (test_staged_evidence_driver.StagedEvidenceDriver.test_existing_evidence_is_preserved) ... ok
test_failed_gate_cannot_produce_a_fixture (test_staged_evidence_driver.StagedEvidenceDriver.test_failed_gate_cannot_produce_a_fixture) ... ok
test_gate_log_paths_cannot_escape_the_validation_directory (test_staged_evidence_driver.StagedEvidenceDriver.test_gate_log_paths_cannot_escape_the_validation_directory) ... ok
test_hardlinked_gate_log_is_rejected_even_with_matching_digest (test_staged_evidence_driver.StagedEvidenceDriver.test_hardlinked_gate_log_is_rejected_even_with_matching_digest) ... ok
test_hardlinked_validation_is_rejected_before_materialization (test_staged_evidence_driver.StagedEvidenceDriver.test_hardlinked_validation_is_rejected_before_materialization) ... ok
test_linked_gate_log_ancestor_is_rejected_before_resolution (test_staged_evidence_driver.StagedEvidenceDriver.test_linked_gate_log_ancestor_is_rejected_before_resolution) ... ok
test_linked_output_ancestor_is_rejected_before_any_write (test_staged_evidence_driver.StagedEvidenceDriver.test_linked_output_ancestor_is_rejected_before_any_write) ... ok
test_linked_repository_ancestor_is_rejected_before_resolution (test_staged_evidence_driver.StagedEvidenceDriver.test_linked_repository_ancestor_is_rejected_before_resolution) ... ok
test_linked_validation_ancestor_is_rejected_before_resolution (test_staged_evidence_driver.StagedEvidenceDriver.test_linked_validation_ancestor_is_rejected_before_resolution) ... ok
test_missing_discovery_file_is_rejected_before_materialization (test_staged_evidence_driver.StagedEvidenceDriver.test_missing_discovery_file_is_rejected_before_materialization) ... ok
test_missing_gate_command_metadata_is_rejected (test_staged_evidence_driver.StagedEvidenceDriver.test_missing_gate_command_metadata_is_rejected) ... ok
test_normal_mode_exposes_explicit_replay_arguments (test_staged_evidence_driver.StagedEvidenceDriver.test_normal_mode_exposes_explicit_replay_arguments) ... ok
test_oversized_gate_log_is_rejected_even_with_matching_digest (test_staged_evidence_driver.StagedEvidenceDriver.test_oversized_gate_log_is_rejected_even_with_matching_digest) ... ok
test_oversized_staged_blob_is_rejected_before_materialization (test_staged_evidence_driver.StagedEvidenceDriver.test_oversized_staged_blob_is_rejected_before_materialization) ... ok
test_oversized_validation_is_rejected_before_materialization (test_staged_evidence_driver.StagedEvidenceDriver.test_oversized_validation_is_rejected_before_materialization) ... ok
test_regression_summary_requires_the_exact_complete_suite (test_staged_evidence_driver.StagedEvidenceDriver.test_regression_summary_requires_the_exact_complete_suite) ... ok
test_staged_entry_exact_boundary_is_accepted (test_staged_evidence_driver.StagedEvidenceDriver.test_staged_entry_exact_boundary_is_accepted) ... ok
test_staged_entry_limit_rejects_before_materialization (test_staged_evidence_driver.StagedEvidenceDriver.test_staged_entry_limit_rejects_before_materialization) ... ok
test_staged_git_failure_and_non_regular_modes_are_rejected (test_staged_evidence_driver.StagedEvidenceDriver.test_staged_git_failure_and_non_regular_modes_are_rejected) ... ok
test_staged_path_byte_boundary_and_plus_one (test_staged_evidence_driver.StagedEvidenceDriver.test_staged_path_byte_boundary_and_plus_one) ... ok
test_staged_paths_reject_aliases_and_file_directory_collisions (test_staged_evidence_driver.StagedEvidenceDriver.test_staged_paths_reject_aliases_and_file_directory_collisions) ... ok
test_staged_total_bytes_rejects_before_materialization (test_staged_evidence_driver.StagedEvidenceDriver.test_staged_total_bytes_rejects_before_materialization) ... ok
test_staged_total_exact_boundary_is_accepted (test_staged_evidence_driver.StagedEvidenceDriver.test_staged_total_exact_boundary_is_accepted) ... ok
test_staged_unterminated_record_is_bounded (test_staged_evidence_driver.StagedEvidenceDriver.test_staged_unterminated_record_is_bounded) ... ok
test_substituted_gate_name_program_and_arguments_are_rejected (test_staged_evidence_driver.StagedEvidenceDriver.test_substituted_gate_name_program_and_arguments_are_rejected) ... ok
test_unstaged_source_cannot_produce_a_fixture (test_staged_evidence_driver.StagedEvidenceDriver.test_unstaged_source_cannot_produce_a_fixture) ... ok

----------------------------------------------------------------------
Ran 64 tests in 64.810s

OK
{
  "result": "PASS",
  "checks": [
    {
      "package": "pr362-startup-20260921",
      "archive_members": 38,
      "images": 3
    },
    {
      "package": "pr362-regressions-20260921",
      "archive_members": 88,
      "images": 8
    },
    {
      "package": "pr362-combined-20260921",
      "archive_members": 107,
      "images": 14
    }
  ],
  "limit": "Public integrity, not independent raw/capture/acceptance proof"
}
