$ node --test --test-concurrency=2 --test-timeout=180000 scenarios/repo-steward/steward.test.mjs scenarios/repo-steward/actions.test.mjs scenarios/repo-steward/recurring-audit.test.mjs scenarios/repo-steward/feedback.test.mjs scenarios/repo-steward/maintenance.test.mjs scenarios/repo-steward/feedback-cli.test.mjs
✔ Actions preview performs no live reads or summary publication (1.8701ms)
✔ Actions fixture uses the real auditor without GitHub access (30.9719ms)
✔ invalid workflow input is rejected during preview without data access (1.2781ms)
✔ hosted live mode rejects non-Actions host before reading data (0.45ms)
✔ hosted live mode rejects PR event before reading data (1.166ms)
✔ hosted live mode rejects another repository before reading data (0.2348ms)
✔ hosted live mode rejects feature branch before reading data (0.4173ms)
✔ hosted live mode rejects another actor before reading data (0.3187ms)
✔ hosted live mode rejects another rerun operator before reading data (0.2455ms)
✔ hosted live mode rejects missing triggering actor before reading data (0.3819ms)
✔ hosted live mode rejects missing source commit before reading data (0.2561ms)
✔ hosted live mode rejects disabled pilot before reading data (0.1844ms)
✔ hosted live mode rejects unapproved public summary before reading data (0.1527ms)
✔ hosted live mode rejects missing credential before reading data (0.1138ms)
✔ hosted live mode rejects blank credential before reading data (0.1354ms)
✔ hosted live mode rejects write-enabled configuration before reading data (0.131ms)
✔ GITHUB_TOKEN does not substitute for Project-readable credentials (0.214ms)
✔ an admitted live path collects once and retains zero mutations (6.5771ms)
✔ collector failure does not produce a successful report (0.3779ms)
✔ stale hosted snapshots fail instead of publishing old findings (6.1164ms)
✔ public summaries never include free-form source or evidence text (6.0765ms)
✔ summary rejects unknown rule (4.697ms)
✔ summary rejects bad finding id (5.5196ms)
✔ summary rejects foreign reference (5.7932ms)
✔ summary rejects mutation claim (4.9238ms)
✔ summary rejects wrong scope (6.1274ms)
✔ summary rejects invalid timestamp (5.7755ms)
✔ summary rejects bad totals (5.5118ms)
✔ public finding index is bounded without copying omitted details (6.0977ms)
✔ every configured fixture rule has an explicit publication review (5.2503ms)
✔ summary file writes remain inside a supplied native temporary directory (18.2611ms)
✔ Actions CLI rejects unsupported arguments --apply (0.3055ms)
✔ Actions CLI rejects unsupported arguments --live (0.1195ms)
✔ Actions CLI rejects unsupported arguments --live (0.1316ms)
✔ actual fixture CLI needs no hosted secrets or Teams SDK (187.4975ms)
✔ manual workflow keeps first-party actions pinned and live credentials isolated (2.6469ms)
✔ feedback CLI rejects unsupported, missing and duplicate transition arguments (2.8769ms)
✔ new-file corpus output preserves the previous version and refuses overwrite (22.3645ms)
✔ initializing a corpus binds the validated input scope without changing its snapshot (42.7829ms)
✔ partial snapshot cannot create a corpus file (25.5964ms)
✔ redirected output parent is refused without writing through it (6.1094ms)
✔ review evidence must be a file and cannot use a directory as a digest source (45.382ms)
✔ review CLI records the exact binary digest and closes its descriptor (78.343ms)
✔ same-size review replacement between metadata check and open cannot update a corpus (31.6453ms)
✔ review parent swapped for a symlink or junction before open is rejected (32.7504ms)
✔ same-size pathname replacement after descriptor read is rejected (30.026ms)
✔ same-size in-place review rewrite cannot hide behind a restored modification time (28.7351ms)
✔ review growth after open stays within its original byte bound and is rejected (32.9372ms)
✔ bounded review reads handle partial reads and reject empty or oversized files (20.4656ms)
✔ native behavioral evidence remains candidate with original local source and no finding impersonation (81.4667ms)
✔ native behavioral activation is denied for mixed support and forged active or retired history (63.2335ms)
✔ native behavioral candidates can be rejected without widening legacy review authority (59.7131ms)
✔ native behavioral bytes, identity claims, source and repeated runs remain validated (123.464ms)
✔ evidence binds actual audit finding and supplied snapshot without certifying collection or identity (13.5122ms)
✔ accepted missing Project status binds the native serialized report and finding in evidence and observations (53.3168ms)
✔ auditor optional-field normalization retains strict data-only feedback and report validation (69.4569ms)
✔ timestamp-only or unrelated snapshot changes do not manufacture repeated supporting evidence (34.9784ms)
✔ partial, cross-scope, stale or missing findings cannot become feedback evidence (15.1245ms)
✔ feedback source pins accept exactly 40 or 64 hexadecimal characters, including supplied evidence (75.5445ms)
✔ candidate, active and retired versions preserve their inputs and have exact transition digests (18.9751ms)
✔ one observation, fabricated evidence bytes and replayed reviews cannot activate a rule (84.656ms)
✔ reviewer labels and claimed approval booleans do not supply verified review authority (26.3966ms)
✔ explicit rejection remains terminal and contributes no advice (41.5271ms)
✔ prospective expiry is mandatory, bounded, and effective at the exact boundary (133.9874ms)
✔ active capacity cannot expand and supersession retires only the exact predecessor (83.3187ms)
✔ supersession rejects stale targets and cannot cross finding rules (58.8127ms)
✔ active guidance annotates only matching findings without hiding or changing original conclusions (38.0251ms)
✔ broad matching admits at most the finite annotation limit and never truncates an excessive report (437.1016ms)
✔ serialized output bytes are admitted before escaped guidance and evidence references fan out (64.7836ms)
✔ later audits honor activation and retirement while the original report stays identical (58.9532ms)
✔ unknown executable, suppression, assignment and permission options are rejected (177.8184ms)
✔ stale reports, foreign scope and altered evidence fail closed (28.4253ms)
✔ canonical digests ignore property insertion order but reject executable and non-finite data (0.4472ms)
✔ reusable corpus validation preserves input and rejects authority claims or altered guidance (19.8052ms)
✔ explicit collector profile requires a hash and cannot relabel a supplied snapshot (4.4335ms)
✔ recurrence requires finite explicit bounds before reading any input (1.2467ms)
✔ finite recurrence reloads snapshot and feedback on every cycle (3.2865ms)
✔ paused and stopped records prevent collection and input reads (2.5475ms)
✔ exhausted persisted attempts reject before snapshot, feedback or live collection (3.429ms)
✔ watch admits the final allowed attempt and then stops before collecting another snapshot (1.6955ms)
✔ source mismatch refuses before reading snapshot or feedback (1.2911ms)
✔ a failed cycle stops recurrence without retrying or losing the failure (1.6085ms)
✔ first snapshot acquisition failure retains one sanitized failed attempt (363.3539ms)
✔ later corpus acquisition failure preserves earlier accepted evidence and consumes one attempt (1098.9407ms)
✔ live acquisition failure is retained once without raw error text or a retry (359.0661ms)
✔ pause and stop during failed acquisition remain effective without a new admitted attempt (2405.3575ms)
✔ deadline crossing during failed acquisition prevents late attempt admission (1.4329ms)
✔ interruption during failed acquisition prevents a new admitted attempt (1.1292ms)
✔ duration bounds stop admission after collection without writing a late result (1.0394ms)
✔ interruption during an interval exits without another audit (1.181ms)
✔ control commands delegate exact action, source and reason without collecting (2.9933ms)
✔ status exposes bounded metadata and no retained finding text (1.0643ms)
✔ one audit writes source-bound immutable private reports and an advisory handoff (544.9923ms)
✔ fresh capture timestamps and transport metrics alone produce no new report or proposal across restart (858.5211ms)
✔ live state binds the exact selected principal and profile through restart and controls (3080.5391ms)
✔ profile metadata cannot convert supplied evidence or a different live principal into accepted observations (364.1086ms)
✔ changed scoped content produces a new receipt while retaining stable finding dedupe (628.2597ms)
✔ resolved findings are recorded without claiming a remote correction (666.9258ms)
✔ stale input fails and preserves a failed attempt, never reusing previous success (797.9432ms)
✔ future input fails and preserves a failed attempt, never reusing previous success (874.646ms)
✔ incomplete input fails and preserves a failed attempt, never reusing previous success (765.7274ms)
✔ source drift fails and preserves a failed attempt, never reusing previous success (706.2641ms)
✔ changing the caller source pin cannot migrate an existing directory (554.8231ms)
✔ pause prevents input use, resume retains dedupe, and stop cannot resume (2653.2607ms)
✔ concurrent cycles have one winner and never create duplicate accepted receipts (482.1808ms)
✔ retained locks fail closed without PID reuse or timeout-based recovery (20.9117ms)
✔ incomplete intent and rollback to an older checkpoint refuse replay (713.9181ms)
✔ tampered referenced artifacts are rejected and preserved (375.7382ms)
✔ output-directory redirection refuses writes through a symlink or junction (15.5148ms)
✔ an unexpected output file is retained, not overwritten or removed (21.7938ms)
✔ status rejects unexpected files in initialized state before accepting its control projection (302.6673ms)
✔ missing, traversal-style and incomplete control requests do not create authority (4.7987ms)
✔ live source claims retain the existing collector identity and zero-write metadata (338.8153ms)
✔ finite convenience API has explicit bounds and performs no scheduling (1062.0629ms)
✔ state and artifact redirection are not followed on read (275.5072ms)
✔ alter of earlier history is detected after a newer successful cycle (739.0085ms)
✔ delete of earlier history is detected after a newer successful cycle (827.4615ms)
✔ changed implementation pins fail before a new intent is written (426.1773ms)
✔ a directory replaced while a caller holds its lock cannot redirect any artifact write (546.427ms)
✔ actual corpus activation and retirement change only separately bound advisory output (1440.5528ms)
✔ expiry invalidates cached advisory annotations even without corpus byte changes (656.8706ms)
✔ mixed retained controls and new cycles enforce one transition bound with a reserved terminal stop (66882.1784ms)
✔ accepted snapshots with omitted optional metadata produce parseable JSON artifacts and replay (583.643ms)
✔ optional auditor metadata works through the real feedback evidence and recurring consumer bridge (589.6242ms)
✔ policy has the ten requested workstreams and never assigns people (4.0608ms)
✔ classification supports Multiplayer (10.3348ms)
✔ classification supports UX/UI (3.0644ms)
✔ classification supports Multi-system execution (1.9106ms)
✔ classification supports Janitor (1.5678ms)
✔ classification supports Dynamic agent teams (1.4795ms)
✔ classification supports DevOps/PR review/branch protection (2.8209ms)
✔ classification supports Security (1.787ms)
✔ classification supports Agent communication layer (1.844ms)
✔ classification supports Dark factory automation (1.7735ms)
✔ classification supports Backend scalability / pub-sub (1.5386ms)
✔ classification preserves labels and assignees (18.0432ms)
✔ UX alias means UX/UI (18.5297ms)
✔ an unassigned issue is not a violation (6.2041ms)
✔ full fixture audit has zero mutations and catches closing-link conflict (10.4768ms)
✔ non-closing prose overrides no native link, not unrelated partial references (4.9132ms)
✔ explicit do-not-close linked issue is flagged (6.5796ms)
✔ closed unmerged PR does not close an open issue (6.4038ms)
✔ reopened issue remains open after a historical merged PR (5.2143ms)
✔ no automatic close for several partial PRs (7.1492ms)
✔ only explicit dependency section is interpreted (0.3258ms)
✔ code fences and quoted references are not dependency authority (0.3401ms)
✔ native/text dependency disagreement is flagged (5.0317ms)
✔ matching dependencies do not produce a mismatch (4.9344ms)
✔ dependency cycles are bounded and reported once (6.6632ms)
✔ parent hierarchy mismatch and cycle are detected (5.8627ms)
✔ outside-scope dependency is not fetched or treated as complete (5.6656ms)
✔ missing local dependency is unverified, not closed (6.2252ms)
✔ open issue marked Done is flagged without changing the board (7.46ms)
✔ unknown workstream is a review hint, not a rename (6.1129ms)
✔ locked default branch is flagged, without bypass (7.0425ms)
✔ stale PR source head is reported (4.8306ms)
✔ current independent review is accepted as evidence (5.4018ms)
✔ author approval is not current independent human approval (6.0809ms)
✔ bot approval is not current independent human approval (6.6359ms)
✔ old-head approval is not current independent human approval (6.0801ms)
✔ later comment does not erase a valid prior approval (13.0912ms)
✔ failed checks and requested changes are surfaced (6.7667ms)
✔ missing checks are not a success (5.8051ms)
✔ stale snapshots are labeled (4.0392ms)
✔ future snapshots fail closed (2.6693ms)
✔ finding IDs are stable across repeated reads (8.254ms)
✔ reported secrets are redacted and Markdown is escaped (15.7079ms)
✔ refuses: assign #50 to example-user (7.1202ms)
✔ refuses: label #50 multiplayer (8.9911ms)
✔ refuses: close #50 (10.9687ms)
✔ refuses: merge PR #237 (7.548ms)
✔ refuses: enable auto-merge (7.1005ms)
✔ refuses: delete a branch (7.5505ms)
✔ refuses: approve PR #237 (6.9645ms)
✔ refuses: can you change the rules (5.0821ms)
✔ question answers use recorded evidence and canonical references (6.1804ms)
✔ reverse dependency questions list dependents (8.8997ms)
✔ unknown questions ask for clarification (8.1838ms)
✔ untrusted instruction text grants no tools (12.7083ms)
✔ snapshot rejects wrong repo (1.361ms)
✔ snapshot rejects wrong project (1.1417ms)
✔ snapshot rejects partial coverage (1.3384ms)
✔ snapshot rejects wrong count (1.0265ms)
✔ snapshot rejects duplicate issue (1.1486ms)
✔ snapshot rejects hostile URL (1.4746ms)
✔ snapshot rejects hidden project item (1.6307ms)
✔ snapshot rejects cross-repo item (1.6477ms)
✔ snapshot rejects duplicate project item (1.5161ms)
✔ snapshot rejects oversized body (1.636ms)
✔ collector completes two matching passes with no writes (6.6189ms)
✔ collector rejects issue drift between passes (3.6047ms)
✔ collector rejects incomplete nested dependencies (1.6579ms)
✔ collector rejects a changed PR head/check binding (1.7289ms)
✔ collector rejects repeated pagination cursors (1.2298ms)
✔ collector rejects inaccessible connection entries (0.1506ms)
✔ read client verifies Bakar404 and never switches accounts (1.408ms)
✔ explicit hash-pinned read principal does not change the pilot or read allowlist (20.5796ms)
✔ collector profile rejects changed scope or unsupported fields: repository (20.3626ms)
✔ collector profile rejects changed scope or unsupported fields: project_id (17.4027ms)
✔ collector profile rejects changed scope or unsupported fields: project_number (16.5761ms)
✔ collector profile rejects changed scope or unsupported fields: token (20.6085ms)
✔ collector profile rejects changed scope or unsupported fields: url (10.831ms)
✔ collector profile rejects changed scope or unsupported fields: collector_login (10.8071ms)
✔ collector profile rejects wrong hashes, changed bytes and duplicate keys (45.5483ms)
✔ profiled collection records the actual principal and rejects identity or profile drift (43.5157ms)
✔ read client exposes no arbitrary query or write operation (1.8008ms)
✔ GraphQL cursor remains data, not executable query text (1.513ms)
✔ GraphQL errors do not become accepted partial data (1.4871ms)
✔ GraphQL reserve prevents further reads (1.697ms)
✔ collection has an elapsed-time bound (1.4238ms)
✔ dry run uses neither network nor output files (2.0331ms)
✔ CLI rejects apply (0.2436ms)
✔ CLI rejects audit --fixture --live (0.1613ms)
✔ CLI rejects audit --fixture --out ../escape.json (0.1651ms)
✔ CLI rejects audit --dry-run --out file.json (0.093ms)
✔ CLI rejects audit --fixture --assign example-user (0.0778ms)
✔ CLI rejects ask --fixture (0.0793ms)
✔ actual CLI dry run works from another directory and has no network intent (210.4673ms)
✔ test chat prepares an evidence-based reply without sending it (8.6203ms)
✔ test chat rejects wrong tenant (0.3997ms)
✔ test chat rejects wrong group (0.2254ms)
✔ test chat rejects personal chat (0.2044ms)
✔ test chat rejects other channel (0.3381ms)
✔ test chat ignores messages without a mention (0.1757ms)
✔ test chat ignores its own messages (0.1499ms)
✔ test chat refuses mutation requests (12.9853ms)
✔ no production mode or implicit binding (0.5354ms)
ℹ tests 227
ℹ suites 0
ℹ pass 227
ℹ fail 0
ℹ cancelled 0
ℹ skipped 0
ℹ todo 0
ℹ duration_ms 91634.0768
