   Compiling crony-domain v0.1.0 (<reviewed-worktree>\crates\crony-domain)
   Compiling crony-store v0.1.0 (<reviewed-worktree>\crates\crony-store)
   Compiling crony-protocol v0.1.0 (<reviewed-worktree>\crates\crony-protocol)
   Compiling crony-server v0.1.0 (<reviewed-worktree>\crates\crony-server)
    Finished `test` profile [unoptimized + debuginfo] target(s) in 57.37s
     Running unittests src\main.rs (<local-user>\code\ecorp-pr338-completion-20260922\target-validation\debug\deps\crony_server-05dbe3038b00ba36.exe)

running 12 tests
test cache_admission_lifecycle_tests::issue140_capable_resume_reaches_dependency_canary ... ok
test cache_admission_lifecycle_tests::issue140_capable_resume_reaches_secret_canary ... ok
test cache_admission_lifecycle_tests::issue140_future_policy_does_not_starve_healthy_sibling ... ok
test cache_admission_lifecycle_tests::issue140_grant_expiry_rolls_back_with_failed_transition ... ok
test cache_admission_lifecycle_tests::issue140_late_loss_keeps_shared_attempt_and_expires_grants ... ok
test cache_admission_lifecycle_tests::issue140_legacy_resume_handler_fails_before_preparation ... ok
test cache_admission_lifecycle_tests::issue140_legacy_source_recovery_fails_before_secret_preparation ... ok
test cache_admission_lifecycle_tests::issue140_legacy_verifier_recovery_fails_before_artifact_hydration ... ok
test cache_admission_lifecycle_tests::issue140_malformed_policy_does_not_starve_healthy_sibling ... ok
test cache_admission_lifecycle_tests::issue140_rejected_failure_guard_preserves_grants ... ok
test cache_admission_lifecycle_tests::issue140_source_recovery_expires_only_its_grants ... ok
test cache_admission_lifecycle_tests::issue140_verifier_recovery_expires_only_its_grants ... ok

test result: ok. 12 passed; 0 failed; 0 ignored; 0 measured; 138 filtered out; finished in 28.98s
