   Compiling cfg-if v1.0.4
   Compiling syn v3.0.4
   Compiling windows-link v0.2.1
   Compiling serde_core v1.0.229
   Compiling zerofrom v0.1.8
   Compiling stable_deref_trait v1.2.1
   Compiling yoke v0.8.3
   Compiling subtle v2.6.1
   Compiling typenum v1.20.1
   Compiling writeable v0.6.4
   Compiling serde_derive v1.0.229
   Compiling zerovec-derive v0.11.6
   Compiling zerovec v0.11.8
   Compiling displaydoc v0.2.7
   Compiling tinystr v0.8.4
   Compiling serde v1.0.229
   Compiling pin-project-lite v0.2.17
   Compiling litemap v0.8.3
   Compiling smallvec v1.15.2
   Compiling icu_locale_core v2.3.0
   Compiling zerotrie v0.2.5
   Compiling potential_utf v0.1.6
   Compiling getrandom v0.2.17
   Compiling utf8_iter v1.0.4
   Compiling generic-array v0.14.7
   Compiling icu_collections v2.3.0
   Compiling icu_provider v2.3.1
   Compiling futures-core v0.3.34
   Compiling zeroize v1.9.0
   Compiling scopeguard v1.2.0
   Compiling rustls-pki-types v1.15.1
   Compiling lock_api v0.4.14
   Compiling ring v0.17.14
   Compiling num-traits v0.2.19
   Compiling icu_normalizer_data v2.3.0
   Compiling icu_properties_data v2.3.0
   Compiling parking_lot_core v0.9.12
   Compiling windows-sys v0.61.2
   Compiling bytes v1.12.1
   Compiling icu_properties v2.3.0
   Compiling parking_lot v0.12.5
   Compiling icu_normalizer v2.3.0
   Compiling block-buffer v0.10.4
   Compiling crypto-common v0.1.7
   Compiling memchr v2.8.3
   Compiling untrusted v0.9.0
   Compiling equivalent v1.0.2
   Compiling once_cell v1.21.4
   Compiling crossbeam-utils v0.8.22
   Compiling digest v0.10.7
   Compiling idna_adapter v1.2.2
   Compiling zmij v1.0.23
   Compiling windows_x86_64_msvc v0.48.5
   Compiling itoa v1.0.18
   Compiling percent-encoding v2.3.2
   Compiling allocator-api2 v0.2.21
   Compiling futures-sink v0.3.34
   Compiling foldhash v0.1.5
   Compiling cpufeatures v0.2.17
   Compiling hashbrown v0.15.5
   Compiling form_urlencoded v1.2.2
   Compiling rustls v0.23.43
   Compiling serde_json v1.0.151
   Compiling rustls-webpki v0.103.15
   Compiling windows-targets v0.48.5
   Compiling idna v1.1.0
   Compiling zerocopy v0.8.56
   Compiling tracing-core v0.1.36
   Compiling webpki-roots v1.0.9
   Compiling thiserror-impl v2.0.20
   Compiling hashbrown v0.17.1
   Compiling parking v2.2.1
   Compiling futures-task v0.3.34
   Compiling log v0.4.34
   Compiling tinyvec_macros v0.1.1
   Compiling crc-catalog v2.5.0
   Compiling slab v0.4.12
   Compiling futures-io v0.3.34
   Compiling futures-util v0.3.34
   Compiling crc v3.4.0
   Compiling tinyvec v1.12.0
   Compiling tracing v0.1.44
   Compiling indexmap v2.14.1
   Compiling event-listener v5.4.2
   Compiling ppv-lite86 v0.2.21
   Compiling thiserror v2.0.20
   Compiling webpki-roots v0.26.11
   Compiling crossbeam-queue v0.3.13
   Compiling url v2.5.8
   Compiling windows-sys v0.48.0
   Compiling hashlink v0.10.0
   Compiling futures-intrusive v0.5.0
   Compiling socket2 v0.6.5
   Compiling mio v1.2.2
   Compiling rand_core v0.6.4
   Compiling either v1.18.0
   Compiling base64 v0.22.1
   Compiling rand_chacha v0.3.1
   Compiling tokio v1.53.1
   Compiling unicode-normalization v0.1.25
   Compiling unicode-properties v0.1.4
   Compiling unicode-bidi v0.3.18
   Compiling stringprep v0.1.5
   Compiling tokio-stream v0.1.19
   Compiling rand v0.8.8
   Compiling getrandom v0.4.3
   Compiling sha2 v0.10.9
   Compiling futures-channel v0.3.34
   Compiling hmac v0.12.1
   Compiling home v0.5.12
   Compiling chrono v0.4.45
   Compiling atoi v2.0.0
   Compiling tokio-macros v2.7.2
   Compiling bitflags v2.13.1
   Compiling whoami v1.6.1
   Compiling hex v0.4.3
   Compiling dotenvy v0.15.7
   Compiling byteorder v1.5.0
   Compiling sqlx-core v0.8.6
   Compiling etcetera v0.8.0
   Compiling hkdf v0.12.4
   Compiling uuid v1.26.1
   Compiling md-5 v0.10.6
   Compiling hybrid-array v0.4.15
   Compiling sqlx-postgres v0.8.6
   Compiling sqlx-macros-core v0.8.6
   Compiling block-buffer v0.12.1
   Compiling crypto-common v0.2.2
   Compiling const-oid v0.10.2
   Compiling digest v0.11.3
   Compiling sqlx-macros v0.8.6
   Compiling cpufeatures v0.3.1
   Compiling sha2 v0.11.0
   Compiling sqlx v0.8.6
   Compiling anyhow v1.0.104
   Compiling crony-domain v0.1.0 (<reviewed-worktree>\crates\crony-domain)
   Compiling crony-store v0.1.0 (<reviewed-worktree>\crates\crony-store)
    Finished `test` profile [unoptimized + debuginfo] target(s) in 4m 09s
     Running unittests src\lib.rs (target-validation\debug\deps\crony_store-81008a40dd71f5fa.exe)

running 5 tests
test retained_provider_receipt::tests::upload_binding_absence_preserves_legacy_payload ... ok
test retained_provider_receipt::tests::upload_binding_accepts_exact_shape_and_inclusive_byte_bounds ... ok
test retained_provider_receipt::tests::upload_binding_rejects_invalid_byte_types_and_limits ... ok
test retained_provider_receipt::tests::upload_binding_rejects_malformed_digest_types_and_bytes ... ok
test retained_provider_receipt::tests::upload_binding_rejects_non_objects_missing_and_extra_fields ... ok

test result: ok. 5 passed; 0 failed; 0 ignored; 0 measured; 398 filtered out; finished in 0.00s
