   Compiling syn v3.0.4
   Compiling syn v2.0.119
   Compiling synstructure v0.13.2
   Compiling windows-sys v0.61.2
   Compiling zerofrom-derive v0.1.7
   Compiling smallvec v1.15.2
   Compiling zerofrom v0.1.8
   Compiling yoke-derive v0.8.2
   Compiling zerovec-derive v0.11.6
   Compiling yoke v0.8.3
   Compiling displaydoc v0.2.7
   Compiling zerovec v0.11.8
   Compiling parking_lot_core v0.9.12
   Compiling serde_core v1.0.229
   Compiling parking_lot v0.12.5
   Compiling socket2 v0.6.5
   Compiling mio v1.2.2
   Compiling tokio-macros v2.7.2
   Compiling log v0.4.34
   Compiling tokio v1.53.1
   Compiling tinystr v0.8.4
   Compiling icu_locale_core v2.3.0
   Compiling tracing-core v0.1.36
   Compiling potential_utf v0.1.6
   Compiling zerotrie v0.2.5
   Compiling futures-macro v0.3.34
   Compiling futures-sink v0.3.34
   Compiling slab v0.4.12
   Compiling typenum v1.20.1
   Compiling generic-array v0.14.7
   Compiling futures-util v0.3.34
   Compiling icu_collections v2.3.0
   Compiling icu_provider v2.3.1
   Compiling tracing v0.1.44
   Compiling ring v0.17.14
   Compiling serde v1.0.229
   Compiling serde_derive v1.0.229
   Compiling getrandom v0.2.17
   Compiling icu_properties v2.3.0
   Compiling icu_normalizer v2.3.0
   Compiling crypto-common v0.1.7
   Compiling block-buffer v0.10.4
   Compiling futures-channel v0.3.34
   Compiling rustls v0.23.43
   Compiling hyper v1.11.1
   Compiling num-traits v0.2.19
   Compiling idna_adapter v1.2.2
   Compiling digest v0.10.7
   Compiling rustls-webpki v0.103.15
   Compiling thiserror-impl v2.0.20
   Compiling anstyle-wincon v3.0.11
   Compiling hyper-util v0.1.20
   Compiling thiserror v2.0.20
   Compiling sha1 v0.10.7
   Compiling serde_json v1.0.151
   Compiling idna v1.1.0
   Compiling tower v0.5.3
   Compiling anstyle-query v1.1.5
   Compiling serde_urlencoded v0.7.1
   Compiling tokio-rustls v0.26.4
   Compiling anstream v1.0.0
   Compiling tungstenite v0.29.0
   Compiling url v2.5.8
   Compiling clap_builder v4.6.7
   Compiling axum-core v0.5.6
   Compiling tower-http v0.6.11
   Compiling clap_derive v4.6.7
   Compiling hyper-rustls v0.27.9
   Compiling uuid v1.26.1
   Compiling chrono v0.4.45
   Compiling tokio-tungstenite v0.29.0
   Compiling serde_path_to_error v0.1.20
   Compiling axum-macros v0.5.1
   Compiling crony-domain v0.1.0 (<reviewed-worktree>\crates\crony-domain)
   Compiling axum v0.8.9
   Compiling reqwest v0.12.28
   Compiling clap v4.6.7
   Compiling crony-gateways v0.1.0 (<reviewed-worktree>\crates\crony-gateways)
    Finished `dev` profile [unoptimized + debuginfo] target(s) in 2m 06s
