$ node --test --test-concurrency=2 --test-timeout=180000 scenarios/repo-steward/steward.test.mjs scenarios/repo-steward/actions.test.mjs scenarios/repo-steward/recurring-audit.test.mjs scenarios/repo-steward/feedback.test.mjs scenarios/repo-steward/maintenance.test.mjs scenarios/repo-steward/feedback-cli.test.mjs
✔ Actions preview performs no live reads or summary publication (3.4815ms)
✔ Actions fixture uses the real auditor without GitHub access (42.563ms)
✔ invalid workflow input is rejected during preview without data access (1.5162ms)
✔ hosted live mode rejects non-Actions host before reading data (0.5674ms)
✔ hosted live mode rejects PR event before reading data (1.4002ms)
✔ hosted live mode rejects another repository before reading data (0.211ms)
✔ hosted live mode rejects feature branch before reading data (0.3715ms)
✔ hosted live mode rejects another actor before reading data (0.2315ms)
✔ hosted live mode rejects another rerun operator before reading data (0.3793ms)
✔ hosted live mode rejects missing triggering actor before reading data (0.4179ms)
✔ hosted live mode rejects missing source commit before reading data (0.4199ms)
✔ hosted live mode rejects disabled pilot before reading data (0.2662ms)
✔ hosted live mode rejects unapproved public summary before reading data (0.1769ms)
✔ hosted live mode rejects missing credential before reading data (0.1696ms)
✔ hosted live mode rejects blank credential before reading data (0.1787ms)
✔ hosted live mode rejects write-enabled configuration before reading data (0.1888ms)
✔ GITHUB_TOKEN does not substitute for Project-readable credentials (0.354ms)
✔ an admitted live path collects once and retains zero mutations (8.6047ms)
✔ collector failure does not produce a successful report (0.39ms)
✔ stale hosted snapshots fail instead of publishing old findings (6.3857ms)
✔ public summaries never include free-form source or evidence text (8.2113ms)
✔ summary rejects unknown rule (6.5482ms)
✔ summary rejects bad finding id (9.3469ms)
✔ summary rejects foreign reference (10.4004ms)
✔ summary rejects mutation claim (8.2578ms)
✔ summary rejects wrong scope (7.1405ms)
✔ summary rejects invalid timestamp (6.5899ms)
✔ summary rejects bad totals (8.0515ms)
✔ public finding index is bounded without copying omitted details (6.6388ms)
✔ every configured fixture rule has an explicit publication review (6.8063ms)
✔ summary file writes remain inside a supplied native temporary directory (21.5865ms)
✔ Actions CLI rejects unsupported arguments --apply (0.3088ms)
✔ Actions CLI rejects unsupported arguments --live (0.12ms)
✔ Actions CLI rejects unsupported arguments --live (0.1169ms)
✔ actual fixture CLI needs no hosted secrets or Teams SDK (228.6789ms)
✔ manual workflow keeps first-party actions pinned and live credentials isolated (3.4669ms)
✔ feedback CLI rejects unsupported, missing and duplicate transition arguments (2.4765ms)
✔ new-file corpus output preserves the previous version and refuses overwrite (29.2356ms)
✔ initializing a corpus binds the validated input scope without changing its snapshot (55.046ms)
✔ partial snapshot cannot create a corpus file (32.5953ms)
✔ redirected output parent is refused without writing through it (7.2573ms)
✔ review evidence must be a file and cannot use a directory as a digest source (55.0536ms)
✔ review CLI records the exact binary digest and closes its descriptor (99.7673ms)
✔ same-size review replacement between metadata check and open cannot update a corpus (34.6177ms)
✔ review parent swapped for a symlink or junction before open is rejected (54.8897ms)
✔ same-size pathname replacement after descriptor read is rejected (41.643ms)
✔ same-size in-place review rewrite cannot hide behind a restored modification time (39.935ms)
✔ review growth after open stays within its original byte bound and is rejected (35.7655ms)
✔ bounded review reads handle partial reads and reject empty or oversized files (23.1973ms)
✔ native behavioral evidence remains candidate with original local source and no finding impersonation (96.0848ms)
✔ native behavioral activation is denied for mixed support and forged active or retired history (58.5932ms)
✔ native behavioral candidates can be rejected without widening legacy review authority (72.1209ms)
✔ native behavioral bytes, identity claims, source and repeated runs remain validated (162.5961ms)
✔ evidence binds actual audit finding and supplied snapshot without certifying collection or identity (13.5496ms)
✔ accepted missing Project status binds the native serialized report and finding in evidence and observations (60.6979ms)
✔ auditor optional-field normalization retains strict data-only feedback and report validation (88.2087ms)
✔ timestamp-only or unrelated snapshot changes do not manufacture repeated supporting evidence (45.573ms)
✔ partial, cross-scope, stale or missing findings cannot become feedback evidence (22.2225ms)
✔ feedback source pins accept exactly 40 or 64 hexadecimal characters, including supplied evidence (113.7256ms)
✔ candidate, active and retired versions preserve their inputs and have exact transition digests (32.7859ms)
✔ one observation, fabricated evidence bytes and replayed reviews cannot activate a rule (116.5146ms)
✔ reviewer labels and claimed approval booleans do not supply verified review authority (32.1789ms)
✔ explicit rejection remains terminal and contributes no advice (62.8937ms)
✔ prospective expiry is mandatory, bounded, and effective at the exact boundary (126.4422ms)
✔ active capacity cannot expand and supersession retires only the exact predecessor (101.7931ms)
✔ supersession rejects stale targets and cannot cross finding rules (66.4083ms)
✔ active guidance annotates only matching findings without hiding or changing original conclusions (35.8787ms)
✔ broad matching admits at most the finite annotation limit and never truncates an excessive report (470.2137ms)
✔ serialized output bytes are admitted before escaped guidance and evidence references fan out (85.8622ms)
✔ later audits honor activation and retirement while the original report stays identical (60.9582ms)
✔ unknown executable, suppression, assignment and permission options are rejected (203.6725ms)
✔ stale reports, foreign scope and altered evidence fail closed (29.1373ms)
✔ canonical digests ignore property insertion order but reject executable and non-finite data (0.4771ms)
✔ reusable corpus validation preserves input and rejects authority claims or altered guidance (20.411ms)
✔ explicit collector profile requires a hash and cannot relabel a supplied snapshot (3.1208ms)
✔ recurrence requires finite explicit bounds before reading any input (1.192ms)
✔ finite recurrence reloads snapshot and feedback on every cycle (3.9243ms)
✔ paused and stopped records prevent collection and input reads (3.0378ms)
✔ exhausted persisted attempts reject before snapshot, feedback or live collection (3.2814ms)
✔ watch admits the final allowed attempt and then stops before collecting another snapshot (1.6628ms)
✔ source mismatch refuses before reading snapshot or feedback (1.7129ms)
✔ a failed cycle stops recurrence without retrying or losing the failure (1.9239ms)
✔ first snapshot acquisition failure retains one sanitized failed attempt (448.6689ms)
✔ later corpus acquisition failure preserves earlier accepted evidence and consumes one attempt (1135.1132ms)
✔ live acquisition failure is retained once without raw error text or a retry (386.8655ms)
✔ pause and stop during failed acquisition remain effective without a new admitted attempt (2842.94ms)
✔ deadline crossing during failed acquisition prevents late attempt admission (2.1739ms)
✔ interruption during failed acquisition prevents a new admitted attempt (1.7176ms)
✔ duration bounds stop admission after collection without writing a late result (1.5716ms)
✔ interruption during an interval exits without another audit (1.9714ms)
✔ control commands delegate exact action, source and reason without collecting (9.873ms)
✔ status exposes bounded metadata and no retained finding text (3.0149ms)
✔ one audit writes source-bound immutable private reports and an advisory handoff (601.865ms)
✔ fresh capture timestamps and transport metrics alone produce no new report or proposal across restart (958.142ms)
✔ live state binds the exact selected principal and profile through restart and controls (3773.0487ms)
✔ profile metadata cannot convert supplied evidence or a different live principal into accepted observations (408.0574ms)
✔ changed scoped content produces a new receipt while retaining stable finding dedupe (751.2845ms)
✔ resolved findings are recorded without claiming a remote correction (781.1736ms)
✔ stale input fails and preserves a failed attempt, never reusing previous success (957.4885ms)
✔ future input fails and preserves a failed attempt, never reusing previous success (850.7916ms)
✔ incomplete input fails and preserves a failed attempt, never reusing previous success (841.5757ms)
✔ source drift fails and preserves a failed attempt, never reusing previous success (770.783ms)
✔ changing the caller source pin cannot migrate an existing directory (646.7559ms)
✔ pause prevents input use, resume retains dedupe, and stop cannot resume (3429.1364ms)
✔ concurrent cycles have one winner and never create duplicate accepted receipts (614.3745ms)
✔ retained locks fail closed without PID reuse or timeout-based recovery (26.3919ms)
✔ incomplete intent and rollback to an older checkpoint refuse replay (971.3328ms)
✔ tampered referenced artifacts are rejected and preserved (403.2252ms)
✔ output-directory redirection refuses writes through a symlink or junction (11.9322ms)
✔ an unexpected output file is retained, not overwritten or removed (22.7057ms)
✔ status rejects unexpected files in initialized state before accepting its control projection (316.4566ms)
✔ missing, traversal-style and incomplete control requests do not create authority (5.0325ms)
✔ live source claims retain the existing collector identity and zero-write metadata (336.4611ms)
✔ finite convenience API has explicit bounds and performs no scheduling (1254.9461ms)
✔ state and artifact redirection are not followed on read (349.0755ms)
✔ alter of earlier history is detected after a newer successful cycle (742.4761ms)
✔ delete of earlier history is detected after a newer successful cycle (918.8445ms)
✔ changed implementation pins fail before a new intent is written (472.7502ms)
✔ a directory replaced while a caller holds its lock cannot redirect any artifact write (586.1564ms)
✔ actual corpus activation and retirement change only separately bound advisory output (1997.0812ms)
✔ expiry invalidates cached advisory annotations even without corpus byte changes (833.5541ms)
✔ mixed retained controls and new cycles enforce one transition bound with a reserved terminal stop (85752.8535ms)
✔ accepted snapshots with omitted optional metadata produce parseable JSON artifacts and replay (560.4201ms)
✔ optional auditor metadata works through the real feedback evidence and recurring consumer bridge (704.6567ms)
✔ policy has the ten requested workstreams and never assigns people (15.3984ms)
✔ classification supports Multiplayer (11.5515ms)
✔ classification supports UX/UI (3.3096ms)
✔ classification supports Multi-system execution (2.2693ms)
✔ classification supports Janitor (2.3217ms)
✔ classification supports Dynamic agent teams (1.9458ms)
✔ classification supports DevOps/PR review/branch protection (3.4607ms)
✔ classification supports Security (2.1881ms)
✔ classification supports Agent communication layer (1.8632ms)
✔ classification supports Dark factory automation (1.7492ms)
✔ classification supports Backend scalability / pub-sub (1.8821ms)
✔ classification preserves labels and assignees (20.5065ms)
✔ UX alias means UX/UI (25.5121ms)
✔ an unassigned issue is not a violation (9.282ms)
✔ full fixture audit has zero mutations and catches closing-link conflict (8.6626ms)
✔ non-closing prose overrides no native link, not unrelated partial references (5.7629ms)
✔ explicit do-not-close linked issue is flagged (6.9598ms)
✔ closed unmerged PR does not close an open issue (8.0026ms)
✔ reopened issue remains open after a historical merged PR (5.4055ms)
✔ no automatic close for several partial PRs (6.8317ms)
✔ only explicit dependency section is interpreted (0.3297ms)
✔ code fences and quoted references are not dependency authority (0.2748ms)
✔ native/text dependency disagreement is flagged (7.3409ms)
✔ matching dependencies do not produce a mismatch (8.2734ms)
✔ dependency cycles are bounded and reported once (7.379ms)
✔ parent hierarchy mismatch and cycle are detected (6.8132ms)
✔ outside-scope dependency is not fetched or treated as complete (6.8183ms)
✔ missing local dependency is unverified, not closed (4.6174ms)
✔ open issue marked Done is flagged without changing the board (7.0201ms)
✔ unknown workstream is a review hint, not a rename (6.1652ms)
✔ locked default branch is flagged, without bypass (7.0326ms)
✔ stale PR source head is reported (6.4869ms)
✔ current independent review is accepted as evidence (6.5426ms)
✔ author approval is not current independent human approval (6.3831ms)
✔ bot approval is not current independent human approval (5.1613ms)
✔ old-head approval is not current independent human approval (7.0135ms)
✔ later comment does not erase a valid prior approval (6.9846ms)
✔ failed checks and requested changes are surfaced (7.5978ms)
✔ missing checks are not a success (5.2194ms)
✔ stale snapshots are labeled (6.0737ms)
✔ future snapshots fail closed (2.5479ms)
✔ finding IDs are stable across repeated reads (11.9034ms)
✔ reported secrets are redacted and Markdown is escaped (14.5881ms)
✔ refuses: assign #50 to example-user (8.3954ms)
✔ refuses: label #50 multiplayer (6.8924ms)
✔ refuses: close #50 (8.4048ms)
✔ refuses: merge PR #237 (7.3719ms)
✔ refuses: enable auto-merge (7.2578ms)
✔ refuses: delete a branch (6.7401ms)
✔ refuses: approve PR #237 (6.8996ms)
✔ refuses: can you change the rules (7.0239ms)
✔ question answers use recorded evidence and canonical references (6.8326ms)
✔ reverse dependency questions list dependents (8.2644ms)
✔ unknown questions ask for clarification (9.54ms)
✔ untrusted instruction text grants no tools (8.6406ms)
✔ snapshot rejects wrong repo (1.8144ms)
✔ snapshot rejects wrong project (1.6696ms)
✔ snapshot rejects partial coverage (1.4287ms)
✔ snapshot rejects wrong count (1.3436ms)
✔ snapshot rejects duplicate issue (1.4877ms)
✔ snapshot rejects hostile URL (1.5616ms)
✔ snapshot rejects hidden project item (2.111ms)
✔ snapshot rejects cross-repo item (1.8378ms)
✔ snapshot rejects duplicate project item (1.8031ms)
✔ snapshot rejects oversized body (1.548ms)
✔ collector completes two matching passes with no writes (6.7102ms)
✔ collector rejects issue drift between passes (3.8103ms)
✔ collector rejects incomplete nested dependencies (1.7682ms)
✔ collector rejects a changed PR head/check binding (1.6595ms)
✔ collector rejects repeated pagination cursors (1.7796ms)
✔ collector rejects inaccessible connection entries (0.2575ms)
✔ read client verifies Bakar404 and never switches accounts (2.0103ms)
✔ explicit hash-pinned read principal does not change the pilot or read allowlist (34.404ms)
✔ collector profile rejects changed scope or unsupported fields: repository (12.8259ms)
✔ collector profile rejects changed scope or unsupported fields: project_id (13.3382ms)
✔ collector profile rejects changed scope or unsupported fields: project_number (25.5197ms)
✔ collector profile rejects changed scope or unsupported fields: token (23.1058ms)
✔ collector profile rejects changed scope or unsupported fields: url (13.4067ms)
✔ collector profile rejects changed scope or unsupported fields: collector_login (28.5428ms)
✔ collector profile rejects wrong hashes, changed bytes and duplicate keys (55.8089ms)
✔ profiled collection records the actual principal and rejects identity or profile drift (51.4908ms)
✔ read client exposes no arbitrary query or write operation (2.0815ms)
✔ GraphQL cursor remains data, not executable query text (1.9404ms)
✔ GraphQL errors do not become accepted partial data (1.6297ms)
✔ GraphQL reserve prevents further reads (1.6967ms)
✔ collection has an elapsed-time bound (1.8026ms)
✔ dry run uses neither network nor output files (2.0209ms)
✔ CLI rejects apply (0.2263ms)
✔ CLI rejects audit --fixture --live (0.1786ms)
✔ CLI rejects audit --fixture --out ../escape.json (0.2098ms)
✔ CLI rejects audit --dry-run --out file.json (0.1273ms)
✔ CLI rejects audit --fixture --assign example-user (0.1106ms)
✔ CLI rejects ask --fixture (0.1101ms)
✔ actual CLI dry run works from another directory and has no network intent (212.3577ms)
✔ test chat prepares an evidence-based reply without sending it (9.0358ms)
✔ test chat rejects wrong tenant (0.5851ms)
✔ test chat rejects wrong group (0.2261ms)
✔ test chat rejects personal chat (0.218ms)
✔ test chat rejects other channel (0.2101ms)
✔ test chat ignores messages without a mention (0.2243ms)
✔ test chat ignores its own messages (0.2346ms)
✔ test chat refuses mutation requests (10.6377ms)
✔ no production mode or implicit binding (0.5144ms)
ℹ tests 227
ℹ suites 0
ℹ pass 227
ℹ fail 0
ℹ cancelled 0
ℹ skipped 0
ℹ todo 0
ℹ duration_ms 114967.3765
