$ node --test --test-concurrency=2 --test-timeout=180000 scenarios/repo-steward/steward.test.mjs scenarios/repo-steward/actions.test.mjs scenarios/repo-steward/recurring-audit.test.mjs scenarios/repo-steward/feedback.test.mjs scenarios/repo-steward/maintenance.test.mjs scenarios/repo-steward/feedback-cli.test.mjs
✔ Actions preview performs no live reads or summary publication (2.7477ms)
✔ Actions fixture uses the real auditor without GitHub access (51.7212ms)
✔ invalid workflow input is rejected during preview without data access (1.0778ms)
✔ hosted live mode rejects non-Actions host before reading data (0.5215ms)
✔ hosted live mode rejects PR event before reading data (1.2067ms)
✔ hosted live mode rejects another repository before reading data (0.1869ms)
✔ hosted live mode rejects feature branch before reading data (0.3087ms)
✔ hosted live mode rejects another actor before reading data (0.2159ms)
✔ hosted live mode rejects another rerun operator before reading data (0.3146ms)
✔ hosted live mode rejects missing triggering actor before reading data (0.5095ms)
✔ hosted live mode rejects missing source commit before reading data (0.2791ms)
✔ hosted live mode rejects disabled pilot before reading data (0.1595ms)
✔ hosted live mode rejects unapproved public summary before reading data (0.1345ms)
✔ hosted live mode rejects missing credential before reading data (0.1171ms)
✔ hosted live mode rejects blank credential before reading data (0.1595ms)
✔ hosted live mode rejects write-enabled configuration before reading data (0.1391ms)
✔ GITHUB_TOKEN does not substitute for Project-readable credentials (0.2204ms)
✔ an admitted live path collects once and retains zero mutations (6.5212ms)
✔ collector failure does not produce a successful report (0.3627ms)
✔ stale hosted snapshots fail instead of publishing old findings (5.9623ms)
✔ public summaries never include free-form source or evidence text (5.9169ms)
✔ summary rejects unknown rule (5.5919ms)
✔ summary rejects bad finding id (6.7419ms)
✔ summary rejects foreign reference (4.2482ms)
✔ summary rejects mutation claim (4.9545ms)
✔ summary rejects wrong scope (4.3775ms)
✔ summary rejects invalid timestamp (4.7911ms)
✔ summary rejects bad totals (4.7747ms)
✔ public finding index is bounded without copying omitted details (4.7964ms)
✔ every configured fixture rule has an explicit publication review (4.2259ms)
✔ summary file writes remain inside a supplied native temporary directory (17.3504ms)
✔ Actions CLI rejects unsupported arguments --apply (0.3226ms)
✔ Actions CLI rejects unsupported arguments --live (0.133ms)
✔ Actions CLI rejects unsupported arguments --live (0.1227ms)
✔ actual fixture CLI needs no hosted secrets or Teams SDK (284.8127ms)
✔ manual workflow keeps first-party actions pinned and live credentials isolated (15.5258ms)
✔ feedback CLI rejects unsupported, missing and duplicate transition arguments (2.6825ms)
✔ new-file corpus output preserves the previous version and refuses overwrite (29.3662ms)
✔ initializing a corpus binds the validated input scope without changing its snapshot (48.04ms)
✔ partial snapshot cannot create a corpus file (24.1264ms)
✔ redirected output parent is refused without writing through it (5.5609ms)
✔ review evidence must be a file and cannot use a directory as a digest source (50.1378ms)
✔ review CLI records the exact binary digest and closes its descriptor (149.0536ms)
✔ same-size review replacement between metadata check and open cannot update a corpus (50.4911ms)
✔ review parent swapped for a symlink or junction before open is rejected (42.3795ms)
✔ same-size pathname replacement after descriptor read is rejected (43.2451ms)
✔ same-size in-place review rewrite cannot hide behind a restored modification time (42.1204ms)
✔ review growth after open stays within its original byte bound and is rejected (39.5108ms)
✔ bounded review reads handle partial reads and reject empty or oversized files (25.6503ms)
✔ native behavioral evidence remains candidate with original local source and no finding impersonation (71.8796ms)
✔ native behavioral activation is denied for mixed support and forged active or retired history (50.5199ms)
✔ native behavioral candidates can be rejected without widening legacy review authority (50.2208ms)
✔ native behavioral bytes, identity claims, source and repeated runs remain validated (134.6587ms)
✔ evidence binds actual audit finding and supplied snapshot without certifying collection or identity (10.5969ms)
✔ accepted missing Project status binds the native serialized report and finding in evidence and observations (44.6423ms)
✔ auditor optional-field normalization retains strict data-only feedback and report validation (78.6364ms)
✔ timestamp-only or unrelated snapshot changes do not manufacture repeated supporting evidence (33.6272ms)
✔ partial, cross-scope, stale or missing findings cannot become feedback evidence (16.653ms)
✔ feedback source pins accept exactly 40 or 64 hexadecimal characters, including supplied evidence (83.0124ms)
✔ candidate, active and retired versions preserve their inputs and have exact transition digests (27.2993ms)
✔ one observation, fabricated evidence bytes and replayed reviews cannot activate a rule (102.2791ms)
✔ reviewer labels and claimed approval booleans do not supply verified review authority (29.8523ms)
✔ explicit rejection remains terminal and contributes no advice (48.5979ms)
✔ prospective expiry is mandatory, bounded, and effective at the exact boundary (140.7339ms)
✔ active capacity cannot expand and supersession retires only the exact predecessor (82.8692ms)
✔ supersession rejects stale targets and cannot cross finding rules (50.7558ms)
✔ active guidance annotates only matching findings without hiding or changing original conclusions (23.0739ms)
✔ broad matching admits at most the finite annotation limit and never truncates an excessive report (378.4838ms)
✔ serialized output bytes are admitted before escaped guidance and evidence references fan out (80.7599ms)
✔ later audits honor activation and retirement while the original report stays identical (51.442ms)
✔ unknown executable, suppression, assignment and permission options are rejected (184.4307ms)
✔ stale reports, foreign scope and altered evidence fail closed (33.3485ms)
✔ canonical digests ignore property insertion order but reject executable and non-finite data (0.4219ms)
✔ reusable corpus validation preserves input and rejects authority claims or altered guidance (19.7201ms)
✔ explicit collector profile requires a hash and cannot relabel a supplied snapshot (3.0211ms)
✔ recurrence requires finite explicit bounds before reading any input (1.004ms)
✔ finite recurrence reloads snapshot and feedback on every cycle (3.1695ms)
✔ paused and stopped records prevent collection and input reads (3.041ms)
✔ exhausted persisted attempts reject before snapshot, feedback or live collection (3.108ms)
✔ watch admits the final allowed attempt and then stops before collecting another snapshot (1.7914ms)
✔ source mismatch refuses before reading snapshot or feedback (1.3132ms)
✔ a failed cycle stops recurrence without retrying or losing the failure (1.5972ms)
✔ first snapshot acquisition failure retains one sanitized failed attempt (351.3868ms)
✔ later corpus acquisition failure preserves earlier accepted evidence and consumes one attempt (956.9821ms)
✔ live acquisition failure is retained once without raw error text or a retry (348.687ms)
✔ pause and stop during failed acquisition remain effective without a new admitted attempt (2145.8569ms)
✔ deadline crossing during failed acquisition prevents late attempt admission (1.9234ms)
✔ interruption during failed acquisition prevents a new admitted attempt (1.5648ms)
✔ duration bounds stop admission after collection without writing a late result (1.4063ms)
✔ interruption during an interval exits without another audit (1.5406ms)
✔ control commands delegate exact action, source and reason without collecting (3.8806ms)
✔ status exposes bounded metadata and no retained finding text (1.2519ms)
✔ one audit writes source-bound immutable private reports and an advisory handoff (513.5708ms)
✔ fresh capture timestamps and transport metrics alone produce no new report or proposal across restart (683.893ms)
✔ live state binds the exact selected principal and profile through restart and controls (2753.8596ms)
✔ profile metadata cannot convert supplied evidence or a different live principal into accepted observations (355.6032ms)
✔ changed scoped content produces a new receipt while retaining stable finding dedupe (583.2124ms)
✔ resolved findings are recorded without claiming a remote correction (583.677ms)
✔ stale input fails and preserves a failed attempt, never reusing previous success (605.9483ms)
✔ future input fails and preserves a failed attempt, never reusing previous success (643.3323ms)
✔ incomplete input fails and preserves a failed attempt, never reusing previous success (624.7593ms)
✔ source drift fails and preserves a failed attempt, never reusing previous success (719.4276ms)
✔ changing the caller source pin cannot migrate an existing directory (465.3441ms)
✔ pause prevents input use, resume retains dedupe, and stop cannot resume (2493.9542ms)
✔ concurrent cycles have one winner and never create duplicate accepted receipts (400.5594ms)
✔ retained locks fail closed without PID reuse or timeout-based recovery (19.8551ms)
✔ incomplete intent and rollback to an older checkpoint refuse replay (625.573ms)
✔ tampered referenced artifacts are rejected and preserved (328.478ms)
✔ output-directory redirection refuses writes through a symlink or junction (10.6875ms)
✔ an unexpected output file is retained, not overwritten or removed (21.496ms)
✔ status rejects unexpected files in initialized state before accepting its control projection (273.7027ms)
✔ missing, traversal-style and incomplete control requests do not create authority (4.7372ms)
✔ live source claims retain the existing collector identity and zero-write metadata (390.6509ms)
✔ finite convenience API has explicit bounds and performs no scheduling (1017.8018ms)
✔ state and artifact redirection are not followed on read (332.2544ms)
✔ alter of earlier history is detected after a newer successful cycle (759.1223ms)
✔ delete of earlier history is detected after a newer successful cycle (723.4846ms)
✔ changed implementation pins fail before a new intent is written (429.5355ms)
✔ a directory replaced while a caller holds its lock cannot redirect any artifact write (368.442ms)
✔ actual corpus activation and retirement change only separately bound advisory output (1452.2435ms)
✔ expiry invalidates cached advisory annotations even without corpus byte changes (717.1265ms)
✔ mixed retained controls and new cycles enforce one transition bound with a reserved terminal stop (73242.1741ms)
✔ accepted snapshots with omitted optional metadata produce parseable JSON artifacts and replay (526.4462ms)
✔ optional auditor metadata works through the real feedback evidence and recurring consumer bridge (649.6952ms)
✔ policy has the ten requested workstreams and never assigns people (4.7768ms)
✔ classification supports Multiplayer (8.1562ms)
✔ classification supports UX/UI (2.4ms)
✔ classification supports Multi-system execution (1.5402ms)
✔ classification supports Janitor (1.8718ms)
✔ classification supports Dynamic agent teams (1.6448ms)
✔ classification supports DevOps/PR review/branch protection (2.8464ms)
✔ classification supports Security (1.687ms)
✔ classification supports Agent communication layer (1.7508ms)
✔ classification supports Dark factory automation (2.132ms)
✔ classification supports Backend scalability / pub-sub (1.3689ms)
✔ classification preserves labels and assignees (13.0967ms)
✔ UX alias means UX/UI (19.8044ms)
✔ an unassigned issue is not a violation (8.3527ms)
✔ full fixture audit has zero mutations and catches closing-link conflict (7.4147ms)
✔ non-closing prose overrides no native link, not unrelated partial references (6.6748ms)
✔ explicit do-not-close linked issue is flagged (6.0788ms)
✔ closed unmerged PR does not close an open issue (6.2717ms)
✔ reopened issue remains open after a historical merged PR (5.4538ms)
✔ no automatic close for several partial PRs (6.6491ms)
✔ only explicit dependency section is interpreted (0.3325ms)
✔ code fences and quoted references are not dependency authority (0.286ms)
✔ native/text dependency disagreement is flagged (6.0853ms)
✔ matching dependencies do not produce a mismatch (5.5878ms)
✔ dependency cycles are bounded and reported once (7.1476ms)
✔ parent hierarchy mismatch and cycle are detected (6.4216ms)
✔ outside-scope dependency is not fetched or treated as complete (6.4596ms)
✔ missing local dependency is unverified, not closed (5.2725ms)
✔ open issue marked Done is flagged without changing the board (7.4575ms)
✔ unknown workstream is a review hint, not a rename (5.9416ms)
✔ locked default branch is flagged, without bypass (4.5642ms)
✔ stale PR source head is reported (3.853ms)
✔ current independent review is accepted as evidence (5.4107ms)
✔ author approval is not current independent human approval (5.7117ms)
✔ bot approval is not current independent human approval (4.1224ms)
✔ old-head approval is not current independent human approval (5.3956ms)
✔ later comment does not erase a valid prior approval (4.491ms)
✔ failed checks and requested changes are surfaced (4.3167ms)
✔ missing checks are not a success (4.8054ms)
✔ stale snapshots are labeled (4.5587ms)
✔ future snapshots fail closed (2.059ms)
✔ finding IDs are stable across repeated reads (12.4411ms)
✔ reported secrets are redacted and Markdown is escaped (12.1886ms)
✔ refuses: assign #50 to example-user (6.1965ms)
✔ refuses: label #50 multiplayer (6.8681ms)
✔ refuses: close #50 (6.3781ms)
✔ refuses: merge PR #237 (10.6866ms)
✔ refuses: enable auto-merge (8.6488ms)
✔ refuses: delete a branch (8.1258ms)
✔ refuses: approve PR #237 (5.0653ms)
✔ refuses: can you change the rules (7.695ms)
✔ question answers use recorded evidence and canonical references (6.6906ms)
✔ reverse dependency questions list dependents (12.4696ms)
✔ unknown questions ask for clarification (9.1228ms)
✔ untrusted instruction text grants no tools (6.9883ms)
✔ snapshot rejects wrong repo (1.5794ms)
✔ snapshot rejects wrong project (1.429ms)
✔ snapshot rejects partial coverage (1.367ms)
✔ snapshot rejects wrong count (1.2998ms)
✔ snapshot rejects duplicate issue (1.5206ms)
✔ snapshot rejects hostile URL (1.4761ms)
✔ snapshot rejects hidden project item (1.3327ms)
✔ snapshot rejects cross-repo item (1.4113ms)
✔ snapshot rejects duplicate project item (1.4746ms)
✔ snapshot rejects oversized body (1.6386ms)
✔ collector completes two matching passes with no writes (6.5345ms)
✔ collector rejects issue drift between passes (3.2809ms)
✔ collector rejects incomplete nested dependencies (1.4617ms)
✔ collector rejects a changed PR head/check binding (1.723ms)
✔ collector rejects repeated pagination cursors (1.3009ms)
✔ collector rejects inaccessible connection entries (0.1979ms)
✔ read client verifies Bakar404 and never switches accounts (1.4491ms)
✔ explicit hash-pinned read principal does not change the pilot or read allowlist (19.2913ms)
✔ collector profile rejects changed scope or unsupported fields: repository (19.8406ms)
✔ collector profile rejects changed scope or unsupported fields: project_id (17.8448ms)
✔ collector profile rejects changed scope or unsupported fields: project_number (19.3552ms)
✔ collector profile rejects changed scope or unsupported fields: token (17.0713ms)
✔ collector profile rejects changed scope or unsupported fields: url (17.6913ms)
✔ collector profile rejects changed scope or unsupported fields: collector_login (17.6349ms)
✔ collector profile rejects wrong hashes, changed bytes and duplicate keys (63.7638ms)
✔ profiled collection records the actual principal and rejects identity or profile drift (48.5574ms)
✔ read client exposes no arbitrary query or write operation (1.817ms)
✔ GraphQL cursor remains data, not executable query text (3.9327ms)
✔ GraphQL errors do not become accepted partial data (1.3425ms)
✔ GraphQL reserve prevents further reads (1.4408ms)
✔ collection has an elapsed-time bound (1.4762ms)
✔ dry run uses neither network nor output files (1.5586ms)
✔ CLI rejects apply (0.9898ms)
✔ CLI rejects audit --fixture --live (0.1263ms)
✔ CLI rejects audit --fixture --out ../escape.json (0.1612ms)
✔ CLI rejects audit --dry-run --out file.json (0.1099ms)
✔ CLI rejects audit --fixture --assign example-user (0.0956ms)
✔ CLI rejects ask --fixture (0.1109ms)
✔ actual CLI dry run works from another directory and has no network intent (184.6972ms)
✔ test chat prepares an evidence-based reply without sending it (6.4441ms)
✔ test chat rejects wrong tenant (0.4476ms)
✔ test chat rejects wrong group (0.2012ms)
✔ test chat rejects personal chat (0.197ms)
✔ test chat rejects other channel (0.2483ms)
✔ test chat ignores messages without a mention (0.1511ms)
✔ test chat ignores its own messages (0.1293ms)
✔ test chat refuses mutation requests (5.1251ms)
✔ no production mode or implicit binding (0.4778ms)
ℹ tests 227
ℹ suites 0
ℹ pass 227
ℹ fail 0
ℹ cancelled 0
ℹ skipped 0
ℹ todo 0
ℹ duration_ms 96330.1391
