$ node --test --test-concurrency=2 --test-timeout=180000 scenarios/repo-steward/steward.test.mjs scenarios/repo-steward/actions.test.mjs scenarios/repo-steward/recurring-audit.test.mjs scenarios/repo-steward/feedback.test.mjs scenarios/repo-steward/maintenance.test.mjs scenarios/repo-steward/feedback-cli.test.mjs
✔ Actions preview performs no live reads or summary publication (2.9876ms)
✔ Actions fixture uses the real auditor without GitHub access (32.3034ms)
✔ invalid workflow input is rejected during preview without data access (1.3423ms)
✔ hosted live mode rejects non-Actions host before reading data (0.6146ms)
✔ hosted live mode rejects PR event before reading data (1.4667ms)
✔ hosted live mode rejects another repository before reading data (0.2951ms)
✔ hosted live mode rejects feature branch before reading data (0.4052ms)
✔ hosted live mode rejects another actor before reading data (0.2625ms)
✔ hosted live mode rejects another rerun operator before reading data (0.3653ms)
✔ hosted live mode rejects missing triggering actor before reading data (0.597ms)
✔ hosted live mode rejects missing source commit before reading data (0.4021ms)
✔ hosted live mode rejects disabled pilot before reading data (0.2383ms)
✔ hosted live mode rejects unapproved public summary before reading data (0.2291ms)
✔ hosted live mode rejects missing credential before reading data (0.1907ms)
✔ hosted live mode rejects blank credential before reading data (0.2617ms)
✔ hosted live mode rejects write-enabled configuration before reading data (0.2167ms)
✔ GITHUB_TOKEN does not substitute for Project-readable credentials (0.3404ms)
✔ an admitted live path collects once and retains zero mutations (8.2352ms)
✔ collector failure does not produce a successful report (0.3156ms)
✔ stale hosted snapshots fail instead of publishing old findings (7.1671ms)
✔ public summaries never include free-form source or evidence text (7.5331ms)
✔ summary rejects unknown rule (6.4557ms)
✔ summary rejects bad finding id (6.3047ms)
✔ summary rejects foreign reference (3.9048ms)
✔ summary rejects mutation claim (4.7119ms)
✔ summary rejects wrong scope (4.4525ms)
✔ summary rejects invalid timestamp (5.1187ms)
✔ summary rejects bad totals (5.1672ms)
✔ public finding index is bounded without copying omitted details (5.2468ms)
✔ every configured fixture rule has an explicit publication review (4.5347ms)
✔ summary file writes remain inside a supplied native temporary directory (17.2895ms)
✔ Actions CLI rejects unsupported arguments --apply (0.2461ms)
✔ Actions CLI rejects unsupported arguments --live (0.0987ms)
✔ Actions CLI rejects unsupported arguments --live (0.0918ms)
✔ actual fixture CLI needs no hosted secrets or Teams SDK (196.6421ms)
✔ manual workflow keeps first-party actions pinned and live credentials isolated (12.735ms)
✔ feedback CLI rejects unsupported, missing and duplicate transition arguments (3.2911ms)
✔ new-file corpus output preserves the previous version and refuses overwrite (23.7897ms)
✔ initializing a corpus binds the validated input scope without changing its snapshot (45.5523ms)
✔ partial snapshot cannot create a corpus file (22.9554ms)
✔ redirected output parent is refused without writing through it (5.2426ms)
✔ review evidence must be a file and cannot use a directory as a digest source (43.9887ms)
✔ review CLI records the exact binary digest and closes its descriptor (87.1611ms)
✔ same-size review replacement between metadata check and open cannot update a corpus (30.8464ms)
✔ review parent swapped for a symlink or junction before open is rejected (36.3221ms)
✔ same-size pathname replacement after descriptor read is rejected (35.2819ms)
✔ same-size in-place review rewrite cannot hide behind a restored modification time (32.1558ms)
✔ review growth after open stays within its original byte bound and is rejected (31.6604ms)
✔ bounded review reads handle partial reads and reject empty or oversized files (23.3401ms)
✔ native behavioral evidence remains candidate with original local source and no finding impersonation (67.6704ms)
✔ native behavioral activation is denied for mixed support and forged active or retired history (45.6099ms)
✔ native behavioral candidates can be rejected without widening legacy review authority (49.3511ms)
✔ native behavioral bytes, identity claims, source and repeated runs remain validated (122.4405ms)
✔ evidence binds actual audit finding and supplied snapshot without certifying collection or identity (12.1118ms)
✔ accepted missing Project status binds the native serialized report and finding in evidence and observations (50.5759ms)
✔ auditor optional-field normalization retains strict data-only feedback and report validation (71.005ms)
✔ timestamp-only or unrelated snapshot changes do not manufacture repeated supporting evidence (28.2022ms)
✔ partial, cross-scope, stale or missing findings cannot become feedback evidence (14.5875ms)
✔ feedback source pins accept exactly 40 or 64 hexadecimal characters, including supplied evidence (80.5322ms)
✔ candidate, active and retired versions preserve their inputs and have exact transition digests (17.6319ms)
✔ one observation, fabricated evidence bytes and replayed reviews cannot activate a rule (88.3412ms)
✔ reviewer labels and claimed approval booleans do not supply verified review authority (36.5591ms)
✔ explicit rejection remains terminal and contributes no advice (56.2869ms)
✔ prospective expiry is mandatory, bounded, and effective at the exact boundary (114.2936ms)
✔ active capacity cannot expand and supersession retires only the exact predecessor (64.2075ms)
✔ supersession rejects stale targets and cannot cross finding rules (45.8213ms)
✔ active guidance annotates only matching findings without hiding or changing original conclusions (24.5746ms)
✔ broad matching admits at most the finite annotation limit and never truncates an excessive report (400.2821ms)
✔ serialized output bytes are admitted before escaped guidance and evidence references fan out (90.3777ms)
✔ later audits honor activation and retirement while the original report stays identical (54.951ms)
✔ unknown executable, suppression, assignment and permission options are rejected (189.9053ms)
✔ stale reports, foreign scope and altered evidence fail closed (30.1066ms)
✔ canonical digests ignore property insertion order but reject executable and non-finite data (0.5266ms)
✔ reusable corpus validation preserves input and rejects authority claims or altered guidance (24.2253ms)
✔ explicit collector profile requires a hash and cannot relabel a supplied snapshot (3.029ms)
✔ recurrence requires finite explicit bounds before reading any input (0.8853ms)
✔ finite recurrence reloads snapshot and feedback on every cycle (2.6723ms)
✔ paused and stopped records prevent collection and input reads (2.2987ms)
✔ exhausted persisted attempts reject before snapshot, feedback or live collection (2.4608ms)
✔ watch admits the final allowed attempt and then stops before collecting another snapshot (1.3407ms)
✔ source mismatch refuses before reading snapshot or feedback (1.4158ms)
✔ a failed cycle stops recurrence without retrying or losing the failure (1.8931ms)
✔ first snapshot acquisition failure retains one sanitized failed attempt (356.1744ms)
✔ later corpus acquisition failure preserves earlier accepted evidence and consumes one attempt (961.2539ms)
✔ live acquisition failure is retained once without raw error text or a retry (378.4166ms)
✔ pause and stop during failed acquisition remain effective without a new admitted attempt (2390.3912ms)
✔ deadline crossing during failed acquisition prevents late attempt admission (1.8571ms)
✔ interruption during failed acquisition prevents a new admitted attempt (1.452ms)
✔ duration bounds stop admission after collection without writing a late result (1.5163ms)
✔ interruption during an interval exits without another audit (1.5458ms)
✔ control commands delegate exact action, source and reason without collecting (3.7819ms)
✔ status exposes bounded metadata and no retained finding text (1.1809ms)
✔ one audit writes source-bound immutable private reports and an advisory handoff (529.4463ms)
✔ fresh capture timestamps and transport metrics alone produce no new report or proposal across restart (854.8818ms)
✔ live state binds the exact selected principal and profile through restart and controls (3000.4173ms)
✔ profile metadata cannot convert supplied evidence or a different live principal into accepted observations (346.5092ms)
✔ changed scoped content produces a new receipt while retaining stable finding dedupe (610.5278ms)
✔ resolved findings are recorded without claiming a remote correction (601.2331ms)
✔ stale input fails and preserves a failed attempt, never reusing previous success (726.0106ms)
✔ future input fails and preserves a failed attempt, never reusing previous success (704.5719ms)
✔ incomplete input fails and preserves a failed attempt, never reusing previous success (727.5608ms)
✔ source drift fails and preserves a failed attempt, never reusing previous success (712.5818ms)
✔ changing the caller source pin cannot migrate an existing directory (518.8392ms)
✔ pause prevents input use, resume retains dedupe, and stop cannot resume (2709.7293ms)
✔ concurrent cycles have one winner and never create duplicate accepted receipts (422.4357ms)
✔ retained locks fail closed without PID reuse or timeout-based recovery (21.5894ms)
✔ incomplete intent and rollback to an older checkpoint refuse replay (685.7272ms)
✔ tampered referenced artifacts are rejected and preserved (376.0975ms)
✔ output-directory redirection refuses writes through a symlink or junction (15.1696ms)
✔ an unexpected output file is retained, not overwritten or removed (28.7703ms)
✔ status rejects unexpected files in initialized state before accepting its control projection (308.4148ms)
✔ missing, traversal-style and incomplete control requests do not create authority (4.9323ms)
✔ live source claims retain the existing collector identity and zero-write metadata (301.9164ms)
✔ finite convenience API has explicit bounds and performs no scheduling (1055.1237ms)
✔ state and artifact redirection are not followed on read (311.5289ms)
✔ alter of earlier history is detected after a newer successful cycle (793.2112ms)
✔ delete of earlier history is detected after a newer successful cycle (769.4644ms)
✔ changed implementation pins fail before a new intent is written (472.6213ms)
✔ a directory replaced while a caller holds its lock cannot redirect any artifact write (406.8723ms)
✔ actual corpus activation and retirement change only separately bound advisory output (1529.4234ms)
✔ expiry invalidates cached advisory annotations even without corpus byte changes (708.389ms)
✔ mixed retained controls and new cycles enforce one transition bound with a reserved terminal stop (69002.0062ms)
✔ accepted snapshots with omitted optional metadata produce parseable JSON artifacts and replay (500.3495ms)
✔ optional auditor metadata works through the real feedback evidence and recurring consumer bridge (528.6531ms)
✔ policy has the ten requested workstreams and never assigns people (5.7392ms)
✔ classification supports Multiplayer (6.3335ms)
✔ classification supports UX/UI (2.8795ms)
✔ classification supports Multi-system execution (1.8458ms)
✔ classification supports Janitor (1.7675ms)
✔ classification supports Dynamic agent teams (1.7515ms)
✔ classification supports DevOps/PR review/branch protection (1.6958ms)
✔ classification supports Security (2.4927ms)
✔ classification supports Agent communication layer (1.9211ms)
✔ classification supports Dark factory automation (1.9823ms)
✔ classification supports Backend scalability / pub-sub (1.7719ms)
✔ classification preserves labels and assignees (16.3086ms)
✔ UX alias means UX/UI (17.0285ms)
✔ an unassigned issue is not a violation (6.5257ms)
✔ full fixture audit has zero mutations and catches closing-link conflict (8.2665ms)
✔ non-closing prose overrides no native link, not unrelated partial references (7.6084ms)
✔ explicit do-not-close linked issue is flagged (5.8623ms)
✔ closed unmerged PR does not close an open issue (7.777ms)
✔ reopened issue remains open after a historical merged PR (4.2349ms)
✔ no automatic close for several partial PRs (5.3958ms)
✔ only explicit dependency section is interpreted (0.2982ms)
✔ code fences and quoted references are not dependency authority (0.2891ms)
✔ native/text dependency disagreement is flagged (5.2552ms)
✔ matching dependencies do not produce a mismatch (5.3797ms)
✔ dependency cycles are bounded and reported once (9.4993ms)
✔ parent hierarchy mismatch and cycle are detected (6.9221ms)
✔ outside-scope dependency is not fetched or treated as complete (7.0383ms)
✔ missing local dependency is unverified, not closed (4.4208ms)
✔ open issue marked Done is flagged without changing the board (7.0186ms)
✔ unknown workstream is a review hint, not a rename (3.9187ms)
✔ locked default branch is flagged, without bypass (4.3766ms)
✔ stale PR source head is reported (5.7162ms)
✔ current independent review is accepted as evidence (4.5728ms)
✔ author approval is not current independent human approval (5.4858ms)
✔ bot approval is not current independent human approval (6.8203ms)
✔ old-head approval is not current independent human approval (4.5514ms)
✔ later comment does not erase a valid prior approval (3.8099ms)
✔ failed checks and requested changes are surfaced (5.3196ms)
✔ missing checks are not a success (4.28ms)
✔ stale snapshots are labeled (5.0792ms)
✔ future snapshots fail closed (1.8748ms)
✔ finding IDs are stable across repeated reads (9.6587ms)
✔ reported secrets are redacted and Markdown is escaped (14.1318ms)
✔ refuses: assign #50 to example-user (5.5564ms)
✔ refuses: label #50 multiplayer (6.3553ms)
✔ refuses: close #50 (5.5061ms)
✔ refuses: merge PR #237 (4.3213ms)
✔ refuses: enable auto-merge (5.5939ms)
✔ refuses: delete a branch (4.5986ms)
✔ refuses: approve PR #237 (4.3588ms)
✔ refuses: can you change the rules (4.5567ms)
✔ question answers use recorded evidence and canonical references (5.7039ms)
✔ reverse dependency questions list dependents (7.9198ms)
✔ unknown questions ask for clarification (5.6099ms)
✔ untrusted instruction text grants no tools (4.9166ms)
✔ snapshot rejects wrong repo (1.3547ms)
✔ snapshot rejects wrong project (1.0328ms)
✔ snapshot rejects partial coverage (1.1061ms)
✔ snapshot rejects wrong count (1.1576ms)
✔ snapshot rejects duplicate issue (1.6134ms)
✔ snapshot rejects hostile URL (1.5728ms)
✔ snapshot rejects hidden project item (1.7509ms)
✔ snapshot rejects cross-repo item (1.5618ms)
✔ snapshot rejects duplicate project item (1.6366ms)
✔ snapshot rejects oversized body (1.5679ms)
✔ collector completes two matching passes with no writes (6.5591ms)
✔ collector rejects issue drift between passes (3.3695ms)
✔ collector rejects incomplete nested dependencies (1.1972ms)
✔ collector rejects a changed PR head/check binding (1.9988ms)
✔ collector rejects repeated pagination cursors (3.6168ms)
✔ collector rejects inaccessible connection entries (0.2319ms)
✔ read client verifies Bakar404 and never switches accounts (5.9027ms)
✔ explicit hash-pinned read principal does not change the pilot or read allowlist (18.3661ms)
✔ collector profile rejects changed scope or unsupported fields: repository (18.6929ms)
✔ collector profile rejects changed scope or unsupported fields: project_id (17.9917ms)
✔ collector profile rejects changed scope or unsupported fields: project_number (17.9014ms)
✔ collector profile rejects changed scope or unsupported fields: token (17.8982ms)
✔ collector profile rejects changed scope or unsupported fields: url (19.2552ms)
✔ collector profile rejects changed scope or unsupported fields: collector_login (18.122ms)
✔ collector profile rejects wrong hashes, changed bytes and duplicate keys (49.5159ms)
✔ profiled collection records the actual principal and rejects identity or profile drift (38.2637ms)
✔ read client exposes no arbitrary query or write operation (1.6092ms)
✔ GraphQL cursor remains data, not executable query text (1.3949ms)
✔ GraphQL errors do not become accepted partial data (1.3059ms)
✔ GraphQL reserve prevents further reads (1.217ms)
✔ collection has an elapsed-time bound (1.2101ms)
✔ dry run uses neither network nor output files (1.6257ms)
✔ CLI rejects apply (0.1834ms)
✔ CLI rejects audit --fixture --live (0.1047ms)
✔ CLI rejects audit --fixture --out ../escape.json (0.187ms)
✔ CLI rejects audit --dry-run --out file.json (0.1581ms)
✔ CLI rejects audit --fixture --assign example-user (0.1332ms)
✔ CLI rejects ask --fixture (0.1408ms)
✔ actual CLI dry run works from another directory and has no network intent (175.5879ms)
✔ test chat prepares an evidence-based reply without sending it (5.9701ms)
✔ test chat rejects wrong tenant (0.3466ms)
✔ test chat rejects wrong group (0.1521ms)
✔ test chat rejects personal chat (0.1338ms)
✔ test chat rejects other channel (0.1802ms)
✔ test chat ignores messages without a mention (0.1331ms)
✔ test chat ignores its own messages (0.1203ms)
✔ test chat refuses mutation requests (8.0592ms)
✔ no production mode or implicit binding (0.5088ms)
ℹ tests 227
ℹ suites 0
ℹ pass 227
ℹ fail 0
ℹ cancelled 0
ℹ skipped 0
ℹ todo 0
ℹ duration_ms 93046.9367
