$ node --test --test-concurrency=2 --test-timeout=180000 scenarios/repo-steward/steward.test.mjs scenarios/repo-steward/actions.test.mjs scenarios/repo-steward/recurring-audit.test.mjs scenarios/repo-steward/feedback.test.mjs scenarios/repo-steward/maintenance.test.mjs scenarios/repo-steward/feedback-cli.test.mjs
✔ Actions preview performs no live reads or summary publication (1.7698ms)
✔ Actions fixture uses the real auditor without GitHub access (35.6564ms)
✔ invalid workflow input is rejected during preview without data access (1.6943ms)
✔ hosted live mode rejects non-Actions host before reading data (0.6289ms)
✔ hosted live mode rejects PR event before reading data (0.4663ms)
✔ hosted live mode rejects another repository before reading data (1.0951ms)
✔ hosted live mode rejects feature branch before reading data (0.3392ms)
✔ hosted live mode rejects another actor before reading data (0.1736ms)
✔ hosted live mode rejects another rerun operator before reading data (0.3711ms)
✔ hosted live mode rejects missing triggering actor before reading data (0.4227ms)
✔ hosted live mode rejects missing source commit before reading data (0.5032ms)
✔ hosted live mode rejects disabled pilot before reading data (0.2348ms)
✔ hosted live mode rejects unapproved public summary before reading data (0.1984ms)
✔ hosted live mode rejects missing credential before reading data (0.2134ms)
✔ hosted live mode rejects blank credential before reading data (0.1897ms)
✔ hosted live mode rejects write-enabled configuration before reading data (0.1879ms)
✔ GITHUB_TOKEN does not substitute for Project-readable credentials (0.3105ms)
✔ an admitted live path collects once and retains zero mutations (8.2134ms)
✔ collector failure does not produce a successful report (0.3438ms)
✔ stale hosted snapshots fail instead of publishing old findings (8.45ms)
✔ public summaries never include free-form source or evidence text (8.2187ms)
✔ summary rejects unknown rule (6.9516ms)
✔ summary rejects bad finding id (8.3608ms)
✔ summary rejects foreign reference (6.2634ms)
✔ summary rejects mutation claim (7.4816ms)
✔ summary rejects wrong scope (7.2902ms)
✔ summary rejects invalid timestamp (8.6023ms)
✔ summary rejects bad totals (7.7299ms)
✔ public finding index is bounded without copying omitted details (7.7766ms)
✔ every configured fixture rule has an explicit publication review (7.6067ms)
✔ summary file writes remain inside a supplied native temporary directory (27.7895ms)
✔ Actions CLI rejects unsupported arguments --apply (0.4415ms)
✔ Actions CLI rejects unsupported arguments --live (0.2191ms)
✔ Actions CLI rejects unsupported arguments --live (0.1748ms)
✔ actual fixture CLI needs no hosted secrets or Teams SDK (247.6795ms)
✔ manual workflow keeps first-party actions pinned and live credentials isolated (3.2952ms)
✔ feedback CLI rejects unsupported, missing and duplicate transition arguments (2.622ms)
✔ new-file corpus output preserves the previous version and refuses overwrite (33.964ms)
✔ initializing a corpus binds the validated input scope without changing its snapshot (60.5132ms)
✔ partial snapshot cannot create a corpus file (29.9722ms)
✔ redirected output parent is refused without writing through it (7.7694ms)
✔ review evidence must be a file and cannot use a directory as a digest source (72.407ms)
✔ review CLI records the exact binary digest and closes its descriptor (102.9278ms)
✔ same-size review replacement between metadata check and open cannot update a corpus (53.7372ms)
✔ review parent swapped for a symlink or junction before open is rejected (41.8598ms)
✔ same-size pathname replacement after descriptor read is rejected (33.2964ms)
✔ same-size in-place review rewrite cannot hide behind a restored modification time (35.897ms)
✔ review growth after open stays within its original byte bound and is rejected (35.3542ms)
✔ bounded review reads handle partial reads and reject empty or oversized files (24.0265ms)
✔ native behavioral evidence remains candidate with original local source and no finding impersonation (103.0324ms)
✔ native behavioral activation is denied for mixed support and forged active or retired history (58.2971ms)
✔ native behavioral candidates can be rejected without widening legacy review authority (57.8905ms)
✔ native behavioral bytes, identity claims, source and repeated runs remain validated (135.0008ms)
✔ evidence binds actual audit finding and supplied snapshot without certifying collection or identity (12.6338ms)
✔ accepted missing Project status binds the native serialized report and finding in evidence and observations (52.7968ms)
✔ auditor optional-field normalization retains strict data-only feedback and report validation (69.2738ms)
✔ timestamp-only or unrelated snapshot changes do not manufacture repeated supporting evidence (30.4152ms)
✔ partial, cross-scope, stale or missing findings cannot become feedback evidence (15.7974ms)
✔ feedback source pins accept exactly 40 or 64 hexadecimal characters, including supplied evidence (73.3656ms)
✔ candidate, active and retired versions preserve their inputs and have exact transition digests (23.0139ms)
✔ one observation, fabricated evidence bytes and replayed reviews cannot activate a rule (76.2728ms)
✔ reviewer labels and claimed approval booleans do not supply verified review authority (23.4052ms)
✔ explicit rejection remains terminal and contributes no advice (48.4505ms)
✔ prospective expiry is mandatory, bounded, and effective at the exact boundary (104.1071ms)
✔ active capacity cannot expand and supersession retires only the exact predecessor (67.8714ms)
✔ supersession rejects stale targets and cannot cross finding rules (52.5055ms)
✔ active guidance annotates only matching findings without hiding or changing original conclusions (28.6084ms)
✔ broad matching admits at most the finite annotation limit and never truncates an excessive report (340.4396ms)
✔ serialized output bytes are admitted before escaped guidance and evidence references fan out (58.0329ms)
✔ later audits honor activation and retirement while the original report stays identical (40.0551ms)
✔ unknown executable, suppression, assignment and permission options are rejected (153.1813ms)
✔ stale reports, foreign scope and altered evidence fail closed (28.0522ms)
✔ canonical digests ignore property insertion order but reject executable and non-finite data (0.6067ms)
✔ reusable corpus validation preserves input and rejects authority claims or altered guidance (22.4883ms)
✔ explicit collector profile requires a hash and cannot relabel a supplied snapshot (4.1474ms)
✔ recurrence requires finite explicit bounds before reading any input (1.1602ms)
✔ finite recurrence reloads snapshot and feedback on every cycle (3.8112ms)
✔ paused and stopped records prevent collection and input reads (2.9574ms)
✔ exhausted persisted attempts reject before snapshot, feedback or live collection (3.3947ms)
✔ watch admits the final allowed attempt and then stops before collecting another snapshot (1.9274ms)
✔ source mismatch refuses before reading snapshot or feedback (1.442ms)
✔ a failed cycle stops recurrence without retrying or losing the failure (1.9575ms)
✔ first snapshot acquisition failure retains one sanitized failed attempt (390.8267ms)
✔ later corpus acquisition failure preserves earlier accepted evidence and consumes one attempt (870.2973ms)
✔ live acquisition failure is retained once without raw error text or a retry (315.0818ms)
✔ pause and stop during failed acquisition remain effective without a new admitted attempt (2156.6813ms)
✔ deadline crossing during failed acquisition prevents late attempt admission (1.5149ms)
✔ interruption during failed acquisition prevents a new admitted attempt (1.1029ms)
✔ duration bounds stop admission after collection without writing a late result (1.223ms)
✔ interruption during an interval exits without another audit (1.5397ms)
✔ control commands delegate exact action, source and reason without collecting (3.201ms)
✔ status exposes bounded metadata and no retained finding text (1.0455ms)
✔ one audit writes source-bound immutable private reports and an advisory handoff (480.9818ms)
✔ fresh capture timestamps and transport metrics alone produce no new report or proposal across restart (763.0219ms)
✔ live state binds the exact selected principal and profile through restart and controls (3228.3835ms)
✔ profile metadata cannot convert supplied evidence or a different live principal into accepted observations (350.8673ms)
✔ changed scoped content produces a new receipt while retaining stable finding dedupe (690.6508ms)
✔ resolved findings are recorded without claiming a remote correction (567.7399ms)
✔ stale input fails and preserves a failed attempt, never reusing previous success (681.8379ms)
✔ future input fails and preserves a failed attempt, never reusing previous success (642.8764ms)
✔ incomplete input fails and preserves a failed attempt, never reusing previous success (661.6245ms)
✔ source drift fails and preserves a failed attempt, never reusing previous success (688.7472ms)
✔ changing the caller source pin cannot migrate an existing directory (576.3274ms)
✔ pause prevents input use, resume retains dedupe, and stop cannot resume (2527.5381ms)
✔ concurrent cycles have one winner and never create duplicate accepted receipts (363.9782ms)
✔ retained locks fail closed without PID reuse or timeout-based recovery (17.061ms)
✔ incomplete intent and rollback to an older checkpoint refuse replay (603.7557ms)
✔ tampered referenced artifacts are rejected and preserved (322.852ms)
✔ output-directory redirection refuses writes through a symlink or junction (10.8675ms)
✔ an unexpected output file is retained, not overwritten or removed (19.7999ms)
✔ status rejects unexpected files in initialized state before accepting its control projection (258.128ms)
✔ missing, traversal-style and incomplete control requests do not create authority (4.407ms)
✔ live source claims retain the existing collector identity and zero-write metadata (264.2077ms)
✔ finite convenience API has explicit bounds and performs no scheduling (935.9313ms)
✔ state and artifact redirection are not followed on read (252.4388ms)
✔ alter of earlier history is detected after a newer successful cycle (673.7576ms)
✔ delete of earlier history is detected after a newer successful cycle (678.7259ms)
✔ changed implementation pins fail before a new intent is written (426.9762ms)
✔ a directory replaced while a caller holds its lock cannot redirect any artifact write (344.162ms)
✔ actual corpus activation and retirement change only separately bound advisory output (1571.4617ms)
✔ expiry invalidates cached advisory annotations even without corpus byte changes (632.7885ms)
✔ mixed retained controls and new cycles enforce one transition bound with a reserved terminal stop (73062.0227ms)
✔ accepted snapshots with omitted optional metadata produce parseable JSON artifacts and replay (462.9512ms)
✔ optional auditor metadata works through the real feedback evidence and recurring consumer bridge (539.6883ms)
✔ policy has the ten requested workstreams and never assigns people (3.6629ms)
✔ classification supports Multiplayer (11.029ms)
✔ classification supports UX/UI (2.1436ms)
✔ classification supports Multi-system execution (1.7125ms)
✔ classification supports Janitor (1.6402ms)
✔ classification supports Dynamic agent teams (1.9472ms)
✔ classification supports DevOps/PR review/branch protection (3.0315ms)
✔ classification supports Security (1.4062ms)
✔ classification supports Agent communication layer (1.752ms)
✔ classification supports Dark factory automation (1.7188ms)
✔ classification supports Backend scalability / pub-sub (1.5172ms)
✔ classification preserves labels and assignees (13.0269ms)
✔ UX alias means UX/UI (17.9946ms)
✔ an unassigned issue is not a violation (6.4186ms)
✔ full fixture audit has zero mutations and catches closing-link conflict (8.909ms)
✔ non-closing prose overrides no native link, not unrelated partial references (7.0147ms)
✔ explicit do-not-close linked issue is flagged (4.9547ms)
✔ closed unmerged PR does not close an open issue (4.8218ms)
✔ reopened issue remains open after a historical merged PR (4.5879ms)
✔ no automatic close for several partial PRs (4.4351ms)
✔ only explicit dependency section is interpreted (0.2056ms)
✔ code fences and quoted references are not dependency authority (0.262ms)
✔ native/text dependency disagreement is flagged (4.2722ms)
✔ matching dependencies do not produce a mismatch (5.7013ms)
✔ dependency cycles are bounded and reported once (5.4272ms)
✔ parent hierarchy mismatch and cycle are detected (4.8518ms)
✔ outside-scope dependency is not fetched or treated as complete (6.611ms)
✔ missing local dependency is unverified, not closed (5.7677ms)
✔ open issue marked Done is flagged without changing the board (8.1281ms)
✔ unknown workstream is a review hint, not a rename (4.7539ms)
✔ locked default branch is flagged, without bypass (8.1432ms)
✔ stale PR source head is reported (4.0587ms)
✔ current independent review is accepted as evidence (4.3587ms)
✔ author approval is not current independent human approval (4.9041ms)
✔ bot approval is not current independent human approval (4.1796ms)
✔ old-head approval is not current independent human approval (3.8808ms)
✔ later comment does not erase a valid prior approval (3.9557ms)
✔ failed checks and requested changes are surfaced (4.4392ms)
✔ missing checks are not a success (3.5747ms)
✔ stale snapshots are labeled (3.4775ms)
✔ future snapshots fail closed (1.6917ms)
✔ finding IDs are stable across repeated reads (9.8907ms)
✔ reported secrets are redacted and Markdown is escaped (12.9304ms)
✔ refuses: assign #50 to example-user (6.216ms)
✔ refuses: label #50 multiplayer (5.2176ms)
✔ refuses: close #50 (7.1811ms)
✔ refuses: merge PR #237 (5.1016ms)
✔ refuses: enable auto-merge (7.1423ms)
✔ refuses: delete a branch (5.9191ms)
✔ refuses: approve PR #237 (4.376ms)
✔ refuses: can you change the rules (5.96ms)
✔ question answers use recorded evidence and canonical references (5.5511ms)
✔ reverse dependency questions list dependents (6.0957ms)
✔ unknown questions ask for clarification (5.1643ms)
✔ untrusted instruction text grants no tools (5.5659ms)
✔ snapshot rejects wrong repo (1.4857ms)
✔ snapshot rejects wrong project (1.0694ms)
✔ snapshot rejects partial coverage (0.951ms)
✔ snapshot rejects wrong count (1.0011ms)
✔ snapshot rejects duplicate issue (1.3722ms)
✔ snapshot rejects hostile URL (1.1337ms)
✔ snapshot rejects hidden project item (1.5068ms)
✔ snapshot rejects cross-repo item (1.4444ms)
✔ snapshot rejects duplicate project item (1.7004ms)
✔ snapshot rejects oversized body (1.2969ms)
✔ collector completes two matching passes with no writes (5.1144ms)
✔ collector rejects issue drift between passes (3.3269ms)
✔ collector rejects incomplete nested dependencies (1.4974ms)
✔ collector rejects a changed PR head/check binding (1.3204ms)
✔ collector rejects repeated pagination cursors (1.279ms)
✔ collector rejects inaccessible connection entries (0.1724ms)
✔ read client verifies Bakar404 and never switches accounts (1.3422ms)
✔ explicit hash-pinned read principal does not change the pilot or read allowlist (20.1997ms)
✔ collector profile rejects changed scope or unsupported fields: repository (17.498ms)
✔ collector profile rejects changed scope or unsupported fields: project_id (19.0865ms)
✔ collector profile rejects changed scope or unsupported fields: project_number (10.2816ms)
✔ collector profile rejects changed scope or unsupported fields: token (22.1697ms)
✔ collector profile rejects changed scope or unsupported fields: url (12.8375ms)
✔ collector profile rejects changed scope or unsupported fields: collector_login (11.4733ms)
✔ collector profile rejects wrong hashes, changed bytes and duplicate keys (62.6842ms)
✔ profiled collection records the actual principal and rejects identity or profile drift (43.1881ms)
✔ read client exposes no arbitrary query or write operation (1.3719ms)
✔ GraphQL cursor remains data, not executable query text (1.3466ms)
✔ GraphQL errors do not become accepted partial data (1.3197ms)
✔ GraphQL reserve prevents further reads (2.2589ms)
✔ collection has an elapsed-time bound (1.2837ms)
✔ dry run uses neither network nor output files (1.4689ms)
✔ CLI rejects apply (0.191ms)
✔ CLI rejects audit --fixture --live (0.0992ms)
✔ CLI rejects audit --fixture --out ../escape.json (0.1441ms)
✔ CLI rejects audit --dry-run --out file.json (0.0933ms)
✔ CLI rejects audit --fixture --assign example-user (0.076ms)
✔ CLI rejects ask --fixture (0.0777ms)
✔ actual CLI dry run works from another directory and has no network intent (219.1372ms)
✔ test chat prepares an evidence-based reply without sending it (9.5653ms)
✔ test chat rejects wrong tenant (0.4779ms)
✔ test chat rejects wrong group (0.1996ms)
✔ test chat rejects personal chat (0.1975ms)
✔ test chat rejects other channel (0.1946ms)
✔ test chat ignores messages without a mention (0.2018ms)
✔ test chat ignores its own messages (0.1948ms)
✔ test chat refuses mutation requests (8.5188ms)
✔ no production mode or implicit binding (0.5538ms)
ℹ tests 227
ℹ suites 0
ℹ pass 227
ℹ fail 0
ℹ cancelled 0
ℹ skipped 0
ℹ todo 0
ℹ duration_ms 96142.8406
