$ node --test --test-concurrency=2 --test-timeout=180000 scenarios/repo-steward/steward.test.mjs scenarios/repo-steward/actions.test.mjs scenarios/repo-steward/recurring-audit.test.mjs scenarios/repo-steward/feedback.test.mjs scenarios/repo-steward/maintenance.test.mjs scenarios/repo-steward/feedback-cli.test.mjs
✔ Actions preview performs no live reads or summary publication (1.8355ms)
✔ Actions fixture uses the real auditor without GitHub access (31.2953ms)
✔ invalid workflow input is rejected during preview without data access (1.0492ms)
✔ hosted live mode rejects non-Actions host before reading data (0.3636ms)
✔ hosted live mode rejects PR event before reading data (0.33ms)
✔ hosted live mode rejects another repository before reading data (1.0598ms)
✔ hosted live mode rejects feature branch before reading data (0.4089ms)
✔ hosted live mode rejects another actor before reading data (0.2714ms)
✔ hosted live mode rejects another rerun operator before reading data (0.3808ms)
✔ hosted live mode rejects missing triggering actor before reading data (0.4958ms)
✔ hosted live mode rejects missing source commit before reading data (0.3836ms)
✔ hosted live mode rejects disabled pilot before reading data (0.2333ms)
✔ hosted live mode rejects unapproved public summary before reading data (0.2098ms)
✔ hosted live mode rejects missing credential before reading data (0.2032ms)
✔ hosted live mode rejects blank credential before reading data (0.2224ms)
✔ hosted live mode rejects write-enabled configuration before reading data (0.1953ms)
✔ GITHUB_TOKEN does not substitute for Project-readable credentials (0.3126ms)
✔ an admitted live path collects once and retains zero mutations (6.35ms)
✔ collector failure does not produce a successful report (0.2879ms)
✔ stale hosted snapshots fail instead of publishing old findings (5.8602ms)
✔ public summaries never include free-form source or evidence text (5.6227ms)
✔ summary rejects unknown rule (4.4875ms)
✔ summary rejects bad finding id (5.4026ms)
✔ summary rejects foreign reference (5.9038ms)
✔ summary rejects mutation claim (5.0131ms)
✔ summary rejects wrong scope (4.2302ms)
✔ summary rejects invalid timestamp (5.8848ms)
✔ summary rejects bad totals (7.4116ms)
✔ public finding index is bounded without copying omitted details (7.5105ms)
✔ every configured fixture rule has an explicit publication review (5.9853ms)
✔ summary file writes remain inside a supplied native temporary directory (11.7912ms)
✔ Actions CLI rejects unsupported arguments --apply (0.3605ms)
✔ Actions CLI rejects unsupported arguments --live (0.1782ms)
✔ Actions CLI rejects unsupported arguments --live (0.1702ms)
✔ actual fixture CLI needs no hosted secrets or Teams SDK (209.1042ms)
✔ manual workflow keeps first-party actions pinned and live credentials isolated (1.1398ms)
✔ feedback CLI rejects unsupported, missing and duplicate transition arguments (2.1894ms)
✔ new-file corpus output preserves the previous version and refuses overwrite (28.2205ms)
✔ initializing a corpus binds the validated input scope without changing its snapshot (45.8885ms)
✔ partial snapshot cannot create a corpus file (28.697ms)
✔ redirected output parent is refused without writing through it (5.8518ms)
✔ review evidence must be a file and cannot use a directory as a digest source (50.8104ms)
✔ review CLI records the exact binary digest and closes its descriptor (93.9922ms)
✔ same-size review replacement between metadata check and open cannot update a corpus (34.928ms)
✔ review parent swapped for a symlink or junction before open is rejected (38.7573ms)
✔ same-size pathname replacement after descriptor read is rejected (32.8417ms)
✔ same-size in-place review rewrite cannot hide behind a restored modification time (29.8578ms)
✔ review growth after open stays within its original byte bound and is rejected (30.0453ms)
✔ bounded review reads handle partial reads and reject empty or oversized files (20.9671ms)
✔ native behavioral evidence remains candidate with original local source and no finding impersonation (78.0123ms)
✔ native behavioral activation is denied for mixed support and forged active or retired history (51.7228ms)
✔ native behavioral candidates can be rejected without widening legacy review authority (57.4467ms)
✔ native behavioral bytes, identity claims, source and repeated runs remain validated (124.3715ms)
✔ evidence binds actual audit finding and supplied snapshot without certifying collection or identity (13.84ms)
✔ accepted missing Project status binds the native serialized report and finding in evidence and observations (43.9086ms)
✔ auditor optional-field normalization retains strict data-only feedback and report validation (68.3739ms)
✔ timestamp-only or unrelated snapshot changes do not manufacture repeated supporting evidence (42.2636ms)
✔ partial, cross-scope, stale or missing findings cannot become feedback evidence (20.7385ms)
✔ feedback source pins accept exactly 40 or 64 hexadecimal characters, including supplied evidence (108.2058ms)
✔ candidate, active and retired versions preserve their inputs and have exact transition digests (28.2943ms)
✔ one observation, fabricated evidence bytes and replayed reviews cannot activate a rule (111.8875ms)
✔ reviewer labels and claimed approval booleans do not supply verified review authority (25.4649ms)
✔ explicit rejection remains terminal and contributes no advice (46.1208ms)
✔ prospective expiry is mandatory, bounded, and effective at the exact boundary (98.6331ms)
✔ active capacity cannot expand and supersession retires only the exact predecessor (63.4278ms)
✔ supersession rejects stale targets and cannot cross finding rules (46.5139ms)
✔ active guidance annotates only matching findings without hiding or changing original conclusions (22.3068ms)
✔ broad matching admits at most the finite annotation limit and never truncates an excessive report (364.3322ms)
✔ serialized output bytes are admitted before escaped guidance and evidence references fan out (79.0025ms)
✔ later audits honor activation and retirement while the original report stays identical (43.3936ms)
✔ unknown executable, suppression, assignment and permission options are rejected (174.0725ms)
✔ stale reports, foreign scope and altered evidence fail closed (30.0005ms)
✔ canonical digests ignore property insertion order but reject executable and non-finite data (0.5863ms)
✔ reusable corpus validation preserves input and rejects authority claims or altered guidance (22.429ms)
✔ explicit collector profile requires a hash and cannot relabel a supplied snapshot (3.011ms)
✔ recurrence requires finite explicit bounds before reading any input (0.777ms)
✔ finite recurrence reloads snapshot and feedback on every cycle (2.8983ms)
✔ paused and stopped records prevent collection and input reads (2.8814ms)
✔ exhausted persisted attempts reject before snapshot, feedback or live collection (3.5342ms)
✔ watch admits the final allowed attempt and then stops before collecting another snapshot (2.0164ms)
✔ source mismatch refuses before reading snapshot or feedback (1.6157ms)
✔ a failed cycle stops recurrence without retrying or losing the failure (1.8415ms)
✔ first snapshot acquisition failure retains one sanitized failed attempt (366.5376ms)
✔ later corpus acquisition failure preserves earlier accepted evidence and consumes one attempt (883.387ms)
✔ live acquisition failure is retained once without raw error text or a retry (346.6932ms)
✔ pause and stop during failed acquisition remain effective without a new admitted attempt (2118.4813ms)
✔ deadline crossing during failed acquisition prevents late attempt admission (2.2984ms)
✔ interruption during failed acquisition prevents a new admitted attempt (1.6255ms)
✔ duration bounds stop admission after collection without writing a late result (1.5742ms)
✔ interruption during an interval exits without another audit (1.4474ms)
✔ control commands delegate exact action, source and reason without collecting (3.7649ms)
✔ status exposes bounded metadata and no retained finding text (1.7345ms)
✔ one audit writes source-bound immutable private reports and an advisory handoff (462.5454ms)
✔ fresh capture timestamps and transport metrics alone produce no new report or proposal across restart (771.4104ms)
✔ live state binds the exact selected principal and profile through restart and controls (2679.4379ms)
✔ profile metadata cannot convert supplied evidence or a different live principal into accepted observations (276.555ms)
✔ changed scoped content produces a new receipt while retaining stable finding dedupe (543.1276ms)
✔ resolved findings are recorded without claiming a remote correction (554.2396ms)
✔ stale input fails and preserves a failed attempt, never reusing previous success (633.003ms)
✔ future input fails and preserves a failed attempt, never reusing previous success (644.7262ms)
✔ incomplete input fails and preserves a failed attempt, never reusing previous success (615.2589ms)
✔ source drift fails and preserves a failed attempt, never reusing previous success (648.3351ms)
✔ changing the caller source pin cannot migrate an existing directory (468.2763ms)
✔ pause prevents input use, resume retains dedupe, and stop cannot resume (2545.968ms)
✔ concurrent cycles have one winner and never create duplicate accepted receipts (368.3441ms)
✔ retained locks fail closed without PID reuse or timeout-based recovery (19.5322ms)
✔ incomplete intent and rollback to an older checkpoint refuse replay (629.2509ms)
✔ tampered referenced artifacts are rejected and preserved (354.8637ms)
✔ output-directory redirection refuses writes through a symlink or junction (10.553ms)
✔ an unexpected output file is retained, not overwritten or removed (18.3497ms)
✔ status rejects unexpected files in initialized state before accepting its control projection (265.1789ms)
✔ missing, traversal-style and incomplete control requests do not create authority (6.3728ms)
✔ live source claims retain the existing collector identity and zero-write metadata (294.3997ms)
✔ finite convenience API has explicit bounds and performs no scheduling (1097.7648ms)
✔ state and artifact redirection are not followed on read (327.9745ms)
✔ alter of earlier history is detected after a newer successful cycle (898.1882ms)
✔ delete of earlier history is detected after a newer successful cycle (868.9782ms)
✔ changed implementation pins fail before a new intent is written (525.7513ms)
✔ a directory replaced while a caller holds its lock cannot redirect any artifact write (404.9192ms)
✔ actual corpus activation and retirement change only separately bound advisory output (1660.7408ms)
✔ expiry invalidates cached advisory annotations even without corpus byte changes (809.9493ms)
✔ mixed retained controls and new cycles enforce one transition bound with a reserved terminal stop (79978.8529ms)
✔ accepted snapshots with omitted optional metadata produce parseable JSON artifacts and replay (519.2057ms)
✔ optional auditor metadata works through the real feedback evidence and recurring consumer bridge (588.2256ms)
✔ policy has the ten requested workstreams and never assigns people (3.7489ms)
✔ classification supports Multiplayer (6.2148ms)
✔ classification supports UX/UI (2.5836ms)
✔ classification supports Multi-system execution (1.8148ms)
✔ classification supports Janitor (1.489ms)
✔ classification supports Dynamic agent teams (1.385ms)
✔ classification supports DevOps/PR review/branch protection (1.4211ms)
✔ classification supports Security (2.1478ms)
✔ classification supports Agent communication layer (1.537ms)
✔ classification supports Dark factory automation (1.8411ms)
✔ classification supports Backend scalability / pub-sub (1.4195ms)
✔ classification preserves labels and assignees (12.9915ms)
✔ UX alias means UX/UI (14.9742ms)
✔ an unassigned issue is not a violation (5.4713ms)
✔ full fixture audit has zero mutations and catches closing-link conflict (5.1589ms)
✔ non-closing prose overrides no native link, not unrelated partial references (4.5858ms)
✔ explicit do-not-close linked issue is flagged (4.2654ms)
✔ closed unmerged PR does not close an open issue (4.2286ms)
✔ reopened issue remains open after a historical merged PR (4.157ms)
✔ no automatic close for several partial PRs (4.7514ms)
✔ only explicit dependency section is interpreted (0.1882ms)
✔ code fences and quoted references are not dependency authority (0.2126ms)
✔ native/text dependency disagreement is flagged (4.8853ms)
✔ matching dependencies do not produce a mismatch (4.9362ms)
✔ dependency cycles are bounded and reported once (5.6179ms)
✔ parent hierarchy mismatch and cycle are detected (5.3749ms)
✔ outside-scope dependency is not fetched or treated as complete (4.5581ms)
✔ missing local dependency is unverified, not closed (6.1669ms)
✔ open issue marked Done is flagged without changing the board (5.0874ms)
✔ unknown workstream is a review hint, not a rename (3.5756ms)
✔ locked default branch is flagged, without bypass (4.671ms)
✔ stale PR source head is reported (4.3115ms)
✔ current independent review is accepted as evidence (4.6516ms)
✔ author approval is not current independent human approval (4.7166ms)
✔ bot approval is not current independent human approval (3.965ms)
✔ old-head approval is not current independent human approval (3.9219ms)
✔ later comment does not erase a valid prior approval (4.1939ms)
✔ failed checks and requested changes are surfaced (4.2027ms)
✔ missing checks are not a success (3.9196ms)
✔ stale snapshots are labeled (3.5854ms)
✔ future snapshots fail closed (1.8067ms)
✔ finding IDs are stable across repeated reads (9.7987ms)
✔ reported secrets are redacted and Markdown is escaped (14.5957ms)
✔ refuses: assign #50 to example-user (6.1977ms)
✔ refuses: label #50 multiplayer (5.1986ms)
✔ refuses: close #50 (4.5714ms)
✔ refuses: merge PR #237 (4.4319ms)
✔ refuses: enable auto-merge (5.0395ms)
✔ refuses: delete a branch (4.5586ms)
✔ refuses: approve PR #237 (7.4864ms)
✔ refuses: can you change the rules (6.9132ms)
✔ question answers use recorded evidence and canonical references (7.2501ms)
✔ reverse dependency questions list dependents (4.9688ms)
✔ unknown questions ask for clarification (6.4228ms)
✔ untrusted instruction text grants no tools (6.1941ms)
✔ snapshot rejects wrong repo (1.4649ms)
✔ snapshot rejects wrong project (1.5003ms)
✔ snapshot rejects partial coverage (1.3202ms)
✔ snapshot rejects wrong count (1.3153ms)
✔ snapshot rejects duplicate issue (1.4299ms)
✔ snapshot rejects hostile URL (1.1952ms)
✔ snapshot rejects hidden project item (1.3439ms)
✔ snapshot rejects cross-repo item (1.5863ms)
✔ snapshot rejects duplicate project item (1.6821ms)
✔ snapshot rejects oversized body (1.5029ms)
✔ collector completes two matching passes with no writes (6.8824ms)
✔ collector rejects issue drift between passes (4.6489ms)
✔ collector rejects incomplete nested dependencies (1.5359ms)
✔ collector rejects a changed PR head/check binding (1.5711ms)
✔ collector rejects repeated pagination cursors (1.3952ms)
✔ collector rejects inaccessible connection entries (0.1955ms)
✔ read client verifies Bakar404 and never switches accounts (1.5908ms)
✔ explicit hash-pinned read principal does not change the pilot or read allowlist (30.8589ms)
✔ collector profile rejects changed scope or unsupported fields: repository (13.551ms)
✔ collector profile rejects changed scope or unsupported fields: project_id (16.2529ms)
✔ collector profile rejects changed scope or unsupported fields: project_number (20.3759ms)
✔ collector profile rejects changed scope or unsupported fields: token (9.3647ms)
✔ collector profile rejects changed scope or unsupported fields: url (18.339ms)
✔ collector profile rejects changed scope or unsupported fields: collector_login (9.8023ms)
✔ collector profile rejects wrong hashes, changed bytes and duplicate keys (51.9105ms)
✔ profiled collection records the actual principal and rejects identity or profile drift (53.2117ms)
✔ read client exposes no arbitrary query or write operation (1.8409ms)
✔ GraphQL cursor remains data, not executable query text (1.6092ms)
✔ GraphQL errors do not become accepted partial data (1.4688ms)
✔ GraphQL reserve prevents further reads (1.4704ms)
✔ collection has an elapsed-time bound (1.1757ms)
✔ dry run uses neither network nor output files (1.6247ms)
✔ CLI rejects apply (0.2341ms)
✔ CLI rejects audit --fixture --live (1.017ms)
✔ CLI rejects audit --fixture --out ../escape.json (0.2515ms)
✔ CLI rejects audit --dry-run --out file.json (0.1529ms)
✔ CLI rejects audit --fixture --assign example-user (0.095ms)
✔ CLI rejects ask --fixture (0.1364ms)
✔ actual CLI dry run works from another directory and has no network intent (153.2209ms)
✔ test chat prepares an evidence-based reply without sending it (6.6642ms)
✔ test chat rejects wrong tenant (0.3374ms)
✔ test chat rejects wrong group (0.1439ms)
✔ test chat rejects personal chat (0.1301ms)
✔ test chat rejects other channel (0.1291ms)
✔ test chat ignores messages without a mention (0.1341ms)
✔ test chat ignores its own messages (0.1263ms)
✔ test chat refuses mutation requests (4.3686ms)
✔ no production mode or implicit binding (0.2917ms)
ℹ tests 227
ℹ suites 0
ℹ pass 227
ℹ fail 0
ℹ cancelled 0
ℹ skipped 0
ℹ todo 0
ℹ duration_ms 103162.8998
