TAP version 13
# Subtest: Windows short alias repository uses the same native source identity
ok 1 - Windows short alias repository uses the same native source identity
  ---
  duration_ms: 5114.8295
  type: 'test'
  ...
# Executed with a distinct native Windows 8.3 alias
# Subtest: Windows short alias scratch inside source rejects before creating an index
ok 2 - Windows short alias scratch inside source rejects before creating an index
  ---
  duration_ms: 3315.5292
  type: 'test'
  ...
# Executed with a distinct native Windows 8.3 alias
# Subtest: Windows short alias provider artifact is excluded from the candidate
ok 3 - Windows short alias provider artifact is excluded from the candidate
  ---
  duration_ms: 5088.8206
  type: 'test'
  ...
# Executed with a distinct native Windows 8.3 alias
# Subtest: native GIT_TRACE isolation protects source bytes and candidate tree
ok 4 - native GIT_TRACE isolation protects source bytes and candidate tree
  ---
  duration_ms: 2496.1047
  type: 'test'
  ...
# Subtest: native GIT_TRACE_PERFORMANCE isolation protects source bytes and candidate tree
ok 5 - native GIT_TRACE_PERFORMANCE isolation protects source bytes and candidate tree
  ---
  duration_ms: 2522.0244
  type: 'test'
  ...
# Subtest: native GIT_TRACE_SETUP isolation protects source bytes and candidate tree
ok 6 - native GIT_TRACE_SETUP isolation protects source bytes and candidate tree
  ---
  duration_ms: 2537.2071
  type: 'test'
  ...
# Subtest: native GIT_TRACE2 isolation protects source bytes and candidate tree
ok 7 - native GIT_TRACE2 isolation protects source bytes and candidate tree
  ---
  duration_ms: 2659.3134
  type: 'test'
  ...
# Subtest: native GIT_TRACE2_EVENT isolation protects source bytes and candidate tree
ok 8 - native GIT_TRACE2_EVENT isolation protects source bytes and candidate tree
  ---
  duration_ms: 2457.304
  type: 'test'
  ...
# Subtest: native GIT_TRACE2_PERF isolation protects source bytes and candidate tree
ok 9 - native GIT_TRACE2_PERF isolation protects source bytes and candidate tree
  ---
  duration_ms: 2644.1959
  type: 'test'
  ...
# Subtest: inherited Git configuration cannot change canonical line-ending selection
ok 10 - inherited Git configuration cannot change canonical line-ending selection
  ---
  duration_ms: 3861.9847
  type: 'test'
  ...
# Subtest: native source-selection recipe is pinned; drift requires an explicit parity review
ok 11 - native source-selection recipe is pinned; drift requires an explicit parity review
  ---
  duration_ms: 1.3599
  type: 'test'
  ...
# Subtest: RED untracked whitespace escapes old diff, fails new command; GREEN clean file passes
ok 12 - RED untracked whitespace escapes old diff, fails new command; GREEN clean file passes
  ---
  duration_ms: 5875.1519
  type: 'test'
  ...
# Subtest: checks tracked bytes that are present in the worktree
ok 13 - checks tracked bytes that are present in the worktree
  ---
  duration_ms: 3053.6315
  type: 'test'
  ...
# Subtest: checks staged modification bytes that are present in the worktree
ok 14 - checks staged modification bytes that are present in the worktree
  ---
  duration_ms: 3139.1146
  type: 'test'
  ...
# Subtest: checks staged addition bytes that are present in the worktree
ok 15 - checks staged addition bytes that are present in the worktree
  ---
  duration_ms: 3299.3371
  type: 'test'
  ...
# Subtest: staged-only bad bytes are not exported when the worktree has clean replacement bytes
ok 16 - staged-only bad bytes are not exported when the worktree has clean replacement bytes
  ---
  duration_ms: 4662.9898
  type: 'test'
  ...
# Subtest: clean staged bytes cannot hide bad worktree bytes or revive staged-only deleted additions
ok 17 - clean staged bytes cannot hide bad worktree bytes or revive staged-only deleted additions
  ---
  duration_ms: 3243.2621
  type: 'test'
  ...
# Subtest: assigned base, not current HEAD, determines committed changes, deletions and renamed source
ok 18 - assigned base, not current HEAD, determines committed changes, deletions and renamed source
  ---
  duration_ms: 3499.3258
  type: 'test'
  ...
# Subtest: conflicted real index is untouched; physical resolution is checked just like native export
ok 19 - conflicted real index is untouched; physical resolution is checked just like native export
  ---
  duration_ms: 6614.2322
  type: 'test'
  ...
# Subtest: literal selection, spaces, leading dash, Unicode and brackets do not become Git pathspecs
ok 20 - literal selection, spaces, leading dash, Unicode and brackets do not become Git pathspecs
  ---
  duration_ms: 4822.004
  type: 'test'
  ...
# Subtest: selected absent, explicitly ignored and magic/escaping paths fail rather than widen selection
ok 21 - selected absent, explicitly ignored and magic/escaping paths fail rather than widen selection
  ---
  duration_ms: 7402.0581
  type: 'test'
  ...
# Subtest: ignored evidence and runner-internal files are absent; provider artifacts reset to base, not deletion
ok 22 - ignored evidence and runner-internal files are absent; provider artifacts reset to base, not deletion
  ---
  duration_ms: 5167.1638
  type: 'test'
  ...
# Subtest: \#89 provider artifact cannot conceal staged different bytes
ok 23 - \#89 provider artifact cannot conceal staged different bytes
  ---
  duration_ms: 3942.076
  type: 'test'
  ...
# Subtest: \#89 provider artifact cannot conceal staged deletion
ok 24 - \#89 provider artifact cannot conceal staged deletion
  ---
  duration_ms: 3534.2698
  type: 'test'
  ...
# Subtest: \#89 provider artifact cannot conceal staged non-file mode
ok 25 - \#89 provider artifact cannot conceal staged non-file mode
  ---
  duration_ms: 3775.7258
  type: 'test'
  ...
# Subtest: \#89 provider artifact cannot conceal staged unmerged
ok 26 - \#89 provider artifact cannot conceal staged unmerged
  ---
  duration_ms: 3931.529
  type: 'test'
  ...
# Subtest: \#89 matching staged text artifact is still excluded
ok 27 - \#89 matching staged text artifact is still excluded
  ---
  duration_ms: 4111.8076
  type: 'test'
  ...
# Subtest: \#89 matching staged binary artifact is still excluded
ok 28 - \#89 matching staged binary artifact is still excluded
  ---
  duration_ms: 4058.3101
  type: 'test'
  ...
# Subtest: \#89 matching staged artifact above the checker byte bound fails closed
ok 29 - \#89 matching staged artifact above the checker byte bound fails closed
  ---
  duration_ms: 3275.9694
  type: 'test'
  ...
# Subtest: \#89 artifact comparison uses raw staged bytes before line-ending conversion
ok 30 - \#89 artifact comparison uses raw staged bytes before line-ending conversion
  ---
  duration_ms: 3750.5165
  type: 'test'
  ...
# Subtest: \#89 artifact inspection ignores inherited alternate indexes and tracing
ok 31 - \#89 artifact inspection ignores inherited alternate indexes and tracing
  ---
  duration_ms: 3064.8885
  type: 'test'
  ...
# Subtest: ignored files tracked by the seeded base remain selected; later ignored additions do not
ok 32 - ignored files tracked by the seeded base remain selected; later ignored additions do not
  ---
  duration_ms: 5343.1385
  type: 'test'
  ...
# Subtest: CRLF conversion and attributes use Git blob bytes without rewriting source or index
ok 33 - CRLF conversion and attributes use Git blob bytes without rewriting source or index
  ---
  duration_ms: 4582.8167
  type: 'test'
  ...
# Subtest: Windows verified-head seeding retains modes and resets every unselected committed path
ok 34 - Windows verified-head seeding retains modes and resets every unselected committed path
  ---
  duration_ms: 4229.7652
  type: 'test'
  ...
# Subtest: binary blobs use native Git diff behavior, not an independent text scanner
ok 35 - binary blobs use native Git diff behavior, not an independent text scanner
  ---
  duration_ms: 3019.0232
  type: 'test'
  ...
# Subtest: a missing real index is neither read nor recreated
ok 36 - a missing real index is neither read nor recreated
  ---
  duration_ms: 2490.434
  type: 'test'
  ...
# Subtest: linked worktree Git control files and real index are not modified
ok 37 - linked worktree Git control files and real index are not modified
  ---
  duration_ms: 3442.0114
  type: 'test'
  ...
# Subtest: invalid base, routing override, nested root and in-worktree scratch fail closed
ok 38 - invalid base, routing override, nested root and in-worktree scratch fail closed
  ---
  duration_ms: 7132.2291
  type: 'test'
  ...
# Subtest: an inherited alternate index is not used or changed
ok 39 - an inherited alternate index is not used or changed
  ---
  duration_ms: 1833.0729
  type: 'test'
  ...
# Subtest: whole-check timeout is a command error, never whitespace success
ok 40 - whole-check timeout is a command error, never whitespace success
  ---
  duration_ms: 2223.7403
  type: 'test'
  ...
# Subtest: spawn, buffer, signal and Git failures cannot masquerade as whitespace results
ok 41 - spawn, buffer, signal and Git failures cannot masquerade as whitespace results
  ---
  duration_ms: 8516.7133
  type: 'test'
  ...
# Subtest: unexpected scratch contents cause visible cleanup failure and are preserved
ok 42 - unexpected scratch contents cause visible cleanup failure and are preserved
  ---
  duration_ms: 1387.6857
  type: 'test'
  ...
# Subtest: CLI rejects unknown, missing and unbounded arguments with exit 2
ok 43 - CLI rejects unknown, missing and unbounded arguments with exit 2
  ---
  duration_ms: 7456.4696
  type: 'test'
  ...
# Subtest: F01 CLI reports unavailable revision without exposing arguments
ok 44 - F01 CLI reports unavailable revision without exposing arguments
  ---
  duration_ms: 2474.1384
  type: 'test'
  ...
# Subtest: F01 CLI reports missing literal selection without exposing arguments
ok 45 - F01 CLI reports missing literal selection without exposing arguments
  ---
  duration_ms: 2608.9764
  type: 'test'
  ...
# Subtest: F01 CLI reports ignored literal selection without exposing arguments
ok 46 - F01 CLI reports ignored literal selection without exposing arguments
  ---
  duration_ms: 2600.1858
  type: 'test'
  ...
# Subtest: F01 CLI retains safe native timeout classification
ok 47 - F01 CLI retains safe native timeout classification
  ---
  duration_ms: 2929.0774
  type: 'test'
  ...
# Subtest: F01 CLI retains safe native output overflow classification
ok 48 - F01 CLI retains safe native output overflow classification
  ---
  duration_ms: 2985.7756
  type: 'test'
  ...
# Subtest: F01 CLI retains safe native spawn failure classification
ok 49 - F01 CLI retains safe native spawn failure classification
  ---
  duration_ms: 2846.6645
  type: 'test'
  ...
# Subtest: F01 CLI retains safe signal classification
ok 50 - F01 CLI retains safe signal classification
  ---
  duration_ms: 2869.4337
  type: 'test'
  ...
# Subtest: F01 CLI retains safe unrecognized filter failure classification
ok 51 - F01 CLI retains safe unrecognized filter failure classification
  ---
  duration_ms: 2521.2673
  type: 'test'
  ...
# Subtest: F01 CLI retains safe unknown child fields classification
ok 52 - F01 CLI retains safe unknown child fields classification
  ---
  duration_ms: 3004.0015
  type: 'test'
  ...
# Subtest: F01 CLI retains safe timeout with whitespace-like output classification
ok 53 - F01 CLI retains safe timeout with whitespace-like output classification
  ---
  duration_ms: 2872.027
  type: 'test'
  ...
# Subtest: F01 CLI retains safe overflow with whitespace-like output classification
ok 54 - F01 CLI retains safe overflow with whitespace-like output classification
  ---
  duration_ms: 2998.4471
  type: 'test'
  ...
# Subtest: F01 CLI separates cleanup failure from original failure
ok 55 - F01 CLI separates cleanup failure from original failure
  ---
  duration_ms: 2467.8497
  type: 'test'
  ...
# Subtest: F01 CLI separates cleanup failure after successful check
ok 56 - F01 CLI separates cleanup failure after successful check
  ---
  duration_ms: 3035.772
  type: 'test'
  ...
# Subtest: F01 CLI suppresses unsafe parser/filesystem text and retains safe input guidance
ok 57 - F01 CLI suppresses unsafe parser/filesystem text and retains safe input guidance
  ---
  duration_ms: 4514.8597
  type: 'test'
  ...
# Subtest: F01 CLI correlates retained owned directories without revealing their sensitive root
ok 58 - F01 CLI correlates retained owned directories without revealing their sensitive root
  ---
  duration_ms: 3783.8302
  type: 'test'
  ...
# Subtest: F01 CLI recognizes a native required clean-filter failure, not a missing path
ok 59 - F01 CLI recognizes a native required clean-filter failure, not a missing path
  ---
  duration_ms: 3045.4863
  type: 'test'
  ...
# Subtest: F02 native filter repeated delimiters (24000) cannot stall receipt or cleanup
ok 60 - F02 native filter repeated delimiters (24000) cannot stall receipt or cleanup
  ---
  duration_ms: 4094.8789
  type: 'test'
  ...
# Subtest: F02 native filter repeated delimiters (349354) cannot stall receipt or cleanup
ok 61 - F02 native filter repeated delimiters (349354) cannot stall receipt or cleanup
  ---
  duration_ms: 4281.4843
  type: 'test'
  ...
# Subtest: F02 final-line recognition handles hostile near-limit shapes without trusting their text
ok 62 - F02 final-line recognition handles hostile near-limit shapes without trusting their text
  ---
  duration_ms: 14306.4014
  type: 'test'
  ...
1..62
# tests 62
# suites 0
# pass 62
# fail 0
# cancelled 0
# skipped 0
# todo 0
# duration_ms 238988.1653
