F02 component regressions passed: 124 invalid/reserved cases across all three plan inputs and forward separators.
{"mapping":null,"drive":"Q:","event":"alias-before","fixture":"<local-user>\\AppData\\Local\\Temp\\ecorp-u1-preflight-ddf664f14fc14910936d9b4d7da32ea1"}
{"sameSentinel":true,"drive":"Q:","event":"alias-created","target":"\\??\\<local-user>\\AppData\\Local\\Temp\\ecorp-u1-preflight-ddf664f14fc14910936d9b4d7da32ea1\\retained-office"}
F01 native alias rejected in Root.
F01 native alias rejected in Product.
F01 native alias rejected in Protected.
{"removedTarget":"\\??\\<local-user>\\AppData\\Local\\Temp\\ecorp-u1-preflight-ddf664f14fc14910936d9b4d7da32ea1\\retained-office","mapping":null,"drive":"Q:","event":"alias-cleanup"}
F01 native short-path overlap rejected: short fixture ancestor.
F01 native short-path overlap rejected: short product.
F01 native short-path overlap rejected: short protected ancestor.
F01 native short-path overlap rejected: multiple missing descendants.
{"distinctAlias":true,"event":"native-short-alias","executed":true,"status":"passed","mode":"Required"}
F01 native SUBST/unmapped-drive and simulated mapped/unknown-drive regressions passed.
{"mapping":null,"drive":"Q:","event":"volume-before","fixture":"<local-user>\\AppData\\Local\\Temp\\ecorp-u1-preflight-ddf664f14fc14910936d9b4d7da32ea1","target":"\\Device\\HarddiskVolume4"}
{"sameSentinel":true,"drive":"Q:","event":"volume-created","target":"\\Device\\HarddiskVolume4"}
F01 native same-volume disjoint control passed: Root.
F01 native same-volume disjoint control passed: Product.
F01 native same-volume disjoint control passed: Protected.
F01 native same-volume overlap rejected: Root.
F01 native same-volume overlap rejected: Protected.
F01 native same-volume overlap rejected: Product.
F01 native same-volume overlap rejected: protected drive root.
F01 native same-volume overlap rejected: aliased protected drive root.
{"removedTarget":"\\Device\\HarddiskVolume4","mapping":null,"drive":"Q:","event":"volume-cleanup","exactMatch":true}
F01 native same-volume aliases, disjoint DOS-path controls and drive-root ancestry regressions passed.
WARNING: Failed synthetic fixture retained at <local-user>\AppData\Local\Temp\ecorp-u1-preflight-ddf664f14fc14910936d9b4d7da32ea1
Exception: <reviewed-worktree>\tools\qa_multiplayer_preflight.test.ps1:12
Line |
  12 |      if (!$Condition) { throw $Message }
     |                         ~~~~~~~~~~~~~~
     | The native stat-cache fixture must distinguish restored and changed timestamps.
