$ node --test --test-concurrency=2 --test-timeout=180000 scenarios/repo-steward/steward.test.mjs scenarios/repo-steward/actions.test.mjs scenarios/repo-steward/recurring-audit.test.mjs scenarios/repo-steward/feedback.test.mjs scenarios/repo-steward/maintenance.test.mjs scenarios/repo-steward/feedback-cli.test.mjs
✔ Actions preview performs no live reads or summary publication (2.9456ms)
✔ Actions fixture uses the real auditor without GitHub access (43.5446ms)
✔ invalid workflow input is rejected during preview without data access (1.4116ms)
✔ hosted live mode rejects non-Actions host before reading data (0.588ms)
✔ hosted live mode rejects PR event before reading data (0.4619ms)
✔ hosted live mode rejects another repository before reading data (1.2023ms)
✔ hosted live mode rejects feature branch before reading data (0.4109ms)
✔ hosted live mode rejects another actor before reading data (0.1784ms)
✔ hosted live mode rejects another rerun operator before reading data (0.3073ms)
✔ hosted live mode rejects missing triggering actor before reading data (0.5717ms)
✔ hosted live mode rejects missing source commit before reading data (0.3839ms)
✔ hosted live mode rejects disabled pilot before reading data (0.1929ms)
✔ hosted live mode rejects unapproved public summary before reading data (0.1712ms)
✔ hosted live mode rejects missing credential before reading data (0.1554ms)
✔ hosted live mode rejects blank credential before reading data (0.1949ms)
✔ hosted live mode rejects write-enabled configuration before reading data (0.1853ms)
✔ GITHUB_TOKEN does not substitute for Project-readable credentials (0.2869ms)
✔ an admitted live path collects once and retains zero mutations (8.7206ms)
✔ collector failure does not produce a successful report (0.3989ms)
✔ stale hosted snapshots fail instead of publishing old findings (8.0553ms)
✔ public summaries never include free-form source or evidence text (8.0283ms)
✔ summary rejects unknown rule (5.867ms)
✔ summary rejects bad finding id (7.0714ms)
✔ summary rejects foreign reference (6.7985ms)
✔ summary rejects mutation claim (7.8623ms)
✔ summary rejects wrong scope (7.3018ms)
✔ summary rejects invalid timestamp (7.3699ms)
✔ summary rejects bad totals (7.9408ms)
✔ public finding index is bounded without copying omitted details (6.996ms)
✔ every configured fixture rule has an explicit publication review (6.8626ms)
✔ summary file writes remain inside a supplied native temporary directory (26.0249ms)
✔ Actions CLI rejects unsupported arguments --apply (0.408ms)
✔ Actions CLI rejects unsupported arguments --live (0.2065ms)
✔ Actions CLI rejects unsupported arguments --live (0.1907ms)
✔ actual fixture CLI needs no hosted secrets or Teams SDK (361.841ms)
✔ manual workflow keeps first-party actions pinned and live credentials isolated (15.7045ms)
✔ feedback CLI rejects unsupported, missing and duplicate transition arguments (3.3484ms)
✔ new-file corpus output preserves the previous version and refuses overwrite (30.2639ms)
✔ initializing a corpus binds the validated input scope without changing its snapshot (60.2179ms)
✔ partial snapshot cannot create a corpus file (31.5379ms)
✔ redirected output parent is refused without writing through it (7.8063ms)
✔ review evidence must be a file and cannot use a directory as a digest source (75.1209ms)
✔ review CLI records the exact binary digest and closes its descriptor (118.2061ms)
✔ same-size review replacement between metadata check and open cannot update a corpus (61.0742ms)
✔ review parent swapped for a symlink or junction before open is rejected (53.9653ms)
✔ same-size pathname replacement after descriptor read is rejected (42.0173ms)
✔ same-size in-place review rewrite cannot hide behind a restored modification time (35.5008ms)
✔ review growth after open stays within its original byte bound and is rejected (35.1671ms)
✔ bounded review reads handle partial reads and reject empty or oversized files (24.7529ms)
✔ native behavioral evidence remains candidate with original local source and no finding impersonation (85.8621ms)
✔ native behavioral activation is denied for mixed support and forged active or retired history (61.0167ms)
✔ native behavioral candidates can be rejected without widening legacy review authority (71.656ms)
✔ native behavioral bytes, identity claims, source and repeated runs remain validated (145.6989ms)
✔ evidence binds actual audit finding and supplied snapshot without certifying collection or identity (14.7455ms)
✔ accepted missing Project status binds the native serialized report and finding in evidence and observations (49.7111ms)
✔ auditor optional-field normalization retains strict data-only feedback and report validation (69.284ms)
✔ timestamp-only or unrelated snapshot changes do not manufacture repeated supporting evidence (36.9335ms)
✔ partial, cross-scope, stale or missing findings cannot become feedback evidence (15.1017ms)
✔ feedback source pins accept exactly 40 or 64 hexadecimal characters, including supplied evidence (86.1879ms)
✔ candidate, active and retired versions preserve their inputs and have exact transition digests (26.8914ms)
✔ one observation, fabricated evidence bytes and replayed reviews cannot activate a rule (109.6843ms)
✔ reviewer labels and claimed approval booleans do not supply verified review authority (30.9977ms)
✔ explicit rejection remains terminal and contributes no advice (50.7858ms)
✔ prospective expiry is mandatory, bounded, and effective at the exact boundary (156.3163ms)
✔ active capacity cannot expand and supersession retires only the exact predecessor (77.2315ms)
✔ supersession rejects stale targets and cannot cross finding rules (70.4692ms)
✔ active guidance annotates only matching findings without hiding or changing original conclusions (30.5902ms)
✔ broad matching admits at most the finite annotation limit and never truncates an excessive report (601.4711ms)
✔ serialized output bytes are admitted before escaped guidance and evidence references fan out (110.3197ms)
✔ later audits honor activation and retirement while the original report stays identical (63.7855ms)
✔ unknown executable, suppression, assignment and permission options are rejected (305.766ms)
✔ stale reports, foreign scope and altered evidence fail closed (69.2006ms)
✔ canonical digests ignore property insertion order but reject executable and non-finite data (0.7914ms)
✔ reusable corpus validation preserves input and rejects authority claims or altered guidance (33.7753ms)
✔ explicit collector profile requires a hash and cannot relabel a supplied snapshot (4.3769ms)
✔ recurrence requires finite explicit bounds before reading any input (1.0106ms)
✔ finite recurrence reloads snapshot and feedback on every cycle (3.6145ms)
✔ paused and stopped records prevent collection and input reads (3.4591ms)
✔ exhausted persisted attempts reject before snapshot, feedback or live collection (3.2958ms)
✔ watch admits the final allowed attempt and then stops before collecting another snapshot (2.1115ms)
✔ source mismatch refuses before reading snapshot or feedback (1.7703ms)
✔ a failed cycle stops recurrence without retrying or losing the failure (1.8171ms)
✔ first snapshot acquisition failure retains one sanitized failed attempt (394.3833ms)
✔ later corpus acquisition failure preserves earlier accepted evidence and consumes one attempt (1170.2607ms)
✔ live acquisition failure is retained once without raw error text or a retry (534.3128ms)
✔ pause and stop during failed acquisition remain effective without a new admitted attempt (3302.4005ms)
✔ deadline crossing during failed acquisition prevents late attempt admission (2.0318ms)
✔ interruption during failed acquisition prevents a new admitted attempt (1.9628ms)
✔ duration bounds stop admission after collection without writing a late result (1.8189ms)
✔ interruption during an interval exits without another audit (1.6559ms)
✔ control commands delegate exact action, source and reason without collecting (4.4962ms)
✔ status exposes bounded metadata and no retained finding text (1.361ms)
✔ one audit writes source-bound immutable private reports and an advisory handoff (677.5845ms)
✔ fresh capture timestamps and transport metrics alone produce no new report or proposal across restart (1236.9383ms)
✔ live state binds the exact selected principal and profile through restart and controls (3620.1965ms)
✔ profile metadata cannot convert supplied evidence or a different live principal into accepted observations (318.3891ms)
✔ changed scoped content produces a new receipt while retaining stable finding dedupe (638.6846ms)
✔ resolved findings are recorded without claiming a remote correction (664.7003ms)
✔ stale input fails and preserves a failed attempt, never reusing previous success (732.8693ms)
✔ future input fails and preserves a failed attempt, never reusing previous success (710.3353ms)
✔ incomplete input fails and preserves a failed attempt, never reusing previous success (775.3602ms)
✔ source drift fails and preserves a failed attempt, never reusing previous success (773.3809ms)
✔ changing the caller source pin cannot migrate an existing directory (645.0999ms)
✔ pause prevents input use, resume retains dedupe, and stop cannot resume (2852.7433ms)
✔ concurrent cycles have one winner and never create duplicate accepted receipts (627.6133ms)
✔ retained locks fail closed without PID reuse or timeout-based recovery (28.6984ms)
✔ incomplete intent and rollback to an older checkpoint refuse replay (844.6794ms)
✔ tampered referenced artifacts are rejected and preserved (441.7803ms)
✔ output-directory redirection refuses writes through a symlink or junction (18.4455ms)
✔ an unexpected output file is retained, not overwritten or removed (26.2581ms)
✔ status rejects unexpected files in initialized state before accepting its control projection (352.4257ms)
✔ missing, traversal-style and incomplete control requests do not create authority (5.5826ms)
✔ live source claims retain the existing collector identity and zero-write metadata (363.4014ms)
✔ finite convenience API has explicit bounds and performs no scheduling (1376.718ms)
✔ state and artifact redirection are not followed on read (356.0374ms)
✔ alter of earlier history is detected after a newer successful cycle (1015.8129ms)
✔ delete of earlier history is detected after a newer successful cycle (1070.266ms)
✔ changed implementation pins fail before a new intent is written (456.2217ms)
✔ a directory replaced while a caller holds its lock cannot redirect any artifact write (455.0934ms)
✔ actual corpus activation and retirement change only separately bound advisory output (2013.9276ms)
✔ expiry invalidates cached advisory annotations even without corpus byte changes (941.291ms)
✔ mixed retained controls and new cycles enforce one transition bound with a reserved terminal stop (87829.1695ms)
✔ accepted snapshots with omitted optional metadata produce parseable JSON artifacts and replay (455.19ms)
✔ optional auditor metadata works through the real feedback evidence and recurring consumer bridge (606.0731ms)
✔ policy has the ten requested workstreams and never assigns people (5.6589ms)
✔ classification supports Multiplayer (10.2793ms)
✔ classification supports UX/UI (2.8664ms)
✔ classification supports Multi-system execution (1.6192ms)
✔ classification supports Janitor (1.7806ms)
✔ classification supports Dynamic agent teams (1.9ms)
✔ classification supports DevOps/PR review/branch protection (2.9386ms)
✔ classification supports Security (1.868ms)
✔ classification supports Agent communication layer (1.6937ms)
✔ classification supports Dark factory automation (1.9316ms)
✔ classification supports Backend scalability / pub-sub (1.7932ms)
✔ classification preserves labels and assignees (15.2021ms)
✔ UX alias means UX/UI (20.1128ms)
✔ an unassigned issue is not a violation (6.9583ms)
✔ full fixture audit has zero mutations and catches closing-link conflict (8.0528ms)
✔ non-closing prose overrides no native link, not unrelated partial references (6.8799ms)
✔ explicit do-not-close linked issue is flagged (5.1692ms)
✔ closed unmerged PR does not close an open issue (6.8029ms)
✔ reopened issue remains open after a historical merged PR (6.5795ms)
✔ no automatic close for several partial PRs (7.6766ms)
✔ only explicit dependency section is interpreted (0.3399ms)
✔ code fences and quoted references are not dependency authority (0.3318ms)
✔ native/text dependency disagreement is flagged (6.2479ms)
✔ matching dependencies do not produce a mismatch (6.1722ms)
✔ dependency cycles are bounded and reported once (7.5066ms)
✔ parent hierarchy mismatch and cycle are detected (8.0149ms)
✔ outside-scope dependency is not fetched or treated as complete (5.3983ms)
✔ missing local dependency is unverified, not closed (6.0132ms)
✔ open issue marked Done is flagged without changing the board (6.0836ms)
✔ unknown workstream is a review hint, not a rename (3.7944ms)
✔ locked default branch is flagged, without bypass (4.3021ms)
✔ stale PR source head is reported (6.0894ms)
✔ current independent review is accepted as evidence (6.8825ms)
✔ author approval is not current independent human approval (6.6817ms)
✔ bot approval is not current independent human approval (4.582ms)
✔ old-head approval is not current independent human approval (5.8835ms)
✔ later comment does not erase a valid prior approval (6.2629ms)
✔ failed checks and requested changes are surfaced (7.2533ms)
✔ missing checks are not a success (4.8599ms)
✔ stale snapshots are labeled (5.3698ms)
✔ future snapshots fail closed (2.0765ms)
✔ finding IDs are stable across repeated reads (12.2864ms)
✔ reported secrets are redacted and Markdown is escaped (15.1003ms)
✔ refuses: assign #50 to example-user (8.8114ms)
✔ refuses: label #50 multiplayer (7.6107ms)
✔ refuses: close #50 (7.3894ms)
✔ refuses: merge PR #237 (7.1007ms)
✔ refuses: enable auto-merge (8.5193ms)
✔ refuses: delete a branch (6.6116ms)
✔ refuses: approve PR #237 (7.1296ms)
✔ refuses: can you change the rules (8.1091ms)
✔ question answers use recorded evidence and canonical references (6.2613ms)
✔ reverse dependency questions list dependents (6.3949ms)
✔ unknown questions ask for clarification (8.5782ms)
✔ untrusted instruction text grants no tools (6.0076ms)
✔ snapshot rejects wrong repo (1.4949ms)
✔ snapshot rejects wrong project (1.4697ms)
✔ snapshot rejects partial coverage (1.3445ms)
✔ snapshot rejects wrong count (1.487ms)
✔ snapshot rejects duplicate issue (1.7414ms)
✔ snapshot rejects hostile URL (1.7266ms)
✔ snapshot rejects hidden project item (1.9581ms)
✔ snapshot rejects cross-repo item (1.528ms)
✔ snapshot rejects duplicate project item (1.7321ms)
✔ snapshot rejects oversized body (1.424ms)
✔ collector completes two matching passes with no writes (6.9467ms)
✔ collector rejects issue drift between passes (4.2323ms)
✔ collector rejects incomplete nested dependencies (1.9539ms)
✔ collector rejects a changed PR head/check binding (1.9469ms)
✔ collector rejects repeated pagination cursors (1.5836ms)
✔ collector rejects inaccessible connection entries (0.2183ms)
✔ read client verifies Bakar404 and never switches accounts (1.9627ms)
✔ explicit hash-pinned read principal does not change the pilot or read allowlist (39.0654ms)
✔ collector profile rejects changed scope or unsupported fields: repository (24.8453ms)
✔ collector profile rejects changed scope or unsupported fields: project_id (27.6777ms)
✔ collector profile rejects changed scope or unsupported fields: project_number (21.8236ms)
✔ collector profile rejects changed scope or unsupported fields: token (22.9778ms)
✔ collector profile rejects changed scope or unsupported fields: url (11.0457ms)
✔ collector profile rejects changed scope or unsupported fields: collector_login (22.5228ms)
✔ collector profile rejects wrong hashes, changed bytes and duplicate keys (55.6036ms)
✔ profiled collection records the actual principal and rejects identity or profile drift (48.2515ms)
✔ read client exposes no arbitrary query or write operation (1.9039ms)
✔ GraphQL cursor remains data, not executable query text (2.0303ms)
✔ GraphQL errors do not become accepted partial data (2.0456ms)
✔ GraphQL reserve prevents further reads (1.867ms)
✔ collection has an elapsed-time bound (1.6885ms)
✔ dry run uses neither network nor output files (1.9406ms)
✔ CLI rejects apply (0.2582ms)
✔ CLI rejects audit --fixture --live (0.1659ms)
✔ CLI rejects audit --fixture --out ../escape.json (0.2652ms)
✔ CLI rejects audit --dry-run --out file.json (0.153ms)
✔ CLI rejects audit --fixture --assign example-user (0.1343ms)
✔ CLI rejects ask --fixture (0.1319ms)
✔ actual CLI dry run works from another directory and has no network intent (218.057ms)
✔ test chat prepares an evidence-based reply without sending it (9.0694ms)
✔ test chat rejects wrong tenant (0.5397ms)
✔ test chat rejects wrong group (0.2228ms)
✔ test chat rejects personal chat (0.2547ms)
✔ test chat rejects other channel (0.2077ms)
✔ test chat ignores messages without a mention (0.2166ms)
✔ test chat ignores its own messages (0.2031ms)
✔ test chat refuses mutation requests (6.581ms)
✔ no production mode or implicit binding (0.485ms)
ℹ tests 227
ℹ suites 0
ℹ pass 227
ℹ fail 0
ℹ cancelled 0
ℹ skipped 0
ℹ todo 0
ℹ duration_ms 116633.7431
