{
  "result": "PASS",
  "checks": [
    {
      "package": "pr362-startup-20260921",
      "archive_members": 38,
      "images": 3
.....................................................................
    },
    {
      "package": "pr362-regressions-20260921",
      "archive_members": 88,
      "images": 8
    },
    {
      "package": "pr362-combined-20260921",
      "archive_members": 107,
      "images": 14
    }
  ],
  "limit": "Public integrity, not independent raw/capture/acceptance proof"
}
{
  "result": "PASS",
  "checks": [
    {
      "package": "pr362-startup-20260921",
      "archive_members": 38,
      "images": 3
    },
    {
      "package": "pr362-regressions-20260921",
      "archive_members": 88,
      "images": 8
    },
    {
      "package": "pr362-combined-20260921",
      "archive_members": 107,
      "images": 14
    }
  ],
  "limit": "Public integrity, not independent raw/capture/acceptance proof"
}
{
  "result": "PASS",
  "checks": [
    {
      "package": "pr362-startup-20260921",
      "archive_members": 38,
      "images": 3
    },
    {
      "package": "pr362-regressions-20260921",
      "archive_members": 88,
      "images": 8
    },
    {
      "package": "pr362-combined-20260921",
      "archive_members": 107,
      "images": 14
    }
  ],
  "limit": "Public integrity, not independent raw/capture/acceptance proof"
}
{
  "result": "PASS",
  "checks": [
    {
      "package": "pr362-startup-20260921",
      "archive_members": 38,
      "images": 3
    },
    {
      "package": "pr362-regressions-20260921",
      "archive_members": 88,
      "images": 8
    },
    {
      "package": "pr362-combined-20260921",
      "archive_members": 107,
      "images": 14
    }
  ],
  "limit": "Public integrity, not independent raw/capture/acceptance proof"
}
{
  "result": "PASS",
  "checks": [
    {
      "package": "pr362-startup-20260921",
      "archive_members": 38,
      "images": 3
    },
    {
      "package": "pr362-regressions-20260921",
      "archive_members": 88,
      "images": 8
    },
    {
      "package": "pr362-combined-20260921",
      "archive_members": 107,
      "images": 14
    }
  ],
  "limit": "Public integrity, not independent raw/capture/acceptance proof"
}
{
  "result": "PASS",
  "checks": [
    {
      "package": "pr362-startup-20260921",
      "archive_members": 38,
      "images": 3
    },
    {
      "package": "pr362-regressions-20260921",
      "archive_members": 88,
      "images": 8
    },
    {
      "package": "pr362-combined-20260921",
      "archive_members": 107,
      "images": 14
    }
  ],
  "limit": "Public integrity, not independent raw/capture/acceptance proof"
}
----------------------------------------------------------------------
Ran 69 tests in 74.311s

OK
