TAP version 13
# Subtest: every pinned upstream dependency exists and retains its exact bytes
ok 1 - every pinned upstream dependency exists and retains its exact bytes
  ---
  duration_ms: 14.7786
  type: 'test'
  ...
# Subtest: the entrypoint and maintained references resolve inside the package
ok 2 - the entrypoint and maintained references resolve inside the package
  ---
  duration_ms: 8.8161
  type: 'test'
  ...
# Subtest: entrypoint delegates repository validation to current source AGENTS
ok 3 - entrypoint delegates repository validation to current source AGENTS
  ---
  duration_ms: 3.132
  type: 'test'
  ...
# Subtest: entrypoint stays within pinned ATV AGENT-03 effective prose limit
ok 4 - entrypoint stays within pinned ATV AGENT-03 effective prose limit
  ---
  duration_ms: 1.2032
  type: 'test'
  ...
# ATV AGENT-03 effective prose: 7990/8000 characters
# Subtest: maintained instructions distinguish scoped publication from full acceptance
ok 5 - maintained instructions distinguish scoped publication from full acceptance
  ---
  duration_ms: 6.0645
  type: 'test'
  ...
# Subtest: Rust input accepts stable or the accepted exact release, not implicit or other channels
ok 6 - Rust input accepts stable or the accepted exact release, not implicit or other channels
  ---
  duration_ms: 0.3885
  type: 'test'
  ...
# Subtest: CI remote actions use full commit SHAs and an explicit stable Rust channel or accepted release
ok 7 - CI remote actions use full commit SHAs and an explicit stable Rust channel or accepted release
  ---
  duration_ms: 1.0619
  type: 'test'
  ...
# Subtest: Windows runner CI compiles before ACL readiness, runs serially, and preserves readiness receipts
ok 8 - Windows runner CI compiles before ACL readiness, runs serially, and preserves readiness receipts
  ---
  duration_ms: 0.9885
  type: 'test'
  ...
# Subtest: dry run executes no checks, creates no receipt and leaves source unchanged
ok 9 - dry run executes no checks, creates no receipt and leaves source unchanged
  ---
  duration_ms: 970.4474
  type: 'test'
  ...
# Subtest: unknown arguments cannot become commands
ok 10 - unknown arguments cannot become commands
  ---
  duration_ms: 624.6965
  type: 'test'
  ...
# Subtest: successful native tests produce observed counts and stable-source evidence
ok 11 - successful native tests produce observed counts and stable-source evidence
  ---
  duration_ms: 1783.2154
  type: 'test'
  ...
# Subtest: failing Node tests retain TAP diagnostics and complete long assertions
ok 12 - failing Node tests retain TAP diagnostics and complete long assertions
  ---
  duration_ms: 1801.5235
  type: 'test'
  ...
# Subtest: failing gates retain complete stdout and stderr beyond the compact limit
ok 13 - failing gates retain complete stdout and stderr beyond the compact limit
  ---
  duration_ms: 1674.5059
  type: 'test'
  ...
# Subtest: native capture overflow is disclosed and remains failed evidence
ok 14 - native capture overflow is disclosed and remains failed evidence
  ---
  duration_ms: 1882.2265
  type: 'test'
  ...
# Subtest: failing first gate stops execution and marks later gates not run
ok 15 - failing first gate stops execution and marks later gates not run
  ---
  duration_ms: 1625.6019
  type: 'test'
  ...
# Subtest: a passing test cannot certify source it modified during validation
ok 16 - a passing test cannot certify source it modified during validation
  ---
  duration_ms: 1511.6605
  type: 'test'
  ...
# Subtest: a test added between discovery and source capture cannot be certified without execution
ok 17 - a test added between discovery and source capture cannot be certified without execution
  ---
  duration_ms: 1498.5774
  type: 'test'
  ...
# Subtest: postflight Git failure retains completed counts and pending gates (gate failed: false)
ok 18 - postflight Git failure retains completed counts and pending gates (gate failed: false)
  ---
  duration_ms: 1492.3383
  type: 'test'
  ...
# Subtest: postflight Git failure retains completed counts and pending gates (gate failed: true)
ok 19 - postflight Git failure retains completed counts and pending gates (gate failed: true)
  ---
  duration_ms: 1621.4559
  type: 'test'
  ...
# Subtest: executing gates see incomplete receipts and completed checkpoints without overwriting prior attempts
ok 20 - executing gates see incomplete receipts and completed checkpoints without overwriting prior attempts
  ---
  duration_ms: 3025.0419
  type: 'test'
  ...
# Subtest: large tracked diff is fully bound across validation (tail mutation: false)
ok 21 - large tracked diff is fully bound across validation (tail mutation: false)
  ---
  duration_ms: 2913.8533
  type: 'test'
  ...
# Subtest: large tracked diff is fully bound across validation (tail mutation: true)
ok 22 - large tracked diff is fully bound across validation (tail mutation: true)
  ---
  duration_ms: 2951.3713
  type: 'test'
  ...
# Subtest: the checked-in fixture identity helper canonicalizes the intended ATV origin
ok 23 - the checked-in fixture identity helper canonicalizes the intended ATV origin
  ---
  duration_ms: 2.7919
  type: 'test'
  ...
# Subtest: e2e_factory_claims.mjs derives URLs and policies from the actual checked Git origin
ok 24 - e2e_factory_claims.mjs derives URLs and policies from the actual checked Git origin
  ---
  duration_ms: 1.1714
  type: 'test'
  ...
# Subtest: e2e_factory_controller.mjs derives URLs and policies from the actual checked Git origin
ok 25 - e2e_factory_controller.mjs derives URLs and policies from the actual checked Git origin
  ---
  duration_ms: 1.0291
  type: 'test'
  ...
# Subtest: e2e_factory_publication.mjs derives URLs and policies from the actual checked Git origin
ok 26 - e2e_factory_publication.mjs derives URLs and policies from the actual checked Git origin
  ---
  duration_ms: 1.6451
  type: 'test'
  ...
# Subtest: claims retain normalized source, pre-effect readiness and native automatic verification
ok 27 - claims retain normalized source, pre-effect readiness and native automatic verification
  ---
  duration_ms: 0.7694
  type: 'test'
  ...
# Subtest: controller retains wrong-repository rejection, native attempt preview and fake GitHub transport
ok 28 - controller retains wrong-repository rejection, native attempt preview and fake GitHub transport
  ---
  duration_ms: 0.9581
  type: 'test'
  ...
# Subtest: publication retains dynamic casing/effect identity, local bare transport and merge guards
ok 29 - publication retains dynamic casing/effect identity, local bare transport and merge guards
  ---
  duration_ms: 0.8819
  type: 'test'
  ...
# Subtest: CI runs every complete factory suite without suppressing errors or restart checks
ok 30 - CI runs every complete factory suite without suppressing errors or restart checks
  ---
  duration_ms: 0.8588
  type: 'test'
  ...
# Subtest: CI server preview is explicit, isolated, read-only and credential-free
ok 31 - CI server preview is explicit, isolated, read-only and credential-free
  ---
  duration_ms: 1.3201
  type: 'test'
  ...
# Subtest: CI server refuses missing scope, legacy/manual targets and unexpected database configuration
ok 32 - CI server refuses missing scope, legacy/manual targets and unexpected database configuration
  ---
  duration_ms: 3.1319
  type: 'test'
  ...
# Subtest: owned cleanup wiring accepts LF and CRLF but still requires unconditional exact cleanup
ok 33 - owned cleanup wiring accepts LF and CRLF but still requires unconditional exact cleanup
  ---
  duration_ms: 0.4412
  type: 'test'
  ...
# Subtest: all CI restart fixtures consume the same explicit ownership manifest without numeric-PID fallbacks
ok 34 - all CI restart fixtures consume the same explicit ownership manifest without numeric-PID fallbacks
  ---
  duration_ms: 2.9817
  type: 'test'
  ...
# Subtest: requires a single correctly formed bearer credential
ok 35 - requires a single correctly formed bearer credential
  ---
  duration_ms: 1.6501
  type: 'test'
  ...
# Subtest: reader identity is provisioned, not first-login trust
ok 36 - reader identity is provisioned, not first-login trust
  ---
  duration_ms: 0.2914
  type: 'test'
  ...
# Subtest: even the provisioned reader cannot write
ok 37 - even the provisioned reader cannot write
  ---
  duration_ms: 0.9269
  type: 'test'
  ...
# Subtest: exchanged subject must equal validated input subject
ok 38 - exchanged subject must equal validated input subject
  ---
  duration_ms: 0.2527
  type: 'test'
  ...
# Subtest: browser transaction is bounded, state-bound, and single use
ok 39 - browser transaction is bounded, state-bound, and single use
  ---
  duration_ms: 0.3058
  type: 'test'
  ...
# Subtest: native test discovery covers existing web, tooling and steward suites
ok 40 - native test discovery covers existing web, tooling and steward suites
  ---
  duration_ms: 3.4869
  type: 'test'
  ...
# Subtest: standalone live and historical replays stay separate while adjacent unit suites remain enrolled
ok 41 - standalone live and historical replays stay separate while adjacent unit suites remain enrolled
  ---
  duration_ms: 0.3336
  type: 'test'
  ...
# Subtest: empty discovery, invalid config and unknown groups fail closed
ok 42 - empty discovery, invalid config and unknown groups fail closed
  ---
  duration_ms: 0.8909
  type: 'test'
  ...
# Subtest: CommonJS CLI integration tests join the same native Node runner
ok 43 - CommonJS CLI integration tests join the same native Node runner
  ---
  duration_ms: 0.1947
  type: 'test'
  ...
# Subtest: review skill package tests remain enrolled when the independently reviewed skill lands
ok 44 - review skill package tests remain enrolled when the independently reviewed skill lands
  ---
  duration_ms: 0.191
  type: 'test'
  ...
# Subtest: Windows package-manager execution uses an explicit argument vector, never a shell
ok 45 - Windows package-manager execution uses an explicit argument vector, never a shell
  ---
  duration_ms: 0.5114
  type: 'test'
  ...
# Subtest: full gate retains Rust, web and migration checks and adds Node/docs validation
ok 46 - full gate retains Rust, web and migration checks and adds Node/docs validation
  ---
  duration_ms: 0.395
  type: 'test'
  ...
# Subtest: test results distinguish failed, passed, ignored and not-observed
ok 47 - test results distinguish failed, passed, ignored and not-observed
  ---
  duration_ms: 0.6004
  type: 'test'
  ...
# Subtest: generated docs follow canonical command and version changes
ok 48 - generated docs follow canonical command and version changes
  ---
  duration_ms: 0.7522
  type: 'test'
  ...
# Subtest: repair preserves authored prose, is idempotent, and refuses ambiguous blocks
ok 49 - repair preserves authored prose, is idempotent, and refuses ambiguous blocks
  ---
  duration_ms: 0.5317
  type: 'test'
  ...
# Subtest: Windows CRLF checkout is not mistaken for documentation drift
ok 50 - Windows CRLF checkout is not mistaken for documentation drift
  ---
  duration_ms: 0.21
  type: 'test'
  ...
1..50
# tests 50
# suites 0
# pass 50
# fail 0
# cancelled 0
# skipped 0
# todo 0
# duration_ms 26215.3214
