$ node --test --test-concurrency=2 --test-timeout=180000 scenarios/repo-steward/steward.test.mjs scenarios/repo-steward/actions.test.mjs scenarios/repo-steward/recurring-audit.test.mjs scenarios/repo-steward/feedback.test.mjs scenarios/repo-steward/maintenance.test.mjs scenarios/repo-steward/feedback-cli.test.mjs
✔ Actions preview performs no live reads or summary publication (2.1055ms)
✔ Actions fixture uses the real auditor without GitHub access (35.1718ms)
✔ invalid workflow input is rejected during preview without data access (1.4437ms)
✔ hosted live mode rejects non-Actions host before reading data (0.3862ms)
✔ hosted live mode rejects PR event before reading data (1.1353ms)
✔ hosted live mode rejects another repository before reading data (0.2604ms)
✔ hosted live mode rejects feature branch before reading data (0.4291ms)
✔ hosted live mode rejects another actor before reading data (0.2169ms)
✔ hosted live mode rejects another rerun operator before reading data (0.3222ms)
✔ hosted live mode rejects missing triggering actor before reading data (0.4745ms)
✔ hosted live mode rejects missing source commit before reading data (0.4349ms)
✔ hosted live mode rejects disabled pilot before reading data (0.1715ms)
✔ hosted live mode rejects unapproved public summary before reading data (0.1355ms)
✔ hosted live mode rejects missing credential before reading data (0.123ms)
✔ hosted live mode rejects blank credential before reading data (0.1547ms)
✔ hosted live mode rejects write-enabled configuration before reading data (0.1291ms)
✔ GITHUB_TOKEN does not substitute for Project-readable credentials (0.2021ms)
✔ an admitted live path collects once and retains zero mutations (5.9023ms)
✔ collector failure does not produce a successful report (0.3262ms)
✔ stale hosted snapshots fail instead of publishing old findings (6.0585ms)
✔ public summaries never include free-form source or evidence text (8.4433ms)
✔ summary rejects unknown rule (6.7417ms)
✔ summary rejects bad finding id (6.7918ms)
✔ summary rejects foreign reference (5.1119ms)
✔ summary rejects mutation claim (7.4291ms)
✔ summary rejects wrong scope (6.881ms)
✔ summary rejects invalid timestamp (6.1523ms)
✔ summary rejects bad totals (5.1126ms)
✔ public finding index is bounded without copying omitted details (5.5133ms)
✔ every configured fixture rule has an explicit publication review (6.0635ms)
✔ summary file writes remain inside a supplied native temporary directory (26.7563ms)
✔ Actions CLI rejects unsupported arguments --apply (0.2652ms)
✔ Actions CLI rejects unsupported arguments --live (0.15ms)
✔ Actions CLI rejects unsupported arguments --live (0.1448ms)
✔ actual fixture CLI needs no hosted secrets or Teams SDK (242.3357ms)
✔ manual workflow keeps first-party actions pinned and live credentials isolated (16.743ms)
✔ feedback CLI rejects unsupported, missing and duplicate transition arguments (3.2856ms)
✔ new-file corpus output preserves the previous version and refuses overwrite (31.4313ms)
✔ initializing a corpus binds the validated input scope without changing its snapshot (53.2863ms)
✔ partial snapshot cannot create a corpus file (33.3102ms)
✔ redirected output parent is refused without writing through it (7.8763ms)
✔ review evidence must be a file and cannot use a directory as a digest source (55.2902ms)
✔ review CLI records the exact binary digest and closes its descriptor (108.1361ms)
✔ same-size review replacement between metadata check and open cannot update a corpus (40.6709ms)
✔ review parent swapped for a symlink or junction before open is rejected (59.1234ms)
✔ same-size pathname replacement after descriptor read is rejected (48.9163ms)
✔ same-size in-place review rewrite cannot hide behind a restored modification time (41.3034ms)
✔ review growth after open stays within its original byte bound and is rejected (46.9009ms)
✔ bounded review reads handle partial reads and reject empty or oversized files (25.6338ms)
✔ native behavioral evidence remains candidate with original local source and no finding impersonation (77.3893ms)
✔ native behavioral activation is denied for mixed support and forged active or retired history (53.2505ms)
✔ native behavioral candidates can be rejected without widening legacy review authority (60.8707ms)
✔ native behavioral bytes, identity claims, source and repeated runs remain validated (150.4186ms)
✔ evidence binds actual audit finding and supplied snapshot without certifying collection or identity (16.1964ms)
✔ accepted missing Project status binds the native serialized report and finding in evidence and observations (63.1911ms)
✔ auditor optional-field normalization retains strict data-only feedback and report validation (84.8965ms)
✔ timestamp-only or unrelated snapshot changes do not manufacture repeated supporting evidence (40.8223ms)
✔ partial, cross-scope, stale or missing findings cannot become feedback evidence (21.7778ms)
✔ feedback source pins accept exactly 40 or 64 hexadecimal characters, including supplied evidence (101.5841ms)
✔ candidate, active and retired versions preserve their inputs and have exact transition digests (27.8049ms)
✔ one observation, fabricated evidence bytes and replayed reviews cannot activate a rule (87.834ms)
✔ reviewer labels and claimed approval booleans do not supply verified review authority (28.2053ms)
✔ explicit rejection remains terminal and contributes no advice (39.2607ms)
✔ prospective expiry is mandatory, bounded, and effective at the exact boundary (137.7608ms)
✔ active capacity cannot expand and supersession retires only the exact predecessor (98.4997ms)
✔ supersession rejects stale targets and cannot cross finding rules (67.6602ms)
✔ active guidance annotates only matching findings without hiding or changing original conclusions (34.2583ms)
✔ broad matching admits at most the finite annotation limit and never truncates an excessive report (409.6786ms)
✔ serialized output bytes are admitted before escaped guidance and evidence references fan out (119.116ms)
✔ later audits honor activation and retirement while the original report stays identical (66.1251ms)
✔ unknown executable, suppression, assignment and permission options are rejected (277.6647ms)
✔ stale reports, foreign scope and altered evidence fail closed (44.0868ms)
✔ canonical digests ignore property insertion order but reject executable and non-finite data (0.5362ms)
✔ reusable corpus validation preserves input and rejects authority claims or altered guidance (27.5979ms)
✔ explicit collector profile requires a hash and cannot relabel a supplied snapshot (4.8406ms)
✔ recurrence requires finite explicit bounds before reading any input (1.1129ms)
✔ finite recurrence reloads snapshot and feedback on every cycle (2.9377ms)
✔ paused and stopped records prevent collection and input reads (2.4512ms)
✔ exhausted persisted attempts reject before snapshot, feedback or live collection (3.3751ms)
✔ watch admits the final allowed attempt and then stops before collecting another snapshot (1.7183ms)
✔ source mismatch refuses before reading snapshot or feedback (1.3623ms)
✔ a failed cycle stops recurrence without retrying or losing the failure (1.7382ms)
✔ first snapshot acquisition failure retains one sanitized failed attempt (453.2759ms)
✔ later corpus acquisition failure preserves earlier accepted evidence and consumes one attempt (1140.4164ms)
✔ live acquisition failure is retained once without raw error text or a retry (523.9918ms)
✔ pause and stop during failed acquisition remain effective without a new admitted attempt (3755.3206ms)
✔ deadline crossing during failed acquisition prevents late attempt admission (1.4732ms)
✔ interruption during failed acquisition prevents a new admitted attempt (1.1826ms)
✔ duration bounds stop admission after collection without writing a late result (1.1485ms)
✔ interruption during an interval exits without another audit (1.3522ms)
✔ control commands delegate exact action, source and reason without collecting (3.6794ms)
✔ status exposes bounded metadata and no retained finding text (1.1072ms)
✔ one audit writes source-bound immutable private reports and an advisory handoff (790.3692ms)
✔ fresh capture timestamps and transport metrics alone produce no new report or proposal across restart (1240.1547ms)
✔ live state binds the exact selected principal and profile through restart and controls (4605.2439ms)
✔ profile metadata cannot convert supplied evidence or a different live principal into accepted observations (462.8576ms)
✔ changed scoped content produces a new receipt while retaining stable finding dedupe (781.3081ms)
✔ resolved findings are recorded without claiming a remote correction (881.9709ms)
✔ stale input fails and preserves a failed attempt, never reusing previous success (952.5266ms)
✔ future input fails and preserves a failed attempt, never reusing previous success (886.3115ms)
✔ incomplete input fails and preserves a failed attempt, never reusing previous success (821.9391ms)
✔ source drift fails and preserves a failed attempt, never reusing previous success (914.5332ms)
✔ changing the caller source pin cannot migrate an existing directory (619.7156ms)
✔ pause prevents input use, resume retains dedupe, and stop cannot resume (3208.1097ms)
✔ concurrent cycles have one winner and never create duplicate accepted receipts (644.2244ms)
✔ retained locks fail closed without PID reuse or timeout-based recovery (25.0333ms)
✔ incomplete intent and rollback to an older checkpoint refuse replay (835.2935ms)
✔ tampered referenced artifacts are rejected and preserved (463.8844ms)
✔ output-directory redirection refuses writes through a symlink or junction (16.776ms)
✔ an unexpected output file is retained, not overwritten or removed (28.7933ms)
✔ status rejects unexpected files in initialized state before accepting its control projection (347.7973ms)
✔ missing, traversal-style and incomplete control requests do not create authority (4.6979ms)
✔ live source claims retain the existing collector identity and zero-write metadata (358.5033ms)
✔ finite convenience API has explicit bounds and performs no scheduling (1117.9747ms)
✔ state and artifact redirection are not followed on read (326.753ms)
✔ alter of earlier history is detected after a newer successful cycle (896.6387ms)
✔ delete of earlier history is detected after a newer successful cycle (875.8079ms)
✔ changed implementation pins fail before a new intent is written (518.6373ms)
✔ a directory replaced while a caller holds its lock cannot redirect any artifact write (452.4302ms)
✔ actual corpus activation and retirement change only separately bound advisory output (1948.3544ms)
✔ expiry invalidates cached advisory annotations even without corpus byte changes (820.5959ms)
✔ mixed retained controls and new cycles enforce one transition bound with a reserved terminal stop (84018.1473ms)
✔ accepted snapshots with omitted optional metadata produce parseable JSON artifacts and replay (584.2415ms)
✔ optional auditor metadata works through the real feedback evidence and recurring consumer bridge (642.7115ms)
✔ policy has the ten requested workstreams and never assigns people (5.7418ms)
✔ classification supports Multiplayer (10.4992ms)
✔ classification supports UX/UI (2.975ms)
✔ classification supports Multi-system execution (1.7443ms)
✔ classification supports Janitor (1.9714ms)
✔ classification supports Dynamic agent teams (2.099ms)
✔ classification supports DevOps/PR review/branch protection (1.9374ms)
✔ classification supports Security (1.7466ms)
✔ classification supports Agent communication layer (1.9727ms)
✔ classification supports Dark factory automation (2.0466ms)
✔ classification supports Backend scalability / pub-sub (1.7688ms)
✔ classification preserves labels and assignees (18.1626ms)
✔ UX alias means UX/UI (23.6187ms)
✔ an unassigned issue is not a violation (8.1643ms)
✔ full fixture audit has zero mutations and catches closing-link conflict (8.8667ms)
✔ non-closing prose overrides no native link, not unrelated partial references (7.3404ms)
✔ explicit do-not-close linked issue is flagged (9.8344ms)
✔ closed unmerged PR does not close an open issue (9.1402ms)
✔ reopened issue remains open after a historical merged PR (6.2966ms)
✔ no automatic close for several partial PRs (7.2926ms)
✔ only explicit dependency section is interpreted (0.3256ms)
✔ code fences and quoted references are not dependency authority (0.3397ms)
✔ native/text dependency disagreement is flagged (7.6541ms)
✔ matching dependencies do not produce a mismatch (7.5145ms)
✔ dependency cycles are bounded and reported once (7.4464ms)
✔ parent hierarchy mismatch and cycle are detected (7.4335ms)
✔ outside-scope dependency is not fetched or treated as complete (6.5592ms)
✔ missing local dependency is unverified, not closed (6.3312ms)
✔ open issue marked Done is flagged without changing the board (6.691ms)
✔ unknown workstream is a review hint, not a rename (6.4669ms)
✔ locked default branch is flagged, without bypass (6.6816ms)
✔ stale PR source head is reported (6.9272ms)
✔ current independent review is accepted as evidence (7.3886ms)
✔ author approval is not current independent human approval (7.1502ms)
✔ bot approval is not current independent human approval (6.9326ms)
✔ old-head approval is not current independent human approval (5.8949ms)
✔ later comment does not erase a valid prior approval (5.2738ms)
✔ failed checks and requested changes are surfaced (6.7603ms)
✔ missing checks are not a success (6.4433ms)
✔ stale snapshots are labeled (7.0596ms)
✔ future snapshots fail closed (2.4438ms)
✔ finding IDs are stable across repeated reads (11.9531ms)
✔ reported secrets are redacted and Markdown is escaped (16.2746ms)
✔ refuses: assign #50 to example-user (8.2194ms)
✔ refuses: label #50 multiplayer (7.002ms)
✔ refuses: close #50 (8.1136ms)
✔ refuses: merge PR #237 (6.7399ms)
✔ refuses: enable auto-merge (7.6233ms)
✔ refuses: delete a branch (8.2485ms)
✔ refuses: approve PR #237 (7.977ms)
✔ refuses: can you change the rules (5.1512ms)
✔ question answers use recorded evidence and canonical references (6.7449ms)
✔ reverse dependency questions list dependents (7.346ms)
✔ unknown questions ask for clarification (5.6813ms)
✔ untrusted instruction text grants no tools (8.1834ms)
✔ snapshot rejects wrong repo (1.7951ms)
✔ snapshot rejects wrong project (1.7267ms)
✔ snapshot rejects partial coverage (1.3513ms)
✔ snapshot rejects wrong count (1.7773ms)
✔ snapshot rejects duplicate issue (1.5137ms)
✔ snapshot rejects hostile URL (1.343ms)
✔ snapshot rejects hidden project item (1.6901ms)
✔ snapshot rejects cross-repo item (1.5071ms)
✔ snapshot rejects duplicate project item (1.3746ms)
✔ snapshot rejects oversized body (1.5875ms)
✔ collector completes two matching passes with no writes (7.0205ms)
✔ collector rejects issue drift between passes (4.5714ms)
✔ collector rejects incomplete nested dependencies (1.6987ms)
✔ collector rejects a changed PR head/check binding (2.0392ms)
✔ collector rejects repeated pagination cursors (1.6507ms)
✔ collector rejects inaccessible connection entries (0.2243ms)
✔ read client verifies Bakar404 and never switches accounts (1.9932ms)
✔ explicit hash-pinned read principal does not change the pilot or read allowlist (30.276ms)
✔ collector profile rejects changed scope or unsupported fields: repository (23.6228ms)
✔ collector profile rejects changed scope or unsupported fields: project_id (22.1355ms)
✔ collector profile rejects changed scope or unsupported fields: project_number (23.9818ms)
✔ collector profile rejects changed scope or unsupported fields: token (23.0761ms)
✔ collector profile rejects changed scope or unsupported fields: url (25.0251ms)
✔ collector profile rejects changed scope or unsupported fields: collector_login (26.2301ms)
✔ collector profile rejects wrong hashes, changed bytes and duplicate keys (80.8936ms)
✔ profiled collection records the actual principal and rejects identity or profile drift (66.5142ms)
✔ read client exposes no arbitrary query or write operation (1.9239ms)
✔ GraphQL cursor remains data, not executable query text (2.2894ms)
✔ GraphQL errors do not become accepted partial data (2.2301ms)
✔ GraphQL reserve prevents further reads (1.4951ms)
✔ collection has an elapsed-time bound (1.2054ms)
✔ dry run uses neither network nor output files (1.6679ms)
✔ CLI rejects apply (0.206ms)
✔ CLI rejects audit --fixture --live (0.1475ms)
✔ CLI rejects audit --fixture --out ../escape.json (0.1966ms)
✔ CLI rejects audit --dry-run --out file.json (0.147ms)
✔ CLI rejects audit --fixture --assign example-user (0.1352ms)
✔ CLI rejects ask --fixture (0.1325ms)
✔ actual CLI dry run works from another directory and has no network intent (225.4929ms)
✔ test chat prepares an evidence-based reply without sending it (8.8612ms)
✔ test chat rejects wrong tenant (0.6031ms)
✔ test chat rejects wrong group (0.2332ms)
✔ test chat rejects personal chat (0.2244ms)
✔ test chat rejects other channel (0.2141ms)
✔ test chat ignores messages without a mention (0.2179ms)
✔ test chat ignores its own messages (0.2024ms)
✔ test chat refuses mutation requests (7.7926ms)
✔ no production mode or implicit binding (0.312ms)
ℹ tests 227
ℹ suites 0
ℹ pass 227
ℹ fail 0
ℹ cancelled 0
ℹ skipped 0
ℹ todo 0
ℹ duration_ms 114455.3191
