$ node --test --test-concurrency=2 --test-timeout=180000 scenarios/repo-steward/steward.test.mjs scenarios/repo-steward/actions.test.mjs scenarios/repo-steward/recurring-audit.test.mjs scenarios/repo-steward/feedback.test.mjs scenarios/repo-steward/maintenance.test.mjs scenarios/repo-steward/feedback-cli.test.mjs
✔ Actions preview performs no live reads or summary publication (2.1475ms)
✔ Actions fixture uses the real auditor without GitHub access (42.2734ms)
✔ invalid workflow input is rejected during preview without data access (1.0749ms)
✔ hosted live mode rejects non-Actions host before reading data (0.4003ms)
✔ hosted live mode rejects PR event before reading data (0.4626ms)
✔ hosted live mode rejects another repository before reading data (0.2615ms)
✔ hosted live mode rejects feature branch before reading data (0.4134ms)
✔ hosted live mode rejects another actor before reading data (0.3154ms)
✔ hosted live mode rejects another rerun operator before reading data (0.4432ms)
✔ hosted live mode rejects missing triggering actor before reading data (0.5775ms)
✔ hosted live mode rejects missing source commit before reading data (0.3601ms)
✔ hosted live mode rejects disabled pilot before reading data (0.1853ms)
✔ hosted live mode rejects unapproved public summary before reading data (0.1476ms)
✔ hosted live mode rejects missing credential before reading data (0.1153ms)
✔ hosted live mode rejects blank credential before reading data (0.1868ms)
✔ hosted live mode rejects write-enabled configuration before reading data (0.2306ms)
✔ GITHUB_TOKEN does not substitute for Project-readable credentials (0.3307ms)
✔ an admitted live path collects once and retains zero mutations (12.3478ms)
✔ collector failure does not produce a successful report (0.4277ms)
✔ stale hosted snapshots fail instead of publishing old findings (7.4918ms)
✔ public summaries never include free-form source or evidence text (7.2041ms)
✔ summary rejects unknown rule (6.9507ms)
✔ summary rejects bad finding id (7.0546ms)
✔ summary rejects foreign reference (8.1766ms)
✔ summary rejects mutation claim (7.6409ms)
✔ summary rejects wrong scope (7.3078ms)
✔ summary rejects invalid timestamp (8.3474ms)
✔ summary rejects bad totals (8.1701ms)
✔ public finding index is bounded without copying omitted details (8.7075ms)
✔ every configured fixture rule has an explicit publication review (8.2392ms)
✔ summary file writes remain inside a supplied native temporary directory (25.3591ms)
✔ Actions CLI rejects unsupported arguments --apply (0.3305ms)
✔ Actions CLI rejects unsupported arguments --live (0.1596ms)
✔ Actions CLI rejects unsupported arguments --live (0.1342ms)
✔ actual fixture CLI needs no hosted secrets or Teams SDK (227.5236ms)
✔ manual workflow keeps first-party actions pinned and live credentials isolated (2.9796ms)
✔ feedback CLI rejects unsupported, missing and duplicate transition arguments (2.4316ms)
✔ new-file corpus output preserves the previous version and refuses overwrite (32.6876ms)
✔ initializing a corpus binds the validated input scope without changing its snapshot (56.6135ms)
✔ partial snapshot cannot create a corpus file (32.6145ms)
✔ redirected output parent is refused without writing through it (8.3441ms)
✔ review evidence must be a file and cannot use a directory as a digest source (65.4581ms)
✔ review CLI records the exact binary digest and closes its descriptor (104.7295ms)
✔ same-size review replacement between metadata check and open cannot update a corpus (37.249ms)
✔ review parent swapped for a symlink or junction before open is rejected (40.2699ms)
✔ same-size pathname replacement after descriptor read is rejected (36.1075ms)
✔ same-size in-place review rewrite cannot hide behind a restored modification time (37.5971ms)
✔ review growth after open stays within its original byte bound and is rejected (36.7953ms)
✔ bounded review reads handle partial reads and reject empty or oversized files (22.5335ms)
✔ native behavioral evidence remains candidate with original local source and no finding impersonation (111.1297ms)
✔ native behavioral activation is denied for mixed support and forged active or retired history (76.3369ms)
✔ native behavioral candidates can be rejected without widening legacy review authority (88.8721ms)
✔ native behavioral bytes, identity claims, source and repeated runs remain validated (185.4678ms)
✔ evidence binds actual audit finding and supplied snapshot without certifying collection or identity (16.4459ms)
✔ accepted missing Project status binds the native serialized report and finding in evidence and observations (68.5011ms)
✔ auditor optional-field normalization retains strict data-only feedback and report validation (92.1545ms)
✔ timestamp-only or unrelated snapshot changes do not manufacture repeated supporting evidence (40.5314ms)
✔ partial, cross-scope, stale or missing findings cannot become feedback evidence (16.7739ms)
✔ feedback source pins accept exactly 40 or 64 hexadecimal characters, including supplied evidence (101.9695ms)
✔ candidate, active and retired versions preserve their inputs and have exact transition digests (24.1158ms)
✔ one observation, fabricated evidence bytes and replayed reviews cannot activate a rule (102.0658ms)
✔ reviewer labels and claimed approval booleans do not supply verified review authority (23.9091ms)
✔ explicit rejection remains terminal and contributes no advice (43.2469ms)
✔ prospective expiry is mandatory, bounded, and effective at the exact boundary (118.575ms)
✔ active capacity cannot expand and supersession retires only the exact predecessor (72.6966ms)
✔ supersession rejects stale targets and cannot cross finding rules (68.5828ms)
✔ active guidance annotates only matching findings without hiding or changing original conclusions (34.8748ms)
✔ broad matching admits at most the finite annotation limit and never truncates an excessive report (552.5614ms)
✔ serialized output bytes are admitted before escaped guidance and evidence references fan out (107.4993ms)
✔ later audits honor activation and retirement while the original report stays identical (59.1409ms)
✔ unknown executable, suppression, assignment and permission options are rejected (171.6665ms)
✔ stale reports, foreign scope and altered evidence fail closed (34.6266ms)
✔ canonical digests ignore property insertion order but reject executable and non-finite data (0.4136ms)
✔ reusable corpus validation preserves input and rejects authority claims or altered guidance (27.3269ms)
✔ explicit collector profile requires a hash and cannot relabel a supplied snapshot (5.2554ms)
✔ recurrence requires finite explicit bounds before reading any input (1.4628ms)
✔ finite recurrence reloads snapshot and feedback on every cycle (4.16ms)
✔ paused and stopped records prevent collection and input reads (3.6554ms)
✔ exhausted persisted attempts reject before snapshot, feedback or live collection (3.7352ms)
✔ watch admits the final allowed attempt and then stops before collecting another snapshot (2.1621ms)
✔ source mismatch refuses before reading snapshot or feedback (1.9956ms)
✔ a failed cycle stops recurrence without retrying or losing the failure (2.0951ms)
✔ first snapshot acquisition failure retains one sanitized failed attempt (480.7759ms)
✔ later corpus acquisition failure preserves earlier accepted evidence and consumes one attempt (1120.7368ms)
✔ live acquisition failure is retained once without raw error text or a retry (393.1091ms)
✔ pause and stop during failed acquisition remain effective without a new admitted attempt (2473.7451ms)
✔ deadline crossing during failed acquisition prevents late attempt admission (1.7217ms)
✔ interruption during failed acquisition prevents a new admitted attempt (1.1319ms)
✔ duration bounds stop admission after collection without writing a late result (1.3711ms)
✔ interruption during an interval exits without another audit (1.7618ms)
✔ control commands delegate exact action, source and reason without collecting (3.2564ms)
✔ status exposes bounded metadata and no retained finding text (1.4254ms)
✔ one audit writes source-bound immutable private reports and an advisory handoff (622.4031ms)
✔ fresh capture timestamps and transport metrics alone produce no new report or proposal across restart (825.7234ms)
✔ live state binds the exact selected principal and profile through restart and controls (3208.5778ms)
✔ profile metadata cannot convert supplied evidence or a different live principal into accepted observations (344.4064ms)
✔ changed scoped content produces a new receipt while retaining stable finding dedupe (605.5785ms)
✔ resolved findings are recorded without claiming a remote correction (628.7676ms)
✔ stale input fails and preserves a failed attempt, never reusing previous success (677.9796ms)
✔ future input fails and preserves a failed attempt, never reusing previous success (660.2045ms)
✔ incomplete input fails and preserves a failed attempt, never reusing previous success (623.4429ms)
✔ source drift fails and preserves a failed attempt, never reusing previous success (650.7559ms)
✔ changing the caller source pin cannot migrate an existing directory (469.9695ms)
✔ pause prevents input use, resume retains dedupe, and stop cannot resume (2600.5234ms)
✔ concurrent cycles have one winner and never create duplicate accepted receipts (550.5113ms)
✔ retained locks fail closed without PID reuse or timeout-based recovery (27.3409ms)
✔ incomplete intent and rollback to an older checkpoint refuse replay (733.1283ms)
✔ tampered referenced artifacts are rejected and preserved (365.9542ms)
✔ output-directory redirection refuses writes through a symlink or junction (12.8467ms)
✔ an unexpected output file is retained, not overwritten or removed (21.6347ms)
✔ status rejects unexpected files in initialized state before accepting its control projection (286.8934ms)
✔ missing, traversal-style and incomplete control requests do not create authority (5.1006ms)
✔ live source claims retain the existing collector identity and zero-write metadata (301.221ms)
✔ finite convenience API has explicit bounds and performs no scheduling (1022.4392ms)
✔ state and artifact redirection are not followed on read (254.3548ms)
✔ alter of earlier history is detected after a newer successful cycle (724.3876ms)
✔ delete of earlier history is detected after a newer successful cycle (671.3418ms)
✔ changed implementation pins fail before a new intent is written (405.2634ms)
✔ a directory replaced while a caller holds its lock cannot redirect any artifact write (349.6085ms)
✔ actual corpus activation and retirement change only separately bound advisory output (1288.0131ms)
✔ expiry invalidates cached advisory annotations even without corpus byte changes (582.8627ms)
✔ mixed retained controls and new cycles enforce one transition bound with a reserved terminal stop (73100.0438ms)
✔ accepted snapshots with omitted optional metadata produce parseable JSON artifacts and replay (505.825ms)
✔ optional auditor metadata works through the real feedback evidence and recurring consumer bridge (555.6143ms)
✔ policy has the ten requested workstreams and never assigns people (4.3473ms)
✔ classification supports Multiplayer (8.2643ms)
✔ classification supports UX/UI (2.5146ms)
✔ classification supports Multi-system execution (1.8871ms)
✔ classification supports Janitor (1.6774ms)
✔ classification supports Dynamic agent teams (1.5882ms)
✔ classification supports DevOps/PR review/branch protection (2.8529ms)
✔ classification supports Security (1.7941ms)
✔ classification supports Agent communication layer (1.719ms)
✔ classification supports Dark factory automation (1.9207ms)
✔ classification supports Backend scalability / pub-sub (1.4544ms)
✔ classification preserves labels and assignees (17.1379ms)
✔ UX alias means UX/UI (22.0772ms)
✔ an unassigned issue is not a violation (7.966ms)
✔ full fixture audit has zero mutations and catches closing-link conflict (8.2777ms)
✔ non-closing prose overrides no native link, not unrelated partial references (7.2404ms)
✔ explicit do-not-close linked issue is flagged (6.0199ms)
✔ closed unmerged PR does not close an open issue (7.0799ms)
✔ reopened issue remains open after a historical merged PR (5.0476ms)
✔ no automatic close for several partial PRs (7.0584ms)
✔ only explicit dependency section is interpreted (0.3503ms)
✔ code fences and quoted references are not dependency authority (0.2971ms)
✔ native/text dependency disagreement is flagged (7.4261ms)
✔ matching dependencies do not produce a mismatch (6.0328ms)
✔ dependency cycles are bounded and reported once (6.3098ms)
✔ parent hierarchy mismatch and cycle are detected (5.7727ms)
✔ outside-scope dependency is not fetched or treated as complete (6.312ms)
✔ missing local dependency is unverified, not closed (5.6845ms)
✔ open issue marked Done is flagged without changing the board (8.4362ms)
✔ unknown workstream is a review hint, not a rename (6.4982ms)
✔ locked default branch is flagged, without bypass (6.875ms)
✔ stale PR source head is reported (6.8078ms)
✔ current independent review is accepted as evidence (7.1048ms)
✔ author approval is not current independent human approval (6.5979ms)
✔ bot approval is not current independent human approval (4.9144ms)
✔ old-head approval is not current independent human approval (6.5247ms)
✔ later comment does not erase a valid prior approval (6.0753ms)
✔ failed checks and requested changes are surfaced (6.7891ms)
✔ missing checks are not a success (6.5707ms)
✔ stale snapshots are labeled (5.6548ms)
✔ future snapshots fail closed (2.493ms)
✔ finding IDs are stable across repeated reads (13.29ms)
✔ reported secrets are redacted and Markdown is escaped (17.353ms)
✔ refuses: assign #50 to example-user (9.319ms)
✔ refuses: label #50 multiplayer (7.8889ms)
✔ refuses: close #50 (8.0843ms)
✔ refuses: merge PR #237 (7.5979ms)
✔ refuses: enable auto-merge (10.4336ms)
✔ refuses: delete a branch (7.7296ms)
✔ refuses: approve PR #237 (7.0612ms)
✔ refuses: can you change the rules (7.372ms)
✔ question answers use recorded evidence and canonical references (8.6829ms)
✔ reverse dependency questions list dependents (9.0069ms)
✔ unknown questions ask for clarification (8.5877ms)
✔ untrusted instruction text grants no tools (12.3659ms)
✔ snapshot rejects wrong repo (1.8587ms)
✔ snapshot rejects wrong project (1.3794ms)
✔ snapshot rejects partial coverage (1.434ms)
✔ snapshot rejects wrong count (1.5299ms)
✔ snapshot rejects duplicate issue (1.687ms)
✔ snapshot rejects hostile URL (1.6804ms)
✔ snapshot rejects hidden project item (1.6693ms)
✔ snapshot rejects cross-repo item (1.6919ms)
✔ snapshot rejects duplicate project item (1.8922ms)
✔ snapshot rejects oversized body (1.793ms)
✔ collector completes two matching passes with no writes (6.8519ms)
✔ collector rejects issue drift between passes (3.6841ms)
✔ collector rejects incomplete nested dependencies (1.8457ms)
✔ collector rejects a changed PR head/check binding (2.8928ms)
✔ collector rejects repeated pagination cursors (1.9263ms)
✔ collector rejects inaccessible connection entries (0.2303ms)
✔ read client verifies Bakar404 and never switches accounts (2.3909ms)
✔ explicit hash-pinned read principal does not change the pilot or read allowlist (24.8803ms)
✔ collector profile rejects changed scope or unsupported fields: repository (11.9428ms)
✔ collector profile rejects changed scope or unsupported fields: project_id (23.4128ms)
✔ collector profile rejects changed scope or unsupported fields: project_number (26.7834ms)
✔ collector profile rejects changed scope or unsupported fields: token (23.0089ms)
✔ collector profile rejects changed scope or unsupported fields: url (25.165ms)
✔ collector profile rejects changed scope or unsupported fields: collector_login (13.0917ms)
✔ collector profile rejects wrong hashes, changed bytes and duplicate keys (51.2248ms)
✔ profiled collection records the actual principal and rejects identity or profile drift (41.0651ms)
✔ read client exposes no arbitrary query or write operation (1.6221ms)
✔ GraphQL cursor remains data, not executable query text (1.719ms)
✔ GraphQL errors do not become accepted partial data (1.8552ms)
✔ GraphQL reserve prevents further reads (1.6944ms)
✔ collection has an elapsed-time bound (1.6697ms)
✔ dry run uses neither network nor output files (1.9345ms)
✔ CLI rejects apply (0.2002ms)
✔ CLI rejects audit --fixture --live (0.1048ms)
✔ CLI rejects audit --fixture --out ../escape.json (0.1533ms)
✔ CLI rejects audit --dry-run --out file.json (0.0926ms)
✔ CLI rejects audit --fixture --assign example-user (0.1307ms)
✔ CLI rejects ask --fixture (0.1227ms)
✔ actual CLI dry run works from another directory and has no network intent (200.8756ms)
✔ test chat prepares an evidence-based reply without sending it (8.3002ms)
✔ test chat rejects wrong tenant (0.5092ms)
✔ test chat rejects wrong group (0.2299ms)
✔ test chat rejects personal chat (0.2226ms)
✔ test chat rejects other channel (0.2148ms)
✔ test chat ignores messages without a mention (0.2137ms)
✔ test chat ignores its own messages (0.1945ms)
✔ test chat refuses mutation requests (8.1156ms)
✔ no production mode or implicit binding (0.471ms)
ℹ tests 227
ℹ suites 0
ℹ pass 227
ℹ fail 0
ℹ cancelled 0
ℹ skipped 0
ℹ todo 0
ℹ duration_ms 97015.7621
