{
  "head": "16f4fb5ec0a179541b9aac9100fd5c3def149162",
  "tested_staged_tree": "c97338af9bb83055a493fc4f38f7047b79fd1418",
  "command": [
    "node",
    "--test",
    "--test-concurrency=2",
    ".github/skills/code-review/tests/package.test.mjs",
    ".github/skills/code-review/tests/executor-snapshot.test.mjs",
    ".github/skills/code-review/tests/executor-state.test.mjs"
  ],
  "node": "v24.21.0",
  "started_at_utc": "2026-09-23T04:02:08.9770853+00:00",
  "status": "passed",
  "exit_code": 0,
  "staged_tree_after": "c97338af9bb83055a493fc4f38f7047b79fd1418",
  "unstaged": [],
  "log_sha256": "a57bef2c523d2c6a40d9167475a306959796ac6a583c6364a855eab5d8741ebc",
  "finished_at_utc": "2026-09-23T04:28:26.5473293+00:00"
}
