{
  "kind": "behavioral-red",
  "log_sha256": "e6e636e1edfea154f4673c06a4ab6fc1ca16fe564cea97f52f4da5a7500cc453",
  "exit_code": 1,
  "source_head": "16f4fb5ec0a179541b9aac9100fd5c3def149162",
  "finished_at_utc": "2026-09-23T04:00:36.7547543+00:00",
  "inputs": [
    {
      "path": ".github/skills/code-review/scripts/executor-snapshot.mjs",
      "sha256": "6537ff60267399c2c484f672d26f66a0ca63755010d91433eccb33fe92c5681a"
    },
    {
      "path": ".github/skills/code-review/scripts/executor-state.mjs",
      "sha256": "2a3b9175cde3cfe61749d97999b6c423ec4ec7c331c24cda0c8a3eeb16ebf291"
    },
    {
      "path": ".github/skills/code-review/tests/executor-snapshot.test.mjs",
      "sha256": "488327c515f08a33f98d5b9fa9ac546023c581732a0e077294791b4f7d9dc739"
    },
    {
      "path": ".github/skills/code-review/tests/executor-state.test.mjs",
      "sha256": "ebb883cd822eaa2c2d05cfdaa276bbf433f56a344450006566bd0f7599c06dec"
    }
  ],
  "pr": 304
}
