{
  "kind": "behavioral-green",
  "exit_code": 0,
  "inputs": [
    {
      "sha256": "48862434a24394276e800dc984d7d955511d0890d722a60dee0bfbb92b164147",
      "path": ".github/skills/code-review/scripts/git-ref.mjs"
    },
    {
      "sha256": "08eee69b9024aaeb80cce90b707a20126a89098214dbcbc524d6587cfb9146b7",
      "path": ".github/skills/code-review/scripts/executor-snapshot.mjs"
    },
    {
      "sha256": "4dd304e283f9dc2a6bb131349ff9f4141432ab1e80b56787b97fe7561bc2846d",
      "path": ".github/skills/code-review/scripts/executor-state.mjs"
    },
    {
      "sha256": "488327c515f08a33f98d5b9fa9ac546023c581732a0e077294791b4f7d9dc739",
      "path": ".github/skills/code-review/tests/executor-snapshot.test.mjs"
    },
    {
      "sha256": "ebb883cd822eaa2c2d05cfdaa276bbf433f56a344450006566bd0f7599c06dec",
      "path": ".github/skills/code-review/tests/executor-state.test.mjs"
    }
  ],
  "source_head": "16f4fb5ec0a179541b9aac9100fd5c3def149162",
  "pr": 304,
  "log_sha256": "3a097726ad15da6c5b51bf0c8067d056b4152ce69d4b08d0adeaeb18ea370859",
  "finished_at_utc": "2026-09-23T04:01:19.1750444+00:00"
}
