$ node --test --test-concurrency=2 --test-timeout=180000 scenarios/repo-steward/steward.test.mjs scenarios/repo-steward/actions.test.mjs scenarios/repo-steward/recurring-audit.test.mjs scenarios/repo-steward/feedback.test.mjs scenarios/repo-steward/maintenance.test.mjs scenarios/repo-steward/feedback-cli.test.mjs
✔ Actions preview performs no live reads or summary publication (1.7911ms)
✔ Actions fixture uses the real auditor without GitHub access (27.9186ms)
✔ invalid workflow input is rejected during preview without data access (0.9702ms)
✔ hosted live mode rejects non-Actions host before reading data (0.3835ms)
✔ hosted live mode rejects PR event before reading data (0.9069ms)
✔ hosted live mode rejects another repository before reading data (0.1797ms)
✔ hosted live mode rejects feature branch before reading data (0.302ms)
✔ hosted live mode rejects another actor before reading data (0.1823ms)
✔ hosted live mode rejects another rerun operator before reading data (0.2488ms)
✔ hosted live mode rejects missing triggering actor before reading data (0.3991ms)
✔ hosted live mode rejects missing source commit before reading data (0.2735ms)
✔ hosted live mode rejects disabled pilot before reading data (0.1583ms)
✔ hosted live mode rejects unapproved public summary before reading data (0.1314ms)
✔ hosted live mode rejects missing credential before reading data (0.1195ms)
✔ hosted live mode rejects blank credential before reading data (0.1444ms)
✔ hosted live mode rejects write-enabled configuration before reading data (0.1316ms)
✔ GITHUB_TOKEN does not substitute for Project-readable credentials (0.2117ms)
✔ an admitted live path collects once and retains zero mutations (5.8726ms)
✔ collector failure does not produce a successful report (0.3059ms)
✔ stale hosted snapshots fail instead of publishing old findings (4.8805ms)
✔ public summaries never include free-form source or evidence text (4.8112ms)
✔ summary rejects unknown rule (4.2902ms)
✔ summary rejects bad finding id (4.6019ms)
✔ summary rejects foreign reference (4.0926ms)
✔ summary rejects mutation claim (4.3802ms)
✔ summary rejects wrong scope (4.1023ms)
✔ summary rejects invalid timestamp (4.4024ms)
✔ summary rejects bad totals (4.5492ms)
✔ public finding index is bounded without copying omitted details (5.9686ms)
✔ every configured fixture rule has an explicit publication review (4.5688ms)
✔ summary file writes remain inside a supplied native temporary directory (17.9556ms)
✔ Actions CLI rejects unsupported arguments --apply (0.3089ms)
✔ Actions CLI rejects unsupported arguments --live (0.178ms)
✔ Actions CLI rejects unsupported arguments --live (0.0977ms)
✔ actual fixture CLI needs no hosted secrets or Teams SDK (211.7483ms)
✔ manual workflow keeps first-party actions pinned and live credentials isolated (14.9893ms)
✔ feedback CLI rejects unsupported, missing and duplicate transition arguments (1.9982ms)
✔ new-file corpus output preserves the previous version and refuses overwrite (24.2371ms)
✔ initializing a corpus binds the validated input scope without changing its snapshot (40.4004ms)
✔ partial snapshot cannot create a corpus file (21.6225ms)
✔ redirected output parent is refused without writing through it (6.2936ms)
✔ review evidence must be a file and cannot use a directory as a digest source (49.4103ms)
✔ review CLI records the exact binary digest and closes its descriptor (100.9915ms)
✔ same-size review replacement between metadata check and open cannot update a corpus (64.5707ms)
✔ review parent swapped for a symlink or junction before open is rejected (38.669ms)
✔ same-size pathname replacement after descriptor read is rejected (37.6556ms)
✔ same-size in-place review rewrite cannot hide behind a restored modification time (34.9202ms)
✔ review growth after open stays within its original byte bound and is rejected (31.9716ms)
✔ bounded review reads handle partial reads and reject empty or oversized files (20.041ms)
✔ native behavioral evidence remains candidate with original local source and no finding impersonation (90.9124ms)
✔ native behavioral activation is denied for mixed support and forged active or retired history (54.9968ms)
✔ native behavioral candidates can be rejected without widening legacy review authority (58.0146ms)
✔ native behavioral bytes, identity claims, source and repeated runs remain validated (146.3558ms)
✔ evidence binds actual audit finding and supplied snapshot without certifying collection or identity (17.3125ms)
✔ accepted missing Project status binds the native serialized report and finding in evidence and observations (53.2845ms)
✔ auditor optional-field normalization retains strict data-only feedback and report validation (74.1241ms)
✔ timestamp-only or unrelated snapshot changes do not manufacture repeated supporting evidence (38.1332ms)
✔ partial, cross-scope, stale or missing findings cannot become feedback evidence (23.5058ms)
✔ feedback source pins accept exactly 40 or 64 hexadecimal characters, including supplied evidence (90.5031ms)
✔ candidate, active and retired versions preserve their inputs and have exact transition digests (24.6586ms)
✔ one observation, fabricated evidence bytes and replayed reviews cannot activate a rule (76.3566ms)
✔ reviewer labels and claimed approval booleans do not supply verified review authority (33.0844ms)
✔ explicit rejection remains terminal and contributes no advice (42.1038ms)
✔ prospective expiry is mandatory, bounded, and effective at the exact boundary (129.5077ms)
✔ active capacity cannot expand and supersession retires only the exact predecessor (83.6557ms)
✔ supersession rejects stale targets and cannot cross finding rules (60.3239ms)
✔ active guidance annotates only matching findings without hiding or changing original conclusions (39.3076ms)
✔ broad matching admits at most the finite annotation limit and never truncates an excessive report (466.9065ms)
✔ serialized output bytes are admitted before escaped guidance and evidence references fan out (77.3984ms)
✔ later audits honor activation and retirement while the original report stays identical (56.666ms)
✔ unknown executable, suppression, assignment and permission options are rejected (206.6179ms)
✔ stale reports, foreign scope and altered evidence fail closed (30.9543ms)
✔ canonical digests ignore property insertion order but reject executable and non-finite data (0.4864ms)
✔ reusable corpus validation preserves input and rejects authority claims or altered guidance (19.5868ms)
✔ explicit collector profile requires a hash and cannot relabel a supplied snapshot (3.8977ms)
✔ recurrence requires finite explicit bounds before reading any input (0.9236ms)
✔ finite recurrence reloads snapshot and feedback on every cycle (2.7012ms)
✔ paused and stopped records prevent collection and input reads (2.639ms)
✔ exhausted persisted attempts reject before snapshot, feedback or live collection (2.4414ms)
✔ watch admits the final allowed attempt and then stops before collecting another snapshot (1.3724ms)
✔ source mismatch refuses before reading snapshot or feedback (1.9036ms)
✔ a failed cycle stops recurrence without retrying or losing the failure (2.0424ms)
✔ first snapshot acquisition failure retains one sanitized failed attempt (394.7006ms)
✔ later corpus acquisition failure preserves earlier accepted evidence and consumes one attempt (1020.1058ms)
✔ live acquisition failure is retained once without raw error text or a retry (374.4165ms)
✔ pause and stop during failed acquisition remain effective without a new admitted attempt (2527.7881ms)
✔ deadline crossing during failed acquisition prevents late attempt admission (2.1434ms)
✔ interruption during failed acquisition prevents a new admitted attempt (1.6651ms)
✔ duration bounds stop admission after collection without writing a late result (1.8147ms)
✔ interruption during an interval exits without another audit (1.7076ms)
✔ control commands delegate exact action, source and reason without collecting (3.2059ms)
✔ status exposes bounded metadata and no retained finding text (1.1973ms)
✔ one audit writes source-bound immutable private reports and an advisory handoff (532.0423ms)
✔ fresh capture timestamps and transport metrics alone produce no new report or proposal across restart (827.0224ms)
✔ live state binds the exact selected principal and profile through restart and controls (3201.0887ms)
✔ profile metadata cannot convert supplied evidence or a different live principal into accepted observations (350.7373ms)
✔ changed scoped content produces a new receipt while retaining stable finding dedupe (611.9131ms)
✔ resolved findings are recorded without claiming a remote correction (641.0722ms)
✔ stale input fails and preserves a failed attempt, never reusing previous success (675.4799ms)
✔ future input fails and preserves a failed attempt, never reusing previous success (675.7993ms)
✔ incomplete input fails and preserves a failed attempt, never reusing previous success (642.2202ms)
✔ source drift fails and preserves a failed attempt, never reusing previous success (672.4936ms)
✔ changing the caller source pin cannot migrate an existing directory (498.8767ms)
✔ pause prevents input use, resume retains dedupe, and stop cannot resume (2586.3308ms)
✔ concurrent cycles have one winner and never create duplicate accepted receipts (389.0009ms)
✔ retained locks fail closed without PID reuse or timeout-based recovery (19.5611ms)
✔ incomplete intent and rollback to an older checkpoint refuse replay (605.3403ms)
✔ tampered referenced artifacts are rejected and preserved (353.0546ms)
✔ output-directory redirection refuses writes through a symlink or junction (11.0837ms)
✔ an unexpected output file is retained, not overwritten or removed (18.6989ms)
✔ status rejects unexpected files in initialized state before accepting its control projection (263.2253ms)
✔ missing, traversal-style and incomplete control requests do not create authority (4.4813ms)
✔ live source claims retain the existing collector identity and zero-write metadata (288.7568ms)
✔ finite convenience API has explicit bounds and performs no scheduling (944.2959ms)
✔ state and artifact redirection are not followed on read (273.3659ms)
✔ alter of earlier history is detected after a newer successful cycle (718.9477ms)
✔ delete of earlier history is detected after a newer successful cycle (690.915ms)
✔ changed implementation pins fail before a new intent is written (419.9335ms)
✔ a directory replaced while a caller holds its lock cannot redirect any artifact write (376.7905ms)
✔ actual corpus activation and retirement change only separately bound advisory output (1425.6569ms)
✔ expiry invalidates cached advisory annotations even without corpus byte changes (686.3252ms)
✔ mixed retained controls and new cycles enforce one transition bound with a reserved terminal stop (67467.614ms)
✔ accepted snapshots with omitted optional metadata produce parseable JSON artifacts and replay (540.1109ms)
✔ optional auditor metadata works through the real feedback evidence and recurring consumer bridge (632.5901ms)
✔ policy has the ten requested workstreams and never assigns people (4.1038ms)
✔ classification supports Multiplayer (8.4291ms)
✔ classification supports UX/UI (1.8527ms)
✔ classification supports Multi-system execution (1.4407ms)
✔ classification supports Janitor (1.5774ms)
✔ classification supports Dynamic agent teams (1.4769ms)
✔ classification supports DevOps/PR review/branch protection (1.5273ms)
✔ classification supports Security (2.1193ms)
✔ classification supports Agent communication layer (1.2189ms)
✔ classification supports Dark factory automation (1.3624ms)
✔ classification supports Backend scalability / pub-sub (1.5554ms)
✔ classification preserves labels and assignees (19.3175ms)
✔ UX alias means UX/UI (16.6814ms)
✔ an unassigned issue is not a violation (6.3327ms)
✔ full fixture audit has zero mutations and catches closing-link conflict (7.1072ms)
✔ non-closing prose overrides no native link, not unrelated partial references (7.0388ms)
✔ explicit do-not-close linked issue is flagged (7.7128ms)
✔ closed unmerged PR does not close an open issue (7.2124ms)
✔ reopened issue remains open after a historical merged PR (7.1454ms)
✔ no automatic close for several partial PRs (7.953ms)
✔ only explicit dependency section is interpreted (0.299ms)
✔ code fences and quoted references are not dependency authority (0.2889ms)
✔ native/text dependency disagreement is flagged (7.6669ms)
✔ matching dependencies do not produce a mismatch (4.7713ms)
✔ dependency cycles are bounded and reported once (4.5502ms)
✔ parent hierarchy mismatch and cycle are detected (4.3263ms)
✔ outside-scope dependency is not fetched or treated as complete (6.2598ms)
✔ missing local dependency is unverified, not closed (6.685ms)
✔ open issue marked Done is flagged without changing the board (7.2081ms)
✔ unknown workstream is a review hint, not a rename (6.1694ms)
✔ locked default branch is flagged, without bypass (7.16ms)
✔ stale PR source head is reported (7.7864ms)
✔ current independent review is accepted as evidence (6.4618ms)
✔ author approval is not current independent human approval (4.3315ms)
✔ bot approval is not current independent human approval (4.0476ms)
✔ old-head approval is not current independent human approval (6.2508ms)
✔ later comment does not erase a valid prior approval (3.6877ms)
✔ failed checks and requested changes are surfaced (4.044ms)
✔ missing checks are not a success (4.0948ms)
✔ stale snapshots are labeled (4.2949ms)
✔ future snapshots fail closed (2.0611ms)
✔ finding IDs are stable across repeated reads (9.4141ms)
✔ reported secrets are redacted and Markdown is escaped (13.2144ms)
✔ refuses: assign #50 to example-user (6.0623ms)
✔ refuses: label #50 multiplayer (7.3229ms)
✔ refuses: close #50 (5.7061ms)
✔ refuses: merge PR #237 (6.636ms)
✔ refuses: enable auto-merge (5.1115ms)
✔ refuses: delete a branch (7.1406ms)
✔ refuses: approve PR #237 (10.4768ms)
✔ refuses: can you change the rules (6.8979ms)
✔ question answers use recorded evidence and canonical references (7.425ms)
✔ reverse dependency questions list dependents (6.101ms)
✔ unknown questions ask for clarification (7.7103ms)
✔ untrusted instruction text grants no tools (6.4193ms)
✔ snapshot rejects wrong repo (1.5081ms)
✔ snapshot rejects wrong project (1.2322ms)
✔ snapshot rejects partial coverage (1.3736ms)
✔ snapshot rejects wrong count (1.2435ms)
✔ snapshot rejects duplicate issue (1.48ms)
✔ snapshot rejects hostile URL (1.4605ms)
✔ snapshot rejects hidden project item (1.479ms)
✔ snapshot rejects cross-repo item (1.6134ms)
✔ snapshot rejects duplicate project item (1.3029ms)
✔ snapshot rejects oversized body (1.4188ms)
✔ collector completes two matching passes with no writes (4.9891ms)
✔ collector rejects issue drift between passes (3.8928ms)
✔ collector rejects incomplete nested dependencies (1.3033ms)
✔ collector rejects a changed PR head/check binding (1.6312ms)
✔ collector rejects repeated pagination cursors (1.4047ms)
✔ collector rejects inaccessible connection entries (0.1794ms)
✔ read client verifies Bakar404 and never switches accounts (1.5631ms)
✔ explicit hash-pinned read principal does not change the pilot or read allowlist (27.7447ms)
✔ collector profile rejects changed scope or unsupported fields: repository (20.6032ms)
✔ collector profile rejects changed scope or unsupported fields: project_id (20.7159ms)
✔ collector profile rejects changed scope or unsupported fields: project_number (19.5976ms)
✔ collector profile rejects changed scope or unsupported fields: token (23.0018ms)
✔ collector profile rejects changed scope or unsupported fields: url (27.4173ms)
✔ collector profile rejects changed scope or unsupported fields: collector_login (21.4445ms)
✔ collector profile rejects wrong hashes, changed bytes and duplicate keys (53.4557ms)
✔ profiled collection records the actual principal and rejects identity or profile drift (38.1907ms)
✔ read client exposes no arbitrary query or write operation (1.9017ms)
✔ GraphQL cursor remains data, not executable query text (1.4951ms)
✔ GraphQL errors do not become accepted partial data (1.4748ms)
✔ GraphQL reserve prevents further reads (1.4889ms)
✔ collection has an elapsed-time bound (1.2554ms)
✔ dry run uses neither network nor output files (3.9078ms)
✔ CLI rejects apply (0.2184ms)
✔ CLI rejects audit --fixture --live (0.1641ms)
✔ CLI rejects audit --fixture --out ../escape.json (0.2295ms)
✔ CLI rejects audit --dry-run --out file.json (0.1493ms)
✔ CLI rejects audit --fixture --assign example-user (0.1416ms)
✔ CLI rejects ask --fixture (0.1603ms)
✔ actual CLI dry run works from another directory and has no network intent (190.6828ms)
✔ test chat prepares an evidence-based reply without sending it (8.8166ms)
✔ test chat rejects wrong tenant (0.3679ms)
✔ test chat rejects wrong group (0.1502ms)
✔ test chat rejects personal chat (0.1501ms)
✔ test chat rejects other channel (0.134ms)
✔ test chat ignores messages without a mention (0.1404ms)
✔ test chat ignores its own messages (0.1281ms)
✔ test chat refuses mutation requests (7.0164ms)
✔ no production mode or implicit binding (0.5623ms)
ℹ tests 227
ℹ suites 0
ℹ pass 227
ℹ fail 0
ℹ cancelled 0
ℹ skipped 0
ℹ todo 0
ℹ duration_ms 91005.772
