{
  "original_receipt_sha256": "1f33c9e804a48d3bded426e95a12f93bfdff054a24c1e1b9d6ff2490d9893678",
  "derived_receipt_sha256": "b4f35a55d2f1f11fe07200909b9894b80156e7bfbc6c9db499042bd59c021dc1",
  "operation": "Only gate log names were made receipt-relative; all nine underlying logs are unchanged.",
  "logs": [
    {
      "original_log": "<private-evidence>\\pr362-validation-20260923-r1\\migrations.log",
      "relative_log": "migrations.log",
      "sha256": "6ae889b1834275b33238126326a4ec2f6d463f30c578ab57292bcc69abeb1823"
    },
    {
      "original_log": "<private-evidence>\\pr362-validation-20260923-r1\\documentation.log",
      "relative_log": "documentation.log",
      "sha256": "da0a3808709f745fd80c41e75e624a2dade2e948901ef747868ddb0f84d4e406"
    },
    {
      "original_log": "<private-evidence>\\pr362-validation-20260923-r1\\rust-format.log",
      "relative_log": "rust-format.log",
      "sha256": "e3b0c44298fc1c149afbf4c8996fb92427ae41e4649b934ca495991b7852b855"
    },
    {
      "original_log": "<private-evidence>\\pr362-validation-20260923-r1\\rust-clippy.log",
      "relative_log": "rust-clippy.log",
      "sha256": "528f542a0c642e61d29862389085985162eba4779cbc6a316f3032b6e7046afd"
    },
    {
      "original_log": "<private-evidence>\\pr362-validation-20260923-r1\\rust-workspace.log",
      "relative_log": "rust-workspace.log",
      "sha256": "9035ae78689a7482f9d1ff252aa9a7f46092e4dfcd8438d4f4848f67a51cc26d"
    },
    {
      "original_log": "<private-evidence>\\pr362-validation-20260923-r1\\node-unit.log",
      "relative_log": "node-unit.log",
      "sha256": "49ca697430ee381ce5a7536b577d0cca85010f9d48a1932d3144a466dc72c136"
    },
    {
      "original_log": "<private-evidence>\\pr362-validation-20260923-r1\\steward.log",
      "relative_log": "steward.log",
      "sha256": "d24d47ebbc94c513096bf31337fdd091e9b1d830f2b68ebab4e695a7d06290d2"
    },
    {
      "original_log": "<private-evidence>\\pr362-validation-20260923-r1\\web-build.log",
      "relative_log": "web-build.log",
      "sha256": "221a93b12fe60a29f3d3c10903da44e8098351ac480e6a39f8366dbb1e1c8ee5"
    },
    {
      "original_log": "<private-evidence>\\pr362-validation-20260923-r1\\web-lint.log",
      "relative_log": "web-lint.log",
      "sha256": "827b649d485c99a80680a27128e7b9fcb299a1edc963402b6fe41d46295a856c"
    }
  ]
}
