$ node --test --test-concurrency=2 --test-timeout=180000 scenarios/repo-steward/steward.test.mjs scenarios/repo-steward/actions.test.mjs scenarios/repo-steward/recurring-audit.test.mjs scenarios/repo-steward/feedback.test.mjs scenarios/repo-steward/maintenance.test.mjs scenarios/repo-steward/feedback-cli.test.mjs
✔ Actions preview performs no live reads or summary publication (1.7181ms)
✔ Actions fixture uses the real auditor without GitHub access (25.4831ms)
✔ invalid workflow input is rejected during preview without data access (1.0442ms)
✔ hosted live mode rejects non-Actions host before reading data (0.3491ms)
✔ hosted live mode rejects PR event before reading data (0.9157ms)
✔ hosted live mode rejects another repository before reading data (0.1777ms)
✔ hosted live mode rejects feature branch before reading data (0.3225ms)
✔ hosted live mode rejects another actor before reading data (0.1756ms)
✔ hosted live mode rejects another rerun operator before reading data (0.3579ms)
✔ hosted live mode rejects missing triggering actor before reading data (0.4ms)
✔ hosted live mode rejects missing source commit before reading data (0.3495ms)
✔ hosted live mode rejects disabled pilot before reading data (0.2205ms)
✔ hosted live mode rejects unapproved public summary before reading data (0.2168ms)
✔ hosted live mode rejects missing credential before reading data (0.197ms)
✔ hosted live mode rejects blank credential before reading data (0.1817ms)
✔ hosted live mode rejects write-enabled configuration before reading data (0.2107ms)
✔ GITHUB_TOKEN does not substitute for Project-readable credentials (0.2559ms)
✔ an admitted live path collects once and retains zero mutations (5.4076ms)
✔ collector failure does not produce a successful report (0.3065ms)
✔ stale hosted snapshots fail instead of publishing old findings (4.831ms)
✔ public summaries never include free-form source or evidence text (4.7761ms)
✔ summary rejects unknown rule (3.8534ms)
✔ summary rejects bad finding id (4.1836ms)
✔ summary rejects foreign reference (4.7755ms)
✔ summary rejects mutation claim (4.623ms)
✔ summary rejects wrong scope (3.7631ms)
✔ summary rejects invalid timestamp (4.1369ms)
✔ summary rejects bad totals (4.5005ms)
✔ public finding index is bounded without copying omitted details (4.4978ms)
✔ every configured fixture rule has an explicit publication review (3.9413ms)
✔ summary file writes remain inside a supplied native temporary directory (16.0719ms)
✔ Actions CLI rejects unsupported arguments --apply (0.2172ms)
✔ Actions CLI rejects unsupported arguments --live (0.0926ms)
✔ Actions CLI rejects unsupported arguments --live (0.0854ms)
✔ actual fixture CLI needs no hosted secrets or Teams SDK (194.9059ms)
✔ manual workflow keeps first-party actions pinned and live credentials isolated (2.721ms)
✔ feedback CLI rejects unsupported, missing and duplicate transition arguments (2.4256ms)
✔ new-file corpus output preserves the previous version and refuses overwrite (21.391ms)
✔ initializing a corpus binds the validated input scope without changing its snapshot (41.0183ms)
✔ partial snapshot cannot create a corpus file (19.5213ms)
✔ redirected output parent is refused without writing through it (4.9678ms)
✔ review evidence must be a file and cannot use a directory as a digest source (43.078ms)
✔ review CLI records the exact binary digest and closes its descriptor (72.2972ms)
✔ same-size review replacement between metadata check and open cannot update a corpus (29.8798ms)
✔ review parent swapped for a symlink or junction before open is rejected (34.8942ms)
✔ same-size pathname replacement after descriptor read is rejected (36.8507ms)
✔ same-size in-place review rewrite cannot hide behind a restored modification time (33.2975ms)
✔ review growth after open stays within its original byte bound and is rejected (26.7353ms)
✔ bounded review reads handle partial reads and reject empty or oversized files (16.4034ms)
✔ native behavioral evidence remains candidate with original local source and no finding impersonation (62.4867ms)
✔ native behavioral activation is denied for mixed support and forged active or retired history (47.1449ms)
✔ native behavioral candidates can be rejected without widening legacy review authority (50.467ms)
✔ native behavioral bytes, identity claims, source and repeated runs remain validated (120.8236ms)
✔ evidence binds actual audit finding and supplied snapshot without certifying collection or identity (9.1447ms)
✔ accepted missing Project status binds the native serialized report and finding in evidence and observations (40.456ms)
✔ auditor optional-field normalization retains strict data-only feedback and report validation (58.0321ms)
✔ timestamp-only or unrelated snapshot changes do not manufacture repeated supporting evidence (28.7387ms)
✔ partial, cross-scope, stale or missing findings cannot become feedback evidence (12.9874ms)
✔ feedback source pins accept exactly 40 or 64 hexadecimal characters, including supplied evidence (69.3597ms)
✔ candidate, active and retired versions preserve their inputs and have exact transition digests (17.5372ms)
✔ one observation, fabricated evidence bytes and replayed reviews cannot activate a rule (72.3253ms)
✔ reviewer labels and claimed approval booleans do not supply verified review authority (23.5659ms)
✔ explicit rejection remains terminal and contributes no advice (43.5181ms)
✔ prospective expiry is mandatory, bounded, and effective at the exact boundary (99.4796ms)
✔ active capacity cannot expand and supersession retires only the exact predecessor (60.9987ms)
✔ supersession rejects stale targets and cannot cross finding rules (43.6454ms)
✔ active guidance annotates only matching findings without hiding or changing original conclusions (21.1047ms)
✔ broad matching admits at most the finite annotation limit and never truncates an excessive report (320.3395ms)
✔ serialized output bytes are admitted before escaped guidance and evidence references fan out (55.7071ms)
✔ later audits honor activation and retirement while the original report stays identical (37.6349ms)
✔ unknown executable, suppression, assignment and permission options are rejected (136.4884ms)
✔ stale reports, foreign scope and altered evidence fail closed (25.6947ms)
✔ canonical digests ignore property insertion order but reject executable and non-finite data (0.4243ms)
✔ reusable corpus validation preserves input and rejects authority claims or altered guidance (17.6702ms)
✔ explicit collector profile requires a hash and cannot relabel a supplied snapshot (3.047ms)
✔ recurrence requires finite explicit bounds before reading any input (0.7606ms)
✔ finite recurrence reloads snapshot and feedback on every cycle (2.8792ms)
✔ paused and stopped records prevent collection and input reads (2.2875ms)
✔ exhausted persisted attempts reject before snapshot, feedback or live collection (2.8899ms)
✔ watch admits the final allowed attempt and then stops before collecting another snapshot (1.8247ms)
✔ source mismatch refuses before reading snapshot or feedback (1.6368ms)
✔ a failed cycle stops recurrence without retrying or losing the failure (1.8155ms)
✔ first snapshot acquisition failure retains one sanitized failed attempt (317.3065ms)
✔ later corpus acquisition failure preserves earlier accepted evidence and consumes one attempt (771.2511ms)
✔ live acquisition failure is retained once without raw error text or a retry (295.6887ms)
✔ pause and stop during failed acquisition remain effective without a new admitted attempt (1940.1159ms)
✔ deadline crossing during failed acquisition prevents late attempt admission (1.4516ms)
✔ interruption during failed acquisition prevents a new admitted attempt (1.1814ms)
✔ duration bounds stop admission after collection without writing a late result (1.1111ms)
✔ interruption during an interval exits without another audit (1.2364ms)
✔ control commands delegate exact action, source and reason without collecting (3.1778ms)
✔ status exposes bounded metadata and no retained finding text (1.5483ms)
✔ one audit writes source-bound immutable private reports and an advisory handoff (440.5062ms)
✔ fresh capture timestamps and transport metrics alone produce no new report or proposal across restart (694.0636ms)
✔ live state binds the exact selected principal and profile through restart and controls (2413.6911ms)
✔ profile metadata cannot convert supplied evidence or a different live principal into accepted observations (278.3514ms)
✔ changed scoped content produces a new receipt while retaining stable finding dedupe (518.3378ms)
✔ resolved findings are recorded without claiming a remote correction (513.2478ms)
✔ stale input fails and preserves a failed attempt, never reusing previous success (594.6547ms)
✔ future input fails and preserves a failed attempt, never reusing previous success (595.753ms)
✔ incomplete input fails and preserves a failed attempt, never reusing previous success (613.897ms)
✔ source drift fails and preserves a failed attempt, never reusing previous success (607.6076ms)
✔ changing the caller source pin cannot migrate an existing directory (454.1043ms)
✔ pause prevents input use, resume retains dedupe, and stop cannot resume (2299.3937ms)
✔ concurrent cycles have one winner and never create duplicate accepted receipts (359.1354ms)
✔ retained locks fail closed without PID reuse or timeout-based recovery (17.7046ms)
✔ incomplete intent and rollback to an older checkpoint refuse replay (583.0644ms)
✔ tampered referenced artifacts are rejected and preserved (323.1608ms)
✔ output-directory redirection refuses writes through a symlink or junction (10.4969ms)
✔ an unexpected output file is retained, not overwritten or removed (18.9098ms)
✔ status rejects unexpected files in initialized state before accepting its control projection (242.5124ms)
✔ missing, traversal-style and incomplete control requests do not create authority (4.1634ms)
✔ live source claims retain the existing collector identity and zero-write metadata (267.7984ms)
✔ finite convenience API has explicit bounds and performs no scheduling (894.8564ms)
✔ state and artifact redirection are not followed on read (242.3379ms)
✔ alter of earlier history is detected after a newer successful cycle (662.5298ms)
✔ delete of earlier history is detected after a newer successful cycle (651.3477ms)
✔ changed implementation pins fail before a new intent is written (392.5291ms)
✔ a directory replaced while a caller holds its lock cannot redirect any artifact write (336.5957ms)
✔ actual corpus activation and retirement change only separately bound advisory output (1290.7446ms)
✔ expiry invalidates cached advisory annotations even without corpus byte changes (589.5927ms)
✔ mixed retained controls and new cycles enforce one transition bound with a reserved terminal stop (61344.8225ms)
✔ accepted snapshots with omitted optional metadata produce parseable JSON artifacts and replay (593.2351ms)
✔ optional auditor metadata works through the real feedback evidence and recurring consumer bridge (561.0018ms)
✔ policy has the ten requested workstreams and never assigns people (3.4768ms)
✔ classification supports Multiplayer (6.0402ms)
✔ classification supports UX/UI (1.859ms)
✔ classification supports Multi-system execution (1.2826ms)
✔ classification supports Janitor (1.4292ms)
✔ classification supports Dynamic agent teams (1.2083ms)
✔ classification supports DevOps/PR review/branch protection (1.2725ms)
✔ classification supports Security (2.7376ms)
✔ classification supports Agent communication layer (1.2402ms)
✔ classification supports Dark factory automation (1.4048ms)
✔ classification supports Backend scalability / pub-sub (1.2061ms)
✔ classification preserves labels and assignees (12.1917ms)
✔ UX alias means UX/UI (13.8033ms)
✔ an unassigned issue is not a violation (5.602ms)
✔ full fixture audit has zero mutations and catches closing-link conflict (4.9647ms)
✔ non-closing prose overrides no native link, not unrelated partial references (3.817ms)
✔ explicit do-not-close linked issue is flagged (3.6015ms)
✔ closed unmerged PR does not close an open issue (3.9778ms)
✔ reopened issue remains open after a historical merged PR (3.4341ms)
✔ no automatic close for several partial PRs (4.0336ms)
✔ only explicit dependency section is interpreted (0.167ms)
✔ code fences and quoted references are not dependency authority (0.2002ms)
✔ native/text dependency disagreement is flagged (4.1563ms)
✔ matching dependencies do not produce a mismatch (4.1096ms)
✔ dependency cycles are bounded and reported once (4.2193ms)
✔ parent hierarchy mismatch and cycle are detected (3.8544ms)
✔ outside-scope dependency is not fetched or treated as complete (4.0045ms)
✔ missing local dependency is unverified, not closed (3.7368ms)
✔ open issue marked Done is flagged without changing the board (4.4001ms)
✔ unknown workstream is a review hint, not a rename (3.4769ms)
✔ locked default branch is flagged, without bypass (3.8757ms)
✔ stale PR source head is reported (3.5117ms)
✔ current independent review is accepted as evidence (4.046ms)
✔ author approval is not current independent human approval (4.2216ms)
✔ bot approval is not current independent human approval (4.2276ms)
✔ old-head approval is not current independent human approval (3.6169ms)
✔ later comment does not erase a valid prior approval (3.5928ms)
✔ failed checks and requested changes are surfaced (4.8235ms)
✔ missing checks are not a success (4.5532ms)
✔ stale snapshots are labeled (6.8023ms)
✔ future snapshots fail closed (2.3133ms)
✔ finding IDs are stable across repeated reads (8.2767ms)
✔ reported secrets are redacted and Markdown is escaped (10.4497ms)
✔ refuses: assign #50 to example-user (5.0052ms)
✔ refuses: label #50 multiplayer (5.6343ms)
✔ refuses: close #50 (4.6303ms)
✔ refuses: merge PR #237 (4.3675ms)
✔ refuses: enable auto-merge (4.6528ms)
✔ refuses: delete a branch (4.3195ms)
✔ refuses: approve PR #237 (4.6627ms)
✔ refuses: can you change the rules (4.8006ms)
✔ question answers use recorded evidence and canonical references (5.1456ms)
✔ reverse dependency questions list dependents (4.4703ms)
✔ unknown questions ask for clarification (4.9287ms)
✔ untrusted instruction text grants no tools (5.0351ms)
✔ snapshot rejects wrong repo (1.1688ms)
✔ snapshot rejects wrong project (0.9781ms)
✔ snapshot rejects partial coverage (0.9929ms)
✔ snapshot rejects wrong count (1.2271ms)
✔ snapshot rejects duplicate issue (1.3741ms)
✔ snapshot rejects hostile URL (1.2592ms)
✔ snapshot rejects hidden project item (1.3198ms)
✔ snapshot rejects cross-repo item (1.4907ms)
✔ snapshot rejects duplicate project item (1.4817ms)
✔ snapshot rejects oversized body (1.439ms)
✔ collector completes two matching passes with no writes (5.1595ms)
✔ collector rejects issue drift between passes (3.3253ms)
✔ collector rejects incomplete nested dependencies (1.2675ms)
✔ collector rejects a changed PR head/check binding (1.2082ms)
✔ collector rejects repeated pagination cursors (1.2588ms)
✔ collector rejects inaccessible connection entries (0.1543ms)
✔ read client verifies Bakar404 and never switches accounts (1.3835ms)
✔ explicit hash-pinned read principal does not change the pilot or read allowlist (17.1407ms)
✔ collector profile rejects changed scope or unsupported fields: repository (10.6987ms)
✔ collector profile rejects changed scope or unsupported fields: project_id (16.341ms)
✔ collector profile rejects changed scope or unsupported fields: project_number (16.2326ms)
✔ collector profile rejects changed scope or unsupported fields: token (19.0207ms)
✔ collector profile rejects changed scope or unsupported fields: url (8.4466ms)
✔ collector profile rejects changed scope or unsupported fields: collector_login (16.9912ms)
✔ collector profile rejects wrong hashes, changed bytes and duplicate keys (46.9611ms)
✔ profiled collection records the actual principal and rejects identity or profile drift (30.9022ms)
✔ read client exposes no arbitrary query or write operation (1.161ms)
✔ GraphQL cursor remains data, not executable query text (1.2162ms)
✔ GraphQL errors do not become accepted partial data (1.1347ms)
✔ GraphQL reserve prevents further reads (1.1557ms)
✔ collection has an elapsed-time bound (1.0236ms)
✔ dry run uses neither network nor output files (1.32ms)
✔ CLI rejects apply (0.1451ms)
✔ CLI rejects audit --fixture --live (0.1018ms)
✔ CLI rejects audit --fixture --out ../escape.json (0.1486ms)
✔ CLI rejects audit --dry-run --out file.json (0.8138ms)
✔ CLI rejects audit --fixture --assign example-user (0.0901ms)
✔ CLI rejects ask --fixture (0.0852ms)
✔ actual CLI dry run works from another directory and has no network intent (149.3542ms)
✔ test chat prepares an evidence-based reply without sending it (6.8244ms)
✔ test chat rejects wrong tenant (0.3106ms)
✔ test chat rejects wrong group (0.1448ms)
✔ test chat rejects personal chat (0.1315ms)
✔ test chat rejects other channel (0.1293ms)
✔ test chat ignores messages without a mention (0.1455ms)
✔ test chat ignores its own messages (0.1243ms)
✔ test chat refuses mutation requests (4.5295ms)
✔ no production mode or implicit binding (0.2809ms)
ℹ tests 227
ℹ suites 0
ℹ pass 227
ℹ fail 0
ℹ cancelled 0
ℹ skipped 0
ℹ todo 0
ℹ duration_ms 81743.7041
