$ node --test --test-concurrency=2 --test-timeout=180000 scenarios/repo-steward/steward.test.mjs scenarios/repo-steward/actions.test.mjs scenarios/repo-steward/recurring-audit.test.mjs scenarios/repo-steward/feedback.test.mjs scenarios/repo-steward/maintenance.test.mjs scenarios/repo-steward/feedback-cli.test.mjs
✔ Actions preview performs no live reads or summary publication (1.8882ms)
✔ Actions fixture uses the real auditor without GitHub access (28.3394ms)
✔ invalid workflow input is rejected during preview without data access (1.5868ms)
✔ hosted live mode rejects non-Actions host before reading data (0.5178ms)
✔ hosted live mode rejects PR event before reading data (0.4415ms)
✔ hosted live mode rejects another repository before reading data (1.1498ms)
✔ hosted live mode rejects feature branch before reading data (0.3328ms)
✔ hosted live mode rejects another actor before reading data (0.2354ms)
✔ hosted live mode rejects another rerun operator before reading data (0.3935ms)
✔ hosted live mode rejects missing triggering actor before reading data (0.5435ms)
✔ hosted live mode rejects missing source commit before reading data (0.401ms)
✔ hosted live mode rejects disabled pilot before reading data (0.2553ms)
✔ hosted live mode rejects unapproved public summary before reading data (0.208ms)
✔ hosted live mode rejects missing credential before reading data (0.2317ms)
✔ hosted live mode rejects blank credential before reading data (0.1589ms)
✔ hosted live mode rejects write-enabled configuration before reading data (0.1637ms)
✔ GITHUB_TOKEN does not substitute for Project-readable credentials (0.2319ms)
✔ an admitted live path collects once and retains zero mutations (5.8776ms)
✔ collector failure does not produce a successful report (0.3751ms)
✔ stale hosted snapshots fail instead of publishing old findings (5.5717ms)
✔ public summaries never include free-form source or evidence text (5.8841ms)
✔ summary rejects unknown rule (4.4455ms)
✔ summary rejects bad finding id (5.0034ms)
✔ summary rejects foreign reference (4.4875ms)
✔ summary rejects mutation claim (4.9737ms)
✔ summary rejects wrong scope (4.5815ms)
✔ summary rejects invalid timestamp (4.5487ms)
✔ summary rejects bad totals (5.2733ms)
✔ public finding index is bounded without copying omitted details (4.9532ms)
✔ every configured fixture rule has an explicit publication review (4.1716ms)
✔ summary file writes remain inside a supplied native temporary directory (18.7378ms)
✔ Actions CLI rejects unsupported arguments --apply (0.3485ms)
✔ Actions CLI rejects unsupported arguments --live (0.1383ms)
✔ Actions CLI rejects unsupported arguments --live (0.1073ms)
✔ actual fixture CLI needs no hosted secrets or Teams SDK (210.9519ms)
✔ manual workflow keeps first-party actions pinned and live credentials isolated (2.969ms)
✔ feedback CLI rejects unsupported, missing and duplicate transition arguments (2.152ms)
✔ new-file corpus output preserves the previous version and refuses overwrite (26.1538ms)
✔ initializing a corpus binds the validated input scope without changing its snapshot (46.6926ms)
✔ partial snapshot cannot create a corpus file (23.4203ms)
✔ redirected output parent is refused without writing through it (5.4762ms)
✔ review evidence must be a file and cannot use a directory as a digest source (46.6407ms)
✔ review CLI records the exact binary digest and closes its descriptor (84.8551ms)
✔ same-size review replacement between metadata check and open cannot update a corpus (32.1988ms)
✔ review parent swapped for a symlink or junction before open is rejected (39.2052ms)
✔ same-size pathname replacement after descriptor read is rejected (37.858ms)
✔ same-size in-place review rewrite cannot hide behind a restored modification time (39.5404ms)
✔ review growth after open stays within its original byte bound and is rejected (30.259ms)
✔ bounded review reads handle partial reads and reject empty or oversized files (19.0528ms)
✔ native behavioral evidence remains candidate with original local source and no finding impersonation (68.5883ms)
✔ native behavioral activation is denied for mixed support and forged active or retired history (54.3992ms)
✔ native behavioral candidates can be rejected without widening legacy review authority (48.7159ms)
✔ native behavioral bytes, identity claims, source and repeated runs remain validated (108.9828ms)
✔ evidence binds actual audit finding and supplied snapshot without certifying collection or identity (9.3962ms)
✔ accepted missing Project status binds the native serialized report and finding in evidence and observations (39.6112ms)
✔ auditor optional-field normalization retains strict data-only feedback and report validation (59.8764ms)
✔ timestamp-only or unrelated snapshot changes do not manufacture repeated supporting evidence (35.8417ms)
✔ partial, cross-scope, stale or missing findings cannot become feedback evidence (25.415ms)
✔ feedback source pins accept exactly 40 or 64 hexadecimal characters, including supplied evidence (66.4252ms)
✔ candidate, active and retired versions preserve their inputs and have exact transition digests (16.4372ms)
✔ one observation, fabricated evidence bytes and replayed reviews cannot activate a rule (73.1919ms)
✔ reviewer labels and claimed approval booleans do not supply verified review authority (22.7024ms)
✔ explicit rejection remains terminal and contributes no advice (40.0492ms)
✔ prospective expiry is mandatory, bounded, and effective at the exact boundary (89.8995ms)
✔ active capacity cannot expand and supersession retires only the exact predecessor (55.2909ms)
✔ supersession rejects stale targets and cannot cross finding rules (48.5635ms)
✔ active guidance annotates only matching findings without hiding or changing original conclusions (23.3788ms)
✔ broad matching admits at most the finite annotation limit and never truncates an excessive report (331.8195ms)
✔ serialized output bytes are admitted before escaped guidance and evidence references fan out (55.493ms)
✔ later audits honor activation and retirement while the original report stays identical (45.0625ms)
✔ unknown executable, suppression, assignment and permission options are rejected (147.4111ms)
✔ stale reports, foreign scope and altered evidence fail closed (24.1875ms)
✔ canonical digests ignore property insertion order but reject executable and non-finite data (0.3581ms)
✔ reusable corpus validation preserves input and rejects authority claims or altered guidance (16.2506ms)
✔ explicit collector profile requires a hash and cannot relabel a supplied snapshot (3.8798ms)
✔ recurrence requires finite explicit bounds before reading any input (1.3604ms)
✔ finite recurrence reloads snapshot and feedback on every cycle (3.4135ms)
✔ paused and stopped records prevent collection and input reads (2.9834ms)
✔ exhausted persisted attempts reject before snapshot, feedback or live collection (2.7462ms)
✔ watch admits the final allowed attempt and then stops before collecting another snapshot (1.5376ms)
✔ source mismatch refuses before reading snapshot or feedback (1.5108ms)
✔ a failed cycle stops recurrence without retrying or losing the failure (1.5928ms)
✔ first snapshot acquisition failure retains one sanitized failed attempt (325.651ms)
✔ later corpus acquisition failure preserves earlier accepted evidence and consumes one attempt (779.5799ms)
✔ live acquisition failure is retained once without raw error text or a retry (312.3505ms)
✔ pause and stop during failed acquisition remain effective without a new admitted attempt (2109ms)
✔ deadline crossing during failed acquisition prevents late attempt admission (1.539ms)
✔ interruption during failed acquisition prevents a new admitted attempt (1.1834ms)
✔ duration bounds stop admission after collection without writing a late result (1.0018ms)
✔ interruption during an interval exits without another audit (1.3248ms)
✔ control commands delegate exact action, source and reason without collecting (2.8459ms)
✔ status exposes bounded metadata and no retained finding text (1.1209ms)
✔ one audit writes source-bound immutable private reports and an advisory handoff (454.495ms)
✔ fresh capture timestamps and transport metrics alone produce no new report or proposal across restart (765.1245ms)
✔ live state binds the exact selected principal and profile through restart and controls (2579.0288ms)
✔ profile metadata cannot convert supplied evidence or a different live principal into accepted observations (351.4622ms)
✔ changed scoped content produces a new receipt while retaining stable finding dedupe (603.1943ms)
✔ resolved findings are recorded without claiming a remote correction (500.2837ms)
✔ stale input fails and preserves a failed attempt, never reusing previous success (631.1782ms)
✔ future input fails and preserves a failed attempt, never reusing previous success (671.9773ms)
✔ incomplete input fails and preserves a failed attempt, never reusing previous success (597.7224ms)
✔ source drift fails and preserves a failed attempt, never reusing previous success (601.5732ms)
✔ changing the caller source pin cannot migrate an existing directory (458.7289ms)
✔ pause prevents input use, resume retains dedupe, and stop cannot resume (2330.9528ms)
✔ concurrent cycles have one winner and never create duplicate accepted receipts (352.155ms)
✔ retained locks fail closed without PID reuse or timeout-based recovery (22.8553ms)
✔ incomplete intent and rollback to an older checkpoint refuse replay (578.0001ms)
✔ tampered referenced artifacts are rejected and preserved (305.7822ms)
✔ output-directory redirection refuses writes through a symlink or junction (10.7843ms)
✔ an unexpected output file is retained, not overwritten or removed (18.2597ms)
✔ status rejects unexpected files in initialized state before accepting its control projection (255.2715ms)
✔ missing, traversal-style and incomplete control requests do not create authority (4.6444ms)
✔ live source claims retain the existing collector identity and zero-write metadata (266.0064ms)
✔ finite convenience API has explicit bounds and performs no scheduling (942.0209ms)
✔ state and artifact redirection are not followed on read (363.6275ms)
✔ alter of earlier history is detected after a newer successful cycle (693.72ms)
✔ delete of earlier history is detected after a newer successful cycle (682.1791ms)
✔ changed implementation pins fail before a new intent is written (388.5009ms)
✔ a directory replaced while a caller holds its lock cannot redirect any artifact write (353.4621ms)
✔ actual corpus activation and retirement change only separately bound advisory output (1332.1826ms)
✔ expiry invalidates cached advisory annotations even without corpus byte changes (629.9372ms)
✔ mixed retained controls and new cycles enforce one transition bound with a reserved terminal stop (63918.3111ms)
✔ accepted snapshots with omitted optional metadata produce parseable JSON artifacts and replay (450.9392ms)
✔ optional auditor metadata works through the real feedback evidence and recurring consumer bridge (517.483ms)
✔ policy has the ten requested workstreams and never assigns people (3.8486ms)
✔ classification supports Multiplayer (6.3965ms)
✔ classification supports UX/UI (1.8225ms)
✔ classification supports Multi-system execution (1.1769ms)
✔ classification supports Janitor (1.3902ms)
✔ classification supports Dynamic agent teams (1.2306ms)
✔ classification supports DevOps/PR review/branch protection (2.317ms)
✔ classification supports Security (1.1729ms)
✔ classification supports Agent communication layer (1.4053ms)
✔ classification supports Dark factory automation (1.5053ms)
✔ classification supports Backend scalability / pub-sub (1.4997ms)
✔ classification preserves labels and assignees (12.5951ms)
✔ UX alias means UX/UI (14.9438ms)
✔ an unassigned issue is not a violation (5.6362ms)
✔ full fixture audit has zero mutations and catches closing-link conflict (5.706ms)
✔ non-closing prose overrides no native link, not unrelated partial references (7.1244ms)
✔ explicit do-not-close linked issue is flagged (8.3962ms)
✔ closed unmerged PR does not close an open issue (4.6935ms)
✔ reopened issue remains open after a historical merged PR (3.9927ms)
✔ no automatic close for several partial PRs (4.4823ms)
✔ only explicit dependency section is interpreted (0.197ms)
✔ code fences and quoted references are not dependency authority (0.2258ms)
✔ native/text dependency disagreement is flagged (4.5269ms)
✔ matching dependencies do not produce a mismatch (3.851ms)
✔ dependency cycles are bounded and reported once (4.3024ms)
✔ parent hierarchy mismatch and cycle are detected (4.1422ms)
✔ outside-scope dependency is not fetched or treated as complete (3.9011ms)
✔ missing local dependency is unverified, not closed (3.6285ms)
✔ open issue marked Done is flagged without changing the board (7.6313ms)
✔ unknown workstream is a review hint, not a rename (4.3463ms)
✔ locked default branch is flagged, without bypass (3.6014ms)
✔ stale PR source head is reported (3.8046ms)
✔ current independent review is accepted as evidence (4.8163ms)
✔ author approval is not current independent human approval (4.4593ms)
✔ bot approval is not current independent human approval (3.6862ms)
✔ old-head approval is not current independent human approval (3.6191ms)
✔ later comment does not erase a valid prior approval (4.0904ms)
✔ failed checks and requested changes are surfaced (4.0534ms)
✔ missing checks are not a success (3.9296ms)
✔ stale snapshots are labeled (6.5151ms)
✔ future snapshots fail closed (2.43ms)
✔ finding IDs are stable across repeated reads (8.7184ms)
✔ reported secrets are redacted and Markdown is escaped (9.9976ms)
✔ refuses: assign #50 to example-user (5.6199ms)
✔ refuses: label #50 multiplayer (4.9187ms)
✔ refuses: close #50 (4.3738ms)
✔ refuses: merge PR #237 (4.9658ms)
✔ refuses: enable auto-merge (4.336ms)
✔ refuses: delete a branch (4.3972ms)
✔ refuses: approve PR #237 (4.2454ms)
✔ refuses: can you change the rules (4.9669ms)
✔ question answers use recorded evidence and canonical references (5.126ms)
✔ reverse dependency questions list dependents (4.5577ms)
✔ unknown questions ask for clarification (5.7035ms)
✔ untrusted instruction text grants no tools (5.2902ms)
✔ snapshot rejects wrong repo (1.1888ms)
✔ snapshot rejects wrong project (0.9394ms)
✔ snapshot rejects partial coverage (0.9336ms)
✔ snapshot rejects wrong count (1.0088ms)
✔ snapshot rejects duplicate issue (1.2653ms)
✔ snapshot rejects hostile URL (1.1773ms)
✔ snapshot rejects hidden project item (1.3969ms)
✔ snapshot rejects cross-repo item (1.1553ms)
✔ snapshot rejects duplicate project item (1.2597ms)
✔ snapshot rejects oversized body (1.545ms)
✔ collector completes two matching passes with no writes (4.874ms)
✔ collector rejects issue drift between passes (2.4617ms)
✔ collector rejects incomplete nested dependencies (1.0578ms)
✔ collector rejects a changed PR head/check binding (1.5118ms)
✔ collector rejects repeated pagination cursors (1.5526ms)
✔ collector rejects inaccessible connection entries (0.1861ms)
✔ read client verifies Bakar404 and never switches accounts (1.4846ms)
✔ explicit hash-pinned read principal does not change the pilot or read allowlist (28.3965ms)
✔ collector profile rejects changed scope or unsupported fields: repository (16.8457ms)
✔ collector profile rejects changed scope or unsupported fields: project_id (17.3318ms)
✔ collector profile rejects changed scope or unsupported fields: project_number (17.9451ms)
✔ collector profile rejects changed scope or unsupported fields: token (21.9292ms)
✔ collector profile rejects changed scope or unsupported fields: url (18.0501ms)
✔ collector profile rejects changed scope or unsupported fields: collector_login (17.1138ms)
✔ collector profile rejects wrong hashes, changed bytes and duplicate keys (41.8456ms)
✔ profiled collection records the actual principal and rejects identity or profile drift (30.5607ms)
✔ read client exposes no arbitrary query or write operation (1.1699ms)
✔ GraphQL cursor remains data, not executable query text (1.6632ms)
✔ GraphQL errors do not become accepted partial data (1.0346ms)
✔ GraphQL reserve prevents further reads (1.2625ms)
✔ collection has an elapsed-time bound (1.0222ms)
✔ dry run uses neither network nor output files (1.2423ms)
✔ CLI rejects apply (0.1394ms)
✔ CLI rejects audit --fixture --live (0.0968ms)
✔ CLI rejects audit --fixture --out ../escape.json (0.138ms)
✔ CLI rejects audit --dry-run --out file.json (0.0913ms)
✔ CLI rejects audit --fixture --assign example-user (0.0768ms)
✔ CLI rejects ask --fixture (0.0756ms)
✔ actual CLI dry run works from another directory and has no network intent (141.2032ms)
✔ test chat prepares an evidence-based reply without sending it (5.4104ms)
✔ test chat rejects wrong tenant (0.2972ms)
✔ test chat rejects wrong group (0.1441ms)
✔ test chat rejects personal chat (0.1347ms)
✔ test chat rejects other channel (0.1281ms)
✔ test chat ignores messages without a mention (0.1308ms)
✔ test chat ignores its own messages (0.1231ms)
✔ test chat refuses mutation requests (4.4085ms)
✔ no production mode or implicit binding (0.261ms)
ℹ tests 227
ℹ suites 0
ℹ pass 227
ℹ fail 0
ℹ cancelled 0
ℹ skipped 0
ℹ todo 0
ℹ duration_ms 85183.207
