QA factory dry-run passed; executing the approved synthetic issue.
{
  "status": "hard_stop_protected",
  "report": "<local-user>\\code\\qa\\p237-r8\\o\\qa\\issue-50-factory-recovery\\attempts\\20260922210343026\\report.json",
  "resume": {
    "status": 200,
    "body": {
      "run_id": "e01a2b29-e503-4da2-bdfa-af729ab00173",
      "runner_id": "runner-qa-issue50",
      "provider_session_id": "ca90118d-8b01-42ec-8933-c3a802b0f2d8"
    }
  },
  "cleanup": [
    {
      "name": "runner",
      "status": "stopped_verified_qa_process",
      "pid": 51524
    },
    {
      "name": "server",
      "status": "stopped_verified_qa_process",
      "pid": 55576
    },
    {
      "name": "postgres",
      "status": "stopped_verified_qa_process",
      "pid": 56384
    }
  ],
  "retained_unchanged": null,
  "ports_after": []
}
