PASS only provisioning application processes stopped
warning: in the working copy of 'fixture.test.mjs', LF will be replaced by CRLF the next time Git touches it
[main f4cdf2f] Prepare deterministic startup acceptance inputs
 1 file changed, 7 insertions(+)
 create mode 100644 fixture.test.mjs
PASS preflight preserves database files ACLs source and credential
PASS preflight-invalid-actor
PASS preflight-missing-source-ref
PASS preflight-occupied-port
PASS rejected preflights preserve database files ACLs source and credential
PASS actual startup owns ready server runner and web
PASS second start retains all three process identities
PASS invalid-restart-retains-live-stack
PASS invalid restart preserves exact process identities
PASS start recovers only missing web
PASS actual-startup browser server runner policy acceptance
PASS source checkout HEAD index and worktree remain unchanged
PASS original refs preserved and new refs belong to observed isolated runs
PASS rotated credential remains scoped to the original authorized enrollment
PASS explicit restart replaces all three owned application processes
PASS restart retains enrollment and source state
