$ node --test --test-concurrency=2 --test-timeout=180000 scenarios/repo-steward/steward.test.mjs scenarios/repo-steward/actions.test.mjs scenarios/repo-steward/recurring-audit.test.mjs scenarios/repo-steward/feedback.test.mjs scenarios/repo-steward/maintenance.test.mjs scenarios/repo-steward/feedback-cli.test.mjs
✔ Actions preview performs no live reads or summary publication (2.0688ms)
✔ Actions fixture uses the real auditor without GitHub access (41.0558ms)
✔ invalid workflow input is rejected during preview without data access (1.0254ms)
✔ hosted live mode rejects non-Actions host before reading data (0.3591ms)
✔ hosted live mode rejects PR event before reading data (0.9395ms)
✔ hosted live mode rejects another repository before reading data (0.4894ms)
✔ hosted live mode rejects feature branch before reading data (0.4584ms)
✔ hosted live mode rejects another actor before reading data (0.2073ms)
✔ hosted live mode rejects another rerun operator before reading data (0.2802ms)
✔ hosted live mode rejects missing triggering actor before reading data (0.4056ms)
✔ hosted live mode rejects missing source commit before reading data (0.2829ms)
✔ hosted live mode rejects disabled pilot before reading data (0.16ms)
✔ hosted live mode rejects unapproved public summary before reading data (0.1438ms)
✔ hosted live mode rejects missing credential before reading data (0.1633ms)
✔ hosted live mode rejects blank credential before reading data (0.1455ms)
✔ hosted live mode rejects write-enabled configuration before reading data (0.1307ms)
✔ GITHUB_TOKEN does not substitute for Project-readable credentials (0.1973ms)
✔ an admitted live path collects once and retains zero mutations (6.1492ms)
✔ collector failure does not produce a successful report (0.3354ms)
✔ stale hosted snapshots fail instead of publishing old findings (6.3843ms)
✔ public summaries never include free-form source or evidence text (9.1344ms)
✔ summary rejects unknown rule (7.1319ms)
✔ summary rejects bad finding id (4.8292ms)
✔ summary rejects foreign reference (4.1352ms)
✔ summary rejects mutation claim (4.6238ms)
✔ summary rejects wrong scope (5.1492ms)
✔ summary rejects invalid timestamp (5.1299ms)
✔ summary rejects bad totals (5.66ms)
✔ public finding index is bounded without copying omitted details (6.2051ms)
✔ every configured fixture rule has an explicit publication review (4.4136ms)
✔ summary file writes remain inside a supplied native temporary directory (16.8934ms)
✔ Actions CLI rejects unsupported arguments --apply (0.2475ms)
✔ Actions CLI rejects unsupported arguments --live (0.0963ms)
✔ Actions CLI rejects unsupported arguments --live (0.1465ms)
✔ actual fixture CLI needs no hosted secrets or Teams SDK (179.9773ms)
✔ manual workflow keeps first-party actions pinned and live credentials isolated (12.4253ms)
✔ feedback CLI rejects unsupported, missing and duplicate transition arguments (2.1888ms)
✔ new-file corpus output preserves the previous version and refuses overwrite (22.8703ms)
✔ initializing a corpus binds the validated input scope without changing its snapshot (44.5365ms)
✔ partial snapshot cannot create a corpus file (23.1954ms)
✔ redirected output parent is refused without writing through it (6.5092ms)
✔ review evidence must be a file and cannot use a directory as a digest source (46.8373ms)
✔ review CLI records the exact binary digest and closes its descriptor (79.8786ms)
✔ same-size review replacement between metadata check and open cannot update a corpus (29.1587ms)
✔ review parent swapped for a symlink or junction before open is rejected (32.1942ms)
✔ same-size pathname replacement after descriptor read is rejected (43.921ms)
✔ same-size in-place review rewrite cannot hide behind a restored modification time (27.1052ms)
✔ review growth after open stays within its original byte bound and is rejected (27.9942ms)
✔ bounded review reads handle partial reads and reject empty or oversized files (18.2956ms)
✔ native behavioral evidence remains candidate with original local source and no finding impersonation (61.6053ms)
✔ native behavioral activation is denied for mixed support and forged active or retired history (41.6136ms)
✔ native behavioral candidates can be rejected without widening legacy review authority (43.6583ms)
✔ native behavioral bytes, identity claims, source and repeated runs remain validated (104.0136ms)
✔ evidence binds actual audit finding and supplied snapshot without certifying collection or identity (9.5181ms)
✔ accepted missing Project status binds the native serialized report and finding in evidence and observations (38.2583ms)
✔ auditor optional-field normalization retains strict data-only feedback and report validation (63.2781ms)
✔ timestamp-only or unrelated snapshot changes do not manufacture repeated supporting evidence (28.1642ms)
✔ partial, cross-scope, stale or missing findings cannot become feedback evidence (14.2016ms)
✔ feedback source pins accept exactly 40 or 64 hexadecimal characters, including supplied evidence (68.2471ms)
✔ candidate, active and retired versions preserve their inputs and have exact transition digests (19.112ms)
✔ one observation, fabricated evidence bytes and replayed reviews cannot activate a rule (75.9398ms)
✔ reviewer labels and claimed approval booleans do not supply verified review authority (22.7189ms)
✔ explicit rejection remains terminal and contributes no advice (37.9886ms)
✔ prospective expiry is mandatory, bounded, and effective at the exact boundary (94.4368ms)
✔ active capacity cannot expand and supersession retires only the exact predecessor (63.0804ms)
✔ supersession rejects stale targets and cannot cross finding rules (48.3719ms)
✔ active guidance annotates only matching findings without hiding or changing original conclusions (21.1194ms)
✔ broad matching admits at most the finite annotation limit and never truncates an excessive report (315.0557ms)
✔ serialized output bytes are admitted before escaped guidance and evidence references fan out (54.72ms)
✔ later audits honor activation and retirement while the original report stays identical (37.8449ms)
✔ unknown executable, suppression, assignment and permission options are rejected (133.0748ms)
✔ stale reports, foreign scope and altered evidence fail closed (25.6041ms)
✔ canonical digests ignore property insertion order but reject executable and non-finite data (0.3963ms)
✔ reusable corpus validation preserves input and rejects authority claims or altered guidance (15.2137ms)
✔ explicit collector profile requires a hash and cannot relabel a supplied snapshot (2.7027ms)
✔ recurrence requires finite explicit bounds before reading any input (0.813ms)
✔ finite recurrence reloads snapshot and feedback on every cycle (2.4982ms)
✔ paused and stopped records prevent collection and input reads (2.1522ms)
✔ exhausted persisted attempts reject before snapshot, feedback or live collection (2.6132ms)
✔ watch admits the final allowed attempt and then stops before collecting another snapshot (1.3694ms)
✔ source mismatch refuses before reading snapshot or feedback (1.3345ms)
✔ a failed cycle stops recurrence without retrying or losing the failure (1.2813ms)
✔ first snapshot acquisition failure retains one sanitized failed attempt (307.4145ms)
✔ later corpus acquisition failure preserves earlier accepted evidence and consumes one attempt (772.7413ms)
✔ live acquisition failure is retained once without raw error text or a retry (277.1832ms)
✔ pause and stop during failed acquisition remain effective without a new admitted attempt (1939.2218ms)
✔ deadline crossing during failed acquisition prevents late attempt admission (1.5176ms)
✔ interruption during failed acquisition prevents a new admitted attempt (1.1351ms)
✔ duration bounds stop admission after collection without writing a late result (1.0308ms)
✔ interruption during an interval exits without another audit (1.2055ms)
✔ control commands delegate exact action, source and reason without collecting (2.9677ms)
✔ status exposes bounded metadata and no retained finding text (1.2912ms)
✔ one audit writes source-bound immutable private reports and an advisory handoff (463.6989ms)
✔ fresh capture timestamps and transport metrics alone produce no new report or proposal across restart (666.5443ms)
✔ live state binds the exact selected principal and profile through restart and controls (2388.4799ms)
✔ profile metadata cannot convert supplied evidence or a different live principal into accepted observations (354.1699ms)
✔ changed scoped content produces a new receipt while retaining stable finding dedupe (514.403ms)
✔ resolved findings are recorded without claiming a remote correction (506.6352ms)
✔ stale input fails and preserves a failed attempt, never reusing previous success (622.528ms)
✔ future input fails and preserves a failed attempt, never reusing previous success (579.6785ms)
✔ incomplete input fails and preserves a failed attempt, never reusing previous success (593.5493ms)
✔ source drift fails and preserves a failed attempt, never reusing previous success (572.0894ms)
✔ changing the caller source pin cannot migrate an existing directory (441.6779ms)
✔ pause prevents input use, resume retains dedupe, and stop cannot resume (2196.2265ms)
✔ concurrent cycles have one winner and never create duplicate accepted receipts (342.8665ms)
✔ retained locks fail closed without PID reuse or timeout-based recovery (17.4248ms)
✔ incomplete intent and rollback to an older checkpoint refuse replay (560.8221ms)
✔ tampered referenced artifacts are rejected and preserved (298.8216ms)
✔ output-directory redirection refuses writes through a symlink or junction (10.4394ms)
✔ an unexpected output file is retained, not overwritten or removed (18.413ms)
✔ status rejects unexpected files in initialized state before accepting its control projection (240.457ms)
✔ missing, traversal-style and incomplete control requests do not create authority (3.8652ms)
✔ live source claims retain the existing collector identity and zero-write metadata (258.4418ms)
✔ finite convenience API has explicit bounds and performs no scheduling (855.7793ms)
✔ state and artifact redirection are not followed on read (266.4069ms)
✔ alter of earlier history is detected after a newer successful cycle (633.4846ms)
✔ delete of earlier history is detected after a newer successful cycle (673.2462ms)
✔ changed implementation pins fail before a new intent is written (394.8048ms)
✔ a directory replaced while a caller holds its lock cannot redirect any artifact write (311.9402ms)
✔ actual corpus activation and retirement change only separately bound advisory output (1249.2056ms)
✔ expiry invalidates cached advisory annotations even without corpus byte changes (582.5081ms)
✔ mixed retained controls and new cycles enforce one transition bound with a reserved terminal stop (61678.5045ms)
✔ accepted snapshots with omitted optional metadata produce parseable JSON artifacts and replay (472.2907ms)
✔ optional auditor metadata works through the real feedback evidence and recurring consumer bridge (693.0456ms)
✔ policy has the ten requested workstreams and never assigns people (3.3991ms)
✔ classification supports Multiplayer (6.4132ms)
✔ classification supports UX/UI (1.7935ms)
✔ classification supports Multi-system execution (1.41ms)
✔ classification supports Janitor (1.36ms)
✔ classification supports Dynamic agent teams (1.2151ms)
✔ classification supports DevOps/PR review/branch protection (1.9376ms)
✔ classification supports Security (1.2974ms)
✔ classification supports Agent communication layer (1.2679ms)
✔ classification supports Dark factory automation (1.2916ms)
✔ classification supports Backend scalability / pub-sub (1.1573ms)
✔ classification preserves labels and assignees (12.1711ms)
✔ UX alias means UX/UI (13.9127ms)
✔ an unassigned issue is not a violation (4.9748ms)
✔ full fixture audit has zero mutations and catches closing-link conflict (5ms)
✔ non-closing prose overrides no native link, not unrelated partial references (3.9583ms)
✔ explicit do-not-close linked issue is flagged (3.5992ms)
✔ closed unmerged PR does not close an open issue (4.1288ms)
✔ reopened issue remains open after a historical merged PR (3.592ms)
✔ no automatic close for several partial PRs (4.1605ms)
✔ only explicit dependency section is interpreted (0.1626ms)
✔ code fences and quoted references are not dependency authority (0.2058ms)
✔ native/text dependency disagreement is flagged (3.8973ms)
✔ matching dependencies do not produce a mismatch (4.074ms)
✔ dependency cycles are bounded and reported once (4.1053ms)
✔ parent hierarchy mismatch and cycle are detected (3.8476ms)
✔ outside-scope dependency is not fetched or treated as complete (3.7956ms)
✔ missing local dependency is unverified, not closed (4.6331ms)
✔ open issue marked Done is flagged without changing the board (3.9294ms)
✔ unknown workstream is a review hint, not a rename (3.2524ms)
✔ locked default branch is flagged, without bypass (3.6565ms)
✔ stale PR source head is reported (4.0674ms)
✔ current independent review is accepted as evidence (3.824ms)
✔ author approval is not current independent human approval (3.689ms)
✔ bot approval is not current independent human approval (3.6158ms)
✔ old-head approval is not current independent human approval (3.7993ms)
✔ later comment does not erase a valid prior approval (3.6164ms)
✔ failed checks and requested changes are surfaced (3.8766ms)
✔ missing checks are not a success (3.7332ms)
✔ stale snapshots are labeled (3.8435ms)
✔ future snapshots fail closed (1.5282ms)
✔ finding IDs are stable across repeated reads (6.7856ms)
✔ reported secrets are redacted and Markdown is escaped (10.2032ms)
✔ refuses: assign #50 to example-user (4.438ms)
✔ refuses: label #50 multiplayer (4.3063ms)
✔ refuses: close #50 (4.8059ms)
✔ refuses: merge PR #237 (4.6259ms)
✔ refuses: enable auto-merge (4.6613ms)
✔ refuses: delete a branch (4.5693ms)
✔ refuses: approve PR #237 (4.3427ms)
✔ refuses: can you change the rules (4.203ms)
✔ question answers use recorded evidence and canonical references (4.6902ms)
✔ reverse dependency questions list dependents (4.7234ms)
✔ unknown questions ask for clarification (4.6225ms)
✔ untrusted instruction text grants no tools (4.319ms)
✔ snapshot rejects wrong repo (1.0859ms)
✔ snapshot rejects wrong project (0.9576ms)
✔ snapshot rejects partial coverage (1.0344ms)
✔ snapshot rejects wrong count (1.0919ms)
✔ snapshot rejects duplicate issue (1.2043ms)
✔ snapshot rejects hostile URL (1.0903ms)
✔ snapshot rejects hidden project item (1.1285ms)
✔ snapshot rejects cross-repo item (1.1641ms)
✔ snapshot rejects duplicate project item (1.2499ms)
✔ snapshot rejects oversized body (1.1651ms)
✔ collector completes two matching passes with no writes (4.431ms)
✔ collector rejects issue drift between passes (3.0935ms)
✔ collector rejects incomplete nested dependencies (1.1284ms)
✔ collector rejects a changed PR head/check binding (1.26ms)
✔ collector rejects repeated pagination cursors (1.0966ms)
✔ collector rejects inaccessible connection entries (0.1445ms)
✔ read client verifies Bakar404 and never switches accounts (1.2633ms)
✔ explicit hash-pinned read principal does not change the pilot or read allowlist (24.1172ms)
✔ collector profile rejects changed scope or unsupported fields: repository (14.7025ms)
✔ collector profile rejects changed scope or unsupported fields: project_id (16.253ms)
✔ collector profile rejects changed scope or unsupported fields: project_number (14.1541ms)
✔ collector profile rejects changed scope or unsupported fields: token (15.657ms)
✔ collector profile rejects changed scope or unsupported fields: url (15.3019ms)
✔ collector profile rejects changed scope or unsupported fields: collector_login (15.2086ms)
✔ collector profile rejects wrong hashes, changed bytes and duplicate keys (42.6687ms)
✔ profiled collection records the actual principal and rejects identity or profile drift (29.7881ms)
✔ read client exposes no arbitrary query or write operation (1.1882ms)
✔ GraphQL cursor remains data, not executable query text (1.1132ms)
✔ GraphQL errors do not become accepted partial data (1.0156ms)
✔ GraphQL reserve prevents further reads (1.1359ms)
✔ collection has an elapsed-time bound (1.1702ms)
✔ dry run uses neither network nor output files (1.4899ms)
✔ CLI rejects apply (0.1408ms)
✔ CLI rejects audit --fixture --live (0.1026ms)
✔ CLI rejects audit --fixture --out ../escape.json (0.1385ms)
✔ CLI rejects audit --dry-run --out file.json (0.0915ms)
✔ CLI rejects audit --fixture --assign example-user (0.0776ms)
✔ CLI rejects ask --fixture (0.0795ms)
✔ actual CLI dry run works from another directory and has no network intent (140.4039ms)
✔ test chat prepares an evidence-based reply without sending it (6.156ms)
✔ test chat rejects wrong tenant (0.3152ms)
✔ test chat rejects wrong group (0.1456ms)
✔ test chat rejects personal chat (0.182ms)
✔ test chat rejects other channel (0.1301ms)
✔ test chat ignores messages without a mention (0.1321ms)
✔ test chat ignores its own messages (0.1236ms)
✔ test chat refuses mutation requests (5.03ms)
✔ no production mode or implicit binding (0.2949ms)
ℹ tests 227
ℹ suites 0
ℹ pass 227
ℹ fail 0
ℹ cancelled 0
ℹ skipped 0
ℹ todo 0
ℹ duration_ms 81871.1386
