   Compiling crony-domain v0.1.0 (<ISOLATED_CHECKOUT>\crates\crony-domain)
   Compiling crony-protocol v0.1.0 (<ISOLATED_CHECKOUT>\crates\crony-protocol)
   Compiling crony-runner v0.1.0 (<ISOLATED_CHECKOUT>\crates\crony-runner)
    Finished `test` profile [unoptimized + debuginfo] target(s) in 1m 08s
     Running unittests src\lib.rs (target\debug\deps\crony_domain-91264480058da572.exe)

running 3 tests
test factory_review_revision::tests::residual_authority_intersects_task_and_mission_limits ... ok
test factory_review_revision::tests::findings_cannot_claim_authority_or_escape_repository_locations ... ok
test factory_review_revision::tests::finding_links_require_valid_bounded_https_without_credentials ... ok

test result: ok. 3 passed; 0 failed; 0 ignored; 0 measured; 27 filtered out; finished in 0.00s

     Running unittests src\bin\crony-evidence-paths.rs (target\debug\deps\crony_evidence_paths-5f6a871811c33e51.exe)

running 0 tests

test result: ok. 0 passed; 0 failed; 0 ignored; 0 measured; 25 filtered out; finished in 0.00s

     Running unittests src\main.rs (target\debug\deps\crony_runner-2104c0dcf51cf14f.exe)

running 9 tests
review revision fixture: <USER_HOME>\AppData\Local\Temp\ecorp-review-revision-fixture reference 71f3754e1da76c28
review revision fixture: <USER_HOME>\AppData\Local\Temp\ecorp-review-revision-fixture reference 5babe9cd0444ab77
review revision fixture: <USER_HOME>\AppData\Local\Temp\ecorp-review-revision-fixture reference 92748d2229cbf41d
review revision fixture: <USER_HOME>\AppData\Local\Temp\ecorp-review-revision-fixture reference 606e9837f8c43220
review revision fixture: <USER_HOME>\AppData\Local\Temp\ecorp-review-revision-fixture reference 0c5d42d90c1309d0
review revision fixture: <USER_HOME>\AppData\Local\Temp\ecorp-review-revision-fixture reference 29d30cca6d4c2af3
review revision fixture: <USER_HOME>\AppData\Local\Temp\ecorp-review-revision-fixture reference 55f669990cb1bc02
review revision fixture: <USER_HOME>\AppData\Local\Temp\ecorp-review-revision-fixture reference 26fca4cee8c323b5
review revision fixture: <USER_HOME>\AppData\Local\Temp\ecorp-review-revision-fixture reference 98f77d705c52649b
test review_revision::tests::correction_rejects_tampered_signed_source_before_creating_work ... ok
test review_revision::tests::fresh_correction_restores_exact_publication_and_preserves_source ... ok
test review_revision::tests::correction_resume_rejects_lineage_and_config_mutation ... ok
test review_revision::tests::correction_export_rejects_lost_ancestry_and_out_of_scope_bytes ... ok
test review_revision::tests::correction_resume_rejects_redirected_native_metadata ... ok
test review_revision::tests::correction_resume_bounds_routing_metadata_and_rejects_includes ... ok
review revision fixture: <USER_HOME>\AppData\Local\Temp\ecorp-review-revision-fixture reference edb49f3a60ea7121
test review_revision::tests::correction_export_binds_verified_bytes_parent_mode_and_portable_ancestry ... ok
test review_revision::tests::correction_resume_requires_both_native_head_and_file_checkpoint ... ok
test review_revision::tests::correction_partial_and_complete_reverts_preserve_new_parent_and_clean_index ... ok

test result: ok. 9 passed; 0 failed; 0 ignored; 0 measured; 295 filtered out; finished in 50.85s
