    Finished `test` profile [unoptimized + debuginfo] target(s) in 5.56s
     Running unittests src\bin\crony-evidence-paths.rs (target\debug\deps\crony_evidence_paths-5f6a871811c33e51.exe)

running 0 tests

test result: ok. 0 passed; 0 failed; 0 ignored; 0 measured; 25 filtered out; finished in 0.00s

     Running unittests src\main.rs (target\debug\deps\crony_runner-2104c0dcf51cf14f.exe)

running 36 tests
canonical fixture: <ISOLATED_CHECKOUT>\crates\crony-runner\../../target\ecorp-canonical-test-fixture reference c4e266eee391a412
canonical fixture: <USER_HOME>\AppData\Local\Temp\ecorp-canonical-test-fixture reference 4bacb24925a44d40
canonical fixture: <USER_HOME>\AppData\Local\Temp\ecorp-canonical-test-fixture reference c9cc376d0238df2f
canonical fixture: <USER_HOME>\AppData\Local\Temp\ecorp-canonical-test-fixture reference 8ab410a8201eefbc
canonical fixture: <USER_HOME>\AppData\Local\Temp\ecorp-canonical-test-fixture reference bbd42f5b624b68d7
canonical fixture: <USER_HOME>\AppData\Local\Temp\ecorp-canonical-test-fixture reference 860e697c19634acf
canonical fixture: <USER_HOME>\AppData\Local\Temp\ecorp-canonical-test-fixture reference a7b68e0c10c5b6c8
canonical fixture: <USER_HOME>\AppData\Local\Temp\ecorp-canonical-test-fixture reference a1bbed2cf51d0943
canonical fixture: <USER_HOME>\AppData\Local\Temp\ecorp-canonical-test-fixture reference 93b57ffa39e2bba1
canonical fixture: <USER_HOME>\AppData\Local\Temp\ecorp-canonical-test-fixture reference 95e22c188a37acb0
canonical fixture: <USER_HOME>\AppData\Local\Temp\ecorp-canonical-test-fixture reference 9cf069c82eedd458
canonical fixture: <USER_HOME>\AppData\Local\Temp\ecorp-canonical-test-fixture reference 87455f9b99b83015
canonical fixture: <USER_HOME>\AppData\Local\Temp\ecorp-canonical-test-fixture reference 4b9ddf8c2b33d0d2
test deliverable::canonical_tests::canonical_private_git_success_reaps_descendants_before_snapshot_cleanup ... ok
canonical snapshots: <USER_HOME>\AppData\Local\Temp\
canonical fixture: <USER_HOME>\AppData\Local\Temp\ecorp-canonical-test-fixture reference d410c4ab67d1a173
test deliverable::canonical_tests::canonical_private_git_rejects_excess_diagnostic_output ... ok
test deliverable::canonical_tests::canonical_private_git_timeout_reaps_descendants_before_snapshot_cleanup ... ok
test deliverable::tests::archive_is_deterministic_and_includes_tracked_and_untracked_source ... ok
test deliverable::tests::commit_form_bundles_validated_branch_when_head_is_detached ... ok
test deliverable::tests::commit_form_updates_only_the_isolated_branch_after_verification ... ok
test deliverable::tests::git_pathspec_magic_is_rejected_before_staging ... ok
test deliverable::tests::default_export_rejects_changes_outside_task_write_scope ... ok
test deliverable::tests::nested_secret_directories_are_rejected_before_export ... ok
test deliverable::tests::scoped_archive_preserves_staged_and_unselected_source_exactly ... ok
GIT_TRACE: source="<USER_HOME>\\AppData\\Local\\Temp\\ecorp-deliverable-test-fixture reference 1c3e0ce68101e625"; evidence="<USER_HOME>\\AppData\\Local\\Temp\\ecorp-deliverable-test-fixture reference 1c3e0ce68101e625.evidence"
test deliverable::canonical_tests::canonical_git_routing_isolated_from_inherited_environment ... ok
test deliverable::tests::scoped_commit_excludes_unselected_committed_changes ... ok
canonical fixture: <USER_HOME>\AppData\Local\Temp\ecorp-canonical-test-fixture reference 499feae6a798c1e7
test deliverable::canonical_tests::canonical_export_supports_long_windows_paths_without_changing_git_config ... ok
test deliverable::tests::sensitive_directories_match_at_every_depth ... ok
test deliverable::tests::secret_like_paths_are_rejected_before_export ... ok
test deliverable::tests::scoped_commit_preserves_unselected_staged_work ... ok
test deliverable::tests::scoped_commit_reset_treats_selected_paths_literally ... ok
ignored permission fixture: <USER_HOME>\AppData\Local\Temp\ecorp-ignored-permissions-fixture reference 593a2cee6c015a7c
test deliverable::verification::tests::canonical_ignored_input_copies_and_fingerprints_captured_permissions ... ok
ignored permission fixture: <USER_HOME>\AppData\Local\Temp\ecorp-ignored-permissions-fixture reference 593748bb7dd43f74
ignored permission fixture: <USER_HOME>\AppData\Local\Temp\ecorp-ignored-permissions-fixture reference c72d87744388bdf5
test deliverable::verification::tests::canonical_ignored_input_preserves_unchanged_native_permissions ... ok
ignored permission fixture: <USER_HOME>\AppData\Local\Temp\ecorp-ignored-permissions-fixture reference d7a6ad46dd635125
test deliverable::verification::tests::canonical_ignored_input_rejects_permission_change_between_stat_and_open ... ok
GIT_TRACE_PERFORMANCE: source="<USER_HOME>\\AppData\\Local\\Temp\\ecorp-deliverable-test-fixture reference c37aa7b9e145a245"; evidence="<USER_HOME>\\AppData\\Local\\Temp\\ecorp-deliverable-test-fixture reference c37aa7b9e145a245.evidence"
test deliverable::canonical_tests::canonical_inputs_preserve_selected_tree_and_separate_dependencies_and_artifacts ... ok
test deliverable::canonical_tests::canonical_commands_have_private_git_context_and_fresh_build_outputs ... ok
test deliverable::tests::verifier_only_export_rejects_unselected_preserved_head_changes ... ok
test deliverable::verification::tests::canonical_raw_blob_rejection_waits_for_process_exit ... ok
test deliverable::canonical_tests::canonical_materialization_ignores_smudge_ident_and_archive_attributes_after_selection ... ok
test deliverable::tests::verifier_only_export_preserves_post_base_git_modes_and_readonly_source ... ok
{"canonical_passed":false,"case":"autocrlf_crlf","checks":[{"check_index":0,"kind":"test","passed":false,"payload":{"args":["tools/check_migrations.mjs"],"cache_suppression":{"cleanup_authorized":false,"policy":null,"requested_argument_prefix":[],"requested_environment":{},"scope":"verifier_child","source":"none","zero_cache_writes_verified":false},"error":"\"node\" exited with exit code: 1; resolution_mode=path_pathext; resolved_executable=node.exe; stderr=node:internal/modules/run_main:107\r\n    triggerUncaughtException(\r\n    ^\r\n\r\nAssertionError [ERR_ASSERTION]: migration 9999 was modified; append a new migration instead\r\n+ actual - expected\r\n\r\n+ '86653ea76cc127a46ab9e830f5a3d3372a2caa2c64b786e0469e08a4607b406ed7a23dc33b7a9066ae8474cbf9e74fb6'\r\n- 'e28a421a1aa2db21fc3e3102e9d08b3f45c80e7c19bca30b62032bd5b81c3b87f9e2d641ab95ddd329c519de11cc9658'\r\n\r\n    at file:///<USER_HOME>/AppData/Local/Temp/ecorp-verification-snapshots/bcf1e6fa407d4bf184fa4360b35788e4-fb297e71b0a044449a6ad2f4fc45fba9/tools/check_migrations.mjs:35:10 {\r\n  generatedMessage: false,\r\n  code: 'ERR_ASSERTION',\r\n  actual: '86653ea76cc127a46ab9e830f5a3d3372a2caa2c64b786e0469e08a4607b406ed7a23dc33b7a9066ae8474cbf9e74fb6',\r\n  expected: 'e28a421a1aa2db21fc3e3102e9d08b3f45c80e7c19bca30b62032bd5b81c3b87f9e2d641ab95ddd329c519de11cc9658',\r\n  operator: 'strictEqual',\r\n  diff: 'simple'\r\n}\r\n\r\nNode.js v24.21.0\r\n","exit_code":1,"program":"node","requested_program":"node","resolution_mode":"path_pathext","resolved_executable":{"canonical_path_sha256":"f2926d0d08f10bd3d13c0997104f0072ad5d4f632d828bae37cc964cf0536b69","file_name":"node.exe"},"source":{"base_commit":"c258ca99984e98617419655fa5862e2ff82ef046","candidate_commit":"0fdf6f29b107d4ba4f01557bbb4afb624f2a8b9c","ignored_input_bytes":0,"ignored_input_count":0,"ignored_input_sha256":"e3b0c44298fc1c149afbf4c8996fb92427ae41e4649b934ca495991b7852b855","tree":"d8395d9152be20785873e869f474ea78eb155074"},"stderr":"node:internal/modules/run_main:107\r\n    triggerUncaughtException(\r\n    ^\r\n\r\nAssertionError [ERR_ASSERTION]: migration 9999 was modified; append a new migration instead\r\n+ actual - expected\r\n\r\n+ '86653ea76cc127a46ab9e830f5a3d3372a2caa2c64b786e0469e08a4607b406ed7a23dc33b7a9066ae8474cbf9e74fb6'\r\n- 'e28a421a1aa2db21fc3e3102e9d08b3f45c80e7c19bca30b62032bd5b81c3b87f9e2d641ab95ddd329c519de11cc9658'\r\n\r\n    at file:///<USER_HOME>/AppData/Local/Temp/ecorp-verification-snapshots/bcf1e6fa407d4bf184fa4360b35788e4-fb297e71b0a044449a6ad2f4fc45fba9/tools/check_migrations.mjs:35:10 {\r\n  generatedMessage: false,\r\n  code: 'ERR_ASSERTION',\r\n  actual: '86653ea76cc127a46ab9e830f5a3d3372a2caa2c64b786e0469e08a4607b406ed7a23dc33b7a9066ae8474cbf9e74fb6',\r\n  expected: 'e28a421a1aa2db21fc3e3102e9d08b3f45c80e7c19bca30b62032bd5b81c3b87f9e2d641ab95ddd329c519de11cc9658',\r\n  operator: 'strictEqual',\r\n  diff: 'simple'\r\n}\r\n\r\nNode.js v24.21.0\r\n","stdout":""},"summary":"\"node\" exited with exit code: 1; resolution_mode=path_pathext; resolved_executable=node.exe; stderr=node:internal/modules/run_main:107\r\n    triggerUncaughtException(\r\n    ^\r\n\r\nAssertionError [ERR_ASSERTION]: migration 9999 was modified; append a new migration instead\r\n+ actual - expected\r\n\r\n+ '86653ea76cc127a46ab9e830f5a3d3372a2caa2c64b786e0469e08a4607b406ed7a23dc33b7a9066ae8474cbf9e74fb6'\r\n- 'e28a421a1aa2db21fc3e3102e9d08b3f45c80e7c19bca30b62032bd5b81c3b87f9e2d641ab95ddd329c519de11cc9658'\r\n\r\n    at file:///<USER_HOME>/AppData/Local/Temp/ecorp-verification-snapshots/bcf1e6fa407d4bf184fa4360b35788e4-fb297e71b0a044449a6ad2f4fc45fba9/tools/check_migrations.mjs:35:10 {\r\n  generatedMessage: false,\r\n  code: 'ERR_ASSERTION',\r\n  actual: '86653ea76cc127a46ab9e830f5a3d3372a2caa2c64b786e0469e08a4607b406ed7a23dc33b7a9066ae8474cbf9e74fb6',\r\n  expected: 'e28a421a1aa2db21fc3e3102e9d08b3f45c80e7c19bca30b62032bd5b81c3b87f9e2d641ab95ddd329c519de11cc9658',\r\n  operator: 'strictEqual',\r\n  diff: 'simple'\r\n}\r\n\r\nNode.js v24.21.0\r\n"}],"export_rejected":true,"physical_passed":true,"tree":"d8395d9152be20785873e869f474ea78eb155074"}
canonical fixture: <USER_HOME>\AppData\Local\Temp\ecorp-canonical-test-fixture reference 26b81fd920c40f08
test deliverable::canonical_tests::canonical_snapshot_streams_packs_larger_than_diagnostic_output_limit ... ok
canonical fixture: <USER_HOME>\AppData\Local\Temp\ecorp-canonical-test-fixture reference eeb6f46a824a8431
GIT_TRACE_SETUP: source="<USER_HOME>\\AppData\\Local\\Temp\\ecorp-deliverable-test-fixture reference 32cb6cefbf8060c7"; evidence="<USER_HOME>\\AppData\\Local\\Temp\\ecorp-deliverable-test-fixture reference 32cb6cefbf8060c7.evidence"
test deliverable::tests::verifier_only_export_preserves_the_existing_head_commit ... ok
test deliverable::canonical_tests::canonical_private_git_contains_only_candidate_and_base_history ... ok
test deliverable::canonical_tests::canonical_export_is_frozen_despite_later_physical_edits_and_real_index_staging ... ok
canonical fixture: <USER_HOME>\AppData\Local\Temp\ecorp-canonical-test-fixture reference 7fa90198fa097d3b
GIT_TRACE2: source="<USER_HOME>\\AppData\\Local\\Temp\\ecorp-deliverable-test-fixture reference 51d903ba25cf759b"; evidence="<USER_HOME>\\AppData\\Local\\Temp\\ecorp-deliverable-test-fixture reference 51d903ba25cf759b.evidence"
test deliverable::canonical_tests::canonical_cancellation_cleans_owned_snapshots_and_cannot_authorize_export ... ok
test deliverable::canonical_tests::canonical_links_rebase_internal_dependencies_and_reject_external_targets ... ok
canonical fixture: <USER_HOME>\AppData\Local\Temp\ecorp-canonical-test-fixture reference 0736801db1be1108
GIT_TRACE2_EVENT: source="<USER_HOME>\\AppData\\Local\\Temp\\ecorp-deliverable-test-fixture reference be5b132348b77164"; evidence="<USER_HOME>\\AppData\\Local\\Temp\\ecorp-deliverable-test-fixture reference be5b132348b77164.evidence"
{"canonical_passed":false,"case":"explicit_lf_crlf","checks":[{"check_index":0,"kind":"test","passed":false,"payload":{"args":["tools/check_migrations.mjs"],"cache_suppression":{"cleanup_authorized":false,"policy":null,"requested_argument_prefix":[],"requested_environment":{},"scope":"verifier_child","source":"none","zero_cache_writes_verified":false},"error":"\"node\" exited with exit code: 1; resolution_mode=path_pathext; resolved_executable=node.exe; stderr=node:internal/modules/run_main:107\r\n    triggerUncaughtException(\r\n    ^\r\n\r\nAssertionError [ERR_ASSERTION]: migration 9999 was modified; append a new migration instead\r\n+ actual - expected\r\n\r\n+ '86653ea76cc127a46ab9e830f5a3d3372a2caa2c64b786e0469e08a4607b406ed7a23dc33b7a9066ae8474cbf9e74fb6'\r\n- 'e28a421a1aa2db21fc3e3102e9d08b3f45c80e7c19bca30b62032bd5b81c3b87f9e2d641ab95ddd329c519de11cc9658'\r\n\r\n    at file:///<USER_HOME>/AppData/Local/Temp/ecorp-verification-snapshots/376ca704a7d2452c81221aa2ad124f37-54677590ffee42c088641f76c906ef35/tools/check_migrations.mjs:35:10 {\r\n  generatedMessage: false,\r\n  code: 'ERR_ASSERTION',\r\n  actual: '86653ea76cc127a46ab9e830f5a3d3372a2caa2c64b786e0469e08a4607b406ed7a23dc33b7a9066ae8474cbf9e74fb6',\r\n  expected: 'e28a421a1aa2db21fc3e3102e9d08b3f45c80e7c19bca30b62032bd5b81c3b87f9e2d641ab95ddd329c519de11cc9658',\r\n  operator: 'strictEqual',\r\n  diff: 'simple'\r\n}\r\n\r\nNode.js v24.21.0\r\n","exit_code":1,"program":"node","requested_program":"node","resolution_mode":"path_pathext","resolved_executable":{"canonical_path_sha256":"f2926d0d08f10bd3d13c0997104f0072ad5d4f632d828bae37cc964cf0536b69","file_name":"node.exe"},"source":{"base_commit":"cdc41c1360b52df4032c2c8982f813a39bec2e24","candidate_commit":"a4dc19dc7ec1d8d042909ab627d728f5f6fec07f","ignored_input_bytes":0,"ignored_input_count":0,"ignored_input_sha256":"e3b0c44298fc1c149afbf4c8996fb92427ae41e4649b934ca495991b7852b855","tree":"ddcd7d9dda48b35e7cd79fa4ecb2f890c8b7fa46"},"stderr":"node:internal/modules/run_main:107\r\n    triggerUncaughtException(\r\n    ^\r\n\r\nAssertionError [ERR_ASSERTION]: migration 9999 was modified; append a new migration instead\r\n+ actual - expected\r\n\r\n+ '86653ea76cc127a46ab9e830f5a3d3372a2caa2c64b786e0469e08a4607b406ed7a23dc33b7a9066ae8474cbf9e74fb6'\r\n- 'e28a421a1aa2db21fc3e3102e9d08b3f45c80e7c19bca30b62032bd5b81c3b87f9e2d641ab95ddd329c519de11cc9658'\r\n\r\n    at file:///<USER_HOME>/AppData/Local/Temp/ecorp-verification-snapshots/376ca704a7d2452c81221aa2ad124f37-54677590ffee42c088641f76c906ef35/tools/check_migrations.mjs:35:10 {\r\n  generatedMessage: false,\r\n  code: 'ERR_ASSERTION',\r\n  actual: '86653ea76cc127a46ab9e830f5a3d3372a2caa2c64b786e0469e08a4607b406ed7a23dc33b7a9066ae8474cbf9e74fb6',\r\n  expected: 'e28a421a1aa2db21fc3e3102e9d08b3f45c80e7c19bca30b62032bd5b81c3b87f9e2d641ab95ddd329c519de11cc9658',\r\n  operator: 'strictEqual',\r\n  diff: 'simple'\r\n}\r\n\r\nNode.js v24.21.0\r\n","stdout":""},"summary":"\"node\" exited with exit code: 1; resolution_mode=path_pathext; resolved_executable=node.exe; stderr=node:internal/modules/run_main:107\r\n    triggerUncaughtException(\r\n    ^\r\n\r\nAssertionError [ERR_ASSERTION]: migration 9999 was modified; append a new migration instead\r\n+ actual - expected\r\n\r\n+ '86653ea76cc127a46ab9e830f5a3d3372a2caa2c64b786e0469e08a4607b406ed7a23dc33b7a9066ae8474cbf9e74fb6'\r\n- 'e28a421a1aa2db21fc3e3102e9d08b3f45c80e7c19bca30b62032bd5b81c3b87f9e2d641ab95ddd329c519de11cc9658'\r\n\r\n    at file:///<USER_HOME>/AppData/Local/Temp/ecorp-verification-snapshots/376ca704a7d2452c81221aa2ad124f37-54677590ffee42c088641f76c906ef35/tools/check_migrations.mjs:35:10 {\r\n  generatedMessage: false,\r\n  code: 'ERR_ASSERTION',\r\n  actual: '86653ea76cc127a46ab9e830f5a3d3372a2caa2c64b786e0469e08a4607b406ed7a23dc33b7a9066ae8474cbf9e74fb6',\r\n  expected: 'e28a421a1aa2db21fc3e3102e9d08b3f45c80e7c19bca30b62032bd5b81c3b87f9e2d641ab95ddd329c519de11cc9658',\r\n  operator: 'strictEqual',\r\n  diff: 'simple'\r\n}\r\n\r\nNode.js v24.21.0\r\n"}],"export_rejected":true,"physical_passed":true,"tree":"ddcd7d9dda48b35e7cd79fa4ecb2f890c8b7fa46"}
canonical fixture: <USER_HOME>\AppData\Local\Temp\ecorp-canonical-test-fixture reference b760ee0a2a309b2e
canonical fixture: <USER_HOME>\AppData\Local\Temp\ecorp-canonical-test-fixture reference e82fe910e923e27d
GIT_TRACE2_PERF: source="<USER_HOME>\\AppData\\Local\\Temp\\ecorp-deliverable-test-fixture reference 284b395f4d3dcaf3"; evidence="<USER_HOME>\\AppData\\Local\\Temp\\ecorp-deliverable-test-fixture reference 284b395f4d3dcaf3.evidence"
test deliverable::canonical_tests::canonical_export_rejects_report_index_and_original_head_tampering ... ok
git_trace: source="<USER_HOME>\\AppData\\Local\\Temp\\ecorp-deliverable-test-fixture reference 81d2e47ba0b850a4"; evidence="<USER_HOME>\\AppData\\Local\\Temp\\ecorp-deliverable-test-fixture reference 81d2e47ba0b850a4.evidence"
GiT_tRaCe2_EvEnT: source="<USER_HOME>\\AppData\\Local\\Temp\\ecorp-deliverable-test-fixture reference f5a9fa48b3758d2f"; evidence="<USER_HOME>\\AppData\\Local\\Temp\\ecorp-deliverable-test-fixture reference f5a9fa48b3758d2f.evidence"
test deliverable::canonical_tests::canonical_checks_reject_raw_source_index_head_and_untracked_mutation ... ok
test deliverable::canonical_tests::canonical_migration_checks_cover_conversion_selection_and_clean_runner_commits has been running for over 60 seconds
GIT_CONFIG_COUNT: source="<USER_HOME>\\AppData\\Local\\Temp\\ecorp-deliverable-test-fixture reference 69835ea17e0c5231"; evidence="<USER_HOME>\\AppData\\Local\\Temp\\ecorp-deliverable-test-fixture reference 69835ea17e0c5231.evidence"
test deliverable::tests::native_export_matches_checker_under_inherited_tracing ... ok
{"canonical_passed":true,"canonical_sha256":"bfeeeb14f25c8324886d547f41ba32d4506730c5506f6cb8e8ee0bcb6e2a444a","case":"lf_control","clean_export_passed":true,"head":"7eb79f92f686d5eebad0c1f2b2f094418c93e95c","historical_migrations_unchanged":58,"physical_passed":true,"physical_sha256":"bfeeeb14f25c8324886d547f41ba32d4506730c5506f6cb8e8ee0bcb6e2a444a","tree":"35500a0849a48f7fbed7aa3f3eeb579b1248a658"}
canonical fixture: <USER_HOME>\AppData\Local\Temp\ecorp-canonical-test-fixture reference d0d92c9c22616da7
{"canonical_passed":true,"canonical_sha256":"118cb49dc48343e10e7f4266da28eaf12b198c8b877d859160484e54a6f662ee","case":"binary_crlf_control","clean_export_passed":true,"head":"c41c933a56e5cebc3cb5c50b4b2e2b02bc982f82","historical_migrations_unchanged":58,"physical_passed":true,"physical_sha256":"118cb49dc48343e10e7f4266da28eaf12b198c8b877d859160484e54a6f662ee","tree":"17996df9e90c3a0ed252c19fb0b417959f337997"}
canonical fixture: <USER_HOME>\AppData\Local\Temp\ecorp-canonical-test-fixture reference 0c1286d217e6acf5
{"canonical_passed":false,"case":"omitted_manifest","checks":[{"check_index":0,"kind":"test","passed":false,"payload":{"args":["tools/check_migrations.mjs"],"cache_suppression":{"cleanup_authorized":false,"policy":null,"requested_argument_prefix":[],"requested_environment":{},"scope":"verifier_child","source":"none","zero_cache_writes_verified":false},"error":"\"node\" exited with exit code: 1; resolution_mode=path_pathext; resolved_executable=node.exe; stderr=node:internal/modules/run_main:107\r\n    triggerUncaughtException(\r\n    ^\r\n\r\nAssertionError [ERR_ASSERTION]: Expected values to be strictly equal:\r\n\r\n58 !== 59\r\n\r\n    at file:///<USER_HOME>/AppData/Local/Temp/ecorp-verification-snapshots/75667031bed24ac2b51a68a651c5618d-63270e4dc21a45f29eef7a735f1dfdd8/tools/check_migrations.mjs:15:8 {\r\n  generatedMessage: true,\r\n  code: 'ERR_ASSERTION',\r\n  actual: 58,\r\n  expected: 59,\r\n  operator: 'strictEqual',\r\n  diff: 'simple'\r\n}\r\n\r\nNode.js v24.21.0\r\n","exit_code":1,"program":"node","requested_program":"node","resolution_mode":"path_pathext","resolved_executable":{"canonical_path_sha256":"f2926d0d08f10bd3d13c0997104f0072ad5d4f632d828bae37cc964cf0536b69","file_name":"node.exe"},"source":{"base_commit":"32b39450c372f678eaa2043cf70188bc20765026","candidate_commit":"9ea8b6232c8fdef1e853dca8252ffc55c9564d46","ignored_input_bytes":0,"ignored_input_count":0,"ignored_input_sha256":"e3b0c44298fc1c149afbf4c8996fb92427ae41e4649b934ca495991b7852b855","tree":"4446ec9f280b983c95e2c97361e7a65d2deeb031"},"stderr":"node:internal/modules/run_main:107\r\n    triggerUncaughtException(\r\n    ^\r\n\r\nAssertionError [ERR_ASSERTION]: Expected values to be strictly equal:\r\n\r\n58 !== 59\r\n\r\n    at file:///<USER_HOME>/AppData/Local/Temp/ecorp-verification-snapshots/75667031bed24ac2b51a68a651c5618d-63270e4dc21a45f29eef7a735f1dfdd8/tools/check_migrations.mjs:15:8 {\r\n  generatedMessage: true,\r\n  code: 'ERR_ASSERTION',\r\n  actual: 58,\r\n  expected: 59,\r\n  operator: 'strictEqual',\r\n  diff: 'simple'\r\n}\r\n\r\nNode.js v24.21.0\r\n","stdout":""},"summary":"\"node\" exited with exit code: 1; resolution_mode=path_pathext; resolved_executable=node.exe; stderr=node:internal/modules/run_main:107\r\n    triggerUncaughtException(\r\n    ^\r\n\r\nAssertionError [ERR_ASSERTION]: Expected values to be strictly equal:\r\n\r\n58 !== 59\r\n\r\n    at file:///<USER_HOME>/AppData/Local/Temp/ecorp-verification-snapshots/75667031bed24ac2b51a68a651c5618d-63270e4dc21a45f29eef7a735f1dfdd8/tools/check_migrations.mjs:15:8 {\r\n  generatedMessage: true,\r\n  code: 'ERR_ASSERTION',\r\n  actual: 58,\r\n  expected: 59,\r\n  operator: 'strictEqual',\r\n  diff: 'simple'\r\n}\r\n\r\nNode.js v24.21.0\r\n"}],"export_rejected":true,"physical_passed":true,"tree":"4446ec9f280b983c95e2c97361e7a65d2deeb031"}
canonical fixture: <USER_HOME>\AppData\Local\Temp\ecorp-canonical-test-fixture reference e71e22fc4151b295
{"canonical_passed":true,"canonical_sha256":"bfeeeb14f25c8324886d547f41ba32d4506730c5506f6cb8e8ee0bcb6e2a444a","case":"canonical_manifest_crlf","clean_export_passed":true,"head":"dd951a22dac9de12337bfc0c95d2252a6573f709","historical_migrations_unchanged":58,"physical_passed":false,"physical_sha256":"118cb49dc48343e10e7f4266da28eaf12b198c8b877d859160484e54a6f662ee","tree":"35500a0849a48f7fbed7aa3f3eeb579b1248a658"}
test deliverable::canonical_tests::canonical_migration_checks_cover_conversion_selection_and_clean_runner_commits ... ok

test result: ok. 36 passed; 0 failed; 0 ignored; 0 measured; 268 filtered out; finished in 123.47s
