    Finished `test` profile [unoptimized + debuginfo] target(s) in 0.91s
     Running unittests src\bin\crony-evidence-paths.rs (target\debug\deps\crony_evidence_paths-5f6a871811c33e51.exe)

running 0 tests

test result: ok. 0 passed; 0 failed; 0 ignored; 0 measured; 25 filtered out; finished in 0.00s

     Running unittests src\main.rs (target\debug\deps\crony_runner-2104c0dcf51cf14f.exe)

running 9 tests
review revision fixture: <USER_HOME>\AppData\Local\Temp\ecorp-review-revision-fixture reference 398216dff0866b6c
review revision fixture: <USER_HOME>\AppData\Local\Temp\ecorp-review-revision-fixture reference e9afb05706a79ba6
review revision fixture: <USER_HOME>\AppData\Local\Temp\ecorp-review-revision-fixture reference f2bfd51e2ee3f42d
review revision fixture: <USER_HOME>\AppData\Local\Temp\ecorp-review-revision-fixture reference f65ea5874c87c3c1
review revision fixture: <USER_HOME>\AppData\Local\Temp\ecorp-review-revision-fixture reference be37dee97920f372
review revision fixture: <USER_HOME>\AppData\Local\Temp\ecorp-review-revision-fixture reference 781b7d4b528ceac8
review revision fixture: <USER_HOME>\AppData\Local\Temp\ecorp-review-revision-fixture reference c950382c6b46d5b5
review revision fixture: <USER_HOME>\AppData\Local\Temp\ecorp-review-revision-fixture reference 6b763e6bed310b8b
review revision fixture: <USER_HOME>\AppData\Local\Temp\ecorp-review-revision-fixture reference c3ec4b19257eb6b3
test review_revision::tests::correction_rejects_tampered_signed_source_before_creating_work ... ok
test review_revision::tests::fresh_correction_restores_exact_publication_and_preserves_source ... ok
test review_revision::tests::correction_resume_rejects_redirected_native_metadata ... ok
test review_revision::tests::correction_resume_rejects_lineage_and_config_mutation ... ok
test review_revision::tests::correction_export_rejects_lost_ancestry_and_out_of_scope_bytes ... ok
test review_revision::tests::correction_resume_bounds_routing_metadata_and_rejects_includes ... ok
review revision fixture: <USER_HOME>\AppData\Local\Temp\ecorp-review-revision-fixture reference 7cfb34bbc643c3b6
test review_revision::tests::correction_export_binds_verified_bytes_parent_mode_and_portable_ancestry ... ok
test review_revision::tests::correction_resume_requires_both_native_head_and_file_checkpoint ... ok
test review_revision::tests::correction_partial_and_complete_reverts_preserve_new_parent_and_clean_index ... ok

test result: ok. 9 passed; 0 failed; 0 ignored; 0 measured; 295 filtered out; finished in 51.86s
