✔ explicit collector profile requires a hash and cannot relabel a supplied snapshot (3.9507ms)
✔ recurrence requires finite explicit bounds before reading any input (0.9233ms)
✔ finite recurrence reloads snapshot and feedback on every cycle (16.881ms)
✔ paused and stopped records prevent collection and input reads (54.4514ms)
✔ exhausted persisted attempts reject before snapshot, feedback or live collection (17.096ms)
✔ watch admits the final allowed attempt and then stops before collecting another snapshot (10.6561ms)
✔ source mismatch refuses before reading snapshot or feedback (3.9668ms)
✔ a failed cycle stops recurrence without retrying or losing the failure (4.4521ms)
✔ first snapshot acquisition failure retains one sanitized failed attempt (816.2556ms)
✔ later corpus acquisition failure preserves earlier accepted evidence and consumes one attempt (1785.8156ms)
✔ live acquisition failure is retained once without raw error text or a retry (671.1253ms)
✔ pause and stop during failed acquisition remain effective without a new admitted attempt (3574.3502ms)
✔ deadline crossing during failed acquisition prevents late attempt admission (9.1544ms)
✔ interruption during failed acquisition prevents a new admitted attempt (1.7321ms)
✔ duration bounds stop admission after collection without writing a late result (1.8027ms)
✔ interruption during an interval exits without another audit (1.8506ms)
✔ control commands delegate exact action, source and reason without collecting (5.4218ms)
✔ status exposes bounded metadata and no retained finding text (2.5908ms)
✔ Teams preview is disabled without exact configuration and reveals no secret (2.953ms)
✔ Teams environment cannot activate production or repo writes (1.4137ms)
✔ Teams rejects missing identities, missing secret, and factory ports (0.7848ms)
✔ Teams CLI has no secret argument or skip-auth switch (0.6659ms)
✔ native Teams SDK rejects unauthenticated requests on an owned loopback endpoint (28940.0771ms)
ℹ SDK host initialized after 28473ms; no listener yet
ℹ Owned loopback listener started after 28499ms
✔ test binding replies to a mention using recorded findings (50.6354ms)
✔ duplicate/concurrent activity produces one attempted reply (16.1076ms)
✔ uncertain Teams send is not blindly retried (10.7551ms)
✔ unapproved tenant/group/app/recipient are ignored before snapshot access (0.8852ms)
✔ mention-only routing and rate cap limit noise (21.4904ms)
✔ stale or invalid snapshots do not leak unverified answers (2.4872ms)
✔ Teams write requests get a refusal, not an operation (7.5304ms)
✔ model tool catalogue has only snapshot reads (9.4936ms)
✔ fences of another kind cannot create a dependency instruction (1.604ms)
✔ oversized issue numbers never become canonical reference URLs (0.2749ms)
✔ snapshot cannot substitute a same-named repository identity or execution grant (2.8582ms)
✔ a configured binding cannot silently move to another chat (0.2779ms)
✔ SDK startup collision is detected and leaves the existing listener untouched (21.4848ms)
✔ Windows short alias repository uses the same native source identity (9642.9511ms)
ℹ Executed with a distinct native Windows 8.3 alias
✔ Windows short alias scratch inside source rejects before creating an index (5430.3214ms)
ℹ Executed with a distinct native Windows 8.3 alias
✔ Windows short alias provider artifact is excluded from the candidate (7508.451ms)
ℹ Executed with a distinct native Windows 8.3 alias
✔ native GIT_TRACE isolation protects source bytes and candidate tree (3488.5362ms)
✔ native GIT_TRACE_PERFORMANCE isolation protects source bytes and candidate tree (3319.9496ms)
✔ native GIT_TRACE_SETUP isolation protects source bytes and candidate tree (3148.6062ms)
✔ native GIT_TRACE2 isolation protects source bytes and candidate tree (2954.1184ms)
✔ native GIT_TRACE2_EVENT isolation protects source bytes and candidate tree (3023.1773ms)
✔ native GIT_TRACE2_PERF isolation protects source bytes and candidate tree (3106.1098ms)
✔ inherited Git configuration cannot change canonical line-ending selection (4225.6872ms)
✔ native source-selection recipe is pinned; drift requires an explicit parity review (0.5841ms)
✔ RED untracked whitespace escapes old diff, fails new command; GREEN clean file passes (5912.1484ms)
✔ checks tracked bytes that are present in the worktree (3789.9261ms)
✔ checks staged modification bytes that are present in the worktree (3588.8279ms)
✔ checks staged addition bytes that are present in the worktree (3465.2303ms)
✔ staged-only bad bytes are not exported when the worktree has clean replacement bytes (4651.8059ms)
✔ clean staged bytes cannot hide bad worktree bytes or revive staged-only deleted additions (3319.1762ms)
✔ assigned base, not current HEAD, determines committed changes, deletions and renamed source (3439.2053ms)
✔ conflicted real index is untouched; physical resolution is checked just like native export (6768.5377ms)
✔ literal selection, spaces, leading dash, Unicode and brackets do not become Git pathspecs (4533.1025ms)
✔ selected absent, explicitly ignored and magic/escaping paths fail rather than widen selection (7366.6393ms)
✔ ignored evidence and runner-internal files are absent; provider artifacts reset to base, not deletion (4869.123ms)
✔ ignored files tracked by the seeded base remain selected; later ignored additions do not (5305.6358ms)
✔ CRLF conversion and attributes use Git blob bytes without rewriting source or index (4603.634ms)
✔ Windows verified-head seeding retains modes and resets every unselected committed path (4397.8978ms)
✔ binary blobs use native Git diff behavior, not an independent text scanner (3010.7795ms)
✔ a missing real index is neither read nor recreated (2582.3407ms)
✔ linked worktree Git control files and real index are not modified (3494.1247ms)
✔ invalid base, routing override, nested root and in-worktree scratch fail closed (6867.5397ms)
✔ an inherited alternate index is not used or changed (1866.3421ms)
✔ whole-check timeout is a command error, never whitespace success (1918.3222ms)
✔ spawn, buffer, signal and Git failures cannot masquerade as whitespace results (8317.5841ms)
✔ unexpected scratch contents cause visible cleanup failure and are preserved (1434.176ms)
✔ CLI rejects unknown, missing and unbounded arguments with exit 2 (5452.4318ms)
✔ F01 CLI reports unavailable revision without exposing arguments (2079.0942ms)
✔ F01 CLI reports missing literal selection without exposing arguments (2656.262ms)
✔ F01 CLI reports ignored literal selection without exposing arguments (2297.1411ms)
✔ F01 CLI retains safe native timeout classification (2544.6702ms)
✔ F01 CLI retains safe native output overflow classification (2663.9302ms)
✔ F01 CLI retains safe native spawn failure classification (2588.3557ms)
✔ F01 CLI retains safe signal classification (2535.3482ms)
✔ F01 CLI retains safe unrecognized filter failure classification (2470.1169ms)
✔ F01 CLI retains safe unknown child fields classification (2584.3528ms)
✔ F01 CLI retains safe timeout with whitespace-like output classification (2542.0322ms)
✔ F01 CLI retains safe overflow with whitespace-like output classification (2533.8945ms)
✔ F01 CLI separates cleanup failure from original failure (2143.9549ms)
✔ F01 CLI separates cleanup failure after successful check (2762.9483ms)
✔ F01 CLI suppresses unsafe parser/filesystem text and retains safe input guidance (3419.6808ms)
✔ F01 CLI correlates retained owned directories without revealing their sensitive root (3119.2516ms)
✔ F01 CLI recognizes a native required clean-filter failure, not a missing path (3726.8179ms)
✔ F02 native filter repeated delimiters (24000) cannot stall receipt or cleanup (4276.6049ms)
✔ F02 native filter repeated delimiters (349354) cannot stall receipt or cleanup (4378.2673ms)
✔ F02 final-line recognition handles hostile near-limit shapes without trusting their text (13995.4892ms)
{"status":"passed","platform":"win32","checks":["trusted image executes with inherited request/output pipes","digest mismatch rejects executable before its first instruction","multiply linked executable rejected","writer after final digest denied by retained read/execute handle","replacement after final digest denied","pre-existing data writer rejects launch","pre-existing writable mapping rejects launch","wrong mapped image killed while suspended without running poison","real ancestor reparse retarget before CreateProcess rejects wrong image","retarget after mapped-image verification executes the already verified image"]}
✔ native evidence launch admits only the verified executable across filesystem races (3347.8597ms)
✔ native wrapper rebuilds a poisoned Cargo artifact and rejects later private-executable tampering (6113.1317ms)
✔ personal paths include drive-relative, prefixed, escaped and alternate separators (2.5297ms)
✔ normalized placeholders and ordinary prose remain valid (0.4069ms)
✔ recursive packet scan and CLI reject a leak without printing its value (31701.5604ms)
✔ every retained PR226 packet including the latest correction is scanned (4829.9913ms)
✔ root and ancestor directory links cannot redirect an evidence scan (657.2438ms)
✔ nested and dangling directory links fail closed (434.0426ms)
✔ canonical containment rejects absolute cross-drive and UNC relative results (0.6014ms)
✔ actual Windows short alias succeeds while a linked ancestor still fails (1079.2325ms)
✔ native scanner rejects oversize sparse evidence (208.1869ms)
✔ empty evidence and a file at the byte limit are accepted (886.7386ms)
✔ native scanner rejects hard-linked evidence and preserves the shared file (213.0989ms)
✔ startup harness cleanup guards run in the required unit lane (1509.9345ms)
ℹ tests 103
ℹ suites 0
ℹ pass 103
ℹ fail 0
ℹ cancelled 0
ℹ skipped 0
ℹ todo 0
ℹ duration_ms 219894.8268
