TAP version 13
# Subtest: dry run executes no checks, creates no receipt and leaves source unchanged
ok 1 - dry run executes no checks, creates no receipt and leaves source unchanged
  ---
  duration_ms: 940.1718
  type: 'test'
  ...
# Subtest: native CLI preview states its platform Rust policy despite ambient parallelism
ok 2 - native CLI preview states its platform Rust policy despite ambient parallelism
  ---
  duration_ms: 1101.4675
  type: 'test'
  ...
# Subtest: unknown arguments cannot become commands
ok 3 - unknown arguments cannot become commands
  ---
  duration_ms: 642.6646
  type: 'test'
  ...
# Subtest: successful native tests produce observed counts and stable-source evidence
ok 4 - successful native tests produce observed counts and stable-source evidence
  ---
  duration_ms: 1826.4258
  type: 'test'
  ...
# Subtest: failing Node tests retain TAP diagnostics and complete long assertions
ok 5 - failing Node tests retain TAP diagnostics and complete long assertions
  ---
  duration_ms: 1754.05
  type: 'test'
  ...
# Subtest: failing gates retain complete stdout and stderr beyond the compact limit
ok 6 - failing gates retain complete stdout and stderr beyond the compact limit
  ---
  duration_ms: 1683.0092
  type: 'test'
  ...
# Subtest: native capture overflow is disclosed and remains failed evidence
ok 7 - native capture overflow is disclosed and remains failed evidence
  ---
  duration_ms: 1754.1018
  type: 'test'
  ...
# Subtest: failing first gate stops execution and marks later gates not run
ok 8 - failing first gate stops execution and marks later gates not run
  ---
  duration_ms: 1621.789
  type: 'test'
  ...
# Subtest: a passing test cannot certify source it modified during validation
ok 9 - a passing test cannot certify source it modified during validation
  ---
  duration_ms: 1499.1723
  type: 'test'
  ...
# Subtest: a test added between discovery and source capture cannot be certified without execution
ok 10 - a test added between discovery and source capture cannot be certified without execution
  ---
  duration_ms: 1589.3012
  type: 'test'
  ...
# Subtest: a config-only save after module load cannot certify tests selected by the old config
ok 11 - a config-only save after module load cannot certify tests selected by the old config
  ---
  duration_ms: 2369.7978
  type: 'test'
  ...
# Subtest: postflight Git failure retains completed counts and pending gates (gate failed: false)
ok 12 - postflight Git failure retains completed counts and pending gates (gate failed: false)
  ---
  duration_ms: 1537.8658
  type: 'test'
  ...
# Subtest: postflight Git failure retains completed counts and pending gates (gate failed: true)
ok 13 - postflight Git failure retains completed counts and pending gates (gate failed: true)
  ---
  duration_ms: 1644.0187
  type: 'test'
  ...
# Subtest: native Git diagnostics survive initial missing-git without disclosing raw text
ok 14 - native Git diagnostics survive initial missing-git without disclosing raw text
  ---
  duration_ms: 892.5691
  type: 'test'
  ...
# Subtest: native Git diagnostics survive initial invalid-git-dir without disclosing raw text
ok 15 - native Git diagnostics survive initial invalid-git-dir without disclosing raw text
  ---
  duration_ms: 1010.3431
  type: 'test'
  ...
# Subtest: native Git diagnostics survive postflight missing-git without disclosing raw text
ok 16 - native Git diagnostics survive postflight missing-git without disclosing raw text
  ---
  duration_ms: 1705.8912
  type: 'test'
  ...
# Subtest: native Git diagnostics survive postflight invalid-git-dir without disclosing raw text
ok 17 - native Git diagnostics survive postflight invalid-git-dir without disclosing raw text
  ---
  duration_ms: 1829.1058
  type: 'test'
  ...
# Subtest: streamed Git diff failure retains initial native diagnostics without raw text
ok 18 - streamed Git diff failure retains initial native diagnostics without raw text
  ---
  duration_ms: 1248.3918
  type: 'test'
  ...
# Subtest: streamed Git diff failure retains postflight native diagnostics without raw text
ok 19 - streamed Git diff failure retains postflight native diagnostics without raw text
  ---
  duration_ms: 1991.4371
  type: 'test'
  ...
# Subtest: executing gates see incomplete receipts and completed checkpoints without overwriting prior attempts
ok 20 - executing gates see incomplete receipts and completed checkpoints without overwriting prior attempts
  ---
  duration_ms: 2954.1582
  type: 'test'
  ...
# Subtest: large tracked diff is fully bound across validation (tail mutation: false)
ok 21 - large tracked diff is fully bound across validation (tail mutation: false)
  ---
  duration_ms: 3047.474
  type: 'test'
  ...
# Subtest: large tracked diff is fully bound across validation (tail mutation: true)
ok 22 - large tracked diff is fully bound across validation (tail mutation: true)
  ---
  duration_ms: 3045.6765
  type: 'test'
  ...
# Subtest: native test discovery covers existing web, tooling and steward suites
ok 23 - native test discovery covers existing web, tooling and steward suites
  ---
  duration_ms: 2.9169
  type: 'test'
  ...
# Subtest: standalone live and historical replays stay separate while adjacent unit suites remain enrolled
ok 24 - standalone live and historical replays stay separate while adjacent unit suites remain enrolled
  ---
  duration_ms: 0.2406
  type: 'test'
  ...
# Subtest: empty discovery, invalid config and unknown groups fail closed
ok 25 - empty discovery, invalid config and unknown groups fail closed
  ---
  duration_ms: 0.8097
  type: 'test'
  ...
# Subtest: CommonJS CLI integration tests join the same native Node runner
ok 26 - CommonJS CLI integration tests join the same native Node runner
  ---
  duration_ms: 0.1794
  type: 'test'
  ...
# Subtest: review skill package tests remain enrolled when the independently reviewed skill lands
ok 27 - review skill package tests remain enrolled when the independently reviewed skill lands
  ---
  duration_ms: 0.2163
  type: 'test'
  ...
# Subtest: Windows package-manager execution uses an explicit argument vector, never a shell
ok 28 - Windows package-manager execution uses an explicit argument vector, never a shell
  ---
  duration_ms: 0.6023
  type: 'test'
  ...
# Subtest: full gate retains Rust, web and migration checks and adds Node/docs validation
ok 29 - full gate retains Rust, web and migration checks and adds Node/docs validation
  ---
  duration_ms: 0.4604
  type: 'test'
  ...
# Subtest: Windows workspace gates enforce the native serial harness without excluding tests
ok 30 - Windows workspace gates enforce the native serial harness without excluding tests
  ---
  duration_ms: 0.5634
  type: 'test'
  ...
# Subtest: every Node test group retains the native 180-second per-test deadline
ok 31 - every Node test group retains the native 180-second per-test deadline
  ---
  duration_ms: 0.3828
  type: 'test'
  ...
# Subtest: test results distinguish failed, passed, ignored and not-observed
ok 32 - test results distinguish failed, passed, ignored and not-observed
  ---
  duration_ms: 0.7566
  type: 'test'
  ...
# Subtest: generated docs follow canonical command and version changes
ok 33 - generated docs follow canonical command and version changes
  ---
  duration_ms: 0.7086
  type: 'test'
  ...
# Subtest: repair preserves authored prose, is idempotent, and refuses ambiguous blocks
ok 34 - repair preserves authored prose, is idempotent, and refuses ambiguous blocks
  ---
  duration_ms: 0.4598
  type: 'test'
  ...
# Subtest: Windows CRLF checkout is not mistaken for documentation drift
ok 35 - Windows CRLF checkout is not mistaken for documentation drift
  ---
  duration_ms: 0.1619
  type: 'test'
  ...
1..35
# tests 35
# suites 0
# pass 35
# fail 0
# cancelled 0
# skipped 0
# todo 0
# duration_ms 37973.0093
