    Finished `test` profile [unoptimized + debuginfo] target(s) in 1.86s
     Running unittests src\lib.rs (target\debug\deps\crony_store-eddbee591ca35258.exe)
budget_checkpoint_tests::human_requests::issue219_native_publication_claim_preserves_intent_and_factory_state: test
budget_checkpoint_tests::human_requests::issue219_native_publication_claim_rechecks_exact_saved_policy: test
budget_checkpoint_tests::human_requests::issue219_native_publication_claim_rejects_substituted_human_authority: test
budget_checkpoint_tests::human_requests::issue219_native_publication_human_revocation_fences_claim_and_replay: test
budget_checkpoint_tests::human_requests::issue219_native_publication_live_authority_revocation_allows_only_failure_cleanup: test
budget_checkpoint_tests::human_requests::issue219_native_publication_rejects_missing_or_malformed_human_provenance: test
budget_checkpoint_tests::human_requests::issue219_native_publication_rejects_replaced_attempt_authorization: test
budget_checkpoint_tests::human_requests::issue219_native_publication_worker_and_direct_claim_share_lock_order: test
budget_checkpoint_tests::human_requests::issue219_native_publication_worker_cannot_adopt_direct_cli_intent: test
budget_checkpoint_tests::human_requests::issue219_native_publication_worker_keeps_database_failures_retryable: test
budget_checkpoint_tests::human_requests::issue219_native_publication_worker_preserves_live_lease_then_rejects_expired_intent: test
budget_checkpoint_tests::human_requests::issue219_native_publication_worker_rejects_changed_policy: test
budget_checkpoint_tests::human_requests::issue219_native_publication_worker_rejects_changed_source_commit: test
budget_checkpoint_tests::human_requests::issue219_native_publication_worker_rejects_changed_source_digest: test
budget_checkpoint_tests::human_requests::issue219_native_publication_worker_rejects_revoked_membership: test
budget_checkpoint_tests::human_requests::issue219_native_publication_worker_rejects_revoked_role: test
budget_checkpoint_tests::human_requests::issue219_native_publication_worker_rejects_withdrawn_policy: test
budget_checkpoint_tests::human_requests::issue219_native_publication_worker_reuses_claim_and_fences_artifact: test
budget_checkpoint_tests::human_requests::issue219_native_publication_worker_scopes_queue_and_readback: test
budget_checkpoint_tests::human_requests::repository_grants::issue219_native_publication_legacy_credential_requires_direct_human_path: test
budget_checkpoint_tests::human_requests::repository_grants::issue219_native_publication_repository_grant_fences_effects_and_replays: test
budget_checkpoint_tests::human_requests::repository_grants::issue219_native_publication_repository_grant_is_enrolled_and_normalized: test
budget_checkpoint_tests::human_requests::repository_grants::issue219_native_publication_repository_grant_rechecks_revocation_and_expiry: test
budget_checkpoint_tests::human_requests::repository_grants::issue219_native_publication_worker_binds_repository_to_exact_credential: test
budget_checkpoint_tests::issue219_native_publication_request_replay_converges_without_a_lease: test
budget_checkpoint_tests::issue219_native_publication_request_waits_without_effect_authority: test
budget_checkpoint_tests::issue219_native_publication_requires_publish_permission: test

27 tests, 0 benchmarks
