$ node --test --test-concurrency=2 --test-timeout=180000 scenarios/repo-steward/steward.test.mjs scenarios/repo-steward/actions.test.mjs scenarios/repo-steward/recurring-audit.test.mjs scenarios/repo-steward/feedback.test.mjs scenarios/repo-steward/maintenance.test.mjs scenarios/repo-steward/feedback-cli.test.mjs
✔ Actions preview performs no live reads or summary publication (2.3553ms)
✔ Actions fixture uses the real auditor without GitHub access (41.1678ms)
✔ invalid workflow input is rejected during preview without data access (1.5196ms)
✔ hosted live mode rejects non-Actions host before reading data (0.5518ms)
✔ hosted live mode rejects PR event before reading data (1.2334ms)
✔ hosted live mode rejects another repository before reading data (0.3252ms)
✔ hosted live mode rejects feature branch before reading data (0.3364ms)
✔ hosted live mode rejects another actor before reading data (0.1909ms)
✔ hosted live mode rejects another rerun operator before reading data (0.2322ms)
✔ hosted live mode rejects missing triggering actor before reading data (0.501ms)
✔ hosted live mode rejects missing source commit before reading data (0.4048ms)
✔ hosted live mode rejects disabled pilot before reading data (0.1954ms)
✔ hosted live mode rejects unapproved public summary before reading data (0.1244ms)
✔ hosted live mode rejects missing credential before reading data (0.1126ms)
✔ hosted live mode rejects blank credential before reading data (0.144ms)
✔ hosted live mode rejects write-enabled configuration before reading data (0.1334ms)
✔ GITHUB_TOKEN does not substitute for Project-readable credentials (0.2074ms)
✔ an admitted live path collects once and retains zero mutations (5.8724ms)
✔ collector failure does not produce a successful report (0.3314ms)
✔ stale hosted snapshots fail instead of publishing old findings (5.2264ms)
✔ public summaries never include free-form source or evidence text (5.0922ms)
✔ summary rejects unknown rule (4.7463ms)
✔ summary rejects bad finding id (5.9026ms)
✔ summary rejects foreign reference (6.9129ms)
✔ summary rejects mutation claim (4.7904ms)
✔ summary rejects wrong scope (4.1306ms)
✔ summary rejects invalid timestamp (4.2693ms)
✔ summary rejects bad totals (4.7581ms)
✔ public finding index is bounded without copying omitted details (5.6014ms)
✔ every configured fixture rule has an explicit publication review (4.1282ms)
✔ summary file writes remain inside a supplied native temporary directory (10.0279ms)
✔ Actions CLI rejects unsupported arguments --apply (0.2694ms)
✔ Actions CLI rejects unsupported arguments --live (0.0956ms)
✔ Actions CLI rejects unsupported arguments --live (0.0859ms)
✔ actual fixture CLI needs no hosted secrets or Teams SDK (200.8429ms)
✔ manual workflow keeps first-party actions pinned and live credentials isolated (2.6963ms)
✔ feedback CLI rejects unsupported, missing and duplicate transition arguments (2.4414ms)
✔ new-file corpus output preserves the previous version and refuses overwrite (32.0395ms)
✔ initializing a corpus binds the validated input scope without changing its snapshot (50.6021ms)
✔ partial snapshot cannot create a corpus file (22.4898ms)
✔ redirected output parent is refused without writing through it (6.7713ms)
✔ review evidence must be a file and cannot use a directory as a digest source (43.8282ms)
✔ review CLI records the exact binary digest and closes its descriptor (88.3682ms)
✔ same-size review replacement between metadata check and open cannot update a corpus (31.9855ms)
✔ review parent swapped for a symlink or junction before open is rejected (40.5583ms)
✔ same-size pathname replacement after descriptor read is rejected (36.0531ms)
✔ same-size in-place review rewrite cannot hide behind a restored modification time (31.8803ms)
✔ review growth after open stays within its original byte bound and is rejected (32.8611ms)
✔ bounded review reads handle partial reads and reject empty or oversized files (20.5893ms)
✔ native behavioral evidence remains candidate with original local source and no finding impersonation (93.6981ms)
✔ native behavioral activation is denied for mixed support and forged active or retired history (55.3191ms)
✔ native behavioral candidates can be rejected without widening legacy review authority (60.3619ms)
✔ native behavioral bytes, identity claims, source and repeated runs remain validated (117.9ms)
✔ evidence binds actual audit finding and supplied snapshot without certifying collection or identity (12.6117ms)
✔ accepted missing Project status binds the native serialized report and finding in evidence and observations (50.3478ms)
✔ auditor optional-field normalization retains strict data-only feedback and report validation (89.6897ms)
✔ timestamp-only or unrelated snapshot changes do not manufacture repeated supporting evidence (40.2312ms)
✔ partial, cross-scope, stale or missing findings cannot become feedback evidence (14.8692ms)
✔ feedback source pins accept exactly 40 or 64 hexadecimal characters, including supplied evidence (78.6872ms)
✔ candidate, active and retired versions preserve their inputs and have exact transition digests (22.7642ms)
✔ one observation, fabricated evidence bytes and replayed reviews cannot activate a rule (72.3506ms)
✔ reviewer labels and claimed approval booleans do not supply verified review authority (22.8762ms)
✔ explicit rejection remains terminal and contributes no advice (39.4111ms)
✔ prospective expiry is mandatory, bounded, and effective at the exact boundary (126.0704ms)
✔ active capacity cannot expand and supersession retires only the exact predecessor (98.6529ms)
✔ supersession rejects stale targets and cannot cross finding rules (54.1773ms)
✔ active guidance annotates only matching findings without hiding or changing original conclusions (27.3492ms)
✔ broad matching admits at most the finite annotation limit and never truncates an excessive report (445.4043ms)
✔ serialized output bytes are admitted before escaped guidance and evidence references fan out (77.0815ms)
✔ later audits honor activation and retirement while the original report stays identical (46.1897ms)
✔ unknown executable, suppression, assignment and permission options are rejected (184.9172ms)
✔ stale reports, foreign scope and altered evidence fail closed (26.9188ms)
✔ canonical digests ignore property insertion order but reject executable and non-finite data (0.4072ms)
✔ reusable corpus validation preserves input and rejects authority claims or altered guidance (15.5973ms)
✔ explicit collector profile requires a hash and cannot relabel a supplied snapshot (2.9212ms)
✔ recurrence requires finite explicit bounds before reading any input (0.875ms)
✔ finite recurrence reloads snapshot and feedback on every cycle (2.9111ms)
✔ paused and stopped records prevent collection and input reads (5.2374ms)
✔ exhausted persisted attempts reject before snapshot, feedback or live collection (2.9423ms)
✔ watch admits the final allowed attempt and then stops before collecting another snapshot (1.9352ms)
✔ source mismatch refuses before reading snapshot or feedback (4.628ms)
✔ a failed cycle stops recurrence without retrying or losing the failure (2.0846ms)
✔ first snapshot acquisition failure retains one sanitized failed attempt (412.4071ms)
✔ later corpus acquisition failure preserves earlier accepted evidence and consumes one attempt (1023.3768ms)
✔ live acquisition failure is retained once without raw error text or a retry (344.442ms)
✔ pause and stop during failed acquisition remain effective without a new admitted attempt (2348.758ms)
✔ deadline crossing during failed acquisition prevents late attempt admission (1.8523ms)
✔ interruption during failed acquisition prevents a new admitted attempt (1.4104ms)
✔ duration bounds stop admission after collection without writing a late result (1.6269ms)
✔ interruption during an interval exits without another audit (1.5604ms)
✔ control commands delegate exact action, source and reason without collecting (3.3655ms)
✔ status exposes bounded metadata and no retained finding text (1.5568ms)
✔ one audit writes source-bound immutable private reports and an advisory handoff (500.8237ms)
✔ fresh capture timestamps and transport metrics alone produce no new report or proposal across restart (834.5355ms)
✔ live state binds the exact selected principal and profile through restart and controls (2907.8016ms)
✔ profile metadata cannot convert supplied evidence or a different live principal into accepted observations (418.9611ms)
✔ changed scoped content produces a new receipt while retaining stable finding dedupe (618.7287ms)
✔ resolved findings are recorded without claiming a remote correction (661.9582ms)
✔ stale input fails and preserves a failed attempt, never reusing previous success (745.0398ms)
✔ future input fails and preserves a failed attempt, never reusing previous success (866.6292ms)
✔ incomplete input fails and preserves a failed attempt, never reusing previous success (691.8306ms)
✔ source drift fails and preserves a failed attempt, never reusing previous success (710.9317ms)
✔ changing the caller source pin cannot migrate an existing directory (481.7268ms)
✔ pause prevents input use, resume retains dedupe, and stop cannot resume (2758.9826ms)
✔ concurrent cycles have one winner and never create duplicate accepted receipts (447.74ms)
✔ retained locks fail closed without PID reuse or timeout-based recovery (18.5939ms)
✔ incomplete intent and rollback to an older checkpoint refuse replay (661.6128ms)
✔ tampered referenced artifacts are rejected and preserved (405.5931ms)
✔ output-directory redirection refuses writes through a symlink or junction (12.2594ms)
✔ an unexpected output file is retained, not overwritten or removed (22.9026ms)
✔ status rejects unexpected files in initialized state before accepting its control projection (303.6247ms)
✔ missing, traversal-style and incomplete control requests do not create authority (5.2071ms)
✔ live source claims retain the existing collector identity and zero-write metadata (313.0243ms)
✔ finite convenience API has explicit bounds and performs no scheduling (1094.8144ms)
✔ state and artifact redirection are not followed on read (279.8622ms)
✔ alter of earlier history is detected after a newer successful cycle (770.5518ms)
✔ delete of earlier history is detected after a newer successful cycle (693.667ms)
✔ changed implementation pins fail before a new intent is written (466.6458ms)
✔ a directory replaced while a caller holds its lock cannot redirect any artifact write (350.64ms)
✔ actual corpus activation and retirement change only separately bound advisory output (1413.4781ms)
✔ expiry invalidates cached advisory annotations even without corpus byte changes (709.0944ms)
✔ mixed retained controls and new cycles enforce one transition bound with a reserved terminal stop (69041.1104ms)
✔ accepted snapshots with omitted optional metadata produce parseable JSON artifacts and replay (550.7904ms)
✔ optional auditor metadata works through the real feedback evidence and recurring consumer bridge (581.5764ms)
✔ policy has the ten requested workstreams and never assigns people (3.7678ms)
✔ classification supports Multiplayer (6.0477ms)
✔ classification supports UX/UI (2.1855ms)
✔ classification supports Multi-system execution (1.3461ms)
✔ classification supports Janitor (1.3824ms)
✔ classification supports Dynamic agent teams (1.206ms)
✔ classification supports DevOps/PR review/branch protection (1.2501ms)
✔ classification supports Security (1.2756ms)
✔ classification supports Agent communication layer (1.3206ms)
✔ classification supports Dark factory automation (1.4751ms)
✔ classification supports Backend scalability / pub-sub (1.1894ms)
✔ classification preserves labels and assignees (12.7798ms)
✔ UX alias means UX/UI (15.0573ms)
✔ an unassigned issue is not a violation (5.1909ms)
✔ full fixture audit has zero mutations and catches closing-link conflict (5.9028ms)
✔ non-closing prose overrides no native link, not unrelated partial references (5.9588ms)
✔ explicit do-not-close linked issue is flagged (3.9647ms)
✔ closed unmerged PR does not close an open issue (6.5142ms)
✔ reopened issue remains open after a historical merged PR (3.9619ms)
✔ no automatic close for several partial PRs (4.6129ms)
✔ only explicit dependency section is interpreted (0.2175ms)
✔ code fences and quoted references are not dependency authority (0.2687ms)
✔ native/text dependency disagreement is flagged (5.237ms)
✔ matching dependencies do not produce a mismatch (4.8204ms)
✔ dependency cycles are bounded and reported once (4.8582ms)
✔ parent hierarchy mismatch and cycle are detected (6.5738ms)
✔ outside-scope dependency is not fetched or treated as complete (4.3175ms)
✔ missing local dependency is unverified, not closed (4.548ms)
✔ open issue marked Done is flagged without changing the board (4.6907ms)
✔ unknown workstream is a review hint, not a rename (3.8523ms)
✔ locked default branch is flagged, without bypass (4.4625ms)
✔ stale PR source head is reported (3.8936ms)
✔ current independent review is accepted as evidence (4.4216ms)
✔ author approval is not current independent human approval (4.7295ms)
✔ bot approval is not current independent human approval (4.3287ms)
✔ old-head approval is not current independent human approval (5.8105ms)
✔ later comment does not erase a valid prior approval (4.7259ms)
✔ failed checks and requested changes are surfaced (4.6148ms)
✔ missing checks are not a success (4.3421ms)
✔ stale snapshots are labeled (6.947ms)
✔ future snapshots fail closed (2.0049ms)
✔ finding IDs are stable across repeated reads (9.0396ms)
✔ reported secrets are redacted and Markdown is escaped (13.4144ms)
✔ refuses: assign #50 to example-user (6.126ms)
✔ refuses: label #50 multiplayer (5.8255ms)
✔ refuses: close #50 (8.4762ms)
✔ refuses: merge PR #237 (7.978ms)
✔ refuses: enable auto-merge (7.646ms)
✔ refuses: delete a branch (8.0016ms)
✔ refuses: approve PR #237 (5.7697ms)
✔ refuses: can you change the rules (5.0515ms)
✔ question answers use recorded evidence and canonical references (6.6694ms)
✔ reverse dependency questions list dependents (4.8034ms)
✔ unknown questions ask for clarification (5.4987ms)
✔ untrusted instruction text grants no tools (5.714ms)
✔ snapshot rejects wrong repo (1.2104ms)
✔ snapshot rejects wrong project (1.1559ms)
✔ snapshot rejects partial coverage (1.0631ms)
✔ snapshot rejects wrong count (1.1622ms)
✔ snapshot rejects duplicate issue (1.3302ms)
✔ snapshot rejects hostile URL (1.2238ms)
✔ snapshot rejects hidden project item (1.1609ms)
✔ snapshot rejects cross-repo item (1.4791ms)
✔ snapshot rejects duplicate project item (1.4742ms)
✔ snapshot rejects oversized body (1.6243ms)
✔ collector completes two matching passes with no writes (5.3081ms)
✔ collector rejects issue drift between passes (3.4145ms)
✔ collector rejects incomplete nested dependencies (1.8345ms)
✔ collector rejects a changed PR head/check binding (1.732ms)
✔ collector rejects repeated pagination cursors (1.5161ms)
✔ collector rejects inaccessible connection entries (0.1633ms)
✔ read client verifies Bakar404 and never switches accounts (1.7598ms)
✔ explicit hash-pinned read principal does not change the pilot or read allowlist (29.8714ms)
✔ collector profile rejects changed scope or unsupported fields: repository (9.6661ms)
✔ collector profile rejects changed scope or unsupported fields: project_id (23.8638ms)
✔ collector profile rejects changed scope or unsupported fields: project_number (16.257ms)
✔ collector profile rejects changed scope or unsupported fields: token (8.9247ms)
✔ collector profile rejects changed scope or unsupported fields: url (10.4565ms)
✔ collector profile rejects changed scope or unsupported fields: collector_login (10.5169ms)
✔ collector profile rejects wrong hashes, changed bytes and duplicate keys (53.02ms)
✔ profiled collection records the actual principal and rejects identity or profile drift (46.9128ms)
✔ read client exposes no arbitrary query or write operation (1.4747ms)
✔ GraphQL cursor remains data, not executable query text (1.7734ms)
✔ GraphQL errors do not become accepted partial data (1.3651ms)
✔ GraphQL reserve prevents further reads (1.4604ms)
✔ collection has an elapsed-time bound (2.4229ms)
✔ dry run uses neither network nor output files (1.6794ms)
✔ CLI rejects apply (0.1555ms)
✔ CLI rejects audit --fixture --live (0.1017ms)
✔ CLI rejects audit --fixture --out ../escape.json (0.1488ms)
✔ CLI rejects audit --dry-run --out file.json (0.0914ms)
✔ CLI rejects audit --fixture --assign example-user (0.1377ms)
✔ CLI rejects ask --fixture (0.0928ms)
✔ actual CLI dry run works from another directory and has no network intent (184.8617ms)
✔ test chat prepares an evidence-based reply without sending it (6.2592ms)
✔ test chat rejects wrong tenant (0.3456ms)
✔ test chat rejects wrong group (0.1457ms)
✔ test chat rejects personal chat (0.1355ms)
✔ test chat rejects other channel (0.1273ms)
✔ test chat ignores messages without a mention (0.1386ms)
✔ test chat ignores its own messages (0.1272ms)
✔ test chat refuses mutation requests (4.3599ms)
✔ no production mode or implicit binding (0.2967ms)
ℹ tests 227
ℹ suites 0
ℹ pass 227
ℹ fail 0
ℹ cancelled 0
ℹ skipped 0
ℹ todo 0
ℹ duration_ms 93179.1606
