$ node --test --test-concurrency=2 --test-timeout=180000 scenarios/repo-steward/steward.test.mjs scenarios/repo-steward/actions.test.mjs scenarios/repo-steward/recurring-audit.test.mjs scenarios/repo-steward/feedback.test.mjs scenarios/repo-steward/maintenance.test.mjs scenarios/repo-steward/feedback-cli.test.mjs
✔ Actions preview performs no live reads or summary publication (1.7912ms)
✔ Actions fixture uses the real auditor without GitHub access (32.048ms)
✔ invalid workflow input is rejected during preview without data access (0.9722ms)
✔ hosted live mode rejects non-Actions host before reading data (0.3374ms)
✔ hosted live mode rejects PR event before reading data (0.313ms)
✔ hosted live mode rejects another repository before reading data (0.1765ms)
✔ hosted live mode rejects feature branch before reading data (0.2459ms)
✔ hosted live mode rejects another actor before reading data (0.1795ms)
✔ hosted live mode rejects another rerun operator before reading data (0.2303ms)
✔ hosted live mode rejects missing triggering actor before reading data (0.3074ms)
✔ hosted live mode rejects missing source commit before reading data (0.3442ms)
✔ hosted live mode rejects disabled pilot before reading data (0.1569ms)
✔ hosted live mode rejects unapproved public summary before reading data (0.1537ms)
✔ hosted live mode rejects missing credential before reading data (0.115ms)
✔ hosted live mode rejects blank credential before reading data (0.1592ms)
✔ hosted live mode rejects write-enabled configuration before reading data (0.2017ms)
✔ GITHUB_TOKEN does not substitute for Project-readable credentials (0.3054ms)
✔ an admitted live path collects once and retains zero mutations (6.1506ms)
✔ collector failure does not produce a successful report (0.3334ms)
✔ stale hosted snapshots fail instead of publishing old findings (5.6853ms)
✔ public summaries never include free-form source or evidence text (5.211ms)
✔ summary rejects unknown rule (4.0154ms)
✔ summary rejects bad finding id (4.4873ms)
✔ summary rejects foreign reference (7.104ms)
✔ summary rejects mutation claim (5.7527ms)
✔ summary rejects wrong scope (5.1163ms)
✔ summary rejects invalid timestamp (4.0494ms)
✔ summary rejects bad totals (4.3177ms)
✔ public finding index is bounded without copying omitted details (4.3864ms)
✔ every configured fixture rule has an explicit publication review (3.918ms)
✔ summary file writes remain inside a supplied native temporary directory (16.0141ms)
✔ Actions CLI rejects unsupported arguments --apply (0.2245ms)
✔ Actions CLI rejects unsupported arguments --live (0.0975ms)
✔ Actions CLI rejects unsupported arguments --live (0.0856ms)
✔ actual fixture CLI needs no hosted secrets or Teams SDK (174.4361ms)
✔ manual workflow keeps first-party actions pinned and live credentials isolated (2.3377ms)
✔ feedback CLI rejects unsupported, missing and duplicate transition arguments (2.046ms)
✔ new-file corpus output preserves the previous version and refuses overwrite (21.8959ms)
✔ initializing a corpus binds the validated input scope without changing its snapshot (41.7768ms)
✔ partial snapshot cannot create a corpus file (22.7549ms)
✔ redirected output parent is refused without writing through it (5.1496ms)
✔ review evidence must be a file and cannot use a directory as a digest source (41.1071ms)
✔ review CLI records the exact binary digest and closes its descriptor (62.7433ms)
✔ same-size review replacement between metadata check and open cannot update a corpus (27.3879ms)
✔ review parent swapped for a symlink or junction before open is rejected (31.6603ms)
✔ same-size pathname replacement after descriptor read is rejected (30.003ms)
✔ same-size in-place review rewrite cannot hide behind a restored modification time (34.9568ms)
✔ review growth after open stays within its original byte bound and is rejected (37.121ms)
✔ bounded review reads handle partial reads and reject empty or oversized files (20.9642ms)
✔ native behavioral evidence remains candidate with original local source and no finding impersonation (65.8669ms)
✔ native behavioral activation is denied for mixed support and forged active or retired history (40.7433ms)
✔ native behavioral candidates can be rejected without widening legacy review authority (46.4662ms)
✔ native behavioral bytes, identity claims, source and repeated runs remain validated (105.0063ms)
✔ evidence binds actual audit finding and supplied snapshot without certifying collection or identity (8.8076ms)
✔ accepted missing Project status binds the native serialized report and finding in evidence and observations (36.5623ms)
✔ auditor optional-field normalization retains strict data-only feedback and report validation (53.7566ms)
✔ timestamp-only or unrelated snapshot changes do not manufacture repeated supporting evidence (26.1647ms)
✔ partial, cross-scope, stale or missing findings cannot become feedback evidence (12.6723ms)
✔ feedback source pins accept exactly 40 or 64 hexadecimal characters, including supplied evidence (62.5813ms)
✔ candidate, active and retired versions preserve their inputs and have exact transition digests (16.3163ms)
✔ one observation, fabricated evidence bytes and replayed reviews cannot activate a rule (78.3458ms)
✔ reviewer labels and claimed approval booleans do not supply verified review authority (20.743ms)
✔ explicit rejection remains terminal and contributes no advice (35.3045ms)
✔ prospective expiry is mandatory, bounded, and effective at the exact boundary (89.7496ms)
✔ active capacity cannot expand and supersession retires only the exact predecessor (54.0879ms)
✔ supersession rejects stale targets and cannot cross finding rules (42.2372ms)
✔ active guidance annotates only matching findings without hiding or changing original conclusions (20.3327ms)
✔ broad matching admits at most the finite annotation limit and never truncates an excessive report (309.3025ms)
✔ serialized output bytes are admitted before escaped guidance and evidence references fan out (52.7116ms)
✔ later audits honor activation and retirement while the original report stays identical (36.1142ms)
✔ unknown executable, suppression, assignment and permission options are rejected (127.701ms)
✔ stale reports, foreign scope and altered evidence fail closed (24.0943ms)
✔ canonical digests ignore property insertion order but reject executable and non-finite data (0.3894ms)
✔ reusable corpus validation preserves input and rejects authority claims or altered guidance (15.4633ms)
✔ explicit collector profile requires a hash and cannot relabel a supplied snapshot (2.875ms)
✔ recurrence requires finite explicit bounds before reading any input (0.8368ms)
✔ finite recurrence reloads snapshot and feedback on every cycle (2.7422ms)
✔ paused and stopped records prevent collection and input reads (2.0987ms)
✔ exhausted persisted attempts reject before snapshot, feedback or live collection (2.2476ms)
✔ watch admits the final allowed attempt and then stops before collecting another snapshot (1.3193ms)
✔ source mismatch refuses before reading snapshot or feedback (1.153ms)
✔ a failed cycle stops recurrence without retrying or losing the failure (1.6017ms)
✔ first snapshot acquisition failure retains one sanitized failed attempt (295.7606ms)
✔ later corpus acquisition failure preserves earlier accepted evidence and consumes one attempt (750.2308ms)
✔ live acquisition failure is retained once without raw error text or a retry (276.1368ms)
✔ pause and stop during failed acquisition remain effective without a new admitted attempt (1877.8305ms)
✔ deadline crossing during failed acquisition prevents late attempt admission (3.0253ms)
✔ interruption during failed acquisition prevents a new admitted attempt (1.1533ms)
✔ duration bounds stop admission after collection without writing a late result (1.0399ms)
✔ interruption during an interval exits without another audit (1.2079ms)
✔ control commands delegate exact action, source and reason without collecting (2.8504ms)
✔ status exposes bounded metadata and no retained finding text (1.0767ms)
✔ one audit writes source-bound immutable private reports and an advisory handoff (414.9219ms)
✔ fresh capture timestamps and transport metrics alone produce no new report or proposal across restart (693.7287ms)
✔ live state binds the exact selected principal and profile through restart and controls (2308.1127ms)
✔ profile metadata cannot convert supplied evidence or a different live principal into accepted observations (266.4333ms)
✔ changed scoped content produces a new receipt while retaining stable finding dedupe (480.4577ms)
✔ resolved findings are recorded without claiming a remote correction (502.6795ms)
✔ stale input fails and preserves a failed attempt, never reusing previous success (555.4293ms)
✔ future input fails and preserves a failed attempt, never reusing previous success (593.5815ms)
✔ incomplete input fails and preserves a failed attempt, never reusing previous success (599.7691ms)
✔ source drift fails and preserves a failed attempt, never reusing previous success (592.6745ms)
✔ changing the caller source pin cannot migrate an existing directory (448.6065ms)
✔ pause prevents input use, resume retains dedupe, and stop cannot resume (2180.4692ms)
✔ concurrent cycles have one winner and never create duplicate accepted receipts (335.0506ms)
✔ retained locks fail closed without PID reuse or timeout-based recovery (15.9655ms)
✔ incomplete intent and rollback to an older checkpoint refuse replay (551.6155ms)
✔ tampered referenced artifacts are rejected and preserved (306.551ms)
✔ output-directory redirection refuses writes through a symlink or junction (10.0972ms)
✔ an unexpected output file is retained, not overwritten or removed (17.9833ms)
✔ status rejects unexpected files in initialized state before accepting its control projection (233.0722ms)
✔ missing, traversal-style and incomplete control requests do not create authority (3.889ms)
✔ live source claims retain the existing collector identity and zero-write metadata (241.6453ms)
✔ finite convenience API has explicit bounds and performs no scheduling (873.7955ms)
✔ state and artifact redirection are not followed on read (242.5477ms)
✔ alter of earlier history is detected after a newer successful cycle (652.6269ms)
✔ delete of earlier history is detected after a newer successful cycle (613.2989ms)
✔ changed implementation pins fail before a new intent is written (378.4376ms)
✔ a directory replaced while a caller holds its lock cannot redirect any artifact write (326.3909ms)
✔ actual corpus activation and retirement change only separately bound advisory output (1263.8086ms)
✔ expiry invalidates cached advisory annotations even without corpus byte changes (557.8659ms)
✔ mixed retained controls and new cycles enforce one transition bound with a reserved terminal stop (59150.7237ms)
✔ accepted snapshots with omitted optional metadata produce parseable JSON artifacts and replay (443.7381ms)
✔ optional auditor metadata works through the real feedback evidence and recurring consumer bridge (593.8389ms)
✔ policy has the ten requested workstreams and never assigns people (3.2747ms)
✔ classification supports Multiplayer (6.0929ms)
✔ classification supports UX/UI (1.7603ms)
✔ classification supports Multi-system execution (1.2368ms)
✔ classification supports Janitor (1.4779ms)
✔ classification supports Dynamic agent teams (1.4258ms)
✔ classification supports DevOps/PR review/branch protection (2.2002ms)
✔ classification supports Security (1.1692ms)
✔ classification supports Agent communication layer (1.1445ms)
✔ classification supports Dark factory automation (1.2281ms)
✔ classification supports Backend scalability / pub-sub (1.0763ms)
✔ classification preserves labels and assignees (12.4335ms)
✔ UX alias means UX/UI (14.4798ms)
✔ an unassigned issue is not a violation (8.7774ms)
✔ full fixture audit has zero mutations and catches closing-link conflict (5.2949ms)
✔ non-closing prose overrides no native link, not unrelated partial references (4.0506ms)
✔ explicit do-not-close linked issue is flagged (3.5359ms)
✔ closed unmerged PR does not close an open issue (3.8475ms)
✔ reopened issue remains open after a historical merged PR (3.4223ms)
✔ no automatic close for several partial PRs (3.9982ms)
✔ only explicit dependency section is interpreted (0.1654ms)
✔ code fences and quoted references are not dependency authority (0.2066ms)
✔ native/text dependency disagreement is flagged (3.9864ms)
✔ matching dependencies do not produce a mismatch (4.286ms)
✔ dependency cycles are bounded and reported once (4.0648ms)
✔ parent hierarchy mismatch and cycle are detected (3.7289ms)
✔ outside-scope dependency is not fetched or treated as complete (3.6742ms)
✔ missing local dependency is unverified, not closed (3.6073ms)
✔ open issue marked Done is flagged without changing the board (4.0283ms)
✔ unknown workstream is a review hint, not a rename (3.2091ms)
✔ locked default branch is flagged, without bypass (3.5002ms)
✔ stale PR source head is reported (3.6297ms)
✔ current independent review is accepted as evidence (3.8779ms)
✔ author approval is not current independent human approval (3.5418ms)
✔ bot approval is not current independent human approval (3.4781ms)
✔ old-head approval is not current independent human approval (3.7134ms)
✔ later comment does not erase a valid prior approval (3.4817ms)
✔ failed checks and requested changes are surfaced (3.547ms)
✔ missing checks are not a success (3.9507ms)
✔ stale snapshots are labeled (3.2265ms)
✔ future snapshots fail closed (1.571ms)
✔ finding IDs are stable across repeated reads (9.2282ms)
✔ reported secrets are redacted and Markdown is escaped (9.4748ms)
✔ refuses: assign #50 to example-user (4.4495ms)
✔ refuses: label #50 multiplayer (4.2446ms)
✔ refuses: close #50 (4.5273ms)
✔ refuses: merge PR #237 (4.0768ms)
✔ refuses: enable auto-merge (4.1186ms)
✔ refuses: delete a branch (4.4869ms)
✔ refuses: approve PR #237 (4.2025ms)
✔ refuses: can you change the rules (4.0235ms)
✔ question answers use recorded evidence and canonical references (4.6925ms)
✔ reverse dependency questions list dependents (4.5636ms)
✔ unknown questions ask for clarification (4.9607ms)
✔ untrusted instruction text grants no tools (4.5008ms)
✔ snapshot rejects wrong repo (1.0624ms)
✔ snapshot rejects wrong project (0.934ms)
✔ snapshot rejects partial coverage (0.9387ms)
✔ snapshot rejects wrong count (0.9646ms)
✔ snapshot rejects duplicate issue (1.1187ms)
✔ snapshot rejects hostile URL (1.0581ms)
✔ snapshot rejects hidden project item (1.0059ms)
✔ snapshot rejects cross-repo item (1.0749ms)
✔ snapshot rejects duplicate project item (1.0811ms)
✔ snapshot rejects oversized body (1.1012ms)
✔ collector completes two matching passes with no writes (4.4374ms)
✔ collector rejects issue drift between passes (2.8785ms)
✔ collector rejects incomplete nested dependencies (1.1002ms)
✔ collector rejects a changed PR head/check binding (1.2447ms)
✔ collector rejects repeated pagination cursors (1.0638ms)
✔ collector rejects inaccessible connection entries (0.1491ms)
✔ read client verifies Bakar404 and never switches accounts (1.205ms)
✔ explicit hash-pinned read principal does not change the pilot or read allowlist (16.2809ms)
✔ collector profile rejects changed scope or unsupported fields: repository (16.1259ms)
✔ collector profile rejects changed scope or unsupported fields: project_id (15.7522ms)
✔ collector profile rejects changed scope or unsupported fields: project_number (15.3721ms)
✔ collector profile rejects changed scope or unsupported fields: token (15.2153ms)
✔ collector profile rejects changed scope or unsupported fields: url (8.3487ms)
✔ collector profile rejects changed scope or unsupported fields: collector_login (9.2988ms)
✔ collector profile rejects wrong hashes, changed bytes and duplicate keys (37.278ms)
✔ profiled collection records the actual principal and rejects identity or profile drift (41.3347ms)
✔ read client exposes no arbitrary query or write operation (1.3799ms)
✔ GraphQL cursor remains data, not executable query text (1.5375ms)
✔ GraphQL errors do not become accepted partial data (1.1647ms)
✔ GraphQL reserve prevents further reads (1.0305ms)
✔ collection has an elapsed-time bound (1.1006ms)
✔ dry run uses neither network nor output files (1.2095ms)
✔ CLI rejects apply (0.1455ms)
✔ CLI rejects audit --fixture --live (0.099ms)
✔ CLI rejects audit --fixture --out ../escape.json (0.1499ms)
✔ CLI rejects audit --dry-run --out file.json (0.0913ms)
✔ CLI rejects audit --fixture --assign example-user (0.0784ms)
✔ CLI rejects ask --fixture (0.0788ms)
✔ actual CLI dry run works from another directory and has no network intent (143.0965ms)
✔ test chat prepares an evidence-based reply without sending it (7.1664ms)
✔ test chat rejects wrong tenant (0.4363ms)
✔ test chat rejects wrong group (0.1712ms)
✔ test chat rejects personal chat (0.1432ms)
✔ test chat rejects other channel (0.13ms)
✔ test chat ignores messages without a mention (0.1675ms)
✔ test chat ignores its own messages (0.1352ms)
✔ test chat refuses mutation requests (6.0324ms)
✔ no production mode or implicit binding (0.344ms)
ℹ tests 227
ℹ suites 0
ℹ pass 227
ℹ fail 0
ℹ cancelled 0
ℹ skipped 0
ℹ todo 0
ℹ duration_ms 78704.2372
