$ node --test --test-concurrency=2 --test-timeout=180000 scenarios/repo-steward/steward.test.mjs scenarios/repo-steward/actions.test.mjs scenarios/repo-steward/recurring-audit.test.mjs scenarios/repo-steward/feedback.test.mjs scenarios/repo-steward/maintenance.test.mjs scenarios/repo-steward/feedback-cli.test.mjs
✔ Actions preview performs no live reads or summary publication (2.088ms)
✔ Actions fixture uses the real auditor without GitHub access (29.4781ms)
✔ invalid workflow input is rejected during preview without data access (0.948ms)
✔ hosted live mode rejects non-Actions host before reading data (0.3565ms)
✔ hosted live mode rejects PR event before reading data (0.9606ms)
✔ hosted live mode rejects another repository before reading data (0.2039ms)
✔ hosted live mode rejects feature branch before reading data (0.2521ms)
✔ hosted live mode rejects another actor before reading data (0.1774ms)
✔ hosted live mode rejects another rerun operator before reading data (0.2237ms)
✔ hosted live mode rejects missing triggering actor before reading data (0.3682ms)
✔ hosted live mode rejects missing source commit before reading data (0.2851ms)
✔ hosted live mode rejects disabled pilot before reading data (0.155ms)
✔ hosted live mode rejects unapproved public summary before reading data (0.1235ms)
✔ hosted live mode rejects missing credential before reading data (0.1089ms)
✔ hosted live mode rejects blank credential before reading data (0.1319ms)
✔ hosted live mode rejects write-enabled configuration before reading data (0.1374ms)
✔ GITHUB_TOKEN does not substitute for Project-readable credentials (0.1975ms)
✔ an admitted live path collects once and retains zero mutations (5.3356ms)
✔ collector failure does not produce a successful report (0.3091ms)
✔ stale hosted snapshots fail instead of publishing old findings (5.5096ms)
✔ public summaries never include free-form source or evidence text (4.8844ms)
✔ summary rejects unknown rule (6.284ms)
✔ summary rejects bad finding id (4.4125ms)
✔ summary rejects foreign reference (4.196ms)
✔ summary rejects mutation claim (4.0759ms)
✔ summary rejects wrong scope (4.0296ms)
✔ summary rejects invalid timestamp (4.7447ms)
✔ summary rejects bad totals (5.5072ms)
✔ public finding index is bounded without copying omitted details (4.8463ms)
✔ every configured fixture rule has an explicit publication review (5.6311ms)
✔ summary file writes remain inside a supplied native temporary directory (18.9098ms)
✔ Actions CLI rejects unsupported arguments --apply (0.3225ms)
✔ Actions CLI rejects unsupported arguments --live (0.1196ms)
✔ Actions CLI rejects unsupported arguments --live (0.1304ms)
✔ actual fixture CLI needs no hosted secrets or Teams SDK (184.7736ms)
✔ manual workflow keeps first-party actions pinned and live credentials isolated (2.9955ms)
✔ feedback CLI rejects unsupported, missing and duplicate transition arguments (2.0218ms)
✔ new-file corpus output preserves the previous version and refuses overwrite (23.0671ms)
✔ initializing a corpus binds the validated input scope without changing its snapshot (42.5533ms)
✔ partial snapshot cannot create a corpus file (23.1169ms)
✔ redirected output parent is refused without writing through it (5.957ms)
✔ review evidence must be a file and cannot use a directory as a digest source (49.8651ms)
✔ review CLI records the exact binary digest and closes its descriptor (88.9028ms)
✔ same-size review replacement between metadata check and open cannot update a corpus (31.7345ms)
✔ review parent swapped for a symlink or junction before open is rejected (31.8844ms)
✔ same-size pathname replacement after descriptor read is rejected (32.2567ms)
✔ same-size in-place review rewrite cannot hide behind a restored modification time (30.4037ms)
✔ review growth after open stays within its original byte bound and is rejected (28.8408ms)
✔ bounded review reads handle partial reads and reject empty or oversized files (20.4098ms)
✔ native behavioral evidence remains candidate with original local source and no finding impersonation (65.3642ms)
✔ native behavioral activation is denied for mixed support and forged active or retired history (40.3769ms)
✔ native behavioral candidates can be rejected without widening legacy review authority (42.0741ms)
✔ native behavioral bytes, identity claims, source and repeated runs remain validated (105.458ms)
✔ evidence binds actual audit finding and supplied snapshot without certifying collection or identity (9.7907ms)
✔ accepted missing Project status binds the native serialized report and finding in evidence and observations (36.5447ms)
✔ auditor optional-field normalization retains strict data-only feedback and report validation (54.0001ms)
✔ timestamp-only or unrelated snapshot changes do not manufacture repeated supporting evidence (27.5002ms)
✔ partial, cross-scope, stale or missing findings cannot become feedback evidence (12.8813ms)
✔ feedback source pins accept exactly 40 or 64 hexadecimal characters, including supplied evidence (66.0983ms)
✔ candidate, active and retired versions preserve their inputs and have exact transition digests (16.7732ms)
✔ one observation, fabricated evidence bytes and replayed reviews cannot activate a rule (72.0411ms)
✔ reviewer labels and claimed approval booleans do not supply verified review authority (25.4554ms)
✔ explicit rejection remains terminal and contributes no advice (40.9298ms)
✔ prospective expiry is mandatory, bounded, and effective at the exact boundary (105.0218ms)
✔ active capacity cannot expand and supersession retires only the exact predecessor (61.0476ms)
✔ supersession rejects stale targets and cannot cross finding rules (41.4902ms)
✔ active guidance annotates only matching findings without hiding or changing original conclusions (20.8694ms)
✔ broad matching admits at most the finite annotation limit and never truncates an excessive report (343.1323ms)
✔ serialized output bytes are admitted before escaped guidance and evidence references fan out (71.8148ms)
✔ later audits honor activation and retirement while the original report stays identical (45.8136ms)
✔ unknown executable, suppression, assignment and permission options are rejected (175.3822ms)
✔ stale reports, foreign scope and altered evidence fail closed (30.5586ms)
✔ canonical digests ignore property insertion order but reject executable and non-finite data (0.5657ms)
✔ reusable corpus validation preserves input and rejects authority claims or altered guidance (17.4334ms)
✔ explicit collector profile requires a hash and cannot relabel a supplied snapshot (2.836ms)
✔ recurrence requires finite explicit bounds before reading any input (0.8167ms)
✔ finite recurrence reloads snapshot and feedback on every cycle (2.3957ms)
✔ paused and stopped records prevent collection and input reads (2.5856ms)
✔ exhausted persisted attempts reject before snapshot, feedback or live collection (2.3538ms)
✔ watch admits the final allowed attempt and then stops before collecting another snapshot (1.2779ms)
✔ source mismatch refuses before reading snapshot or feedback (1.1909ms)
✔ a failed cycle stops recurrence without retrying or losing the failure (1.4024ms)
✔ first snapshot acquisition failure retains one sanitized failed attempt (303.6291ms)
✔ later corpus acquisition failure preserves earlier accepted evidence and consumes one attempt (860.5167ms)
✔ live acquisition failure is retained once without raw error text or a retry (367.6141ms)
✔ pause and stop during failed acquisition remain effective without a new admitted attempt (2273.5129ms)
✔ deadline crossing during failed acquisition prevents late attempt admission (1.4642ms)
✔ interruption during failed acquisition prevents a new admitted attempt (1.4095ms)
✔ duration bounds stop admission after collection without writing a late result (1.1366ms)
✔ interruption during an interval exits without another audit (1.3968ms)
✔ control commands delegate exact action, source and reason without collecting (3.5658ms)
✔ status exposes bounded metadata and no retained finding text (1.2939ms)
✔ one audit writes source-bound immutable private reports and an advisory handoff (537.7501ms)
✔ fresh capture timestamps and transport metrics alone produce no new report or proposal across restart (770.7243ms)
✔ live state binds the exact selected principal and profile through restart and controls (2741.8572ms)
✔ profile metadata cannot convert supplied evidence or a different live principal into accepted observations (310.6238ms)
✔ changed scoped content produces a new receipt while retaining stable finding dedupe (564.2035ms)
✔ resolved findings are recorded without claiming a remote correction (578.866ms)
✔ stale input fails and preserves a failed attempt, never reusing previous success (659.6892ms)
✔ future input fails and preserves a failed attempt, never reusing previous success (662.6133ms)
✔ incomplete input fails and preserves a failed attempt, never reusing previous success (644.127ms)
✔ source drift fails and preserves a failed attempt, never reusing previous success (682.9149ms)
✔ changing the caller source pin cannot migrate an existing directory (492.133ms)
✔ pause prevents input use, resume retains dedupe, and stop cannot resume (2503.8182ms)
✔ concurrent cycles have one winner and never create duplicate accepted receipts (360.8658ms)
✔ retained locks fail closed without PID reuse or timeout-based recovery (19.5281ms)
✔ incomplete intent and rollback to an older checkpoint refuse replay (633.7494ms)
✔ tampered referenced artifacts are rejected and preserved (318.3436ms)
✔ output-directory redirection refuses writes through a symlink or junction (10.0452ms)
✔ an unexpected output file is retained, not overwritten or removed (19.1082ms)
✔ status rejects unexpected files in initialized state before accepting its control projection (270.5551ms)
✔ missing, traversal-style and incomplete control requests do not create authority (5.8441ms)
✔ live source claims retain the existing collector identity and zero-write metadata (285.883ms)
✔ finite convenience API has explicit bounds and performs no scheduling (1118.2302ms)
✔ state and artifact redirection are not followed on read (286.6218ms)
✔ alter of earlier history is detected after a newer successful cycle (750.7625ms)
✔ delete of earlier history is detected after a newer successful cycle (724.966ms)
✔ changed implementation pins fail before a new intent is written (402.145ms)
✔ a directory replaced while a caller holds its lock cannot redirect any artifact write (385.8108ms)
✔ actual corpus activation and retirement change only separately bound advisory output (1375.8545ms)
✔ expiry invalidates cached advisory annotations even without corpus byte changes (624.3207ms)
✔ mixed retained controls and new cycles enforce one transition bound with a reserved terminal stop (69999.4152ms)
✔ accepted snapshots with omitted optional metadata produce parseable JSON artifacts and replay (737.8202ms)
✔ optional auditor metadata works through the real feedback evidence and recurring consumer bridge (701.4405ms)
✔ policy has the ten requested workstreams and never assigns people (3.3427ms)
✔ classification supports Multiplayer (6.1123ms)
✔ classification supports UX/UI (1.7098ms)
✔ classification supports Multi-system execution (1.2627ms)
✔ classification supports Janitor (1.2964ms)
✔ classification supports Dynamic agent teams (1.2738ms)
✔ classification supports DevOps/PR review/branch protection (1.9555ms)
✔ classification supports Security (1.1746ms)
✔ classification supports Agent communication layer (1.2069ms)
✔ classification supports Dark factory automation (1.2754ms)
✔ classification supports Backend scalability / pub-sub (3.227ms)
✔ classification preserves labels and assignees (15.2376ms)
✔ UX alias means UX/UI (17.2623ms)
✔ an unassigned issue is not a violation (5.4103ms)
✔ full fixture audit has zero mutations and catches closing-link conflict (5.8277ms)
✔ non-closing prose overrides no native link, not unrelated partial references (5.1893ms)
✔ explicit do-not-close linked issue is flagged (4.0113ms)
✔ closed unmerged PR does not close an open issue (4.2529ms)
✔ reopened issue remains open after a historical merged PR (4.0443ms)
✔ no automatic close for several partial PRs (4.4624ms)
✔ only explicit dependency section is interpreted (0.1884ms)
✔ code fences and quoted references are not dependency authority (0.2087ms)
✔ native/text dependency disagreement is flagged (4.3022ms)
✔ matching dependencies do not produce a mismatch (4.6689ms)
✔ dependency cycles are bounded and reported once (6.477ms)
✔ parent hierarchy mismatch and cycle are detected (4.5233ms)
✔ outside-scope dependency is not fetched or treated as complete (5.413ms)
✔ missing local dependency is unverified, not closed (5.2398ms)
✔ open issue marked Done is flagged without changing the board (7.9181ms)
✔ unknown workstream is a review hint, not a rename (5.64ms)
✔ locked default branch is flagged, without bypass (4.4853ms)
✔ stale PR source head is reported (5.2601ms)
✔ current independent review is accepted as evidence (4.352ms)
✔ author approval is not current independent human approval (4.9222ms)
✔ bot approval is not current independent human approval (3.4373ms)
✔ old-head approval is not current independent human approval (3.8492ms)
✔ later comment does not erase a valid prior approval (3.8607ms)
✔ failed checks and requested changes are surfaced (4.2544ms)
✔ missing checks are not a success (3.8067ms)
✔ stale snapshots are labeled (3.4994ms)
✔ future snapshots fail closed (1.7273ms)
✔ finding IDs are stable across repeated reads (10.1162ms)
✔ reported secrets are redacted and Markdown is escaped (13.7069ms)
✔ refuses: assign #50 to example-user (5.8562ms)
✔ refuses: label #50 multiplayer (4.8479ms)
✔ refuses: close #50 (4.6835ms)
✔ refuses: merge PR #237 (5.1235ms)
✔ refuses: enable auto-merge (11.2414ms)
✔ refuses: delete a branch (5.4133ms)
✔ refuses: approve PR #237 (4.2547ms)
✔ refuses: can you change the rules (6.4316ms)
✔ question answers use recorded evidence and canonical references (6.9619ms)
✔ reverse dependency questions list dependents (4.7803ms)
✔ unknown questions ask for clarification (5.4298ms)
✔ untrusted instruction text grants no tools (5.31ms)
✔ snapshot rejects wrong repo (1.2116ms)
✔ snapshot rejects wrong project (1.0525ms)
✔ snapshot rejects partial coverage (1.0123ms)
✔ snapshot rejects wrong count (0.9657ms)
✔ snapshot rejects duplicate issue (1.1203ms)
✔ snapshot rejects hostile URL (1.0355ms)
✔ snapshot rejects hidden project item (1.6131ms)
✔ snapshot rejects cross-repo item (1.2169ms)
✔ snapshot rejects duplicate project item (1.5552ms)
✔ snapshot rejects oversized body (1.2351ms)
✔ collector completes two matching passes with no writes (4.2884ms)
✔ collector rejects issue drift between passes (3.0665ms)
✔ collector rejects incomplete nested dependencies (1.3817ms)
✔ collector rejects a changed PR head/check binding (1.5015ms)
✔ collector rejects repeated pagination cursors (1.2411ms)
✔ collector rejects inaccessible connection entries (0.153ms)
✔ read client verifies Bakar404 and never switches accounts (1.3976ms)
✔ explicit hash-pinned read principal does not change the pilot or read allowlist (18.5292ms)
✔ collector profile rejects changed scope or unsupported fields: repository (8.6935ms)
✔ collector profile rejects changed scope or unsupported fields: project_id (25.3397ms)
✔ collector profile rejects changed scope or unsupported fields: project_number (10.0233ms)
✔ collector profile rejects changed scope or unsupported fields: token (21.636ms)
✔ collector profile rejects changed scope or unsupported fields: url (9.708ms)
✔ collector profile rejects changed scope or unsupported fields: collector_login (10.6616ms)
✔ collector profile rejects wrong hashes, changed bytes and duplicate keys (37.6086ms)
✔ profiled collection records the actual principal and rejects identity or profile drift (42.459ms)
✔ read client exposes no arbitrary query or write operation (1.2947ms)
✔ GraphQL cursor remains data, not executable query text (1.3032ms)
✔ GraphQL errors do not become accepted partial data (1.071ms)
✔ GraphQL reserve prevents further reads (1.2421ms)
✔ collection has an elapsed-time bound (1.1403ms)
✔ dry run uses neither network nor output files (2.2645ms)
✔ CLI rejects apply (0.1443ms)
✔ CLI rejects audit --fixture --live (0.0966ms)
✔ CLI rejects audit --fixture --out ../escape.json (0.1384ms)
✔ CLI rejects audit --dry-run --out file.json (0.0892ms)
✔ CLI rejects audit --fixture --assign example-user (0.0723ms)
✔ CLI rejects ask --fixture (0.0746ms)
✔ actual CLI dry run works from another directory and has no network intent (162.7189ms)
✔ test chat prepares an evidence-based reply without sending it (6.1818ms)
✔ test chat rejects wrong tenant (0.4808ms)
✔ test chat rejects wrong group (0.3106ms)
✔ test chat rejects personal chat (0.1559ms)
✔ test chat rejects other channel (0.1354ms)
✔ test chat ignores messages without a mention (0.168ms)
✔ test chat ignores its own messages (0.1553ms)
✔ test chat refuses mutation requests (5.78ms)
✔ no production mode or implicit binding (0.3731ms)
ℹ tests 227
ℹ suites 0
ℹ pass 227
ℹ fail 0
ℹ cancelled 0
ℹ skipped 0
ℹ todo 0
ℹ duration_ms 92626.3023
