$ node --test --test-concurrency=2 --test-timeout=180000 scenarios/repo-steward/steward.test.mjs scenarios/repo-steward/actions.test.mjs scenarios/repo-steward/recurring-audit.test.mjs scenarios/repo-steward/feedback.test.mjs scenarios/repo-steward/maintenance.test.mjs scenarios/repo-steward/feedback-cli.test.mjs
✔ Actions preview performs no live reads or summary publication (1.7471ms)
✔ Actions fixture uses the real auditor without GitHub access (28.2544ms)
✔ invalid workflow input is rejected during preview without data access (1.03ms)
✔ hosted live mode rejects non-Actions host before reading data (0.3434ms)
✔ hosted live mode rejects PR event before reading data (0.8661ms)
✔ hosted live mode rejects another repository before reading data (0.2058ms)
✔ hosted live mode rejects feature branch before reading data (0.2762ms)
✔ hosted live mode rejects another actor before reading data (0.1791ms)
✔ hosted live mode rejects another rerun operator before reading data (0.2996ms)
✔ hosted live mode rejects missing triggering actor before reading data (0.2979ms)
✔ hosted live mode rejects missing source commit before reading data (0.2403ms)
✔ hosted live mode rejects disabled pilot before reading data (0.1726ms)
✔ hosted live mode rejects unapproved public summary before reading data (0.1633ms)
✔ hosted live mode rejects missing credential before reading data (0.1191ms)
✔ hosted live mode rejects blank credential before reading data (0.1591ms)
✔ hosted live mode rejects write-enabled configuration before reading data (0.1319ms)
✔ GITHUB_TOKEN does not substitute for Project-readable credentials (0.1909ms)
✔ an admitted live path collects once and retains zero mutations (5.3953ms)
✔ collector failure does not produce a successful report (0.3143ms)
✔ stale hosted snapshots fail instead of publishing old findings (4.6405ms)
✔ public summaries never include free-form source or evidence text (5.2445ms)
✔ summary rejects unknown rule (3.8606ms)
✔ summary rejects bad finding id (4.0039ms)
✔ summary rejects foreign reference (5.3425ms)
✔ summary rejects mutation claim (4.2628ms)
✔ summary rejects wrong scope (3.6018ms)
✔ summary rejects invalid timestamp (3.9679ms)
✔ summary rejects bad totals (4.1438ms)
✔ public finding index is bounded without copying omitted details (4.4475ms)
✔ every configured fixture rule has an explicit publication review (3.7582ms)
✔ summary file writes remain inside a supplied native temporary directory (14.9823ms)
✔ Actions CLI rejects unsupported arguments --apply (0.2353ms)
✔ Actions CLI rejects unsupported arguments --live (0.0925ms)
✔ Actions CLI rejects unsupported arguments --live (0.1353ms)
✔ actual fixture CLI needs no hosted secrets or Teams SDK (170.6893ms)
✔ manual workflow keeps first-party actions pinned and live credentials isolated (11.5196ms)
✔ feedback CLI rejects unsupported, missing and duplicate transition arguments (2.0141ms)
✔ new-file corpus output preserves the previous version and refuses overwrite (23.6959ms)
✔ initializing a corpus binds the validated input scope without changing its snapshot (41.4387ms)
✔ partial snapshot cannot create a corpus file (19.5278ms)
✔ redirected output parent is refused without writing through it (5.1026ms)
✔ review evidence must be a file and cannot use a directory as a digest source (38.3813ms)
✔ review CLI records the exact binary digest and closes its descriptor (75.7031ms)
✔ same-size review replacement between metadata check and open cannot update a corpus (27.7279ms)
✔ review parent swapped for a symlink or junction before open is rejected (30.0818ms)
✔ same-size pathname replacement after descriptor read is rejected (26.1844ms)
✔ same-size in-place review rewrite cannot hide behind a restored modification time (35.6676ms)
✔ review growth after open stays within its original byte bound and is rejected (25.5593ms)
✔ bounded review reads handle partial reads and reject empty or oversized files (16.9662ms)
✔ native behavioral evidence remains candidate with original local source and no finding impersonation (63.4726ms)
✔ native behavioral activation is denied for mixed support and forged active or retired history (42.632ms)
✔ native behavioral candidates can be rejected without widening legacy review authority (49.272ms)
✔ native behavioral bytes, identity claims, source and repeated runs remain validated (102.4369ms)
✔ evidence binds actual audit finding and supplied snapshot without certifying collection or identity (9.4739ms)
✔ accepted missing Project status binds the native serialized report and finding in evidence and observations (35.8545ms)
✔ auditor optional-field normalization retains strict data-only feedback and report validation (57.5169ms)
✔ timestamp-only or unrelated snapshot changes do not manufacture repeated supporting evidence (27.553ms)
✔ partial, cross-scope, stale or missing findings cannot become feedback evidence (14.2925ms)
✔ feedback source pins accept exactly 40 or 64 hexadecimal characters, including supplied evidence (65.5273ms)
✔ candidate, active and retired versions preserve their inputs and have exact transition digests (16.7076ms)
✔ one observation, fabricated evidence bytes and replayed reviews cannot activate a rule (72.3634ms)
✔ reviewer labels and claimed approval booleans do not supply verified review authority (22.6301ms)
✔ explicit rejection remains terminal and contributes no advice (43.4578ms)
✔ prospective expiry is mandatory, bounded, and effective at the exact boundary (93.0042ms)
✔ active capacity cannot expand and supersession retires only the exact predecessor (57.166ms)
✔ supersession rejects stale targets and cannot cross finding rules (44.6909ms)
✔ active guidance annotates only matching findings without hiding or changing original conclusions (20.4663ms)
✔ broad matching admits at most the finite annotation limit and never truncates an excessive report (296.9961ms)
✔ serialized output bytes are admitted before escaped guidance and evidence references fan out (55.4576ms)
✔ later audits honor activation and retirement while the original report stays identical (37.1103ms)
✔ unknown executable, suppression, assignment and permission options are rejected (128.0946ms)
✔ stale reports, foreign scope and altered evidence fail closed (26.2726ms)
✔ canonical digests ignore property insertion order but reject executable and non-finite data (0.3716ms)
✔ reusable corpus validation preserves input and rejects authority claims or altered guidance (15.0198ms)
✔ explicit collector profile requires a hash and cannot relabel a supplied snapshot (2.8052ms)
✔ recurrence requires finite explicit bounds before reading any input (0.8354ms)
✔ finite recurrence reloads snapshot and feedback on every cycle (2.4842ms)
✔ paused and stopped records prevent collection and input reads (2.588ms)
✔ exhausted persisted attempts reject before snapshot, feedback or live collection (2.8436ms)
✔ watch admits the final allowed attempt and then stops before collecting another snapshot (1.2436ms)
✔ source mismatch refuses before reading snapshot or feedback (2.9186ms)
✔ a failed cycle stops recurrence without retrying or losing the failure (1.6109ms)
✔ first snapshot acquisition failure retains one sanitized failed attempt (303.3425ms)
✔ later corpus acquisition failure preserves earlier accepted evidence and consumes one attempt (750.1597ms)
✔ live acquisition failure is retained once without raw error text or a retry (274.5312ms)
✔ pause and stop during failed acquisition remain effective without a new admitted attempt (1889.0317ms)
✔ deadline crossing during failed acquisition prevents late attempt admission (1.2722ms)
✔ interruption during failed acquisition prevents a new admitted attempt (1.0598ms)
✔ duration bounds stop admission after collection without writing a late result (1.2533ms)
✔ interruption during an interval exits without another audit (1.1096ms)
✔ control commands delegate exact action, source and reason without collecting (2.82ms)
✔ status exposes bounded metadata and no retained finding text (1.0207ms)
✔ one audit writes source-bound immutable private reports and an advisory handoff (436.4381ms)
✔ fresh capture timestamps and transport metrics alone produce no new report or proposal across restart (673.2162ms)
✔ live state binds the exact selected principal and profile through restart and controls (2376.3315ms)
✔ profile metadata cannot convert supplied evidence or a different live principal into accepted observations (267.468ms)
✔ changed scoped content produces a new receipt while retaining stable finding dedupe (507.5908ms)
✔ resolved findings are recorded without claiming a remote correction (496.8607ms)
✔ stale input fails and preserves a failed attempt, never reusing previous success (594.9274ms)
✔ future input fails and preserves a failed attempt, never reusing previous success (601.8723ms)
✔ incomplete input fails and preserves a failed attempt, never reusing previous success (607.3139ms)
✔ source drift fails and preserves a failed attempt, never reusing previous success (571.4166ms)
✔ changing the caller source pin cannot migrate an existing directory (438.5135ms)
✔ pause prevents input use, resume retains dedupe, and stop cannot resume (2209.4706ms)
✔ concurrent cycles have one winner and never create duplicate accepted receipts (334.1538ms)
✔ retained locks fail closed without PID reuse or timeout-based recovery (24.0616ms)
✔ incomplete intent and rollback to an older checkpoint refuse replay (550.8413ms)
✔ tampered referenced artifacts are rejected and preserved (337.1488ms)
✔ output-directory redirection refuses writes through a symlink or junction (11.5168ms)
✔ an unexpected output file is retained, not overwritten or removed (19.7883ms)
✔ status rejects unexpected files in initialized state before accepting its control projection (242.5938ms)
✔ missing, traversal-style and incomplete control requests do not create authority (4.0946ms)
✔ live source claims retain the existing collector identity and zero-write metadata (267.7891ms)
✔ finite convenience API has explicit bounds and performs no scheduling (857.7677ms)
✔ state and artifact redirection are not followed on read (245.2391ms)
✔ alter of earlier history is detected after a newer successful cycle (649.1276ms)
✔ delete of earlier history is detected after a newer successful cycle (644.5568ms)
✔ changed implementation pins fail before a new intent is written (379.5118ms)
✔ a directory replaced while a caller holds its lock cannot redirect any artifact write (334.9841ms)
✔ actual corpus activation and retirement change only separately bound advisory output (1251.1078ms)
✔ expiry invalidates cached advisory annotations even without corpus byte changes (574.4267ms)
✔ mixed retained controls and new cycles enforce one transition bound with a reserved terminal stop (59799.982ms)
✔ accepted snapshots with omitted optional metadata produce parseable JSON artifacts and replay (452.7906ms)
✔ optional auditor metadata works through the real feedback evidence and recurring consumer bridge (500.3001ms)
✔ policy has the ten requested workstreams and never assigns people (3.1292ms)
✔ classification supports Multiplayer (5.922ms)
✔ classification supports UX/UI (1.6272ms)
✔ classification supports Multi-system execution (1.1762ms)
✔ classification supports Janitor (1.2501ms)
✔ classification supports Dynamic agent teams (1.1811ms)
✔ classification supports DevOps/PR review/branch protection (1.8519ms)
✔ classification supports Security (1.1252ms)
✔ classification supports Agent communication layer (1.2211ms)
✔ classification supports Dark factory automation (1.2415ms)
✔ classification supports Backend scalability / pub-sub (1.3438ms)
✔ classification preserves labels and assignees (11.9411ms)
✔ UX alias means UX/UI (14.0102ms)
✔ an unassigned issue is not a violation (4.9052ms)
✔ full fixture audit has zero mutations and catches closing-link conflict (4.662ms)
✔ non-closing prose overrides no native link, not unrelated partial references (3.7821ms)
✔ explicit do-not-close linked issue is flagged (3.5328ms)
✔ closed unmerged PR does not close an open issue (4.138ms)
✔ reopened issue remains open after a historical merged PR (3.5014ms)
✔ no automatic close for several partial PRs (4.106ms)
✔ only explicit dependency section is interpreted (0.1799ms)
✔ code fences and quoted references are not dependency authority (0.2138ms)
✔ native/text dependency disagreement is flagged (4.0019ms)
✔ matching dependencies do not produce a mismatch (4.7692ms)
✔ dependency cycles are bounded and reported once (4.4931ms)
✔ parent hierarchy mismatch and cycle are detected (3.9501ms)
✔ outside-scope dependency is not fetched or treated as complete (4.0194ms)
✔ missing local dependency is unverified, not closed (3.7076ms)
✔ open issue marked Done is flagged without changing the board (3.9698ms)
✔ unknown workstream is a review hint, not a rename (3.229ms)
✔ locked default branch is flagged, without bypass (3.7566ms)
✔ stale PR source head is reported (3.4434ms)
✔ current independent review is accepted as evidence (4.034ms)
✔ author approval is not current independent human approval (4.1331ms)
✔ bot approval is not current independent human approval (3.4819ms)
✔ old-head approval is not current independent human approval (3.5948ms)
✔ later comment does not erase a valid prior approval (3.8946ms)
✔ failed checks and requested changes are surfaced (3.9445ms)
✔ missing checks are not a success (3.4408ms)
✔ stale snapshots are labeled (3.5146ms)
✔ future snapshots fail closed (1.5654ms)
✔ finding IDs are stable across repeated reads (7.3901ms)
✔ reported secrets are redacted and Markdown is escaped (9.5231ms)
✔ refuses: assign #50 to example-user (4.8229ms)
✔ refuses: label #50 multiplayer (4.4646ms)
✔ refuses: close #50 (4.5628ms)
✔ refuses: merge PR #237 (4.2151ms)
✔ refuses: enable auto-merge (4.5251ms)
✔ refuses: delete a branch (3.969ms)
✔ refuses: approve PR #237 (4.2279ms)
✔ refuses: can you change the rules (4.3422ms)
✔ question answers use recorded evidence and canonical references (4.9103ms)
✔ reverse dependency questions list dependents (4.2732ms)
✔ unknown questions ask for clarification (4.7694ms)
✔ untrusted instruction text grants no tools (4.8074ms)
✔ snapshot rejects wrong repo (1.0046ms)
✔ snapshot rejects wrong project (0.9661ms)
✔ snapshot rejects partial coverage (0.8542ms)
✔ snapshot rejects wrong count (1.0109ms)
✔ snapshot rejects duplicate issue (1.0992ms)
✔ snapshot rejects hostile URL (0.9801ms)
✔ snapshot rejects hidden project item (1.2215ms)
✔ snapshot rejects cross-repo item (1.1047ms)
✔ snapshot rejects duplicate project item (1.4118ms)
✔ snapshot rejects oversized body (1.2727ms)
✔ collector completes two matching passes with no writes (4.9121ms)
✔ collector rejects issue drift between passes (2.6833ms)
✔ collector rejects incomplete nested dependencies (1.2161ms)
✔ collector rejects a changed PR head/check binding (1.226ms)
✔ collector rejects repeated pagination cursors (1.0819ms)
✔ collector rejects inaccessible connection entries (0.2084ms)
✔ read client verifies Bakar404 and never switches accounts (1.2076ms)
✔ explicit hash-pinned read principal does not change the pilot or read allowlist (24.9078ms)
✔ collector profile rejects changed scope or unsupported fields: repository (16.7644ms)
✔ collector profile rejects changed scope or unsupported fields: project_id (17.1175ms)
✔ collector profile rejects changed scope or unsupported fields: project_number (17.2131ms)
✔ collector profile rejects changed scope or unsupported fields: token (14.7593ms)
✔ collector profile rejects changed scope or unsupported fields: url (15.7937ms)
✔ collector profile rejects changed scope or unsupported fields: collector_login (15.5789ms)
✔ collector profile rejects wrong hashes, changed bytes and duplicate keys (41.4791ms)
✔ profiled collection records the actual principal and rejects identity or profile drift (28.858ms)
✔ read client exposes no arbitrary query or write operation (1.0851ms)
✔ GraphQL cursor remains data, not executable query text (1.161ms)
✔ GraphQL errors do not become accepted partial data (0.978ms)
✔ GraphQL reserve prevents further reads (1.1352ms)
✔ collection has an elapsed-time bound (1.0318ms)
✔ dry run uses neither network nor output files (1.7663ms)
✔ CLI rejects apply (0.1394ms)
✔ CLI rejects audit --fixture --live (0.0953ms)
✔ CLI rejects audit --fixture --out ../escape.json (0.134ms)
✔ CLI rejects audit --dry-run --out file.json (0.1422ms)
✔ CLI rejects audit --fixture --assign example-user (0.0809ms)
✔ CLI rejects ask --fixture (0.0763ms)
✔ actual CLI dry run works from another directory and has no network intent (144.8048ms)
✔ test chat prepares an evidence-based reply without sending it (5.7071ms)
✔ test chat rejects wrong tenant (0.3141ms)
✔ test chat rejects wrong group (0.1418ms)
✔ test chat rejects personal chat (0.1719ms)
✔ test chat rejects other channel (0.1483ms)
✔ test chat ignores messages without a mention (0.1464ms)
✔ test chat ignores its own messages (0.1239ms)
✔ test chat refuses mutation requests (4.3531ms)
✔ no production mode or implicit binding (0.2842ms)
ℹ tests 227
ℹ suites 0
ℹ pass 227
ℹ fail 0
ℹ cancelled 0
ℹ skipped 0
ℹ todo 0
ℹ duration_ms 79498.5531
