$ node --test --test-concurrency=2 --test-timeout=180000 scenarios/repo-steward/steward.test.mjs scenarios/repo-steward/actions.test.mjs scenarios/repo-steward/recurring-audit.test.mjs scenarios/repo-steward/feedback.test.mjs scenarios/repo-steward/maintenance.test.mjs scenarios/repo-steward/feedback-cli.test.mjs
✔ Actions preview performs no live reads or summary publication (2.1526ms)
✔ Actions fixture uses the real auditor without GitHub access (29.5263ms)
✔ invalid workflow input is rejected during preview without data access (1.0996ms)
✔ hosted live mode rejects non-Actions host before reading data (0.4946ms)
✔ hosted live mode rejects PR event before reading data (0.3965ms)
✔ hosted live mode rejects another repository before reading data (1.0811ms)
✔ hosted live mode rejects feature branch before reading data (0.4444ms)
✔ hosted live mode rejects another actor before reading data (0.2747ms)
✔ hosted live mode rejects another rerun operator before reading data (0.4768ms)
✔ hosted live mode rejects missing triggering actor before reading data (0.5232ms)
✔ hosted live mode rejects missing source commit before reading data (0.386ms)
✔ hosted live mode rejects disabled pilot before reading data (0.202ms)
✔ hosted live mode rejects unapproved public summary before reading data (0.1602ms)
✔ hosted live mode rejects missing credential before reading data (0.1639ms)
✔ hosted live mode rejects blank credential before reading data (0.1493ms)
✔ hosted live mode rejects write-enabled configuration before reading data (0.1381ms)
✔ GITHUB_TOKEN does not substitute for Project-readable credentials (0.2507ms)
✔ an admitted live path collects once and retains zero mutations (5.9534ms)
✔ collector failure does not produce a successful report (0.4519ms)
✔ stale hosted snapshots fail instead of publishing old findings (5.8492ms)
✔ public summaries never include free-form source or evidence text (6.0902ms)
✔ summary rejects unknown rule (4.4451ms)
✔ summary rejects bad finding id (4.5667ms)
✔ summary rejects foreign reference (4.4793ms)
✔ summary rejects mutation claim (4.7214ms)
✔ summary rejects wrong scope (4.3591ms)
✔ summary rejects invalid timestamp (5.949ms)
✔ summary rejects bad totals (5.4341ms)
✔ public finding index is bounded without copying omitted details (5.0541ms)
✔ every configured fixture rule has an explicit publication review (4.365ms)
✔ summary file writes remain inside a supplied native temporary directory (19.7543ms)
✔ Actions CLI rejects unsupported arguments --apply (0.3594ms)
✔ Actions CLI rejects unsupported arguments --live (0.1922ms)
✔ Actions CLI rejects unsupported arguments --live (0.1985ms)
✔ actual fixture CLI needs no hosted secrets or Teams SDK (211.8137ms)
✔ manual workflow keeps first-party actions pinned and live credentials isolated (1.0593ms)
✔ feedback CLI rejects unsupported, missing and duplicate transition arguments (2.1219ms)
✔ new-file corpus output preserves the previous version and refuses overwrite (15.5094ms)
✔ initializing a corpus binds the validated input scope without changing its snapshot (52.1848ms)
✔ partial snapshot cannot create a corpus file (24.7805ms)
✔ redirected output parent is refused without writing through it (5.7017ms)
✔ review evidence must be a file and cannot use a directory as a digest source (51.8977ms)
✔ review CLI records the exact binary digest and closes its descriptor (105.6623ms)
✔ same-size review replacement between metadata check and open cannot update a corpus (34.4334ms)
✔ review parent swapped for a symlink or junction before open is rejected (35.9151ms)
✔ same-size pathname replacement after descriptor read is rejected (34.9619ms)
✔ same-size in-place review rewrite cannot hide behind a restored modification time (29.6729ms)
✔ review growth after open stays within its original byte bound and is rejected (27.7204ms)
✔ bounded review reads handle partial reads and reject empty or oversized files (20.5844ms)
✔ native behavioral evidence remains candidate with original local source and no finding impersonation (70.0106ms)
✔ native behavioral activation is denied for mixed support and forged active or retired history (46.1282ms)
✔ native behavioral candidates can be rejected without widening legacy review authority (51.1042ms)
✔ native behavioral bytes, identity claims, source and repeated runs remain validated (130.2353ms)
✔ evidence binds actual audit finding and supplied snapshot without certifying collection or identity (14.5255ms)
✔ accepted missing Project status binds the native serialized report and finding in evidence and observations (52.6633ms)
✔ auditor optional-field normalization retains strict data-only feedback and report validation (63.1662ms)
✔ timestamp-only or unrelated snapshot changes do not manufacture repeated supporting evidence (35.4852ms)
✔ partial, cross-scope, stale or missing findings cannot become feedback evidence (22.1431ms)
✔ feedback source pins accept exactly 40 or 64 hexadecimal characters, including supplied evidence (92.6724ms)
✔ candidate, active and retired versions preserve their inputs and have exact transition digests (21.5358ms)
✔ one observation, fabricated evidence bytes and replayed reviews cannot activate a rule (72.527ms)
✔ reviewer labels and claimed approval booleans do not supply verified review authority (22.3585ms)
✔ explicit rejection remains terminal and contributes no advice (41.0983ms)
✔ prospective expiry is mandatory, bounded, and effective at the exact boundary (123.8423ms)
✔ active capacity cannot expand and supersession retires only the exact predecessor (72.1405ms)
✔ supersession rejects stale targets and cannot cross finding rules (54.001ms)
✔ active guidance annotates only matching findings without hiding or changing original conclusions (27.4733ms)
✔ broad matching admits at most the finite annotation limit and never truncates an excessive report (344.1686ms)
✔ serialized output bytes are admitted before escaped guidance and evidence references fan out (59.1339ms)
✔ later audits honor activation and retirement while the original report stays identical (37.3492ms)
✔ unknown executable, suppression, assignment and permission options are rejected (159.1126ms)
✔ stale reports, foreign scope and altered evidence fail closed (42.258ms)
✔ canonical digests ignore property insertion order but reject executable and non-finite data (0.6951ms)
✔ reusable corpus validation preserves input and rejects authority claims or altered guidance (25.8812ms)
✔ explicit collector profile requires a hash and cannot relabel a supplied snapshot (2.9ms)
✔ recurrence requires finite explicit bounds before reading any input (0.9589ms)
✔ finite recurrence reloads snapshot and feedback on every cycle (2.761ms)
✔ paused and stopped records prevent collection and input reads (2.6151ms)
✔ exhausted persisted attempts reject before snapshot, feedback or live collection (2.7126ms)
✔ watch admits the final allowed attempt and then stops before collecting another snapshot (1.5039ms)
✔ source mismatch refuses before reading snapshot or feedback (1.6583ms)
✔ a failed cycle stops recurrence without retrying or losing the failure (1.6741ms)
✔ first snapshot acquisition failure retains one sanitized failed attempt (394.9744ms)
✔ later corpus acquisition failure preserves earlier accepted evidence and consumes one attempt (852.4675ms)
✔ live acquisition failure is retained once without raw error text or a retry (325.275ms)
✔ pause and stop during failed acquisition remain effective without a new admitted attempt (2177.1278ms)
✔ deadline crossing during failed acquisition prevents late attempt admission (1.7351ms)
✔ interruption during failed acquisition prevents a new admitted attempt (1.1917ms)
✔ duration bounds stop admission after collection without writing a late result (1.2431ms)
✔ interruption during an interval exits without another audit (1.294ms)
✔ control commands delegate exact action, source and reason without collecting (3.3489ms)
✔ status exposes bounded metadata and no retained finding text (1.0856ms)
✔ one audit writes source-bound immutable private reports and an advisory handoff (521.6678ms)
✔ fresh capture timestamps and transport metrics alone produce no new report or proposal across restart (778.6266ms)
✔ live state binds the exact selected principal and profile through restart and controls (2598.4482ms)
✔ profile metadata cannot convert supplied evidence or a different live principal into accepted observations (326.9412ms)
✔ changed scoped content produces a new receipt while retaining stable finding dedupe (519.4697ms)
✔ resolved findings are recorded without claiming a remote correction (642.5214ms)
✔ stale input fails and preserves a failed attempt, never reusing previous success (694.805ms)
✔ future input fails and preserves a failed attempt, never reusing previous success (860.3835ms)
✔ incomplete input fails and preserves a failed attempt, never reusing previous success (732.1626ms)
✔ source drift fails and preserves a failed attempt, never reusing previous success (809.2925ms)
✔ changing the caller source pin cannot migrate an existing directory (683.4226ms)
✔ pause prevents input use, resume retains dedupe, and stop cannot resume (3385.6906ms)
✔ concurrent cycles have one winner and never create duplicate accepted receipts (419.8494ms)
✔ retained locks fail closed without PID reuse or timeout-based recovery (28.108ms)
✔ incomplete intent and rollback to an older checkpoint refuse replay (888.7475ms)
✔ tampered referenced artifacts are rejected and preserved (440.8607ms)
✔ output-directory redirection refuses writes through a symlink or junction (17.7789ms)
✔ an unexpected output file is retained, not overwritten or removed (29.5622ms)
✔ status rejects unexpected files in initialized state before accepting its control projection (379.1456ms)
✔ missing, traversal-style and incomplete control requests do not create authority (5.9721ms)
✔ live source claims retain the existing collector identity and zero-write metadata (362.6076ms)
✔ finite convenience API has explicit bounds and performs no scheduling (1381.9259ms)
✔ state and artifact redirection are not followed on read (356.9772ms)
✔ alter of earlier history is detected after a newer successful cycle (1134.1274ms)
✔ delete of earlier history is detected after a newer successful cycle (920.3172ms)
✔ changed implementation pins fail before a new intent is written (625.8517ms)
✔ a directory replaced while a caller holds its lock cannot redirect any artifact write (606.2653ms)
✔ actual corpus activation and retirement change only separately bound advisory output (3266.295ms)
✔ expiry invalidates cached advisory annotations even without corpus byte changes (918.7859ms)
✔ mixed retained controls and new cycles enforce one transition bound with a reserved terminal stop (93563.8989ms)
✔ accepted snapshots with omitted optional metadata produce parseable JSON artifacts and replay (1061.8745ms)
✔ optional auditor metadata works through the real feedback evidence and recurring consumer bridge (1007.7275ms)
✔ policy has the ten requested workstreams and never assigns people (3.874ms)
✔ classification supports Multiplayer (6.123ms)
✔ classification supports UX/UI (2.7033ms)
✔ classification supports Multi-system execution (1.8452ms)
✔ classification supports Janitor (1.5461ms)
✔ classification supports Dynamic agent teams (1.4563ms)
✔ classification supports DevOps/PR review/branch protection (3.0085ms)
✔ classification supports Security (1.7475ms)
✔ classification supports Agent communication layer (1.5483ms)
✔ classification supports Dark factory automation (1.3884ms)
✔ classification supports Backend scalability / pub-sub (1.1452ms)
✔ classification preserves labels and assignees (13.4866ms)
✔ UX alias means UX/UI (15.7565ms)
✔ an unassigned issue is not a violation (6.2476ms)
✔ full fixture audit has zero mutations and catches closing-link conflict (5.3196ms)
✔ non-closing prose overrides no native link, not unrelated partial references (4.4166ms)
✔ explicit do-not-close linked issue is flagged (3.6913ms)
✔ closed unmerged PR does not close an open issue (4.7802ms)
✔ reopened issue remains open after a historical merged PR (3.6767ms)
✔ no automatic close for several partial PRs (4.6899ms)
✔ only explicit dependency section is interpreted (0.2284ms)
✔ code fences and quoted references are not dependency authority (0.2215ms)
✔ native/text dependency disagreement is flagged (5.7619ms)
✔ matching dependencies do not produce a mismatch (4.6082ms)
✔ dependency cycles are bounded and reported once (5.1158ms)
✔ parent hierarchy mismatch and cycle are detected (4.1823ms)
✔ outside-scope dependency is not fetched or treated as complete (4.0685ms)
✔ missing local dependency is unverified, not closed (3.7281ms)
✔ open issue marked Done is flagged without changing the board (4.4189ms)
✔ unknown workstream is a review hint, not a rename (3.529ms)
✔ locked default branch is flagged, without bypass (4.1116ms)
✔ stale PR source head is reported (3.8199ms)
✔ current independent review is accepted as evidence (5.2417ms)
✔ author approval is not current independent human approval (4.4944ms)
✔ bot approval is not current independent human approval (3.5653ms)
✔ old-head approval is not current independent human approval (3.7943ms)
✔ later comment does not erase a valid prior approval (4.2062ms)
✔ failed checks and requested changes are surfaced (5.4122ms)
✔ missing checks are not a success (4.4992ms)
✔ stale snapshots are labeled (4.7114ms)
✔ future snapshots fail closed (1.981ms)
✔ finding IDs are stable across repeated reads (10.085ms)
✔ reported secrets are redacted and Markdown is escaped (13.9712ms)
✔ refuses: assign #50 to example-user (7.459ms)
✔ refuses: label #50 multiplayer (5.8156ms)
✔ refuses: close #50 (4.81ms)
✔ refuses: merge PR #237 (5.6583ms)
✔ refuses: enable auto-merge (4.7667ms)
✔ refuses: delete a branch (4.6934ms)
✔ refuses: approve PR #237 (5.3334ms)
✔ refuses: can you change the rules (7.4301ms)
✔ question answers use recorded evidence and canonical references (9.0503ms)
✔ reverse dependency questions list dependents (7.6462ms)
✔ unknown questions ask for clarification (8.8877ms)
✔ untrusted instruction text grants no tools (6.7788ms)
✔ snapshot rejects wrong repo (1.5796ms)
✔ snapshot rejects wrong project (1.2166ms)
✔ snapshot rejects partial coverage (1.3402ms)
✔ snapshot rejects wrong count (1.2201ms)
✔ snapshot rejects duplicate issue (1.5406ms)
✔ snapshot rejects hostile URL (1.254ms)
✔ snapshot rejects hidden project item (1.3621ms)
✔ snapshot rejects cross-repo item (1.3684ms)
✔ snapshot rejects duplicate project item (1.411ms)
✔ snapshot rejects oversized body (1.5787ms)
✔ collector completes two matching passes with no writes (6.2038ms)
✔ collector rejects issue drift between passes (3.262ms)
✔ collector rejects incomplete nested dependencies (1.3667ms)
✔ collector rejects a changed PR head/check binding (1.5687ms)
✔ collector rejects repeated pagination cursors (1.6333ms)
✔ collector rejects inaccessible connection entries (0.2475ms)
✔ read client verifies Bakar404 and never switches accounts (1.7627ms)
✔ explicit hash-pinned read principal does not change the pilot or read allowlist (22.4304ms)
✔ collector profile rejects changed scope or unsupported fields: repository (20.7784ms)
✔ collector profile rejects changed scope or unsupported fields: project_id (20.1379ms)
✔ collector profile rejects changed scope or unsupported fields: project_number (24.9572ms)
✔ collector profile rejects changed scope or unsupported fields: token (23.0632ms)
✔ collector profile rejects changed scope or unsupported fields: url (13.2358ms)
✔ collector profile rejects changed scope or unsupported fields: collector_login (25.8015ms)
✔ collector profile rejects wrong hashes, changed bytes and duplicate keys (52.7605ms)
✔ profiled collection records the actual principal and rejects identity or profile drift (32.9636ms)
✔ read client exposes no arbitrary query or write operation (2.0068ms)
✔ GraphQL cursor remains data, not executable query text (1.3276ms)
✔ GraphQL errors do not become accepted partial data (2.1131ms)
✔ GraphQL reserve prevents further reads (1.3096ms)
✔ collection has an elapsed-time bound (1.0759ms)
✔ dry run uses neither network nor output files (1.5313ms)
✔ CLI rejects apply (0.1486ms)
✔ CLI rejects audit --fixture --live (0.0982ms)
✔ CLI rejects audit --fixture --out ../escape.json (0.1409ms)
✔ CLI rejects audit --dry-run --out file.json (0.0908ms)
✔ CLI rejects audit --fixture --assign example-user (0.1ms)
✔ CLI rejects ask --fixture (0.0818ms)
✔ actual CLI dry run works from another directory and has no network intent (160.156ms)
✔ test chat prepares an evidence-based reply without sending it (7.3709ms)
✔ test chat rejects wrong tenant (0.3443ms)
✔ test chat rejects wrong group (0.1484ms)
✔ test chat rejects personal chat (0.1347ms)
✔ test chat rejects other channel (0.1274ms)
✔ test chat ignores messages without a mention (0.1891ms)
✔ test chat ignores its own messages (0.1303ms)
✔ test chat refuses mutation requests (4.6371ms)
✔ no production mode or implicit binding (0.4231ms)
ℹ tests 227
ℹ suites 0
ℹ pass 227
ℹ fail 0
ℹ cancelled 0
ℹ skipped 0
ℹ todo 0
ℹ duration_ms 122566.0032
