✔ task graph requires explicit ownership and a single dry-run option (2.7655ms)
✔ task graph refuses manual ports, credentials, remote origins and malformed endpoints even in CI (0.6865ms)
✔ obsolete roster SQL cannot be silently re-enabled (0.8196ms)
✔ source-selected staffing reads exact source metadata without mutating the snapshot (1.1321ms)
✔ source selection rejects wrong Corp, connection, adapter, source, or ambiguous runner (5.603ms)
✔ normal graph launch keeps its response and never launches a second time (0.4628ms)
✔ the hosted root-claim conflict reconciles once, only after persisted mission completion (0.5293ms)
✔ graph launch rejects authorization, dispatch, mixed and unknown-task failures without waiting or replaying (0.7962ms)
✔ graph launch never replays a failed, cancelled, incomplete or timed-out mission (1.0507ms)
✔ failed graph reports bounded persisted run causes without unrelated snapshot contents (11.3364ms)
✔ graph failure diagnostics omit nested values in allowed fields (0.6662ms)
✔ graph reconciliation rejects a repeated conflict or a response that dispatched new work (0.6099ms)
✔ the E2E retains native staffing, source assertions, concurrency, handoff and Windows mixed-provider coverage (1.7576ms)
ℹ tests 13
ℹ suites 0
ℹ pass 13
ℹ fail 0
ℹ cancelled 0
ℹ skipped 0
ℹ todo 0
ℹ duration_ms 173.4575
