{
  "status": "passed",
  "started_at": "2026-09-22T21:00:38.6705180Z",
  "finished_at": "2026-09-22T21:02:21.7378176Z",
  "postgres_start_unverified": false,
  "fixture_root": "<local-user>\\code\\qa\\p237-r8\\ecorp-external-adapters-pr237",
  "budget_breakers": "passed",
  "real_provider_calls": 0,
  "fixture_source_commit": "891db76bd8b1ca7cff46d8252010e661bb2aaebe",
  "real_github_mutations": 0,
  "source_checkout_unchanged": true,
  "identity_lifecycle": "passed",
  "postgres_port": 55437,
  "source_worktree": "<reviewed-worktree>",
  "suite": "external-adapters-windows-ci-v1",
  "server": "http://127.0.0.1:28437",
  "cleanup": [
    {
      "role": "runner",
      "stopped": true
    },
    {
      "role": "server",
      "stopped": true
    },
    {
      "role": "postgres",
      "stopped": true
    }
  ],
  "cross_provider_graph": "passed",
  "controlled_runner_readiness": "passed"
}
