F02 component regressions passed: 124 invalid/reserved cases across all three plan inputs and forward separators.
{"drive":"Q:","event":"alias-before","fixture":"<local-user>\\AppData\\Local\\Temp\\ecorp-u1-preflight-d8e91973257e4583bce81cea3937be13","mapping":null}
{"drive":"Q:","event":"alias-created","target":"\\??\\<local-user>\\AppData\\Local\\Temp\\ecorp-u1-preflight-d8e91973257e4583bce81cea3937be13\\retained-office","sameSentinel":true}
F01 native alias rejected in Root.
F01 native alias rejected in Product.
F01 native alias rejected in Protected.
{"drive":"Q:","event":"alias-cleanup","mapping":null,"removedTarget":"\\??\\<local-user>\\AppData\\Local\\Temp\\ecorp-u1-preflight-d8e91973257e4583bce81cea3937be13\\retained-office"}
F01 native short-path overlap rejected: short fixture ancestor.
F01 native short-path overlap rejected: short product.
F01 native short-path overlap rejected: short protected ancestor.
F01 native short-path overlap rejected: multiple missing descendants.
{"executed":true,"event":"native-short-alias","status":"passed","mode":"Required","distinctAlias":true}
F01 native SUBST/unmapped-drive and simulated mapped/unknown-drive regressions passed.
{"drive":"Q:","event":"volume-before","fixture":"<local-user>\\AppData\\Local\\Temp\\ecorp-u1-preflight-d8e91973257e4583bce81cea3937be13","mapping":null,"target":"\\Device\\HarddiskVolume4"}
{"drive":"Q:","event":"volume-created","target":"\\Device\\HarddiskVolume4","sameSentinel":true}
F01 native same-volume disjoint control passed: Root.
F01 native same-volume disjoint control passed: Product.
F01 native same-volume disjoint control passed: Protected.
F01 native same-volume overlap rejected: Root.
F01 native same-volume overlap rejected: Protected.
F01 native same-volume overlap rejected: Product.
F01 native same-volume overlap rejected: protected drive root.
F01 native same-volume overlap rejected: aliased protected drive root.
{"drive":"Q:","event":"volume-cleanup","mapping":null,"exactMatch":true,"removedTarget":"\\Device\\HarddiskVolume4"}
F01 native same-volume aliases, disjoint DOS-path controls and drive-root ancestry regressions passed.
{"restored_time":true,"event":"stat-cache-source-change","index_preserved":true,"native_status_empty":true,"rejected":false}
{"restored_time":false,"event":"stat-cache-source-change","index_preserved":true,"native_status_empty":false,"rejected":true}
{"source_status":"blocked","event":"hidden-index-change","rejected":true,"flag":"assume-unchanged"}
{"source_status":"blocked","event":"hidden-index-change","rejected":true,"flag":"skip-worktree"}
{"source_status":"blocked","event":"replacement-source-change","original_head_unchanged":true,"rejected":true,"kind":"commit"}
{"source_status":"blocked","event":"replacement-source-change","original_head_unchanged":true,"rejected":true,"kind":"tree"}
{"event":"clean-filter-source-change","selection":"local","filter_ran":false,"source_status":"blocked","preserved":true,"rejected":true}
{"event":"clean-filter-source-change","selection":"included","filter_ran":false,"source_status":"blocked","preserved":true,"rejected":true}
{"event":"clean-filter-source-change","selection":"global-explicit","filter_ran":false,"source_status":"blocked","preserved":true,"rejected":true}
{"event":"clean-filter-source-change","selection":"global-default","filter_ran":false,"source_status":"blocked","preserved":true,"rejected":true}
F03 native local/included/global filter rejection, effect prevention and source preservation passed.
{"event":"gitlink-source-change","status_called":true,"filter_ran":true,"preserved":true,"rejected":false}
WARNING: Failed synthetic fixture retained at <local-user>\AppData\Local\Temp\ecorp-u1-preflight-d8e91973257e4583bce81cea3937be13
Exception: <reviewed-worktree>\tools\qa_multiplayer_preflight.test.ps1:12
Line |
  12 |      if (!$Condition) { throw $Message }
     |                         ~~~~~~~~~~~~~~
     | same-length source change (restored time: True); gitlink must reject before recursive status or nested filters
