$ node --test --test-concurrency=2 --test-timeout=180000 scenarios/repo-steward/steward.test.mjs scenarios/repo-steward/actions.test.mjs scenarios/repo-steward/recurring-audit.test.mjs scenarios/repo-steward/feedback.test.mjs scenarios/repo-steward/maintenance.test.mjs scenarios/repo-steward/feedback-cli.test.mjs
✔ Actions preview performs no live reads or summary publication (1.7176ms)
✔ Actions fixture uses the real auditor without GitHub access (27.2989ms)
✔ invalid workflow input is rejected during preview without data access (0.9189ms)
✔ hosted live mode rejects non-Actions host before reading data (0.9163ms)
✔ hosted live mode rejects PR event before reading data (0.2634ms)
✔ hosted live mode rejects another repository before reading data (0.2218ms)
✔ hosted live mode rejects feature branch before reading data (0.2837ms)
✔ hosted live mode rejects another actor before reading data (0.189ms)
✔ hosted live mode rejects another rerun operator before reading data (0.2531ms)
✔ hosted live mode rejects missing triggering actor before reading data (0.2951ms)
✔ hosted live mode rejects missing source commit before reading data (0.3183ms)
✔ hosted live mode rejects disabled pilot before reading data (0.1704ms)
✔ hosted live mode rejects unapproved public summary before reading data (0.1745ms)
✔ hosted live mode rejects missing credential before reading data (0.1096ms)
✔ hosted live mode rejects blank credential before reading data (0.1355ms)
✔ hosted live mode rejects write-enabled configuration before reading data (0.1273ms)
✔ GITHUB_TOKEN does not substitute for Project-readable credentials (0.2207ms)
✔ an admitted live path collects once and retains zero mutations (5.4815ms)
✔ collector failure does not produce a successful report (0.3301ms)
✔ stale hosted snapshots fail instead of publishing old findings (6.4554ms)
✔ public summaries never include free-form source or evidence text (4.8626ms)
✔ summary rejects unknown rule (4.2739ms)
✔ summary rejects bad finding id (4.958ms)
✔ summary rejects foreign reference (4.8999ms)
✔ summary rejects mutation claim (4.1539ms)
✔ summary rejects wrong scope (4.2668ms)
✔ summary rejects invalid timestamp (4.6423ms)
✔ summary rejects bad totals (4.6704ms)
✔ public finding index is bounded without copying omitted details (4.7395ms)
✔ every configured fixture rule has an explicit publication review (3.9884ms)
✔ summary file writes remain inside a supplied native temporary directory (14.6586ms)
✔ Actions CLI rejects unsupported arguments --apply (0.2208ms)
✔ Actions CLI rejects unsupported arguments --live (0.0941ms)
✔ Actions CLI rejects unsupported arguments --live (0.0888ms)
✔ actual fixture CLI needs no hosted secrets or Teams SDK (178.4973ms)
✔ manual workflow keeps first-party actions pinned and live credentials isolated (2.4885ms)
✔ feedback CLI rejects unsupported, missing and duplicate transition arguments (1.9833ms)
✔ new-file corpus output preserves the previous version and refuses overwrite (23.8297ms)
✔ initializing a corpus binds the validated input scope without changing its snapshot (43.1075ms)
✔ partial snapshot cannot create a corpus file (23.3996ms)
✔ redirected output parent is refused without writing through it (5.3532ms)
✔ review evidence must be a file and cannot use a directory as a digest source (41.6356ms)
✔ review CLI records the exact binary digest and closes its descriptor (72.6804ms)
✔ same-size review replacement between metadata check and open cannot update a corpus (29.3542ms)
✔ review parent swapped for a symlink or junction before open is rejected (43.1865ms)
✔ same-size pathname replacement after descriptor read is rejected (29.1048ms)
✔ same-size in-place review rewrite cannot hide behind a restored modification time (24.8253ms)
✔ review growth after open stays within its original byte bound and is rejected (26.6353ms)
✔ bounded review reads handle partial reads and reject empty or oversized files (22.1463ms)
✔ native behavioral evidence remains candidate with original local source and no finding impersonation (65.8077ms)
✔ native behavioral activation is denied for mixed support and forged active or retired history (43.1511ms)
✔ native behavioral candidates can be rejected without widening legacy review authority (51.2598ms)
✔ native behavioral bytes, identity claims, source and repeated runs remain validated (135.2271ms)
✔ evidence binds actual audit finding and supplied snapshot without certifying collection or identity (14.2344ms)
✔ accepted missing Project status binds the native serialized report and finding in evidence and observations (45.2689ms)
✔ auditor optional-field normalization retains strict data-only feedback and report validation (59.257ms)
✔ timestamp-only or unrelated snapshot changes do not manufacture repeated supporting evidence (28.0071ms)
✔ partial, cross-scope, stale or missing findings cannot become feedback evidence (12.065ms)
✔ feedback source pins accept exactly 40 or 64 hexadecimal characters, including supplied evidence (65.2171ms)
✔ candidate, active and retired versions preserve their inputs and have exact transition digests (16.8198ms)
✔ one observation, fabricated evidence bytes and replayed reviews cannot activate a rule (68.4398ms)
✔ reviewer labels and claimed approval booleans do not supply verified review authority (20.3122ms)
✔ explicit rejection remains terminal and contributes no advice (34.9032ms)
✔ prospective expiry is mandatory, bounded, and effective at the exact boundary (86.6281ms)
✔ active capacity cannot expand and supersession retires only the exact predecessor (53.1355ms)
✔ supersession rejects stale targets and cannot cross finding rules (43.6812ms)
✔ active guidance annotates only matching findings without hiding or changing original conclusions (20.6112ms)
✔ broad matching admits at most the finite annotation limit and never truncates an excessive report (301.9615ms)
✔ serialized output bytes are admitted before escaped guidance and evidence references fan out (55.5748ms)
✔ later audits honor activation and retirement while the original report stays identical (36.7449ms)
✔ unknown executable, suppression, assignment and permission options are rejected (128.5749ms)
✔ stale reports, foreign scope and altered evidence fail closed (23.016ms)
✔ canonical digests ignore property insertion order but reject executable and non-finite data (0.3639ms)
✔ reusable corpus validation preserves input and rejects authority claims or altered guidance (14.7824ms)
✔ explicit collector profile requires a hash and cannot relabel a supplied snapshot (4.5118ms)
✔ recurrence requires finite explicit bounds before reading any input (0.8523ms)
✔ finite recurrence reloads snapshot and feedback on every cycle (2.8894ms)
✔ paused and stopped records prevent collection and input reads (4.815ms)
✔ exhausted persisted attempts reject before snapshot, feedback or live collection (2.6871ms)
✔ watch admits the final allowed attempt and then stops before collecting another snapshot (1.4274ms)
✔ source mismatch refuses before reading snapshot or feedback (1.1249ms)
✔ a failed cycle stops recurrence without retrying or losing the failure (1.476ms)
✔ first snapshot acquisition failure retains one sanitized failed attempt (343.7184ms)
✔ later corpus acquisition failure preserves earlier accepted evidence and consumes one attempt (734.8156ms)
✔ live acquisition failure is retained once without raw error text or a retry (267.213ms)
✔ pause and stop during failed acquisition remain effective without a new admitted attempt (1832.2945ms)
✔ deadline crossing during failed acquisition prevents late attempt admission (1.5116ms)
✔ interruption during failed acquisition prevents a new admitted attempt (1.0281ms)
✔ duration bounds stop admission after collection without writing a late result (0.9605ms)
✔ interruption during an interval exits without another audit (1.2442ms)
✔ control commands delegate exact action, source and reason without collecting (2.7128ms)
✔ status exposes bounded metadata and no retained finding text (0.9636ms)
✔ one audit writes source-bound immutable private reports and an advisory handoff (413.0686ms)
✔ fresh capture timestamps and transport metrics alone produce no new report or proposal across restart (651.1435ms)
✔ live state binds the exact selected principal and profile through restart and controls (2282.6326ms)
✔ profile metadata cannot convert supplied evidence or a different live principal into accepted observations (259.0994ms)
✔ changed scoped content produces a new receipt while retaining stable finding dedupe (483.0654ms)
✔ resolved findings are recorded without claiming a remote correction (489.8113ms)
✔ stale input fails and preserves a failed attempt, never reusing previous success (567.0706ms)
✔ future input fails and preserves a failed attempt, never reusing previous success (569.3058ms)
✔ incomplete input fails and preserves a failed attempt, never reusing previous success (567.8487ms)
✔ source drift fails and preserves a failed attempt, never reusing previous success (569.3937ms)
✔ changing the caller source pin cannot migrate an existing directory (432.1167ms)
✔ pause prevents input use, resume retains dedupe, and stop cannot resume (2259.5258ms)
✔ concurrent cycles have one winner and never create duplicate accepted receipts (331.6686ms)
✔ retained locks fail closed without PID reuse or timeout-based recovery (16.6728ms)
✔ incomplete intent and rollback to an older checkpoint refuse replay (555.27ms)
✔ tampered referenced artifacts are rejected and preserved (303.3513ms)
✔ output-directory redirection refuses writes through a symlink or junction (10.2984ms)
✔ an unexpected output file is retained, not overwritten or removed (16.9263ms)
✔ status rejects unexpected files in initialized state before accepting its control projection (229.2194ms)
✔ missing, traversal-style and incomplete control requests do not create authority (3.8311ms)
✔ live source claims retain the existing collector identity and zero-write metadata (258.4396ms)
✔ finite convenience API has explicit bounds and performs no scheduling (895.3889ms)
✔ state and artifact redirection are not followed on read (282.2147ms)
✔ alter of earlier history is detected after a newer successful cycle (651.2762ms)
✔ delete of earlier history is detected after a newer successful cycle (629.8227ms)
✔ changed implementation pins fail before a new intent is written (382.8051ms)
✔ a directory replaced while a caller holds its lock cannot redirect any artifact write (324.89ms)
✔ actual corpus activation and retirement change only separately bound advisory output (1270.2668ms)
✔ expiry invalidates cached advisory annotations even without corpus byte changes (581.4719ms)
✔ mixed retained controls and new cycles enforce one transition bound with a reserved terminal stop (58385.4084ms)
✔ accepted snapshots with omitted optional metadata produce parseable JSON artifacts and replay (486.2977ms)
✔ optional auditor metadata works through the real feedback evidence and recurring consumer bridge (548.9735ms)
✔ policy has the ten requested workstreams and never assigns people (3.1243ms)
✔ classification supports Multiplayer (5.9829ms)
✔ classification supports UX/UI (1.7426ms)
✔ classification supports Multi-system execution (1.2938ms)
✔ classification supports Janitor (1.2608ms)
✔ classification supports Dynamic agent teams (1.1851ms)
✔ classification supports DevOps/PR review/branch protection (1.7792ms)
✔ classification supports Security (1.0427ms)
✔ classification supports Agent communication layer (1.1334ms)
✔ classification supports Dark factory automation (1.6269ms)
✔ classification supports Backend scalability / pub-sub (1.0877ms)
✔ classification preserves labels and assignees (11.8083ms)
✔ UX alias means UX/UI (13.6637ms)
✔ an unassigned issue is not a violation (5.0142ms)
✔ full fixture audit has zero mutations and catches closing-link conflict (4.5678ms)
✔ non-closing prose overrides no native link, not unrelated partial references (3.7637ms)
✔ explicit do-not-close linked issue is flagged (3.3752ms)
✔ closed unmerged PR does not close an open issue (4.0581ms)
✔ reopened issue remains open after a historical merged PR (3.4122ms)
✔ no automatic close for several partial PRs (3.9514ms)
✔ only explicit dependency section is interpreted (0.1638ms)
✔ code fences and quoted references are not dependency authority (0.2024ms)
✔ native/text dependency disagreement is flagged (3.7844ms)
✔ matching dependencies do not produce a mismatch (3.986ms)
✔ dependency cycles are bounded and reported once (4.037ms)
✔ parent hierarchy mismatch and cycle are detected (3.7437ms)
✔ outside-scope dependency is not fetched or treated as complete (3.9467ms)
✔ missing local dependency is unverified, not closed (3.8658ms)
✔ open issue marked Done is flagged without changing the board (4.1654ms)
✔ unknown workstream is a review hint, not a rename (3.2987ms)
✔ locked default branch is flagged, without bypass (3.6258ms)
✔ stale PR source head is reported (4.031ms)
✔ current independent review is accepted as evidence (4.012ms)
✔ author approval is not current independent human approval (3.7588ms)
✔ bot approval is not current independent human approval (3.4663ms)
✔ old-head approval is not current independent human approval (4.7535ms)
✔ later comment does not erase a valid prior approval (3.5965ms)
✔ failed checks and requested changes are surfaced (3.6841ms)
✔ missing checks are not a success (4.1297ms)
✔ stale snapshots are labeled (3.5329ms)
✔ future snapshots fail closed (1.5032ms)
✔ finding IDs are stable across repeated reads (6.7769ms)
✔ reported secrets are redacted and Markdown is escaped (10.3512ms)
✔ refuses: assign #50 to example-user (4.4031ms)
✔ refuses: label #50 multiplayer (4.2532ms)
✔ refuses: close #50 (4.5136ms)
✔ refuses: merge PR #237 (3.9459ms)
✔ refuses: enable auto-merge (3.982ms)
✔ refuses: delete a branch (4.5083ms)
✔ refuses: approve PR #237 (4.2008ms)
✔ refuses: can you change the rules (4.0455ms)
✔ question answers use recorded evidence and canonical references (4.5271ms)
✔ reverse dependency questions list dependents (5.0284ms)
✔ unknown questions ask for clarification (4.6325ms)
✔ untrusted instruction text grants no tools (4.4502ms)
✔ snapshot rejects wrong repo (1.1922ms)
✔ snapshot rejects wrong project (0.9622ms)
✔ snapshot rejects partial coverage (0.894ms)
✔ snapshot rejects wrong count (0.872ms)
✔ snapshot rejects duplicate issue (1.4439ms)
✔ snapshot rejects hostile URL (1.0737ms)
✔ snapshot rejects hidden project item (1.2523ms)
✔ snapshot rejects cross-repo item (1.1092ms)
✔ snapshot rejects duplicate project item (1.1649ms)
✔ snapshot rejects oversized body (1.2269ms)
✔ collector completes two matching passes with no writes (4.3059ms)
✔ collector rejects issue drift between passes (2.9777ms)
✔ collector rejects incomplete nested dependencies (1.1402ms)
✔ collector rejects a changed PR head/check binding (1.2226ms)
✔ collector rejects repeated pagination cursors (1.1918ms)
✔ collector rejects inaccessible connection entries (0.1499ms)
✔ read client verifies Bakar404 and never switches accounts (1.3008ms)
✔ explicit hash-pinned read principal does not change the pilot or read allowlist (23.0469ms)
✔ collector profile rejects changed scope or unsupported fields: repository (8.0143ms)
✔ collector profile rejects changed scope or unsupported fields: project_id (18.8757ms)
✔ collector profile rejects changed scope or unsupported fields: project_number (15.8766ms)
✔ collector profile rejects changed scope or unsupported fields: token (8.1701ms)
✔ collector profile rejects changed scope or unsupported fields: url (7.56ms)
✔ collector profile rejects changed scope or unsupported fields: collector_login (7.8486ms)
✔ collector profile rejects wrong hashes, changed bytes and duplicate keys (33.3955ms)
✔ profiled collection records the actual principal and rejects identity or profile drift (30.1205ms)
✔ read client exposes no arbitrary query or write operation (1.066ms)
✔ GraphQL cursor remains data, not executable query text (1.0997ms)
✔ GraphQL errors do not become accepted partial data (1.0136ms)
✔ GraphQL reserve prevents further reads (1.1417ms)
✔ collection has an elapsed-time bound (0.9324ms)
✔ dry run uses neither network nor output files (1.2086ms)
✔ CLI rejects apply (0.1383ms)
✔ CLI rejects audit --fixture --live (0.1043ms)
✔ CLI rejects audit --fixture --out ../escape.json (0.1437ms)
✔ CLI rejects audit --dry-run --out file.json (0.0919ms)
✔ CLI rejects audit --fixture --assign example-user (0.0767ms)
✔ CLI rejects ask --fixture (0.0773ms)
✔ actual CLI dry run works from another directory and has no network intent (139.1204ms)
✔ test chat prepares an evidence-based reply without sending it (5.1496ms)
✔ test chat rejects wrong tenant (0.3402ms)
✔ test chat rejects wrong group (0.1422ms)
✔ test chat rejects personal chat (0.1282ms)
✔ test chat rejects other channel (0.1263ms)
✔ test chat ignores messages without a mention (0.1307ms)
✔ test chat ignores its own messages (0.122ms)
✔ test chat refuses mutation requests (4.9226ms)
✔ no production mode or implicit binding (0.2858ms)
ℹ tests 227
ℹ suites 0
ℹ pass 227
ℹ fail 0
ℹ cancelled 0
ℹ skipped 0
ℹ todo 0
ℹ duration_ms 77955.4953
