TAP version 13
# Subtest: all current native contract fields and verifier variants roundtrip without normalization or mutation
ok 1 - all current native contract fields and verifier variants roundtrip without normalization or mutation
  ---
  duration_ms: 112.8029
  type: 'test'
  ...
# Subtest: native optional fields, deliverable defaults and every deliverable form retain exact JSON shape
ok 2 - native optional fields, deliverable defaults and every deliverable form retain exact JSON shape
  ---
  duration_ms: 1.3689
  type: 'test'
  ...
# Subtest: manual gates and omitted, null and explicit cache controls retain their authority exactly
ok 3 - manual gates and omitted, null and explicit cache controls retain their authority exactly
  ---
  duration_ms: 1.7554
  type: 'test'
  ...
# Subtest: malformed exact JSON and unsupported native field types fail without coercion
ok 4 - malformed exact JSON and unsupported native field types fail without coercion
  ---
  duration_ms: 0.5263
  type: 'test'
  ...
# Subtest: unknown fields that native decoding would discard cannot silently become saved authority
ok 5 - unknown fields that native decoding would discard cannot silently become saved authority
  ---
  duration_ms: 0.9248
  type: 'test'
  ...
# Subtest: resume rejects changes to each immutable authority field but retains native default equivalence
ok 6 - resume rejects changes to each immutable authority field but retains native default equivalence
  ---
  duration_ms: 125.3544
  type: 'test'
  ...
# Subtest: resume preserves prohibitions and uses component-aware path and tool narrowing
ok 7 - resume preserves prohibitions and uses component-aware path and tool narrowing
  ---
  duration_ms: 27.0351
  type: 'test'
  ...
# Subtest: Factory correction retains ordered verifier kinds and the complete manual gate
ok 8 - Factory correction retains ordered verifier kinds and the complete manual gate
  ---
  duration_ms: 22.0287
  type: 'test'
  ...
# Subtest: native-valid ref punctuation and Unicode paths remain usable while control paths are rejected
ok 9 - native-valid ref punctuation and Unicode paths remain usable while control paths are rejected
  ---
  duration_ms: 0.6933
  type: 'test'
  ...
# Subtest: byte bounds, malformed source tuples, verifier limits and scoped references show field errors
ok 10 - byte bounds, malformed source tuples, verifier limits and scoped references show field errors
  ---
  duration_ms: 18.0695
  type: 'test'
  ...
# Subtest: restoring a draft rejects inconsistent action, source and Factory scope or a result without a request
ok 11 - restoring a draft rejects inconsistent action, source and Factory scope or a result without a request
  ---
  duration_ms: 25.5461
  type: 'test'
  ...
# Subtest: restoring a saved receipt preserves absent, empty and textual refresh warnings
ok 12 - restoring a saved receipt preserves absent, empty and textual refresh warnings
  ---
  duration_ms: 23.3103
  type: 'test'
  ...
# Subtest: restoring a saved receipt rejects every non-string refresh warning
ok 13 - restoring a saved receipt rejects every non-string refresh warning
  ---
  duration_ms: 26.0574
  type: 'test'
  ...
# Subtest: ordinary recovery chooses a provable latest lineage independently of snapshot order
ok 14 - ordinary recovery chooses a provable latest lineage independently of snapshot order
  ---
  duration_ms: 0.5519
  type: 'test'
  ...
# Subtest: recovery rejects active, completed, stopped, quarantined, disconnected and cyclic lineage
ok 15 - recovery rejects active, completed, stopped, quarantined, disconnected and cyclic lineage
  ---
  duration_ms: 0.2872
  type: 'test'
  ...
# Subtest: only an exact pre-dispatch failure is skipped and only verifier-only ancestry inherits a provider session
ok 16 - only an exact pre-dispatch failure is skipped and only verifier-only ancestry inherits a provider session
  ---
  duration_ms: 0.2703
  type: 'test'
  ...
# Subtest: guided editing preserves every unedited authority field, list entry and verifier including whitespace
ok 17 - guided editing preserves every unedited authority field, list entry and verifier including whitespace
  ---
  duration_ms: 54.7877
  type: 'test'
  ...
# Subtest: exact and guided views share one draft and omitted optional fields stay omitted
ok 18 - exact and guided views share one draft and omitted optional fields stay omitted
  ---
  duration_ms: 60.9311
  type: 'test'
  ...
# Subtest: authority errors and malformed exact JSON are visible outside closed disclosures and associated with inputs
ok 19 - authority errors and malformed exact JSON are visible outside closed disclosures and associated with inputs
  ---
  duration_ms: 37.4468
  type: 'test'
  ...
# Subtest: issue262 an open draft cannot silently adopt a refreshed contract version
ok 20 - issue262 an open draft cannot silently adopt a refreshed contract version
  ---
  duration_ms: 111.955
  type: 'test'
  ...
# Subtest: issue262 a lost-response retry preserves the exact request across reconnect and refreshed state
ok 21 - issue262 a lost-response retry preserves the exact request across reconnect and refreshed state
  ---
  duration_ms: 80.565
  type: 'test'
  ...
# Subtest: issue262 actual save handler retains server success and assigned version when refresh fails
ok 22 - issue262 actual save handler retains server success and assigned version when refresh fails
  ---
  duration_ms: 13.878
  type: 'test'
  ...
# Subtest: issue262 remount refuses malformed saved warnings without sending or overwriting a request
ok 23 - issue262 remount refuses malformed saved warnings without sending or overwriting a request
  ---
  duration_ms: 151.8165
  type: 'test'
  ...
# Subtest: issue262 explicit stale reconciliation keeps edits but captures the new baseline and a new key
ok 24 - issue262 explicit stale reconciliation keeps edits but captures the new baseline and a new key
  ---
  duration_ms: 32.1394
  type: 'test'
  ...
# Subtest: issue262 hiding and remounting retains raw incomplete JSON and the exact unsent draft
ok 25 - issue262 hiding and remounting retains raw incomplete JSON and the exact unsent draft
  ---
  duration_ms: 48.2789
  type: 'test'
  ...
# Subtest: issue262 a definitive initial refusal permits correction with a fresh key
ok 26 - issue262 a definitive initial refusal permits correction with a fresh key
  ---
  duration_ms: 25.4657
  type: 'test'
  ...
# Subtest: issue262 refusal of a previously uncertain replay never releases the original request for editing
ok 27 - issue262 refusal of a previously uncertain replay never releases the original request for editing
  ---
  duration_ms: 31.7517
  type: 'test'
  ...
# Subtest: issue262 replay can confirm a save after execution starts; its receipt fences further revisions
ok 28 - issue262 replay can confirm a save after execution starts; its receipt fences further revisions
  ---
  duration_ms: 38.6999
  type: 'test'
  ...
# Subtest: issue262 successful receipt uses the assigned version and awaits a refreshed baseline
ok 29 - issue262 successful receipt uses the assigned version and awaits a refreshed baseline
  ---
  duration_ms: 21.2832
  type: 'test'
  ...
# Subtest: issue262 duplicate same-tick submissions produce one mutation and one retained body
ok 30 - issue262 duplicate same-tick submissions produce one mutation and one retained body
  ---
  duration_ms: 23.6743
  type: 'test'
  ...
# Subtest: issue262 unavailable or unreadable storage prevents sending and never deletes stored data
ok 31 - issue262 unavailable or unreadable storage prevents sending and never deletes stored data
  ---
  duration_ms: 51.6607
  type: 'test'
  ...
# Subtest: issue262 storage write failure or changed readback never sends an unpreserved mutation
ok 32 - issue262 storage write failure or changed readback never sends an unpreserved mutation
  ---
  duration_ms: 36.8465
  type: 'test'
  ...
# Subtest: issue262 an old response cannot overwrite a newer remounted draft
ok 33 - issue262 an old response cannot overwrite a newer remounted draft
  ---
  duration_ms: 36.89
  type: 'test'
  ...
# Subtest: issue262 actor, Corp, room, mission, task and server scope changes cannot expose or submit a prior draft
ok 34 - issue262 actor, Corp, room, mission, task and server scope changes cannot expose or submit a prior draft
  ---
  duration_ms: 276.9508
  type: 'test'
  ...
# Subtest: issue262 selected source changes keep the old target frozen until explicitly reconciled
ok 35 - issue262 selected source changes keep the old target frozen until explicitly reconciled
  ---
  duration_ms: 23.7204
  type: 'test'
  ...
# Subtest: issue262 completed, active, stopped and quarantined projections cannot authorize a new revision
ok 36 - issue262 completed, active, stopped and quarantined projections cannot authorize a new revision
  ---
  duration_ms: 108.6971
  type: 'test'
  ...
# Subtest: issue262 save handler sends only the captured Corp/actor/mission and refuses mismatched requests
ok 37 - issue262 save handler sends only the captured Corp/actor/mission and refuses mismatched requests
  ---
  duration_ms: 15.2097
  type: 'test'
  ...
# Subtest: issue262 save receipts are verified and a late success cannot refresh or announce into another viewer
ok 38 - issue262 save receipts are verified and a late success cannot refresh or announce into another viewer
  ---
  duration_ms: 37.3489
  type: 'test'
  ...
# Subtest: issue262 save failures distinguish definite refusal from rate limits, timeouts and unknown transport outcomes
ok 39 - issue262 save failures distinguish definite refusal from rate limits, timeouts and unknown transport outcomes
  ---
  duration_ms: 85.3364
  type: 'test'
  ...
1..39
# tests 39
# suites 0
# pass 39
# fail 0
# cancelled 0
# skipped 0
# todo 0
# duration_ms 1908.6956
