$ node --test --test-concurrency=2 --test-timeout=180000 scenarios/repo-steward/steward.test.mjs scenarios/repo-steward/actions.test.mjs scenarios/repo-steward/recurring-audit.test.mjs scenarios/repo-steward/feedback.test.mjs scenarios/repo-steward/maintenance.test.mjs scenarios/repo-steward/feedback-cli.test.mjs
✔ Actions preview performs no live reads or summary publication (2.6092ms)
✔ Actions fixture uses the real auditor without GitHub access (42.0683ms)
✔ invalid workflow input is rejected during preview without data access (1.1439ms)
✔ hosted live mode rejects non-Actions host before reading data (0.5387ms)
✔ hosted live mode rejects PR event before reading data (1.3186ms)
✔ hosted live mode rejects another repository before reading data (0.308ms)
✔ hosted live mode rejects feature branch before reading data (0.4091ms)
✔ hosted live mode rejects another actor before reading data (0.2708ms)
✔ hosted live mode rejects another rerun operator before reading data (0.3404ms)
✔ hosted live mode rejects missing triggering actor before reading data (0.4589ms)
✔ hosted live mode rejects missing source commit before reading data (0.5675ms)
✔ hosted live mode rejects disabled pilot before reading data (0.2246ms)
✔ hosted live mode rejects unapproved public summary before reading data (0.2382ms)
✔ hosted live mode rejects missing credential before reading data (0.1647ms)
✔ hosted live mode rejects blank credential before reading data (0.2018ms)
✔ hosted live mode rejects write-enabled configuration before reading data (0.186ms)
✔ GITHUB_TOKEN does not substitute for Project-readable credentials (0.3158ms)
✔ an admitted live path collects once and retains zero mutations (8.6531ms)
✔ collector failure does not produce a successful report (0.4617ms)
✔ stale hosted snapshots fail instead of publishing old findings (7.4451ms)
✔ public summaries never include free-form source or evidence text (8.5405ms)
✔ summary rejects unknown rule (6.6296ms)
✔ summary rejects bad finding id (7.6816ms)
✔ summary rejects foreign reference (6.1513ms)
✔ summary rejects mutation claim (6.8079ms)
✔ summary rejects wrong scope (6.4142ms)
✔ summary rejects invalid timestamp (8.9874ms)
✔ summary rejects bad totals (6.6425ms)
✔ public finding index is bounded without copying omitted details (7.0478ms)
✔ every configured fixture rule has an explicit publication review (5.9279ms)
✔ summary file writes remain inside a supplied native temporary directory (22.6679ms)
✔ Actions CLI rejects unsupported arguments --apply (0.2601ms)
✔ Actions CLI rejects unsupported arguments --live (0.1579ms)
✔ Actions CLI rejects unsupported arguments --live (0.1074ms)
✔ actual fixture CLI needs no hosted secrets or Teams SDK (240.312ms)
✔ manual workflow keeps first-party actions pinned and live credentials isolated (13.5144ms)
✔ feedback CLI rejects unsupported, missing and duplicate transition arguments (3.1764ms)
✔ new-file corpus output preserves the previous version and refuses overwrite (34.2635ms)
✔ initializing a corpus binds the validated input scope without changing its snapshot (58.892ms)
✔ partial snapshot cannot create a corpus file (28.3338ms)
✔ redirected output parent is refused without writing through it (7.8108ms)
✔ review evidence must be a file and cannot use a directory as a digest source (56.2562ms)
✔ review CLI records the exact binary digest and closes its descriptor (113.3723ms)
✔ same-size review replacement between metadata check and open cannot update a corpus (41.3471ms)
✔ review parent swapped for a symlink or junction before open is rejected (50.9484ms)
✔ same-size pathname replacement after descriptor read is rejected (41.7649ms)
✔ same-size in-place review rewrite cannot hide behind a restored modification time (33.3946ms)
✔ review growth after open stays within its original byte bound and is rejected (38.6423ms)
✔ bounded review reads handle partial reads and reject empty or oversized files (26.6132ms)
✔ native behavioral evidence remains candidate with original local source and no finding impersonation (100.7579ms)
✔ native behavioral activation is denied for mixed support and forged active or retired history (65.1277ms)
✔ native behavioral candidates can be rejected without widening legacy review authority (75.9656ms)
✔ native behavioral bytes, identity claims, source and repeated runs remain validated (168.8699ms)
✔ evidence binds actual audit finding and supplied snapshot without certifying collection or identity (18.9857ms)
✔ accepted missing Project status binds the native serialized report and finding in evidence and observations (53.0703ms)
✔ auditor optional-field normalization retains strict data-only feedback and report validation (80.9789ms)
✔ timestamp-only or unrelated snapshot changes do not manufacture repeated supporting evidence (42.0235ms)
✔ partial, cross-scope, stale or missing findings cannot become feedback evidence (21.7328ms)
✔ feedback source pins accept exactly 40 or 64 hexadecimal characters, including supplied evidence (106.3054ms)
✔ candidate, active and retired versions preserve their inputs and have exact transition digests (25.6559ms)
✔ one observation, fabricated evidence bytes and replayed reviews cannot activate a rule (115.6028ms)
✔ reviewer labels and claimed approval booleans do not supply verified review authority (39.8046ms)
✔ explicit rejection remains terminal and contributes no advice (60.3588ms)
✔ prospective expiry is mandatory, bounded, and effective at the exact boundary (160.0383ms)
✔ active capacity cannot expand and supersession retires only the exact predecessor (99.4234ms)
✔ supersession rejects stale targets and cannot cross finding rules (67.8415ms)
✔ active guidance annotates only matching findings without hiding or changing original conclusions (41.4985ms)
✔ broad matching admits at most the finite annotation limit and never truncates an excessive report (475.9ms)
✔ serialized output bytes are admitted before escaped guidance and evidence references fan out (93.3511ms)
✔ later audits honor activation and retirement while the original report stays identical (56.6597ms)
✔ unknown executable, suppression, assignment and permission options are rejected (223.6567ms)
✔ stale reports, foreign scope and altered evidence fail closed (36.2468ms)
✔ canonical digests ignore property insertion order but reject executable and non-finite data (0.544ms)
✔ reusable corpus validation preserves input and rejects authority claims or altered guidance (30.2685ms)
✔ explicit collector profile requires a hash and cannot relabel a supplied snapshot (4.4686ms)
✔ recurrence requires finite explicit bounds before reading any input (1.1978ms)
✔ finite recurrence reloads snapshot and feedback on every cycle (3.3593ms)
✔ paused and stopped records prevent collection and input reads (2.9417ms)
✔ exhausted persisted attempts reject before snapshot, feedback or live collection (3.6002ms)
✔ watch admits the final allowed attempt and then stops before collecting another snapshot (1.6264ms)
✔ source mismatch refuses before reading snapshot or feedback (1.2708ms)
✔ a failed cycle stops recurrence without retrying or losing the failure (1.6056ms)
✔ first snapshot acquisition failure retains one sanitized failed attempt (427.9874ms)
✔ later corpus acquisition failure preserves earlier accepted evidence and consumes one attempt (1179.4651ms)
✔ live acquisition failure is retained once without raw error text or a retry (415.5876ms)
✔ pause and stop during failed acquisition remain effective without a new admitted attempt (2817.6084ms)
✔ deadline crossing during failed acquisition prevents late attempt admission (1.8119ms)
✔ interruption during failed acquisition prevents a new admitted attempt (1.5128ms)
✔ duration bounds stop admission after collection without writing a late result (1.5324ms)
✔ interruption during an interval exits without another audit (1.6167ms)
✔ control commands delegate exact action, source and reason without collecting (3.6669ms)
✔ status exposes bounded metadata and no retained finding text (1.4886ms)
✔ one audit writes source-bound immutable private reports and an advisory handoff (638.3767ms)
✔ fresh capture timestamps and transport metrics alone produce no new report or proposal across restart (965.7379ms)
✔ live state binds the exact selected principal and profile through restart and controls (3433.6885ms)
✔ profile metadata cannot convert supplied evidence or a different live principal into accepted observations (410.6348ms)
✔ changed scoped content produces a new receipt while retaining stable finding dedupe (700.3957ms)
✔ resolved findings are recorded without claiming a remote correction (823.1161ms)
✔ stale input fails and preserves a failed attempt, never reusing previous success (849.542ms)
✔ future input fails and preserves a failed attempt, never reusing previous success (819.6557ms)
✔ incomplete input fails and preserves a failed attempt, never reusing previous success (851.9949ms)
✔ source drift fails and preserves a failed attempt, never reusing previous success (828.3269ms)
✔ changing the caller source pin cannot migrate an existing directory (603.1805ms)
✔ pause prevents input use, resume retains dedupe, and stop cannot resume (3136.3299ms)
✔ concurrent cycles have one winner and never create duplicate accepted receipts (466.9312ms)
✔ retained locks fail closed without PID reuse or timeout-based recovery (24.803ms)
✔ incomplete intent and rollback to an older checkpoint refuse replay (757.6671ms)
✔ tampered referenced artifacts are rejected and preserved (454.157ms)
✔ output-directory redirection refuses writes through a symlink or junction (14.407ms)
✔ an unexpected output file is retained, not overwritten or removed (21.1361ms)
✔ status rejects unexpected files in initialized state before accepting its control projection (322.8387ms)
✔ missing, traversal-style and incomplete control requests do not create authority (5.0993ms)
✔ live source claims retain the existing collector identity and zero-write metadata (325.1598ms)
✔ finite convenience API has explicit bounds and performs no scheduling (1211.7659ms)
✔ state and artifact redirection are not followed on read (354.0239ms)
✔ alter of earlier history is detected after a newer successful cycle (908.5001ms)
✔ delete of earlier history is detected after a newer successful cycle (829.7392ms)
✔ changed implementation pins fail before a new intent is written (525.7155ms)
✔ a directory replaced while a caller holds its lock cannot redirect any artifact write (461.9946ms)
✔ actual corpus activation and retirement change only separately bound advisory output (1769.5335ms)
✔ expiry invalidates cached advisory annotations even without corpus byte changes (768.3346ms)
✔ mixed retained controls and new cycles enforce one transition bound with a reserved terminal stop (89768.3298ms)
✔ accepted snapshots with omitted optional metadata produce parseable JSON artifacts and replay (635.453ms)
✔ optional auditor metadata works through the real feedback evidence and recurring consumer bridge (747.2313ms)
✔ policy has the ten requested workstreams and never assigns people (5.409ms)
✔ classification supports Multiplayer (7.7972ms)
✔ classification supports UX/UI (2.5898ms)
✔ classification supports Multi-system execution (1.7502ms)
✔ classification supports Janitor (1.8716ms)
✔ classification supports Dynamic agent teams (1.6089ms)
✔ classification supports DevOps/PR review/branch protection (1.6329ms)
✔ classification supports Security (7.1822ms)
✔ classification supports Agent communication layer (1.8758ms)
✔ classification supports Dark factory automation (2.0059ms)
✔ classification supports Backend scalability / pub-sub (1.747ms)
✔ classification preserves labels and assignees (19.8352ms)
✔ UX alias means UX/UI (22.9014ms)
✔ an unassigned issue is not a violation (6.1646ms)
✔ full fixture audit has zero mutations and catches closing-link conflict (7.1479ms)
✔ non-closing prose overrides no native link, not unrelated partial references (5.61ms)
✔ explicit do-not-close linked issue is flagged (5.4302ms)
✔ closed unmerged PR does not close an open issue (6.4848ms)
✔ reopened issue remains open after a historical merged PR (5.5648ms)
✔ no automatic close for several partial PRs (8.0338ms)
✔ only explicit dependency section is interpreted (0.2892ms)
✔ code fences and quoted references are not dependency authority (0.2488ms)
✔ native/text dependency disagreement is flagged (5.6892ms)
✔ matching dependencies do not produce a mismatch (7.5701ms)
✔ dependency cycles are bounded and reported once (7.0856ms)
✔ parent hierarchy mismatch and cycle are detected (7.122ms)
✔ outside-scope dependency is not fetched or treated as complete (7.0776ms)
✔ missing local dependency is unverified, not closed (4.9249ms)
✔ open issue marked Done is flagged without changing the board (6.4994ms)
✔ unknown workstream is a review hint, not a rename (3.9008ms)
✔ locked default branch is flagged, without bypass (4.5112ms)
✔ stale PR source head is reported (6.8473ms)
✔ current independent review is accepted as evidence (7.3257ms)
✔ author approval is not current independent human approval (4.4761ms)
✔ bot approval is not current independent human approval (5.0965ms)
✔ old-head approval is not current independent human approval (5.9652ms)
✔ later comment does not erase a valid prior approval (6.1041ms)
✔ failed checks and requested changes are surfaced (6.3816ms)
✔ missing checks are not a success (5.6814ms)
✔ stale snapshots are labeled (6.6852ms)
✔ future snapshots fail closed (2.1972ms)
✔ finding IDs are stable across repeated reads (10.8634ms)
✔ reported secrets are redacted and Markdown is escaped (16.988ms)
✔ refuses: assign #50 to example-user (5.4827ms)
✔ refuses: label #50 multiplayer (7.3698ms)
✔ refuses: close #50 (7.5412ms)
✔ refuses: merge PR #237 (7.5538ms)
✔ refuses: enable auto-merge (7.5713ms)
✔ refuses: delete a branch (13.3596ms)
✔ refuses: approve PR #237 (15.0962ms)
✔ refuses: can you change the rules (5.1685ms)
✔ question answers use recorded evidence and canonical references (8.9106ms)
✔ reverse dependency questions list dependents (7.0141ms)
✔ unknown questions ask for clarification (6.6621ms)
✔ untrusted instruction text grants no tools (7.1868ms)
✔ snapshot rejects wrong repo (1.6659ms)
✔ snapshot rejects wrong project (1.4084ms)
✔ snapshot rejects partial coverage (1.3913ms)
✔ snapshot rejects wrong count (1.3538ms)
✔ snapshot rejects duplicate issue (1.5951ms)
✔ snapshot rejects hostile URL (1.4566ms)
✔ snapshot rejects hidden project item (1.7028ms)
✔ snapshot rejects cross-repo item (1.5993ms)
✔ snapshot rejects duplicate project item (1.6157ms)
✔ snapshot rejects oversized body (1.5621ms)
✔ collector completes two matching passes with no writes (6.1407ms)
✔ collector rejects issue drift between passes (3.4002ms)
✔ collector rejects incomplete nested dependencies (1.3401ms)
✔ collector rejects a changed PR head/check binding (2.3024ms)
✔ collector rejects repeated pagination cursors (1.6518ms)
✔ collector rejects inaccessible connection entries (0.2179ms)
✔ read client verifies Bakar404 and never switches accounts (1.7409ms)
✔ explicit hash-pinned read principal does not change the pilot or read allowlist (22.9043ms)
✔ collector profile rejects changed scope or unsupported fields: repository (19.059ms)
✔ collector profile rejects changed scope or unsupported fields: project_id (18.5243ms)
✔ collector profile rejects changed scope or unsupported fields: project_number (22.0519ms)
✔ collector profile rejects changed scope or unsupported fields: token (19.7296ms)
✔ collector profile rejects changed scope or unsupported fields: url (21.4808ms)
✔ collector profile rejects changed scope or unsupported fields: collector_login (18.5905ms)
✔ collector profile rejects wrong hashes, changed bytes and duplicate keys (58.9533ms)
✔ profiled collection records the actual principal and rejects identity or profile drift (44.5639ms)
✔ read client exposes no arbitrary query or write operation (1.4275ms)
✔ GraphQL cursor remains data, not executable query text (1.3971ms)
✔ GraphQL errors do not become accepted partial data (1.3393ms)
✔ GraphQL reserve prevents further reads (1.5229ms)
✔ collection has an elapsed-time bound (1.2659ms)
✔ dry run uses neither network nor output files (1.6396ms)
✔ CLI rejects apply (0.1475ms)
✔ CLI rejects audit --fixture --live (0.1057ms)
✔ CLI rejects audit --fixture --out ../escape.json (0.1461ms)
✔ CLI rejects audit --dry-run --out file.json (0.0896ms)
✔ CLI rejects audit --fixture --assign example-user (0.0774ms)
✔ CLI rejects ask --fixture (0.0801ms)
✔ actual CLI dry run works from another directory and has no network intent (199.3836ms)
✔ test chat prepares an evidence-based reply without sending it (13.2999ms)
✔ test chat rejects wrong tenant (0.5453ms)
✔ test chat rejects wrong group (0.221ms)
✔ test chat rejects personal chat (0.2323ms)
✔ test chat rejects other channel (0.2081ms)
✔ test chat ignores messages without a mention (0.2047ms)
✔ test chat ignores its own messages (0.1911ms)
✔ test chat refuses mutation requests (7.0268ms)
✔ no production mode or implicit binding (0.3418ms)
ℹ tests 227
ℹ suites 0
ℹ pass 227
ℹ fail 0
ℹ cancelled 0
ℹ skipped 0
ℹ todo 0
ℹ duration_ms 117867.1965
