$ node --test --test-concurrency=2 --test-timeout=180000 scenarios/repo-steward/steward.test.mjs scenarios/repo-steward/actions.test.mjs scenarios/repo-steward/recurring-audit.test.mjs scenarios/repo-steward/feedback.test.mjs scenarios/repo-steward/maintenance.test.mjs scenarios/repo-steward/feedback-cli.test.mjs
✔ Actions preview performs no live reads or summary publication (3.2051ms)
✔ Actions fixture uses the real auditor without GitHub access (52.0908ms)
✔ invalid workflow input is rejected during preview without data access (1.1037ms)
✔ hosted live mode rejects non-Actions host before reading data (0.471ms)
✔ hosted live mode rejects PR event before reading data (1.3612ms)
✔ hosted live mode rejects another repository before reading data (0.2866ms)
✔ hosted live mode rejects feature branch before reading data (0.3539ms)
✔ hosted live mode rejects another actor before reading data (0.1926ms)
✔ hosted live mode rejects another rerun operator before reading data (0.2575ms)
✔ hosted live mode rejects missing triggering actor before reading data (0.4067ms)
✔ hosted live mode rejects missing source commit before reading data (0.3429ms)
✔ hosted live mode rejects disabled pilot before reading data (0.2183ms)
✔ hosted live mode rejects unapproved public summary before reading data (0.195ms)
✔ hosted live mode rejects missing credential before reading data (0.1699ms)
✔ hosted live mode rejects blank credential before reading data (0.1851ms)
✔ hosted live mode rejects write-enabled configuration before reading data (0.1817ms)
✔ GITHUB_TOKEN does not substitute for Project-readable credentials (0.2479ms)
✔ an admitted live path collects once and retains zero mutations (8.6602ms)
✔ collector failure does not produce a successful report (0.4606ms)
✔ stale hosted snapshots fail instead of publishing old findings (11.299ms)
✔ public summaries never include free-form source or evidence text (7.4507ms)
✔ summary rejects unknown rule (5.1254ms)
✔ summary rejects bad finding id (4.885ms)
✔ summary rejects foreign reference (4.9935ms)
✔ summary rejects mutation claim (5.0438ms)
✔ summary rejects wrong scope (5.1058ms)
✔ summary rejects invalid timestamp (4.5289ms)
✔ summary rejects bad totals (5.0925ms)
✔ public finding index is bounded without copying omitted details (5.6375ms)
✔ every configured fixture rule has an explicit publication review (4.5656ms)
✔ summary file writes remain inside a supplied native temporary directory (19.1533ms)
✔ Actions CLI rejects unsupported arguments --apply (0.3633ms)
✔ Actions CLI rejects unsupported arguments --live (0.1151ms)
✔ Actions CLI rejects unsupported arguments --live (0.1049ms)
✔ actual fixture CLI needs no hosted secrets or Teams SDK (271.479ms)
✔ manual workflow keeps first-party actions pinned and live credentials isolated (17.3323ms)
✔ feedback CLI rejects unsupported, missing and duplicate transition arguments (3.1874ms)
✔ new-file corpus output preserves the previous version and refuses overwrite (30.7712ms)
✔ initializing a corpus binds the validated input scope without changing its snapshot (54.7591ms)
✔ partial snapshot cannot create a corpus file (26.9864ms)
✔ redirected output parent is refused without writing through it (6.6412ms)
✔ review evidence must be a file and cannot use a directory as a digest source (53.4868ms)
✔ review CLI records the exact binary digest and closes its descriptor (117.6306ms)
✔ same-size review replacement between metadata check and open cannot update a corpus (50.7291ms)
✔ review parent swapped for a symlink or junction before open is rejected (50.8872ms)
✔ same-size pathname replacement after descriptor read is rejected (46.9572ms)
✔ same-size in-place review rewrite cannot hide behind a restored modification time (47.4153ms)
✔ review growth after open stays within its original byte bound and is rejected (41.9489ms)
✔ bounded review reads handle partial reads and reject empty or oversized files (25.569ms)
✔ native behavioral evidence remains candidate with original local source and no finding impersonation (92.1239ms)
✔ native behavioral activation is denied for mixed support and forged active or retired history (65.1915ms)
✔ native behavioral candidates can be rejected without widening legacy review authority (75.512ms)
✔ native behavioral bytes, identity claims, source and repeated runs remain validated (173.8179ms)
✔ evidence binds actual audit finding and supplied snapshot without certifying collection or identity (15.5851ms)
✔ accepted missing Project status binds the native serialized report and finding in evidence and observations (63.0879ms)
✔ auditor optional-field normalization retains strict data-only feedback and report validation (88.6993ms)
✔ timestamp-only or unrelated snapshot changes do not manufacture repeated supporting evidence (49.4318ms)
✔ partial, cross-scope, stale or missing findings cannot become feedback evidence (20.2221ms)
✔ feedback source pins accept exactly 40 or 64 hexadecimal characters, including supplied evidence (118.676ms)
✔ candidate, active and retired versions preserve their inputs and have exact transition digests (30.1795ms)
✔ one observation, fabricated evidence bytes and replayed reviews cannot activate a rule (115.9265ms)
✔ reviewer labels and claimed approval booleans do not supply verified review authority (36.7523ms)
✔ explicit rejection remains terminal and contributes no advice (64.2299ms)
✔ prospective expiry is mandatory, bounded, and effective at the exact boundary (177.6365ms)
✔ active capacity cannot expand and supersession retires only the exact predecessor (100.5815ms)
✔ supersession rejects stale targets and cannot cross finding rules (73.6224ms)
✔ active guidance annotates only matching findings without hiding or changing original conclusions (44.6663ms)
✔ broad matching admits at most the finite annotation limit and never truncates an excessive report (591.8006ms)
✔ serialized output bytes are admitted before escaped guidance and evidence references fan out (94.4502ms)
✔ later audits honor activation and retirement while the original report stays identical (46.5992ms)
✔ unknown executable, suppression, assignment and permission options are rejected (189.6892ms)
✔ stale reports, foreign scope and altered evidence fail closed (38.0157ms)
✔ canonical digests ignore property insertion order but reject executable and non-finite data (0.7412ms)
✔ reusable corpus validation preserves input and rejects authority claims or altered guidance (25.8917ms)
✔ explicit collector profile requires a hash and cannot relabel a supplied snapshot (3.8172ms)
✔ recurrence requires finite explicit bounds before reading any input (0.9746ms)
✔ finite recurrence reloads snapshot and feedback on every cycle (3.7576ms)
✔ paused and stopped records prevent collection and input reads (3.3608ms)
✔ exhausted persisted attempts reject before snapshot, feedback or live collection (3.7965ms)
✔ watch admits the final allowed attempt and then stops before collecting another snapshot (2.05ms)
✔ source mismatch refuses before reading snapshot or feedback (1.7385ms)
✔ a failed cycle stops recurrence without retrying or losing the failure (2.0073ms)
✔ first snapshot acquisition failure retains one sanitized failed attempt (458.252ms)
✔ later corpus acquisition failure preserves earlier accepted evidence and consumes one attempt (1241.8441ms)
✔ live acquisition failure is retained once without raw error text or a retry (408.7268ms)
✔ pause and stop during failed acquisition remain effective without a new admitted attempt (2771.0695ms)
✔ deadline crossing during failed acquisition prevents late attempt admission (2.5599ms)
✔ interruption during failed acquisition prevents a new admitted attempt (2.0347ms)
✔ duration bounds stop admission after collection without writing a late result (1.6566ms)
✔ interruption during an interval exits without another audit (1.5539ms)
✔ control commands delegate exact action, source and reason without collecting (3.7733ms)
✔ status exposes bounded metadata and no retained finding text (1.2899ms)
✔ one audit writes source-bound immutable private reports and an advisory handoff (604.7867ms)
✔ fresh capture timestamps and transport metrics alone produce no new report or proposal across restart (946.6591ms)
✔ live state binds the exact selected principal and profile through restart and controls (3589.0694ms)
✔ profile metadata cannot convert supplied evidence or a different live principal into accepted observations (430.5077ms)
✔ changed scoped content produces a new receipt while retaining stable finding dedupe (742.1627ms)
✔ resolved findings are recorded without claiming a remote correction (829.6268ms)
✔ stale input fails and preserves a failed attempt, never reusing previous success (1034.4429ms)
✔ future input fails and preserves a failed attempt, never reusing previous success (995.4331ms)
✔ incomplete input fails and preserves a failed attempt, never reusing previous success (1036.2982ms)
✔ source drift fails and preserves a failed attempt, never reusing previous success (1054.1238ms)
✔ changing the caller source pin cannot migrate an existing directory (761.1545ms)
✔ pause prevents input use, resume retains dedupe, and stop cannot resume (3503.3774ms)
✔ concurrent cycles have one winner and never create duplicate accepted receipts (518.8753ms)
✔ retained locks fail closed without PID reuse or timeout-based recovery (27.924ms)
✔ incomplete intent and rollback to an older checkpoint refuse replay (857.9045ms)
✔ tampered referenced artifacts are rejected and preserved (473.7694ms)
✔ output-directory redirection refuses writes through a symlink or junction (15.6492ms)
✔ an unexpected output file is retained, not overwritten or removed (26.3761ms)
✔ status rejects unexpected files in initialized state before accepting its control projection (380.9555ms)
✔ missing, traversal-style and incomplete control requests do not create authority (7.4093ms)
✔ live source claims retain the existing collector identity and zero-write metadata (402.8582ms)
✔ finite convenience API has explicit bounds and performs no scheduling (1289.6932ms)
✔ state and artifact redirection are not followed on read (403.9719ms)
✔ alter of earlier history is detected after a newer successful cycle (926.0474ms)
✔ delete of earlier history is detected after a newer successful cycle (848.9763ms)
✔ changed implementation pins fail before a new intent is written (498.3612ms)
✔ a directory replaced while a caller holds its lock cannot redirect any artifact write (397.1331ms)
✔ actual corpus activation and retirement change only separately bound advisory output (1759.9724ms)
✔ expiry invalidates cached advisory annotations even without corpus byte changes (784.2497ms)
✔ mixed retained controls and new cycles enforce one transition bound with a reserved terminal stop (80547.3218ms)
✔ accepted snapshots with omitted optional metadata produce parseable JSON artifacts and replay (616.9445ms)
✔ optional auditor metadata works through the real feedback evidence and recurring consumer bridge (711.2986ms)
✔ policy has the ten requested workstreams and never assigns people (5.1183ms)
✔ classification supports Multiplayer (14.5024ms)
✔ classification supports UX/UI (3.5779ms)
✔ classification supports Multi-system execution (2.2092ms)
✔ classification supports Janitor (1.9526ms)
✔ classification supports Dynamic agent teams (1.8793ms)
✔ classification supports DevOps/PR review/branch protection (2.1168ms)
✔ classification supports Security (1.8505ms)
✔ classification supports Agent communication layer (1.9436ms)
✔ classification supports Dark factory automation (2.1689ms)
✔ classification supports Backend scalability / pub-sub (1.7053ms)
✔ classification preserves labels and assignees (18.34ms)
✔ UX alias means UX/UI (23.6801ms)
✔ an unassigned issue is not a violation (9.0394ms)
✔ full fixture audit has zero mutations and catches closing-link conflict (6.8762ms)
✔ non-closing prose overrides no native link, not unrelated partial references (5.8074ms)
✔ explicit do-not-close linked issue is flagged (4.3072ms)
✔ closed unmerged PR does not close an open issue (5.7754ms)
✔ reopened issue remains open after a historical merged PR (6.1459ms)
✔ no automatic close for several partial PRs (7.3148ms)
✔ only explicit dependency section is interpreted (0.3105ms)
✔ code fences and quoted references are not dependency authority (0.3279ms)
✔ native/text dependency disagreement is flagged (7.8365ms)
✔ matching dependencies do not produce a mismatch (8.6921ms)
✔ dependency cycles are bounded and reported once (7.2528ms)
✔ parent hierarchy mismatch and cycle are detected (6.3395ms)
✔ outside-scope dependency is not fetched or treated as complete (5.9891ms)
✔ missing local dependency is unverified, not closed (4.4312ms)
✔ open issue marked Done is flagged without changing the board (6.3035ms)
✔ unknown workstream is a review hint, not a rename (5.9759ms)
✔ locked default branch is flagged, without bypass (6.7301ms)
✔ stale PR source head is reported (6.8193ms)
✔ current independent review is accepted as evidence (7.8928ms)
✔ author approval is not current independent human approval (7.3333ms)
✔ bot approval is not current independent human approval (7.6225ms)
✔ old-head approval is not current independent human approval (6.6016ms)
✔ later comment does not erase a valid prior approval (7.0729ms)
✔ failed checks and requested changes are surfaced (8.483ms)
✔ missing checks are not a success (7.6421ms)
✔ stale snapshots are labeled (4.2172ms)
✔ future snapshots fail closed (2.5684ms)
✔ finding IDs are stable across repeated reads (10.3594ms)
✔ reported secrets are redacted and Markdown is escaped (14.8742ms)
✔ refuses: assign #50 to example-user (8.2084ms)
✔ refuses: label #50 multiplayer (7.5954ms)
✔ refuses: close #50 (7.8968ms)
✔ refuses: merge PR #237 (7.4695ms)
✔ refuses: enable auto-merge (8.1749ms)
✔ refuses: delete a branch (6.6777ms)
✔ refuses: approve PR #237 (6.9676ms)
✔ refuses: can you change the rules (7.2848ms)
✔ question answers use recorded evidence and canonical references (8.6953ms)
✔ reverse dependency questions list dependents (7.5558ms)
✔ unknown questions ask for clarification (8.2066ms)
✔ untrusted instruction text grants no tools (9.2043ms)
✔ snapshot rejects wrong repo (1.9447ms)
✔ snapshot rejects wrong project (1.3943ms)
✔ snapshot rejects partial coverage (1.4158ms)
✔ snapshot rejects wrong count (1.7167ms)
✔ snapshot rejects duplicate issue (1.8229ms)
✔ snapshot rejects hostile URL (1.5708ms)
✔ snapshot rejects hidden project item (1.681ms)
✔ snapshot rejects cross-repo item (1.6578ms)
✔ snapshot rejects duplicate project item (1.8182ms)
✔ snapshot rejects oversized body (1.8345ms)
✔ collector completes two matching passes with no writes (7.2661ms)
✔ collector rejects issue drift between passes (4.7614ms)
✔ collector rejects incomplete nested dependencies (1.9359ms)
✔ collector rejects a changed PR head/check binding (1.8611ms)
✔ collector rejects repeated pagination cursors (1.7432ms)
✔ collector rejects inaccessible connection entries (0.3059ms)
✔ read client verifies Bakar404 and never switches accounts (2.1829ms)
✔ explicit hash-pinned read principal does not change the pilot or read allowlist (27.5044ms)
✔ collector profile rejects changed scope or unsupported fields: repository (22.3944ms)
✔ collector profile rejects changed scope or unsupported fields: project_id (25.385ms)
✔ collector profile rejects changed scope or unsupported fields: project_number (25.2993ms)
✔ collector profile rejects changed scope or unsupported fields: token (30.718ms)
✔ collector profile rejects changed scope or unsupported fields: url (25.3044ms)
✔ collector profile rejects changed scope or unsupported fields: collector_login (26.698ms)
✔ collector profile rejects wrong hashes, changed bytes and duplicate keys (64.9094ms)
✔ profiled collection records the actual principal and rejects identity or profile drift (52.5521ms)
✔ read client exposes no arbitrary query or write operation (1.8105ms)
✔ GraphQL cursor remains data, not executable query text (1.5456ms)
✔ GraphQL errors do not become accepted partial data (1.4198ms)
✔ GraphQL reserve prevents further reads (1.5965ms)
✔ collection has an elapsed-time bound (1.3013ms)
✔ dry run uses neither network nor output files (1.9316ms)
✔ CLI rejects apply (0.2352ms)
✔ CLI rejects audit --fixture --live (0.1709ms)
✔ CLI rejects audit --fixture --out ../escape.json (1.6253ms)
✔ CLI rejects audit --dry-run --out file.json (0.2391ms)
✔ CLI rejects audit --fixture --assign example-user (0.1193ms)
✔ CLI rejects ask --fixture (0.1183ms)
✔ actual CLI dry run works from another directory and has no network intent (214.684ms)
✔ test chat prepares an evidence-based reply without sending it (8.7432ms)
✔ test chat rejects wrong tenant (0.5203ms)
✔ test chat rejects wrong group (0.2253ms)
✔ test chat rejects personal chat (0.2075ms)
✔ test chat rejects other channel (0.2143ms)
✔ test chat ignores messages without a mention (0.2114ms)
✔ test chat ignores its own messages (0.2531ms)
✔ test chat refuses mutation requests (7.8832ms)
✔ no production mode or implicit binding (0.5766ms)
ℹ tests 227
ℹ suites 0
ℹ pass 227
ℹ fail 0
ℹ cancelled 0
ℹ skipped 0
ℹ todo 0
ℹ duration_ms 110766.5409
