$ node --test --test-concurrency=2 --test-timeout=180000 scenarios/repo-steward/steward.test.mjs scenarios/repo-steward/actions.test.mjs scenarios/repo-steward/recurring-audit.test.mjs scenarios/repo-steward/feedback.test.mjs scenarios/repo-steward/maintenance.test.mjs scenarios/repo-steward/feedback-cli.test.mjs
✔ Actions preview performs no live reads or summary publication (1.8439ms)
✔ Actions fixture uses the real auditor without GitHub access (27.4901ms)
✔ invalid workflow input is rejected during preview without data access (1.2121ms)
✔ hosted live mode rejects non-Actions host before reading data (0.5552ms)
✔ hosted live mode rejects PR event before reading data (0.383ms)
✔ hosted live mode rejects another repository before reading data (0.202ms)
✔ hosted live mode rejects feature branch before reading data (0.264ms)
✔ hosted live mode rejects another actor before reading data (0.3012ms)
✔ hosted live mode rejects another rerun operator before reading data (0.2582ms)
✔ hosted live mode rejects missing triggering actor before reading data (0.2962ms)
✔ hosted live mode rejects missing source commit before reading data (0.3089ms)
✔ hosted live mode rejects disabled pilot before reading data (0.2027ms)
✔ hosted live mode rejects unapproved public summary before reading data (0.1417ms)
✔ hosted live mode rejects missing credential before reading data (0.119ms)
✔ hosted live mode rejects blank credential before reading data (0.142ms)
✔ hosted live mode rejects write-enabled configuration before reading data (0.1746ms)
✔ GITHUB_TOKEN does not substitute for Project-readable credentials (0.2971ms)
✔ an admitted live path collects once and retains zero mutations (6.1697ms)
✔ collector failure does not produce a successful report (0.3235ms)
✔ stale hosted snapshots fail instead of publishing old findings (7.1784ms)
✔ public summaries never include free-form source or evidence text (5.0959ms)
✔ summary rejects unknown rule (3.8556ms)
✔ summary rejects bad finding id (4.2515ms)
✔ summary rejects foreign reference (4.1932ms)
✔ summary rejects mutation claim (4.5778ms)
✔ summary rejects wrong scope (3.9698ms)
✔ summary rejects invalid timestamp (4.1076ms)
✔ summary rejects bad totals (4.8989ms)
✔ public finding index is bounded without copying omitted details (4.9522ms)
✔ every configured fixture rule has an explicit publication review (3.9095ms)
✔ summary file writes remain inside a supplied native temporary directory (17.0401ms)
✔ Actions CLI rejects unsupported arguments --apply (0.3157ms)
✔ Actions CLI rejects unsupported arguments --live (0.0982ms)
✔ Actions CLI rejects unsupported arguments --live (0.09ms)
✔ actual fixture CLI needs no hosted secrets or Teams SDK (197.6745ms)
✔ manual workflow keeps first-party actions pinned and live credentials isolated (13.6459ms)
✔ feedback CLI rejects unsupported, missing and duplicate transition arguments (2.0664ms)
✔ new-file corpus output preserves the previous version and refuses overwrite (21.3504ms)
✔ initializing a corpus binds the validated input scope without changing its snapshot (45.9189ms)
✔ partial snapshot cannot create a corpus file (21.011ms)
✔ redirected output parent is refused without writing through it (5.4624ms)
✔ review evidence must be a file and cannot use a directory as a digest source (44.6156ms)
✔ review CLI records the exact binary digest and closes its descriptor (82.4868ms)
✔ same-size review replacement between metadata check and open cannot update a corpus (31.288ms)
✔ review parent swapped for a symlink or junction before open is rejected (43.0851ms)
✔ same-size pathname replacement after descriptor read is rejected (32.8946ms)
✔ same-size in-place review rewrite cannot hide behind a restored modification time (27.5852ms)
✔ review growth after open stays within its original byte bound and is rejected (26.5959ms)
✔ bounded review reads handle partial reads and reject empty or oversized files (19.6429ms)
✔ native behavioral evidence remains candidate with original local source and no finding impersonation (95.8921ms)
✔ native behavioral activation is denied for mixed support and forged active or retired history (64.3547ms)
✔ native behavioral candidates can be rejected without widening legacy review authority (49.191ms)
✔ native behavioral bytes, identity claims, source and repeated runs remain validated (152.2498ms)
✔ evidence binds actual audit finding and supplied snapshot without certifying collection or identity (11.6042ms)
✔ accepted missing Project status binds the native serialized report and finding in evidence and observations (39.8097ms)
✔ auditor optional-field normalization retains strict data-only feedback and report validation (59.1191ms)
✔ timestamp-only or unrelated snapshot changes do not manufacture repeated supporting evidence (29.2149ms)
✔ partial, cross-scope, stale or missing findings cannot become feedback evidence (13.7541ms)
✔ feedback source pins accept exactly 40 or 64 hexadecimal characters, including supplied evidence (69.3475ms)
✔ candidate, active and retired versions preserve their inputs and have exact transition digests (18.2065ms)
✔ one observation, fabricated evidence bytes and replayed reviews cannot activate a rule (84.5872ms)
✔ reviewer labels and claimed approval booleans do not supply verified review authority (29.831ms)
✔ explicit rejection remains terminal and contributes no advice (44.1691ms)
✔ prospective expiry is mandatory, bounded, and effective at the exact boundary (108.9311ms)
✔ active capacity cannot expand and supersession retires only the exact predecessor (66.4489ms)
✔ supersession rejects stale targets and cannot cross finding rules (51.8697ms)
✔ active guidance annotates only matching findings without hiding or changing original conclusions (29.9432ms)
✔ broad matching admits at most the finite annotation limit and never truncates an excessive report (323.3892ms)
✔ serialized output bytes are admitted before escaped guidance and evidence references fan out (62.953ms)
✔ later audits honor activation and retirement while the original report stays identical (38.1442ms)
✔ unknown executable, suppression, assignment and permission options are rejected (147.2004ms)
✔ stale reports, foreign scope and altered evidence fail closed (26.417ms)
✔ canonical digests ignore property insertion order but reject executable and non-finite data (0.4089ms)
✔ reusable corpus validation preserves input and rejects authority claims or altered guidance (16.9723ms)
✔ explicit collector profile requires a hash and cannot relabel a supplied snapshot (4.2276ms)
✔ recurrence requires finite explicit bounds before reading any input (1.204ms)
✔ finite recurrence reloads snapshot and feedback on every cycle (3.2265ms)
✔ paused and stopped records prevent collection and input reads (3.1682ms)
✔ exhausted persisted attempts reject before snapshot, feedback or live collection (2.8402ms)
✔ watch admits the final allowed attempt and then stops before collecting another snapshot (1.5713ms)
✔ source mismatch refuses before reading snapshot or feedback (1.3135ms)
✔ a failed cycle stops recurrence without retrying or losing the failure (1.5817ms)
✔ first snapshot acquisition failure retains one sanitized failed attempt (357.8755ms)
✔ later corpus acquisition failure preserves earlier accepted evidence and consumes one attempt (804.373ms)
✔ live acquisition failure is retained once without raw error text or a retry (295.3271ms)
✔ pause and stop during failed acquisition remain effective without a new admitted attempt (2111.2616ms)
✔ deadline crossing during failed acquisition prevents late attempt admission (1.3746ms)
✔ interruption during failed acquisition prevents a new admitted attempt (1.1095ms)
✔ duration bounds stop admission after collection without writing a late result (1.1033ms)
✔ interruption during an interval exits without another audit (1.2374ms)
✔ control commands delegate exact action, source and reason without collecting (2.962ms)
✔ status exposes bounded metadata and no retained finding text (1.2044ms)
✔ one audit writes source-bound immutable private reports and an advisory handoff (448.8ms)
✔ fresh capture timestamps and transport metrics alone produce no new report or proposal across restart (729.1085ms)
✔ live state binds the exact selected principal and profile through restart and controls (2726.2203ms)
✔ profile metadata cannot convert supplied evidence or a different live principal into accepted observations (312.8804ms)
✔ changed scoped content produces a new receipt while retaining stable finding dedupe (603.0658ms)
✔ resolved findings are recorded without claiming a remote correction (539.6526ms)
✔ stale input fails and preserves a failed attempt, never reusing previous success (601.4715ms)
✔ future input fails and preserves a failed attempt, never reusing previous success (635.1291ms)
✔ incomplete input fails and preserves a failed attempt, never reusing previous success (632.643ms)
✔ source drift fails and preserves a failed attempt, never reusing previous success (663.5581ms)
✔ changing the caller source pin cannot migrate an existing directory (462.6906ms)
✔ pause prevents input use, resume retains dedupe, and stop cannot resume (2382.7448ms)
✔ concurrent cycles have one winner and never create duplicate accepted receipts (345.645ms)
✔ retained locks fail closed without PID reuse or timeout-based recovery (17.0888ms)
✔ incomplete intent and rollback to an older checkpoint refuse replay (606.9455ms)
✔ tampered referenced artifacts are rejected and preserved (416.1335ms)
✔ output-directory redirection refuses writes through a symlink or junction (11.179ms)
✔ an unexpected output file is retained, not overwritten or removed (18.8478ms)
✔ status rejects unexpected files in initialized state before accepting its control projection (256.1167ms)
✔ missing, traversal-style and incomplete control requests do not create authority (4.1039ms)
✔ live source claims retain the existing collector identity and zero-write metadata (273.2557ms)
✔ finite convenience API has explicit bounds and performs no scheduling (934.0101ms)
✔ state and artifact redirection are not followed on read (248.145ms)
✔ alter of earlier history is detected after a newer successful cycle (691.4457ms)
✔ delete of earlier history is detected after a newer successful cycle (688.8268ms)
✔ changed implementation pins fail before a new intent is written (428.0652ms)
✔ a directory replaced while a caller holds its lock cannot redirect any artifact write (376.2771ms)
✔ actual corpus activation and retirement change only separately bound advisory output (1571.0972ms)
✔ expiry invalidates cached advisory annotations even without corpus byte changes (682.8453ms)
✔ mixed retained controls and new cycles enforce one transition bound with a reserved terminal stop (60725.137ms)
✔ accepted snapshots with omitted optional metadata produce parseable JSON artifacts and replay (457.6695ms)
✔ optional auditor metadata works through the real feedback evidence and recurring consumer bridge (511.379ms)
✔ policy has the ten requested workstreams and never assigns people (3.829ms)
✔ classification supports Multiplayer (6.3612ms)
✔ classification supports UX/UI (1.8953ms)
✔ classification supports Multi-system execution (1.5569ms)
✔ classification supports Janitor (1.6217ms)
✔ classification supports Dynamic agent teams (1.3099ms)
✔ classification supports DevOps/PR review/branch protection (1.3126ms)
✔ classification supports Security (1.6717ms)
✔ classification supports Agent communication layer (1.2817ms)
✔ classification supports Dark factory automation (1.3579ms)
✔ classification supports Backend scalability / pub-sub (1.191ms)
✔ classification preserves labels and assignees (12.7038ms)
✔ UX alias means UX/UI (16.4026ms)
✔ an unassigned issue is not a violation (6.3228ms)
✔ full fixture audit has zero mutations and catches closing-link conflict (7.4497ms)
✔ non-closing prose overrides no native link, not unrelated partial references (5.3274ms)
✔ explicit do-not-close linked issue is flagged (3.9742ms)
✔ closed unmerged PR does not close an open issue (4.6824ms)
✔ reopened issue remains open after a historical merged PR (4.7999ms)
✔ no automatic close for several partial PRs (4.6067ms)
✔ only explicit dependency section is interpreted (0.218ms)
✔ code fences and quoted references are not dependency authority (0.2508ms)
✔ native/text dependency disagreement is flagged (5.9398ms)
✔ matching dependencies do not produce a mismatch (4.5104ms)
✔ dependency cycles are bounded and reported once (4.5901ms)
✔ parent hierarchy mismatch and cycle are detected (4.8267ms)
✔ outside-scope dependency is not fetched or treated as complete (4.4254ms)
✔ missing local dependency is unverified, not closed (4.0741ms)
✔ open issue marked Done is flagged without changing the board (5.8427ms)
✔ unknown workstream is a review hint, not a rename (8.5731ms)
✔ locked default branch is flagged, without bypass (9.3069ms)
✔ stale PR source head is reported (8.3239ms)
✔ current independent review is accepted as evidence (4.0756ms)
✔ author approval is not current independent human approval (4.9811ms)
✔ bot approval is not current independent human approval (3.9925ms)
✔ old-head approval is not current independent human approval (4.2259ms)
✔ later comment does not erase a valid prior approval (4.0171ms)
✔ failed checks and requested changes are surfaced (4.3757ms)
✔ missing checks are not a success (3.8417ms)
✔ stale snapshots are labeled (4.354ms)
✔ future snapshots fail closed (1.8255ms)
✔ finding IDs are stable across repeated reads (7.8413ms)
✔ reported secrets are redacted and Markdown is escaped (10.6549ms)
✔ refuses: assign #50 to example-user (4.2837ms)
✔ refuses: label #50 multiplayer (4.2082ms)
✔ refuses: close #50 (4.8688ms)
✔ refuses: merge PR #237 (4.0446ms)
✔ refuses: enable auto-merge (4.3612ms)
✔ refuses: delete a branch (4.8062ms)
✔ refuses: approve PR #237 (4.8136ms)
✔ refuses: can you change the rules (4.4375ms)
✔ question answers use recorded evidence and canonical references (5.1286ms)
✔ reverse dependency questions list dependents (4.9094ms)
✔ unknown questions ask for clarification (5.7533ms)
✔ untrusted instruction text grants no tools (6.9296ms)
✔ snapshot rejects wrong repo (1.3084ms)
✔ snapshot rejects wrong project (1.0218ms)
✔ snapshot rejects partial coverage (0.9929ms)
✔ snapshot rejects wrong count (0.971ms)
✔ snapshot rejects duplicate issue (1.1681ms)
✔ snapshot rejects hostile URL (1.0191ms)
✔ snapshot rejects hidden project item (1.0829ms)
✔ snapshot rejects cross-repo item (1.1929ms)
✔ snapshot rejects duplicate project item (1.2503ms)
✔ snapshot rejects oversized body (1.25ms)
✔ collector completes two matching passes with no writes (5.9307ms)
✔ collector rejects issue drift between passes (2.6966ms)
✔ collector rejects incomplete nested dependencies (1.4905ms)
✔ collector rejects a changed PR head/check binding (1.2694ms)
✔ collector rejects repeated pagination cursors (1.0727ms)
✔ collector rejects inaccessible connection entries (0.1508ms)
✔ read client verifies Bakar404 and never switches accounts (1.2909ms)
✔ explicit hash-pinned read principal does not change the pilot or read allowlist (17.1796ms)
✔ collector profile rejects changed scope or unsupported fields: repository (9.1296ms)
✔ collector profile rejects changed scope or unsupported fields: project_id (15.7167ms)
✔ collector profile rejects changed scope or unsupported fields: project_number (16.2517ms)
✔ collector profile rejects changed scope or unsupported fields: token (17.757ms)
✔ collector profile rejects changed scope or unsupported fields: url (18.3057ms)
✔ collector profile rejects changed scope or unsupported fields: collector_login (10.1173ms)
✔ collector profile rejects wrong hashes, changed bytes and duplicate keys (38.0009ms)
✔ profiled collection records the actual principal and rejects identity or profile drift (36.3825ms)
✔ read client exposes no arbitrary query or write operation (1.5777ms)
✔ GraphQL cursor remains data, not executable query text (1.3228ms)
✔ GraphQL errors do not become accepted partial data (1.3553ms)
✔ GraphQL reserve prevents further reads (1.4583ms)
✔ collection has an elapsed-time bound (1.4719ms)
✔ dry run uses neither network nor output files (1.7579ms)
✔ CLI rejects apply (0.2753ms)
✔ CLI rejects audit --fixture --live (0.1795ms)
✔ CLI rejects audit --fixture --out ../escape.json (0.2447ms)
✔ CLI rejects audit --dry-run --out file.json (0.1686ms)
✔ CLI rejects audit --fixture --assign example-user (0.1512ms)
✔ CLI rejects ask --fixture (0.1517ms)
✔ actual CLI dry run works from another directory and has no network intent (157.3271ms)
✔ test chat prepares an evidence-based reply without sending it (5.8071ms)
✔ test chat rejects wrong tenant (0.5342ms)
✔ test chat rejects wrong group (0.2374ms)
✔ test chat rejects personal chat (0.2653ms)
✔ test chat rejects other channel (0.2241ms)
✔ test chat ignores messages without a mention (0.2296ms)
✔ test chat ignores its own messages (0.3039ms)
✔ test chat refuses mutation requests (5.6137ms)
✔ no production mode or implicit binding (0.4365ms)
ℹ tests 227
ℹ suites 0
ℹ pass 227
ℹ fail 0
ℹ cancelled 0
ℹ skipped 0
ℹ todo 0
ℹ duration_ms 82534.5663
