   Compiling syn v2.0.119
   Compiling serde_core v1.0.229
   Compiling synstructure v0.13.2
   Compiling slab v0.4.12
   Compiling zerofrom-derive v0.1.7
   Compiling yoke-derive v0.8.2
   Compiling zerofrom v0.1.8
   Compiling futures-task v0.3.34
   Compiling yoke v0.8.3
   Compiling futures-util v0.3.34
   Compiling zerovec v0.11.8
   Compiling tinystr v0.8.4
   Compiling icu_locale_core v2.3.0
   Compiling potential_utf v0.1.6
   Compiling zerotrie v0.2.5
   Compiling icu_provider v2.3.1
   Compiling icu_collections v2.3.0
   Compiling serde v1.0.229
   Compiling icu_properties v2.3.0
   Compiling icu_normalizer v2.3.0
   Compiling serde_json v1.0.151
   Compiling memchr v2.8.3
   Compiling idna_adapter v1.2.2
   Compiling hyper v1.11.1
   Compiling idna v1.1.0
   Compiling tracing v0.1.44
   Compiling hyper-util v0.1.20
   Compiling tower v0.5.3
   Compiling uuid v1.26.1
   Compiling chrono v0.4.45
   Compiling url v2.5.8
   Compiling serde_urlencoded v0.7.1
   Compiling crony-domain v0.1.0 (<reviewed-worktree>\crates\crony-domain)
   Compiling digest v0.11.3
   Compiling tower-http v0.6.11
   Compiling hyper-rustls v0.27.9
   Compiling reqwest v0.12.28
   Compiling crony-protocol v0.1.0 (<reviewed-worktree>\crates\crony-protocol)
   Compiling sha2 v0.11.0
   Compiling crony-cli v0.1.0 (<reviewed-worktree>\crates\crony-cli)
warning: useless assignment of variable of type `ClientBuilder` to itself
  --> crates\crony-cli\src\transport.rs:34:9
   |
34 |         builder = builder;
   |         ^^^^^^^^^^^^^^^^^
   |
   = note: `#[warn(dead_code)]` (part of `#[warn(unused)]`) on by default

warning: `crony-cli` (bin "crony-cli" test) generated 1 warning
    Finished `test` profile [unoptimized + debuginfo] target(s) in 1m 00s
     Running unittests src\main.rs (target-validation\debug\deps\crony_cli-0714e9684f0f2b59.exe)

running 1 test
test transport::tests::loopback_client_bypasses_environment_proxies ...
thread 'transport::tests::loopback_client_bypasses_environment_proxies' (60052) panicked at crates\crony-cli\src\transport.rs:187:13:
loopback bearer request connected to the environment proxy
note: run with `RUST_BACKTRACE=1` environment variable to display a backtrace
FAILED

failures:

failures:
    transport::tests::loopback_client_bypasses_environment_proxies

test result: FAILED. 0 passed; 1 failed; 0 ignored; 0 measured; 121 filtered out; finished in 10.03s

error: test failed, to rerun pass `-p crony-cli --bin crony-cli`
