$ node --test --test-concurrency=2 --test-timeout=180000 scenarios/repo-steward/steward.test.mjs scenarios/repo-steward/actions.test.mjs scenarios/repo-steward/recurring-audit.test.mjs scenarios/repo-steward/feedback.test.mjs scenarios/repo-steward/maintenance.test.mjs scenarios/repo-steward/feedback-cli.test.mjs
✔ Actions preview performs no live reads or summary publication (1.7733ms)
✔ Actions fixture uses the real auditor without GitHub access (30.1291ms)
✔ invalid workflow input is rejected during preview without data access (0.9965ms)
✔ hosted live mode rejects non-Actions host before reading data (0.3549ms)
✔ hosted live mode rejects PR event before reading data (0.9836ms)
✔ hosted live mode rejects another repository before reading data (0.196ms)
✔ hosted live mode rejects feature branch before reading data (0.3456ms)
✔ hosted live mode rejects another actor before reading data (0.2411ms)
✔ hosted live mode rejects another rerun operator before reading data (0.2662ms)
✔ hosted live mode rejects missing triggering actor before reading data (0.2637ms)
✔ hosted live mode rejects missing source commit before reading data (0.3262ms)
✔ hosted live mode rejects disabled pilot before reading data (0.1544ms)
✔ hosted live mode rejects unapproved public summary before reading data (0.1726ms)
✔ hosted live mode rejects missing credential before reading data (0.1474ms)
✔ hosted live mode rejects blank credential before reading data (0.1735ms)
✔ hosted live mode rejects write-enabled configuration before reading data (0.1496ms)
✔ GITHUB_TOKEN does not substitute for Project-readable credentials (0.2411ms)
✔ an admitted live path collects once and retains zero mutations (7.5756ms)
✔ collector failure does not produce a successful report (0.5682ms)
✔ stale hosted snapshots fail instead of publishing old findings (7.9621ms)
✔ public summaries never include free-form source or evidence text (7.141ms)
✔ summary rejects unknown rule (4.2355ms)
✔ summary rejects bad finding id (7.0415ms)
✔ summary rejects foreign reference (6.2583ms)
✔ summary rejects mutation claim (6.3515ms)
✔ summary rejects wrong scope (8.0741ms)
✔ summary rejects invalid timestamp (5.4984ms)
✔ summary rejects bad totals (6.6706ms)
✔ public finding index is bounded without copying omitted details (4.8326ms)
✔ every configured fixture rule has an explicit publication review (5.6913ms)
✔ summary file writes remain inside a supplied native temporary directory (19.5851ms)
✔ Actions CLI rejects unsupported arguments --apply (0.2621ms)
✔ Actions CLI rejects unsupported arguments --live (0.0963ms)
✔ Actions CLI rejects unsupported arguments --live (0.088ms)
✔ actual fixture CLI needs no hosted secrets or Teams SDK (241.1611ms)
✔ manual workflow keeps first-party actions pinned and live credentials isolated (16.639ms)
✔ feedback CLI rejects unsupported, missing and duplicate transition arguments (2.6582ms)
✔ new-file corpus output preserves the previous version and refuses overwrite (27.5486ms)
✔ initializing a corpus binds the validated input scope without changing its snapshot (52.1795ms)
✔ partial snapshot cannot create a corpus file (27.441ms)
✔ redirected output parent is refused without writing through it (6.1841ms)
✔ review evidence must be a file and cannot use a directory as a digest source (51.2876ms)
✔ review CLI records the exact binary digest and closes its descriptor (99.223ms)
✔ same-size review replacement between metadata check and open cannot update a corpus (38.4397ms)
✔ review parent swapped for a symlink or junction before open is rejected (50.3644ms)
✔ same-size pathname replacement after descriptor read is rejected (43.3318ms)
✔ same-size in-place review rewrite cannot hide behind a restored modification time (37.6883ms)
✔ review growth after open stays within its original byte bound and is rejected (33.9053ms)
✔ bounded review reads handle partial reads and reject empty or oversized files (24.6296ms)
✔ native behavioral evidence remains candidate with original local source and no finding impersonation (75.2433ms)
✔ native behavioral activation is denied for mixed support and forged active or retired history (55.5227ms)
✔ native behavioral candidates can be rejected without widening legacy review authority (54.3481ms)
✔ native behavioral bytes, identity claims, source and repeated runs remain validated (148.3217ms)
✔ evidence binds actual audit finding and supplied snapshot without certifying collection or identity (13.0623ms)
✔ accepted missing Project status binds the native serialized report and finding in evidence and observations (63.4375ms)
✔ auditor optional-field normalization retains strict data-only feedback and report validation (67.4799ms)
✔ timestamp-only or unrelated snapshot changes do not manufacture repeated supporting evidence (34.4604ms)
✔ partial, cross-scope, stale or missing findings cannot become feedback evidence (12.75ms)
✔ feedback source pins accept exactly 40 or 64 hexadecimal characters, including supplied evidence (67.1117ms)
✔ candidate, active and retired versions preserve their inputs and have exact transition digests (17.7501ms)
✔ one observation, fabricated evidence bytes and replayed reviews cannot activate a rule (79.6931ms)
✔ reviewer labels and claimed approval booleans do not supply verified review authority (25.6943ms)
✔ explicit rejection remains terminal and contributes no advice (45.4335ms)
✔ prospective expiry is mandatory, bounded, and effective at the exact boundary (112.4988ms)
✔ active capacity cannot expand and supersession retires only the exact predecessor (77.5048ms)
✔ supersession rejects stale targets and cannot cross finding rules (68.4277ms)
✔ active guidance annotates only matching findings without hiding or changing original conclusions (21.4953ms)
✔ broad matching admits at most the finite annotation limit and never truncates an excessive report (368.9228ms)
✔ serialized output bytes are admitted before escaped guidance and evidence references fan out (70.7729ms)
✔ later audits honor activation and retirement while the original report stays identical (43.0044ms)
✔ unknown executable, suppression, assignment and permission options are rejected (167.466ms)
✔ stale reports, foreign scope and altered evidence fail closed (33.8335ms)
✔ canonical digests ignore property insertion order but reject executable and non-finite data (0.4121ms)
✔ reusable corpus validation preserves input and rejects authority claims or altered guidance (18.6903ms)
✔ explicit collector profile requires a hash and cannot relabel a supplied snapshot (3.3242ms)
✔ recurrence requires finite explicit bounds before reading any input (0.9466ms)
✔ finite recurrence reloads snapshot and feedback on every cycle (2.6244ms)
✔ paused and stopped records prevent collection and input reads (2.4873ms)
✔ exhausted persisted attempts reject before snapshot, feedback or live collection (3.302ms)
✔ watch admits the final allowed attempt and then stops before collecting another snapshot (1.4303ms)
✔ source mismatch refuses before reading snapshot or feedback (1.3781ms)
✔ a failed cycle stops recurrence without retrying or losing the failure (1.6468ms)
✔ first snapshot acquisition failure retains one sanitized failed attempt (417.0156ms)
✔ later corpus acquisition failure preserves earlier accepted evidence and consumes one attempt (895.4064ms)
✔ live acquisition failure is retained once without raw error text or a retry (337.8496ms)
✔ pause and stop during failed acquisition remain effective without a new admitted attempt (2403.1712ms)
✔ deadline crossing during failed acquisition prevents late attempt admission (1.5445ms)
✔ interruption during failed acquisition prevents a new admitted attempt (1.3121ms)
✔ duration bounds stop admission after collection without writing a late result (1.1578ms)
✔ interruption during an interval exits without another audit (1.3337ms)
✔ control commands delegate exact action, source and reason without collecting (3.2924ms)
✔ status exposes bounded metadata and no retained finding text (1.1756ms)
✔ one audit writes source-bound immutable private reports and an advisory handoff (494.1508ms)
✔ fresh capture timestamps and transport metrics alone produce no new report or proposal across restart (862.6698ms)
✔ live state binds the exact selected principal and profile through restart and controls (2858.632ms)
✔ profile metadata cannot convert supplied evidence or a different live principal into accepted observations (320.2957ms)
✔ changed scoped content produces a new receipt while retaining stable finding dedupe (556.3538ms)
✔ resolved findings are recorded without claiming a remote correction (583.5857ms)
✔ stale input fails and preserves a failed attempt, never reusing previous success (663.0706ms)
✔ future input fails and preserves a failed attempt, never reusing previous success (635.8083ms)
✔ incomplete input fails and preserves a failed attempt, never reusing previous success (639.1983ms)
✔ source drift fails and preserves a failed attempt, never reusing previous success (663.1876ms)
✔ changing the caller source pin cannot migrate an existing directory (549.8912ms)
✔ pause prevents input use, resume retains dedupe, and stop cannot resume (2538.344ms)
✔ concurrent cycles have one winner and never create duplicate accepted receipts (385.3961ms)
✔ retained locks fail closed without PID reuse or timeout-based recovery (18.3108ms)
✔ incomplete intent and rollback to an older checkpoint refuse replay (636.394ms)
✔ tampered referenced artifacts are rejected and preserved (321.8693ms)
✔ output-directory redirection refuses writes through a symlink or junction (11.5869ms)
✔ an unexpected output file is retained, not overwritten or removed (18.1243ms)
✔ status rejects unexpected files in initialized state before accepting its control projection (273.7795ms)
✔ missing, traversal-style and incomplete control requests do not create authority (4.3188ms)
✔ live source claims retain the existing collector identity and zero-write metadata (293.163ms)
✔ finite convenience API has explicit bounds and performs no scheduling (998.5559ms)
✔ state and artifact redirection are not followed on read (259.2798ms)
✔ alter of earlier history is detected after a newer successful cycle (700.3414ms)
✔ delete of earlier history is detected after a newer successful cycle (713.3165ms)
✔ changed implementation pins fail before a new intent is written (403.416ms)
✔ a directory replaced while a caller holds its lock cannot redirect any artifact write (459.3371ms)
✔ actual corpus activation and retirement change only separately bound advisory output (1459.7677ms)
✔ expiry invalidates cached advisory annotations even without corpus byte changes (767.5897ms)
✔ mixed retained controls and new cycles enforce one transition bound with a reserved terminal stop (66546.9946ms)
✔ accepted snapshots with omitted optional metadata produce parseable JSON artifacts and replay (539.8018ms)
✔ optional auditor metadata works through the real feedback evidence and recurring consumer bridge (572.8707ms)
✔ policy has the ten requested workstreams and never assigns people (3.2727ms)
✔ classification supports Multiplayer (6.021ms)
✔ classification supports UX/UI (2.109ms)
✔ classification supports Multi-system execution (1.2772ms)
✔ classification supports Janitor (1.6135ms)
✔ classification supports Dynamic agent teams (1.7528ms)
✔ classification supports DevOps/PR review/branch protection (2.4282ms)
✔ classification supports Security (1.5883ms)
✔ classification supports Agent communication layer (1.6219ms)
✔ classification supports Dark factory automation (1.565ms)
✔ classification supports Backend scalability / pub-sub (1.2702ms)
✔ classification preserves labels and assignees (14.2425ms)
✔ UX alias means UX/UI (14.8147ms)
✔ an unassigned issue is not a violation (6.4487ms)
✔ full fixture audit has zero mutations and catches closing-link conflict (5.1149ms)
✔ non-closing prose overrides no native link, not unrelated partial references (4.488ms)
✔ explicit do-not-close linked issue is flagged (4.7538ms)
✔ closed unmerged PR does not close an open issue (4.4057ms)
✔ reopened issue remains open after a historical merged PR (3.8595ms)
✔ no automatic close for several partial PRs (4.4704ms)
✔ only explicit dependency section is interpreted (0.1843ms)
✔ code fences and quoted references are not dependency authority (0.2126ms)
✔ native/text dependency disagreement is flagged (4.5664ms)
✔ matching dependencies do not produce a mismatch (4.3904ms)
✔ dependency cycles are bounded and reported once (4.4186ms)
✔ parent hierarchy mismatch and cycle are detected (4.1386ms)
✔ outside-scope dependency is not fetched or treated as complete (3.9479ms)
✔ missing local dependency is unverified, not closed (3.6236ms)
✔ open issue marked Done is flagged without changing the board (5.5475ms)
✔ unknown workstream is a review hint, not a rename (4.2411ms)
✔ locked default branch is flagged, without bypass (4.2227ms)
✔ stale PR source head is reported (3.7359ms)
✔ current independent review is accepted as evidence (4.6965ms)
✔ author approval is not current independent human approval (4.4301ms)
✔ bot approval is not current independent human approval (3.4534ms)
✔ old-head approval is not current independent human approval (3.4374ms)
✔ later comment does not erase a valid prior approval (4.3682ms)
✔ failed checks and requested changes are surfaced (4.7477ms)
✔ missing checks are not a success (4.1573ms)
✔ stale snapshots are labeled (3.9679ms)
✔ future snapshots fail closed (2.1431ms)
✔ finding IDs are stable across repeated reads (7.8717ms)
✔ reported secrets are redacted and Markdown is escaped (13.381ms)
✔ refuses: assign #50 to example-user (5.3034ms)
✔ refuses: label #50 multiplayer (5.1843ms)
✔ refuses: close #50 (5.0529ms)
✔ refuses: merge PR #237 (6.9806ms)
✔ refuses: enable auto-merge (6.5374ms)
✔ refuses: delete a branch (5.3232ms)
✔ refuses: approve PR #237 (4.6803ms)
✔ refuses: can you change the rules (6.8935ms)
✔ question answers use recorded evidence and canonical references (6.1305ms)
✔ reverse dependency questions list dependents (5.9084ms)
✔ unknown questions ask for clarification (5.9371ms)
✔ untrusted instruction text grants no tools (6.8043ms)
✔ snapshot rejects wrong repo (1.2674ms)
✔ snapshot rejects wrong project (1.1452ms)
✔ snapshot rejects partial coverage (1.2656ms)
✔ snapshot rejects wrong count (0.9587ms)
✔ snapshot rejects duplicate issue (1.1677ms)
✔ snapshot rejects hostile URL (1.2435ms)
✔ snapshot rejects hidden project item (1.5021ms)
✔ snapshot rejects cross-repo item (1.3467ms)
✔ snapshot rejects duplicate project item (1.2883ms)
✔ snapshot rejects oversized body (1.3799ms)
✔ collector completes two matching passes with no writes (6.1912ms)
✔ collector rejects issue drift between passes (3.3615ms)
✔ collector rejects incomplete nested dependencies (1.5551ms)
✔ collector rejects a changed PR head/check binding (1.5433ms)
✔ collector rejects repeated pagination cursors (1.7241ms)
✔ collector rejects inaccessible connection entries (0.246ms)
✔ read client verifies Bakar404 and never switches accounts (1.6812ms)
✔ explicit hash-pinned read principal does not change the pilot or read allowlist (22.3106ms)
✔ collector profile rejects changed scope or unsupported fields: repository (17.7697ms)
✔ collector profile rejects changed scope or unsupported fields: project_id (21.742ms)
✔ collector profile rejects changed scope or unsupported fields: project_number (19.8153ms)
✔ collector profile rejects changed scope or unsupported fields: token (20.7851ms)
✔ collector profile rejects changed scope or unsupported fields: url (21.6953ms)
✔ collector profile rejects changed scope or unsupported fields: collector_login (20.4892ms)
✔ collector profile rejects wrong hashes, changed bytes and duplicate keys (53.543ms)
✔ profiled collection records the actual principal and rejects identity or profile drift (41.3017ms)
✔ read client exposes no arbitrary query or write operation (1.6016ms)
✔ GraphQL cursor remains data, not executable query text (1.5016ms)
✔ GraphQL errors do not become accepted partial data (1.3941ms)
✔ GraphQL reserve prevents further reads (1.503ms)
✔ collection has an elapsed-time bound (1.245ms)
✔ dry run uses neither network nor output files (1.5939ms)
✔ CLI rejects apply (0.1433ms)
✔ CLI rejects audit --fixture --live (0.8979ms)
✔ CLI rejects audit --fixture --out ../escape.json (0.154ms)
✔ CLI rejects audit --dry-run --out file.json (0.0931ms)
✔ CLI rejects audit --fixture --assign example-user (0.1148ms)
✔ CLI rejects ask --fixture (0.079ms)
✔ actual CLI dry run works from another directory and has no network intent (171.919ms)
✔ test chat prepares an evidence-based reply without sending it (7.5706ms)
✔ test chat rejects wrong tenant (0.334ms)
✔ test chat rejects wrong group (0.1462ms)
✔ test chat rejects personal chat (0.1303ms)
✔ test chat rejects other channel (0.1277ms)
✔ test chat ignores messages without a mention (0.1339ms)
✔ test chat ignores its own messages (0.1238ms)
✔ test chat refuses mutation requests (4.4939ms)
✔ no production mode or implicit binding (0.2724ms)
ℹ tests 227
ℹ suites 0
ℹ pass 227
ℹ fail 0
ℹ cancelled 0
ℹ skipped 0
ℹ todo 0
ℹ duration_ms 89535.4722
