$ node --test --test-concurrency=2 --test-timeout=180000 scenarios/repo-steward/steward.test.mjs scenarios/repo-steward/actions.test.mjs scenarios/repo-steward/recurring-audit.test.mjs scenarios/repo-steward/feedback.test.mjs scenarios/repo-steward/maintenance.test.mjs scenarios/repo-steward/feedback-cli.test.mjs
✔ Actions preview performs no live reads or summary publication (3.3289ms)
✔ Actions fixture uses the real auditor without GitHub access (33.7983ms)
✔ invalid workflow input is rejected during preview without data access (1.7499ms)
✔ hosted live mode rejects non-Actions host before reading data (0.4886ms)
✔ hosted live mode rejects PR event before reading data (1.1116ms)
✔ hosted live mode rejects another repository before reading data (0.202ms)
✔ hosted live mode rejects feature branch before reading data (0.2631ms)
✔ hosted live mode rejects another actor before reading data (0.2987ms)
✔ hosted live mode rejects another rerun operator before reading data (0.3554ms)
✔ hosted live mode rejects missing triggering actor before reading data (0.4947ms)
✔ hosted live mode rejects missing source commit before reading data (0.3826ms)
✔ hosted live mode rejects disabled pilot before reading data (0.2764ms)
✔ hosted live mode rejects unapproved public summary before reading data (0.1838ms)
✔ hosted live mode rejects missing credential before reading data (0.1603ms)
✔ hosted live mode rejects blank credential before reading data (0.1771ms)
✔ hosted live mode rejects write-enabled configuration before reading data (0.182ms)
✔ GITHUB_TOKEN does not substitute for Project-readable credentials (0.3464ms)
✔ an admitted live path collects once and retains zero mutations (6.7361ms)
✔ collector failure does not produce a successful report (0.3764ms)
✔ stale hosted snapshots fail instead of publishing old findings (6.5825ms)
✔ public summaries never include free-form source or evidence text (7.7708ms)
✔ summary rejects unknown rule (5.1759ms)
✔ summary rejects bad finding id (4.9659ms)
✔ summary rejects foreign reference (4.9612ms)
✔ summary rejects mutation claim (5.0168ms)
✔ summary rejects wrong scope (4.7035ms)
✔ summary rejects invalid timestamp (5.1478ms)
✔ summary rejects bad totals (6.7081ms)
✔ public finding index is bounded without copying omitted details (5.286ms)
✔ every configured fixture rule has an explicit publication review (4.9897ms)
✔ summary file writes remain inside a supplied native temporary directory (10.436ms)
✔ Actions CLI rejects unsupported arguments --apply (0.237ms)
✔ Actions CLI rejects unsupported arguments --live (0.1119ms)
✔ Actions CLI rejects unsupported arguments --live (0.1021ms)
✔ actual fixture CLI needs no hosted secrets or Teams SDK (187.1786ms)
✔ manual workflow keeps first-party actions pinned and live credentials isolated (13.3424ms)
✔ feedback CLI rejects unsupported, missing and duplicate transition arguments (3.4776ms)
✔ new-file corpus output preserves the previous version and refuses overwrite (26.1348ms)
✔ initializing a corpus binds the validated input scope without changing its snapshot (48.9576ms)
✔ partial snapshot cannot create a corpus file (23.9798ms)
✔ redirected output parent is refused without writing through it (5.9823ms)
✔ review evidence must be a file and cannot use a directory as a digest source (50.5461ms)
✔ review CLI records the exact binary digest and closes its descriptor (82.2087ms)
✔ same-size review replacement between metadata check and open cannot update a corpus (29.5288ms)
✔ review parent swapped for a symlink or junction before open is rejected (29.7197ms)
✔ same-size pathname replacement after descriptor read is rejected (28.6241ms)
✔ same-size in-place review rewrite cannot hide behind a restored modification time (31.3405ms)
✔ review growth after open stays within its original byte bound and is rejected (27.8001ms)
✔ bounded review reads handle partial reads and reject empty or oversized files (19.3256ms)
✔ native behavioral evidence remains candidate with original local source and no finding impersonation (87.1558ms)
✔ native behavioral activation is denied for mixed support and forged active or retired history (44.5335ms)
✔ native behavioral candidates can be rejected without widening legacy review authority (50.8842ms)
✔ native behavioral bytes, identity claims, source and repeated runs remain validated (119.3742ms)
✔ evidence binds actual audit finding and supplied snapshot without certifying collection or identity (11.0653ms)
✔ accepted missing Project status binds the native serialized report and finding in evidence and observations (47.1452ms)
✔ auditor optional-field normalization retains strict data-only feedback and report validation (63.1636ms)
✔ timestamp-only or unrelated snapshot changes do not manufacture repeated supporting evidence (29.8672ms)
✔ partial, cross-scope, stale or missing findings cannot become feedback evidence (14.9322ms)
✔ feedback source pins accept exactly 40 or 64 hexadecimal characters, including supplied evidence (67.4715ms)
✔ candidate, active and retired versions preserve their inputs and have exact transition digests (17.6576ms)
✔ one observation, fabricated evidence bytes and replayed reviews cannot activate a rule (74.2169ms)
✔ reviewer labels and claimed approval booleans do not supply verified review authority (24.2216ms)
✔ explicit rejection remains terminal and contributes no advice (52.8476ms)
✔ prospective expiry is mandatory, bounded, and effective at the exact boundary (95.4117ms)
✔ active capacity cannot expand and supersession retires only the exact predecessor (58.0337ms)
✔ supersession rejects stale targets and cannot cross finding rules (41.0921ms)
✔ active guidance annotates only matching findings without hiding or changing original conclusions (21.8641ms)
✔ broad matching admits at most the finite annotation limit and never truncates an excessive report (312.204ms)
✔ serialized output bytes are admitted before escaped guidance and evidence references fan out (57.7327ms)
✔ later audits honor activation and retirement while the original report stays identical (45.4125ms)
✔ unknown executable, suppression, assignment and permission options are rejected (132.2534ms)
✔ stale reports, foreign scope and altered evidence fail closed (25.542ms)
✔ canonical digests ignore property insertion order but reject executable and non-finite data (0.3833ms)
✔ reusable corpus validation preserves input and rejects authority claims or altered guidance (15.4271ms)
✔ explicit collector profile requires a hash and cannot relabel a supplied snapshot (3.1795ms)
✔ recurrence requires finite explicit bounds before reading any input (0.9666ms)
✔ finite recurrence reloads snapshot and feedback on every cycle (2.6261ms)
✔ paused and stopped records prevent collection and input reads (2.2542ms)
✔ exhausted persisted attempts reject before snapshot, feedback or live collection (2.5478ms)
✔ watch admits the final allowed attempt and then stops before collecting another snapshot (1.4518ms)
✔ source mismatch refuses before reading snapshot or feedback (1.1941ms)
✔ a failed cycle stops recurrence without retrying or losing the failure (1.365ms)
✔ first snapshot acquisition failure retains one sanitized failed attempt (336.3896ms)
✔ later corpus acquisition failure preserves earlier accepted evidence and consumes one attempt (769.15ms)
✔ live acquisition failure is retained once without raw error text or a retry (287.0236ms)
✔ pause and stop during failed acquisition remain effective without a new admitted attempt (1997.7102ms)
✔ deadline crossing during failed acquisition prevents late attempt admission (1.5956ms)
✔ interruption during failed acquisition prevents a new admitted attempt (1.7839ms)
✔ duration bounds stop admission after collection without writing a late result (1.0973ms)
✔ interruption during an interval exits without another audit (1.1795ms)
✔ control commands delegate exact action, source and reason without collecting (2.8046ms)
✔ status exposes bounded metadata and no retained finding text (1.0568ms)
✔ one audit writes source-bound immutable private reports and an advisory handoff (454.5764ms)
✔ fresh capture timestamps and transport metrics alone produce no new report or proposal across restart (714.0316ms)
✔ live state binds the exact selected principal and profile through restart and controls (2489.9305ms)
✔ profile metadata cannot convert supplied evidence or a different live principal into accepted observations (283.5628ms)
✔ changed scoped content produces a new receipt while retaining stable finding dedupe (523.5539ms)
✔ resolved findings are recorded without claiming a remote correction (506.3253ms)
✔ stale input fails and preserves a failed attempt, never reusing previous success (586.2859ms)
✔ future input fails and preserves a failed attempt, never reusing previous success (610.0137ms)
✔ incomplete input fails and preserves a failed attempt, never reusing previous success (599.0096ms)
✔ source drift fails and preserves a failed attempt, never reusing previous success (603.0919ms)
✔ changing the caller source pin cannot migrate an existing directory (447.321ms)
✔ pause prevents input use, resume retains dedupe, and stop cannot resume (2262.5561ms)
✔ concurrent cycles have one winner and never create duplicate accepted receipts (339.102ms)
✔ retained locks fail closed without PID reuse or timeout-based recovery (16.7048ms)
✔ incomplete intent and rollback to an older checkpoint refuse replay (583.5686ms)
✔ tampered referenced artifacts are rejected and preserved (307.4729ms)
✔ output-directory redirection refuses writes through a symlink or junction (10.7991ms)
✔ an unexpected output file is retained, not overwritten or removed (21.6503ms)
✔ status rejects unexpected files in initialized state before accepting its control projection (240.1997ms)
✔ missing, traversal-style and incomplete control requests do not create authority (4.4229ms)
✔ live source claims retain the existing collector identity and zero-write metadata (253.5205ms)
✔ finite convenience API has explicit bounds and performs no scheduling (887.7756ms)
✔ state and artifact redirection are not followed on read (239.8919ms)
✔ alter of earlier history is detected after a newer successful cycle (654.3204ms)
✔ delete of earlier history is detected after a newer successful cycle (645.1189ms)
✔ changed implementation pins fail before a new intent is written (394.7162ms)
✔ a directory replaced while a caller holds its lock cannot redirect any artifact write (328.1482ms)
✔ actual corpus activation and retirement change only separately bound advisory output (1276.9506ms)
✔ expiry invalidates cached advisory annotations even without corpus byte changes (574.358ms)
✔ mixed retained controls and new cycles enforce one transition bound with a reserved terminal stop (69370.8902ms)
✔ accepted snapshots with omitted optional metadata produce parseable JSON artifacts and replay (494.2695ms)
✔ optional auditor metadata works through the real feedback evidence and recurring consumer bridge (547.7778ms)
✔ policy has the ten requested workstreams and never assigns people (4.1248ms)
✔ classification supports Multiplayer (6.5402ms)
✔ classification supports UX/UI (2.0012ms)
✔ classification supports Multi-system execution (1.3864ms)
✔ classification supports Janitor (1.4115ms)
✔ classification supports Dynamic agent teams (1.5216ms)
✔ classification supports DevOps/PR review/branch protection (2.0155ms)
✔ classification supports Security (2.8855ms)
✔ classification supports Agent communication layer (1.9709ms)
✔ classification supports Dark factory automation (1.7728ms)
✔ classification supports Backend scalability / pub-sub (1.2542ms)
✔ classification preserves labels and assignees (17.1175ms)
✔ UX alias means UX/UI (15.0602ms)
✔ an unassigned issue is not a violation (5.2303ms)
✔ full fixture audit has zero mutations and catches closing-link conflict (5.6787ms)
✔ non-closing prose overrides no native link, not unrelated partial references (4.1367ms)
✔ explicit do-not-close linked issue is flagged (3.6116ms)
✔ closed unmerged PR does not close an open issue (7.7645ms)
✔ reopened issue remains open after a historical merged PR (9.0338ms)
✔ no automatic close for several partial PRs (4.7574ms)
✔ only explicit dependency section is interpreted (0.2068ms)
✔ code fences and quoted references are not dependency authority (0.2185ms)
✔ native/text dependency disagreement is flagged (4.837ms)
✔ matching dependencies do not produce a mismatch (4.8495ms)
✔ dependency cycles are bounded and reported once (4.9644ms)
✔ parent hierarchy mismatch and cycle are detected (4.7114ms)
✔ outside-scope dependency is not fetched or treated as complete (4.6395ms)
✔ missing local dependency is unverified, not closed (4.305ms)
✔ open issue marked Done is flagged without changing the board (5.2582ms)
✔ unknown workstream is a review hint, not a rename (3.536ms)
✔ locked default branch is flagged, without bypass (3.9436ms)
✔ stale PR source head is reported (4.2861ms)
✔ current independent review is accepted as evidence (3.8815ms)
✔ author approval is not current independent human approval (3.9929ms)
✔ bot approval is not current independent human approval (3.9057ms)
✔ old-head approval is not current independent human approval (4.1004ms)
✔ later comment does not erase a valid prior approval (3.5406ms)
✔ failed checks and requested changes are surfaced (3.9623ms)
✔ missing checks are not a success (7.1092ms)
✔ stale snapshots are labeled (4.2786ms)
✔ future snapshots fail closed (1.7703ms)
✔ finding IDs are stable across repeated reads (7.2064ms)
✔ reported secrets are redacted and Markdown is escaped (11.2482ms)
✔ refuses: assign #50 to example-user (5.0453ms)
✔ refuses: label #50 multiplayer (4.5553ms)
✔ refuses: close #50 (4.7055ms)
✔ refuses: merge PR #237 (4.9004ms)
✔ refuses: enable auto-merge (4.9969ms)
✔ refuses: delete a branch (4.9562ms)
✔ refuses: approve PR #237 (4.9514ms)
✔ refuses: can you change the rules (4.7674ms)
✔ question answers use recorded evidence and canonical references (5.1352ms)
✔ reverse dependency questions list dependents (5.0855ms)
✔ unknown questions ask for clarification (4.9829ms)
✔ untrusted instruction text grants no tools (4.7959ms)
✔ snapshot rejects wrong repo (1.3204ms)
✔ snapshot rejects wrong project (1.0092ms)
✔ snapshot rejects partial coverage (1.0253ms)
✔ snapshot rejects wrong count (1.1955ms)
✔ snapshot rejects duplicate issue (1.3564ms)
✔ snapshot rejects hostile URL (1.1146ms)
✔ snapshot rejects hidden project item (1.2742ms)
✔ snapshot rejects cross-repo item (1.2733ms)
✔ snapshot rejects duplicate project item (1.3896ms)
✔ snapshot rejects oversized body (1.512ms)
✔ collector completes two matching passes with no writes (4.5446ms)
✔ collector rejects issue drift between passes (3.0663ms)
✔ collector rejects incomplete nested dependencies (1.201ms)
✔ collector rejects a changed PR head/check binding (1.7087ms)
✔ collector rejects repeated pagination cursors (1.1384ms)
✔ collector rejects inaccessible connection entries (0.1511ms)
✔ read client verifies Bakar404 and never switches accounts (1.3558ms)
✔ explicit hash-pinned read principal does not change the pilot or read allowlist (28.4188ms)
✔ collector profile rejects changed scope or unsupported fields: repository (9.4838ms)
✔ collector profile rejects changed scope or unsupported fields: project_id (8.3679ms)
✔ collector profile rejects changed scope or unsupported fields: project_number (16.3152ms)
✔ collector profile rejects changed scope or unsupported fields: token (16.035ms)
✔ collector profile rejects changed scope or unsupported fields: url (23.6927ms)
✔ collector profile rejects changed scope or unsupported fields: collector_login (16.5788ms)
✔ collector profile rejects wrong hashes, changed bytes and duplicate keys (44.1292ms)
✔ profiled collection records the actual principal and rejects identity or profile drift (30.8928ms)
✔ read client exposes no arbitrary query or write operation (1.3909ms)
✔ GraphQL cursor remains data, not executable query text (1.2206ms)
✔ GraphQL errors do not become accepted partial data (1.1517ms)
✔ GraphQL reserve prevents further reads (1.1896ms)
✔ collection has an elapsed-time bound (1.3499ms)
✔ dry run uses neither network nor output files (1.3304ms)
✔ CLI rejects apply (0.1905ms)
✔ CLI rejects audit --fixture --live (0.1325ms)
✔ CLI rejects audit --fixture --out ../escape.json (0.1489ms)
✔ CLI rejects audit --dry-run --out file.json (0.0938ms)
✔ CLI rejects audit --fixture --assign example-user (0.0787ms)
✔ CLI rejects ask --fixture (0.0809ms)
✔ actual CLI dry run works from another directory and has no network intent (150.9636ms)
✔ test chat prepares an evidence-based reply without sending it (6.586ms)
✔ test chat rejects wrong tenant (0.4784ms)
✔ test chat rejects wrong group (0.2153ms)
✔ test chat rejects personal chat (0.2102ms)
✔ test chat rejects other channel (0.2471ms)
✔ test chat ignores messages without a mention (0.2044ms)
✔ test chat ignores its own messages (0.1942ms)
✔ test chat refuses mutation requests (6.7878ms)
✔ no production mode or implicit binding (0.5073ms)
ℹ tests 227
ℹ suites 0
ℹ pass 227
ℹ fail 0
ℹ cancelled 0
ℹ skipped 0
ℹ todo 0
ℹ duration_ms 89721.1784
