F02 component regressions passed: 124 invalid/reserved cases across all three plan inputs and forward separators.
{"fixture":"<local-user>\\AppData\\Local\\Temp\\ecorp-u1-preflight-84f7f9c698a54b26b3980243e193f795","mapping":null,"drive":"Q:","event":"alias-before"}
{"drive":"Q:","event":"alias-created","target":"\\??\\<local-user>\\AppData\\Local\\Temp\\ecorp-u1-preflight-84f7f9c698a54b26b3980243e193f795\\retained-office","sameSentinel":true}
F01 native alias rejected in Root.
F01 native alias rejected in Product.
F01 native alias rejected in Protected.
{"mapping":null,"drive":"Q:","event":"alias-cleanup","removedTarget":"\\??\\<local-user>\\AppData\\Local\\Temp\\ecorp-u1-preflight-84f7f9c698a54b26b3980243e193f795\\retained-office"}
F01 native short-path overlap rejected: short fixture ancestor.
F01 native short-path overlap rejected: short product.
F01 native short-path overlap rejected: short protected ancestor.
F01 native short-path overlap rejected: multiple missing descendants.
{"distinctAlias":true,"executed":true,"mode":"ReportUnavailable","event":"native-short-alias","status":"passed"}
F01 native SUBST/unmapped-drive and simulated mapped/unknown-drive regressions passed.
{"fixture":"<local-user>\\AppData\\Local\\Temp\\ecorp-u1-preflight-84f7f9c698a54b26b3980243e193f795","mapping":null,"drive":"Q:","event":"volume-before","target":"\\Device\\HarddiskVolume4"}
{"drive":"Q:","event":"volume-created","target":"\\Device\\HarddiskVolume4","sameSentinel":true}
F01 native same-volume disjoint control passed: Root.
F01 native same-volume disjoint control passed: Product.
F01 native same-volume disjoint control passed: Protected.
F01 native same-volume overlap rejected: Root.
F01 native same-volume overlap rejected: Protected.
F01 native same-volume overlap rejected: Product.
F01 native same-volume overlap rejected: protected drive root.
F01 native same-volume overlap rejected: aliased protected drive root.
{"exactMatch":true,"mapping":null,"drive":"Q:","event":"volume-cleanup","removedTarget":"\\Device\\HarddiskVolume4"}
F01 native same-volume aliases, disjoint DOS-path controls and drive-root ancestry regressions passed.
{"flag":"assume-unchanged","source_status":"passed","event":"hidden-index-change","rejected":false}
{"flag":"skip-worktree","source_status":"passed","event":"hidden-index-change","rejected":false}
WARNING: Failed synthetic fixture retained at <local-user>\AppData\Local\Temp\ecorp-u1-preflight-84f7f9c698a54b26b3980243e193f795
Exception: <private-evidence>\pr319-index-flags-before-r1\qa_multiplayer_preflight.test.ps1:12
Line |
  12 |      if (!$Condition) { throw $Message }
     |                         ~~~~~~~~~~~~~~
     | Both hidden index flags must block source attestation.
