$ node --test --test-concurrency=2 --test-timeout=180000 scenarios/repo-steward/steward.test.mjs scenarios/repo-steward/actions.test.mjs scenarios/repo-steward/recurring-audit.test.mjs scenarios/repo-steward/feedback.test.mjs scenarios/repo-steward/maintenance.test.mjs scenarios/repo-steward/feedback-cli.test.mjs
✔ Actions preview performs no live reads or summary publication (1.781ms)
✔ Actions fixture uses the real auditor without GitHub access (26.1354ms)
✔ invalid workflow input is rejected during preview without data access (0.9452ms)
✔ hosted live mode rejects non-Actions host before reading data (0.3846ms)
✔ hosted live mode rejects PR event before reading data (0.2814ms)
✔ hosted live mode rejects another repository before reading data (0.9736ms)
✔ hosted live mode rejects feature branch before reading data (0.2807ms)
✔ hosted live mode rejects another actor before reading data (0.1867ms)
✔ hosted live mode rejects another rerun operator before reading data (0.2754ms)
✔ hosted live mode rejects missing triggering actor before reading data (0.3512ms)
✔ hosted live mode rejects missing source commit before reading data (0.2658ms)
✔ hosted live mode rejects disabled pilot before reading data (0.2509ms)
✔ hosted live mode rejects unapproved public summary before reading data (0.1376ms)
✔ hosted live mode rejects missing credential before reading data (0.1114ms)
✔ hosted live mode rejects blank credential before reading data (0.1312ms)
✔ hosted live mode rejects write-enabled configuration before reading data (0.1351ms)
✔ GITHUB_TOKEN does not substitute for Project-readable credentials (0.2044ms)
✔ an admitted live path collects once and retains zero mutations (5.541ms)
✔ collector failure does not produce a successful report (0.2751ms)
✔ stale hosted snapshots fail instead of publishing old findings (5.0917ms)
✔ public summaries never include free-form source or evidence text (4.7416ms)
✔ summary rejects unknown rule (3.8043ms)
✔ summary rejects bad finding id (3.9741ms)
✔ summary rejects foreign reference (3.7952ms)
✔ summary rejects mutation claim (4.2111ms)
✔ summary rejects wrong scope (3.7825ms)
✔ summary rejects invalid timestamp (4.101ms)
✔ summary rejects bad totals (4.4447ms)
✔ public finding index is bounded without copying omitted details (5.5229ms)
✔ every configured fixture rule has an explicit publication review (4.4957ms)
✔ summary file writes remain inside a supplied native temporary directory (15.6792ms)
✔ Actions CLI rejects unsupported arguments --apply (0.1958ms)
✔ Actions CLI rejects unsupported arguments --live (0.092ms)
✔ Actions CLI rejects unsupported arguments --live (0.083ms)
✔ actual fixture CLI needs no hosted secrets or Teams SDK (187.1792ms)
✔ manual workflow keeps first-party actions pinned and live credentials isolated (14.1839ms)
✔ feedback CLI rejects unsupported, missing and duplicate transition arguments (2.0383ms)
✔ new-file corpus output preserves the previous version and refuses overwrite (22.4633ms)
✔ initializing a corpus binds the validated input scope without changing its snapshot (39.0951ms)
✔ partial snapshot cannot create a corpus file (21.1932ms)
✔ redirected output parent is refused without writing through it (5.3182ms)
✔ review evidence must be a file and cannot use a directory as a digest source (44.8605ms)
✔ review CLI records the exact binary digest and closes its descriptor (86.9396ms)
✔ same-size review replacement between metadata check and open cannot update a corpus (29.7706ms)
✔ review parent swapped for a symlink or junction before open is rejected (38.9273ms)
✔ same-size pathname replacement after descriptor read is rejected (30.5836ms)
✔ same-size in-place review rewrite cannot hide behind a restored modification time (31.0369ms)
✔ review growth after open stays within its original byte bound and is rejected (27.2191ms)
✔ bounded review reads handle partial reads and reject empty or oversized files (17.3625ms)
✔ native behavioral evidence remains candidate with original local source and no finding impersonation (61.7658ms)
✔ native behavioral activation is denied for mixed support and forged active or retired history (41.2697ms)
✔ native behavioral candidates can be rejected without widening legacy review authority (43.5098ms)
✔ native behavioral bytes, identity claims, source and repeated runs remain validated (108.9447ms)
✔ evidence binds actual audit finding and supplied snapshot without certifying collection or identity (15.0593ms)
✔ accepted missing Project status binds the native serialized report and finding in evidence and observations (38.5296ms)
✔ auditor optional-field normalization retains strict data-only feedback and report validation (56.7414ms)
✔ timestamp-only or unrelated snapshot changes do not manufacture repeated supporting evidence (29.1372ms)
✔ partial, cross-scope, stale or missing findings cannot become feedback evidence (12.7964ms)
✔ feedback source pins accept exactly 40 or 64 hexadecimal characters, including supplied evidence (65.9378ms)
✔ candidate, active and retired versions preserve their inputs and have exact transition digests (18.0681ms)
✔ one observation, fabricated evidence bytes and replayed reviews cannot activate a rule (76.7127ms)
✔ reviewer labels and claimed approval booleans do not supply verified review authority (22.7577ms)
✔ explicit rejection remains terminal and contributes no advice (38.2032ms)
✔ prospective expiry is mandatory, bounded, and effective at the exact boundary (94.9589ms)
✔ active capacity cannot expand and supersession retires only the exact predecessor (55.9677ms)
✔ supersession rejects stale targets and cannot cross finding rules (42.5427ms)
✔ active guidance annotates only matching findings without hiding or changing original conclusions (22.1404ms)
✔ broad matching admits at most the finite annotation limit and never truncates an excessive report (338.5777ms)
✔ serialized output bytes are admitted before escaped guidance and evidence references fan out (54.9801ms)
✔ later audits honor activation and retirement while the original report stays identical (37.9154ms)
✔ unknown executable, suppression, assignment and permission options are rejected (136.3647ms)
✔ stale reports, foreign scope and altered evidence fail closed (25.552ms)
✔ canonical digests ignore property insertion order but reject executable and non-finite data (0.439ms)
✔ reusable corpus validation preserves input and rejects authority claims or altered guidance (16.1423ms)
✔ explicit collector profile requires a hash and cannot relabel a supplied snapshot (2.8483ms)
✔ recurrence requires finite explicit bounds before reading any input (0.9068ms)
✔ finite recurrence reloads snapshot and feedback on every cycle (2.6773ms)
✔ paused and stopped records prevent collection and input reads (2.345ms)
✔ exhausted persisted attempts reject before snapshot, feedback or live collection (2.4556ms)
✔ watch admits the final allowed attempt and then stops before collecting another snapshot (1.268ms)
✔ source mismatch refuses before reading snapshot or feedback (1.1707ms)
✔ a failed cycle stops recurrence without retrying or losing the failure (1.5269ms)
✔ first snapshot acquisition failure retains one sanitized failed attempt (309.8803ms)
✔ later corpus acquisition failure preserves earlier accepted evidence and consumes one attempt (773.851ms)
✔ live acquisition failure is retained once without raw error text or a retry (294.7579ms)
✔ pause and stop during failed acquisition remain effective without a new admitted attempt (2020.4893ms)
✔ deadline crossing during failed acquisition prevents late attempt admission (1.4952ms)
✔ interruption during failed acquisition prevents a new admitted attempt (1.1426ms)
✔ duration bounds stop admission after collection without writing a late result (1.0242ms)
✔ interruption during an interval exits without another audit (1.2143ms)
✔ control commands delegate exact action, source and reason without collecting (3.3531ms)
✔ status exposes bounded metadata and no retained finding text (1.097ms)
✔ one audit writes source-bound immutable private reports and an advisory handoff (439.7318ms)
✔ fresh capture timestamps and transport metrics alone produce no new report or proposal across restart (719.7826ms)
✔ live state binds the exact selected principal and profile through restart and controls (2594.6498ms)
✔ profile metadata cannot convert supplied evidence or a different live principal into accepted observations (299.2437ms)
✔ changed scoped content produces a new receipt while retaining stable finding dedupe (520.042ms)
✔ resolved findings are recorded without claiming a remote correction (519.6371ms)
✔ stale input fails and preserves a failed attempt, never reusing previous success (712.2534ms)
✔ future input fails and preserves a failed attempt, never reusing previous success (682.4028ms)
✔ incomplete input fails and preserves a failed attempt, never reusing previous success (611.5836ms)
✔ source drift fails and preserves a failed attempt, never reusing previous success (619.5144ms)
✔ changing the caller source pin cannot migrate an existing directory (453.7681ms)
✔ pause prevents input use, resume retains dedupe, and stop cannot resume (2361.5666ms)
✔ concurrent cycles have one winner and never create duplicate accepted receipts (372.7309ms)
✔ retained locks fail closed without PID reuse or timeout-based recovery (19.7946ms)
✔ incomplete intent and rollback to an older checkpoint refuse replay (610.9226ms)
✔ tampered referenced artifacts are rejected and preserved (317.4073ms)
✔ output-directory redirection refuses writes through a symlink or junction (10.1771ms)
✔ an unexpected output file is retained, not overwritten or removed (17.6628ms)
✔ status rejects unexpected files in initialized state before accepting its control projection (243.3644ms)
✔ missing, traversal-style and incomplete control requests do not create authority (3.8595ms)
✔ live source claims retain the existing collector identity and zero-write metadata (290.6408ms)
✔ finite convenience API has explicit bounds and performs no scheduling (932.0355ms)
✔ state and artifact redirection are not followed on read (249.0578ms)
✔ alter of earlier history is detected after a newer successful cycle (641.8102ms)
✔ delete of earlier history is detected after a newer successful cycle (642.296ms)
✔ changed implementation pins fail before a new intent is written (413.5081ms)
✔ a directory replaced while a caller holds its lock cannot redirect any artifact write (329.2159ms)
✔ actual corpus activation and retirement change only separately bound advisory output (1293.5271ms)
✔ expiry invalidates cached advisory annotations even without corpus byte changes (606.1667ms)
✔ mixed retained controls and new cycles enforce one transition bound with a reserved terminal stop (64128.3793ms)
✔ accepted snapshots with omitted optional metadata produce parseable JSON artifacts and replay (509.367ms)
✔ optional auditor metadata works through the real feedback evidence and recurring consumer bridge (621.2588ms)
✔ policy has the ten requested workstreams and never assigns people (3.8324ms)
✔ classification supports Multiplayer (6.4302ms)
✔ classification supports UX/UI (2.2565ms)
✔ classification supports Multi-system execution (1.5168ms)
✔ classification supports Janitor (1.6245ms)
✔ classification supports Dynamic agent teams (1.4281ms)
✔ classification supports DevOps/PR review/branch protection (2.2579ms)
✔ classification supports Security (1.3523ms)
✔ classification supports Agent communication layer (1.2682ms)
✔ classification supports Dark factory automation (1.6152ms)
✔ classification supports Backend scalability / pub-sub (1.2105ms)
✔ classification preserves labels and assignees (12.2991ms)
✔ UX alias means UX/UI (15.3339ms)
✔ an unassigned issue is not a violation (5.3211ms)
✔ full fixture audit has zero mutations and catches closing-link conflict (5.5211ms)
✔ non-closing prose overrides no native link, not unrelated partial references (5.0752ms)
✔ explicit do-not-close linked issue is flagged (4.118ms)
✔ closed unmerged PR does not close an open issue (6.344ms)
✔ reopened issue remains open after a historical merged PR (4.2657ms)
✔ no automatic close for several partial PRs (4.9167ms)
✔ only explicit dependency section is interpreted (0.2468ms)
✔ code fences and quoted references are not dependency authority (0.2393ms)
✔ native/text dependency disagreement is flagged (4.3108ms)
✔ matching dependencies do not produce a mismatch (5.3462ms)
✔ dependency cycles are bounded and reported once (5.168ms)
✔ parent hierarchy mismatch and cycle are detected (6.7829ms)
✔ outside-scope dependency is not fetched or treated as complete (6.9688ms)
✔ missing local dependency is unverified, not closed (6.319ms)
✔ open issue marked Done is flagged without changing the board (5.6345ms)
✔ unknown workstream is a review hint, not a rename (5.1008ms)
✔ locked default branch is flagged, without bypass (6.2105ms)
✔ stale PR source head is reported (5.6184ms)
✔ current independent review is accepted as evidence (6.8755ms)
✔ author approval is not current independent human approval (5.4529ms)
✔ bot approval is not current independent human approval (5.6699ms)
✔ old-head approval is not current independent human approval (4.3999ms)
✔ later comment does not erase a valid prior approval (6.8916ms)
✔ failed checks and requested changes are surfaced (6.9141ms)
✔ missing checks are not a success (3.6005ms)
✔ stale snapshots are labeled (3.7946ms)
✔ future snapshots fail closed (2ms)
✔ finding IDs are stable across repeated reads (9.8622ms)
✔ reported secrets are redacted and Markdown is escaped (12.7021ms)
✔ refuses: assign #50 to example-user (5.7205ms)
✔ refuses: label #50 multiplayer (6.0531ms)
✔ refuses: close #50 (5.7837ms)
✔ refuses: merge PR #237 (6.3763ms)
✔ refuses: enable auto-merge (5.5153ms)
✔ refuses: delete a branch (7.2475ms)
✔ refuses: approve PR #237 (4.5164ms)
✔ refuses: can you change the rules (5.5134ms)
✔ question answers use recorded evidence and canonical references (5.6127ms)
✔ reverse dependency questions list dependents (5.5769ms)
✔ unknown questions ask for clarification (5.704ms)
✔ untrusted instruction text grants no tools (8.3409ms)
✔ snapshot rejects wrong repo (3.0287ms)
✔ snapshot rejects wrong project (1.3676ms)
✔ snapshot rejects partial coverage (1.6501ms)
✔ snapshot rejects wrong count (1.5044ms)
✔ snapshot rejects duplicate issue (1.971ms)
✔ snapshot rejects hostile URL (3.3544ms)
✔ snapshot rejects hidden project item (1.6061ms)
✔ snapshot rejects cross-repo item (1.6246ms)
✔ snapshot rejects duplicate project item (3.6024ms)
✔ snapshot rejects oversized body (1.3233ms)
✔ collector completes two matching passes with no writes (4.5648ms)
✔ collector rejects issue drift between passes (2.8283ms)
✔ collector rejects incomplete nested dependencies (1.2934ms)
✔ collector rejects a changed PR head/check binding (1.2223ms)
✔ collector rejects repeated pagination cursors (1.1154ms)
✔ collector rejects inaccessible connection entries (0.1496ms)
✔ read client verifies Bakar404 and never switches accounts (1.3164ms)
✔ explicit hash-pinned read principal does not change the pilot or read allowlist (18.2405ms)
✔ collector profile rejects changed scope or unsupported fields: repository (16.5821ms)
✔ collector profile rejects changed scope or unsupported fields: project_id (16.8453ms)
✔ collector profile rejects changed scope or unsupported fields: project_number (16.2733ms)
✔ collector profile rejects changed scope or unsupported fields: token (17.156ms)
✔ collector profile rejects changed scope or unsupported fields: url (16.07ms)
✔ collector profile rejects changed scope or unsupported fields: collector_login (16.5129ms)
✔ collector profile rejects wrong hashes, changed bytes and duplicate keys (43.4658ms)
✔ profiled collection records the actual principal and rejects identity or profile drift (31.9419ms)
✔ read client exposes no arbitrary query or write operation (1.2684ms)
✔ GraphQL cursor remains data, not executable query text (1.303ms)
✔ GraphQL errors do not become accepted partial data (1.155ms)
✔ GraphQL reserve prevents further reads (1.2777ms)
✔ collection has an elapsed-time bound (1.0611ms)
✔ dry run uses neither network nor output files (1.4872ms)
✔ CLI rejects apply (0.1995ms)
✔ CLI rejects audit --fixture --live (0.1067ms)
✔ CLI rejects audit --fixture --out ../escape.json (0.1498ms)
✔ CLI rejects audit --dry-run --out file.json (0.0903ms)
✔ CLI rejects audit --fixture --assign example-user (0.0765ms)
✔ CLI rejects ask --fixture (0.0764ms)
✔ actual CLI dry run works from another directory and has no network intent (154.5941ms)
✔ test chat prepares an evidence-based reply without sending it (5.4408ms)
✔ test chat rejects wrong tenant (0.3326ms)
✔ test chat rejects wrong group (0.1456ms)
✔ test chat rejects personal chat (0.1326ms)
✔ test chat rejects other channel (0.1315ms)
✔ test chat ignores messages without a mention (0.1412ms)
✔ test chat ignores its own messages (0.1265ms)
✔ test chat refuses mutation requests (4.1278ms)
✔ no production mode or implicit binding (0.3264ms)
ℹ tests 227
ℹ suites 0
ℹ pass 227
ℹ fail 0
ℹ cancelled 0
ℹ skipped 0
ℹ todo 0
ℹ duration_ms 85139.6362
