$ node --test --test-concurrency=2 --test-timeout=180000 scenarios/repo-steward/steward.test.mjs scenarios/repo-steward/actions.test.mjs scenarios/repo-steward/recurring-audit.test.mjs scenarios/repo-steward/feedback.test.mjs scenarios/repo-steward/maintenance.test.mjs scenarios/repo-steward/feedback-cli.test.mjs
✔ Actions preview performs no live reads or summary publication (2.2033ms)
✔ Actions fixture uses the real auditor without GitHub access (42.5719ms)
✔ invalid workflow input is rejected during preview without data access (1.3886ms)
✔ hosted live mode rejects non-Actions host before reading data (0.552ms)
✔ hosted live mode rejects PR event before reading data (1.1813ms)
✔ hosted live mode rejects another repository before reading data (0.2958ms)
✔ hosted live mode rejects feature branch before reading data (0.4685ms)
✔ hosted live mode rejects another actor before reading data (0.3126ms)
✔ hosted live mode rejects another rerun operator before reading data (0.3774ms)
✔ hosted live mode rejects missing triggering actor before reading data (0.6534ms)
✔ hosted live mode rejects missing source commit before reading data (0.625ms)
✔ hosted live mode rejects disabled pilot before reading data (0.2926ms)
✔ hosted live mode rejects unapproved public summary before reading data (0.2265ms)
✔ hosted live mode rejects missing credential before reading data (0.1712ms)
✔ hosted live mode rejects blank credential before reading data (0.1918ms)
✔ hosted live mode rejects write-enabled configuration before reading data (0.1869ms)
✔ GITHUB_TOKEN does not substitute for Project-readable credentials (0.3845ms)
✔ an admitted live path collects once and retains zero mutations (8.3392ms)
✔ collector failure does not produce a successful report (0.4747ms)
✔ stale hosted snapshots fail instead of publishing old findings (10.8228ms)
✔ public summaries never include free-form source or evidence text (9.6951ms)
✔ summary rejects unknown rule (7.1656ms)
✔ summary rejects bad finding id (7.475ms)
✔ summary rejects foreign reference (6.1893ms)
✔ summary rejects mutation claim (6.5875ms)
✔ summary rejects wrong scope (6.8296ms)
✔ summary rejects invalid timestamp (7.2219ms)
✔ summary rejects bad totals (7.5004ms)
✔ public finding index is bounded without copying omitted details (7.0976ms)
✔ every configured fixture rule has an explicit publication review (9.2297ms)
✔ summary file writes remain inside a supplied native temporary directory (23.5695ms)
✔ Actions CLI rejects unsupported arguments --apply (0.2989ms)
✔ Actions CLI rejects unsupported arguments --live (0.15ms)
✔ Actions CLI rejects unsupported arguments --live (0.1206ms)
✔ actual fixture CLI needs no hosted secrets or Teams SDK (242.2887ms)
✔ manual workflow keeps first-party actions pinned and live credentials isolated (2.8312ms)
✔ feedback CLI rejects unsupported, missing and duplicate transition arguments (2.8176ms)
✔ new-file corpus output preserves the previous version and refuses overwrite (41.6691ms)
✔ initializing a corpus binds the validated input scope without changing its snapshot (60.8313ms)
✔ partial snapshot cannot create a corpus file (31.3465ms)
✔ redirected output parent is refused without writing through it (8.0127ms)
✔ review evidence must be a file and cannot use a directory as a digest source (58.1865ms)
✔ review CLI records the exact binary digest and closes its descriptor (98.6715ms)
✔ same-size review replacement between metadata check and open cannot update a corpus (35.9494ms)
✔ review parent swapped for a symlink or junction before open is rejected (40.6412ms)
✔ same-size pathname replacement after descriptor read is rejected (36.2935ms)
✔ same-size in-place review rewrite cannot hide behind a restored modification time (46.5541ms)
✔ review growth after open stays within its original byte bound and is rejected (36.8834ms)
✔ bounded review reads handle partial reads and reject empty or oversized files (26.201ms)
✔ native behavioral evidence remains candidate with original local source and no finding impersonation (103.4451ms)
✔ native behavioral activation is denied for mixed support and forged active or retired history (54.9129ms)
✔ native behavioral candidates can be rejected without widening legacy review authority (52.5097ms)
✔ native behavioral bytes, identity claims, source and repeated runs remain validated (141.0901ms)
✔ evidence binds actual audit finding and supplied snapshot without certifying collection or identity (15.5ms)
✔ accepted missing Project status binds the native serialized report and finding in evidence and observations (42.809ms)
✔ auditor optional-field normalization retains strict data-only feedback and report validation (78.2347ms)
✔ timestamp-only or unrelated snapshot changes do not manufacture repeated supporting evidence (39.4577ms)
✔ partial, cross-scope, stale or missing findings cannot become feedback evidence (21.7999ms)
✔ feedback source pins accept exactly 40 or 64 hexadecimal characters, including supplied evidence (102.8642ms)
✔ candidate, active and retired versions preserve their inputs and have exact transition digests (28.7411ms)
✔ one observation, fabricated evidence bytes and replayed reviews cannot activate a rule (106.6574ms)
✔ reviewer labels and claimed approval booleans do not supply verified review authority (49.0983ms)
✔ explicit rejection remains terminal and contributes no advice (58.7025ms)
✔ prospective expiry is mandatory, bounded, and effective at the exact boundary (113.2309ms)
✔ active capacity cannot expand and supersession retires only the exact predecessor (86.3233ms)
✔ supersession rejects stale targets and cannot cross finding rules (55.957ms)
✔ active guidance annotates only matching findings without hiding or changing original conclusions (31.788ms)
✔ broad matching admits at most the finite annotation limit and never truncates an excessive report (425.1705ms)
✔ serialized output bytes are admitted before escaped guidance and evidence references fan out (77.0993ms)
✔ later audits honor activation and retirement while the original report stays identical (54.4013ms)
✔ unknown executable, suppression, assignment and permission options are rejected (181.1057ms)
✔ stale reports, foreign scope and altered evidence fail closed (43.9246ms)
✔ canonical digests ignore property insertion order but reject executable and non-finite data (0.409ms)
✔ reusable corpus validation preserves input and rejects authority claims or altered guidance (17.1175ms)
✔ explicit collector profile requires a hash and cannot relabel a supplied snapshot (4.5921ms)
✔ recurrence requires finite explicit bounds before reading any input (0.9713ms)
✔ finite recurrence reloads snapshot and feedback on every cycle (3.2514ms)
✔ paused and stopped records prevent collection and input reads (2.7808ms)
✔ exhausted persisted attempts reject before snapshot, feedback or live collection (2.7422ms)
✔ watch admits the final allowed attempt and then stops before collecting another snapshot (1.5454ms)
✔ source mismatch refuses before reading snapshot or feedback (1.5391ms)
✔ a failed cycle stops recurrence without retrying or losing the failure (1.7053ms)
✔ first snapshot acquisition failure retains one sanitized failed attempt (417.973ms)
✔ later corpus acquisition failure preserves earlier accepted evidence and consumes one attempt (1034.8714ms)
✔ live acquisition failure is retained once without raw error text or a retry (379.7606ms)
✔ pause and stop during failed acquisition remain effective without a new admitted attempt (2406.1385ms)
✔ deadline crossing during failed acquisition prevents late attempt admission (1.7412ms)
✔ interruption during failed acquisition prevents a new admitted attempt (1.9788ms)
✔ duration bounds stop admission after collection without writing a late result (1.9049ms)
✔ interruption during an interval exits without another audit (2.0139ms)
✔ control commands delegate exact action, source and reason without collecting (3.6108ms)
✔ status exposes bounded metadata and no retained finding text (1.4826ms)
✔ one audit writes source-bound immutable private reports and an advisory handoff (539.4549ms)
✔ fresh capture timestamps and transport metrics alone produce no new report or proposal across restart (869.2545ms)
✔ live state binds the exact selected principal and profile through restart and controls (2992.3193ms)
✔ profile metadata cannot convert supplied evidence or a different live principal into accepted observations (301.8783ms)
✔ changed scoped content produces a new receipt while retaining stable finding dedupe (651.2377ms)
✔ resolved findings are recorded without claiming a remote correction (597.4201ms)
✔ stale input fails and preserves a failed attempt, never reusing previous success (843.1395ms)
✔ future input fails and preserves a failed attempt, never reusing previous success (825.8219ms)
✔ incomplete input fails and preserves a failed attempt, never reusing previous success (775.9038ms)
✔ source drift fails and preserves a failed attempt, never reusing previous success (746.5761ms)
✔ changing the caller source pin cannot migrate an existing directory (546.0385ms)
✔ pause prevents input use, resume retains dedupe, and stop cannot resume (2980.6995ms)
✔ concurrent cycles have one winner and never create duplicate accepted receipts (440.035ms)
✔ retained locks fail closed without PID reuse or timeout-based recovery (23.3604ms)
✔ incomplete intent and rollback to an older checkpoint refuse replay (735.2309ms)
✔ tampered referenced artifacts are rejected and preserved (414.913ms)
✔ output-directory redirection refuses writes through a symlink or junction (15.463ms)
✔ an unexpected output file is retained, not overwritten or removed (26.105ms)
✔ status rejects unexpected files in initialized state before accepting its control projection (347.8973ms)
✔ missing, traversal-style and incomplete control requests do not create authority (5.2816ms)
✔ live source claims retain the existing collector identity and zero-write metadata (324.5339ms)
✔ finite convenience API has explicit bounds and performs no scheduling (1119.5297ms)
✔ state and artifact redirection are not followed on read (294.7104ms)
✔ alter of earlier history is detected after a newer successful cycle (864.7415ms)
✔ delete of earlier history is detected after a newer successful cycle (780.7021ms)
✔ changed implementation pins fail before a new intent is written (500.5537ms)
✔ a directory replaced while a caller holds its lock cannot redirect any artifact write (485.1948ms)
✔ actual corpus activation and retirement change only separately bound advisory output (1848.1139ms)
✔ expiry invalidates cached advisory annotations even without corpus byte changes (785.4279ms)
✔ mixed retained controls and new cycles enforce one transition bound with a reserved terminal stop (87674.9222ms)
✔ accepted snapshots with omitted optional metadata produce parseable JSON artifacts and replay (699.7795ms)
✔ optional auditor metadata works through the real feedback evidence and recurring consumer bridge (759.4327ms)
✔ policy has the ten requested workstreams and never assigns people (4.4046ms)
✔ classification supports Multiplayer (7.281ms)
✔ classification supports UX/UI (2.1369ms)
✔ classification supports Multi-system execution (1.4623ms)
✔ classification supports Janitor (1.8829ms)
✔ classification supports Dynamic agent teams (1.3408ms)
✔ classification supports DevOps/PR review/branch protection (2.9903ms)
✔ classification supports Security (1.586ms)
✔ classification supports Agent communication layer (2.0422ms)
✔ classification supports Dark factory automation (2.0736ms)
✔ classification supports Backend scalability / pub-sub (1.4524ms)
✔ classification preserves labels and assignees (13.8076ms)
✔ UX alias means UX/UI (21.0001ms)
✔ an unassigned issue is not a violation (8.4273ms)
✔ full fixture audit has zero mutations and catches closing-link conflict (8.2653ms)
✔ non-closing prose overrides no native link, not unrelated partial references (7.2564ms)
✔ explicit do-not-close linked issue is flagged (7.1931ms)
✔ closed unmerged PR does not close an open issue (6.6466ms)
✔ reopened issue remains open after a historical merged PR (5.8508ms)
✔ no automatic close for several partial PRs (8.0344ms)
✔ only explicit dependency section is interpreted (0.3231ms)
✔ code fences and quoted references are not dependency authority (0.3265ms)
✔ native/text dependency disagreement is flagged (8.1013ms)
✔ matching dependencies do not produce a mismatch (6.5344ms)
✔ dependency cycles are bounded and reported once (8.26ms)
✔ parent hierarchy mismatch and cycle are detected (6.3212ms)
✔ outside-scope dependency is not fetched or treated as complete (5.2586ms)
✔ missing local dependency is unverified, not closed (4.2949ms)
✔ open issue marked Done is flagged without changing the board (6.6098ms)
✔ unknown workstream is a review hint, not a rename (7.4799ms)
✔ locked default branch is flagged, without bypass (8.8458ms)
✔ stale PR source head is reported (6.2618ms)
✔ current independent review is accepted as evidence (5.9864ms)
✔ author approval is not current independent human approval (5.6132ms)
✔ bot approval is not current independent human approval (5.9399ms)
✔ old-head approval is not current independent human approval (6.3708ms)
✔ later comment does not erase a valid prior approval (7.3547ms)
✔ failed checks and requested changes are surfaced (5.1505ms)
✔ missing checks are not a success (3.7135ms)
✔ stale snapshots are labeled (3.6944ms)
✔ future snapshots fail closed (2.0079ms)
✔ finding IDs are stable across repeated reads (8.1741ms)
✔ reported secrets are redacted and Markdown is escaped (13.0287ms)
✔ refuses: assign #50 to example-user (5.0654ms)
✔ refuses: label #50 multiplayer (4.9847ms)
✔ refuses: close #50 (4.5574ms)
✔ refuses: merge PR #237 (5.4953ms)
✔ refuses: enable auto-merge (4.9081ms)
✔ refuses: delete a branch (4.9473ms)
✔ refuses: approve PR #237 (4.5215ms)
✔ refuses: can you change the rules (4.8667ms)
✔ question answers use recorded evidence and canonical references (6.3291ms)
✔ reverse dependency questions list dependents (6.0485ms)
✔ unknown questions ask for clarification (8.4641ms)
✔ untrusted instruction text grants no tools (5.5868ms)
✔ snapshot rejects wrong repo (1.2327ms)
✔ snapshot rejects wrong project (1.0357ms)
✔ snapshot rejects partial coverage (1.0402ms)
✔ snapshot rejects wrong count (0.9628ms)
✔ snapshot rejects duplicate issue (1.1887ms)
✔ snapshot rejects hostile URL (1.3686ms)
✔ snapshot rejects hidden project item (1.4097ms)
✔ snapshot rejects cross-repo item (1.5132ms)
✔ snapshot rejects duplicate project item (1.925ms)
✔ snapshot rejects oversized body (1.6971ms)
✔ collector completes two matching passes with no writes (6.0551ms)
✔ collector rejects issue drift between passes (3.4411ms)
✔ collector rejects incomplete nested dependencies (1.593ms)
✔ collector rejects a changed PR head/check binding (1.6573ms)
✔ collector rejects repeated pagination cursors (1.6909ms)
✔ collector rejects inaccessible connection entries (0.1797ms)
✔ read client verifies Bakar404 and never switches accounts (1.6625ms)
✔ explicit hash-pinned read principal does not change the pilot or read allowlist (32.8715ms)
✔ collector profile rejects changed scope or unsupported fields: repository (12.9845ms)
✔ collector profile rejects changed scope or unsupported fields: project_id (24.3837ms)
✔ collector profile rejects changed scope or unsupported fields: project_number (20.3633ms)
✔ collector profile rejects changed scope or unsupported fields: token (14.6259ms)
✔ collector profile rejects changed scope or unsupported fields: url (21.184ms)
✔ collector profile rejects changed scope or unsupported fields: collector_login (20.1394ms)
✔ collector profile rejects wrong hashes, changed bytes and duplicate keys (36.9178ms)
✔ profiled collection records the actual principal and rejects identity or profile drift (39.2537ms)
✔ read client exposes no arbitrary query or write operation (1.4298ms)
✔ GraphQL cursor remains data, not executable query text (1.366ms)
✔ GraphQL errors do not become accepted partial data (1.2986ms)
✔ GraphQL reserve prevents further reads (2.0522ms)
✔ collection has an elapsed-time bound (1.3692ms)
✔ dry run uses neither network nor output files (1.4352ms)
✔ CLI rejects apply (0.1401ms)
✔ CLI rejects audit --fixture --live (0.0968ms)
✔ CLI rejects audit --fixture --out ../escape.json (0.1441ms)
✔ CLI rejects audit --dry-run --out file.json (0.0905ms)
✔ CLI rejects audit --fixture --assign example-user (0.0766ms)
✔ CLI rejects ask --fixture (0.1025ms)
✔ actual CLI dry run works from another directory and has no network intent (199.1076ms)
✔ test chat prepares an evidence-based reply without sending it (7.6248ms)
✔ test chat rejects wrong tenant (0.5212ms)
✔ test chat rejects wrong group (0.1932ms)
✔ test chat rejects personal chat (0.158ms)
✔ test chat rejects other channel (0.1331ms)
✔ test chat ignores messages without a mention (0.14ms)
✔ test chat ignores its own messages (0.1266ms)
✔ test chat refuses mutation requests (4.4365ms)
✔ no production mode or implicit binding (0.3743ms)
ℹ tests 227
ℹ suites 0
ℹ pass 227
ℹ fail 0
ℹ cancelled 0
ℹ skipped 0
ℹ todo 0
ℹ duration_ms 113985.7214
