FFFF..
======================================================================
FAIL: test_dash_o_is_refused (test_public_evidence_verifier.PublicEvidenceVerifierTests.test_dash_o_is_refused)
----------------------------------------------------------------------
Traceback (most recent call last):
  File "<private-evidence>\pr362-controlled-verifier-fixture-r4\tools\test_public_evidence_verifier.py", line 60, in test_dash_o_is_refused
    self.assert_optimization_refused(options=("-O",))
  File "<private-evidence>\pr362-controlled-verifier-fixture-r4\tools\test_public_evidence_verifier.py", line 55, in assert_optimization_refused
    self.assertNotEqual(result.returncode, 0, result.stdout)
AssertionError: 0 == 0 : {
  "result": "PASS",
  "checks": [
    {
      "package": "pr362-startup-20260921",
      "archive_members": 38,
      "images": 3
    },
    {
      "package": "pr362-regressions-20260921",
      "archive_members": 88,
      "images": 8
    },
    {
      "package": "pr362-combined-20260921",
      "archive_members": 107,
      "images": 14
    }
  ],
  "limit": "Public integrity, not independent raw/capture/acceptance proof"
}


======================================================================
FAIL: test_dash_oo_is_refused (test_public_evidence_verifier.PublicEvidenceVerifierTests.test_dash_oo_is_refused)
----------------------------------------------------------------------
Traceback (most recent call last):
  File "<private-evidence>\pr362-controlled-verifier-fixture-r4\tools\test_public_evidence_verifier.py", line 63, in test_dash_oo_is_refused
    self.assert_optimization_refused(options=("-OO",))
  File "<private-evidence>\pr362-controlled-verifier-fixture-r4\tools\test_public_evidence_verifier.py", line 55, in assert_optimization_refused
    self.assertNotEqual(result.returncode, 0, result.stdout)
AssertionError: 0 == 0 : {
  "result": "PASS",
  "checks": [
    {
      "package": "pr362-startup-20260921",
      "archive_members": 38,
      "images": 3
    },
    {
      "package": "pr362-regressions-20260921",
      "archive_members": 88,
      "images": 8
    },
    {
      "package": "pr362-combined-20260921",
      "archive_members": 107,
      "images": 14
    }
  ],
  "limit": "Public integrity, not independent raw/capture/acceptance proof"
}


======================================================================
FAIL: test_environment_level_one_is_refused (test_public_evidence_verifier.PublicEvidenceVerifierTests.test_environment_level_one_is_refused)
----------------------------------------------------------------------
Traceback (most recent call last):
  File "<private-evidence>\pr362-controlled-verifier-fixture-r4\tools\test_public_evidence_verifier.py", line 66, in test_environment_level_one_is_refused
    self.assert_optimization_refused(optimize="1")
  File "<private-evidence>\pr362-controlled-verifier-fixture-r4\tools\test_public_evidence_verifier.py", line 55, in assert_optimization_refused
    self.assertNotEqual(result.returncode, 0, result.stdout)
AssertionError: 0 == 0 : {
  "result": "PASS",
  "checks": [
    {
      "package": "pr362-startup-20260921",
      "archive_members": 38,
      "images": 3
    },
    {
      "package": "pr362-regressions-20260921",
      "archive_members": 88,
      "images": 8
    },
    {
      "package": "pr362-combined-20260921",
      "archive_members": 107,
      "images": 14
    }
  ],
  "limit": "Public integrity, not independent raw/capture/acceptance proof"
}


======================================================================
FAIL: test_environment_level_two_is_refused (test_public_evidence_verifier.PublicEvidenceVerifierTests.test_environment_level_two_is_refused)
----------------------------------------------------------------------
Traceback (most recent call last):
  File "<private-evidence>\pr362-controlled-verifier-fixture-r4\tools\test_public_evidence_verifier.py", line 69, in test_environment_level_two_is_refused
    self.assert_optimization_refused(optimize="2")
  File "<private-evidence>\pr362-controlled-verifier-fixture-r4\tools\test_public_evidence_verifier.py", line 55, in assert_optimization_refused
    self.assertNotEqual(result.returncode, 0, result.stdout)
AssertionError: 0 == 0 : {
  "result": "PASS",
  "checks": [
    {
      "package": "pr362-startup-20260921",
      "archive_members": 38,
      "images": 3
    },
    {
      "package": "pr362-regressions-20260921",
      "archive_members": 88,
      "images": 8
    },
    {
      "package": "pr362-combined-20260921",
      "archive_members": 107,
      "images": 14
    }
  ],
  "limit": "Public integrity, not independent raw/capture/acceptance proof"
}


----------------------------------------------------------------------
Ran 6 tests in 5.866s

FAILED (failures=4)
