
running 6 tests
test workspace_connections_tests::factory_connections::claim_authority::issue161_authority_inspection_is_scoped_stable_and_read_only ... ok
test workspace_connections_tests::factory_connections::claim_authority::issue161_legacy_claim_replay_and_reclaim_keep_unbound_policy_bytes ... ok
test workspace_connections_tests::factory_connections::claim_authority::issue161_migration_identity_is_unique_non_nil_and_immutable ... ok
test workspace_connections_tests::factory_connections::claim_authority::issue161_new_production_claim_requires_valid_matching_pin_without_side_effects ... ok
test workspace_connections_tests::factory_connections::claim_authority::issue161_pin_does_not_bypass_source_scope_or_actor_authority ... ok
test workspace_connections_tests::factory_connections::claim_authority::issue161_preflight_pin_mismatch_is_mutation_free_and_valid_pin_materializes_once ... ok

test result: ok. 6 passed; 0 failed; 0 ignored; 0 measured; 399 filtered out; finished in 13.34s

   Compiling syn v3.0.4
   Compiling serde_core v1.0.229
   Compiling crypto-common v0.1.7
   Compiling digest v0.10.7
   Compiling ring v0.17.14
   Compiling crossbeam-utils v0.8.22
   Compiling serde_derive v1.0.229
   Compiling zerovec-derive v0.11.6
   Compiling serde v1.0.229
   Compiling zerovec v0.11.8
   Compiling displaydoc v0.2.7
   Compiling smallvec v1.15.2
   Compiling tinystr v0.8.4
   Compiling zerotrie v0.2.5
   Compiling icu_locale_core v2.3.0
   Compiling potential_utf v0.1.6
   Compiling icu_collections v2.3.0
   Compiling parking_lot_core v0.9.12
   Compiling icu_provider v2.3.1
   Compiling parking_lot v0.12.5
   Compiling icu_normalizer v2.3.0
   Compiling icu_properties v2.3.0
   Compiling windows-sys v0.61.2
   Compiling idna_adapter v1.2.2
   Compiling futures-sink v0.3.34
   Compiling serde_json v1.0.151
   Compiling form_urlencoded v1.2.2
   Compiling rustls v0.23.43
   Compiling idna v1.1.0
   Compiling rustls-webpki v0.103.15
   Compiling thiserror-impl v2.0.20
   Compiling tracing-core v0.1.36
   Compiling slab v0.4.12
   Compiling log v0.4.34
   Compiling tracing v0.1.44
   Compiling futures-util v0.3.34
   Compiling sha2 v0.10.9
   Compiling crossbeam-queue v0.3.13
   Compiling thiserror v2.0.20
   Compiling url v2.5.8
   Compiling futures-intrusive v0.5.0
   Compiling either v1.18.0
   Compiling base64 v0.22.1
   Compiling hmac v0.12.1
   Compiling hkdf v0.12.4
   Compiling futures-channel v0.3.34
   Compiling socket2 v0.6.5
   Compiling mio v1.2.2
   Compiling tokio-macros v2.7.2
   Compiling md-5 v0.10.6
   Compiling sqlx-core v0.8.6
   Compiling tokio v1.53.1
   Compiling uuid v1.26.0
   Compiling chrono v0.4.45
   Compiling sqlx-postgres v0.8.6
   Compiling tokio-stream v0.1.19
   Compiling home v0.5.12
   Compiling etcetera v0.8.0
   Compiling sqlx-macros-core v0.8.6
   Compiling sqlx-macros v0.8.6
   Compiling crony-domain v0.1.0 (C:\Users\sschofield\repos\ecorp-pr255-review-fixes\crates\crony-domain)
   Compiling sqlx v0.8.6
   Compiling crony-store v0.1.0 (C:\Users\sschofield\repos\ecorp-pr255-review-fixes\crates\crony-store)
    Finished `test` profile [unoptimized + debuginfo] target(s) in 3m 19s
     Running unittests src\lib.rs (target\debug\deps\crony_store-b819b93937cf6732.exe)
