$ node --test --test-concurrency=2 --test-timeout=180000 scenarios/repo-steward/steward.test.mjs scenarios/repo-steward/actions.test.mjs scenarios/repo-steward/recurring-audit.test.mjs scenarios/repo-steward/feedback.test.mjs scenarios/repo-steward/maintenance.test.mjs scenarios/repo-steward/feedback-cli.test.mjs
✔ Actions preview performs no live reads or summary publication (1.7438ms)
✔ Actions fixture uses the real auditor without GitHub access (26.2791ms)
✔ invalid workflow input is rejected during preview without data access (0.9303ms)
✔ hosted live mode rejects non-Actions host before reading data (0.357ms)
✔ hosted live mode rejects PR event before reading data (0.2742ms)
✔ hosted live mode rejects another repository before reading data (0.1713ms)
✔ hosted live mode rejects feature branch before reading data (0.238ms)
✔ hosted live mode rejects another actor before reading data (0.2502ms)
✔ hosted live mode rejects another rerun operator before reading data (0.2489ms)
✔ hosted live mode rejects missing triggering actor before reading data (0.2926ms)
✔ hosted live mode rejects missing source commit before reading data (0.2716ms)
✔ hosted live mode rejects disabled pilot before reading data (0.1602ms)
✔ hosted live mode rejects unapproved public summary before reading data (0.1272ms)
✔ hosted live mode rejects missing credential before reading data (0.1699ms)
✔ hosted live mode rejects blank credential before reading data (0.141ms)
✔ hosted live mode rejects write-enabled configuration before reading data (0.1843ms)
✔ GITHUB_TOKEN does not substitute for Project-readable credentials (0.2006ms)
✔ an admitted live path collects once and retains zero mutations (5.5426ms)
✔ collector failure does not produce a successful report (0.4039ms)
✔ stale hosted snapshots fail instead of publishing old findings (5.5386ms)
✔ public summaries never include free-form source or evidence text (4.9069ms)
✔ summary rejects unknown rule (3.929ms)
✔ summary rejects bad finding id (4.4134ms)
✔ summary rejects foreign reference (4.0578ms)
✔ summary rejects mutation claim (4.4653ms)
✔ summary rejects wrong scope (4.0625ms)
✔ summary rejects invalid timestamp (4.8613ms)
✔ summary rejects bad totals (4.9737ms)
✔ public finding index is bounded without copying omitted details (4.799ms)
✔ every configured fixture rule has an explicit publication review (4.4761ms)
✔ summary file writes remain inside a supplied native temporary directory (18.6471ms)
✔ Actions CLI rejects unsupported arguments --apply (0.2608ms)
✔ Actions CLI rejects unsupported arguments --live (0.106ms)
✔ Actions CLI rejects unsupported arguments --live (0.0906ms)
✔ actual fixture CLI needs no hosted secrets or Teams SDK (179.1439ms)
✔ manual workflow keeps first-party actions pinned and live credentials isolated (2.6725ms)
✔ feedback CLI rejects unsupported, missing and duplicate transition arguments (2.0047ms)
✔ new-file corpus output preserves the previous version and refuses overwrite (22.1482ms)
✔ initializing a corpus binds the validated input scope without changing its snapshot (39.1071ms)
✔ partial snapshot cannot create a corpus file (22.319ms)
✔ redirected output parent is refused without writing through it (5.7152ms)
✔ review evidence must be a file and cannot use a directory as a digest source (46.9311ms)
✔ review CLI records the exact binary digest and closes its descriptor (70.6109ms)
✔ same-size review replacement between metadata check and open cannot update a corpus (27.9154ms)
✔ review parent swapped for a symlink or junction before open is rejected (29.655ms)
✔ same-size pathname replacement after descriptor read is rejected (30.7694ms)
✔ same-size in-place review rewrite cannot hide behind a restored modification time (30.6015ms)
✔ review growth after open stays within its original byte bound and is rejected (26.7071ms)
✔ bounded review reads handle partial reads and reject empty or oversized files (18.3441ms)
✔ native behavioral evidence remains candidate with original local source and no finding impersonation (64.4023ms)
✔ native behavioral activation is denied for mixed support and forged active or retired history (41.3773ms)
✔ native behavioral candidates can be rejected without widening legacy review authority (44.8023ms)
✔ native behavioral bytes, identity claims, source and repeated runs remain validated (114.8392ms)
✔ evidence binds actual audit finding and supplied snapshot without certifying collection or identity (10.3799ms)
✔ accepted missing Project status binds the native serialized report and finding in evidence and observations (37.8154ms)
✔ auditor optional-field normalization retains strict data-only feedback and report validation (54.8885ms)
✔ timestamp-only or unrelated snapshot changes do not manufacture repeated supporting evidence (27.7056ms)
✔ partial, cross-scope, stale or missing findings cannot become feedback evidence (12.982ms)
✔ feedback source pins accept exactly 40 or 64 hexadecimal characters, including supplied evidence (65.2529ms)
✔ candidate, active and retired versions preserve their inputs and have exact transition digests (17.2203ms)
✔ one observation, fabricated evidence bytes and replayed reviews cannot activate a rule (80.2951ms)
✔ reviewer labels and claimed approval booleans do not supply verified review authority (22.4258ms)
✔ explicit rejection remains terminal and contributes no advice (37.6879ms)
✔ prospective expiry is mandatory, bounded, and effective at the exact boundary (102.0235ms)
✔ active capacity cannot expand and supersession retires only the exact predecessor (56.583ms)
✔ supersession rejects stale targets and cannot cross finding rules (40.5547ms)
✔ active guidance annotates only matching findings without hiding or changing original conclusions (21.4464ms)
✔ broad matching admits at most the finite annotation limit and never truncates an excessive report (312.7945ms)
✔ serialized output bytes are admitted before escaped guidance and evidence references fan out (58.9395ms)
✔ later audits honor activation and retirement while the original report stays identical (38.0103ms)
✔ unknown executable, suppression, assignment and permission options are rejected (130.3237ms)
✔ stale reports, foreign scope and altered evidence fail closed (23.2085ms)
✔ canonical digests ignore property insertion order but reject executable and non-finite data (0.3667ms)
✔ reusable corpus validation preserves input and rejects authority claims or altered guidance (15.0685ms)
✔ explicit collector profile requires a hash and cannot relabel a supplied snapshot (2.9968ms)
✔ recurrence requires finite explicit bounds before reading any input (0.8601ms)
✔ finite recurrence reloads snapshot and feedback on every cycle (3.1156ms)
✔ paused and stopped records prevent collection and input reads (2.5814ms)
✔ exhausted persisted attempts reject before snapshot, feedback or live collection (2.5363ms)
✔ watch admits the final allowed attempt and then stops before collecting another snapshot (1.2844ms)
✔ source mismatch refuses before reading snapshot or feedback (1.3169ms)
✔ a failed cycle stops recurrence without retrying or losing the failure (1.3579ms)
✔ first snapshot acquisition failure retains one sanitized failed attempt (299.096ms)
✔ later corpus acquisition failure preserves earlier accepted evidence and consumes one attempt (766.4335ms)
✔ live acquisition failure is retained once without raw error text or a retry (270.6061ms)
✔ pause and stop during failed acquisition remain effective without a new admitted attempt (1873.3128ms)
✔ deadline crossing during failed acquisition prevents late attempt admission (1.6753ms)
✔ interruption during failed acquisition prevents a new admitted attempt (1.5194ms)
✔ duration bounds stop admission after collection without writing a late result (1.6449ms)
✔ interruption during an interval exits without another audit (1.3324ms)
✔ control commands delegate exact action, source and reason without collecting (3.3302ms)
✔ status exposes bounded metadata and no retained finding text (1.5504ms)
✔ one audit writes source-bound immutable private reports and an advisory handoff (435.8981ms)
✔ fresh capture timestamps and transport metrics alone produce no new report or proposal across restart (660.5659ms)
✔ live state binds the exact selected principal and profile through restart and controls (2445.5211ms)
✔ profile metadata cannot convert supplied evidence or a different live principal into accepted observations (278.5307ms)
✔ changed scoped content produces a new receipt while retaining stable finding dedupe (535.901ms)
✔ resolved findings are recorded without claiming a remote correction (555.0552ms)
✔ stale input fails and preserves a failed attempt, never reusing previous success (795.088ms)
✔ future input fails and preserves a failed attempt, never reusing previous success (636.0251ms)
✔ incomplete input fails and preserves a failed attempt, never reusing previous success (625.2856ms)
✔ source drift fails and preserves a failed attempt, never reusing previous success (611.8649ms)
✔ changing the caller source pin cannot migrate an existing directory (484.5275ms)
✔ pause prevents input use, resume retains dedupe, and stop cannot resume (2376.8371ms)
✔ concurrent cycles have one winner and never create duplicate accepted receipts (350.2952ms)
✔ retained locks fail closed without PID reuse or timeout-based recovery (17.8338ms)
✔ incomplete intent and rollback to an older checkpoint refuse replay (583.955ms)
✔ tampered referenced artifacts are rejected and preserved (335.1922ms)
✔ output-directory redirection refuses writes through a symlink or junction (10.9636ms)
✔ an unexpected output file is retained, not overwritten or removed (24.3535ms)
✔ status rejects unexpected files in initialized state before accepting its control projection (282.4573ms)
✔ missing, traversal-style and incomplete control requests do not create authority (5.089ms)
✔ live source claims retain the existing collector identity and zero-write metadata (283.1102ms)
✔ finite convenience API has explicit bounds and performs no scheduling (927.2636ms)
✔ state and artifact redirection are not followed on read (252.788ms)
✔ alter of earlier history is detected after a newer successful cycle (693.9692ms)
✔ delete of earlier history is detected after a newer successful cycle (670.263ms)
✔ changed implementation pins fail before a new intent is written (422.9737ms)
✔ a directory replaced while a caller holds its lock cannot redirect any artifact write (349.7091ms)
✔ actual corpus activation and retirement change only separately bound advisory output (1353.4999ms)
✔ expiry invalidates cached advisory annotations even without corpus byte changes (613.0232ms)
✔ mixed retained controls and new cycles enforce one transition bound with a reserved terminal stop (60269.7399ms)
✔ accepted snapshots with omitted optional metadata produce parseable JSON artifacts and replay (460.1674ms)
✔ optional auditor metadata works through the real feedback evidence and recurring consumer bridge (529.0368ms)
✔ policy has the ten requested workstreams and never assigns people (3.6632ms)
✔ classification supports Multiplayer (8.9666ms)
✔ classification supports UX/UI (1.853ms)
✔ classification supports Multi-system execution (1.2281ms)
✔ classification supports Janitor (1.3362ms)
✔ classification supports Dynamic agent teams (1.2882ms)
✔ classification supports DevOps/PR review/branch protection (2.0529ms)
✔ classification supports Security (1.3012ms)
✔ classification supports Agent communication layer (1.3093ms)
✔ classification supports Dark factory automation (1.416ms)
✔ classification supports Backend scalability / pub-sub (1.1647ms)
✔ classification preserves labels and assignees (12.801ms)
✔ UX alias means UX/UI (15.478ms)
✔ an unassigned issue is not a violation (5.9114ms)
✔ full fixture audit has zero mutations and catches closing-link conflict (5.2468ms)
✔ non-closing prose overrides no native link, not unrelated partial references (4.2478ms)
✔ explicit do-not-close linked issue is flagged (3.9399ms)
✔ closed unmerged PR does not close an open issue (4.7066ms)
✔ reopened issue remains open after a historical merged PR (3.764ms)
✔ no automatic close for several partial PRs (4.6354ms)
✔ only explicit dependency section is interpreted (0.2444ms)
✔ code fences and quoted references are not dependency authority (0.2379ms)
✔ native/text dependency disagreement is flagged (4.5369ms)
✔ matching dependencies do not produce a mismatch (4.5198ms)
✔ dependency cycles are bounded and reported once (4.7737ms)
✔ parent hierarchy mismatch and cycle are detected (4.6117ms)
✔ outside-scope dependency is not fetched or treated as complete (4.3453ms)
✔ missing local dependency is unverified, not closed (3.9505ms)
✔ open issue marked Done is flagged without changing the board (5.6681ms)
✔ unknown workstream is a review hint, not a rename (3.7039ms)
✔ locked default branch is flagged, without bypass (5.2453ms)
✔ stale PR source head is reported (7.0773ms)
✔ current independent review is accepted as evidence (4.1484ms)
✔ author approval is not current independent human approval (5.8762ms)
✔ bot approval is not current independent human approval (5.651ms)
✔ old-head approval is not current independent human approval (4.5493ms)
✔ later comment does not erase a valid prior approval (5.6996ms)
✔ failed checks and requested changes are surfaced (5.8418ms)
✔ missing checks are not a success (4.9832ms)
✔ stale snapshots are labeled (3.8721ms)
✔ future snapshots fail closed (1.8383ms)
✔ finding IDs are stable across repeated reads (7.7657ms)
✔ reported secrets are redacted and Markdown is escaped (15.1865ms)
✔ refuses: assign #50 to example-user (7.7052ms)
✔ refuses: label #50 multiplayer (6.9095ms)
✔ refuses: close #50 (5.0411ms)
✔ refuses: merge PR #237 (4.6857ms)
✔ refuses: enable auto-merge (4.8672ms)
✔ refuses: delete a branch (5.6032ms)
✔ refuses: approve PR #237 (4.638ms)
✔ refuses: can you change the rules (4.7245ms)
✔ question answers use recorded evidence and canonical references (5.1066ms)
✔ reverse dependency questions list dependents (5.212ms)
✔ unknown questions ask for clarification (5.2585ms)
✔ untrusted instruction text grants no tools (4.7558ms)
✔ snapshot rejects wrong repo (1.1885ms)
✔ snapshot rejects wrong project (0.9434ms)
✔ snapshot rejects partial coverage (1.0725ms)
✔ snapshot rejects wrong count (0.9526ms)
✔ snapshot rejects duplicate issue (1.1199ms)
✔ snapshot rejects hostile URL (1.0299ms)
✔ snapshot rejects hidden project item (1.2275ms)
✔ snapshot rejects cross-repo item (1.1541ms)
✔ snapshot rejects duplicate project item (1.2623ms)
✔ snapshot rejects oversized body (1.2705ms)
✔ collector completes two matching passes with no writes (4.412ms)
✔ collector rejects issue drift between passes (3.1209ms)
✔ collector rejects incomplete nested dependencies (1.2332ms)
✔ collector rejects a changed PR head/check binding (1.263ms)
✔ collector rejects repeated pagination cursors (1.1935ms)
✔ collector rejects inaccessible connection entries (0.1462ms)
✔ read client verifies Bakar404 and never switches accounts (1.3388ms)
✔ explicit hash-pinned read principal does not change the pilot or read allowlist (16.1081ms)
✔ collector profile rejects changed scope or unsupported fields: repository (15.6591ms)
✔ collector profile rejects changed scope or unsupported fields: project_id (16.3043ms)
✔ collector profile rejects changed scope or unsupported fields: project_number (15.1561ms)
✔ collector profile rejects changed scope or unsupported fields: token (14.9011ms)
✔ collector profile rejects changed scope or unsupported fields: url (14.8493ms)
✔ collector profile rejects changed scope or unsupported fields: collector_login (8.1683ms)
✔ collector profile rejects wrong hashes, changed bytes and duplicate keys (34.2481ms)
✔ profiled collection records the actual principal and rejects identity or profile drift (32.7256ms)
✔ read client exposes no arbitrary query or write operation (1.2981ms)
✔ GraphQL cursor remains data, not executable query text (1.1346ms)
✔ GraphQL errors do not become accepted partial data (1.0881ms)
✔ GraphQL reserve prevents further reads (1.078ms)
✔ collection has an elapsed-time bound (1.0772ms)
✔ dry run uses neither network nor output files (1.2618ms)
✔ CLI rejects apply (0.1462ms)
✔ CLI rejects audit --fixture --live (0.099ms)
✔ CLI rejects audit --fixture --out ../escape.json (0.1339ms)
✔ CLI rejects audit --dry-run --out file.json (0.0899ms)
✔ CLI rejects audit --fixture --assign example-user (0.0776ms)
✔ CLI rejects ask --fixture (0.0777ms)
✔ actual CLI dry run works from another directory and has no network intent (143.4512ms)
✔ test chat prepares an evidence-based reply without sending it (6.1311ms)
✔ test chat rejects wrong tenant (0.3384ms)
✔ test chat rejects wrong group (0.1484ms)
✔ test chat rejects personal chat (0.1338ms)
✔ test chat rejects other channel (0.1277ms)
✔ test chat ignores messages without a mention (0.1346ms)
✔ test chat ignores its own messages (0.1572ms)
✔ test chat refuses mutation requests (5.2137ms)
✔ no production mode or implicit binding (0.304ms)
ℹ tests 227
ℹ suites 0
ℹ pass 227
ℹ fail 0
ℹ cancelled 0
ℹ skipped 0
ℹ todo 0
ℹ duration_ms 81155.5706
