✔ Teams preview is disabled without exact configuration and reveals no secret (2.0713ms)
✔ Teams environment cannot activate production or repo writes (0.7912ms)
✔ Teams rejects missing identities, missing secret, and factory ports (0.5086ms)
✔ Teams CLI has no secret argument or skip-auth switch (0.3964ms)
✔ native Teams SDK rejects unauthenticated requests on an owned loopback endpoint (13913.8184ms)
ℹ SDK host initialized after 13634ms; no listener yet
ℹ Owned loopback listener started after 13651ms
✔ test binding replies to a mention using recorded findings (33.104ms)
✔ duplicate/concurrent activity produces one attempted reply (9.7024ms)
✔ uncertain Teams send is not blindly retried (7.465ms)
✔ unapproved tenant/group/app/recipient are ignored before snapshot access (0.5772ms)
✔ mention-only routing and rate cap limit noise (14.1263ms)
✔ stale or invalid snapshots do not leak unverified answers (2.0157ms)
✔ Teams write requests get a refusal, not an operation (6.1543ms)
✔ model tool catalogue has only snapshot reads (5.8827ms)
✔ fences of another kind cannot create a dependency instruction (0.9242ms)
✔ oversized issue numbers never become canonical reference URLs (0.1757ms)
✔ snapshot cannot substitute a same-named repository identity or execution grant (2.0807ms)
✔ a configured binding cannot silently move to another chat (0.1781ms)
✔ SDK startup collision is detected and leaves the existing listener untouched (13.4868ms)
{"status":"passed","platform":"win32","checks":["trusted image executes with inherited request/output pipes","digest mismatch rejects executable before its first instruction","multiply linked executable rejected","writer after final digest denied by retained read/execute handle","replacement after final digest denied","pre-existing data writer rejects launch","pre-existing writable mapping rejects launch","wrong mapped image killed while suspended without running poison","real ancestor reparse retarget before CreateProcess rejects wrong image","retarget after mapped-image verification executes the already verified image"]}
✔ native evidence launch admits only the verified executable across filesystem races (2215.2261ms)
✔ native wrapper rebuilds a poisoned Cargo artifact and rejects later private-executable tampering (3162.0462ms)
✔ personal paths include drive-relative, prefixed, escaped and alternate separators (1.4676ms)
✔ normalized placeholders and ordinary prose remain valid (1.1531ms)
✔ recursive packet scan and CLI reject a leak without printing its value (10134.7726ms)
✔ every retained PR226 packet including the latest correction is scanned (1703.5324ms)
✔ root and ancestor directory links cannot redirect an evidence scan (597.1454ms)
✔ nested and dangling directory links fail closed (388.2587ms)
✔ canonical containment rejects absolute cross-drive and UNC relative results (0.4889ms)
✔ actual Windows short alias succeeds while a linked ancestor still fails (854.5279ms)
✔ native scanner rejects oversize sparse evidence (206.2906ms)
✔ empty evidence and a file at the byte limit are accepted (879.5701ms)
✔ native scanner rejects hard-linked evidence and preserves the shared file (230.8373ms)
✔ startup harness cleanup guards run in the required unit lane (1490.2293ms)
ℹ tests 32
ℹ suites 0
ℹ pass 32
ℹ fail 0
ℹ cancelled 0
ℹ skipped 0
ℹ todo 0
ℹ duration_ms 36536.8663
