$ node --test --test-concurrency=2 --test-timeout=180000 scenarios/repo-steward/steward.test.mjs scenarios/repo-steward/actions.test.mjs scenarios/repo-steward/recurring-audit.test.mjs scenarios/repo-steward/feedback.test.mjs scenarios/repo-steward/maintenance.test.mjs scenarios/repo-steward/feedback-cli.test.mjs
✔ Actions preview performs no live reads or summary publication (2.0379ms)
✔ Actions fixture uses the real auditor without GitHub access (38.6434ms)
✔ invalid workflow input is rejected during preview without data access (1.5311ms)
✔ hosted live mode rejects non-Actions host before reading data (0.5625ms)
✔ hosted live mode rejects PR event before reading data (0.3794ms)
✔ hosted live mode rejects another repository before reading data (0.3113ms)
✔ hosted live mode rejects feature branch before reading data (0.3938ms)
✔ hosted live mode rejects another actor before reading data (0.2692ms)
✔ hosted live mode rejects another rerun operator before reading data (0.3882ms)
✔ hosted live mode rejects missing triggering actor before reading data (0.5735ms)
✔ hosted live mode rejects missing source commit before reading data (0.4407ms)
✔ hosted live mode rejects disabled pilot before reading data (0.2636ms)
✔ hosted live mode rejects unapproved public summary before reading data (0.2199ms)
✔ hosted live mode rejects missing credential before reading data (0.2587ms)
✔ hosted live mode rejects blank credential before reading data (0.2235ms)
✔ hosted live mode rejects write-enabled configuration before reading data (0.2245ms)
✔ GITHUB_TOKEN does not substitute for Project-readable credentials (0.3637ms)
✔ an admitted live path collects once and retains zero mutations (9.8062ms)
✔ collector failure does not produce a successful report (0.3944ms)
✔ stale hosted snapshots fail instead of publishing old findings (7.645ms)
✔ public summaries never include free-form source or evidence text (5.6539ms)
✔ summary rejects unknown rule (6.9014ms)
✔ summary rejects bad finding id (6.9683ms)
✔ summary rejects foreign reference (7.0801ms)
✔ summary rejects mutation claim (7.3608ms)
✔ summary rejects wrong scope (6.3696ms)
✔ summary rejects invalid timestamp (6.1917ms)
✔ summary rejects bad totals (5.5101ms)
✔ public finding index is bounded without copying omitted details (4.7328ms)
✔ every configured fixture rule has an explicit publication review (4.6708ms)
✔ summary file writes remain inside a supplied native temporary directory (17.3118ms)
✔ Actions CLI rejects unsupported arguments --apply (0.3317ms)
✔ Actions CLI rejects unsupported arguments --live (0.1596ms)
✔ Actions CLI rejects unsupported arguments --live (0.1574ms)
✔ actual fixture CLI needs no hosted secrets or Teams SDK (199.8624ms)
✔ manual workflow keeps first-party actions pinned and live credentials isolated (2.875ms)
✔ feedback CLI rejects unsupported, missing and duplicate transition arguments (3.0667ms)
✔ new-file corpus output preserves the previous version and refuses overwrite (24.1885ms)
✔ initializing a corpus binds the validated input scope without changing its snapshot (52.7964ms)
✔ partial snapshot cannot create a corpus file (26.0005ms)
✔ redirected output parent is refused without writing through it (7.22ms)
✔ review evidence must be a file and cannot use a directory as a digest source (48.8333ms)
✔ review CLI records the exact binary digest and closes its descriptor (80.1312ms)
✔ same-size review replacement between metadata check and open cannot update a corpus (31.9141ms)
✔ review parent swapped for a symlink or junction before open is rejected (41.5534ms)
✔ same-size pathname replacement after descriptor read is rejected (31.8675ms)
✔ same-size in-place review rewrite cannot hide behind a restored modification time (30.3346ms)
✔ review growth after open stays within its original byte bound and is rejected (29.6615ms)
✔ bounded review reads handle partial reads and reject empty or oversized files (20.9548ms)
✔ native behavioral evidence remains candidate with original local source and no finding impersonation (63.1921ms)
✔ native behavioral activation is denied for mixed support and forged active or retired history (41.7099ms)
✔ native behavioral candidates can be rejected without widening legacy review authority (45.2644ms)
✔ native behavioral bytes, identity claims, source and repeated runs remain validated (112.2887ms)
✔ evidence binds actual audit finding and supplied snapshot without certifying collection or identity (10.3171ms)
✔ accepted missing Project status binds the native serialized report and finding in evidence and observations (41.5856ms)
✔ auditor optional-field normalization retains strict data-only feedback and report validation (62.0623ms)
✔ timestamp-only or unrelated snapshot changes do not manufacture repeated supporting evidence (29.6351ms)
✔ partial, cross-scope, stale or missing findings cannot become feedback evidence (16.7312ms)
✔ feedback source pins accept exactly 40 or 64 hexadecimal characters, including supplied evidence (68.7879ms)
✔ candidate, active and retired versions preserve their inputs and have exact transition digests (16.7861ms)
✔ one observation, fabricated evidence bytes and replayed reviews cannot activate a rule (67.278ms)
✔ reviewer labels and claimed approval booleans do not supply verified review authority (23.6884ms)
✔ explicit rejection remains terminal and contributes no advice (38.0549ms)
✔ prospective expiry is mandatory, bounded, and effective at the exact boundary (106.0352ms)
✔ active capacity cannot expand and supersession retires only the exact predecessor (71.596ms)
✔ supersession rejects stale targets and cannot cross finding rules (48.0469ms)
✔ active guidance annotates only matching findings without hiding or changing original conclusions (21.8869ms)
✔ broad matching admits at most the finite annotation limit and never truncates an excessive report (365.514ms)
✔ serialized output bytes are admitted before escaped guidance and evidence references fan out (59.6434ms)
✔ later audits honor activation and retirement while the original report stays identical (37.5345ms)
✔ unknown executable, suppression, assignment and permission options are rejected (128.1001ms)
✔ stale reports, foreign scope and altered evidence fail closed (25.7345ms)
✔ canonical digests ignore property insertion order but reject executable and non-finite data (0.4511ms)
✔ reusable corpus validation preserves input and rejects authority claims or altered guidance (16.0473ms)
✔ explicit collector profile requires a hash and cannot relabel a supplied snapshot (2.8702ms)
✔ recurrence requires finite explicit bounds before reading any input (0.7526ms)
✔ finite recurrence reloads snapshot and feedback on every cycle (2.4133ms)
✔ paused and stopped records prevent collection and input reads (1.997ms)
✔ exhausted persisted attempts reject before snapshot, feedback or live collection (2.29ms)
✔ watch admits the final allowed attempt and then stops before collecting another snapshot (2.5881ms)
✔ source mismatch refuses before reading snapshot or feedback (2.1845ms)
✔ a failed cycle stops recurrence without retrying or losing the failure (1.5318ms)
✔ first snapshot acquisition failure retains one sanitized failed attempt (330.9838ms)
✔ later corpus acquisition failure preserves earlier accepted evidence and consumes one attempt (865.0381ms)
✔ live acquisition failure is retained once without raw error text or a retry (281.6534ms)
✔ pause and stop during failed acquisition remain effective without a new admitted attempt (2196.1877ms)
✔ deadline crossing during failed acquisition prevents late attempt admission (1.7586ms)
✔ interruption during failed acquisition prevents a new admitted attempt (1.2208ms)
✔ duration bounds stop admission after collection without writing a late result (1.1252ms)
✔ interruption during an interval exits without another audit (3.6007ms)
✔ control commands delegate exact action, source and reason without collecting (5.68ms)
✔ status exposes bounded metadata and no retained finding text (1.439ms)
✔ one audit writes source-bound immutable private reports and an advisory handoff (471.9879ms)
✔ fresh capture timestamps and transport metrics alone produce no new report or proposal across restart (757.3231ms)
✔ live state binds the exact selected principal and profile through restart and controls (2723.83ms)
✔ profile metadata cannot convert supplied evidence or a different live principal into accepted observations (302.9604ms)
✔ changed scoped content produces a new receipt while retaining stable finding dedupe (570.4524ms)
✔ resolved findings are recorded without claiming a remote correction (521.2307ms)
✔ stale input fails and preserves a failed attempt, never reusing previous success (903.4815ms)
✔ future input fails and preserves a failed attempt, never reusing previous success (1004.2947ms)
✔ incomplete input fails and preserves a failed attempt, never reusing previous success (686.9885ms)
✔ source drift fails and preserves a failed attempt, never reusing previous success (674.467ms)
✔ changing the caller source pin cannot migrate an existing directory (483.9164ms)
✔ pause prevents input use, resume retains dedupe, and stop cannot resume (2557.225ms)
✔ concurrent cycles have one winner and never create duplicate accepted receipts (415.5404ms)
✔ retained locks fail closed without PID reuse or timeout-based recovery (18.8387ms)
✔ incomplete intent and rollback to an older checkpoint refuse replay (679.0047ms)
✔ tampered referenced artifacts are rejected and preserved (373.7252ms)
✔ output-directory redirection refuses writes through a symlink or junction (12.4484ms)
✔ an unexpected output file is retained, not overwritten or removed (21.1948ms)
✔ status rejects unexpected files in initialized state before accepting its control projection (299.1249ms)
✔ missing, traversal-style and incomplete control requests do not create authority (5.331ms)
✔ live source claims retain the existing collector identity and zero-write metadata (289.5431ms)
✔ finite convenience API has explicit bounds and performs no scheduling (1022.11ms)
✔ state and artifact redirection are not followed on read (274.4053ms)
✔ alter of earlier history is detected after a newer successful cycle (930.0396ms)
✔ delete of earlier history is detected after a newer successful cycle (984.8134ms)
✔ changed implementation pins fail before a new intent is written (560.5949ms)
✔ a directory replaced while a caller holds its lock cannot redirect any artifact write (395.2572ms)
✔ actual corpus activation and retirement change only separately bound advisory output (1529.4071ms)
✔ expiry invalidates cached advisory annotations even without corpus byte changes (692.1688ms)
✔ mixed retained controls and new cycles enforce one transition bound with a reserved terminal stop (74419.9566ms)
✔ accepted snapshots with omitted optional metadata produce parseable JSON artifacts and replay (500.0137ms)
✔ optional auditor metadata works through the real feedback evidence and recurring consumer bridge (551.0668ms)
✔ policy has the ten requested workstreams and never assigns people (4.3631ms)
✔ classification supports Multiplayer (5.9597ms)
✔ classification supports UX/UI (1.7552ms)
✔ classification supports Multi-system execution (1.1806ms)
✔ classification supports Janitor (1.2814ms)
✔ classification supports Dynamic agent teams (1.1687ms)
✔ classification supports DevOps/PR review/branch protection (1.9369ms)
✔ classification supports Security (1.3104ms)
✔ classification supports Agent communication layer (1.4278ms)
✔ classification supports Dark factory automation (1.3259ms)
✔ classification supports Backend scalability / pub-sub (1.2336ms)
✔ classification preserves labels and assignees (12.2184ms)
✔ UX alias means UX/UI (14.2616ms)
✔ an unassigned issue is not a violation (5.2888ms)
✔ full fixture audit has zero mutations and catches closing-link conflict (4.7126ms)
✔ non-closing prose overrides no native link, not unrelated partial references (4.6318ms)
✔ explicit do-not-close linked issue is flagged (4.9532ms)
✔ closed unmerged PR does not close an open issue (4.1739ms)
✔ reopened issue remains open after a historical merged PR (3.4896ms)
✔ no automatic close for several partial PRs (4.1324ms)
✔ only explicit dependency section is interpreted (0.1839ms)
✔ code fences and quoted references are not dependency authority (0.2216ms)
✔ native/text dependency disagreement is flagged (4.1148ms)
✔ matching dependencies do not produce a mismatch (4.2456ms)
✔ dependency cycles are bounded and reported once (4.4476ms)
✔ parent hierarchy mismatch and cycle are detected (4.7335ms)
✔ outside-scope dependency is not fetched or treated as complete (3.9083ms)
✔ missing local dependency is unverified, not closed (3.7064ms)
✔ open issue marked Done is flagged without changing the board (3.9371ms)
✔ unknown workstream is a review hint, not a rename (3.4427ms)
✔ locked default branch is flagged, without bypass (3.8128ms)
✔ stale PR source head is reported (3.4926ms)
✔ current independent review is accepted as evidence (3.943ms)
✔ author approval is not current independent human approval (4.2914ms)
✔ bot approval is not current independent human approval (3.3628ms)
✔ old-head approval is not current independent human approval (3.4158ms)
✔ later comment does not erase a valid prior approval (3.7185ms)
✔ failed checks and requested changes are surfaced (3.945ms)
✔ missing checks are not a success (3.491ms)
✔ stale snapshots are labeled (3.2754ms)
✔ future snapshots fail closed (1.6089ms)
✔ finding IDs are stable across repeated reads (7.5504ms)
✔ reported secrets are redacted and Markdown is escaped (9.6495ms)
✔ refuses: assign #50 to example-user (6.4551ms)
✔ refuses: label #50 multiplayer (4.8737ms)
✔ refuses: close #50 (6.3557ms)
✔ refuses: merge PR #237 (4.5437ms)
✔ refuses: enable auto-merge (4.7368ms)
✔ refuses: delete a branch (4.1592ms)
✔ refuses: approve PR #237 (4.1017ms)
✔ refuses: can you change the rules (5.2197ms)
✔ question answers use recorded evidence and canonical references (4.962ms)
✔ reverse dependency questions list dependents (4.5188ms)
✔ unknown questions ask for clarification (5.2724ms)
✔ untrusted instruction text grants no tools (4.9991ms)
✔ snapshot rejects wrong repo (1.2134ms)
✔ snapshot rejects wrong project (1.0443ms)
✔ snapshot rejects partial coverage (1.0412ms)
✔ snapshot rejects wrong count (0.9629ms)
✔ snapshot rejects duplicate issue (1.4364ms)
✔ snapshot rejects hostile URL (1.0669ms)
✔ snapshot rejects hidden project item (1.1358ms)
✔ snapshot rejects cross-repo item (1.1349ms)
✔ snapshot rejects duplicate project item (1.2895ms)
✔ snapshot rejects oversized body (1.6847ms)
✔ collector completes two matching passes with no writes (4.4951ms)
✔ collector rejects issue drift between passes (2.3874ms)
✔ collector rejects incomplete nested dependencies (1.1841ms)
✔ collector rejects a changed PR head/check binding (1.1419ms)
✔ collector rejects repeated pagination cursors (1.0095ms)
✔ collector rejects inaccessible connection entries (0.1536ms)
✔ read client verifies Bakar404 and never switches accounts (1.2449ms)
✔ explicit hash-pinned read principal does not change the pilot or read allowlist (15.6365ms)
✔ collector profile rejects changed scope or unsupported fields: repository (11.0551ms)
✔ collector profile rejects changed scope or unsupported fields: project_id (15.5784ms)
✔ collector profile rejects changed scope or unsupported fields: project_number (8.9727ms)
✔ collector profile rejects changed scope or unsupported fields: token (17.0599ms)
✔ collector profile rejects changed scope or unsupported fields: url (15.6527ms)
✔ collector profile rejects changed scope or unsupported fields: collector_login (8.2767ms)
✔ collector profile rejects wrong hashes, changed bytes and duplicate keys (38.0938ms)
✔ profiled collection records the actual principal and rejects identity or profile drift (40.5072ms)
✔ read client exposes no arbitrary query or write operation (1.4252ms)
✔ GraphQL cursor remains data, not executable query text (1.2302ms)
✔ GraphQL errors do not become accepted partial data (1.2834ms)
✔ GraphQL reserve prevents further reads (1.7281ms)
✔ collection has an elapsed-time bound (1.7324ms)
✔ dry run uses neither network nor output files (1.9741ms)
✔ CLI rejects apply (1.3889ms)
✔ CLI rejects audit --fixture --live (0.1728ms)
✔ CLI rejects audit --fixture --out ../escape.json (0.2707ms)
✔ CLI rejects audit --dry-run --out file.json (0.1418ms)
✔ CLI rejects audit --fixture --assign example-user (0.1183ms)
✔ CLI rejects ask --fixture (0.1227ms)
✔ actual CLI dry run works from another directory and has no network intent (169.2745ms)
✔ test chat prepares an evidence-based reply without sending it (7.9185ms)
✔ test chat rejects wrong tenant (0.4163ms)
✔ test chat rejects wrong group (0.1791ms)
✔ test chat rejects personal chat (0.166ms)
✔ test chat rejects other channel (0.1656ms)
✔ test chat ignores messages without a mention (0.1768ms)
✔ test chat ignores its own messages (0.1579ms)
✔ test chat refuses mutation requests (5.4462ms)
✔ no production mode or implicit binding (0.4414ms)
ℹ tests 227
ℹ suites 0
ℹ pass 227
ℹ fail 0
ℹ cancelled 0
ℹ skipped 0
ℹ todo 0
ℹ duration_ms 98100.0422
