$ node --test --test-concurrency=2 --test-timeout=180000 scenarios/repo-steward/steward.test.mjs scenarios/repo-steward/actions.test.mjs scenarios/repo-steward/recurring-audit.test.mjs scenarios/repo-steward/feedback.test.mjs scenarios/repo-steward/maintenance.test.mjs scenarios/repo-steward/feedback-cli.test.mjs
✔ Actions preview performs no live reads or summary publication (1.9587ms)
✔ Actions fixture uses the real auditor without GitHub access (29.6248ms)
✔ invalid workflow input is rejected during preview without data access (0.9157ms)
✔ hosted live mode rejects non-Actions host before reading data (0.3958ms)
✔ hosted live mode rejects PR event before reading data (0.3224ms)
✔ hosted live mode rejects another repository before reading data (1.0736ms)
✔ hosted live mode rejects feature branch before reading data (0.3778ms)
✔ hosted live mode rejects another actor before reading data (0.1752ms)
✔ hosted live mode rejects another rerun operator before reading data (0.2932ms)
✔ hosted live mode rejects missing triggering actor before reading data (0.2875ms)
✔ hosted live mode rejects missing source commit before reading data (0.342ms)
✔ hosted live mode rejects disabled pilot before reading data (0.2422ms)
✔ hosted live mode rejects unapproved public summary before reading data (0.1498ms)
✔ hosted live mode rejects missing credential before reading data (0.1134ms)
✔ hosted live mode rejects blank credential before reading data (0.1399ms)
✔ hosted live mode rejects write-enabled configuration before reading data (0.1402ms)
✔ GITHUB_TOKEN does not substitute for Project-readable credentials (0.1935ms)
✔ an admitted live path collects once and retains zero mutations (6.2282ms)
✔ collector failure does not produce a successful report (0.4818ms)
✔ stale hosted snapshots fail instead of publishing old findings (7.7726ms)
✔ public summaries never include free-form source or evidence text (7.815ms)
✔ summary rejects unknown rule (5.49ms)
✔ summary rejects bad finding id (5.1687ms)
✔ summary rejects foreign reference (4.9905ms)
✔ summary rejects mutation claim (5.0308ms)
✔ summary rejects wrong scope (4.8759ms)
✔ summary rejects invalid timestamp (5.3731ms)
✔ summary rejects bad totals (6.4954ms)
✔ public finding index is bounded without copying omitted details (7.7064ms)
✔ every configured fixture rule has an explicit publication review (4.8722ms)
✔ summary file writes remain inside a supplied native temporary directory (22.9479ms)
✔ Actions CLI rejects unsupported arguments --apply (0.3131ms)
✔ Actions CLI rejects unsupported arguments --live (0.104ms)
✔ Actions CLI rejects unsupported arguments --live (0.0908ms)
✔ actual fixture CLI needs no hosted secrets or Teams SDK (242.1711ms)
✔ manual workflow keeps first-party actions pinned and live credentials isolated (14.1091ms)
✔ feedback CLI rejects unsupported, missing and duplicate transition arguments (1.962ms)
✔ new-file corpus output preserves the previous version and refuses overwrite (23.8869ms)
✔ initializing a corpus binds the validated input scope without changing its snapshot (53.5449ms)
✔ partial snapshot cannot create a corpus file (29.2741ms)
✔ redirected output parent is refused without writing through it (6.7369ms)
✔ review evidence must be a file and cannot use a directory as a digest source (51.9799ms)
✔ review CLI records the exact binary digest and closes its descriptor (116.1916ms)
✔ same-size review replacement between metadata check and open cannot update a corpus (44.1422ms)
✔ review parent swapped for a symlink or junction before open is rejected (43.3836ms)
✔ same-size pathname replacement after descriptor read is rejected (35.8446ms)
✔ same-size in-place review rewrite cannot hide behind a restored modification time (39.7014ms)
✔ review growth after open stays within its original byte bound and is rejected (34.8808ms)
✔ bounded review reads handle partial reads and reject empty or oversized files (23.8377ms)
✔ native behavioral evidence remains candidate with original local source and no finding impersonation (95.8147ms)
✔ native behavioral activation is denied for mixed support and forged active or retired history (60.988ms)
✔ native behavioral candidates can be rejected without widening legacy review authority (64.0522ms)
✔ native behavioral bytes, identity claims, source and repeated runs remain validated (157.6072ms)
✔ evidence binds actual audit finding and supplied snapshot without certifying collection or identity (14.1562ms)
✔ accepted missing Project status binds the native serialized report and finding in evidence and observations (63.1928ms)
✔ auditor optional-field normalization retains strict data-only feedback and report validation (90.7597ms)
✔ timestamp-only or unrelated snapshot changes do not manufacture repeated supporting evidence (43.6006ms)
✔ partial, cross-scope, stale or missing findings cannot become feedback evidence (13.8969ms)
✔ feedback source pins accept exactly 40 or 64 hexadecimal characters, including supplied evidence (72.9528ms)
✔ candidate, active and retired versions preserve their inputs and have exact transition digests (18.0207ms)
✔ one observation, fabricated evidence bytes and replayed reviews cannot activate a rule (93.2183ms)
✔ reviewer labels and claimed approval booleans do not supply verified review authority (32.3033ms)
✔ explicit rejection remains terminal and contributes no advice (49.851ms)
✔ prospective expiry is mandatory, bounded, and effective at the exact boundary (127.1433ms)
✔ active capacity cannot expand and supersession retires only the exact predecessor (81.1495ms)
✔ supersession rejects stale targets and cannot cross finding rules (48.8541ms)
✔ active guidance annotates only matching findings without hiding or changing original conclusions (22.3205ms)
✔ broad matching admits at most the finite annotation limit and never truncates an excessive report (408.746ms)
✔ serialized output bytes are admitted before escaped guidance and evidence references fan out (78.6682ms)
✔ later audits honor activation and retirement while the original report stays identical (45.6128ms)
✔ unknown executable, suppression, assignment and permission options are rejected (214.8156ms)
✔ stale reports, foreign scope and altered evidence fail closed (32.6678ms)
✔ canonical digests ignore property insertion order but reject executable and non-finite data (0.6883ms)
✔ reusable corpus validation preserves input and rejects authority claims or altered guidance (17.7099ms)
✔ explicit collector profile requires a hash and cannot relabel a supplied snapshot (4.3654ms)
✔ recurrence requires finite explicit bounds before reading any input (1.3785ms)
✔ finite recurrence reloads snapshot and feedback on every cycle (3.3031ms)
✔ paused and stopped records prevent collection and input reads (3.1373ms)
✔ exhausted persisted attempts reject before snapshot, feedback or live collection (2.94ms)
✔ watch admits the final allowed attempt and then stops before collecting another snapshot (1.5607ms)
✔ source mismatch refuses before reading snapshot or feedback (1.7281ms)
✔ a failed cycle stops recurrence without retrying or losing the failure (1.7907ms)
✔ first snapshot acquisition failure retains one sanitized failed attempt (432.7722ms)
✔ later corpus acquisition failure preserves earlier accepted evidence and consumes one attempt (960.6604ms)
✔ live acquisition failure is retained once without raw error text or a retry (381.8572ms)
✔ pause and stop during failed acquisition remain effective without a new admitted attempt (2310.5932ms)
✔ deadline crossing during failed acquisition prevents late attempt admission (1.7051ms)
✔ interruption during failed acquisition prevents a new admitted attempt (1.6193ms)
✔ duration bounds stop admission after collection without writing a late result (1.455ms)
✔ interruption during an interval exits without another audit (1.8555ms)
✔ control commands delegate exact action, source and reason without collecting (3.5787ms)
✔ status exposes bounded metadata and no retained finding text (1.5061ms)
✔ one audit writes source-bound immutable private reports and an advisory handoff (541.4902ms)
✔ fresh capture timestamps and transport metrics alone produce no new report or proposal across restart (804.76ms)
✔ live state binds the exact selected principal and profile through restart and controls (3176.4713ms)
✔ profile metadata cannot convert supplied evidence or a different live principal into accepted observations (336.0255ms)
✔ changed scoped content produces a new receipt while retaining stable finding dedupe (668.5632ms)
✔ resolved findings are recorded without claiming a remote correction (798.47ms)
✔ stale input fails and preserves a failed attempt, never reusing previous success (882.2872ms)
✔ future input fails and preserves a failed attempt, never reusing previous success (695.4454ms)
✔ incomplete input fails and preserves a failed attempt, never reusing previous success (724.4367ms)
✔ source drift fails and preserves a failed attempt, never reusing previous success (785.0774ms)
✔ changing the caller source pin cannot migrate an existing directory (616.5109ms)
✔ pause prevents input use, resume retains dedupe, and stop cannot resume (2573.618ms)
✔ concurrent cycles have one winner and never create duplicate accepted receipts (359.8389ms)
✔ retained locks fail closed without PID reuse or timeout-based recovery (18.4255ms)
✔ incomplete intent and rollback to an older checkpoint refuse replay (633.7548ms)
✔ tampered referenced artifacts are rejected and preserved (362.1927ms)
✔ output-directory redirection refuses writes through a symlink or junction (10.2807ms)
✔ an unexpected output file is retained, not overwritten or removed (20.5202ms)
✔ status rejects unexpected files in initialized state before accepting its control projection (284.5451ms)
✔ missing, traversal-style and incomplete control requests do not create authority (4.8828ms)
✔ live source claims retain the existing collector identity and zero-write metadata (293.0863ms)
✔ finite convenience API has explicit bounds and performs no scheduling (969.5388ms)
✔ state and artifact redirection are not followed on read (280.0465ms)
✔ alter of earlier history is detected after a newer successful cycle (759.3965ms)
✔ delete of earlier history is detected after a newer successful cycle (683.1175ms)
✔ changed implementation pins fail before a new intent is written (421.1585ms)
✔ a directory replaced while a caller holds its lock cannot redirect any artifact write (339.5557ms)
✔ actual corpus activation and retirement change only separately bound advisory output (1353.5347ms)
✔ expiry invalidates cached advisory annotations even without corpus byte changes (611.8823ms)
✔ mixed retained controls and new cycles enforce one transition bound with a reserved terminal stop (66395.0634ms)
✔ accepted snapshots with omitted optional metadata produce parseable JSON artifacts and replay (491.0415ms)
✔ optional auditor metadata works through the real feedback evidence and recurring consumer bridge (561.4761ms)
✔ policy has the ten requested workstreams and never assigns people (3.8329ms)
✔ classification supports Multiplayer (7.4542ms)
✔ classification supports UX/UI (2.5501ms)
✔ classification supports Multi-system execution (2.047ms)
✔ classification supports Janitor (1.9894ms)
✔ classification supports Dynamic agent teams (2.0228ms)
✔ classification supports DevOps/PR review/branch protection (3.0197ms)
✔ classification supports Security (1.6837ms)
✔ classification supports Agent communication layer (1.7432ms)
✔ classification supports Dark factory automation (2.2059ms)
✔ classification supports Backend scalability / pub-sub (1.708ms)
✔ classification preserves labels and assignees (20.4008ms)
✔ UX alias means UX/UI (20.5316ms)
✔ an unassigned issue is not a violation (5.7359ms)
✔ full fixture audit has zero mutations and catches closing-link conflict (6.9733ms)
✔ non-closing prose overrides no native link, not unrelated partial references (4.5099ms)
✔ explicit do-not-close linked issue is flagged (4.2194ms)
✔ closed unmerged PR does not close an open issue (4.7958ms)
✔ reopened issue remains open after a historical merged PR (4.0179ms)
✔ no automatic close for several partial PRs (4.9816ms)
✔ only explicit dependency section is interpreted (0.2946ms)
✔ code fences and quoted references are not dependency authority (0.328ms)
✔ native/text dependency disagreement is flagged (7.0176ms)
✔ matching dependencies do not produce a mismatch (7.0185ms)
✔ dependency cycles are bounded and reported once (6.7698ms)
✔ parent hierarchy mismatch and cycle are detected (5.7372ms)
✔ outside-scope dependency is not fetched or treated as complete (7.1189ms)
✔ missing local dependency is unverified, not closed (5.5955ms)
✔ open issue marked Done is flagged without changing the board (5.3382ms)
✔ unknown workstream is a review hint, not a rename (4.2992ms)
✔ locked default branch is flagged, without bypass (5.2843ms)
✔ stale PR source head is reported (7.5823ms)
✔ current independent review is accepted as evidence (5.7552ms)
✔ author approval is not current independent human approval (5.1955ms)
✔ bot approval is not current independent human approval (5.8902ms)
✔ old-head approval is not current independent human approval (4.9816ms)
✔ later comment does not erase a valid prior approval (5.4763ms)
✔ failed checks and requested changes are surfaced (4.5906ms)
✔ missing checks are not a success (4.225ms)
✔ stale snapshots are labeled (4.3439ms)
✔ future snapshots fail closed (2.0877ms)
✔ finding IDs are stable across repeated reads (11.1534ms)
✔ reported secrets are redacted and Markdown is escaped (17.1641ms)
✔ refuses: assign #50 to example-user (6.282ms)
✔ refuses: label #50 multiplayer (5.3769ms)
✔ refuses: close #50 (7.1866ms)
✔ refuses: merge PR #237 (4.636ms)
✔ refuses: enable auto-merge (6.2402ms)
✔ refuses: delete a branch (5.7718ms)
✔ refuses: approve PR #237 (4.9964ms)
✔ refuses: can you change the rules (5.1099ms)
✔ question answers use recorded evidence and canonical references (5.9334ms)
✔ reverse dependency questions list dependents (7.7481ms)
✔ unknown questions ask for clarification (7.2579ms)
✔ untrusted instruction text grants no tools (7.3925ms)
✔ snapshot rejects wrong repo (1.6272ms)
✔ snapshot rejects wrong project (1.2042ms)
✔ snapshot rejects partial coverage (1.5282ms)
✔ snapshot rejects wrong count (1.1731ms)
✔ snapshot rejects duplicate issue (1.8658ms)
✔ snapshot rejects hostile URL (1.6007ms)
✔ snapshot rejects hidden project item (1.5664ms)
✔ snapshot rejects cross-repo item (1.6446ms)
✔ snapshot rejects duplicate project item (1.6044ms)
✔ snapshot rejects oversized body (1.471ms)
✔ collector completes two matching passes with no writes (6.5286ms)
✔ collector rejects issue drift between passes (3.8631ms)
✔ collector rejects incomplete nested dependencies (2.6321ms)
✔ collector rejects a changed PR head/check binding (1.7572ms)
✔ collector rejects repeated pagination cursors (1.767ms)
✔ collector rejects inaccessible connection entries (0.2214ms)
✔ read client verifies Bakar404 and never switches accounts (1.7477ms)
✔ explicit hash-pinned read principal does not change the pilot or read allowlist (23.9404ms)
✔ collector profile rejects changed scope or unsupported fields: repository (21.3003ms)
✔ collector profile rejects changed scope or unsupported fields: project_id (23.6744ms)
✔ collector profile rejects changed scope or unsupported fields: project_number (19.9739ms)
✔ collector profile rejects changed scope or unsupported fields: token (21.7467ms)
✔ collector profile rejects changed scope or unsupported fields: url (21.6113ms)
✔ collector profile rejects changed scope or unsupported fields: collector_login (20.3666ms)
✔ collector profile rejects wrong hashes, changed bytes and duplicate keys (61.2944ms)
✔ profiled collection records the actual principal and rejects identity or profile drift (44.6305ms)
✔ read client exposes no arbitrary query or write operation (1.7829ms)
✔ GraphQL cursor remains data, not executable query text (1.6036ms)
✔ GraphQL errors do not become accepted partial data (1.6647ms)
✔ GraphQL reserve prevents further reads (1.4887ms)
✔ collection has an elapsed-time bound (1.4794ms)
✔ dry run uses neither network nor output files (1.8887ms)
✔ CLI rejects apply (0.239ms)
✔ CLI rejects audit --fixture --live (0.1766ms)
✔ CLI rejects audit --fixture --out ../escape.json (0.2241ms)
✔ CLI rejects audit --dry-run --out file.json (0.1456ms)
✔ CLI rejects audit --fixture --assign example-user (0.1356ms)
✔ CLI rejects ask --fixture (0.1556ms)
✔ actual CLI dry run works from another directory and has no network intent (205.9594ms)
✔ test chat prepares an evidence-based reply without sending it (8.1624ms)
✔ test chat rejects wrong tenant (0.4447ms)
✔ test chat rejects wrong group (0.1638ms)
✔ test chat rejects personal chat (0.1426ms)
✔ test chat rejects other channel (0.126ms)
✔ test chat ignores messages without a mention (0.1342ms)
✔ test chat ignores its own messages (0.1237ms)
✔ test chat refuses mutation requests (6.0241ms)
✔ no production mode or implicit binding (0.325ms)
ℹ tests 227
ℹ suites 0
ℹ pass 227
ℹ fail 0
ℹ cancelled 0
ℹ skipped 0
ℹ todo 0
ℹ duration_ms 90473.9109
