▶ predispatch ownership uses the native receipt contract
  ✔ matching native receipt passes the actual caller (3.0717ms)
  ✔ one native tick changed is denied (1.136ms)
  ✔ native ticks missing is denied (0.7052ms)
  ✔ native ticks rounded to number is denied (1.0824ms)
  ✔ PID changed is denied (0.7064ms)
  ✔ PID missing is denied (0.6148ms)
  ✔ platform changed is denied (0.8975ms)
  ✔ platform missing is denied (1.1297ms)
  ✔ executable changed is denied (1.1162ms)
  ✔ listener not owned is denied (1.2303ms)
✔ predispatch ownership uses the native receipt contract (25.0212ms)
▶ database query options are refused before filesystem or lifecycle effects
  ✔ startOwnedTestServer rejects query case host (3.895ms)
  ✔ startOwnedTestServer rejects query case hostaddr (0.3658ms)
  ✔ startOwnedTestServer rejects query case port (0.3112ms)
  ✔ startOwnedTestServer rejects query case dbname (0.203ms)
  ✔ startOwnedTestServer rejects query case user (0.2891ms)
  ✔ startOwnedTestServer rejects query case port (0.2712ms)
  ✔ startOwnedTestServer rejects query case host (0.2518ms)
  ✔ startOwnedTestServer rejects query case unknown (0.3232ms)
  ✔ startOwnedTestServer rejects query case %68ost (0.4173ms)
  ✔ startOwnedTestServer rejects query case HOST (0.4299ms)
  ✔ startOwnedTestServer rejects query case HostAddr (0.1643ms)
  ✔ startOwnedTestServer rejects query case DBNAME (0.2424ms)
  ✔ startOwnedTestServer rejects query case port (0.2022ms)
  ✔ startOwnedTestServer rejects query case sslmode (0.2729ms)
  ✔ startOwnedTestServer rejects query case options (0.2995ms)
  ✔ startOwnedTestServer rejects query case password (0.2451ms)
  ✔ startOwnedTestServer rejects query case host (0.1327ms)
  ✔ startOwnedTestServer rejects query case && (0.1478ms)
  ✔ startOwnedTestServer rejects query case % (0.1237ms)
  ✔ startOwnedTestServer allows URL without query options (0) (1.5036ms)
  ✔ startOwnedTestServer allows URL without query options (1) (0.2775ms)
  ✔ restartOwnedTestServer rejects query case host (0.2274ms)
  ✔ restartOwnedTestServer rejects query case hostaddr (0.1665ms)
  ✔ restartOwnedTestServer rejects query case port (0.1155ms)
  ✔ restartOwnedTestServer rejects query case dbname (0.1087ms)
  ✔ restartOwnedTestServer rejects query case user (0.1085ms)
  ✔ restartOwnedTestServer rejects query case port (0.104ms)
  ✔ restartOwnedTestServer rejects query case host (0.0997ms)
  ✔ restartOwnedTestServer rejects query case unknown (0.1099ms)
  ✔ restartOwnedTestServer rejects query case %68ost (0.19ms)
  ✔ restartOwnedTestServer rejects query case HOST (0.1536ms)
  ✔ restartOwnedTestServer rejects query case HostAddr (0.1141ms)
  ✔ restartOwnedTestServer rejects query case DBNAME (0.105ms)
  ✔ restartOwnedTestServer rejects query case port (0.1395ms)
  ✔ restartOwnedTestServer rejects query case sslmode (0.1731ms)
  ✔ restartOwnedTestServer rejects query case options (0.2178ms)
  ✔ restartOwnedTestServer rejects query case password (0.1464ms)
  ✔ restartOwnedTestServer rejects query case host (0.1141ms)
  ✔ restartOwnedTestServer rejects query case && (0.2312ms)
  ✔ restartOwnedTestServer rejects query case % (0.134ms)
  ✔ restartOwnedTestServer allows URL without query options (0) (0.1745ms)
  ✔ restartOwnedTestServer allows URL without query options (1) (0.236ms)
  ✔ stopOwnedTestServer rejects query case host (0.3184ms)
  ✔ stopOwnedTestServer rejects query case hostaddr (0.262ms)
  ✔ stopOwnedTestServer rejects query case port (0.1164ms)
  ✔ stopOwnedTestServer rejects query case dbname (0.115ms)
  ✔ stopOwnedTestServer rejects query case user (0.1983ms)
  ✔ stopOwnedTestServer rejects query case port (0.1257ms)
  ✔ stopOwnedTestServer rejects query case host (0.1352ms)
  ✔ stopOwnedTestServer rejects query case unknown (0.9578ms)
  ✔ stopOwnedTestServer rejects query case %68ost (0.1551ms)
  ✔ stopOwnedTestServer rejects query case HOST (0.1677ms)
  ✔ stopOwnedTestServer rejects query case HostAddr (0.1064ms)
  ✔ stopOwnedTestServer rejects query case DBNAME (0.0936ms)
  ✔ stopOwnedTestServer rejects query case port (0.0934ms)
  ✔ stopOwnedTestServer rejects query case sslmode (0.0942ms)
  ✔ stopOwnedTestServer rejects query case options (0.1863ms)
  ✔ stopOwnedTestServer rejects query case password (0.0964ms)
  ✔ stopOwnedTestServer rejects query case host (0.0921ms)
  ✔ stopOwnedTestServer rejects query case && (0.0908ms)
  ✔ stopOwnedTestServer rejects query case % (0.093ms)
  ✔ stopOwnedTestServer allows URL without query options (0) (0.1706ms)
  ✔ stopOwnedTestServer allows URL without query options (1) (0.2233ms)
✔ database query options are refused before filesystem or lifecycle effects (25.8693ms)
✔ upstream restart environment remains bounded and cannot override database authority (1.1513ms)
✔ owned server requires matching executable, creation, endpoint, and workspace (0.6939ms)
✔ manual, remote, stale, or non-owned manifests never authorize restart (0.3586ms)
✔ Windows native receipts preserve sub-millisecond creation identity without numeric rounding (1.0353ms)
✔ owned endpoints reject every reserved/manual port and non-origin URL (0.4231ms)
✔ Linux receipts require exact kernel identity and case-sensitive executable paths (0.9435ms)
✔ legacy PID files and pre-existing locks are preserved without signalling or starting a process (27.1579ms)
﹣ native owned child startup, two restarts, refusal of database drift and idempotent stop (0.2315ms) # SKIP
ℹ tests 83
ℹ suites 0
ℹ pass 82
ℹ fail 0
ℹ cancelled 0
ℹ skipped 1
ℹ todo 0
ℹ duration_ms 245.0951
