▶ predispatch ownership uses the native receipt contract
  ✔ matching native receipt passes the actual caller (3.4226ms)
  ✔ one native tick changed is denied (1.125ms)
  ✔ native ticks missing is denied (0.88ms)
  ✔ native ticks rounded to number is denied (0.9012ms)
  ✔ PID changed is denied (0.9361ms)
  ✔ PID missing is denied (0.759ms)
  ✔ platform changed is denied (0.6596ms)
  ✔ platform missing is denied (0.7785ms)
  ✔ executable changed is denied (0.7688ms)
  ✔ listener not owned is denied (0.9772ms)
✔ predispatch ownership uses the native receipt contract (23.9379ms)
ℹ tests 11
ℹ suites 0
ℹ pass 11
ℹ fail 0
ℹ cancelled 0
ℹ skipped 0
ℹ todo 0
ℹ duration_ms 151.2152
