   Compiling windows-sys v0.61.2
   Compiling indexmap v2.14.1
   Compiling windows-sys v0.48.0
   Compiling mio v1.2.2
   Compiling socket2 v0.6.5
   Compiling tokio v1.53.1
   Compiling rand v0.8.8
   Compiling tokio-util v0.7.19
   Compiling tokio-stream v0.1.19
   Compiling home v0.5.12
   Compiling base64 v0.22.1
   Compiling byteorder v1.5.0
   Compiling h2 v0.4.19
   Compiling sqlx-core v0.8.6
   Compiling etcetera v0.8.0
   Compiling hyper v1.11.1
   Compiling sqlx-postgres v0.8.6
   Compiling hyper-util v0.1.20
   Compiling sqlx-macros-core v0.8.6
   Compiling tower v0.5.3
   Compiling schannel v0.1.29
   Compiling anstyle-wincon v3.0.11
   Compiling rustls-native-certs v0.8.4
   Compiling sqlx-macros v0.8.6
   Compiling crony-domain v0.1.0 (<reviewed-worktree>\crates\crony-domain)
   Compiling tokio-rustls v0.26.4
   Compiling winapi-util v0.1.11
   Compiling anstyle-query v1.1.5
   Compiling regex-syntax v0.8.11
   Compiling regex-automata v0.4.18
   Compiling anstream v1.0.0
   Compiling same-file v1.0.6
   Compiling hyper-rustls v0.27.9
   Compiling sqlx v0.8.6
   Compiling tower-http v0.6.11
   Compiling clap_builder v4.6.7
   Compiling reqwest v0.12.28
   Compiling walkdir v2.5.0
   Compiling matchers v0.2.0
   Compiling tokio-tungstenite v0.29.0
   Compiling nu-ansi-term v0.50.3
   Compiling axum v0.8.9
   Compiling object_store v0.12.5
   Compiling tracing-subscriber v0.3.23
   Compiling clap v4.6.7
   Compiling crony-store v0.1.0 (<reviewed-worktree>\crates\crony-store)
   Compiling crony-protocol v0.1.0 (<reviewed-worktree>\crates\crony-protocol)
   Compiling crony-server v0.1.0 (<reviewed-worktree>\crates\crony-server)
    Finished `test` profile [unoptimized + debuginfo] target(s) in 4m 01s
     Running unittests src\main.rs (<local-user>\code\ecorp-pr-completion-20260922\target-validation\debug\deps\crony_server-05dbe3038b00ba36.exe)

running 2 tests
test agent_pinning_tests::issue48_handler_authorizes_and_publishes_only_first_operation ... ok
test agent_pinning_tests::issue48_handler_oidc_mapping_rejects_spoofed_actor_and_replay ... ok

test result: ok. 2 passed; 0 failed; 0 ignored; 0 measured; 136 filtered out; finished in 5.16s

     Running unittests src\lib.rs (<local-user>\code\ecorp-pr-completion-20260922\target-validation\debug\deps\crony_store-0bc2ae57aa4f5633.exe)

running 16 tests
test agent_pinning::tests::issue48_active_work_and_every_obligation_are_byte_preserved ... ok
test agent_pinning::tests::issue48_concurrent_different_operators_use_expected_version ... ok
test agent_pinning::tests::issue48_concurrent_exact_requests_commit_once ... ok
test agent_pinning::tests::issue48_current_authority_required_on_new_operations_and_replay ... ok
test agent_pinning::tests::issue48_event_failure_rolls_back_flag_and_version ... ok
test agent_pinning::tests::issue48_exact_replay_does_not_undo_newer_unpin_or_retirement ... ok
test agent_pinning::tests::issue48_foreign_missing_and_invalid_requests_do_not_mutate ... ok
test agent_pinning::tests::issue48_journal_and_snapshot_obey_room_visibility ... ok
test agent_pinning::tests::issue48_pin_serializes_with_automatic_retirement ... ok
test agent_pinning::tests::issue48_pinned_reuse_then_unpin_preserves_saved_plan ... ok
test agent_pinning::tests::issue48_replay_rejects_key_substitution_and_stale_aba ... ok
test agent_pinning::tests::issue48_role_demotion_serializes_before_replay ... ok
test agent_pinning::tests::issue48_roles_match_operate_and_require_human ... ok
test agent_pinning::tests::issue48_room_revocation_serializes_before_new_pin ... ok
test agent_pinning::tests::issue48_unpin_keeps_native_recovered_activation_contract ... ok
test agent_pinning::tests::issue48_unpin_waits_for_each_terminal_obligation ... ok

test result: ok. 16 passed; 0 failed; 0 ignored; 0 measured; 398 filtered out; finished in 34.33s
