$ node --test --test-concurrency=2 --test-timeout=180000 scenarios/repo-steward/steward.test.mjs scenarios/repo-steward/actions.test.mjs scenarios/repo-steward/recurring-audit.test.mjs scenarios/repo-steward/feedback.test.mjs scenarios/repo-steward/maintenance.test.mjs scenarios/repo-steward/feedback-cli.test.mjs
✔ Actions preview performs no live reads or summary publication (2.3751ms)
✔ Actions fixture uses the real auditor without GitHub access (35.6515ms)
✔ invalid workflow input is rejected during preview without data access (1.0141ms)
✔ hosted live mode rejects non-Actions host before reading data (0.3426ms)
✔ hosted live mode rejects PR event before reading data (0.339ms)
✔ hosted live mode rejects another repository before reading data (0.1967ms)
✔ hosted live mode rejects feature branch before reading data (0.3022ms)
✔ hosted live mode rejects another actor before reading data (0.2323ms)
✔ hosted live mode rejects another rerun operator before reading data (0.3592ms)
✔ hosted live mode rejects missing triggering actor before reading data (0.5227ms)
✔ hosted live mode rejects missing source commit before reading data (0.292ms)
✔ hosted live mode rejects disabled pilot before reading data (0.169ms)
✔ hosted live mode rejects unapproved public summary before reading data (0.1252ms)
✔ hosted live mode rejects missing credential before reading data (0.1141ms)
✔ hosted live mode rejects blank credential before reading data (0.1381ms)
✔ hosted live mode rejects write-enabled configuration before reading data (0.1277ms)
✔ GITHUB_TOKEN does not substitute for Project-readable credentials (0.2276ms)
✔ an admitted live path collects once and retains zero mutations (7.9797ms)
✔ collector failure does not produce a successful report (0.4404ms)
✔ stale hosted snapshots fail instead of publishing old findings (6.928ms)
✔ public summaries never include free-form source or evidence text (8.0834ms)
✔ summary rejects unknown rule (3.9948ms)
✔ summary rejects bad finding id (5.3587ms)
✔ summary rejects foreign reference (5.6932ms)
✔ summary rejects mutation claim (5.8175ms)
✔ summary rejects wrong scope (6.8761ms)
✔ summary rejects invalid timestamp (7.484ms)
✔ summary rejects bad totals (7.6415ms)
✔ public finding index is bounded without copying omitted details (5.774ms)
✔ every configured fixture rule has an explicit publication review (4.8649ms)
✔ summary file writes remain inside a supplied native temporary directory (24.4571ms)
✔ Actions CLI rejects unsupported arguments --apply (0.346ms)
✔ Actions CLI rejects unsupported arguments --live (0.1421ms)
✔ Actions CLI rejects unsupported arguments --live (0.1322ms)
✔ actual fixture CLI needs no hosted secrets or Teams SDK (246.6073ms)
✔ manual workflow keeps first-party actions pinned and live credentials isolated (3.7168ms)
✔ feedback CLI rejects unsupported, missing and duplicate transition arguments (2.1149ms)
✔ new-file corpus output preserves the previous version and refuses overwrite (30.0289ms)
✔ initializing a corpus binds the validated input scope without changing its snapshot (49.6222ms)
✔ partial snapshot cannot create a corpus file (24.7463ms)
✔ redirected output parent is refused without writing through it (6.8513ms)
✔ review evidence must be a file and cannot use a directory as a digest source (54.3027ms)
✔ review CLI records the exact binary digest and closes its descriptor (106.9299ms)
✔ same-size review replacement between metadata check and open cannot update a corpus (53.4136ms)
✔ review parent swapped for a symlink or junction before open is rejected (48.5283ms)
✔ same-size pathname replacement after descriptor read is rejected (46.0475ms)
✔ same-size in-place review rewrite cannot hide behind a restored modification time (39.123ms)
✔ review growth after open stays within its original byte bound and is rejected (31.3576ms)
✔ bounded review reads handle partial reads and reject empty or oversized files (22.1602ms)
✔ native behavioral evidence remains candidate with original local source and no finding impersonation (82.3935ms)
✔ native behavioral activation is denied for mixed support and forged active or retired history (46.9238ms)
✔ native behavioral candidates can be rejected without widening legacy review authority (50.2832ms)
✔ native behavioral bytes, identity claims, source and repeated runs remain validated (122.0628ms)
✔ evidence binds actual audit finding and supplied snapshot without certifying collection or identity (9.3301ms)
✔ accepted missing Project status binds the native serialized report and finding in evidence and observations (42.8848ms)
✔ auditor optional-field normalization retains strict data-only feedback and report validation (72.8849ms)
✔ timestamp-only or unrelated snapshot changes do not manufacture repeated supporting evidence (40.397ms)
✔ partial, cross-scope, stale or missing findings cannot become feedback evidence (19.0493ms)
✔ feedback source pins accept exactly 40 or 64 hexadecimal characters, including supplied evidence (89.8715ms)
✔ candidate, active and retired versions preserve their inputs and have exact transition digests (24.9542ms)
✔ one observation, fabricated evidence bytes and replayed reviews cannot activate a rule (95.2142ms)
✔ reviewer labels and claimed approval booleans do not supply verified review authority (23.9497ms)
✔ explicit rejection remains terminal and contributes no advice (38.6159ms)
✔ prospective expiry is mandatory, bounded, and effective at the exact boundary (98.3277ms)
✔ active capacity cannot expand and supersession retires only the exact predecessor (72.7789ms)
✔ supersession rejects stale targets and cannot cross finding rules (61.9846ms)
✔ active guidance annotates only matching findings without hiding or changing original conclusions (29.1359ms)
✔ broad matching admits at most the finite annotation limit and never truncates an excessive report (435.346ms)
✔ serialized output bytes are admitted before escaped guidance and evidence references fan out (77.9649ms)
✔ later audits honor activation and retirement while the original report stays identical (41.2956ms)
✔ unknown executable, suppression, assignment and permission options are rejected (128.5249ms)
✔ stale reports, foreign scope and altered evidence fail closed (28.7619ms)
✔ canonical digests ignore property insertion order but reject executable and non-finite data (0.3906ms)
✔ reusable corpus validation preserves input and rejects authority claims or altered guidance (17.8534ms)
✔ explicit collector profile requires a hash and cannot relabel a supplied snapshot (3.2442ms)
✔ recurrence requires finite explicit bounds before reading any input (1.1609ms)
✔ finite recurrence reloads snapshot and feedback on every cycle (2.6973ms)
✔ paused and stopped records prevent collection and input reads (2.4988ms)
✔ exhausted persisted attempts reject before snapshot, feedback or live collection (2.8416ms)
✔ watch admits the final allowed attempt and then stops before collecting another snapshot (1.6156ms)
✔ source mismatch refuses before reading snapshot or feedback (1.4266ms)
✔ a failed cycle stops recurrence without retrying or losing the failure (1.7492ms)
✔ first snapshot acquisition failure retains one sanitized failed attempt (364.1423ms)
✔ later corpus acquisition failure preserves earlier accepted evidence and consumes one attempt (965.853ms)
✔ live acquisition failure is retained once without raw error text or a retry (305.7886ms)
✔ pause and stop during failed acquisition remain effective without a new admitted attempt (2275.7491ms)
✔ deadline crossing during failed acquisition prevents late attempt admission (2.1448ms)
✔ interruption during failed acquisition prevents a new admitted attempt (1.6232ms)
✔ duration bounds stop admission after collection without writing a late result (1.627ms)
✔ interruption during an interval exits without another audit (1.5865ms)
✔ control commands delegate exact action, source and reason without collecting (3.727ms)
✔ status exposes bounded metadata and no retained finding text (1.4792ms)
✔ one audit writes source-bound immutable private reports and an advisory handoff (529.5309ms)
✔ fresh capture timestamps and transport metrics alone produce no new report or proposal across restart (783.6218ms)
✔ live state binds the exact selected principal and profile through restart and controls (2864.0585ms)
✔ profile metadata cannot convert supplied evidence or a different live principal into accepted observations (311.5502ms)
✔ changed scoped content produces a new receipt while retaining stable finding dedupe (613.9126ms)
✔ resolved findings are recorded without claiming a remote correction (647.8417ms)
✔ stale input fails and preserves a failed attempt, never reusing previous success (857.7346ms)
✔ future input fails and preserves a failed attempt, never reusing previous success (821.5189ms)
✔ incomplete input fails and preserves a failed attempt, never reusing previous success (759.3621ms)
✔ source drift fails and preserves a failed attempt, never reusing previous success (704.7633ms)
✔ changing the caller source pin cannot migrate an existing directory (618.1408ms)
✔ pause prevents input use, resume retains dedupe, and stop cannot resume (2434.9124ms)
✔ concurrent cycles have one winner and never create duplicate accepted receipts (385.1885ms)
✔ retained locks fail closed without PID reuse or timeout-based recovery (16.6791ms)
✔ incomplete intent and rollback to an older checkpoint refuse replay (636.2682ms)
✔ tampered referenced artifacts are rejected and preserved (350.4865ms)
✔ output-directory redirection refuses writes through a symlink or junction (10.8099ms)
✔ an unexpected output file is retained, not overwritten or removed (19.0454ms)
✔ status rejects unexpected files in initialized state before accepting its control projection (274.3625ms)
✔ missing, traversal-style and incomplete control requests do not create authority (4.8645ms)
✔ live source claims retain the existing collector identity and zero-write metadata (270.703ms)
✔ finite convenience API has explicit bounds and performs no scheduling (1045.6001ms)
✔ state and artifact redirection are not followed on read (334.8417ms)
✔ alter of earlier history is detected after a newer successful cycle (732.4642ms)
✔ delete of earlier history is detected after a newer successful cycle (679.6787ms)
✔ changed implementation pins fail before a new intent is written (432.7969ms)
✔ a directory replaced while a caller holds its lock cannot redirect any artifact write (407.8536ms)
✔ actual corpus activation and retirement change only separately bound advisory output (1436.1507ms)
✔ expiry invalidates cached advisory annotations even without corpus byte changes (1095.7729ms)
✔ mixed retained controls and new cycles enforce one transition bound with a reserved terminal stop (74427.2813ms)
✔ accepted snapshots with omitted optional metadata produce parseable JSON artifacts and replay (673.8661ms)
✔ optional auditor metadata works through the real feedback evidence and recurring consumer bridge (779.3167ms)
✔ policy has the ten requested workstreams and never assigns people (4.0998ms)
✔ classification supports Multiplayer (7.1375ms)
✔ classification supports UX/UI (1.995ms)
✔ classification supports Multi-system execution (1.6639ms)
✔ classification supports Janitor (1.4868ms)
✔ classification supports Dynamic agent teams (1.3137ms)
✔ classification supports DevOps/PR review/branch protection (2.5905ms)
✔ classification supports Security (1.8116ms)
✔ classification supports Agent communication layer (1.5507ms)
✔ classification supports Dark factory automation (2.0271ms)
✔ classification supports Backend scalability / pub-sub (2.5244ms)
✔ classification preserves labels and assignees (12.9819ms)
✔ UX alias means UX/UI (16.8661ms)
✔ an unassigned issue is not a violation (5.7361ms)
✔ full fixture audit has zero mutations and catches closing-link conflict (6.4896ms)
✔ non-closing prose overrides no native link, not unrelated partial references (4.8509ms)
✔ explicit do-not-close linked issue is flagged (3.8899ms)
✔ closed unmerged PR does not close an open issue (5.3658ms)
✔ reopened issue remains open after a historical merged PR (5.9392ms)
✔ no automatic close for several partial PRs (5.5763ms)
✔ only explicit dependency section is interpreted (0.3369ms)
✔ code fences and quoted references are not dependency authority (0.2992ms)
✔ native/text dependency disagreement is flagged (4.8147ms)
✔ matching dependencies do not produce a mismatch (7.056ms)
✔ dependency cycles are bounded and reported once (5.8006ms)
✔ parent hierarchy mismatch and cycle are detected (6.8518ms)
✔ outside-scope dependency is not fetched or treated as complete (4.543ms)
✔ missing local dependency is unverified, not closed (5.4387ms)
✔ open issue marked Done is flagged without changing the board (7.1806ms)
✔ unknown workstream is a review hint, not a rename (6.4093ms)
✔ locked default branch is flagged, without bypass (7.8353ms)
✔ stale PR source head is reported (6.6309ms)
✔ current independent review is accepted as evidence (5.5234ms)
✔ author approval is not current independent human approval (7.752ms)
✔ bot approval is not current independent human approval (5.687ms)
✔ old-head approval is not current independent human approval (6.5144ms)
✔ later comment does not erase a valid prior approval (4.2924ms)
✔ failed checks and requested changes are surfaced (4.7933ms)
✔ missing checks are not a success (5.1737ms)
✔ stale snapshots are labeled (3.9301ms)
✔ future snapshots fail closed (2.082ms)
✔ finding IDs are stable across repeated reads (9.3886ms)
✔ reported secrets are redacted and Markdown is escaped (13.7436ms)
✔ refuses: assign #50 to example-user (6.541ms)
✔ refuses: label #50 multiplayer (6.1917ms)
✔ refuses: close #50 (7.5875ms)
✔ refuses: merge PR #237 (5.7831ms)
✔ refuses: enable auto-merge (5.5954ms)
✔ refuses: delete a branch (5.4055ms)
✔ refuses: approve PR #237 (7.4237ms)
✔ refuses: can you change the rules (5.6548ms)
✔ question answers use recorded evidence and canonical references (5.4771ms)
✔ reverse dependency questions list dependents (5.3667ms)
✔ unknown questions ask for clarification (8.0448ms)
✔ untrusted instruction text grants no tools (5.774ms)
✔ snapshot rejects wrong repo (1.2815ms)
✔ snapshot rejects wrong project (1.1208ms)
✔ snapshot rejects partial coverage (1.177ms)
✔ snapshot rejects wrong count (1.3866ms)
✔ snapshot rejects duplicate issue (1.1921ms)
✔ snapshot rejects hostile URL (1.1543ms)
✔ snapshot rejects hidden project item (1.4173ms)
✔ snapshot rejects cross-repo item (1.2104ms)
✔ snapshot rejects duplicate project item (1.3026ms)
✔ snapshot rejects oversized body (1.4842ms)
✔ collector completes two matching passes with no writes (5.4489ms)
✔ collector rejects issue drift between passes (4.0575ms)
✔ collector rejects incomplete nested dependencies (1.3969ms)
✔ collector rejects a changed PR head/check binding (1.3408ms)
✔ collector rejects repeated pagination cursors (1.4203ms)
✔ collector rejects inaccessible connection entries (0.162ms)
✔ read client verifies Bakar404 and never switches accounts (1.5897ms)
✔ explicit hash-pinned read principal does not change the pilot or read allowlist (29.2564ms)
✔ collector profile rejects changed scope or unsupported fields: repository (13.3032ms)
✔ collector profile rejects changed scope or unsupported fields: project_id (12.0863ms)
✔ collector profile rejects changed scope or unsupported fields: project_number (20.837ms)
✔ collector profile rejects changed scope or unsupported fields: token (10.6091ms)
✔ collector profile rejects changed scope or unsupported fields: url (12.2643ms)
✔ collector profile rejects changed scope or unsupported fields: collector_login (13.4754ms)
✔ collector profile rejects wrong hashes, changed bytes and duplicate keys (33.4984ms)
✔ profiled collection records the actual principal and rejects identity or profile drift (37.0674ms)
✔ read client exposes no arbitrary query or write operation (1.3485ms)
✔ GraphQL cursor remains data, not executable query text (1.4697ms)
✔ GraphQL errors do not become accepted partial data (1.1429ms)
✔ GraphQL reserve prevents further reads (1.1468ms)
✔ collection has an elapsed-time bound (1.5526ms)
✔ dry run uses neither network nor output files (2.4956ms)
✔ CLI rejects apply (0.1959ms)
✔ CLI rejects audit --fixture --live (0.1046ms)
✔ CLI rejects audit --fixture --out ../escape.json (0.159ms)
✔ CLI rejects audit --dry-run --out file.json (0.091ms)
✔ CLI rejects audit --fixture --assign example-user (0.0795ms)
✔ CLI rejects ask --fixture (0.0811ms)
✔ actual CLI dry run works from another directory and has no network intent (178.9138ms)
✔ test chat prepares an evidence-based reply without sending it (5.7151ms)
✔ test chat rejects wrong tenant (0.4916ms)
✔ test chat rejects wrong group (0.2193ms)
✔ test chat rejects personal chat (0.146ms)
✔ test chat rejects other channel (0.1343ms)
✔ test chat ignores messages without a mention (0.1403ms)
✔ test chat ignores its own messages (0.1252ms)
✔ test chat refuses mutation requests (4.1779ms)
✔ no production mode or implicit binding (0.278ms)
ℹ tests 227
ℹ suites 0
ℹ pass 227
ℹ fail 0
ℹ cancelled 0
ℹ skipped 0
ℹ todo 0
ℹ duration_ms 98768.5317
