$ node --test --test-concurrency=2 --test-timeout=180000 scenarios/repo-steward/steward.test.mjs scenarios/repo-steward/actions.test.mjs scenarios/repo-steward/recurring-audit.test.mjs scenarios/repo-steward/feedback.test.mjs scenarios/repo-steward/maintenance.test.mjs scenarios/repo-steward/feedback-cli.test.mjs
✔ Actions preview performs no live reads or summary publication (3.0849ms)
✔ Actions fixture uses the real auditor without GitHub access (56.552ms)
✔ invalid workflow input is rejected during preview without data access (1.4108ms)
✔ hosted live mode rejects non-Actions host before reading data (1.3308ms)
✔ hosted live mode rejects PR event before reading data (0.796ms)
✔ hosted live mode rejects another repository before reading data (0.963ms)
✔ hosted live mode rejects feature branch before reading data (0.3479ms)
✔ hosted live mode rejects another actor before reading data (0.7352ms)
✔ hosted live mode rejects another rerun operator before reading data (0.3916ms)
✔ hosted live mode rejects missing triggering actor before reading data (0.5906ms)
✔ hosted live mode rejects missing source commit before reading data (0.6359ms)
✔ hosted live mode rejects disabled pilot before reading data (0.5042ms)
✔ hosted live mode rejects unapproved public summary before reading data (0.9515ms)
✔ hosted live mode rejects missing credential before reading data (0.3186ms)
✔ hosted live mode rejects blank credential before reading data (0.2308ms)
✔ hosted live mode rejects write-enabled configuration before reading data (0.206ms)
✔ GITHUB_TOKEN does not substitute for Project-readable credentials (0.369ms)
✔ an admitted live path collects once and retains zero mutations (9.1306ms)
✔ collector failure does not produce a successful report (0.4425ms)
✔ stale hosted snapshots fail instead of publishing old findings (9.5969ms)
✔ public summaries never include free-form source or evidence text (8.4483ms)
✔ summary rejects unknown rule (13.0781ms)
✔ summary rejects bad finding id (10.8093ms)
✔ summary rejects foreign reference (8.3938ms)
✔ summary rejects mutation claim (11.9521ms)
✔ summary rejects wrong scope (7.3844ms)
✔ summary rejects invalid timestamp (8.7556ms)
✔ summary rejects bad totals (7.9957ms)
✔ public finding index is bounded without copying omitted details (8.1009ms)
✔ every configured fixture rule has an explicit publication review (7.2232ms)
✔ summary file writes remain inside a supplied native temporary directory (52.2756ms)
✔ Actions CLI rejects unsupported arguments --apply (0.3056ms)
✔ Actions CLI rejects unsupported arguments --live (0.1305ms)
✔ Actions CLI rejects unsupported arguments --live (0.1484ms)
✔ actual fixture CLI needs no hosted secrets or Teams SDK (282.2599ms)
✔ manual workflow keeps first-party actions pinned and live credentials isolated (15.0878ms)
✔ feedback CLI rejects unsupported, missing and duplicate transition arguments (3.1796ms)
✔ new-file corpus output preserves the previous version and refuses overwrite (28.0132ms)
✔ initializing a corpus binds the validated input scope without changing its snapshot (72.2162ms)
✔ partial snapshot cannot create a corpus file (35.431ms)
✔ redirected output parent is refused without writing through it (7.7661ms)
✔ review evidence must be a file and cannot use a directory as a digest source (69.3064ms)
✔ review CLI records the exact binary digest and closes its descriptor (126.1114ms)
✔ same-size review replacement between metadata check and open cannot update a corpus (139.4361ms)
✔ review parent swapped for a symlink or junction before open is rejected (45.2716ms)
✔ same-size pathname replacement after descriptor read is rejected (40.5149ms)
✔ same-size in-place review rewrite cannot hide behind a restored modification time (34.5634ms)
✔ review growth after open stays within its original byte bound and is rejected (29.6662ms)
✔ bounded review reads handle partial reads and reject empty or oversized files (18.188ms)
✔ native behavioral evidence remains candidate with original local source and no finding impersonation (65.114ms)
✔ native behavioral activation is denied for mixed support and forged active or retired history (50.3139ms)
✔ native behavioral candidates can be rejected without widening legacy review authority (55.9293ms)
✔ native behavioral bytes, identity claims, source and repeated runs remain validated (133.5411ms)
✔ evidence binds actual audit finding and supplied snapshot without certifying collection or identity (10.6616ms)
✔ accepted missing Project status binds the native serialized report and finding in evidence and observations (43.5546ms)
✔ auditor optional-field normalization retains strict data-only feedback and report validation (62.4046ms)
✔ timestamp-only or unrelated snapshot changes do not manufacture repeated supporting evidence (38.4314ms)
✔ partial, cross-scope, stale or missing findings cannot become feedback evidence (12.8034ms)
✔ feedback source pins accept exactly 40 or 64 hexadecimal characters, including supplied evidence (71.5619ms)
✔ candidate, active and retired versions preserve their inputs and have exact transition digests (50.207ms)
✔ one observation, fabricated evidence bytes and replayed reviews cannot activate a rule (90.067ms)
✔ reviewer labels and claimed approval booleans do not supply verified review authority (36.6325ms)
✔ explicit rejection remains terminal and contributes no advice (58.5732ms)
✔ prospective expiry is mandatory, bounded, and effective at the exact boundary (142.0615ms)
✔ active capacity cannot expand and supersession retires only the exact predecessor (82.1816ms)
✔ supersession rejects stale targets and cannot cross finding rules (52.691ms)
✔ active guidance annotates only matching findings without hiding or changing original conclusions (27.3101ms)
✔ broad matching admits at most the finite annotation limit and never truncates an excessive report (378.3591ms)
✔ serialized output bytes are admitted before escaped guidance and evidence references fan out (66.3134ms)
✔ later audits honor activation and retirement while the original report stays identical (51.946ms)
✔ unknown executable, suppression, assignment and permission options are rejected (175.5503ms)
✔ stale reports, foreign scope and altered evidence fail closed (30.8744ms)
✔ canonical digests ignore property insertion order but reject executable and non-finite data (0.5771ms)
✔ reusable corpus validation preserves input and rejects authority claims or altered guidance (16.5277ms)
✔ explicit collector profile requires a hash and cannot relabel a supplied snapshot (2.9093ms)
✔ recurrence requires finite explicit bounds before reading any input (0.8431ms)
✔ finite recurrence reloads snapshot and feedback on every cycle (2.8587ms)
✔ paused and stopped records prevent collection and input reads (2.4954ms)
✔ exhausted persisted attempts reject before snapshot, feedback or live collection (2.9714ms)
✔ watch admits the final allowed attempt and then stops before collecting another snapshot (1.7203ms)
✔ source mismatch refuses before reading snapshot or feedback (1.6966ms)
✔ a failed cycle stops recurrence without retrying or losing the failure (1.9389ms)
✔ first snapshot acquisition failure retains one sanitized failed attempt (369.1352ms)
✔ later corpus acquisition failure preserves earlier accepted evidence and consumes one attempt (1046.9775ms)
✔ live acquisition failure is retained once without raw error text or a retry (348.4348ms)
✔ pause and stop during failed acquisition remain effective without a new admitted attempt (2687.8142ms)
✔ deadline crossing during failed acquisition prevents late attempt admission (2.0694ms)
✔ interruption during failed acquisition prevents a new admitted attempt (1.3695ms)
✔ duration bounds stop admission after collection without writing a late result (1.4625ms)
✔ interruption during an interval exits without another audit (1.4608ms)
✔ control commands delegate exact action, source and reason without collecting (3.0864ms)
✔ status exposes bounded metadata and no retained finding text (1.3389ms)
✔ one audit writes source-bound immutable private reports and an advisory handoff (588.0362ms)
✔ fresh capture timestamps and transport metrics alone produce no new report or proposal across restart (835.8428ms)
✔ live state binds the exact selected principal and profile through restart and controls (3888.4058ms)
✔ profile metadata cannot convert supplied evidence or a different live principal into accepted observations (431.8749ms)
✔ changed scoped content produces a new receipt while retaining stable finding dedupe (745.9158ms)
✔ resolved findings are recorded without claiming a remote correction (696.0381ms)
✔ stale input fails and preserves a failed attempt, never reusing previous success (1037.172ms)
✔ future input fails and preserves a failed attempt, never reusing previous success (784.3899ms)
✔ incomplete input fails and preserves a failed attempt, never reusing previous success (750.6374ms)
✔ source drift fails and preserves a failed attempt, never reusing previous success (802.0246ms)
✔ changing the caller source pin cannot migrate an existing directory (561.955ms)
✔ pause prevents input use, resume retains dedupe, and stop cannot resume (2810.7933ms)
✔ concurrent cycles have one winner and never create duplicate accepted receipts (411.1208ms)
✔ retained locks fail closed without PID reuse or timeout-based recovery (17.7886ms)
✔ incomplete intent and rollback to an older checkpoint refuse replay (650.3454ms)
✔ tampered referenced artifacts are rejected and preserved (369.9772ms)
✔ output-directory redirection refuses writes through a symlink or junction (11.9331ms)
✔ an unexpected output file is retained, not overwritten or removed (20.4614ms)
✔ status rejects unexpected files in initialized state before accepting its control projection (248.6567ms)
✔ missing, traversal-style and incomplete control requests do not create authority (4.2506ms)
✔ live source claims retain the existing collector identity and zero-write metadata (338.2504ms)
✔ finite convenience API has explicit bounds and performs no scheduling (1162.0112ms)
✔ state and artifact redirection are not followed on read (309.112ms)
✔ alter of earlier history is detected after a newer successful cycle (745.1684ms)
✔ delete of earlier history is detected after a newer successful cycle (749.6555ms)
✔ changed implementation pins fail before a new intent is written (428.4342ms)
✔ a directory replaced while a caller holds its lock cannot redirect any artifact write (376.6894ms)
✔ actual corpus activation and retirement change only separately bound advisory output (1544.4374ms)
✔ expiry invalidates cached advisory annotations even without corpus byte changes (724.0998ms)
✔ mixed retained controls and new cycles enforce one transition bound with a reserved terminal stop (78601.9094ms)
✔ accepted snapshots with omitted optional metadata produce parseable JSON artifacts and replay (566.4861ms)
✔ optional auditor metadata works through the real feedback evidence and recurring consumer bridge (692.3641ms)
✔ policy has the ten requested workstreams and never assigns people (5.0369ms)
✔ classification supports Multiplayer (12.6979ms)
✔ classification supports UX/UI (3.1596ms)
✔ classification supports Multi-system execution (2.6558ms)
✔ classification supports Janitor (2.3562ms)
✔ classification supports Dynamic agent teams (2.6534ms)
✔ classification supports DevOps/PR review/branch protection (3.5635ms)
✔ classification supports Security (1.9878ms)
✔ classification supports Agent communication layer (2.4131ms)
✔ classification supports Dark factory automation (2.2366ms)
✔ classification supports Backend scalability / pub-sub (1.9128ms)
✔ classification preserves labels and assignees (22.6109ms)
✔ UX alias means UX/UI (37.9522ms)
✔ an unassigned issue is not a violation (14.8176ms)
✔ full fixture audit has zero mutations and catches closing-link conflict (11.0525ms)
✔ non-closing prose overrides no native link, not unrelated partial references (7.2915ms)
✔ explicit do-not-close linked issue is flagged (6.6124ms)
✔ closed unmerged PR does not close an open issue (7.6069ms)
✔ reopened issue remains open after a historical merged PR (6.5351ms)
✔ no automatic close for several partial PRs (8.0243ms)
✔ only explicit dependency section is interpreted (0.2734ms)
✔ code fences and quoted references are not dependency authority (0.2756ms)
✔ native/text dependency disagreement is flagged (7.5247ms)
✔ matching dependencies do not produce a mismatch (4.763ms)
✔ dependency cycles are bounded and reported once (5.1157ms)
✔ parent hierarchy mismatch and cycle are detected (5.5197ms)
✔ outside-scope dependency is not fetched or treated as complete (4.4046ms)
✔ missing local dependency is unverified, not closed (4.5679ms)
✔ open issue marked Done is flagged without changing the board (6.4615ms)
✔ unknown workstream is a review hint, not a rename (5.0018ms)
✔ locked default branch is flagged, without bypass (7.836ms)
✔ stale PR source head is reported (4.6543ms)
✔ current independent review is accepted as evidence (6.9583ms)
✔ author approval is not current independent human approval (7.2041ms)
✔ bot approval is not current independent human approval (5.32ms)
✔ old-head approval is not current independent human approval (4.6812ms)
✔ later comment does not erase a valid prior approval (5.1286ms)
✔ failed checks and requested changes are surfaced (5.5781ms)
✔ missing checks are not a success (4.0521ms)
✔ stale snapshots are labeled (3.7557ms)
✔ future snapshots fail closed (1.8349ms)
✔ finding IDs are stable across repeated reads (10.0395ms)
✔ reported secrets are redacted and Markdown is escaped (14.4012ms)
✔ refuses: assign #50 to example-user (7.7711ms)
✔ refuses: label #50 multiplayer (7.0675ms)
✔ refuses: close #50 (7.5196ms)
✔ refuses: merge PR #237 (7.2563ms)
✔ refuses: enable auto-merge (7.5837ms)
✔ refuses: delete a branch (6.7802ms)
✔ refuses: approve PR #237 (10.26ms)
✔ refuses: can you change the rules (7.46ms)
✔ question answers use recorded evidence and canonical references (6.2964ms)
✔ reverse dependency questions list dependents (7.7381ms)
✔ unknown questions ask for clarification (8.7574ms)
✔ untrusted instruction text grants no tools (8.6236ms)
✔ snapshot rejects wrong repo (1.6985ms)
✔ snapshot rejects wrong project (1.1571ms)
✔ snapshot rejects partial coverage (1.1004ms)
✔ snapshot rejects wrong count (1.0922ms)
✔ snapshot rejects duplicate issue (1.2672ms)
✔ snapshot rejects hostile URL (1.6253ms)
✔ snapshot rejects hidden project item (1.2827ms)
✔ snapshot rejects cross-repo item (1.6617ms)
✔ snapshot rejects duplicate project item (1.9557ms)
✔ snapshot rejects oversized body (1.6933ms)
✔ collector completes two matching passes with no writes (7.1097ms)
✔ collector rejects issue drift between passes (4.1059ms)
✔ collector rejects incomplete nested dependencies (1.4676ms)
✔ collector rejects a changed PR head/check binding (1.5101ms)
✔ collector rejects repeated pagination cursors (1.4673ms)
✔ collector rejects inaccessible connection entries (0.2056ms)
✔ read client verifies Bakar404 and never switches accounts (2.1289ms)
✔ explicit hash-pinned read principal does not change the pilot or read allowlist (21.3549ms)
✔ collector profile rejects changed scope or unsupported fields: repository (23.6474ms)
✔ collector profile rejects changed scope or unsupported fields: project_id (19.4262ms)
✔ collector profile rejects changed scope or unsupported fields: project_number (24.153ms)
✔ collector profile rejects changed scope or unsupported fields: token (23.4355ms)
✔ collector profile rejects changed scope or unsupported fields: url (24.9392ms)
✔ collector profile rejects changed scope or unsupported fields: collector_login (27.0614ms)
✔ collector profile rejects wrong hashes, changed bytes and duplicate keys (66.9877ms)
✔ profiled collection records the actual principal and rejects identity or profile drift (54.0043ms)
✔ read client exposes no arbitrary query or write operation (2.0039ms)
✔ GraphQL cursor remains data, not executable query text (1.5635ms)
✔ GraphQL errors do not become accepted partial data (1.5707ms)
✔ GraphQL reserve prevents further reads (1.5677ms)
✔ collection has an elapsed-time bound (1.5356ms)
✔ dry run uses neither network nor output files (1.7935ms)
✔ CLI rejects apply (0.2251ms)
✔ CLI rejects audit --fixture --live (0.1716ms)
✔ CLI rejects audit --fixture --out ../escape.json (1.176ms)
✔ CLI rejects audit --dry-run --out file.json (0.1697ms)
✔ CLI rejects audit --fixture --assign example-user (0.214ms)
✔ CLI rejects ask --fixture (0.1851ms)
✔ actual CLI dry run works from another directory and has no network intent (214.4738ms)
✔ test chat prepares an evidence-based reply without sending it (8.6209ms)
✔ test chat rejects wrong tenant (0.5469ms)
✔ test chat rejects wrong group (0.2851ms)
✔ test chat rejects personal chat (0.2474ms)
✔ test chat rejects other channel (0.222ms)
✔ test chat ignores messages without a mention (0.1993ms)
✔ test chat ignores its own messages (0.1677ms)
✔ test chat refuses mutation requests (5.3109ms)
✔ no production mode or implicit binding (0.3366ms)
ℹ tests 227
ℹ suites 0
ℹ pass 227
ℹ fail 0
ℹ cancelled 0
ℹ skipped 0
ℹ todo 0
ℹ duration_ms 105008.7632
