DERIVED LOG: complete stdout, then complete stderr; not chronological interleaving.
=== STDOUT ===
✔ Actions preview performs no live reads or summary publication (2.7949ms)
✔ Actions fixture uses the real auditor without GitHub access (66.6248ms)
✔ invalid workflow input is rejected during preview without data access (1.9748ms)
✔ hosted live mode rejects non-Actions host before reading data (1.4087ms)
✔ hosted live mode rejects PR event before reading data (0.4098ms)
✔ hosted live mode rejects another repository before reading data (0.3304ms)
✔ hosted live mode rejects feature branch before reading data (0.3853ms)
✔ hosted live mode rejects another actor before reading data (0.2624ms)
✔ hosted live mode rejects another rerun operator before reading data (1.2448ms)
✔ hosted live mode rejects missing triggering actor before reading data (0.4534ms)
✔ hosted live mode rejects missing source commit before reading data (0.4391ms)
✔ hosted live mode rejects disabled pilot before reading data (0.2553ms)
✔ hosted live mode rejects unapproved public summary before reading data (0.2948ms)
✔ hosted live mode rejects missing credential before reading data (0.7834ms)
✔ hosted live mode rejects blank credential before reading data (0.1942ms)
✔ hosted live mode rejects write-enabled configuration before reading data (0.2687ms)
✔ GITHUB_TOKEN does not substitute for Project-readable credentials (0.3249ms)
✔ an admitted live path collects once and retains zero mutations (10.598ms)
✔ collector failure does not produce a successful report (0.676ms)
✔ stale hosted snapshots fail instead of publishing old findings (11.1304ms)
✔ public summaries never include free-form source or evidence text (13.5007ms)
✔ summary rejects unknown rule (10.4861ms)
✔ summary rejects bad finding id (10.2502ms)
✔ summary rejects foreign reference (8.0722ms)
✔ summary rejects mutation claim (11.9279ms)
✔ summary rejects wrong scope (17.4123ms)
✔ summary rejects invalid timestamp (10.8334ms)
✔ summary rejects bad totals (13.1381ms)
✔ public finding index is bounded without copying omitted details (17.8699ms)
✔ every configured fixture rule has an explicit publication review (46.1513ms)
✔ summary file writes remain inside a supplied native temporary directory (25.1343ms)
✔ Actions CLI rejects unsupported arguments --apply (0.322ms)
✔ Actions CLI rejects unsupported arguments --live (0.1667ms)
✔ Actions CLI rejects unsupported arguments --live (0.1547ms)
✔ actual fixture CLI needs no hosted secrets or Teams SDK (281.0601ms)
✔ manual workflow keeps first-party actions pinned and live credentials isolated (13.6378ms)
✔ feedback CLI rejects unsupported, missing and duplicate transition arguments (3.0711ms)
✔ new-file corpus output preserves the previous version and refuses overwrite (50.8125ms)
✔ initializing a corpus binds the validated input scope without changing its snapshot (109.5178ms)
✔ partial snapshot cannot create a corpus file (90.4364ms)
✔ redirected output parent is refused without writing through it (5.5213ms)
✔ review evidence must be a file and cannot use a directory as a digest source (81.9172ms)
✔ review CLI records the exact binary digest and closes its descriptor (161.2394ms)
✔ same-size review replacement between metadata check and open cannot update a corpus (122.6931ms)
✔ review parent swapped for a symlink or junction before open is rejected (44.8682ms)
✔ same-size pathname replacement after descriptor read is rejected (69.4367ms)
✔ same-size in-place review rewrite cannot hide behind a restored modification time (56.0046ms)
✔ review growth after open stays within its original byte bound and is rejected (40.023ms)
✔ bounded review reads handle partial reads and reject empty or oversized files (62.6127ms)
✔ native behavioral evidence remains candidate with original local source and no finding impersonation (154.8268ms)
✔ native behavioral activation is denied for mixed support and forged active or retired history (135.9198ms)
✔ native behavioral candidates can be rejected without widening legacy review authority (102.8511ms)
✔ native behavioral bytes, identity claims, source and repeated runs remain validated (366.3604ms)
✔ evidence binds actual audit finding and supplied snapshot without certifying collection or identity (19.2099ms)
✔ accepted missing Project status binds the native serialized report and finding in evidence and observations (129.2861ms)
✔ auditor optional-field normalization retains strict data-only feedback and report validation (149.4532ms)
✔ timestamp-only or unrelated snapshot changes do not manufacture repeated supporting evidence (61.0115ms)
✔ partial, cross-scope, stale or missing findings cannot become feedback evidence (65.7588ms)
✔ feedback source pins accept exactly 40 or 64 hexadecimal characters, including supplied evidence (172.6642ms)
✔ candidate, active and retired versions preserve their inputs and have exact transition digests (29.953ms)
✔ one observation, fabricated evidence bytes and replayed reviews cannot activate a rule (227.031ms)
✔ reviewer labels and claimed approval booleans do not supply verified review authority (36.2426ms)
✔ explicit rejection remains terminal and contributes no advice (101.4663ms)
✔ prospective expiry is mandatory, bounded, and effective at the exact boundary (217.9877ms)
✔ active capacity cannot expand and supersession retires only the exact predecessor (137.55ms)
✔ supersession rejects stale targets and cannot cross finding rules (111.9271ms)
✔ active guidance annotates only matching findings without hiding or changing original conclusions (68.5181ms)
✔ broad matching admits at most the finite annotation limit and never truncates an excessive report (772.6911ms)
✔ serialized output bytes are admitted before escaped guidance and evidence references fan out (177.1317ms)
✔ later audits honor activation and retirement while the original report stays identical (71.4098ms)
✔ unknown executable, suppression, assignment and permission options are rejected (350.1456ms)
✔ stale reports, foreign scope and altered evidence fail closed (60.1491ms)
✔ canonical digests ignore property insertion order but reject executable and non-finite data (0.7033ms)
✔ reusable corpus validation preserves input and rejects authority claims or altered guidance (32.7677ms)
✔ explicit collector profile requires a hash and cannot relabel a supplied snapshot (5.4585ms)
✔ recurrence requires finite explicit bounds before reading any input (1.1508ms)
✔ finite recurrence reloads snapshot and feedback on every cycle (4.7129ms)
✔ paused and stopped records prevent collection and input reads (4.9884ms)
✔ exhausted persisted attempts reject before snapshot, feedback or live collection (6.4521ms)
✔ watch admits the final allowed attempt and then stops before collecting another snapshot (3.4635ms)
✔ source mismatch refuses before reading snapshot or feedback (2.0857ms)
✔ a failed cycle stops recurrence without retrying or losing the failure (2.5588ms)
✔ first snapshot acquisition failure retains one sanitized failed attempt (401.9362ms)
✔ later corpus acquisition failure preserves earlier accepted evidence and consumes one attempt (843.1609ms)
✔ live acquisition failure is retained once without raw error text or a retry (260.9225ms)
✔ pause and stop during failed acquisition remain effective without a new admitted attempt (1738.1402ms)
✔ deadline crossing during failed acquisition prevents late attempt admission (2.3197ms)
✔ interruption during failed acquisition prevents a new admitted attempt (1.5962ms)
✔ duration bounds stop admission after collection without writing a late result (1.6055ms)
✔ interruption during an interval exits without another audit (1.7224ms)
✔ control commands delegate exact action, source and reason without collecting (3.9467ms)
✔ status exposes bounded metadata and no retained finding text (1.4205ms)
✔ one audit writes source-bound immutable private reports and an advisory handoff (391.3348ms)
✔ fresh capture timestamps and transport metrics alone produce no new report or proposal across restart (658.9282ms)
✔ live state binds the exact selected principal and profile through restart and controls (2747.8048ms)
✔ profile metadata cannot convert supplied evidence or a different live principal into accepted observations (495.423ms)
✔ changed scoped content produces a new receipt while retaining stable finding dedupe (778.427ms)
✔ resolved findings are recorded without claiming a remote correction (992.4899ms)
✔ stale input fails and preserves a failed attempt, never reusing previous success (1098.4026ms)
✔ future input fails and preserves a failed attempt, never reusing previous success (673.6244ms)
✔ incomplete input fails and preserves a failed attempt, never reusing previous success (687.8227ms)
✔ source drift fails and preserves a failed attempt, never reusing previous success (618.6259ms)
✔ changing the caller source pin cannot migrate an existing directory (448.6777ms)
✔ pause prevents input use, resume retains dedupe, and stop cannot resume (2465.6046ms)
✔ concurrent cycles have one winner and never create duplicate accepted receipts (430.9766ms)
✔ retained locks fail closed without PID reuse or timeout-based recovery (22.9323ms)
✔ incomplete intent and rollback to an older checkpoint refuse replay (707.9807ms)
✔ tampered referenced artifacts are rejected and preserved (524.9683ms)
✔ output-directory redirection refuses writes through a symlink or junction (10.5313ms)
✔ an unexpected output file is retained, not overwritten or removed (22.1173ms)
✔ status rejects unexpected files in initialized state before accepting its control projection (276.7462ms)
✔ missing, traversal-style and incomplete control requests do not create authority (7.3314ms)
✔ live source claims retain the existing collector identity and zero-write metadata (298.7311ms)
✔ finite convenience API has explicit bounds and performs no scheduling (1139.6717ms)
✔ state and artifact redirection are not followed on read (325.6608ms)
✔ alter of earlier history is detected after a newer successful cycle (788.5486ms)
✔ delete of earlier history is detected after a newer successful cycle (799.2147ms)
✔ changed implementation pins fail before a new intent is written (414.8792ms)
✔ a directory replaced while a caller holds its lock cannot redirect any artifact write (365.4611ms)
✔ actual corpus activation and retirement change only separately bound advisory output (1488.954ms)
✔ expiry invalidates cached advisory annotations even without corpus byte changes (763.235ms)
✔ mixed retained controls and new cycles enforce one transition bound with a reserved terminal stop (58954.3285ms)
✔ accepted snapshots with omitted optional metadata produce parseable JSON artifacts and replay (572.9933ms)
✔ optional auditor metadata works through the real feedback evidence and recurring consumer bridge (638.0101ms)
✔ policy has the ten requested workstreams and never assigns people (7.199ms)
✔ classification supports Multiplayer (14.2209ms)
✔ classification supports UX/UI (2.8538ms)
✔ classification supports Multi-system execution (3.5529ms)
✔ classification supports Janitor (2.1481ms)
✔ classification supports Dynamic agent teams (2.4109ms)
✔ classification supports DevOps/PR review/branch protection (11.2334ms)
✔ classification supports Security (2.514ms)
✔ classification supports Agent communication layer (2.3179ms)
✔ classification supports Dark factory automation (2.0713ms)
✔ classification supports Backend scalability / pub-sub (2.3959ms)
✔ classification preserves labels and assignees (35.2134ms)
✔ UX alias means UX/UI (56.8743ms)
✔ an unassigned issue is not a violation (9.5619ms)
✔ full fixture audit has zero mutations and catches closing-link conflict (8.4296ms)
✔ non-closing prose overrides no native link, not unrelated partial references (7.312ms)
✔ explicit do-not-close linked issue is flagged (9.9812ms)
✔ closed unmerged PR does not close an open issue (11.3619ms)
✔ reopened issue remains open after a historical merged PR (7.5205ms)
✔ no automatic close for several partial PRs (8.3575ms)
✔ only explicit dependency section is interpreted (0.3607ms)
✔ code fences and quoted references are not dependency authority (0.364ms)
✔ native/text dependency disagreement is flagged (9.2895ms)
✔ matching dependencies do not produce a mismatch (10.1818ms)
✔ dependency cycles are bounded and reported once (14.7382ms)
✔ parent hierarchy mismatch and cycle are detected (6.9904ms)
✔ outside-scope dependency is not fetched or treated as complete (7.1115ms)
✔ missing local dependency is unverified, not closed (6.89ms)
✔ open issue marked Done is flagged without changing the board (40.2712ms)
✔ unknown workstream is a review hint, not a rename (9.4958ms)
✔ locked default branch is flagged, without bypass (8.7743ms)
✔ stale PR source head is reported (6.4944ms)
✔ current independent review is accepted as evidence (8.8808ms)
✔ author approval is not current independent human approval (11.3608ms)
✔ bot approval is not current independent human approval (10.1137ms)
✔ old-head approval is not current independent human approval (6.3705ms)
✔ later comment does not erase a valid prior approval (6.9633ms)
✔ failed checks and requested changes are surfaced (11.4206ms)
✔ missing checks are not a success (7.0442ms)
✔ stale snapshots are labeled (40.6315ms)
✔ future snapshots fail closed (2.8904ms)
✔ finding IDs are stable across repeated reads (14.2229ms)
✔ reported secrets are redacted and Markdown is escaped (18.2363ms)
✔ refuses: assign #50 to example-user (10.0893ms)
✔ refuses: label #50 multiplayer (7.5499ms)
✔ refuses: close #50 (7.5073ms)
✔ refuses: merge PR #237 (7.1978ms)
✔ refuses: enable auto-merge (14.3057ms)
✔ refuses: delete a branch (18.8863ms)
✔ refuses: approve PR #237 (9.821ms)
✔ refuses: can you change the rules (9.3327ms)
✔ question answers use recorded evidence and canonical references (8.3146ms)
✔ reverse dependency questions list dependents (51.6293ms)
✔ unknown questions ask for clarification (13.6108ms)
✔ untrusted instruction text grants no tools (8.8942ms)
✔ snapshot rejects wrong repo (1.6075ms)
✔ snapshot rejects wrong project (1.3516ms)
✔ snapshot rejects partial coverage (1.4353ms)
✔ snapshot rejects wrong count (1.5698ms)
✔ snapshot rejects duplicate issue (2.541ms)
✔ snapshot rejects hostile URL (1.7212ms)
✔ snapshot rejects hidden project item (1.7368ms)
✔ snapshot rejects cross-repo item (1.7511ms)
✔ snapshot rejects duplicate project item (5.3021ms)
✔ snapshot rejects oversized body (4.5909ms)
✔ collector completes two matching passes with no writes (10.4004ms)
✔ collector rejects issue drift between passes (10.0868ms)
✔ collector rejects incomplete nested dependencies (1.8647ms)
✔ collector rejects a changed PR head/check binding (2.5222ms)
✔ collector rejects repeated pagination cursors (1.8352ms)
✔ collector rejects inaccessible connection entries (0.2413ms)
✔ read client verifies Bakar404 and never switches accounts (1.9608ms)
✔ explicit hash-pinned read principal does not change the pilot or read allowlist (33.445ms)
✔ collector profile rejects changed scope or unsupported fields: repository (76.9311ms)
✔ collector profile rejects changed scope or unsupported fields: project_id (31.3711ms)
✔ collector profile rejects changed scope or unsupported fields: project_number (25.7656ms)
✔ collector profile rejects changed scope or unsupported fields: token (24.0403ms)
✔ collector profile rejects changed scope or unsupported fields: url (23.8302ms)
✔ collector profile rejects changed scope or unsupported fields: collector_login (53.4101ms)
✔ collector profile rejects wrong hashes, changed bytes and duplicate keys (89.0281ms)
✔ profiled collection records the actual principal and rejects identity or profile drift (151.1895ms)
✔ read client exposes no arbitrary query or write operation (2.5035ms)
✔ GraphQL cursor remains data, not executable query text (1.906ms)
✔ GraphQL errors do not become accepted partial data (1.3541ms)
✔ GraphQL reserve prevents further reads (1.5696ms)
✔ collection has an elapsed-time bound (1.5839ms)
✔ dry run uses neither network nor output files (3.0273ms)
✔ CLI rejects apply (0.2862ms)
✔ CLI rejects audit --fixture --live (0.1758ms)
✔ CLI rejects audit --fixture --out ../escape.json (0.243ms)
✔ CLI rejects audit --dry-run --out file.json (0.2258ms)
✔ CLI rejects audit --fixture --assign example-user (0.1478ms)
✔ CLI rejects ask --fixture (0.2044ms)
✔ actual CLI dry run works from another directory and has no network intent (260.0276ms)
✔ test chat prepares an evidence-based reply without sending it (20.4925ms)
✔ test chat rejects wrong tenant (0.5912ms)
✔ test chat rejects wrong group (0.2399ms)
✔ test chat rejects personal chat (0.3079ms)
✔ test chat rejects other channel (0.2508ms)
✔ test chat ignores messages without a mention (0.2256ms)
✔ test chat ignores its own messages (0.2005ms)
✔ test chat refuses mutation requests (7.3446ms)
✔ no production mode or implicit binding (0.3993ms)
ℹ tests 227
ℹ suites 0
ℹ pass 227
ℹ fail 0
ℹ cancelled 0
ℹ skipped 0
ℹ todo 0
ℹ duration_ms 85545.6

=== STDERR ===
$ node --test --test-concurrency=2 --test-timeout=180000 scenarios/repo-steward/steward.test.mjs scenarios/repo-steward/actions.test.mjs scenarios/repo-steward/recurring-audit.test.mjs scenarios/repo-steward/feedback.test.mjs scenarios/repo-steward/maintenance.test.mjs scenarios/repo-steward/feedback-cli.test.mjs
