QA factory dry-run passed; executing the approved synthetic issue.
{
  "status": "recovery_passed",
  "report": "<USERPROFILE>\\code\\q232-b2\\qa\\issue-50-factory-recovery\\attempts\\20260928001921609\\report.json",
  "resume": {
    "status": 200,
    "body": {
      "run_id": "d54ee331-7921-44d0-ae03-308f8fa71dcd",
      "runner_id": "runner-qa-issue50",
      "provider_session_id": "08771f9e-09a9-4944-87fd-ceec5ac00e4d"
    },
    "payload": {
      "requested_by": "00000000-0000-4000-8000-000000000011",
      "prompt": "Continue the prior session in the same repository. Inspect the current state, complete any remaining mission work, and verify the result."
    }
  },
  "cleanup": [
    {
      "name": "runner-restarted",
      "status": "stopped_verified_qa_process",
      "pid": 12984
    },
    {
      "name": "server-restarted",
      "status": "stopped_verified_qa_process",
      "pid": 35236
    },
    {
      "name": "web",
      "status": "stopped_verified_qa_process",
      "pid": 25828
    },
    {
      "name": "runner",
      "status": "already_exited"
    },
    {
      "name": "server",
      "status": "already_exited"
    },
    {
      "name": "postgres",
      "status": "stopped_verified_qa_process",
      "pid": 27520
    }
  ],
  "retained_unchanged": null,
  "ports_after": []
}
