✔ history shows loading, applied scope, safe details and explicit partial-history limits (71.676ms)
✔ next/previous use server cursors and preserve the applied query until explicit refresh (40.203ms)
✔ draft input does not silently change applied filters; invalid IDs make no request (99.743ms)
✔ causal navigation clears incompatible filters and names the exact event with no payload rendering (9.2902ms)
✔ revocation, disconnect and stale responses cannot retain or substitute history rows (35.9079ms)
✔ Factory exact-run navigation replaces a remembered newer outcome before mission remount (3.8496ms)
✔ run navigation ignores the duplicate activity marker in a hidden Factory tab (12.2993ms)
✔ artifact navigation chooses its exact producer while mission-only navigation preserves the current choice (1.2226ms)
✔ unavailable run/task/mission cannot overwrite remembered evidence or open another run (2.3888ms)
✔ storage failure or obsolete viewer fails closed before navigation (2.4583ms)
✔ explicit navigation writes only the selected viewer scope and exact work identities (1.3279ms)
✔ task-only navigation clears a saved run from another task and persists across reload (1.1889ms)
✔ room links require the current viewer and a visible room and never alter saved work (2.4871ms)
✔ reload keeps the decided run instead of the other pending review or a newer worker (2.1432ms)
✔ remembered evidence is scoped to the API server, Corp, actor and mission (0.4464ms)
✔ missing remembered work never silently substitutes another visible review (0.2884ms)
✔ unreadable or malformed stored context requires explicit selection, not the next review (0.4249ms)
✔ a first visit is distinct from unreadable history; failed writes do not throw (0.2376ms)
✔ only the selected run ID is stored; reviews and authority never enter browser persistence (1.3036ms)
✔ MissionCard scopes remounts, pins initial evidence and fails closed when persistence fails (11.8618ms)
✔ issue50 exact ordinary budget suspension retains native provider resume beside optional checkpoint verification (4.0113ms)
✔ issue210 only the explicit server flag adds correction to a native checkpoint (0.7818ms)
✔ issue210 verifier availability is independent of correction and missing availability preserves legacy behavior (1.6129ms)
✔ issue210 revision source is the exact server-selected verifier, with no cross-item fallback (0.7237ms)
✔ only native proof plus its cancellation marker exposes source-only checkpoint verification (0.3672ms)
✔ a running checkpoint needs no cancellation repair, and ordinary verification failure stays compatible (0.282ms)
✔ missing/tampered source, checkpoint, head, active recovery or terminal outcome offers no new recovery (0.5391ms)
✔ context requests are not recovery grants and never depend on inferred mission spend/status (0.3271ms)
✔ copied command binding retains the saved connection and never falls back on malformed metadata (0.4264ms)
✔ issue50 actual recovery scope invalidates old responses on budget proposals and decisions without a Factory version change (110.6832ms)
✔ issue50 actual App budget controls require a fresh approved context and explicitly POST the same suspended source (386.5911ms)
✔ actual presentation selects the endpoint source, not the newest visible run or mission cancellation (26.5363ms)
✔ issue210 presentation separates provider-free verification from a budgeted same-session fix (15.368ms)
✔ issue210 source-only and unavailable checkpoint presentations never suggest generic recovery (24.1553ms)
✔ actual context loader is GET-only and admits the exact item/version/mission checkpoint (27.3014ms)
✔ actual context loader rejects stale/cross-scope and malformed flags without snapshot fallback (122.7881ms)
✔ issue210 actual loader accepts boolean correction flags and defaults missing legacy authority closed (28.5011ms)
✔ issue210 exact loader retains true, false and missing checkpoint availability without granting another mode (29.0163ms)
✔ actual UI action copies only explicit checkpoint verification with the original scope/connection (114.2468ms)
✔ issue210 actual correction action retains the original CLI route, source and connection (218.3037ms)
✔ issue210 actual card drops correction authority immediately when item, version or actor changes (197.412ms)
✔ issue210 actual contract submission uses the scoped verifier, not its provider ancestor (30.8089ms)
✔ issue210 editor loading, errors, stale context and denied correction cannot fall back or submit (176.0965ms)
✔ issue210 ordinary contract resume, redispatch and requester/role boundaries stay intact (52.6595ms)
✔ issue210 actual source-only context copies correction and revises the exact verifier; no-mode context does neither (121.4048ms)
✔ actual resume handler and rendered provider control respect native recovery blocking (5.795ms)
✔ actual App Resume control survives an ineligible ordinary Factory recovery lookup and uses the native actor-bound POST (144.1341ms)
✔ issue221 explicit provider-correction permission permits null head without granting checkpoint or generic resume (0.8905ms)
✔ issue221 actual context reader retains null head/current provider proof and malformed heads remain non-actionable (237.3379ms)
✔ issue221 actual copy/revision actions use only source correction for the latest failed provider with null head (177.0321ms)
✔ all four histories have validated identity, ordering and an explicit next page (5.4079ms)
✔ requests encode literal search and scope without adding mutation authority (0.8884ms)
✔ invalid viewer, scope, page size, cursor or search is rejected before a request (2.8538ms)
✔ response envelope cannot cross viewers, Corps, filters, sizes or inject extra fields (1.0161ms)
✔ safe summaries reject malformed identities, raw additions, controls and impossible relationships (2.0352ms)
✔ every non-text applied filter must match each returned row, not just the echo (0.5157ms)
✔ sequence ordering is exact beyond JavaScript safe integers and independent of event time (0.4334ms)
✔ entity ordering preserves microseconds, ID ties and exclusive page boundaries (0.6664ms)
✔ reader uses no-store, validates the response and publishes only its own key (11.8213ms)
✔ cleanup suppresses late resolutions and rejections after a scope or page change (1.579ms)
✔ errors, invalid data and timeout expose static diagnostics and suppress late success (37.4495ms)
✔ mission projection retains exact task, runner and human control attribution (3.5178ms)
✔ foreign tasks and same-ID foreign-Corp runners cannot supply collaboration state (0.2523ms)
✔ offline retains work without advertising live control or termination (0.3461ms)
✔ connecting retains work without advertising live control or termination (0.3131ms)
✔ a failed snapshot refresh retains exact work without advertising live controls (0.2696ms)
✔ invalid snapshot receipt NaN cannot advertise live controls (0.3741ms)
✔ invalid snapshot receipt Infinity cannot advertise live controls (0.2469ms)
✔ invalid snapshot receipt 0 cannot advertise live controls (0.2111ms)
✔ invalid snapshot receipt -1 cannot advertise live controls (0.3021ms)
✔ expired/malformed lease 2026-09-16T11:59:00Z cannot claim a controller (0.3617ms)
✔ expired/malformed lease 2026-09-16T12:00:00Z cannot claim a controller (0.3276ms)
✔ expired/malformed lease bad cannot claim a controller (0.193ms)
✔ verifying has recorded evidence but no provider controls (0.2078ms)
✔ completed has recorded evidence but no provider controls (0.2257ms)
✔ lost has recorded evidence but no provider controls (0.1162ms)
✔ cancelled has recorded evidence but no provider controls (0.134ms)
✔ a provider-free run and a superseded agent assignment expose no live controls (0.19ms)
✔ runner grace and offline remain distinct; neither supplies human presence (0.2698ms)
✔ review links bind exact run/task and explain role and requester exclusion (0.4887ms)
✔ missing and historical identities never become fabricated named owners or current controllers (0.2211ms)
✔ draft cache survives surface remounts but never crosses Corp/actor/room/mission (0.3272ms)
✔ actual component navigation only requests exact context; rendering sends no commands (14.7134ms)
✔ actual disconnected component retains readable evidence with an explicit warning (1.8234ms)
✔ actual failed-refresh component distinguishes stale data from a disconnected transport (1.6736ms)
✔ actual component rejects missing receipt freshness and restores controls after a successful refresh (6.1904ms)
✔ App preserves main snapshot metadata and exact-run navigation while passing numeric receipt freshness (5.6109ms)
✔ App embeds existing scoped discussion and pins evidence before exact-run navigation (1.9862ms)
✔ late completion notifies remounted composers without clearing a newer or same-text draft (0.4749ms)
✔ late operation acknowledgment cannot clear a replacement idempotency key (156.0406ms)
✔ actual App selection never substitutes another mission after the selected record disappears (91.1407ms)
✔ actual briefing navigation has a visible destination for legacy empty descriptions (57.1629ms)
✔ verification checks do not change launch intent (1.9725ms)
✔ review navigation cannot turn its click into a form submission (0.4016ms)
✔ ordinary application setup cannot silently fall back to the fake runtime (0.6471ms)
✔ composer uses two clear steps and starts with an empty goal (0.3622ms)
✔ advanced settings and detailed requirements are optional disclosures (0.9701ms)
✔ closing setup preserves the draft and returns to existing mission context (0.8423ms)
✔ explicit links to existing work reveal it without erasing an open draft (0.75ms)
✔ native creation and explicit held-plan behavior remain unchanged (0.3406ms)
✔ review keeps the exact source and current server-derived allocation visible (0.4075ms)
✔ restoration masks old scope before effects and never leaks an A choice into B (3.801ms)
✔ a newer choice fences stale asynchronous callbacks, including before rerender (0.958ms)
✔ A to B to A cannot revive a callback from the first A incarnation (0.7163ms)
✔ remembering the same tuple does not invalidate a current action callback (0.4255ms)
✔ StrictMode repeated setup restores once per setup and keeps the newest callback usable (0.5658ms)
✔ missing identity and blocked storage fail without altering the selected tuple (0.36ms)
✔ WorkResultCard exposes its status and supplied content with metadata collapsed by default (11.6283ms)
✔ ready PR retains its exact URL and only an explicit download invokes the matching callback (12.1283ms)
✔ loading, unavailable and no-publication states do not fabricate a PR or perform actions (4.565ms)
✔ a historical review mismatch changes selection only through explicit Go to delivered result (3.6113ms)
✔ an unavailable delivered-run target preserves the historical selection and only offers refresh (202.7704ms)
✔ a failed publication with a recorded PR remains inspectable without being labeled Published (6.661ms)
✔ Published is not merged or deployed and its collapsed details never invent a running preview (5.3622ms)
✔ expired artifact retention does not hide an existing PR or replace server download validation (8.5897ms)
✔ actual hook hides prior result before cleanup and aborts on each exact scope change (50.955ms)
✔ actual hook fences late success and failure before cleanup and after replacement (19.0115ms)
✔ actual hook close and reopen with identical IDs cannot revive old ready or pending data (15.7185ms)
✔ actual hook treats positive revision as one refresh hint and never retries failure on render (33.4192ms)
✔ actual controlled MissionCard initial pin survives repeated mount effects before parent rerender (5.7056ms)
✔ actual controlled MissionCard restricts task-only selection and never substitutes an unavailable run (6.0828ms)
✔ actual controlled MissionCard pins the first run when it arrives after a mission-only selection (2.6873ms)
✔ actual controlled MissionCard hides default evidence if the initial selection cannot persist (1.5666ms)
✔ actual App origin-unavailable branch offers manual Refresh work context with no PR CTA (7.1915ms)
✔ actual App first-hop retry exposes the authorized result without moving pinned evidence (17.2615ms)
✔ actual App fallback reports unavailable review details for an unresolved run or request (11.304ms)
✔ actual work pickers retain a deep-linked historical mission outside the recent eight (64.4734ms)
✔ actual work pickers do not duplicate a recent selection or invent an absent mission (51.2066ms)
✔ one exact tuple survives reload and is scoped to server, Corp and viewer (2.9772ms)
✔ incomplete, malformed and inaccessible storage never becomes a first visit (0.8378ms)
✔ exact run and artifact links resolve the producer through the authorized snapshot (0.4832ms)
✔ task selection clears another run and mission-only navigation retains an exact existing choice (0.3822ms)
✔ related work includes the third mission, task, run and artifact (2.6652ms)
✔ work links name the actual work rather than presenting only opaque IDs (0.2665ms)
✔ related options deduplicate repeated snapshot references (0.2915ms)
✔ mission discussion retains nested replies, including out-of-order snapshots (2.9653ms)
✔ task, run and artifact comments inherit the owning mission only (0.3758ms)
✔ unlinked cycles and missing ancestors cannot manufacture mission context (0.202ms)
✔ context helpers leave authoritative messages and work objects unchanged (0.4014ms)
✔ work selection follows the owning authorized mission and rejects unknown links (0.3566ms)
✔ human review and automated verification are not advertised as live model sessions (0.459ms)
✔ enterprise task labels explain the legacy studio lane keys (0.3563ms)
✔ review eligibility explains requester exclusion without bypassing the policy (0.5816ms)
✔ a pending evidence review selects its run rather than a newer active worker (0.4048ms)
✔ a tool-approval wait cannot hide a different pending evidence review (0.2123ms)
✔ review selection rejects mismatched tasks, terminal runs and non-pending requests (0.2636ms)
✔ explicit evidence selection stays bound to that run and cannot inherit another review (0.3304ms)
✔ unselected evidence follows remaining reviews and retains snapshot order without mutation (0.2705ms)
✔ a decided run remains selected until the operator deliberately chooses the next review (0.2461ms)
✔ mission UI binds evidence and decisions and pins the target before submitting (15.3995ms)
ℹ tests 150
ℹ suites 0
ℹ pass 150
ℹ fail 0
ℹ cancelled 0
ℹ skipped 0
ℹ todo 0
ℹ duration_ms 3158.1007
