$ node --test --test-concurrency=2 --test-timeout=180000 scenarios/repo-steward/steward.test.mjs scenarios/repo-steward/actions.test.mjs scenarios/repo-steward/recurring-audit.test.mjs scenarios/repo-steward/feedback.test.mjs scenarios/repo-steward/maintenance.test.mjs scenarios/repo-steward/feedback-cli.test.mjs
✔ Actions preview performs no live reads or summary publication (1.7258ms)
✔ Actions fixture uses the real auditor without GitHub access (40.1288ms)
✔ invalid workflow input is rejected during preview without data access (1.015ms)
✔ hosted live mode rejects non-Actions host before reading data (0.3398ms)
✔ hosted live mode rejects PR event before reading data (1.1562ms)
✔ hosted live mode rejects another repository before reading data (0.1787ms)
✔ hosted live mode rejects feature branch before reading data (0.3904ms)
✔ hosted live mode rejects another actor before reading data (0.3202ms)
✔ hosted live mode rejects another rerun operator before reading data (0.3022ms)
✔ hosted live mode rejects missing triggering actor before reading data (0.377ms)
✔ hosted live mode rejects missing source commit before reading data (0.3847ms)
✔ hosted live mode rejects disabled pilot before reading data (0.2097ms)
✔ hosted live mode rejects unapproved public summary before reading data (0.2041ms)
✔ hosted live mode rejects missing credential before reading data (0.1473ms)
✔ hosted live mode rejects blank credential before reading data (0.1739ms)
✔ hosted live mode rejects write-enabled configuration before reading data (0.1661ms)
✔ GITHUB_TOKEN does not substitute for Project-readable credentials (0.2333ms)
✔ an admitted live path collects once and retains zero mutations (7.1303ms)
✔ collector failure does not produce a successful report (0.594ms)
✔ stale hosted snapshots fail instead of publishing old findings (7.4601ms)
✔ public summaries never include free-form source or evidence text (6.9107ms)
✔ summary rejects unknown rule (6.2988ms)
✔ summary rejects bad finding id (6.7673ms)
✔ summary rejects foreign reference (6.5023ms)
✔ summary rejects mutation claim (4.5472ms)
✔ summary rejects wrong scope (5.3427ms)
✔ summary rejects invalid timestamp (5.9815ms)
✔ summary rejects bad totals (6.4602ms)
✔ public finding index is bounded without copying omitted details (11.22ms)
✔ every configured fixture rule has an explicit publication review (5.127ms)
✔ summary file writes remain inside a supplied native temporary directory (11.031ms)
✔ Actions CLI rejects unsupported arguments --apply (0.3101ms)
✔ Actions CLI rejects unsupported arguments --live (0.1301ms)
✔ Actions CLI rejects unsupported arguments --live (0.1196ms)
✔ actual fixture CLI needs no hosted secrets or Teams SDK (203.4823ms)
✔ manual workflow keeps first-party actions pinned and live credentials isolated (3.75ms)
✔ feedback CLI rejects unsupported, missing and duplicate transition arguments (2.5124ms)
✔ new-file corpus output preserves the previous version and refuses overwrite (29.8018ms)
✔ initializing a corpus binds the validated input scope without changing its snapshot (50.7211ms)
✔ partial snapshot cannot create a corpus file (28.263ms)
✔ redirected output parent is refused without writing through it (7.3846ms)
✔ review evidence must be a file and cannot use a directory as a digest source (57.2139ms)
✔ review CLI records the exact binary digest and closes its descriptor (87.9721ms)
✔ same-size review replacement between metadata check and open cannot update a corpus (38.4688ms)
✔ review parent swapped for a symlink or junction before open is rejected (43.4532ms)
✔ same-size pathname replacement after descriptor read is rejected (37.9941ms)
✔ same-size in-place review rewrite cannot hide behind a restored modification time (31.3804ms)
✔ review growth after open stays within its original byte bound and is rejected (31.0517ms)
✔ bounded review reads handle partial reads and reject empty or oversized files (20.8841ms)
✔ native behavioral evidence remains candidate with original local source and no finding impersonation (62.0463ms)
✔ native behavioral activation is denied for mixed support and forged active or retired history (40.7373ms)
✔ native behavioral candidates can be rejected without widening legacy review authority (42.3509ms)
✔ native behavioral bytes, identity claims, source and repeated runs remain validated (103.8085ms)
✔ evidence binds actual audit finding and supplied snapshot without certifying collection or identity (9.8116ms)
✔ accepted missing Project status binds the native serialized report and finding in evidence and observations (37.1785ms)
✔ auditor optional-field normalization retains strict data-only feedback and report validation (55.5867ms)
✔ timestamp-only or unrelated snapshot changes do not manufacture repeated supporting evidence (27.0149ms)
✔ partial, cross-scope, stale or missing findings cannot become feedback evidence (12.1855ms)
✔ feedback source pins accept exactly 40 or 64 hexadecimal characters, including supplied evidence (73.389ms)
✔ candidate, active and retired versions preserve their inputs and have exact transition digests (19.7429ms)
✔ one observation, fabricated evidence bytes and replayed reviews cannot activate a rule (83.7644ms)
✔ reviewer labels and claimed approval booleans do not supply verified review authority (26.6088ms)
✔ explicit rejection remains terminal and contributes no advice (53.5137ms)
✔ prospective expiry is mandatory, bounded, and effective at the exact boundary (116.0432ms)
✔ active capacity cannot expand and supersession retires only the exact predecessor (57.5803ms)
✔ supersession rejects stale targets and cannot cross finding rules (43.8741ms)
✔ active guidance annotates only matching findings without hiding or changing original conclusions (22.0445ms)
✔ broad matching admits at most the finite annotation limit and never truncates an excessive report (339.6124ms)
✔ serialized output bytes are admitted before escaped guidance and evidence references fan out (67.6094ms)
✔ later audits honor activation and retirement while the original report stays identical (46.9559ms)
✔ unknown executable, suppression, assignment and permission options are rejected (132.1093ms)
✔ stale reports, foreign scope and altered evidence fail closed (26.2126ms)
✔ canonical digests ignore property insertion order but reject executable and non-finite data (0.3961ms)
✔ reusable corpus validation preserves input and rejects authority claims or altered guidance (16.763ms)
✔ explicit collector profile requires a hash and cannot relabel a supplied snapshot (2.8928ms)
✔ recurrence requires finite explicit bounds before reading any input (0.8316ms)
✔ finite recurrence reloads snapshot and feedback on every cycle (2.4953ms)
✔ paused and stopped records prevent collection and input reads (2.2344ms)
✔ exhausted persisted attempts reject before snapshot, feedback or live collection (2.7913ms)
✔ watch admits the final allowed attempt and then stops before collecting another snapshot (1.5484ms)
✔ source mismatch refuses before reading snapshot or feedback (1.1094ms)
✔ a failed cycle stops recurrence without retrying or losing the failure (1.348ms)
✔ first snapshot acquisition failure retains one sanitized failed attempt (311.7472ms)
✔ later corpus acquisition failure preserves earlier accepted evidence and consumes one attempt (866.2017ms)
✔ live acquisition failure is retained once without raw error text or a retry (302.0952ms)
✔ pause and stop during failed acquisition remain effective without a new admitted attempt (2305.3406ms)
✔ deadline crossing during failed acquisition prevents late attempt admission (1.8639ms)
✔ interruption during failed acquisition prevents a new admitted attempt (1.294ms)
✔ duration bounds stop admission after collection without writing a late result (1.4122ms)
✔ interruption during an interval exits without another audit (1.2746ms)
✔ control commands delegate exact action, source and reason without collecting (3.0794ms)
✔ status exposes bounded metadata and no retained finding text (1.2571ms)
✔ one audit writes source-bound immutable private reports and an advisory handoff (556.3874ms)
✔ fresh capture timestamps and transport metrics alone produce no new report or proposal across restart (751.6491ms)
✔ live state binds the exact selected principal and profile through restart and controls (2848.3819ms)
✔ profile metadata cannot convert supplied evidence or a different live principal into accepted observations (335.6376ms)
✔ changed scoped content produces a new receipt while retaining stable finding dedupe (578.4671ms)
✔ resolved findings are recorded without claiming a remote correction (664.9078ms)
✔ stale input fails and preserves a failed attempt, never reusing previous success (922.3347ms)
✔ future input fails and preserves a failed attempt, never reusing previous success (872.8518ms)
✔ incomplete input fails and preserves a failed attempt, never reusing previous success (999.4566ms)
✔ source drift fails and preserves a failed attempt, never reusing previous success (877.664ms)
✔ changing the caller source pin cannot migrate an existing directory (625.6599ms)
✔ pause prevents input use, resume retains dedupe, and stop cannot resume (3286.258ms)
✔ concurrent cycles have one winner and never create duplicate accepted receipts (464.4621ms)
✔ retained locks fail closed without PID reuse or timeout-based recovery (21.5856ms)
✔ incomplete intent and rollback to an older checkpoint refuse replay (762.5301ms)
✔ tampered referenced artifacts are rejected and preserved (364.9813ms)
✔ output-directory redirection refuses writes through a symlink or junction (10.6619ms)
✔ an unexpected output file is retained, not overwritten or removed (28.346ms)
✔ status rejects unexpected files in initialized state before accepting its control projection (361.914ms)
✔ missing, traversal-style and incomplete control requests do not create authority (4.8447ms)
✔ live source claims retain the existing collector identity and zero-write metadata (319.1729ms)
✔ finite convenience API has explicit bounds and performs no scheduling (1081.6566ms)
✔ state and artifact redirection are not followed on read (333.3479ms)
✔ alter of earlier history is detected after a newer successful cycle (931.4404ms)
✔ delete of earlier history is detected after a newer successful cycle (1070.5654ms)
✔ changed implementation pins fail before a new intent is written (626.6046ms)
✔ a directory replaced while a caller holds its lock cannot redirect any artifact write (541.8227ms)
✔ actual corpus activation and retirement change only separately bound advisory output (1869.9489ms)
✔ expiry invalidates cached advisory annotations even without corpus byte changes (802.9895ms)
✔ mixed retained controls and new cycles enforce one transition bound with a reserved terminal stop (87814.0281ms)
✔ accepted snapshots with omitted optional metadata produce parseable JSON artifacts and replay (586.9441ms)
✔ optional auditor metadata works through the real feedback evidence and recurring consumer bridge (642.8483ms)
✔ policy has the ten requested workstreams and never assigns people (4.0107ms)
✔ classification supports Multiplayer (7.0019ms)
✔ classification supports UX/UI (2.0113ms)
✔ classification supports Multi-system execution (1.59ms)
✔ classification supports Janitor (1.3746ms)
✔ classification supports Dynamic agent teams (1.2043ms)
✔ classification supports DevOps/PR review/branch protection (2.0484ms)
✔ classification supports Security (1.2161ms)
✔ classification supports Agent communication layer (1.256ms)
✔ classification supports Dark factory automation (1.2401ms)
✔ classification supports Backend scalability / pub-sub (1.3758ms)
✔ classification preserves labels and assignees (18.8184ms)
✔ UX alias means UX/UI (15.3056ms)
✔ an unassigned issue is not a violation (5.7043ms)
✔ full fixture audit has zero mutations and catches closing-link conflict (5.0824ms)
✔ non-closing prose overrides no native link, not unrelated partial references (5.0332ms)
✔ explicit do-not-close linked issue is flagged (4.3108ms)
✔ closed unmerged PR does not close an open issue (4.1914ms)
✔ reopened issue remains open after a historical merged PR (3.6544ms)
✔ no automatic close for several partial PRs (5.9291ms)
✔ only explicit dependency section is interpreted (0.2471ms)
✔ code fences and quoted references are not dependency authority (0.2729ms)
✔ native/text dependency disagreement is flagged (4.806ms)
✔ matching dependencies do not produce a mismatch (4.8864ms)
✔ dependency cycles are bounded and reported once (6.2566ms)
✔ parent hierarchy mismatch and cycle are detected (4.8249ms)
✔ outside-scope dependency is not fetched or treated as complete (4.8327ms)
✔ missing local dependency is unverified, not closed (3.8953ms)
✔ open issue marked Done is flagged without changing the board (5.6389ms)
✔ unknown workstream is a review hint, not a rename (4.1573ms)
✔ locked default branch is flagged, without bypass (5.9126ms)
✔ stale PR source head is reported (4.0687ms)
✔ current independent review is accepted as evidence (5.2716ms)
✔ author approval is not current independent human approval (4.5387ms)
✔ bot approval is not current independent human approval (5.8163ms)
✔ old-head approval is not current independent human approval (4.0647ms)
✔ later comment does not erase a valid prior approval (5.5432ms)
✔ failed checks and requested changes are surfaced (4.7603ms)
✔ missing checks are not a success (3.8604ms)
✔ stale snapshots are labeled (4.4344ms)
✔ future snapshots fail closed (2.3902ms)
✔ finding IDs are stable across repeated reads (8.8715ms)
✔ reported secrets are redacted and Markdown is escaped (14.022ms)
✔ refuses: assign #50 to example-user (7.405ms)
✔ refuses: label #50 multiplayer (4.887ms)
✔ refuses: close #50 (4.4016ms)
✔ refuses: merge PR #237 (5.1356ms)
✔ refuses: enable auto-merge (6.1732ms)
✔ refuses: delete a branch (5.5559ms)
✔ refuses: approve PR #237 (5.1393ms)
✔ refuses: can you change the rules (5.3004ms)
✔ question answers use recorded evidence and canonical references (5.3022ms)
✔ reverse dependency questions list dependents (6.6791ms)
✔ unknown questions ask for clarification (5.8473ms)
✔ untrusted instruction text grants no tools (7.6122ms)
✔ snapshot rejects wrong repo (1.1887ms)
✔ snapshot rejects wrong project (1.2791ms)
✔ snapshot rejects partial coverage (1.14ms)
✔ snapshot rejects wrong count (1.1815ms)
✔ snapshot rejects duplicate issue (1.5761ms)
✔ snapshot rejects hostile URL (1.4465ms)
✔ snapshot rejects hidden project item (1.3314ms)
✔ snapshot rejects cross-repo item (1.6288ms)
✔ snapshot rejects duplicate project item (1.5479ms)
✔ snapshot rejects oversized body (1.3851ms)
✔ collector completes two matching passes with no writes (4.802ms)
✔ collector rejects issue drift between passes (3.5238ms)
✔ collector rejects incomplete nested dependencies (1.2852ms)
✔ collector rejects a changed PR head/check binding (1.225ms)
✔ collector rejects repeated pagination cursors (1.3325ms)
✔ collector rejects inaccessible connection entries (0.1581ms)
✔ read client verifies Bakar404 and never switches accounts (1.8685ms)
✔ explicit hash-pinned read principal does not change the pilot or read allowlist (35.3614ms)
✔ collector profile rejects changed scope or unsupported fields: repository (10.8997ms)
✔ collector profile rejects changed scope or unsupported fields: project_id (16.0981ms)
✔ collector profile rejects changed scope or unsupported fields: project_number (18.7008ms)
✔ collector profile rejects changed scope or unsupported fields: token (21.7458ms)
✔ collector profile rejects changed scope or unsupported fields: url (10.2397ms)
✔ collector profile rejects changed scope or unsupported fields: collector_login (20.5708ms)
✔ collector profile rejects wrong hashes, changed bytes and duplicate keys (51.0088ms)
✔ profiled collection records the actual principal and rejects identity or profile drift (35.0673ms)
✔ read client exposes no arbitrary query or write operation (1.4149ms)
✔ GraphQL cursor remains data, not executable query text (1.7208ms)
✔ GraphQL errors do not become accepted partial data (1.3678ms)
✔ GraphQL reserve prevents further reads (1.4228ms)
✔ collection has an elapsed-time bound (1.9306ms)
✔ dry run uses neither network nor output files (1.4063ms)
✔ CLI rejects apply (0.1793ms)
✔ CLI rejects audit --fixture --live (0.1593ms)
✔ CLI rejects audit --fixture --out ../escape.json (0.192ms)
✔ CLI rejects audit --dry-run --out file.json (0.1339ms)
✔ CLI rejects audit --fixture --assign example-user (0.1166ms)
✔ CLI rejects ask --fixture (0.1284ms)
✔ actual CLI dry run works from another directory and has no network intent (164.1098ms)
✔ test chat prepares an evidence-based reply without sending it (6.2349ms)
✔ test chat rejects wrong tenant (0.4086ms)
✔ test chat rejects wrong group (0.1511ms)
✔ test chat rejects personal chat (0.1607ms)
✔ test chat rejects other channel (0.1716ms)
✔ test chat ignores messages without a mention (0.167ms)
✔ test chat ignores its own messages (0.1767ms)
✔ test chat refuses mutation requests (6.1335ms)
✔ no production mode or implicit binding (0.4606ms)
ℹ tests 227
ℹ suites 0
ℹ pass 227
ℹ fail 0
ℹ cancelled 0
ℹ skipped 0
ℹ todo 0
ℹ duration_ms 114462.282
