$ node --test --test-concurrency=2 --test-timeout=180000 scenarios/repo-steward/steward.test.mjs scenarios/repo-steward/actions.test.mjs scenarios/repo-steward/recurring-audit.test.mjs scenarios/repo-steward/feedback.test.mjs scenarios/repo-steward/maintenance.test.mjs scenarios/repo-steward/feedback-cli.test.mjs
✔ Actions preview performs no live reads or summary publication (2.2531ms)
✔ Actions fixture uses the real auditor without GitHub access (40.6453ms)
✔ invalid workflow input is rejected during preview without data access (1.228ms)
✔ hosted live mode rejects non-Actions host before reading data (0.4462ms)
✔ hosted live mode rejects PR event before reading data (0.341ms)
✔ hosted live mode rejects another repository before reading data (0.9901ms)
✔ hosted live mode rejects feature branch before reading data (0.3862ms)
✔ hosted live mode rejects another actor before reading data (0.2418ms)
✔ hosted live mode rejects another rerun operator before reading data (0.387ms)
✔ hosted live mode rejects missing triggering actor before reading data (0.4546ms)
✔ hosted live mode rejects missing source commit before reading data (0.5208ms)
✔ hosted live mode rejects disabled pilot before reading data (0.2724ms)
✔ hosted live mode rejects unapproved public summary before reading data (0.2261ms)
✔ hosted live mode rejects missing credential before reading data (0.1812ms)
✔ hosted live mode rejects blank credential before reading data (0.2056ms)
✔ hosted live mode rejects write-enabled configuration before reading data (0.2123ms)
✔ GITHUB_TOKEN does not substitute for Project-readable credentials (0.4425ms)
✔ an admitted live path collects once and retains zero mutations (6.5958ms)
✔ collector failure does not produce a successful report (0.4083ms)
✔ stale hosted snapshots fail instead of publishing old findings (7.2571ms)
✔ public summaries never include free-form source or evidence text (6.9898ms)
✔ summary rejects unknown rule (4.4906ms)
✔ summary rejects bad finding id (7.3067ms)
✔ summary rejects foreign reference (6.6022ms)
✔ summary rejects mutation claim (7.1713ms)
✔ summary rejects wrong scope (5.2579ms)
✔ summary rejects invalid timestamp (4.7938ms)
✔ summary rejects bad totals (5.8428ms)
✔ public finding index is bounded without copying omitted details (5.491ms)
✔ every configured fixture rule has an explicit publication review (4.703ms)
✔ summary file writes remain inside a supplied native temporary directory (10.5412ms)
✔ Actions CLI rejects unsupported arguments --apply (0.2399ms)
✔ Actions CLI rejects unsupported arguments --live (0.0955ms)
✔ Actions CLI rejects unsupported arguments --live (0.0888ms)
✔ actual fixture CLI needs no hosted secrets or Teams SDK (224.0831ms)
✔ manual workflow keeps first-party actions pinned and live credentials isolated (2.7656ms)
✔ feedback CLI rejects unsupported, missing and duplicate transition arguments (2.5073ms)
✔ new-file corpus output preserves the previous version and refuses overwrite (26.8218ms)
✔ initializing a corpus binds the validated input scope without changing its snapshot (50.1684ms)
✔ partial snapshot cannot create a corpus file (29.0633ms)
✔ redirected output parent is refused without writing through it (6.2284ms)
✔ review evidence must be a file and cannot use a directory as a digest source (55.849ms)
✔ review CLI records the exact binary digest and closes its descriptor (85.9886ms)
✔ same-size review replacement between metadata check and open cannot update a corpus (38.16ms)
✔ review parent swapped for a symlink or junction before open is rejected (33.0143ms)
✔ same-size pathname replacement after descriptor read is rejected (33.8581ms)
✔ same-size in-place review rewrite cannot hide behind a restored modification time (34.4438ms)
✔ review growth after open stays within its original byte bound and is rejected (32.5327ms)
✔ bounded review reads handle partial reads and reject empty or oversized files (19.6757ms)
✔ native behavioral evidence remains candidate with original local source and no finding impersonation (71.0612ms)
✔ native behavioral activation is denied for mixed support and forged active or retired history (47.1474ms)
✔ native behavioral candidates can be rejected without widening legacy review authority (43.1312ms)
✔ native behavioral bytes, identity claims, source and repeated runs remain validated (119.6364ms)
✔ evidence binds actual audit finding and supplied snapshot without certifying collection or identity (14.3778ms)
✔ accepted missing Project status binds the native serialized report and finding in evidence and observations (47.0733ms)
✔ auditor optional-field normalization retains strict data-only feedback and report validation (72.7573ms)
✔ timestamp-only or unrelated snapshot changes do not manufacture repeated supporting evidence (41.2256ms)
✔ partial, cross-scope, stale or missing findings cannot become feedback evidence (17.3067ms)
✔ feedback source pins accept exactly 40 or 64 hexadecimal characters, including supplied evidence (88.3583ms)
✔ candidate, active and retired versions preserve their inputs and have exact transition digests (21.5612ms)
✔ one observation, fabricated evidence bytes and replayed reviews cannot activate a rule (77.7364ms)
✔ reviewer labels and claimed approval booleans do not supply verified review authority (23.9618ms)
✔ explicit rejection remains terminal and contributes no advice (39.3887ms)
✔ prospective expiry is mandatory, bounded, and effective at the exact boundary (118.8923ms)
✔ active capacity cannot expand and supersession retires only the exact predecessor (73.0849ms)
✔ supersession rejects stale targets and cannot cross finding rules (60.327ms)
✔ active guidance annotates only matching findings without hiding or changing original conclusions (29.6105ms)
✔ broad matching admits at most the finite annotation limit and never truncates an excessive report (409.9962ms)
✔ serialized output bytes are admitted before escaped guidance and evidence references fan out (71.4585ms)
✔ later audits honor activation and retirement while the original report stays identical (43.6527ms)
✔ unknown executable, suppression, assignment and permission options are rejected (178.7768ms)
✔ stale reports, foreign scope and altered evidence fail closed (35.3781ms)
✔ canonical digests ignore property insertion order but reject executable and non-finite data (0.6181ms)
✔ reusable corpus validation preserves input and rejects authority claims or altered guidance (21.2742ms)
✔ explicit collector profile requires a hash and cannot relabel a supplied snapshot (2.7345ms)
✔ recurrence requires finite explicit bounds before reading any input (0.7594ms)
✔ finite recurrence reloads snapshot and feedback on every cycle (2.7139ms)
✔ paused and stopped records prevent collection and input reads (2.3467ms)
✔ exhausted persisted attempts reject before snapshot, feedback or live collection (2.1748ms)
✔ watch admits the final allowed attempt and then stops before collecting another snapshot (1.2398ms)
✔ source mismatch refuses before reading snapshot or feedback (1.0821ms)
✔ a failed cycle stops recurrence without retrying or losing the failure (1.2653ms)
✔ first snapshot acquisition failure retains one sanitized failed attempt (365.4914ms)
✔ later corpus acquisition failure preserves earlier accepted evidence and consumes one attempt (958.7164ms)
✔ live acquisition failure is retained once without raw error text or a retry (363.6909ms)
✔ pause and stop during failed acquisition remain effective without a new admitted attempt (3090.5835ms)
✔ deadline crossing during failed acquisition prevents late attempt admission (2.0927ms)
✔ interruption during failed acquisition prevents a new admitted attempt (1.6095ms)
✔ duration bounds stop admission after collection without writing a late result (1.7069ms)
✔ interruption during an interval exits without another audit (1.6877ms)
✔ control commands delegate exact action, source and reason without collecting (3.724ms)
✔ status exposes bounded metadata and no retained finding text (1.4141ms)
✔ one audit writes source-bound immutable private reports and an advisory handoff (749.5563ms)
✔ fresh capture timestamps and transport metrics alone produce no new report or proposal across restart (994.111ms)
✔ live state binds the exact selected principal and profile through restart and controls (3529.6833ms)
✔ profile metadata cannot convert supplied evidence or a different live principal into accepted observations (380.1977ms)
✔ changed scoped content produces a new receipt while retaining stable finding dedupe (700.9866ms)
✔ resolved findings are recorded without claiming a remote correction (737.5236ms)
✔ stale input fails and preserves a failed attempt, never reusing previous success (804.8171ms)
✔ future input fails and preserves a failed attempt, never reusing previous success (789.047ms)
✔ incomplete input fails and preserves a failed attempt, never reusing previous success (839.1224ms)
✔ source drift fails and preserves a failed attempt, never reusing previous success (766.0229ms)
✔ changing the caller source pin cannot migrate an existing directory (645.2055ms)
✔ pause prevents input use, resume retains dedupe, and stop cannot resume (3047.6305ms)
✔ concurrent cycles have one winner and never create duplicate accepted receipts (451.5442ms)
✔ retained locks fail closed without PID reuse or timeout-based recovery (24.0349ms)
✔ incomplete intent and rollback to an older checkpoint refuse replay (761.2845ms)
✔ tampered referenced artifacts are rejected and preserved (437.9926ms)
✔ output-directory redirection refuses writes through a symlink or junction (12.5745ms)
✔ an unexpected output file is retained, not overwritten or removed (21.9052ms)
✔ status rejects unexpected files in initialized state before accepting its control projection (320.1643ms)
✔ missing, traversal-style and incomplete control requests do not create authority (5.3552ms)
✔ live source claims retain the existing collector identity and zero-write metadata (309.0529ms)
✔ finite convenience API has explicit bounds and performs no scheduling (1149.5711ms)
✔ state and artifact redirection are not followed on read (338.2418ms)
✔ alter of earlier history is detected after a newer successful cycle (880.5509ms)
✔ delete of earlier history is detected after a newer successful cycle (840.4116ms)
✔ changed implementation pins fail before a new intent is written (593.5716ms)
✔ a directory replaced while a caller holds its lock cannot redirect any artifact write (492.1037ms)
✔ actual corpus activation and retirement change only separately bound advisory output (1783.2895ms)
✔ expiry invalidates cached advisory annotations even without corpus byte changes (1012.1889ms)
✔ mixed retained controls and new cycles enforce one transition bound with a reserved terminal stop (71075.6906ms)
✔ accepted snapshots with omitted optional metadata produce parseable JSON artifacts and replay (613.9546ms)
✔ optional auditor metadata works through the real feedback evidence and recurring consumer bridge (656.6489ms)
✔ policy has the ten requested workstreams and never assigns people (3.9009ms)
✔ classification supports Multiplayer (8.2254ms)
✔ classification supports UX/UI (2.6742ms)
✔ classification supports Multi-system execution (1.7098ms)
✔ classification supports Janitor (1.8723ms)
✔ classification supports Dynamic agent teams (1.8862ms)
✔ classification supports DevOps/PR review/branch protection (3.0161ms)
✔ classification supports Security (1.6477ms)
✔ classification supports Agent communication layer (1.8246ms)
✔ classification supports Dark factory automation (1.6088ms)
✔ classification supports Backend scalability / pub-sub (1.2106ms)
✔ classification preserves labels and assignees (15.9099ms)
✔ UX alias means UX/UI (20.595ms)
✔ an unassigned issue is not a violation (11.1608ms)
✔ full fixture audit has zero mutations and catches closing-link conflict (7.421ms)
✔ non-closing prose overrides no native link, not unrelated partial references (7.3164ms)
✔ explicit do-not-close linked issue is flagged (7.6539ms)
✔ closed unmerged PR does not close an open issue (7.727ms)
✔ reopened issue remains open after a historical merged PR (8.2159ms)
✔ no automatic close for several partial PRs (6.5104ms)
✔ only explicit dependency section is interpreted (0.2852ms)
✔ code fences and quoted references are not dependency authority (0.2862ms)
✔ native/text dependency disagreement is flagged (6.1258ms)
✔ matching dependencies do not produce a mismatch (7.6057ms)
✔ dependency cycles are bounded and reported once (7.9086ms)
✔ parent hierarchy mismatch and cycle are detected (7.109ms)
✔ outside-scope dependency is not fetched or treated as complete (8.7369ms)
✔ missing local dependency is unverified, not closed (8.4817ms)
✔ open issue marked Done is flagged without changing the board (10.8486ms)
✔ unknown workstream is a review hint, not a rename (4.6793ms)
✔ locked default branch is flagged, without bypass (4.3498ms)
✔ stale PR source head is reported (5.5872ms)
✔ current independent review is accepted as evidence (8.1281ms)
✔ author approval is not current independent human approval (4.6662ms)
✔ bot approval is not current independent human approval (4.4797ms)
✔ old-head approval is not current independent human approval (6.5859ms)
✔ later comment does not erase a valid prior approval (4.4491ms)
✔ failed checks and requested changes are surfaced (4.4317ms)
✔ missing checks are not a success (6.7788ms)
✔ stale snapshots are labeled (4.1998ms)
✔ future snapshots fail closed (1.8369ms)
✔ finding IDs are stable across repeated reads (12.0703ms)
✔ reported secrets are redacted and Markdown is escaped (11.384ms)
✔ refuses: assign #50 to example-user (5.1028ms)
✔ refuses: label #50 multiplayer (4.8103ms)
✔ refuses: close #50 (5.1201ms)
✔ refuses: merge PR #237 (4.3489ms)
✔ refuses: enable auto-merge (4.6014ms)
✔ refuses: delete a branch (6.6352ms)
✔ refuses: approve PR #237 (4.6145ms)
✔ refuses: can you change the rules (4.6878ms)
✔ question answers use recorded evidence and canonical references (6.1219ms)
✔ reverse dependency questions list dependents (6.1639ms)
✔ unknown questions ask for clarification (5.8853ms)
✔ untrusted instruction text grants no tools (6.6674ms)
✔ snapshot rejects wrong repo (1.3404ms)
✔ snapshot rejects wrong project (1.2975ms)
✔ snapshot rejects partial coverage (1.0823ms)
✔ snapshot rejects wrong count (1.3016ms)
✔ snapshot rejects duplicate issue (1.5128ms)
✔ snapshot rejects hostile URL (1.2993ms)
✔ snapshot rejects hidden project item (1.194ms)
✔ snapshot rejects cross-repo item (1.1512ms)
✔ snapshot rejects duplicate project item (1.3888ms)
✔ snapshot rejects oversized body (1.2042ms)
✔ collector completes two matching passes with no writes (4.5883ms)
✔ collector rejects issue drift between passes (3.0418ms)
✔ collector rejects incomplete nested dependencies (1.1337ms)
✔ collector rejects a changed PR head/check binding (1.1834ms)
✔ collector rejects repeated pagination cursors (1.1396ms)
✔ collector rejects inaccessible connection entries (0.153ms)
✔ read client verifies Bakar404 and never switches accounts (1.5272ms)
✔ explicit hash-pinned read principal does not change the pilot or read allowlist (27.7247ms)
✔ collector profile rejects changed scope or unsupported fields: repository (22.7695ms)
✔ collector profile rejects changed scope or unsupported fields: project_id (11.4526ms)
✔ collector profile rejects changed scope or unsupported fields: project_number (19.9689ms)
✔ collector profile rejects changed scope or unsupported fields: token (11.0832ms)
✔ collector profile rejects changed scope or unsupported fields: url (12.6857ms)
✔ collector profile rejects changed scope or unsupported fields: collector_login (12.8181ms)
✔ collector profile rejects wrong hashes, changed bytes and duplicate keys (38.7029ms)
✔ profiled collection records the actual principal and rejects identity or profile drift (48.1377ms)
✔ read client exposes no arbitrary query or write operation (1.7254ms)
✔ GraphQL cursor remains data, not executable query text (1.5227ms)
✔ GraphQL errors do not become accepted partial data (1.5092ms)
✔ GraphQL reserve prevents further reads (1.6217ms)
✔ collection has an elapsed-time bound (1.3502ms)
✔ dry run uses neither network nor output files (1.523ms)
✔ CLI rejects apply (0.275ms)
✔ CLI rejects audit --fixture --live (0.1658ms)
✔ CLI rejects audit --fixture --out ../escape.json (0.242ms)
✔ CLI rejects audit --dry-run --out file.json (0.1574ms)
✔ CLI rejects audit --fixture --assign example-user (0.2177ms)
✔ CLI rejects ask --fixture (0.1454ms)
✔ actual CLI dry run works from another directory and has no network intent (193.7119ms)
✔ test chat prepares an evidence-based reply without sending it (9.3619ms)
✔ test chat rejects wrong tenant (0.4286ms)
✔ test chat rejects wrong group (0.1608ms)
✔ test chat rejects personal chat (0.1809ms)
✔ test chat rejects other channel (0.149ms)
✔ test chat ignores messages without a mention (0.2107ms)
✔ test chat ignores its own messages (0.1949ms)
✔ test chat refuses mutation requests (7.9491ms)
✔ no production mode or implicit binding (0.4256ms)
ℹ tests 227
ℹ suites 0
ℹ pass 227
ℹ fail 0
ℹ cancelled 0
ℹ skipped 0
ℹ todo 0
ℹ duration_ms 98592.1484
