$ node --test --test-concurrency=2 --test-timeout=180000 scenarios/repo-steward/steward.test.mjs scenarios/repo-steward/actions.test.mjs scenarios/repo-steward/recurring-audit.test.mjs scenarios/repo-steward/feedback.test.mjs scenarios/repo-steward/maintenance.test.mjs scenarios/repo-steward/feedback-cli.test.mjs
✔ Actions preview performs no live reads or summary publication (2.3385ms)
✔ Actions fixture uses the real auditor without GitHub access (27.7714ms)
✔ invalid workflow input is rejected during preview without data access (0.9877ms)
✔ hosted live mode rejects non-Actions host before reading data (0.3409ms)
✔ hosted live mode rejects PR event before reading data (0.2626ms)
✔ hosted live mode rejects another repository before reading data (1.111ms)
✔ hosted live mode rejects feature branch before reading data (0.5242ms)
✔ hosted live mode rejects another actor before reading data (0.2157ms)
✔ hosted live mode rejects another rerun operator before reading data (0.2582ms)
✔ hosted live mode rejects missing triggering actor before reading data (0.3459ms)
✔ hosted live mode rejects missing source commit before reading data (0.2914ms)
✔ hosted live mode rejects disabled pilot before reading data (0.1885ms)
✔ hosted live mode rejects unapproved public summary before reading data (0.128ms)
✔ hosted live mode rejects missing credential before reading data (0.1138ms)
✔ hosted live mode rejects blank credential before reading data (0.1375ms)
✔ hosted live mode rejects write-enabled configuration before reading data (0.1376ms)
✔ GITHUB_TOKEN does not substitute for Project-readable credentials (0.2811ms)
✔ an admitted live path collects once and retains zero mutations (5.6801ms)
✔ collector failure does not produce a successful report (0.364ms)
✔ stale hosted snapshots fail instead of publishing old findings (5.8627ms)
✔ public summaries never include free-form source or evidence text (5.1982ms)
✔ summary rejects unknown rule (4.1924ms)
✔ summary rejects bad finding id (4.6616ms)
✔ summary rejects foreign reference (4.7063ms)
✔ summary rejects mutation claim (9.1273ms)
✔ summary rejects wrong scope (7.2136ms)
✔ summary rejects invalid timestamp (6.3879ms)
✔ summary rejects bad totals (4.831ms)
✔ public finding index is bounded without copying omitted details (5.3176ms)
✔ every configured fixture rule has an explicit publication review (4.3375ms)
✔ summary file writes remain inside a supplied native temporary directory (8.9843ms)
✔ Actions CLI rejects unsupported arguments --apply (0.2543ms)
✔ Actions CLI rejects unsupported arguments --live (0.1338ms)
✔ Actions CLI rejects unsupported arguments --live (0.0935ms)
✔ actual fixture CLI needs no hosted secrets or Teams SDK (176.7934ms)
✔ manual workflow keeps first-party actions pinned and live credentials isolated (14.0261ms)
✔ feedback CLI rejects unsupported, missing and duplicate transition arguments (2.1326ms)
✔ new-file corpus output preserves the previous version and refuses overwrite (23.5488ms)
✔ initializing a corpus binds the validated input scope without changing its snapshot (45.956ms)
✔ partial snapshot cannot create a corpus file (25.3411ms)
✔ redirected output parent is refused without writing through it (7.7068ms)
✔ review evidence must be a file and cannot use a directory as a digest source (43.085ms)
✔ review CLI records the exact binary digest and closes its descriptor (76.3204ms)
✔ same-size review replacement between metadata check and open cannot update a corpus (27.4513ms)
✔ review parent swapped for a symlink or junction before open is rejected (36.8895ms)
✔ same-size pathname replacement after descriptor read is rejected (29.6603ms)
✔ same-size in-place review rewrite cannot hide behind a restored modification time (28.2664ms)
✔ review growth after open stays within its original byte bound and is rejected (25.6156ms)
✔ bounded review reads handle partial reads and reject empty or oversized files (16.7043ms)
✔ native behavioral evidence remains candidate with original local source and no finding impersonation (64.6238ms)
✔ native behavioral activation is denied for mixed support and forged active or retired history (49.6796ms)
✔ native behavioral candidates can be rejected without widening legacy review authority (42.9411ms)
✔ native behavioral bytes, identity claims, source and repeated runs remain validated (103.9442ms)
✔ evidence binds actual audit finding and supplied snapshot without certifying collection or identity (9.3719ms)
✔ accepted missing Project status binds the native serialized report and finding in evidence and observations (37.2309ms)
✔ auditor optional-field normalization retains strict data-only feedback and report validation (55.3642ms)
✔ timestamp-only or unrelated snapshot changes do not manufacture repeated supporting evidence (26.5324ms)
✔ partial, cross-scope, stale or missing findings cannot become feedback evidence (11.865ms)
✔ feedback source pins accept exactly 40 or 64 hexadecimal characters, including supplied evidence (61.4464ms)
✔ candidate, active and retired versions preserve their inputs and have exact transition digests (17.1585ms)
✔ one observation, fabricated evidence bytes and replayed reviews cannot activate a rule (66.0068ms)
✔ reviewer labels and claimed approval booleans do not supply verified review authority (20.9705ms)
✔ explicit rejection remains terminal and contributes no advice (34.5886ms)
✔ prospective expiry is mandatory, bounded, and effective at the exact boundary (88.5756ms)
✔ active capacity cannot expand and supersession retires only the exact predecessor (58.0325ms)
✔ supersession rejects stale targets and cannot cross finding rules (44.7936ms)
✔ active guidance annotates only matching findings without hiding or changing original conclusions (22.689ms)
✔ broad matching admits at most the finite annotation limit and never truncates an excessive report (335.9776ms)
✔ serialized output bytes are admitted before escaped guidance and evidence references fan out (55.3911ms)
✔ later audits honor activation and retirement while the original report stays identical (35.9093ms)
✔ unknown executable, suppression, assignment and permission options are rejected (133.832ms)
✔ stale reports, foreign scope and altered evidence fail closed (23.4535ms)
✔ canonical digests ignore property insertion order but reject executable and non-finite data (0.4269ms)
✔ reusable corpus validation preserves input and rejects authority claims or altered guidance (15.2335ms)
✔ explicit collector profile requires a hash and cannot relabel a supplied snapshot (2.843ms)
✔ recurrence requires finite explicit bounds before reading any input (0.7574ms)
✔ finite recurrence reloads snapshot and feedback on every cycle (2.4791ms)
✔ paused and stopped records prevent collection and input reads (2.7337ms)
✔ exhausted persisted attempts reject before snapshot, feedback or live collection (2.2177ms)
✔ watch admits the final allowed attempt and then stops before collecting another snapshot (1.3119ms)
✔ source mismatch refuses before reading snapshot or feedback (1.1975ms)
✔ a failed cycle stops recurrence without retrying or losing the failure (1.5938ms)
✔ first snapshot acquisition failure retains one sanitized failed attempt (294.5562ms)
✔ later corpus acquisition failure preserves earlier accepted evidence and consumes one attempt (765.7233ms)
✔ live acquisition failure is retained once without raw error text or a retry (276.7381ms)
✔ pause and stop during failed acquisition remain effective without a new admitted attempt (1971.9162ms)
✔ deadline crossing during failed acquisition prevents late attempt admission (1.4022ms)
✔ interruption during failed acquisition prevents a new admitted attempt (1.0421ms)
✔ duration bounds stop admission after collection without writing a late result (1.1611ms)
✔ interruption during an interval exits without another audit (1.2169ms)
✔ control commands delegate exact action, source and reason without collecting (3.2386ms)
✔ status exposes bounded metadata and no retained finding text (1.1138ms)
✔ one audit writes source-bound immutable private reports and an advisory handoff (417.3251ms)
✔ fresh capture timestamps and transport metrics alone produce no new report or proposal across restart (718.6678ms)
✔ live state binds the exact selected principal and profile through restart and controls (2465.1564ms)
✔ profile metadata cannot convert supplied evidence or a different live principal into accepted observations (255.4651ms)
✔ changed scoped content produces a new receipt while retaining stable finding dedupe (506.2935ms)
✔ resolved findings are recorded without claiming a remote correction (497.997ms)
✔ stale input fails and preserves a failed attempt, never reusing previous success (581.8808ms)
✔ future input fails and preserves a failed attempt, never reusing previous success (604.089ms)
✔ incomplete input fails and preserves a failed attempt, never reusing previous success (596.3287ms)
✔ source drift fails and preserves a failed attempt, never reusing previous success (637.7086ms)
✔ changing the caller source pin cannot migrate an existing directory (479.6432ms)
✔ pause prevents input use, resume retains dedupe, and stop cannot resume (2267.8184ms)
✔ concurrent cycles have one winner and never create duplicate accepted receipts (336.7337ms)
✔ retained locks fail closed without PID reuse or timeout-based recovery (19.8873ms)
✔ incomplete intent and rollback to an older checkpoint refuse replay (588.9282ms)
✔ tampered referenced artifacts are rejected and preserved (313.7195ms)
✔ output-directory redirection refuses writes through a symlink or junction (9.4954ms)
✔ an unexpected output file is retained, not overwritten or removed (17.2956ms)
✔ status rejects unexpected files in initialized state before accepting its control projection (239.1763ms)
✔ missing, traversal-style and incomplete control requests do not create authority (4.3657ms)
✔ live source claims retain the existing collector identity and zero-write metadata (274.4036ms)
✔ finite convenience API has explicit bounds and performs no scheduling (874.9885ms)
✔ state and artifact redirection are not followed on read (246.317ms)
✔ alter of earlier history is detected after a newer successful cycle (653.7665ms)
✔ delete of earlier history is detected after a newer successful cycle (638.9582ms)
✔ changed implementation pins fail before a new intent is written (397.8191ms)
✔ a directory replaced while a caller holds its lock cannot redirect any artifact write (320.7372ms)
✔ actual corpus activation and retirement change only separately bound advisory output (1400.9109ms)
✔ expiry invalidates cached advisory annotations even without corpus byte changes (634.9564ms)
✔ mixed retained controls and new cycles enforce one transition bound with a reserved terminal stop (71832.5186ms)
✔ accepted snapshots with omitted optional metadata produce parseable JSON artifacts and replay (457.3075ms)
✔ optional auditor metadata works through the real feedback evidence and recurring consumer bridge (507.7635ms)
✔ policy has the ten requested workstreams and never assigns people (3.375ms)
✔ classification supports Multiplayer (5.9758ms)
✔ classification supports UX/UI (1.9588ms)
✔ classification supports Multi-system execution (1.1908ms)
✔ classification supports Janitor (1.3155ms)
✔ classification supports Dynamic agent teams (1.2248ms)
✔ classification supports DevOps/PR review/branch protection (1.1471ms)
✔ classification supports Security (1.1187ms)
✔ classification supports Agent communication layer (1.2176ms)
✔ classification supports Dark factory automation (1.255ms)
✔ classification supports Backend scalability / pub-sub (1.1166ms)
✔ classification preserves labels and assignees (12.5443ms)
✔ UX alias means UX/UI (14.1568ms)
✔ an unassigned issue is not a violation (5.2798ms)
✔ full fixture audit has zero mutations and catches closing-link conflict (4.8247ms)
✔ non-closing prose overrides no native link, not unrelated partial references (4.1215ms)
✔ explicit do-not-close linked issue is flagged (3.559ms)
✔ closed unmerged PR does not close an open issue (3.8951ms)
✔ reopened issue remains open after a historical merged PR (3.4156ms)
✔ no automatic close for several partial PRs (4.3077ms)
✔ only explicit dependency section is interpreted (0.176ms)
✔ code fences and quoted references are not dependency authority (0.2079ms)
✔ native/text dependency disagreement is flagged (4.0051ms)
✔ matching dependencies do not produce a mismatch (4.2923ms)
✔ dependency cycles are bounded and reported once (4.3618ms)
✔ parent hierarchy mismatch and cycle are detected (3.9643ms)
✔ outside-scope dependency is not fetched or treated as complete (3.9855ms)
✔ missing local dependency is unverified, not closed (3.7864ms)
✔ open issue marked Done is flagged without changing the board (4.4163ms)
✔ unknown workstream is a review hint, not a rename (3.4817ms)
✔ locked default branch is flagged, without bypass (3.9289ms)
✔ stale PR source head is reported (4.049ms)
✔ current independent review is accepted as evidence (4.2959ms)
✔ author approval is not current independent human approval (4.3057ms)
✔ bot approval is not current independent human approval (3.7594ms)
✔ old-head approval is not current independent human approval (3.8505ms)
✔ later comment does not erase a valid prior approval (3.7206ms)
✔ failed checks and requested changes are surfaced (5.7054ms)
✔ missing checks are not a success (6.2653ms)
✔ stale snapshots are labeled (4.753ms)
✔ future snapshots fail closed (1.8365ms)
✔ finding IDs are stable across repeated reads (6.9033ms)
✔ reported secrets are redacted and Markdown is escaped (10.5594ms)
✔ refuses: assign #50 to example-user (4.4104ms)
✔ refuses: label #50 multiplayer (4.5636ms)
✔ refuses: close #50 (5.03ms)
✔ refuses: merge PR #237 (4.0477ms)
✔ refuses: enable auto-merge (3.9625ms)
✔ refuses: delete a branch (4.648ms)
✔ refuses: approve PR #237 (3.9914ms)
✔ refuses: can you change the rules (3.8619ms)
✔ question answers use recorded evidence and canonical references (4.6024ms)
✔ reverse dependency questions list dependents (4.5135ms)
✔ unknown questions ask for clarification (4.4768ms)
✔ untrusted instruction text grants no tools (4.2222ms)
✔ snapshot rejects wrong repo (1.068ms)
✔ snapshot rejects wrong project (0.9961ms)
✔ snapshot rejects partial coverage (0.9434ms)
✔ snapshot rejects wrong count (0.8637ms)
✔ snapshot rejects duplicate issue (1.061ms)
✔ snapshot rejects hostile URL (0.9703ms)
✔ snapshot rejects hidden project item (1.0662ms)
✔ snapshot rejects cross-repo item (1.0156ms)
✔ snapshot rejects duplicate project item (1.1103ms)
✔ snapshot rejects oversized body (1.0574ms)
✔ collector completes two matching passes with no writes (4.1741ms)
✔ collector rejects issue drift between passes (2.2833ms)
✔ collector rejects incomplete nested dependencies (1.6446ms)
✔ collector rejects a changed PR head/check binding (1.7132ms)
✔ collector rejects repeated pagination cursors (1.0902ms)
✔ collector rejects inaccessible connection entries (0.1474ms)
✔ read client verifies Bakar404 and never switches accounts (1.3238ms)
✔ explicit hash-pinned read principal does not change the pilot or read allowlist (23.36ms)
✔ collector profile rejects changed scope or unsupported fields: repository (15.6339ms)
✔ collector profile rejects changed scope or unsupported fields: project_id (8.3155ms)
✔ collector profile rejects changed scope or unsupported fields: project_number (15.3829ms)
✔ collector profile rejects changed scope or unsupported fields: token (8.0321ms)
✔ collector profile rejects changed scope or unsupported fields: url (14.8952ms)
✔ collector profile rejects changed scope or unsupported fields: collector_login (15.4634ms)
✔ collector profile rejects wrong hashes, changed bytes and duplicate keys (26.7879ms)
✔ profiled collection records the actual principal and rejects identity or profile drift (31.9736ms)
✔ read client exposes no arbitrary query or write operation (1.099ms)
✔ GraphQL cursor remains data, not executable query text (1.1174ms)
✔ GraphQL errors do not become accepted partial data (1.1615ms)
✔ GraphQL reserve prevents further reads (1.2646ms)
✔ collection has an elapsed-time bound (1.2374ms)
✔ dry run uses neither network nor output files (1.5404ms)
✔ CLI rejects apply (0.1443ms)
✔ CLI rejects audit --fixture --live (0.1021ms)
✔ CLI rejects audit --fixture --out ../escape.json (0.1415ms)
✔ CLI rejects audit --dry-run --out file.json (0.0908ms)
✔ CLI rejects audit --fixture --assign example-user (0.078ms)
✔ CLI rejects ask --fixture (0.0756ms)
✔ actual CLI dry run works from another directory and has no network intent (145.8608ms)
✔ test chat prepares an evidence-based reply without sending it (5.4667ms)
✔ test chat rejects wrong tenant (0.2972ms)
✔ test chat rejects wrong group (0.142ms)
✔ test chat rejects personal chat (0.1338ms)
✔ test chat rejects other channel (0.1289ms)
✔ test chat ignores messages without a mention (0.1378ms)
✔ test chat ignores its own messages (0.124ms)
✔ test chat refuses mutation requests (5.1024ms)
✔ no production mode or implicit binding (0.2949ms)
ℹ tests 227
ℹ suites 0
ℹ pass 227
ℹ fail 0
ℹ cancelled 0
ℹ skipped 0
ℹ todo 0
ℹ duration_ms 92123.2937
