$ node --test --test-concurrency=2 --test-timeout=180000 scenarios/repo-steward/steward.test.mjs scenarios/repo-steward/actions.test.mjs scenarios/repo-steward/recurring-audit.test.mjs scenarios/repo-steward/feedback.test.mjs scenarios/repo-steward/maintenance.test.mjs scenarios/repo-steward/feedback-cli.test.mjs
✔ Actions preview performs no live reads or summary publication (2.6169ms)
✔ Actions fixture uses the real auditor without GitHub access (45.0809ms)
✔ invalid workflow input is rejected during preview without data access (1.6389ms)
✔ hosted live mode rejects non-Actions host before reading data (0.597ms)
✔ hosted live mode rejects PR event before reading data (0.4358ms)
✔ hosted live mode rejects another repository before reading data (0.3163ms)
✔ hosted live mode rejects feature branch before reading data (0.4525ms)
✔ hosted live mode rejects another actor before reading data (0.3089ms)
✔ hosted live mode rejects another rerun operator before reading data (0.6123ms)
✔ hosted live mode rejects missing triggering actor before reading data (0.6241ms)
✔ hosted live mode rejects missing source commit before reading data (0.4496ms)
✔ hosted live mode rejects disabled pilot before reading data (0.2518ms)
✔ hosted live mode rejects unapproved public summary before reading data (0.2008ms)
✔ hosted live mode rejects missing credential before reading data (0.1839ms)
✔ hosted live mode rejects blank credential before reading data (0.1882ms)
✔ hosted live mode rejects write-enabled configuration before reading data (0.1722ms)
✔ GITHUB_TOKEN does not substitute for Project-readable credentials (0.2783ms)
✔ an admitted live path collects once and retains zero mutations (11.5416ms)
✔ collector failure does not produce a successful report (0.3699ms)
✔ stale hosted snapshots fail instead of publishing old findings (14.3436ms)
✔ public summaries never include free-form source or evidence text (9.2284ms)
✔ summary rejects unknown rule (7.3409ms)
✔ summary rejects bad finding id (8.0799ms)
✔ summary rejects foreign reference (9.9985ms)
✔ summary rejects mutation claim (7.8654ms)
✔ summary rejects wrong scope (7.246ms)
✔ summary rejects invalid timestamp (6.4291ms)
✔ summary rejects bad totals (8.3862ms)
✔ public finding index is bounded without copying omitted details (18.1899ms)
✔ every configured fixture rule has an explicit publication review (21.6471ms)
✔ summary file writes remain inside a supplied native temporary directory (25.9669ms)
✔ Actions CLI rejects unsupported arguments --apply (0.3175ms)
✔ Actions CLI rejects unsupported arguments --live (0.1385ms)
✔ Actions CLI rejects unsupported arguments --live (0.1255ms)
✔ actual fixture CLI needs no hosted secrets or Teams SDK (394.5803ms)
✔ manual workflow keeps first-party actions pinned and live credentials isolated (15.9569ms)
✔ feedback CLI rejects unsupported, missing and duplicate transition arguments (8.0567ms)
✔ new-file corpus output preserves the previous version and refuses overwrite (61.2564ms)
✔ initializing a corpus binds the validated input scope without changing its snapshot (77.0555ms)
✔ partial snapshot cannot create a corpus file (34.2735ms)
✔ redirected output parent is refused without writing through it (9.2279ms)
✔ review evidence must be a file and cannot use a directory as a digest source (66.4218ms)
✔ review CLI records the exact binary digest and closes its descriptor (153.1537ms)
✔ same-size review replacement between metadata check and open cannot update a corpus (55.1115ms)
✔ review parent swapped for a symlink or junction before open is rejected (58.8011ms)
✔ same-size pathname replacement after descriptor read is rejected (66.3531ms)
✔ same-size in-place review rewrite cannot hide behind a restored modification time (87.0711ms)
✔ review growth after open stays within its original byte bound and is rejected (67.4265ms)
✔ bounded review reads handle partial reads and reject empty or oversized files (40.8689ms)
✔ native behavioral evidence remains candidate with original local source and no finding impersonation (117.7045ms)
✔ native behavioral activation is denied for mixed support and forged active or retired history (85.5259ms)
✔ native behavioral candidates can be rejected without widening legacy review authority (80.7443ms)
✔ native behavioral bytes, identity claims, source and repeated runs remain validated (168.6494ms)
✔ evidence binds actual audit finding and supplied snapshot without certifying collection or identity (14.8234ms)
✔ accepted missing Project status binds the native serialized report and finding in evidence and observations (54.2203ms)
✔ auditor optional-field normalization retains strict data-only feedback and report validation (85.1475ms)
✔ timestamp-only or unrelated snapshot changes do not manufacture repeated supporting evidence (48.7197ms)
✔ partial, cross-scope, stale or missing findings cannot become feedback evidence (22.6218ms)
✔ feedback source pins accept exactly 40 or 64 hexadecimal characters, including supplied evidence (128.8588ms)
✔ candidate, active and retired versions preserve their inputs and have exact transition digests (33.5648ms)
✔ one observation, fabricated evidence bytes and replayed reviews cannot activate a rule (129.5267ms)
✔ reviewer labels and claimed approval booleans do not supply verified review authority (38.067ms)
✔ explicit rejection remains terminal and contributes no advice (74.4166ms)
✔ prospective expiry is mandatory, bounded, and effective at the exact boundary (177.4802ms)
✔ active capacity cannot expand and supersession retires only the exact predecessor (113.0538ms)
✔ supersession rejects stale targets and cannot cross finding rules (74.5667ms)
✔ active guidance annotates only matching findings without hiding or changing original conclusions (46.538ms)
✔ broad matching admits at most the finite annotation limit and never truncates an excessive report (489.732ms)
✔ serialized output bytes are admitted before escaped guidance and evidence references fan out (90.7011ms)
✔ later audits honor activation and retirement while the original report stays identical (53.3317ms)
✔ unknown executable, suppression, assignment and permission options are rejected (190.585ms)
✔ stale reports, foreign scope and altered evidence fail closed (34.0531ms)
✔ canonical digests ignore property insertion order but reject executable and non-finite data (0.6946ms)
✔ reusable corpus validation preserves input and rejects authority claims or altered guidance (26.3833ms)
✔ explicit collector profile requires a hash and cannot relabel a supplied snapshot (4.2171ms)
✔ recurrence requires finite explicit bounds before reading any input (1.2439ms)
✔ finite recurrence reloads snapshot and feedback on every cycle (5.8705ms)
✔ paused and stopped records prevent collection and input reads (4.0847ms)
✔ exhausted persisted attempts reject before snapshot, feedback or live collection (4.8582ms)
✔ watch admits the final allowed attempt and then stops before collecting another snapshot (3.2905ms)
✔ source mismatch refuses before reading snapshot or feedback (2.0226ms)
✔ a failed cycle stops recurrence without retrying or losing the failure (5.931ms)
✔ first snapshot acquisition failure retains one sanitized failed attempt (492.7747ms)
✔ later corpus acquisition failure preserves earlier accepted evidence and consumes one attempt (1239.4858ms)
✔ live acquisition failure is retained once without raw error text or a retry (392.8505ms)
✔ pause and stop during failed acquisition remain effective without a new admitted attempt (2951.5067ms)
✔ deadline crossing during failed acquisition prevents late attempt admission (2.0187ms)
✔ interruption during failed acquisition prevents a new admitted attempt (2.2433ms)
✔ duration bounds stop admission after collection without writing a late result (1.6614ms)
✔ interruption during an interval exits without another audit (1.7083ms)
✔ control commands delegate exact action, source and reason without collecting (4.5734ms)
✔ status exposes bounded metadata and no retained finding text (1.8245ms)
✔ one audit writes source-bound immutable private reports and an advisory handoff (646.887ms)
✔ fresh capture timestamps and transport metrics alone produce no new report or proposal across restart (1025.6761ms)
✔ live state binds the exact selected principal and profile through restart and controls (3635.5568ms)
✔ profile metadata cannot convert supplied evidence or a different live principal into accepted observations (380.7988ms)
✔ changed scoped content produces a new receipt while retaining stable finding dedupe (736.2307ms)
✔ resolved findings are recorded without claiming a remote correction (744.3318ms)
✔ stale input fails and preserves a failed attempt, never reusing previous success (875.8692ms)
✔ future input fails and preserves a failed attempt, never reusing previous success (791.0446ms)
✔ incomplete input fails and preserves a failed attempt, never reusing previous success (891.4401ms)
✔ source drift fails and preserves a failed attempt, never reusing previous success (993.1683ms)
✔ changing the caller source pin cannot migrate an existing directory (686.4415ms)
✔ pause prevents input use, resume retains dedupe, and stop cannot resume (3499.3191ms)
✔ concurrent cycles have one winner and never create duplicate accepted receipts (505.9715ms)
✔ retained locks fail closed without PID reuse or timeout-based recovery (27.8543ms)
✔ incomplete intent and rollback to an older checkpoint refuse replay (911.3444ms)
✔ tampered referenced artifacts are rejected and preserved (460.2856ms)
✔ output-directory redirection refuses writes through a symlink or junction (19.9439ms)
✔ an unexpected output file is retained, not overwritten or removed (28.5822ms)
✔ status rejects unexpected files in initialized state before accepting its control projection (421.7925ms)
✔ missing, traversal-style and incomplete control requests do not create authority (6.8815ms)
✔ live source claims retain the existing collector identity and zero-write metadata (459.2375ms)
✔ finite convenience API has explicit bounds and performs no scheduling (1431.763ms)
✔ state and artifact redirection are not followed on read (408.788ms)
✔ alter of earlier history is detected after a newer successful cycle (977.6217ms)
✔ delete of earlier history is detected after a newer successful cycle (1006.4195ms)
✔ changed implementation pins fail before a new intent is written (670.9921ms)
✔ a directory replaced while a caller holds its lock cannot redirect any artifact write (496.9128ms)
✔ actual corpus activation and retirement change only separately bound advisory output (1960.352ms)
✔ expiry invalidates cached advisory annotations even without corpus byte changes (954.7413ms)
✔ mixed retained controls and new cycles enforce one transition bound with a reserved terminal stop (83163.2315ms)
✔ accepted snapshots with omitted optional metadata produce parseable JSON artifacts and replay (692.733ms)
✔ optional auditor metadata works through the real feedback evidence and recurring consumer bridge (870.2241ms)
✔ policy has the ten requested workstreams and never assigns people (5.1689ms)
✔ classification supports Multiplayer (12.028ms)
✔ classification supports UX/UI (4.7293ms)
✔ classification supports Multi-system execution (2.7792ms)
✔ classification supports Janitor (2.5903ms)
✔ classification supports Dynamic agent teams (2.0771ms)
✔ classification supports DevOps/PR review/branch protection (2.2552ms)
✔ classification supports Security (2.9304ms)
✔ classification supports Agent communication layer (1.8407ms)
✔ classification supports Dark factory automation (1.932ms)
✔ classification supports Backend scalability / pub-sub (1.5909ms)
✔ classification preserves labels and assignees (21.0232ms)
✔ UX alias means UX/UI (22.1348ms)
✔ an unassigned issue is not a violation (8.3331ms)
✔ full fixture audit has zero mutations and catches closing-link conflict (7.2457ms)
✔ non-closing prose overrides no native link, not unrelated partial references (8.3216ms)
✔ explicit do-not-close linked issue is flagged (4.2342ms)
✔ closed unmerged PR does not close an open issue (4.8225ms)
✔ reopened issue remains open after a historical merged PR (5.4005ms)
✔ no automatic close for several partial PRs (7.1039ms)
✔ only explicit dependency section is interpreted (0.2385ms)
✔ code fences and quoted references are not dependency authority (0.236ms)
✔ native/text dependency disagreement is flagged (7.8355ms)
✔ matching dependencies do not produce a mismatch (5.1258ms)
✔ dependency cycles are bounded and reported once (6.635ms)
✔ parent hierarchy mismatch and cycle are detected (7.6737ms)
✔ outside-scope dependency is not fetched or treated as complete (5.1952ms)
✔ missing local dependency is unverified, not closed (4.1393ms)
✔ open issue marked Done is flagged without changing the board (7.6471ms)
✔ unknown workstream is a review hint, not a rename (5.6619ms)
✔ locked default branch is flagged, without bypass (4.9476ms)
✔ stale PR source head is reported (5.3647ms)
✔ current independent review is accepted as evidence (4.7786ms)
✔ author approval is not current independent human approval (5.5624ms)
✔ bot approval is not current independent human approval (4.3696ms)
✔ old-head approval is not current independent human approval (4.3175ms)
✔ later comment does not erase a valid prior approval (4.6331ms)
✔ failed checks and requested changes are surfaced (6.8407ms)
✔ missing checks are not a success (4.8857ms)
✔ stale snapshots are labeled (7.0285ms)
✔ future snapshots fail closed (2.2155ms)
✔ finding IDs are stable across repeated reads (7.8434ms)
✔ reported secrets are redacted and Markdown is escaped (13.1524ms)
✔ refuses: assign #50 to example-user (6.5463ms)
✔ refuses: label #50 multiplayer (4.9617ms)
✔ refuses: close #50 (5.6515ms)
✔ refuses: merge PR #237 (7.6633ms)
✔ refuses: enable auto-merge (5.5954ms)
✔ refuses: delete a branch (8.1889ms)
✔ refuses: approve PR #237 (6.1996ms)
✔ refuses: can you change the rules (7.6346ms)
✔ question answers use recorded evidence and canonical references (6.2204ms)
✔ reverse dependency questions list dependents (5.7833ms)
✔ unknown questions ask for clarification (6.5357ms)
✔ untrusted instruction text grants no tools (10.2931ms)
✔ snapshot rejects wrong repo (1.7889ms)
✔ snapshot rejects wrong project (1.2589ms)
✔ snapshot rejects partial coverage (1.1254ms)
✔ snapshot rejects wrong count (1.0662ms)
✔ snapshot rejects duplicate issue (1.2806ms)
✔ snapshot rejects hostile URL (1.2773ms)
✔ snapshot rejects hidden project item (1.4542ms)
✔ snapshot rejects cross-repo item (1.3543ms)
✔ snapshot rejects duplicate project item (1.3787ms)
✔ snapshot rejects oversized body (1.7668ms)
✔ collector completes two matching passes with no writes (6.8627ms)
✔ collector rejects issue drift between passes (2.9887ms)
✔ collector rejects incomplete nested dependencies (2.1627ms)
✔ collector rejects a changed PR head/check binding (1.5089ms)
✔ collector rejects repeated pagination cursors (1.514ms)
✔ collector rejects inaccessible connection entries (0.1961ms)
✔ read client verifies Bakar404 and never switches accounts (1.8202ms)
✔ explicit hash-pinned read principal does not change the pilot or read allowlist (27.571ms)
✔ collector profile rejects changed scope or unsupported fields: repository (17.5826ms)
✔ collector profile rejects changed scope or unsupported fields: project_id (22.0939ms)
✔ collector profile rejects changed scope or unsupported fields: project_number (24.149ms)
✔ collector profile rejects changed scope or unsupported fields: token (21.1897ms)
✔ collector profile rejects changed scope or unsupported fields: url (20.7617ms)
✔ collector profile rejects changed scope or unsupported fields: collector_login (22.6941ms)
✔ collector profile rejects wrong hashes, changed bytes and duplicate keys (63.5264ms)
✔ profiled collection records the actual principal and rejects identity or profile drift (44.0855ms)
✔ read client exposes no arbitrary query or write operation (1.826ms)
✔ GraphQL cursor remains data, not executable query text (1.439ms)
✔ GraphQL errors do not become accepted partial data (1.3007ms)
✔ GraphQL reserve prevents further reads (1.2662ms)
✔ collection has an elapsed-time bound (1.279ms)
✔ dry run uses neither network nor output files (1.7294ms)
✔ CLI rejects apply (0.2125ms)
✔ CLI rejects audit --fixture --live (0.1515ms)
✔ CLI rejects audit --fixture --out ../escape.json (0.2012ms)
✔ CLI rejects audit --dry-run --out file.json (0.1304ms)
✔ CLI rejects audit --fixture --assign example-user (0.1052ms)
✔ CLI rejects ask --fixture (0.1145ms)
✔ actual CLI dry run works from another directory and has no network intent (213.0798ms)
✔ test chat prepares an evidence-based reply without sending it (6.9459ms)
✔ test chat rejects wrong tenant (0.3897ms)
✔ test chat rejects wrong group (0.2178ms)
✔ test chat rejects personal chat (0.2124ms)
✔ test chat rejects other channel (0.1642ms)
✔ test chat ignores messages without a mention (0.1415ms)
✔ test chat ignores its own messages (0.1368ms)
✔ test chat refuses mutation requests (6.2682ms)
✔ no production mode or implicit binding (0.5344ms)
ℹ tests 227
ℹ suites 0
ℹ pass 227
ℹ fail 0
ℹ cancelled 0
ℹ skipped 0
ℹ todo 0
ℹ duration_ms 114370.8637
