$ node --test --test-concurrency=2 --test-timeout=180000 scenarios/repo-steward/steward.test.mjs scenarios/repo-steward/actions.test.mjs scenarios/repo-steward/recurring-audit.test.mjs scenarios/repo-steward/feedback.test.mjs scenarios/repo-steward/maintenance.test.mjs scenarios/repo-steward/feedback-cli.test.mjs
✔ Actions preview performs no live reads or summary publication (1.83ms)
✔ Actions fixture uses the real auditor without GitHub access (32.3771ms)
✔ invalid workflow input is rejected during preview without data access (1.0498ms)
✔ hosted live mode rejects non-Actions host before reading data (0.358ms)
✔ hosted live mode rejects PR event before reading data (1.2825ms)
✔ hosted live mode rejects another repository before reading data (0.2873ms)
✔ hosted live mode rejects feature branch before reading data (0.3872ms)
✔ hosted live mode rejects another actor before reading data (0.2919ms)
✔ hosted live mode rejects another rerun operator before reading data (0.3349ms)
✔ hosted live mode rejects missing triggering actor before reading data (0.2724ms)
✔ hosted live mode rejects missing source commit before reading data (0.3881ms)
✔ hosted live mode rejects disabled pilot before reading data (0.166ms)
✔ hosted live mode rejects unapproved public summary before reading data (0.1954ms)
✔ hosted live mode rejects missing credential before reading data (0.1385ms)
✔ hosted live mode rejects blank credential before reading data (0.1651ms)
✔ hosted live mode rejects write-enabled configuration before reading data (0.2253ms)
✔ GITHUB_TOKEN does not substitute for Project-readable credentials (0.2743ms)
✔ an admitted live path collects once and retains zero mutations (5.8276ms)
✔ collector failure does not produce a successful report (0.4488ms)
✔ stale hosted snapshots fail instead of publishing old findings (7.9205ms)
✔ public summaries never include free-form source or evidence text (5.9052ms)
✔ summary rejects unknown rule (4.6591ms)
✔ summary rejects bad finding id (6.9673ms)
✔ summary rejects foreign reference (4.8785ms)
✔ summary rejects mutation claim (7.3483ms)
✔ summary rejects wrong scope (5.5987ms)
✔ summary rejects invalid timestamp (5.1416ms)
✔ summary rejects bad totals (5.5152ms)
✔ public finding index is bounded without copying omitted details (5.277ms)
✔ every configured fixture rule has an explicit publication review (5.1515ms)
✔ summary file writes remain inside a supplied native temporary directory (11.0445ms)
✔ Actions CLI rejects unsupported arguments --apply (0.2593ms)
✔ Actions CLI rejects unsupported arguments --live (0.1234ms)
✔ Actions CLI rejects unsupported arguments --live (0.1342ms)
✔ actual fixture CLI needs no hosted secrets or Teams SDK (201.9591ms)
✔ manual workflow keeps first-party actions pinned and live credentials isolated (12.9495ms)
✔ feedback CLI rejects unsupported, missing and duplicate transition arguments (2.6305ms)
✔ new-file corpus output preserves the previous version and refuses overwrite (28.7708ms)
✔ initializing a corpus binds the validated input scope without changing its snapshot (50.7144ms)
✔ partial snapshot cannot create a corpus file (25.64ms)
✔ redirected output parent is refused without writing through it (6.9296ms)
✔ review evidence must be a file and cannot use a directory as a digest source (52.0211ms)
✔ review CLI records the exact binary digest and closes its descriptor (82.6347ms)
✔ same-size review replacement between metadata check and open cannot update a corpus (34.5475ms)
✔ review parent swapped for a symlink or junction before open is rejected (36.2805ms)
✔ same-size pathname replacement after descriptor read is rejected (34.3608ms)
✔ same-size in-place review rewrite cannot hide behind a restored modification time (36.285ms)
✔ review growth after open stays within its original byte bound and is rejected (26.1636ms)
✔ bounded review reads handle partial reads and reject empty or oversized files (19.7871ms)
✔ native behavioral evidence remains candidate with original local source and no finding impersonation (75.8556ms)
✔ native behavioral activation is denied for mixed support and forged active or retired history (50.0807ms)
✔ native behavioral candidates can be rejected without widening legacy review authority (65.7077ms)
✔ native behavioral bytes, identity claims, source and repeated runs remain validated (121.996ms)
✔ evidence binds actual audit finding and supplied snapshot without certifying collection or identity (15.9087ms)
✔ accepted missing Project status binds the native serialized report and finding in evidence and observations (47.498ms)
✔ auditor optional-field normalization retains strict data-only feedback and report validation (63.8868ms)
✔ timestamp-only or unrelated snapshot changes do not manufacture repeated supporting evidence (28.7559ms)
✔ partial, cross-scope, stale or missing findings cannot become feedback evidence (14.2563ms)
✔ feedback source pins accept exactly 40 or 64 hexadecimal characters, including supplied evidence (76.25ms)
✔ candidate, active and retired versions preserve their inputs and have exact transition digests (20.0191ms)
✔ one observation, fabricated evidence bytes and replayed reviews cannot activate a rule (76.1569ms)
✔ reviewer labels and claimed approval booleans do not supply verified review authority (25.1003ms)
✔ explicit rejection remains terminal and contributes no advice (39.4416ms)
✔ prospective expiry is mandatory, bounded, and effective at the exact boundary (108.1751ms)
✔ active capacity cannot expand and supersession retires only the exact predecessor (80.7229ms)
✔ supersession rejects stale targets and cannot cross finding rules (59.0304ms)
✔ active guidance annotates only matching findings without hiding or changing original conclusions (24.1665ms)
✔ broad matching admits at most the finite annotation limit and never truncates an excessive report (328.6215ms)
✔ serialized output bytes are admitted before escaped guidance and evidence references fan out (60.5618ms)
✔ later audits honor activation and retirement while the original report stays identical (42.2684ms)
✔ unknown executable, suppression, assignment and permission options are rejected (149.216ms)
✔ stale reports, foreign scope and altered evidence fail closed (26.8274ms)
✔ canonical digests ignore property insertion order but reject executable and non-finite data (0.3909ms)
✔ reusable corpus validation preserves input and rejects authority claims or altered guidance (15.7612ms)
✔ explicit collector profile requires a hash and cannot relabel a supplied snapshot (3.2114ms)
✔ recurrence requires finite explicit bounds before reading any input (1.2109ms)
✔ finite recurrence reloads snapshot and feedback on every cycle (2.9588ms)
✔ paused and stopped records prevent collection and input reads (2.6148ms)
✔ exhausted persisted attempts reject before snapshot, feedback or live collection (2.6932ms)
✔ watch admits the final allowed attempt and then stops before collecting another snapshot (1.7814ms)
✔ source mismatch refuses before reading snapshot or feedback (1.6121ms)
✔ a failed cycle stops recurrence without retrying or losing the failure (1.571ms)
✔ first snapshot acquisition failure retains one sanitized failed attempt (355.9415ms)
✔ later corpus acquisition failure preserves earlier accepted evidence and consumes one attempt (859.615ms)
✔ live acquisition failure is retained once without raw error text or a retry (329.4178ms)
✔ pause and stop during failed acquisition remain effective without a new admitted attempt (2118.9984ms)
✔ deadline crossing during failed acquisition prevents late attempt admission (1.5923ms)
✔ interruption during failed acquisition prevents a new admitted attempt (1.0913ms)
✔ duration bounds stop admission after collection without writing a late result (1.0323ms)
✔ interruption during an interval exits without another audit (1.1302ms)
✔ control commands delegate exact action, source and reason without collecting (3.3498ms)
✔ status exposes bounded metadata and no retained finding text (1.2631ms)
✔ one audit writes source-bound immutable private reports and an advisory handoff (482.7177ms)
✔ fresh capture timestamps and transport metrics alone produce no new report or proposal across restart (752.4812ms)
✔ live state binds the exact selected principal and profile through restart and controls (2662.5008ms)
✔ profile metadata cannot convert supplied evidence or a different live principal into accepted observations (297.4781ms)
✔ changed scoped content produces a new receipt while retaining stable finding dedupe (545.802ms)
✔ resolved findings are recorded without claiming a remote correction (554.4044ms)
✔ stale input fails and preserves a failed attempt, never reusing previous success (646.5105ms)
✔ future input fails and preserves a failed attempt, never reusing previous success (649.2398ms)
✔ incomplete input fails and preserves a failed attempt, never reusing previous success (664.029ms)
✔ source drift fails and preserves a failed attempt, never reusing previous success (683.5645ms)
✔ changing the caller source pin cannot migrate an existing directory (495.9638ms)
✔ pause prevents input use, resume retains dedupe, and stop cannot resume (2412.7555ms)
✔ concurrent cycles have one winner and never create duplicate accepted receipts (348.9138ms)
✔ retained locks fail closed without PID reuse or timeout-based recovery (18.5073ms)
✔ incomplete intent and rollback to an older checkpoint refuse replay (612.3646ms)
✔ tampered referenced artifacts are rejected and preserved (328.8753ms)
✔ output-directory redirection refuses writes through a symlink or junction (10.2685ms)
✔ an unexpected output file is retained, not overwritten or removed (17.2027ms)
✔ status rejects unexpected files in initialized state before accepting its control projection (253.606ms)
✔ missing, traversal-style and incomplete control requests do not create authority (4.4797ms)
✔ live source claims retain the existing collector identity and zero-write metadata (284.5458ms)
✔ finite convenience API has explicit bounds and performs no scheduling (916.3666ms)
✔ state and artifact redirection are not followed on read (269.0263ms)
✔ alter of earlier history is detected after a newer successful cycle (699.6843ms)
✔ delete of earlier history is detected after a newer successful cycle (682.572ms)
✔ changed implementation pins fail before a new intent is written (409.1279ms)
✔ a directory replaced while a caller holds its lock cannot redirect any artifact write (334.676ms)
✔ actual corpus activation and retirement change only separately bound advisory output (1309.5913ms)
✔ expiry invalidates cached advisory annotations even without corpus byte changes (611.4467ms)
✔ mixed retained controls and new cycles enforce one transition bound with a reserved terminal stop (65962.1825ms)
✔ accepted snapshots with omitted optional metadata produce parseable JSON artifacts and replay (462.6181ms)
✔ optional auditor metadata works through the real feedback evidence and recurring consumer bridge (526.0162ms)
✔ policy has the ten requested workstreams and never assigns people (4.4923ms)
✔ classification supports Multiplayer (6.0265ms)
✔ classification supports UX/UI (1.8044ms)
✔ classification supports Multi-system execution (1.3464ms)
✔ classification supports Janitor (1.6382ms)
✔ classification supports Dynamic agent teams (1.8651ms)
✔ classification supports DevOps/PR review/branch protection (2.2974ms)
✔ classification supports Security (1.1646ms)
✔ classification supports Agent communication layer (1.339ms)
✔ classification supports Dark factory automation (1.4198ms)
✔ classification supports Backend scalability / pub-sub (1.1744ms)
✔ classification preserves labels and assignees (12.3155ms)
✔ UX alias means UX/UI (14.408ms)
✔ an unassigned issue is not a violation (5.4137ms)
✔ full fixture audit has zero mutations and catches closing-link conflict (4.9457ms)
✔ non-closing prose overrides no native link, not unrelated partial references (4.2939ms)
✔ explicit do-not-close linked issue is flagged (3.8415ms)
✔ closed unmerged PR does not close an open issue (4.1141ms)
✔ reopened issue remains open after a historical merged PR (3.6938ms)
✔ no automatic close for several partial PRs (4.4451ms)
✔ only explicit dependency section is interpreted (0.1872ms)
✔ code fences and quoted references are not dependency authority (0.2087ms)
✔ native/text dependency disagreement is flagged (4.2831ms)
✔ matching dependencies do not produce a mismatch (3.8295ms)
✔ dependency cycles are bounded and reported once (4.3756ms)
✔ parent hierarchy mismatch and cycle are detected (4.3077ms)
✔ outside-scope dependency is not fetched or treated as complete (4.1446ms)
✔ missing local dependency is unverified, not closed (3.8476ms)
✔ open issue marked Done is flagged without changing the board (5.3097ms)
✔ unknown workstream is a review hint, not a rename (5.7158ms)
✔ locked default branch is flagged, without bypass (3.8539ms)
✔ stale PR source head is reported (4.4767ms)
✔ current independent review is accepted as evidence (3.9642ms)
✔ author approval is not current independent human approval (3.9784ms)
✔ bot approval is not current independent human approval (5.5955ms)
✔ old-head approval is not current independent human approval (5.759ms)
✔ later comment does not erase a valid prior approval (3.94ms)
✔ failed checks and requested changes are surfaced (3.781ms)
✔ missing checks are not a success (4.8376ms)
✔ stale snapshots are labeled (3.5166ms)
✔ future snapshots fail closed (1.5955ms)
✔ finding IDs are stable across repeated reads (7.5592ms)
✔ reported secrets are redacted and Markdown is escaped (12.5946ms)
✔ refuses: assign #50 to example-user (4.7122ms)
✔ refuses: label #50 multiplayer (4.8012ms)
✔ refuses: close #50 (7.4371ms)
✔ refuses: merge PR #237 (4.2808ms)
✔ refuses: enable auto-merge (5.5031ms)
✔ refuses: delete a branch (4.6553ms)
✔ refuses: approve PR #237 (4.4299ms)
✔ refuses: can you change the rules (4.329ms)
✔ question answers use recorded evidence and canonical references (4.9744ms)
✔ reverse dependency questions list dependents (5.1141ms)
✔ unknown questions ask for clarification (4.7307ms)
✔ untrusted instruction text grants no tools (7.1879ms)
✔ snapshot rejects wrong repo (1.8275ms)
✔ snapshot rejects wrong project (1.4849ms)
✔ snapshot rejects partial coverage (1.2512ms)
✔ snapshot rejects wrong count (1.467ms)
✔ snapshot rejects duplicate issue (1.6953ms)
✔ snapshot rejects hostile URL (1.478ms)
✔ snapshot rejects hidden project item (1.4452ms)
✔ snapshot rejects cross-repo item (1.8213ms)
✔ snapshot rejects duplicate project item (1.7706ms)
✔ snapshot rejects oversized body (1.6759ms)
✔ collector completes two matching passes with no writes (5.2335ms)
✔ collector rejects issue drift between passes (2.9952ms)
✔ collector rejects incomplete nested dependencies (1.3141ms)
✔ collector rejects a changed PR head/check binding (1.7614ms)
✔ collector rejects repeated pagination cursors (1.2462ms)
✔ collector rejects inaccessible connection entries (0.1484ms)
✔ read client verifies Bakar404 and never switches accounts (1.2662ms)
✔ explicit hash-pinned read principal does not change the pilot or read allowlist (26.0348ms)
✔ collector profile rejects changed scope or unsupported fields: repository (10.625ms)
✔ collector profile rejects changed scope or unsupported fields: project_id (17.8419ms)
✔ collector profile rejects changed scope or unsupported fields: project_number (17.5941ms)
✔ collector profile rejects changed scope or unsupported fields: token (11.8979ms)
✔ collector profile rejects changed scope or unsupported fields: url (19.7413ms)
✔ collector profile rejects changed scope or unsupported fields: collector_login (9.5863ms)
✔ collector profile rejects wrong hashes, changed bytes and duplicate keys (33.6192ms)
✔ profiled collection records the actual principal and rejects identity or profile drift (37.1121ms)
✔ read client exposes no arbitrary query or write operation (1.2601ms)
✔ GraphQL cursor remains data, not executable query text (1.1821ms)
✔ GraphQL errors do not become accepted partial data (1.3991ms)
✔ GraphQL reserve prevents further reads (1.6378ms)
✔ collection has an elapsed-time bound (1.0591ms)
✔ dry run uses neither network nor output files (1.3947ms)
✔ CLI rejects apply (0.1422ms)
✔ CLI rejects audit --fixture --live (0.1004ms)
✔ CLI rejects audit --fixture --out ../escape.json (0.1469ms)
✔ CLI rejects audit --dry-run --out file.json (0.0927ms)
✔ CLI rejects audit --fixture --assign example-user (0.0789ms)
✔ CLI rejects ask --fixture (0.082ms)
✔ actual CLI dry run works from another directory and has no network intent (158.6325ms)
✔ test chat prepares an evidence-based reply without sending it (8.5597ms)
✔ test chat rejects wrong tenant (0.418ms)
✔ test chat rejects wrong group (0.1451ms)
✔ test chat rejects personal chat (0.1324ms)
✔ test chat rejects other channel (0.1229ms)
✔ test chat ignores messages without a mention (0.1306ms)
✔ test chat ignores its own messages (0.121ms)
✔ test chat refuses mutation requests (7.6851ms)
✔ no production mode or implicit binding (0.3585ms)
ℹ tests 227
ℹ suites 0
ℹ pass 227
ℹ fail 0
ℹ cancelled 0
ℹ skipped 0
ℹ todo 0
ℹ duration_ms 87477.1412
