$ node --test --test-concurrency=2 --test-timeout=180000 scenarios/repo-steward/steward.test.mjs scenarios/repo-steward/actions.test.mjs scenarios/repo-steward/recurring-audit.test.mjs scenarios/repo-steward/feedback.test.mjs scenarios/repo-steward/maintenance.test.mjs scenarios/repo-steward/feedback-cli.test.mjs
✔ Actions preview performs no live reads or summary publication (2.6466ms)
✔ Actions fixture uses the real auditor without GitHub access (36.6574ms)
✔ invalid workflow input is rejected during preview without data access (1.2097ms)
✔ hosted live mode rejects non-Actions host before reading data (0.462ms)
✔ hosted live mode rejects PR event before reading data (0.334ms)
✔ hosted live mode rejects another repository before reading data (1.6332ms)
✔ hosted live mode rejects feature branch before reading data (0.4466ms)
✔ hosted live mode rejects another actor before reading data (0.3166ms)
✔ hosted live mode rejects another rerun operator before reading data (0.3163ms)
✔ hosted live mode rejects missing triggering actor before reading data (0.7395ms)
✔ hosted live mode rejects missing source commit before reading data (0.4423ms)
✔ hosted live mode rejects disabled pilot before reading data (0.2039ms)
✔ hosted live mode rejects unapproved public summary before reading data (0.1914ms)
✔ hosted live mode rejects missing credential before reading data (0.2106ms)
✔ hosted live mode rejects blank credential before reading data (0.273ms)
✔ hosted live mode rejects write-enabled configuration before reading data (0.2613ms)
✔ GITHUB_TOKEN does not substitute for Project-readable credentials (0.3685ms)
✔ an admitted live path collects once and retains zero mutations (9.9812ms)
✔ collector failure does not produce a successful report (0.4163ms)
✔ stale hosted snapshots fail instead of publishing old findings (6.7636ms)
✔ public summaries never include free-form source or evidence text (7.1314ms)
✔ summary rejects unknown rule (5.2145ms)
✔ summary rejects bad finding id (7.0748ms)
✔ summary rejects foreign reference (6.0922ms)
✔ summary rejects mutation claim (6.4126ms)
✔ summary rejects wrong scope (5.5893ms)
✔ summary rejects invalid timestamp (6.9914ms)
✔ summary rejects bad totals (8.4106ms)
✔ public finding index is bounded without copying omitted details (7.5494ms)
✔ every configured fixture rule has an explicit publication review (6.3815ms)
✔ summary file writes remain inside a supplied native temporary directory (11.5424ms)
✔ Actions CLI rejects unsupported arguments --apply (0.3604ms)
✔ Actions CLI rejects unsupported arguments --live (0.1437ms)
✔ Actions CLI rejects unsupported arguments --live (0.1329ms)
✔ actual fixture CLI needs no hosted secrets or Teams SDK (257.5508ms)
✔ manual workflow keeps first-party actions pinned and live credentials isolated (4.6074ms)
✔ feedback CLI rejects unsupported, missing and duplicate transition arguments (3.0841ms)
✔ new-file corpus output preserves the previous version and refuses overwrite (30.5584ms)
✔ initializing a corpus binds the validated input scope without changing its snapshot (56.0649ms)
✔ partial snapshot cannot create a corpus file (29.2376ms)
✔ redirected output parent is refused without writing through it (8.7746ms)
✔ review evidence must be a file and cannot use a directory as a digest source (54.2004ms)
✔ review CLI records the exact binary digest and closes its descriptor (104.5755ms)
✔ same-size review replacement between metadata check and open cannot update a corpus (48.7402ms)
✔ review parent swapped for a symlink or junction before open is rejected (46.226ms)
✔ same-size pathname replacement after descriptor read is rejected (40.8227ms)
✔ same-size in-place review rewrite cannot hide behind a restored modification time (41.006ms)
✔ review growth after open stays within its original byte bound and is rejected (37.2741ms)
✔ bounded review reads handle partial reads and reject empty or oversized files (23.1613ms)
✔ native behavioral evidence remains candidate with original local source and no finding impersonation (90.8048ms)
✔ native behavioral activation is denied for mixed support and forged active or retired history (53.1932ms)
✔ native behavioral candidates can be rejected without widening legacy review authority (125.9743ms)
✔ native behavioral bytes, identity claims, source and repeated runs remain validated (187.4514ms)
✔ evidence binds actual audit finding and supplied snapshot without certifying collection or identity (15.4101ms)
✔ accepted missing Project status binds the native serialized report and finding in evidence and observations (68.3473ms)
✔ auditor optional-field normalization retains strict data-only feedback and report validation (90.6941ms)
✔ timestamp-only or unrelated snapshot changes do not manufacture repeated supporting evidence (45.0768ms)
✔ partial, cross-scope, stale or missing findings cannot become feedback evidence (19.9706ms)
✔ feedback source pins accept exactly 40 or 64 hexadecimal characters, including supplied evidence (101.9889ms)
✔ candidate, active and retired versions preserve their inputs and have exact transition digests (29.1301ms)
✔ one observation, fabricated evidence bytes and replayed reviews cannot activate a rule (124.577ms)
✔ reviewer labels and claimed approval booleans do not supply verified review authority (60.9773ms)
✔ explicit rejection remains terminal and contributes no advice (82.7263ms)
✔ prospective expiry is mandatory, bounded, and effective at the exact boundary (145.0485ms)
✔ active capacity cannot expand and supersession retires only the exact predecessor (101.2924ms)
✔ supersession rejects stale targets and cannot cross finding rules (60.0697ms)
✔ active guidance annotates only matching findings without hiding or changing original conclusions (34.1988ms)
✔ broad matching admits at most the finite annotation limit and never truncates an excessive report (542.6667ms)
✔ serialized output bytes are admitted before escaped guidance and evidence references fan out (122.8073ms)
✔ later audits honor activation and retirement while the original report stays identical (155.8761ms)
✔ unknown executable, suppression, assignment and permission options are rejected (279.3307ms)
✔ stale reports, foreign scope and altered evidence fail closed (28.5645ms)
✔ canonical digests ignore property insertion order but reject executable and non-finite data (0.5329ms)
✔ reusable corpus validation preserves input and rejects authority claims or altered guidance (26.0543ms)
✔ explicit collector profile requires a hash and cannot relabel a supplied snapshot (3.0043ms)
✔ recurrence requires finite explicit bounds before reading any input (0.8911ms)
✔ finite recurrence reloads snapshot and feedback on every cycle (2.8585ms)
✔ paused and stopped records prevent collection and input reads (3.2809ms)
✔ exhausted persisted attempts reject before snapshot, feedback or live collection (4.1981ms)
✔ watch admits the final allowed attempt and then stops before collecting another snapshot (2.0277ms)
✔ source mismatch refuses before reading snapshot or feedback (1.7989ms)
✔ a failed cycle stops recurrence without retrying or losing the failure (2.033ms)
✔ first snapshot acquisition failure retains one sanitized failed attempt (542.9943ms)
✔ later corpus acquisition failure preserves earlier accepted evidence and consumes one attempt (1269.7691ms)
✔ live acquisition failure is retained once without raw error text or a retry (473.4458ms)
✔ pause and stop during failed acquisition remain effective without a new admitted attempt (2690.9221ms)
✔ deadline crossing during failed acquisition prevents late attempt admission (1.9164ms)
✔ interruption during failed acquisition prevents a new admitted attempt (1.9376ms)
✔ duration bounds stop admission after collection without writing a late result (2.1452ms)
✔ interruption during an interval exits without another audit (1.9037ms)
✔ control commands delegate exact action, source and reason without collecting (4.0726ms)
✔ status exposes bounded metadata and no retained finding text (1.6122ms)
✔ one audit writes source-bound immutable private reports and an advisory handoff (646.761ms)
✔ fresh capture timestamps and transport metrics alone produce no new report or proposal across restart (961.9259ms)
✔ live state binds the exact selected principal and profile through restart and controls (3788.6446ms)
✔ profile metadata cannot convert supplied evidence or a different live principal into accepted observations (394.5504ms)
✔ changed scoped content produces a new receipt while retaining stable finding dedupe (742.0611ms)
✔ resolved findings are recorded without claiming a remote correction (730.3409ms)
✔ stale input fails and preserves a failed attempt, never reusing previous success (882.9002ms)
✔ future input fails and preserves a failed attempt, never reusing previous success (764.1544ms)
✔ incomplete input fails and preserves a failed attempt, never reusing previous success (708.1391ms)
✔ source drift fails and preserves a failed attempt, never reusing previous success (730.1342ms)
✔ changing the caller source pin cannot migrate an existing directory (587.198ms)
✔ pause prevents input use, resume retains dedupe, and stop cannot resume (2736.2555ms)
✔ concurrent cycles have one winner and never create duplicate accepted receipts (447.053ms)
✔ retained locks fail closed without PID reuse or timeout-based recovery (27.3025ms)
✔ incomplete intent and rollback to an older checkpoint refuse replay (654.1486ms)
✔ tampered referenced artifacts are rejected and preserved (379.4371ms)
✔ output-directory redirection refuses writes through a symlink or junction (14.1714ms)
✔ an unexpected output file is retained, not overwritten or removed (21.7233ms)
✔ status rejects unexpected files in initialized state before accepting its control projection (279.4046ms)
✔ missing, traversal-style and incomplete control requests do not create authority (5.0027ms)
✔ live source claims retain the existing collector identity and zero-write metadata (310.3765ms)
✔ finite convenience API has explicit bounds and performs no scheduling (1055.1464ms)
✔ state and artifact redirection are not followed on read (319.4166ms)
✔ alter of earlier history is detected after a newer successful cycle (810.2439ms)
✔ delete of earlier history is detected after a newer successful cycle (865.5993ms)
✔ changed implementation pins fail before a new intent is written (448.7534ms)
✔ a directory replaced while a caller holds its lock cannot redirect any artifact write (378.7292ms)
✔ actual corpus activation and retirement change only separately bound advisory output (1501.7001ms)
✔ expiry invalidates cached advisory annotations even without corpus byte changes (728.9148ms)
✔ mixed retained controls and new cycles enforce one transition bound with a reserved terminal stop (75170.8507ms)
✔ accepted snapshots with omitted optional metadata produce parseable JSON artifacts and replay (517.2617ms)
✔ optional auditor metadata works through the real feedback evidence and recurring consumer bridge (572.2947ms)
✔ policy has the ten requested workstreams and never assigns people (4.626ms)
✔ classification supports Multiplayer (6.7795ms)
✔ classification supports UX/UI (2.4539ms)
✔ classification supports Multi-system execution (1.5131ms)
✔ classification supports Janitor (1.6859ms)
✔ classification supports Dynamic agent teams (1.5549ms)
✔ classification supports DevOps/PR review/branch protection (2.9087ms)
✔ classification supports Security (1.4496ms)
✔ classification supports Agent communication layer (1.3784ms)
✔ classification supports Dark factory automation (1.7819ms)
✔ classification supports Backend scalability / pub-sub (1.6463ms)
✔ classification preserves labels and assignees (15.1945ms)
✔ UX alias means UX/UI (16.841ms)
✔ an unassigned issue is not a violation (6.5985ms)
✔ full fixture audit has zero mutations and catches closing-link conflict (8.4294ms)
✔ non-closing prose overrides no native link, not unrelated partial references (5.4548ms)
✔ explicit do-not-close linked issue is flagged (4.9927ms)
✔ closed unmerged PR does not close an open issue (4.7276ms)
✔ reopened issue remains open after a historical merged PR (4.6716ms)
✔ no automatic close for several partial PRs (8.3401ms)
✔ only explicit dependency section is interpreted (0.3411ms)
✔ code fences and quoted references are not dependency authority (0.3838ms)
✔ native/text dependency disagreement is flagged (5.2119ms)
✔ matching dependencies do not produce a mismatch (7.5281ms)
✔ dependency cycles are bounded and reported once (8.5353ms)
✔ parent hierarchy mismatch and cycle are detected (7.8497ms)
✔ outside-scope dependency is not fetched or treated as complete (6.4512ms)
✔ missing local dependency is unverified, not closed (6.1105ms)
✔ open issue marked Done is flagged without changing the board (6.7193ms)
✔ unknown workstream is a review hint, not a rename (5.2354ms)
✔ locked default branch is flagged, without bypass (6.7172ms)
✔ stale PR source head is reported (5.4747ms)
✔ current independent review is accepted as evidence (5.3836ms)
✔ author approval is not current independent human approval (4.9084ms)
✔ bot approval is not current independent human approval (5.2441ms)
✔ old-head approval is not current independent human approval (5.1404ms)
✔ later comment does not erase a valid prior approval (4.5229ms)
✔ failed checks and requested changes are surfaced (5.1696ms)
✔ missing checks are not a success (6.1019ms)
✔ stale snapshots are labeled (6.129ms)
✔ future snapshots fail closed (2.4712ms)
✔ finding IDs are stable across repeated reads (13.3501ms)
✔ reported secrets are redacted and Markdown is escaped (17.0156ms)
✔ refuses: assign #50 to example-user (7.2037ms)
✔ refuses: label #50 multiplayer (8.0117ms)
✔ refuses: close #50 (7.9571ms)
✔ refuses: merge PR #237 (6.5493ms)
✔ refuses: enable auto-merge (7.184ms)
✔ refuses: delete a branch (8.213ms)
✔ refuses: approve PR #237 (6.0463ms)
✔ refuses: can you change the rules (10.5949ms)
✔ question answers use recorded evidence and canonical references (10.4884ms)
✔ reverse dependency questions list dependents (8.8112ms)
✔ unknown questions ask for clarification (6.694ms)
✔ untrusted instruction text grants no tools (8.8106ms)
✔ snapshot rejects wrong repo (1.6804ms)
✔ snapshot rejects wrong project (1.4337ms)
✔ snapshot rejects partial coverage (1.4318ms)
✔ snapshot rejects wrong count (1.3589ms)
✔ snapshot rejects duplicate issue (1.6383ms)
✔ snapshot rejects hostile URL (1.7318ms)
✔ snapshot rejects hidden project item (1.9075ms)
✔ snapshot rejects cross-repo item (1.7144ms)
✔ snapshot rejects duplicate project item (1.9348ms)
✔ snapshot rejects oversized body (1.6571ms)
✔ collector completes two matching passes with no writes (6.7784ms)
✔ collector rejects issue drift between passes (4.1265ms)
✔ collector rejects incomplete nested dependencies (1.6505ms)
✔ collector rejects a changed PR head/check binding (2.5409ms)
✔ collector rejects repeated pagination cursors (1.7071ms)
✔ collector rejects inaccessible connection entries (0.2766ms)
✔ read client verifies Bakar404 and never switches accounts (2.1787ms)
✔ explicit hash-pinned read principal does not change the pilot or read allowlist (39.077ms)
✔ collector profile rejects changed scope or unsupported fields: repository (14.5752ms)
✔ collector profile rejects changed scope or unsupported fields: project_id (20.5931ms)
✔ collector profile rejects changed scope or unsupported fields: project_number (20.3126ms)
✔ collector profile rejects changed scope or unsupported fields: token (11.1033ms)
✔ collector profile rejects changed scope or unsupported fields: url (21.2888ms)
✔ collector profile rejects changed scope or unsupported fields: collector_login (12.8967ms)
✔ collector profile rejects wrong hashes, changed bytes and duplicate keys (60.3139ms)
✔ profiled collection records the actual principal and rejects identity or profile drift (44.5952ms)
✔ read client exposes no arbitrary query or write operation (1.7802ms)
✔ GraphQL cursor remains data, not executable query text (1.515ms)
✔ GraphQL errors do not become accepted partial data (1.2696ms)
✔ GraphQL reserve prevents further reads (1.437ms)
✔ collection has an elapsed-time bound (1.5475ms)
✔ dry run uses neither network nor output files (1.6967ms)
✔ CLI rejects apply (0.23ms)
✔ CLI rejects audit --fixture --live (0.1659ms)
✔ CLI rejects audit --fixture --out ../escape.json (0.2585ms)
✔ CLI rejects audit --dry-run --out file.json (0.1058ms)
✔ CLI rejects audit --fixture --assign example-user (0.1351ms)
✔ CLI rejects ask --fixture (0.1557ms)
✔ actual CLI dry run works from another directory and has no network intent (189.0437ms)
✔ test chat prepares an evidence-based reply without sending it (9.2983ms)
✔ test chat rejects wrong tenant (0.4776ms)
✔ test chat rejects wrong group (0.208ms)
✔ test chat rejects personal chat (0.1998ms)
✔ test chat rejects other channel (0.1874ms)
✔ test chat ignores messages without a mention (0.2043ms)
✔ test chat ignores its own messages (0.1863ms)
✔ test chat refuses mutation requests (7.0038ms)
✔ no production mode or implicit binding (0.4092ms)
ℹ tests 227
ℹ suites 0
ℹ pass 227
ℹ fail 0
ℹ cancelled 0
ℹ skipped 0
ℹ todo 0
ℹ duration_ms 101948.7412
