$ node --test --test-concurrency=2 --test-timeout=180000 scenarios/repo-steward/steward.test.mjs scenarios/repo-steward/actions.test.mjs scenarios/repo-steward/recurring-audit.test.mjs scenarios/repo-steward/feedback.test.mjs scenarios/repo-steward/maintenance.test.mjs scenarios/repo-steward/feedback-cli.test.mjs
✔ Actions preview performs no live reads or summary publication (1.8255ms)
✔ Actions fixture uses the real auditor without GitHub access (25.8035ms)
✔ invalid workflow input is rejected during preview without data access (1.0379ms)
✔ hosted live mode rejects non-Actions host before reading data (0.3505ms)
✔ hosted live mode rejects PR event before reading data (0.9423ms)
✔ hosted live mode rejects another repository before reading data (0.1755ms)
✔ hosted live mode rejects feature branch before reading data (0.321ms)
✔ hosted live mode rejects another actor before reading data (0.2213ms)
✔ hosted live mode rejects another rerun operator before reading data (0.255ms)
✔ hosted live mode rejects missing triggering actor before reading data (0.3355ms)
✔ hosted live mode rejects missing source commit before reading data (0.2803ms)
✔ hosted live mode rejects disabled pilot before reading data (0.1548ms)
✔ hosted live mode rejects unapproved public summary before reading data (0.134ms)
✔ hosted live mode rejects missing credential before reading data (0.1057ms)
✔ hosted live mode rejects blank credential before reading data (0.1886ms)
✔ hosted live mode rejects write-enabled configuration before reading data (0.1332ms)
✔ GITHUB_TOKEN does not substitute for Project-readable credentials (0.2ms)
✔ an admitted live path collects once and retains zero mutations (5.3111ms)
✔ collector failure does not produce a successful report (0.2579ms)
✔ stale hosted snapshots fail instead of publishing old findings (4.7815ms)
✔ public summaries never include free-form source or evidence text (4.8157ms)
✔ summary rejects unknown rule (3.7934ms)
✔ summary rejects bad finding id (4.3402ms)
✔ summary rejects foreign reference (3.7477ms)
✔ summary rejects mutation claim (4.0824ms)
✔ summary rejects wrong scope (3.8042ms)
✔ summary rejects invalid timestamp (4.0976ms)
✔ summary rejects bad totals (4.2575ms)
✔ public finding index is bounded without copying omitted details (4.8937ms)
✔ every configured fixture rule has an explicit publication review (4.0034ms)
✔ summary file writes remain inside a supplied native temporary directory (9.1543ms)
✔ Actions CLI rejects unsupported arguments --apply (0.2467ms)
✔ Actions CLI rejects unsupported arguments --live (0.1291ms)
✔ Actions CLI rejects unsupported arguments --live (0.0881ms)
✔ actual fixture CLI needs no hosted secrets or Teams SDK (176.7977ms)
✔ manual workflow keeps first-party actions pinned and live credentials isolated (2.7801ms)
✔ feedback CLI rejects unsupported, missing and duplicate transition arguments (2.0375ms)
✔ new-file corpus output preserves the previous version and refuses overwrite (22.9566ms)
✔ initializing a corpus binds the validated input scope without changing its snapshot (38.0194ms)
✔ partial snapshot cannot create a corpus file (21.201ms)
✔ redirected output parent is refused without writing through it (5.1886ms)
✔ review evidence must be a file and cannot use a directory as a digest source (40.3806ms)
✔ review CLI records the exact binary digest and closes its descriptor (72.0383ms)
✔ same-size review replacement between metadata check and open cannot update a corpus (27.4987ms)
✔ review parent swapped for a symlink or junction before open is rejected (32.1856ms)
✔ same-size pathname replacement after descriptor read is rejected (31.6316ms)
✔ same-size in-place review rewrite cannot hide behind a restored modification time (27.6605ms)
✔ review growth after open stays within its original byte bound and is rejected (37.7966ms)
✔ bounded review reads handle partial reads and reject empty or oversized files (16.2625ms)
✔ native behavioral evidence remains candidate with original local source and no finding impersonation (62.6693ms)
✔ native behavioral activation is denied for mixed support and forged active or retired history (41.6857ms)
✔ native behavioral candidates can be rejected without widening legacy review authority (45.1455ms)
✔ native behavioral bytes, identity claims, source and repeated runs remain validated (116.8589ms)
✔ evidence binds actual audit finding and supplied snapshot without certifying collection or identity (10.4975ms)
✔ accepted missing Project status binds the native serialized report and finding in evidence and observations (38.1344ms)
✔ auditor optional-field normalization retains strict data-only feedback and report validation (62.9628ms)
✔ timestamp-only or unrelated snapshot changes do not manufacture repeated supporting evidence (27.2836ms)
✔ partial, cross-scope, stale or missing findings cannot become feedback evidence (13.2932ms)
✔ feedback source pins accept exactly 40 or 64 hexadecimal characters, including supplied evidence (73.4198ms)
✔ candidate, active and retired versions preserve their inputs and have exact transition digests (17.974ms)
✔ one observation, fabricated evidence bytes and replayed reviews cannot activate a rule (81.3903ms)
✔ reviewer labels and claimed approval booleans do not supply verified review authority (23.9372ms)
✔ explicit rejection remains terminal and contributes no advice (36.0513ms)
✔ prospective expiry is mandatory, bounded, and effective at the exact boundary (99.8164ms)
✔ active capacity cannot expand and supersession retires only the exact predecessor (60.3689ms)
✔ supersession rejects stale targets and cannot cross finding rules (40.8544ms)
✔ active guidance annotates only matching findings without hiding or changing original conclusions (20.3199ms)
✔ broad matching admits at most the finite annotation limit and never truncates an excessive report (301.8852ms)
✔ serialized output bytes are admitted before escaped guidance and evidence references fan out (56.3043ms)
✔ later audits honor activation and retirement while the original report stays identical (39.7904ms)
✔ unknown executable, suppression, assignment and permission options are rejected (135.0039ms)
✔ stale reports, foreign scope and altered evidence fail closed (24.5016ms)
✔ canonical digests ignore property insertion order but reject executable and non-finite data (0.3722ms)
✔ reusable corpus validation preserves input and rejects authority claims or altered guidance (16.2689ms)
✔ explicit collector profile requires a hash and cannot relabel a supplied snapshot (3.2679ms)
✔ recurrence requires finite explicit bounds before reading any input (0.9111ms)
✔ finite recurrence reloads snapshot and feedback on every cycle (2.6105ms)
✔ paused and stopped records prevent collection and input reads (2.3204ms)
✔ exhausted persisted attempts reject before snapshot, feedback or live collection (2.3992ms)
✔ watch admits the final allowed attempt and then stops before collecting another snapshot (1.3639ms)
✔ source mismatch refuses before reading snapshot or feedback (1.1266ms)
✔ a failed cycle stops recurrence without retrying or losing the failure (1.4666ms)
✔ first snapshot acquisition failure retains one sanitized failed attempt (314.8986ms)
✔ later corpus acquisition failure preserves earlier accepted evidence and consumes one attempt (741.461ms)
✔ live acquisition failure is retained once without raw error text or a retry (292.3062ms)
✔ pause and stop during failed acquisition remain effective without a new admitted attempt (1881.046ms)
✔ deadline crossing during failed acquisition prevents late attempt admission (1.373ms)
✔ interruption during failed acquisition prevents a new admitted attempt (1.1054ms)
✔ duration bounds stop admission after collection without writing a late result (1.0101ms)
✔ interruption during an interval exits without another audit (1.1577ms)
✔ control commands delegate exact action, source and reason without collecting (2.9273ms)
✔ status exposes bounded metadata and no retained finding text (1.0747ms)
✔ one audit writes source-bound immutable private reports and an advisory handoff (434.6224ms)
✔ fresh capture timestamps and transport metrics alone produce no new report or proposal across restart (647.6679ms)
✔ live state binds the exact selected principal and profile through restart and controls (2330.396ms)
✔ profile metadata cannot convert supplied evidence or a different live principal into accepted observations (270.4453ms)
✔ changed scoped content produces a new receipt while retaining stable finding dedupe (495.8416ms)
✔ resolved findings are recorded without claiming a remote correction (483.6258ms)
✔ stale input fails and preserves a failed attempt, never reusing previous success (601.7887ms)
✔ future input fails and preserves a failed attempt, never reusing previous success (573.9326ms)
✔ incomplete input fails and preserves a failed attempt, never reusing previous success (602.5806ms)
✔ source drift fails and preserves a failed attempt, never reusing previous success (574.6353ms)
✔ changing the caller source pin cannot migrate an existing directory (446.1102ms)
✔ pause prevents input use, resume retains dedupe, and stop cannot resume (2272.5852ms)
✔ concurrent cycles have one winner and never create duplicate accepted receipts (342.7993ms)
✔ retained locks fail closed without PID reuse or timeout-based recovery (16.1134ms)
✔ incomplete intent and rollback to an older checkpoint refuse replay (557.7605ms)
✔ tampered referenced artifacts are rejected and preserved (316.1357ms)
✔ output-directory redirection refuses writes through a symlink or junction (11.2279ms)
✔ an unexpected output file is retained, not overwritten or removed (23.5536ms)
✔ status rejects unexpected files in initialized state before accepting its control projection (255.0508ms)
✔ missing, traversal-style and incomplete control requests do not create authority (5.7518ms)
✔ live source claims retain the existing collector identity and zero-write metadata (273.1918ms)
✔ finite convenience API has explicit bounds and performs no scheduling (887.3398ms)
✔ state and artifact redirection are not followed on read (252.4025ms)
✔ alter of earlier history is detected after a newer successful cycle (622.8004ms)
✔ delete of earlier history is detected after a newer successful cycle (659.3495ms)
✔ changed implementation pins fail before a new intent is written (514.0359ms)
✔ a directory replaced while a caller holds its lock cannot redirect any artifact write (398.2497ms)
✔ actual corpus activation and retirement change only separately bound advisory output (1244.6735ms)
✔ expiry invalidates cached advisory annotations even without corpus byte changes (570.8103ms)
✔ mixed retained controls and new cycles enforce one transition bound with a reserved terminal stop (63611.7983ms)
✔ accepted snapshots with omitted optional metadata produce parseable JSON artifacts and replay (460.8349ms)
✔ optional auditor metadata works through the real feedback evidence and recurring consumer bridge (528.5542ms)
✔ policy has the ten requested workstreams and never assigns people (3.3658ms)
✔ classification supports Multiplayer (5.9572ms)
✔ classification supports UX/UI (1.7009ms)
✔ classification supports Multi-system execution (1.2656ms)
✔ classification supports Janitor (1.3407ms)
✔ classification supports Dynamic agent teams (1.1793ms)
✔ classification supports DevOps/PR review/branch protection (1.2213ms)
✔ classification supports Security (1.138ms)
✔ classification supports Agent communication layer (1.1901ms)
✔ classification supports Dark factory automation (1.3638ms)
✔ classification supports Backend scalability / pub-sub (1.1502ms)
✔ classification preserves labels and assignees (12.1569ms)
✔ UX alias means UX/UI (14.1816ms)
✔ an unassigned issue is not a violation (4.8962ms)
✔ full fixture audit has zero mutations and catches closing-link conflict (5.2576ms)
✔ non-closing prose overrides no native link, not unrelated partial references (3.7905ms)
✔ explicit do-not-close linked issue is flagged (3.4969ms)
✔ closed unmerged PR does not close an open issue (3.9111ms)
✔ reopened issue remains open after a historical merged PR (3.5025ms)
✔ no automatic close for several partial PRs (4.0982ms)
✔ only explicit dependency section is interpreted (0.1652ms)
✔ code fences and quoted references are not dependency authority (0.2018ms)
✔ native/text dependency disagreement is flagged (3.8824ms)
✔ matching dependencies do not produce a mismatch (3.9276ms)
✔ dependency cycles are bounded and reported once (4.156ms)
✔ parent hierarchy mismatch and cycle are detected (3.7766ms)
✔ outside-scope dependency is not fetched or treated as complete (3.7718ms)
✔ missing local dependency is unverified, not closed (3.7613ms)
✔ open issue marked Done is flagged without changing the board (4.4662ms)
✔ unknown workstream is a review hint, not a rename (3.276ms)
✔ locked default branch is flagged, without bypass (3.626ms)
✔ stale PR source head is reported (3.8965ms)
✔ current independent review is accepted as evidence (3.7441ms)
✔ author approval is not current independent human approval (3.8066ms)
✔ bot approval is not current independent human approval (3.7058ms)
✔ old-head approval is not current independent human approval (4.0261ms)
✔ later comment does not erase a valid prior approval (3.3983ms)
✔ failed checks and requested changes are surfaced (3.7271ms)
✔ missing checks are not a success (3.7677ms)
✔ stale snapshots are labeled (3.731ms)
✔ future snapshots fail closed (1.7938ms)
✔ finding IDs are stable across repeated reads (6.8198ms)
✔ reported secrets are redacted and Markdown is escaped (10.2141ms)
✔ refuses: assign #50 to example-user (4.5736ms)
✔ refuses: label #50 multiplayer (4.5694ms)
✔ refuses: close #50 (4.9268ms)
✔ refuses: merge PR #237 (4.1766ms)
✔ refuses: enable auto-merge (4.1959ms)
✔ refuses: delete a branch (4.569ms)
✔ refuses: approve PR #237 (4.2957ms)
✔ refuses: can you change the rules (4.1027ms)
✔ question answers use recorded evidence and canonical references (4.8817ms)
✔ reverse dependency questions list dependents (4.781ms)
✔ unknown questions ask for clarification (4.961ms)
✔ untrusted instruction text grants no tools (4.412ms)
✔ snapshot rejects wrong repo (1.1104ms)
✔ snapshot rejects wrong project (1.0283ms)
✔ snapshot rejects partial coverage (1.3114ms)
✔ snapshot rejects wrong count (1.1518ms)
✔ snapshot rejects duplicate issue (1.2899ms)
✔ snapshot rejects hostile URL (1.1512ms)
✔ snapshot rejects hidden project item (1.3577ms)
✔ snapshot rejects cross-repo item (1.2919ms)
✔ snapshot rejects duplicate project item (1.2699ms)
✔ snapshot rejects oversized body (1.2394ms)
✔ collector completes two matching passes with no writes (4.367ms)
✔ collector rejects issue drift between passes (2.7728ms)
✔ collector rejects incomplete nested dependencies (1.3396ms)
✔ collector rejects a changed PR head/check binding (1.7705ms)
✔ collector rejects repeated pagination cursors (1.215ms)
✔ collector rejects inaccessible connection entries (0.1463ms)
✔ read client verifies Bakar404 and never switches accounts (1.3064ms)
✔ explicit hash-pinned read principal does not change the pilot or read allowlist (22.6492ms)
✔ collector profile rejects changed scope or unsupported fields: repository (8.2469ms)
✔ collector profile rejects changed scope or unsupported fields: project_id (16.2448ms)
✔ collector profile rejects changed scope or unsupported fields: project_number (17.3404ms)
✔ collector profile rejects changed scope or unsupported fields: token (10.1722ms)
✔ collector profile rejects changed scope or unsupported fields: url (21.2294ms)
✔ collector profile rejects changed scope or unsupported fields: collector_login (8.5434ms)
✔ collector profile rejects wrong hashes, changed bytes and duplicate keys (42.1442ms)
✔ profiled collection records the actual principal and rejects identity or profile drift (30.471ms)
✔ read client exposes no arbitrary query or write operation (1.3994ms)
✔ GraphQL cursor remains data, not executable query text (1.2865ms)
✔ GraphQL errors do not become accepted partial data (1.2687ms)
✔ GraphQL reserve prevents further reads (1.4767ms)
✔ collection has an elapsed-time bound (1.1995ms)
✔ dry run uses neither network nor output files (1.3423ms)
✔ CLI rejects apply (0.1429ms)
✔ CLI rejects audit --fixture --live (0.0996ms)
✔ CLI rejects audit --fixture --out ../escape.json (0.1469ms)
✔ CLI rejects audit --dry-run --out file.json (0.0923ms)
✔ CLI rejects audit --fixture --assign example-user (0.0779ms)
✔ CLI rejects ask --fixture (0.0767ms)
✔ actual CLI dry run works from another directory and has no network intent (146.322ms)
✔ test chat prepares an evidence-based reply without sending it (6.3462ms)
✔ test chat rejects wrong tenant (0.3676ms)
✔ test chat rejects wrong group (0.1456ms)
✔ test chat rejects personal chat (0.1673ms)
✔ test chat rejects other channel (0.1356ms)
✔ test chat ignores messages without a mention (0.1341ms)
✔ test chat ignores its own messages (0.1282ms)
✔ test chat refuses mutation requests (5.6684ms)
✔ no production mode or implicit binding (0.2885ms)
ℹ tests 227
ℹ suites 0
ℹ pass 227
ℹ fail 0
ℹ cancelled 0
ℹ skipped 0
ℹ todo 0
ℹ duration_ms 83557.1881
