✔ one builder preserves the complete current creation payload and retained settings (2.8105ms)
✔ the exact finite token ceiling survives preview and creation JSON without changing other authority (0.4214ms)
✔ provider defaults, supported reasoning and commit-branch semantics match submission (0.2383ms)
✔ existing deterministic fixture semantics are not converted into provider settings (0.1593ms)
✔ scope freezes the exact serialized body and rejects an actor mismatch (0.6603ms)
✔ every request field, Corp and actor invalidate an earlier quote (0.7668ms)
✔ preview debounces, uses the exact creation body, and calls only the read-only preview POST (6.7388ms)
✔ an edit or closing the composer before debounce starts no request (0.386ms)
✔ an invalidated request is aborted and cannot publish a late successful quote (1.1555ms)
✔ late errors after actor/Corp change or unmount cannot replace the new preview (0.7474ms)
✔ editing away and back still requires a fresh request, not a revived quote (0.6013ms)
✔ allocations are displayed verbatim from the server, not a frontend Studio formula (0.6006ms)
✔ missing or mismatched quote fields never become a current allocation (1.5574ms)
✔ an absent preview endpoint gives a useful failure state without inventing allocations (0.8707ms)
✔ preview response is bounded to eight tasks without reallocating server budgets (0.7391ms)
✔ unknown, self, duplicate and oversized dependency references remain unknown allocations (1.6886ms)
✔ retry clears an old failure immediately and can accept a fresh quote (0.8046ms)
✔ timeout clears the quote, aborts the request and ignores a late response (0.7177ms)
✔ App shares the request body, invalidates keyed preview instances and retains native Launch (4.0117ms)
ℹ tests 19
ℹ suites 0
ℹ pass 19
ℹ fail 0
ℹ cancelled 0
ℹ skipped 0
ℹ todo 0
ℹ duration_ms 200.9012
