TAP version 13
# Subtest: Teams preview is disabled without exact configuration and reveals no secret
ok 1 - Teams preview is disabled without exact configuration and reveals no secret
  ---
  duration_ms: 2.1977
  type: 'test'
  ...
# Subtest: Teams environment cannot activate production or repo writes
ok 2 - Teams environment cannot activate production or repo writes
  ---
  duration_ms: 0.8532
  type: 'test'
  ...
# Subtest: Teams rejects missing identities, missing secret, and factory ports
ok 3 - Teams rejects missing identities, missing secret, and factory ports
  ---
  duration_ms: 0.5053
  type: 'test'
  ...
# Subtest: Teams CLI has no secret argument or skip-auth switch
ok 4 - Teams CLI has no secret argument or skip-auth switch
  ---
  duration_ms: 0.4012
  type: 'test'
  ...
# Subtest: native Teams SDK rejects unauthenticated requests on an owned loopback endpoint
ok 5 - native Teams SDK rejects unauthenticated requests on an owned loopback endpoint
  ---
  duration_ms: 13510.147
  type: 'test'
  ...
# SDK host initialized after 13220ms; no listener yet
# Owned loopback listener started after 13237ms
# Subtest: test binding replies to a mention using recorded findings
ok 6 - test binding replies to a mention using recorded findings
  ---
  duration_ms: 31.2094
  type: 'test'
  ...
# Subtest: duplicate/concurrent activity produces one attempted reply
ok 7 - duplicate/concurrent activity produces one attempted reply
  ---
  duration_ms: 7.482
  type: 'test'
  ...
# Subtest: uncertain Teams send is not blindly retried
ok 8 - uncertain Teams send is not blindly retried
  ---
  duration_ms: 6.8123
  type: 'test'
  ...
# Subtest: unapproved tenant/group/app/recipient are ignored before snapshot access
ok 9 - unapproved tenant/group/app/recipient are ignored before snapshot access
  ---
  duration_ms: 0.4856
  type: 'test'
  ...
# Subtest: mention-only routing and rate cap limit noise
ok 10 - mention-only routing and rate cap limit noise
  ---
  duration_ms: 14.1327
  type: 'test'
  ...
# Subtest: stale or invalid snapshots do not leak unverified answers
ok 11 - stale or invalid snapshots do not leak unverified answers
  ---
  duration_ms: 1.9976
  type: 'test'
  ...
# Subtest: Teams write requests get a refusal, not an operation
ok 12 - Teams write requests get a refusal, not an operation
  ---
  duration_ms: 6.5546
  type: 'test'
  ...
# Subtest: model tool catalogue has only snapshot reads
ok 13 - model tool catalogue has only snapshot reads
  ---
  duration_ms: 7.3001
  type: 'test'
  ...
# Subtest: fences of another kind cannot create a dependency instruction
ok 14 - fences of another kind cannot create a dependency instruction
  ---
  duration_ms: 0.9189
  type: 'test'
  ...
# Subtest: oversized issue numbers never become canonical reference URLs
ok 15 - oversized issue numbers never become canonical reference URLs
  ---
  duration_ms: 0.2921
  type: 'test'
  ...
# Subtest: snapshot cannot substitute a same-named repository identity or execution grant
ok 16 - snapshot cannot substitute a same-named repository identity or execution grant
  ---
  duration_ms: 2.1223
  type: 'test'
  ...
# Subtest: a configured binding cannot silently move to another chat
ok 17 - a configured binding cannot silently move to another chat
  ---
  duration_ms: 0.2131
  type: 'test'
  ...
# Subtest: SDK startup collision is detected and leaves the existing listener untouched
ok 18 - SDK startup collision is detected and leaves the existing listener untouched
  ---
  duration_ms: 15.3842
  type: 'test'
  ...
1..18
# tests 18
# suites 0
# pass 18
# fail 0
# cancelled 0
# skipped 0
# todo 0
# duration_ms 13785.1753
