$ node --test --test-concurrency=2 --test-timeout=180000 scenarios/repo-steward/steward.test.mjs scenarios/repo-steward/actions.test.mjs scenarios/repo-steward/recurring-audit.test.mjs scenarios/repo-steward/feedback.test.mjs scenarios/repo-steward/maintenance.test.mjs scenarios/repo-steward/feedback-cli.test.mjs
✔ Actions preview performs no live reads or summary publication (1.7621ms)
✔ Actions fixture uses the real auditor without GitHub access (28.0149ms)
✔ invalid workflow input is rejected during preview without data access (1.0231ms)
✔ hosted live mode rejects non-Actions host before reading data (0.3325ms)
✔ hosted live mode rejects PR event before reading data (0.9015ms)
✔ hosted live mode rejects another repository before reading data (0.2141ms)
✔ hosted live mode rejects feature branch before reading data (0.317ms)
✔ hosted live mode rejects another actor before reading data (0.1817ms)
✔ hosted live mode rejects another rerun operator before reading data (0.2437ms)
✔ hosted live mode rejects missing triggering actor before reading data (0.3099ms)
✔ hosted live mode rejects missing source commit before reading data (0.263ms)
✔ hosted live mode rejects disabled pilot before reading data (0.1494ms)
✔ hosted live mode rejects unapproved public summary before reading data (0.1653ms)
✔ hosted live mode rejects missing credential before reading data (0.1359ms)
✔ hosted live mode rejects blank credential before reading data (0.1434ms)
✔ hosted live mode rejects write-enabled configuration before reading data (0.1264ms)
✔ GITHUB_TOKEN does not substitute for Project-readable credentials (0.1921ms)
✔ an admitted live path collects once and retains zero mutations (5.512ms)
✔ collector failure does not produce a successful report (0.2495ms)
✔ stale hosted snapshots fail instead of publishing old findings (5.4147ms)
✔ public summaries never include free-form source or evidence text (5.1314ms)
✔ summary rejects unknown rule (3.8375ms)
✔ summary rejects bad finding id (4.125ms)
✔ summary rejects foreign reference (4.6701ms)
✔ summary rejects mutation claim (4.6721ms)
✔ summary rejects wrong scope (3.7923ms)
✔ summary rejects invalid timestamp (4.9663ms)
✔ summary rejects bad totals (4.4369ms)
✔ public finding index is bounded without copying omitted details (4.6704ms)
✔ every configured fixture rule has an explicit publication review (3.9089ms)
✔ summary file writes remain inside a supplied native temporary directory (16.7303ms)
✔ Actions CLI rejects unsupported arguments --apply (0.2332ms)
✔ Actions CLI rejects unsupported arguments --live (0.1028ms)
✔ Actions CLI rejects unsupported arguments --live (0.0848ms)
✔ actual fixture CLI needs no hosted secrets or Teams SDK (158.332ms)
✔ manual workflow keeps first-party actions pinned and live credentials isolated (12.0621ms)
✔ feedback CLI rejects unsupported, missing and duplicate transition arguments (2.205ms)
✔ new-file corpus output preserves the previous version and refuses overwrite (22.9334ms)
✔ initializing a corpus binds the validated input scope without changing its snapshot (45.1128ms)
✔ partial snapshot cannot create a corpus file (21.0735ms)
✔ redirected output parent is refused without writing through it (5.5196ms)
✔ review evidence must be a file and cannot use a directory as a digest source (40.3227ms)
✔ review CLI records the exact binary digest and closes its descriptor (75.7709ms)
✔ same-size review replacement between metadata check and open cannot update a corpus (27.4904ms)
✔ review parent swapped for a symlink or junction before open is rejected (33.3073ms)
✔ same-size pathname replacement after descriptor read is rejected (30.1675ms)
✔ same-size in-place review rewrite cannot hide behind a restored modification time (29.664ms)
✔ review growth after open stays within its original byte bound and is rejected (26.3064ms)
✔ bounded review reads handle partial reads and reject empty or oversized files (20.1865ms)
✔ native behavioral evidence remains candidate with original local source and no finding impersonation (65.951ms)
✔ native behavioral activation is denied for mixed support and forged active or retired history (40.7548ms)
✔ native behavioral candidates can be rejected without widening legacy review authority (43.6945ms)
✔ native behavioral bytes, identity claims, source and repeated runs remain validated (104.6399ms)
✔ evidence binds actual audit finding and supplied snapshot without certifying collection or identity (12.5143ms)
✔ accepted missing Project status binds the native serialized report and finding in evidence and observations (37.3001ms)
✔ auditor optional-field normalization retains strict data-only feedback and report validation (62.578ms)
✔ timestamp-only or unrelated snapshot changes do not manufacture repeated supporting evidence (28.7089ms)
✔ partial, cross-scope, stale or missing findings cannot become feedback evidence (13.8191ms)
✔ feedback source pins accept exactly 40 or 64 hexadecimal characters, including supplied evidence (76.8089ms)
✔ candidate, active and retired versions preserve their inputs and have exact transition digests (17.8287ms)
✔ one observation, fabricated evidence bytes and replayed reviews cannot activate a rule (73.1734ms)
✔ reviewer labels and claimed approval booleans do not supply verified review authority (23.4802ms)
✔ explicit rejection remains terminal and contributes no advice (41.8775ms)
✔ prospective expiry is mandatory, bounded, and effective at the exact boundary (95.9441ms)
✔ active capacity cannot expand and supersession retires only the exact predecessor (58.4989ms)
✔ supersession rejects stale targets and cannot cross finding rules (41.3922ms)
✔ active guidance annotates only matching findings without hiding or changing original conclusions (21.9975ms)
✔ broad matching admits at most the finite annotation limit and never truncates an excessive report (311.9145ms)
✔ serialized output bytes are admitted before escaped guidance and evidence references fan out (63.6431ms)
✔ later audits honor activation and retirement while the original report stays identical (36.4235ms)
✔ unknown executable, suppression, assignment and permission options are rejected (129.5525ms)
✔ stale reports, foreign scope and altered evidence fail closed (24.3445ms)
✔ canonical digests ignore property insertion order but reject executable and non-finite data (0.4245ms)
✔ reusable corpus validation preserves input and rejects authority claims or altered guidance (15.1762ms)
✔ explicit collector profile requires a hash and cannot relabel a supplied snapshot (2.7519ms)
✔ recurrence requires finite explicit bounds before reading any input (1.1169ms)
✔ finite recurrence reloads snapshot and feedback on every cycle (2.4875ms)
✔ paused and stopped records prevent collection and input reads (2.0616ms)
✔ exhausted persisted attempts reject before snapshot, feedback or live collection (2.5041ms)
✔ watch admits the final allowed attempt and then stops before collecting another snapshot (1.2784ms)
✔ source mismatch refuses before reading snapshot or feedback (1.1369ms)
✔ a failed cycle stops recurrence without retrying or losing the failure (1.5181ms)
✔ first snapshot acquisition failure retains one sanitized failed attempt (319.7108ms)
✔ later corpus acquisition failure preserves earlier accepted evidence and consumes one attempt (773.8801ms)
✔ live acquisition failure is retained once without raw error text or a retry (281.1474ms)
✔ pause and stop during failed acquisition remain effective without a new admitted attempt (1989.867ms)
✔ deadline crossing during failed acquisition prevents late attempt admission (1.49ms)
✔ interruption during failed acquisition prevents a new admitted attempt (1.1146ms)
✔ duration bounds stop admission after collection without writing a late result (1.4218ms)
✔ interruption during an interval exits without another audit (1.2672ms)
✔ control commands delegate exact action, source and reason without collecting (3.1794ms)
✔ status exposes bounded metadata and no retained finding text (1.0451ms)
✔ one audit writes source-bound immutable private reports and an advisory handoff (451.3976ms)
✔ fresh capture timestamps and transport metrics alone produce no new report or proposal across restart (699.4474ms)
✔ live state binds the exact selected principal and profile through restart and controls (2516.5071ms)
✔ profile metadata cannot convert supplied evidence or a different live principal into accepted observations (293.1526ms)
✔ changed scoped content produces a new receipt while retaining stable finding dedupe (507.6406ms)
✔ resolved findings are recorded without claiming a remote correction (552.1809ms)
✔ stale input fails and preserves a failed attempt, never reusing previous success (612.1931ms)
✔ future input fails and preserves a failed attempt, never reusing previous success (640.2299ms)
✔ incomplete input fails and preserves a failed attempt, never reusing previous success (617.1891ms)
✔ source drift fails and preserves a failed attempt, never reusing previous success (577.8908ms)
✔ changing the caller source pin cannot migrate an existing directory (447.1235ms)
✔ pause prevents input use, resume retains dedupe, and stop cannot resume (2193.2028ms)
✔ concurrent cycles have one winner and never create duplicate accepted receipts (323.9412ms)
✔ retained locks fail closed without PID reuse or timeout-based recovery (16.874ms)
✔ incomplete intent and rollback to an older checkpoint refuse replay (548.514ms)
✔ tampered referenced artifacts are rejected and preserved (311.7968ms)
✔ output-directory redirection refuses writes through a symlink or junction (10.0074ms)
✔ an unexpected output file is retained, not overwritten or removed (16.5846ms)
✔ status rejects unexpected files in initialized state before accepting its control projection (230.29ms)
✔ missing, traversal-style and incomplete control requests do not create authority (4.1192ms)
✔ live source claims retain the existing collector identity and zero-write metadata (266.9881ms)
✔ finite convenience API has explicit bounds and performs no scheduling (866.1895ms)
✔ state and artifact redirection are not followed on read (233.6304ms)
✔ alter of earlier history is detected after a newer successful cycle (636.8158ms)
✔ delete of earlier history is detected after a newer successful cycle (615.9975ms)
✔ changed implementation pins fail before a new intent is written (375.9099ms)
✔ a directory replaced while a caller holds its lock cannot redirect any artifact write (328.9611ms)
✔ actual corpus activation and retirement change only separately bound advisory output (1257.4159ms)
✔ expiry invalidates cached advisory annotations even without corpus byte changes (563.2949ms)
✔ mixed retained controls and new cycles enforce one transition bound with a reserved terminal stop (63231.0118ms)
✔ accepted snapshots with omitted optional metadata produce parseable JSON artifacts and replay (472.5377ms)
✔ optional auditor metadata works through the real feedback evidence and recurring consumer bridge (536.1302ms)
✔ policy has the ten requested workstreams and never assigns people (4.3658ms)
✔ classification supports Multiplayer (6.4181ms)
✔ classification supports UX/UI (2.0763ms)
✔ classification supports Multi-system execution (1.452ms)
✔ classification supports Janitor (1.5297ms)
✔ classification supports Dynamic agent teams (1.5739ms)
✔ classification supports DevOps/PR review/branch protection (2.5014ms)
✔ classification supports Security (1.4226ms)
✔ classification supports Agent communication layer (1.6487ms)
✔ classification supports Dark factory automation (1.8846ms)
✔ classification supports Backend scalability / pub-sub (1.3779ms)
✔ classification preserves labels and assignees (14.2898ms)
✔ UX alias means UX/UI (14.6009ms)
✔ an unassigned issue is not a violation (6.8981ms)
✔ full fixture audit has zero mutations and catches closing-link conflict (5.2354ms)
✔ non-closing prose overrides no native link, not unrelated partial references (4.4268ms)
✔ explicit do-not-close linked issue is flagged (3.9048ms)
✔ closed unmerged PR does not close an open issue (4.2995ms)
✔ reopened issue remains open after a historical merged PR (4.3502ms)
✔ no automatic close for several partial PRs (5.534ms)
✔ only explicit dependency section is interpreted (0.2428ms)
✔ code fences and quoted references are not dependency authority (0.2653ms)
✔ native/text dependency disagreement is flagged (6.1658ms)
✔ matching dependencies do not produce a mismatch (5.412ms)
✔ dependency cycles are bounded and reported once (4.9637ms)
✔ parent hierarchy mismatch and cycle are detected (4.7595ms)
✔ outside-scope dependency is not fetched or treated as complete (5.4845ms)
✔ missing local dependency is unverified, not closed (4.029ms)
✔ open issue marked Done is flagged without changing the board (4.7723ms)
✔ unknown workstream is a review hint, not a rename (4.29ms)
✔ locked default branch is flagged, without bypass (3.6345ms)
✔ stale PR source head is reported (3.9698ms)
✔ current independent review is accepted as evidence (4.8925ms)
✔ author approval is not current independent human approval (4.8836ms)
✔ bot approval is not current independent human approval (5.411ms)
✔ old-head approval is not current independent human approval (6.0209ms)
✔ later comment does not erase a valid prior approval (4.4129ms)
✔ failed checks and requested changes are surfaced (4.418ms)
✔ missing checks are not a success (3.999ms)
✔ stale snapshots are labeled (3.7011ms)
✔ future snapshots fail closed (1.8181ms)
✔ finding IDs are stable across repeated reads (7.6993ms)
✔ reported secrets are redacted and Markdown is escaped (11.4511ms)
✔ refuses: assign #50 to example-user (5.4334ms)
✔ refuses: label #50 multiplayer (5.1448ms)
✔ refuses: close #50 (5.3108ms)
✔ refuses: merge PR #237 (6.3937ms)
✔ refuses: enable auto-merge (7.6871ms)
✔ refuses: delete a branch (4.6007ms)
✔ refuses: approve PR #237 (5.0979ms)
✔ refuses: can you change the rules (4.8974ms)
✔ question answers use recorded evidence and canonical references (5.3814ms)
✔ reverse dependency questions list dependents (4.5246ms)
✔ unknown questions ask for clarification (5.3135ms)
✔ untrusted instruction text grants no tools (5.3593ms)
✔ snapshot rejects wrong repo (1.3377ms)
✔ snapshot rejects wrong project (1.1526ms)
✔ snapshot rejects partial coverage (1.0582ms)
✔ snapshot rejects wrong count (1.0971ms)
✔ snapshot rejects duplicate issue (1.2466ms)
✔ snapshot rejects hostile URL (1.2104ms)
✔ snapshot rejects hidden project item (1.2351ms)
✔ snapshot rejects cross-repo item (1.186ms)
✔ snapshot rejects duplicate project item (1.3513ms)
✔ snapshot rejects oversized body (1.5925ms)
✔ collector completes two matching passes with no writes (4.6132ms)
✔ collector rejects issue drift between passes (2.7732ms)
✔ collector rejects incomplete nested dependencies (1.2159ms)
✔ collector rejects a changed PR head/check binding (1.2958ms)
✔ collector rejects repeated pagination cursors (1.2298ms)
✔ collector rejects inaccessible connection entries (0.161ms)
✔ read client verifies Bakar404 and never switches accounts (1.5404ms)
✔ explicit hash-pinned read principal does not change the pilot or read allowlist (19.4981ms)
✔ collector profile rejects changed scope or unsupported fields: repository (19.6676ms)
✔ collector profile rejects changed scope or unsupported fields: project_id (17.2263ms)
✔ collector profile rejects changed scope or unsupported fields: project_number (9.8539ms)
✔ collector profile rejects changed scope or unsupported fields: token (17.8606ms)
✔ collector profile rejects changed scope or unsupported fields: url (18.0082ms)
✔ collector profile rejects changed scope or unsupported fields: collector_login (18.0408ms)
✔ collector profile rejects wrong hashes, changed bytes and duplicate keys (54.2366ms)
✔ profiled collection records the actual principal and rejects identity or profile drift (30.8531ms)
✔ read client exposes no arbitrary query or write operation (1.442ms)
✔ GraphQL cursor remains data, not executable query text (1.8124ms)
✔ GraphQL errors do not become accepted partial data (1.2614ms)
✔ GraphQL reserve prevents further reads (1.1379ms)
✔ collection has an elapsed-time bound (1.3286ms)
✔ dry run uses neither network nor output files (1.4158ms)
✔ CLI rejects apply (0.145ms)
✔ CLI rejects audit --fixture --live (0.0983ms)
✔ CLI rejects audit --fixture --out ../escape.json (0.1379ms)
✔ CLI rejects audit --dry-run --out file.json (0.0912ms)
✔ CLI rejects audit --fixture --assign example-user (0.0781ms)
✔ CLI rejects ask --fixture (0.0753ms)
✔ actual CLI dry run works from another directory and has no network intent (142.2528ms)
✔ test chat prepares an evidence-based reply without sending it (5.8786ms)
✔ test chat rejects wrong tenant (0.31ms)
✔ test chat rejects wrong group (0.1447ms)
✔ test chat rejects personal chat (0.1306ms)
✔ test chat rejects other channel (0.1309ms)
✔ test chat ignores messages without a mention (0.1776ms)
✔ test chat ignores its own messages (0.1335ms)
✔ test chat refuses mutation requests (4.498ms)
✔ no production mode or implicit binding (0.2875ms)
ℹ tests 227
ℹ suites 0
ℹ pass 227
ℹ fail 0
ℹ cancelled 0
ℹ skipped 0
ℹ todo 0
ℹ duration_ms 83210.2455
