$ node --test --test-concurrency=2 --test-timeout=180000 scenarios/repo-steward/steward.test.mjs scenarios/repo-steward/actions.test.mjs scenarios/repo-steward/recurring-audit.test.mjs scenarios/repo-steward/feedback.test.mjs scenarios/repo-steward/maintenance.test.mjs scenarios/repo-steward/feedback-cli.test.mjs
✔ Actions preview performs no live reads or summary publication (5.3982ms)
✔ Actions fixture uses the real auditor without GitHub access (56.7383ms)
✔ invalid workflow input is rejected during preview without data access (1.9047ms)
✔ hosted live mode rejects non-Actions host before reading data (0.6207ms)
✔ hosted live mode rejects PR event before reading data (1.8688ms)
✔ hosted live mode rejects another repository before reading data (0.2916ms)
✔ hosted live mode rejects feature branch before reading data (0.4703ms)
✔ hosted live mode rejects another actor before reading data (0.3385ms)
✔ hosted live mode rejects another rerun operator before reading data (0.4016ms)
✔ hosted live mode rejects missing triggering actor before reading data (0.6349ms)
✔ hosted live mode rejects missing source commit before reading data (0.4603ms)
✔ hosted live mode rejects disabled pilot before reading data (0.3881ms)
✔ hosted live mode rejects unapproved public summary before reading data (0.2119ms)
✔ hosted live mode rejects missing credential before reading data (0.1723ms)
✔ hosted live mode rejects blank credential before reading data (0.4865ms)
✔ hosted live mode rejects write-enabled configuration before reading data (0.385ms)
✔ GITHUB_TOKEN does not substitute for Project-readable credentials (0.3704ms)
✔ an admitted live path collects once and retains zero mutations (9.5011ms)
✔ collector failure does not produce a successful report (0.4263ms)
✔ stale hosted snapshots fail instead of publishing old findings (8.7694ms)
✔ public summaries never include free-form source or evidence text (8.4086ms)
✔ summary rejects unknown rule (4.6823ms)
✔ summary rejects bad finding id (7.3729ms)
✔ summary rejects foreign reference (6.9336ms)
✔ summary rejects mutation claim (6.4582ms)
✔ summary rejects wrong scope (7.6727ms)
✔ summary rejects invalid timestamp (7.5468ms)
✔ summary rejects bad totals (5.2751ms)
✔ public finding index is bounded without copying omitted details (5.091ms)
✔ every configured fixture rule has an explicit publication review (5.0622ms)
✔ summary file writes remain inside a supplied native temporary directory (22.29ms)
✔ Actions CLI rejects unsupported arguments --apply (0.3487ms)
✔ Actions CLI rejects unsupported arguments --live (0.1503ms)
✔ Actions CLI rejects unsupported arguments --live (0.1511ms)
✔ actual fixture CLI needs no hosted secrets or Teams SDK (234.0521ms)
✔ manual workflow keeps first-party actions pinned and live credentials isolated (14.2758ms)
✔ feedback CLI rejects unsupported, missing and duplicate transition arguments (3.1495ms)
✔ new-file corpus output preserves the previous version and refuses overwrite (36.2358ms)
✔ initializing a corpus binds the validated input scope without changing its snapshot (66.5999ms)
✔ partial snapshot cannot create a corpus file (28.1547ms)
✔ redirected output parent is refused without writing through it (7.685ms)
✔ review evidence must be a file and cannot use a directory as a digest source (55.7476ms)
✔ review CLI records the exact binary digest and closes its descriptor (109.9216ms)
✔ same-size review replacement between metadata check and open cannot update a corpus (42.7251ms)
✔ review parent swapped for a symlink or junction before open is rejected (42.4362ms)
✔ same-size pathname replacement after descriptor read is rejected (38.0883ms)
✔ same-size in-place review rewrite cannot hide behind a restored modification time (34.6065ms)
✔ review growth after open stays within its original byte bound and is rejected (34.609ms)
✔ bounded review reads handle partial reads and reject empty or oversized files (20.675ms)
✔ native behavioral evidence remains candidate with original local source and no finding impersonation (69.3175ms)
✔ native behavioral activation is denied for mixed support and forged active or retired history (42.1299ms)
✔ native behavioral candidates can be rejected without widening legacy review authority (56.7983ms)
✔ native behavioral bytes, identity claims, source and repeated runs remain validated (154.1332ms)
✔ evidence binds actual audit finding and supplied snapshot without certifying collection or identity (16.5654ms)
✔ accepted missing Project status binds the native serialized report and finding in evidence and observations (54.2646ms)
✔ auditor optional-field normalization retains strict data-only feedback and report validation (88.8453ms)
✔ timestamp-only or unrelated snapshot changes do not manufacture repeated supporting evidence (39.2699ms)
✔ partial, cross-scope, stale or missing findings cannot become feedback evidence (18.3127ms)
✔ feedback source pins accept exactly 40 or 64 hexadecimal characters, including supplied evidence (74.2179ms)
✔ candidate, active and retired versions preserve their inputs and have exact transition digests (19.8625ms)
✔ one observation, fabricated evidence bytes and replayed reviews cannot activate a rule (99.6919ms)
✔ reviewer labels and claimed approval booleans do not supply verified review authority (39.2045ms)
✔ explicit rejection remains terminal and contributes no advice (61.6675ms)
✔ prospective expiry is mandatory, bounded, and effective at the exact boundary (150.7253ms)
✔ active capacity cannot expand and supersession retires only the exact predecessor (93.8916ms)
✔ supersession rejects stale targets and cannot cross finding rules (64.8467ms)
✔ active guidance annotates only matching findings without hiding or changing original conclusions (29.3632ms)
✔ broad matching admits at most the finite annotation limit and never truncates an excessive report (439.3984ms)
✔ serialized output bytes are admitted before escaped guidance and evidence references fan out (86.7834ms)
✔ later audits honor activation and retirement while the original report stays identical (53.3665ms)
✔ unknown executable, suppression, assignment and permission options are rejected (169.0342ms)
✔ stale reports, foreign scope and altered evidence fail closed (37.4084ms)
✔ canonical digests ignore property insertion order but reject executable and non-finite data (0.4838ms)
✔ reusable corpus validation preserves input and rejects authority claims or altered guidance (16.2283ms)
✔ explicit collector profile requires a hash and cannot relabel a supplied snapshot (3.2166ms)
✔ recurrence requires finite explicit bounds before reading any input (0.7977ms)
✔ finite recurrence reloads snapshot and feedback on every cycle (2.9447ms)
✔ paused and stopped records prevent collection and input reads (2.414ms)
✔ exhausted persisted attempts reject before snapshot, feedback or live collection (2.6581ms)
✔ watch admits the final allowed attempt and then stops before collecting another snapshot (1.5121ms)
✔ source mismatch refuses before reading snapshot or feedback (1.4068ms)
✔ a failed cycle stops recurrence without retrying or losing the failure (2.058ms)
✔ first snapshot acquisition failure retains one sanitized failed attempt (422.5064ms)
✔ later corpus acquisition failure preserves earlier accepted evidence and consumes one attempt (1055.7192ms)
✔ live acquisition failure is retained once without raw error text or a retry (357.8601ms)
✔ pause and stop during failed acquisition remain effective without a new admitted attempt (2397.4441ms)
✔ deadline crossing during failed acquisition prevents late attempt admission (1.506ms)
✔ interruption during failed acquisition prevents a new admitted attempt (1.1346ms)
✔ duration bounds stop admission after collection without writing a late result (1.0549ms)
✔ interruption during an interval exits without another audit (1.2051ms)
✔ control commands delegate exact action, source and reason without collecting (2.7722ms)
✔ status exposes bounded metadata and no retained finding text (1.1257ms)
✔ one audit writes source-bound immutable private reports and an advisory handoff (498.6049ms)
✔ fresh capture timestamps and transport metrics alone produce no new report or proposal across restart (914.7321ms)
✔ live state binds the exact selected principal and profile through restart and controls (2710.5999ms)
✔ profile metadata cannot convert supplied evidence or a different live principal into accepted observations (322.7849ms)
✔ changed scoped content produces a new receipt while retaining stable finding dedupe (557.7787ms)
✔ resolved findings are recorded without claiming a remote correction (570.3413ms)
✔ stale input fails and preserves a failed attempt, never reusing previous success (665.4429ms)
✔ future input fails and preserves a failed attempt, never reusing previous success (693.9916ms)
✔ incomplete input fails and preserves a failed attempt, never reusing previous success (626.9957ms)
✔ source drift fails and preserves a failed attempt, never reusing previous success (656.0178ms)
✔ changing the caller source pin cannot migrate an existing directory (471.2794ms)
✔ pause prevents input use, resume retains dedupe, and stop cannot resume (2368.8353ms)
✔ concurrent cycles have one winner and never create duplicate accepted receipts (345.803ms)
✔ retained locks fail closed without PID reuse or timeout-based recovery (17.9446ms)
✔ incomplete intent and rollback to an older checkpoint refuse replay (612.8093ms)
✔ tampered referenced artifacts are rejected and preserved (348.2547ms)
✔ output-directory redirection refuses writes through a symlink or junction (11.2757ms)
✔ an unexpected output file is retained, not overwritten or removed (19.7645ms)
✔ status rejects unexpected files in initialized state before accepting its control projection (268.7027ms)
✔ missing, traversal-style and incomplete control requests do not create authority (4.8097ms)
✔ live source claims retain the existing collector identity and zero-write metadata (305.118ms)
✔ finite convenience API has explicit bounds and performs no scheduling (1091.2463ms)
✔ state and artifact redirection are not followed on read (297.576ms)
✔ alter of earlier history is detected after a newer successful cycle (675.4564ms)
✔ delete of earlier history is detected after a newer successful cycle (789.0284ms)
✔ changed implementation pins fail before a new intent is written (458.5958ms)
✔ a directory replaced while a caller holds its lock cannot redirect any artifact write (357.735ms)
✔ actual corpus activation and retirement change only separately bound advisory output (1381.9694ms)
✔ expiry invalidates cached advisory annotations even without corpus byte changes (610.4518ms)
✔ mixed retained controls and new cycles enforce one transition bound with a reserved terminal stop (65576.2017ms)
✔ accepted snapshots with omitted optional metadata produce parseable JSON artifacts and replay (490.43ms)
✔ optional auditor metadata works through the real feedback evidence and recurring consumer bridge (540.6371ms)
✔ policy has the ten requested workstreams and never assigns people (4.9718ms)
✔ classification supports Multiplayer (6.3755ms)
✔ classification supports UX/UI (1.7694ms)
✔ classification supports Multi-system execution (1.4332ms)
✔ classification supports Janitor (1.6587ms)
✔ classification supports Dynamic agent teams (1.6918ms)
✔ classification supports DevOps/PR review/branch protection (2.5124ms)
✔ classification supports Security (1.3431ms)
✔ classification supports Agent communication layer (1.684ms)
✔ classification supports Dark factory automation (1.4839ms)
✔ classification supports Backend scalability / pub-sub (1.2363ms)
✔ classification preserves labels and assignees (13.8959ms)
✔ UX alias means UX/UI (19.3448ms)
✔ an unassigned issue is not a violation (8.9562ms)
✔ full fixture audit has zero mutations and catches closing-link conflict (7.1512ms)
✔ non-closing prose overrides no native link, not unrelated partial references (5.3226ms)
✔ explicit do-not-close linked issue is flagged (4.9415ms)
✔ closed unmerged PR does not close an open issue (5.8034ms)
✔ reopened issue remains open after a historical merged PR (5.5978ms)
✔ no automatic close for several partial PRs (4.6938ms)
✔ only explicit dependency section is interpreted (0.209ms)
✔ code fences and quoted references are not dependency authority (0.2486ms)
✔ native/text dependency disagreement is flagged (5.1449ms)
✔ matching dependencies do not produce a mismatch (4.3397ms)
✔ dependency cycles are bounded and reported once (6.6442ms)
✔ parent hierarchy mismatch and cycle are detected (5.5138ms)
✔ outside-scope dependency is not fetched or treated as complete (7.1871ms)
✔ missing local dependency is unverified, not closed (6.9137ms)
✔ open issue marked Done is flagged without changing the board (5.3234ms)
✔ unknown workstream is a review hint, not a rename (4.1772ms)
✔ locked default branch is flagged, without bypass (3.7254ms)
✔ stale PR source head is reported (3.8789ms)
✔ current independent review is accepted as evidence (4.3671ms)
✔ author approval is not current independent human approval (4.4323ms)
✔ bot approval is not current independent human approval (3.7921ms)
✔ old-head approval is not current independent human approval (3.7915ms)
✔ later comment does not erase a valid prior approval (3.9314ms)
✔ failed checks and requested changes are surfaced (4.1577ms)
✔ missing checks are not a success (4.1018ms)
✔ stale snapshots are labeled (4.6403ms)
✔ future snapshots fail closed (1.8605ms)
✔ finding IDs are stable across repeated reads (9.8527ms)
✔ reported secrets are redacted and Markdown is escaped (12.0842ms)
✔ refuses: assign #50 to example-user (7.452ms)
✔ refuses: label #50 multiplayer (6.1091ms)
✔ refuses: close #50 (5.4244ms)
✔ refuses: merge PR #237 (8.6959ms)
✔ refuses: enable auto-merge (7.814ms)
✔ refuses: delete a branch (4.6033ms)
✔ refuses: approve PR #237 (4.5283ms)
✔ refuses: can you change the rules (6.1403ms)
✔ question answers use recorded evidence and canonical references (10.5837ms)
✔ reverse dependency questions list dependents (8.201ms)
✔ unknown questions ask for clarification (7.4672ms)
✔ untrusted instruction text grants no tools (5.263ms)
✔ snapshot rejects wrong repo (1.4889ms)
✔ snapshot rejects wrong project (1.0064ms)
✔ snapshot rejects partial coverage (0.9889ms)
✔ snapshot rejects wrong count (0.9756ms)
✔ snapshot rejects duplicate issue (1.16ms)
✔ snapshot rejects hostile URL (1.1691ms)
✔ snapshot rejects hidden project item (1.3227ms)
✔ snapshot rejects cross-repo item (1.537ms)
✔ snapshot rejects duplicate project item (1.4807ms)
✔ snapshot rejects oversized body (1.2637ms)
✔ collector completes two matching passes with no writes (4.436ms)
✔ collector rejects issue drift between passes (2.6395ms)
✔ collector rejects incomplete nested dependencies (1.3032ms)
✔ collector rejects a changed PR head/check binding (1.2867ms)
✔ collector rejects repeated pagination cursors (1.2311ms)
✔ collector rejects inaccessible connection entries (0.1536ms)
✔ read client verifies Bakar404 and never switches accounts (1.3399ms)
✔ explicit hash-pinned read principal does not change the pilot or read allowlist (19.896ms)
✔ collector profile rejects changed scope or unsupported fields: repository (16.7982ms)
✔ collector profile rejects changed scope or unsupported fields: project_id (17.4585ms)
✔ collector profile rejects changed scope or unsupported fields: project_number (19.0561ms)
✔ collector profile rejects changed scope or unsupported fields: token (19.801ms)
✔ collector profile rejects changed scope or unsupported fields: url (20.4263ms)
✔ collector profile rejects changed scope or unsupported fields: collector_login (20.0081ms)
✔ collector profile rejects wrong hashes, changed bytes and duplicate keys (52.1017ms)
✔ profiled collection records the actual principal and rejects identity or profile drift (38.9021ms)
✔ read client exposes no arbitrary query or write operation (2.6777ms)
✔ GraphQL cursor remains data, not executable query text (1.386ms)
✔ GraphQL errors do not become accepted partial data (1.268ms)
✔ GraphQL reserve prevents further reads (1.3162ms)
✔ collection has an elapsed-time bound (1.2853ms)
✔ dry run uses neither network nor output files (1.6684ms)
✔ CLI rejects apply (0.196ms)
✔ CLI rejects audit --fixture --live (0.138ms)
✔ CLI rejects audit --fixture --out ../escape.json (0.1828ms)
✔ CLI rejects audit --dry-run --out file.json (0.1998ms)
✔ CLI rejects audit --fixture --assign example-user (0.1433ms)
✔ CLI rejects ask --fixture (0.1456ms)
✔ actual CLI dry run works from another directory and has no network intent (176.7049ms)
✔ test chat prepares an evidence-based reply without sending it (8.6849ms)
✔ test chat rejects wrong tenant (0.4016ms)
✔ test chat rejects wrong group (0.1724ms)
✔ test chat rejects personal chat (0.1367ms)
✔ test chat rejects other channel (0.1404ms)
✔ test chat ignores messages without a mention (0.14ms)
✔ test chat ignores its own messages (0.1292ms)
✔ test chat refuses mutation requests (4.7785ms)
✔ no production mode or implicit binding (0.3146ms)
ℹ tests 227
ℹ suites 0
ℹ pass 227
ℹ fail 0
ℹ cancelled 0
ℹ skipped 0
ℹ todo 0
ℹ duration_ms 88336.0916
