    Checking windows-sys v0.61.2
    Checking indexmap v2.14.1
    Checking ring v0.17.14
    Checking socket2 v0.6.5
    Checking mio v1.2.2
    Checking tokio v1.53.1
    Checking rustls-webpki v0.103.15
    Checking rustls v0.23.43
    Checking tokio-util v0.7.19
    Checking h2 v0.4.19
   Compiling tokio-stream v0.1.19
   Compiling windows-sys v0.48.0
   Compiling home v0.5.12
    Checking hyper v1.11.1
   Compiling sqlx-core v0.8.6
   Compiling etcetera v0.8.0
    Checking hyper-util v0.1.20
   Compiling sqlx-postgres v0.8.6
    Checking tower v0.5.3
    Checking schannel v0.1.29
    Checking anstyle-wincon v3.0.11
   Compiling sqlx-macros-core v0.8.6
    Checking rand v0.8.8
    Checking rustls-native-certs v0.8.4
    Checking tokio-rustls v0.26.4
    Checking anstyle-query v1.1.5
    Checking winapi-util v0.1.11
    Checking byteorder v1.5.0
    Checking regex-syntax v0.8.11
    Checking regex-automata v0.4.18
    Checking anstream v1.0.0
    Checking same-file v1.0.6
    Checking hyper-rustls v0.27.9
   Compiling sqlx-macros v0.8.6
    Checking tower-http v0.6.11
    Checking clap_builder v4.6.6
    Checking sqlx v0.8.6
    Checking reqwest v0.12.28
    Checking tokio-tungstenite v0.29.0
    Checking walkdir v2.5.0
    Checking matchers v0.2.0
    Checking nu-ansi-term v0.50.3
    Checking axum v0.8.9
    Checking object_store v0.12.5
    Checking tracing-subscriber v0.3.23
    Checking clap v4.6.6
    Checking crony-store v0.1.0 (C:\Users\sschofield\repos\ecorp-pr255-review-fixes\crates\crony-store)
    Checking crony-server v0.1.0 (C:\Users\sschofield\repos\ecorp-pr255-review-fixes\crates\crony-server)
    Finished `dev` profile [unoptimized + debuginfo] target(s) in 1m 51s
