   Compiling ring v0.17.14
   Compiling rustls v0.23.43
   Compiling rustls-webpki v0.103.15
   Compiling sqlx-core v0.8.6
   Compiling sqlx-postgres v0.8.6
   Compiling sqlx-macros-core v0.8.6
   Compiling tokio-rustls v0.26.4
   Compiling hyper-rustls v0.27.9
   Compiling sqlx-macros v0.8.6
   Compiling tower-http v0.6.11
   Compiling clap_builder v4.6.6
   Compiling sqlx v0.8.6
   Compiling reqwest v0.12.28
   Compiling walkdir v2.5.0
   Compiling tokio-tungstenite v0.29.0
   Compiling matchers v0.2.0
   Compiling nu-ansi-term v0.50.3
   Compiling axum v0.8.9
   Compiling object_store v0.12.5
   Compiling tracing-subscriber v0.3.23
   Compiling clap v4.6.6
   Compiling crony-store v0.1.0 (C:\Users\sschofield\repos\ecorp-pr255-review-fixes\crates\crony-store)
   Compiling crony-server v0.1.0 (C:\Users\sschofield\repos\ecorp-pr255-review-fixes\crates\crony-server)
    Finished `test` profile [unoptimized + debuginfo] target(s) in 2m 12s
  Executable unittests src\main.rs (target\debug\deps\crony_server-8fddc2695d975e5a.exe)
