   Compiling windows-sys v0.61.2
   Compiling indexmap v2.14.1
   Compiling windows-sys v0.48.0
   Compiling socket2 v0.6.5
   Compiling mio v1.2.2
   Compiling tokio v1.53.1
   Compiling tokio-util v0.7.19
   Compiling h2 v0.4.19
   Compiling rand v0.8.8
   Compiling tokio-stream v0.1.19
   Compiling home v0.5.12
   Compiling byteorder v1.5.0
   Compiling base64 v0.22.1
   Compiling hyper v1.11.1
   Compiling sqlx-core v0.8.6
   Compiling etcetera v0.8.0
   Compiling hyper-util v0.1.20
   Compiling sqlx-postgres v0.8.6
   Compiling tower v0.5.3
   Compiling schannel v0.1.29
   Compiling anstyle-wincon v3.0.11
   Compiling sqlx-macros-core v0.8.6
   Compiling rustls-native-certs v0.8.4
   Compiling tokio-rustls v0.26.4
   Compiling winapi-util v0.1.11
   Compiling anstyle-query v1.1.5
   Compiling regex-syntax v0.8.11
   Compiling anstream v1.0.0
   Compiling regex-automata v0.4.18
   Compiling same-file v1.0.6
   Compiling hyper-rustls v0.27.9
   Compiling sqlx-macros v0.8.6
error: linker `link.exe` not found
  |
  = note: program not found

note: the msvc targets depend on the msvc linker but `link.exe` was not found

note: please ensure that Visual Studio 2017 or later, or Build Tools for Visual Studio were installed with the Visual C++ option

note: VS Code is a different product, and is not sufficient

error: could not compile `sqlx-macros` (lib) due to 1 previous error
warning: build failed, waiting for other jobs to finish...
