✔ direct completion cannot bypass pending independent review (missing checkpoint: false) (5.0314ms)
✔ complete persisted proof is accepted (missing checkpoint: false) (1.1353ms)
✔ direct completion cannot bypass pending independent review (missing checkpoint: true) (0.598ms)
✔ complete persisted proof is accepted (missing checkpoint: true) (0.5242ms)
✔ pending review requires requester denial followed by distinct reviewer approval (0.9868ms)
✔ pending gate rejects missing review (0.518ms)
✔ pending gate rejects non-independent gate (0.5038ms)
✔ pending gate rejects requester allowed (1.0308ms)
✔ pending gate rejects already decided gate (0.6244ms)
✔ pending gate rejects same actor (0.6501ms)
✔ pending gate rejects unauthorized role (4.2595ms)
✔ pending gate rejects producer reviewing (0.4949ms)
✔ pending gate rejects requester accepted (0.4985ms)
✔ pending gate rejects reviewer denied (0.43ms)
✔ pending gate rejects reviewer response for another run (0.5559ms)
✔ pending gate rejects requester denial changes gate (0.8248ms)
✔ final recovery rejects no pending observation (0.4817ms)
✔ final recovery rejects no requester denial (1.0455ms)
✔ final recovery rejects requester non-403 (0.7029ms)
✔ final recovery rejects no independent response (0.5319ms)
✔ final recovery rejects no independent proof flag (0.5275ms)
✔ final recovery rejects no persisted decision (0.472ms)
✔ final recovery rejects decision by requester (0.5059ms)
✔ final recovery rejects decision still pending (0.443ms)
✔ final recovery rejects decision gate drift (0.5776ms)
✔ final recovery rejects foreign decision (0.4128ms)
✔ final recovery rejects missing decision timestamp (0.7174ms)
✔ final recovery rejects missing automated evidence (0.4289ms)
✔ final recovery rejects failed file check (0.4865ms)
✔ final recovery rejects foreign proof (0.4974ms)
✔ final recovery rejects wrong proof kind (0.4506ms)
✔ final recovery rejects wrong proof task (0.5047ms)
✔ final recovery rejects wrong proof Corp (0.4168ms)
✔ final recovery rejects wrong proof index (0.3762ms)
✔ final recovery rejects missing artifact (0.421ms)
✔ final recovery rejects failed verification (0.4635ms)
✔ final recovery rejects changed source ref (0.4344ms)
✔ final recovery rejects changed source repository (0.3577ms)
✔ final recovery rejects changed source commit (0.4881ms)
✔ final recovery rejects changed source connection (0.4111ms)
✔ final recovery rejects changed provider session (0.3365ms)
✔ final recovery rejects changed workspace lineage (0.3949ms)
✔ final recovery rejects changed resume ancestor (0.3936ms)
✔ final recovery rejects changed verifier (0.4975ms)
✔ final recovery rejects changed finish tokens (0.367ms)
✔ final recovery rejects changed finish cost (0.3383ms)
✔ final recovery rejects changed revision task (0.3168ms)
✔ final recovery rejects missing approved revision (0.3029ms)
✔ final recovery rejects unapproved revision (0.3886ms)
✔ final recovery rejects rewritten prior contract (0.6922ms)
✔ final recovery rejects rewritten prior policy (0.6666ms)
✔ final recovery rejects changed current mission budget (0.4684ms)
✔ final recovery rejects changed original budget (0.4011ms)
✔ final recovery rejects rewritten original fingerprint (0.386ms)
✔ final recovery rejects rewritten original spend (0.3063ms)
✔ final recovery rejects rewritten suspension history (0.355ms)
✔ final recovery rejects missing original event (0.3744ms)
✔ final recovery rejects rewritten breaker incident (0.535ms)
✔ final recovery rejects missing breaker incident (0.446ms)
✔ hard-stop lane needs no successful review (0.3458ms)
✔ no mode is a dry-run; execution always requires its explicit switch (1.6169ms)
✔ ambiguous execution modes and unknown switches fail closed (1.0831ms)
✔ reference inspection is opt-in and supports one exact snapshot (1.2616ms)
✔ reference URL rejects remote, credential-bearing, unrelated and QA targets (2.3915ms)
ℹ tests 64
ℹ suites 0
ℹ pass 64
ℹ fail 0
ℹ cancelled 0
ℹ skipped 0
ℹ todo 0
ℹ duration_ms 183.5346
