{
  "checked_at": "2026-10-01T16:41:43.773Z",
  "start_steer_resume": {
    "corp_id": "00000000-0000-4000-8000-000000000001",
    "mission_id": "090ad4b5-c49f-42b0-b422-05b5b7bd3b06",
    "run_id": "348c475a-c0ed-465d-bb31-a81ba114e5b3",
    "resume_run_id": "b5eeb169-8906-446b-84a4-edc31d0b8eb0",
    "second_resume_run_id": "f34a815a-2df9-486f-90cf-24ede92097bf",
    "provider_session_id": "5ce7d9e7-e016-4c1d-9011-fb48f1e836bb",
    "steer_delivery": "immediate",
    "start_status": "completed",
    "resume_status": "completed",
    "second_resume_status": "completed",
    "start_usage": {
      "input_tokens": 10,
      "output_tokens": 2
    },
    "resume_usage": {
      "input_tokens": 10,
      "output_tokens": 2
    },
    "start_artifact": "/api/corps/00000000-0000-4000-8000-000000000001/artifacts/2599dc2e-6b77-4faa-b4ec-b85e7d73c920",
    "resume_artifact": "/api/corps/00000000-0000-4000-8000-000000000001/artifacts/c164a9f5-0f7b-4383-99ef-7481016cb426",
    "second_resume_artifact": "/api/corps/00000000-0000-4000-8000-000000000001/artifacts/eba7eea9-56db-47ad-b90b-ae5284323e39"
  },
  "interrupt": {
    "run_id": "bfd4a278-5c13-4882-9fdf-e4388f000115",
    "provider_session_id": "f670a9fa-1aa0-4fca-9802-c3a2b30fb37d",
    "status": "cancelled",
    "artifact": "/api/corps/00000000-0000-4000-8000-000000000001/artifacts/5e453eca-a939-4e2c-be02-fb957917021b"
  },
  "stop": {
    "run_id": "40bf8ba0-03b1-43b1-b510-4d264a7790fc",
    "status": "cancelled",
    "accepted_artifact": null,
    "workspace_disposition": "preserved"
  },
  "budget_stop": {
    "mission_id": "503eec88-beee-47d0-9196-5d5f1e7bb6a0",
    "run_id": "0f0cc755-fd91-425c-8991-398abac6b1d6",
    "status": "cancelled",
    "breaker_stage": "stop",
    "input_tokens": 6000,
    "accepted_artifact": null,
    "workspace_disposition": "preserved",
    "termination_event_id": "40381711-7b9c-484d-bdd2-d821f80978ba",
    "preservation_event_id": "8c09f5fe-db47-4660-94f2-14df9120089c",
    "cancellation_event_id": "722401e6-00e3-46bb-8003-5859fdd8052f",
    "breaker_command_id": "f0324f06-05b7-412a-b35d-871a588d3945",
    "completed_events": 0
  }
}
