$ node --test --test-concurrency=2 --test-timeout=180000 scenarios/repo-steward/steward.test.mjs scenarios/repo-steward/actions.test.mjs scenarios/repo-steward/recurring-audit.test.mjs scenarios/repo-steward/feedback.test.mjs scenarios/repo-steward/maintenance.test.mjs scenarios/repo-steward/feedback-cli.test.mjs
✔ Actions preview performs no live reads or summary publication (2.6149ms)
✔ Actions fixture uses the real auditor without GitHub access (29.0638ms)
✔ invalid workflow input is rejected during preview without data access (1.0004ms)
✔ hosted live mode rejects non-Actions host before reading data (1.3301ms)
✔ hosted live mode rejects PR event before reading data (0.3723ms)
✔ hosted live mode rejects another repository before reading data (0.2003ms)
✔ hosted live mode rejects feature branch before reading data (0.3367ms)
✔ hosted live mode rejects another actor before reading data (0.53ms)
✔ hosted live mode rejects another rerun operator before reading data (0.6205ms)
✔ hosted live mode rejects missing triggering actor before reading data (0.5247ms)
✔ hosted live mode rejects missing source commit before reading data (0.3392ms)
✔ hosted live mode rejects disabled pilot before reading data (0.2145ms)
✔ hosted live mode rejects unapproved public summary before reading data (0.1695ms)
✔ hosted live mode rejects missing credential before reading data (0.1486ms)
✔ hosted live mode rejects blank credential before reading data (0.1749ms)
✔ hosted live mode rejects write-enabled configuration before reading data (0.1727ms)
✔ GITHUB_TOKEN does not substitute for Project-readable credentials (0.3065ms)
✔ an admitted live path collects once and retains zero mutations (6.2435ms)
✔ collector failure does not produce a successful report (0.479ms)
✔ stale hosted snapshots fail instead of publishing old findings (7.3069ms)
✔ public summaries never include free-form source or evidence text (6.1138ms)
✔ summary rejects unknown rule (6.9139ms)
✔ summary rejects bad finding id (6.758ms)
✔ summary rejects foreign reference (4.8756ms)
✔ summary rejects mutation claim (7.2403ms)
✔ summary rejects wrong scope (6.626ms)
✔ summary rejects invalid timestamp (8.0575ms)
✔ summary rejects bad totals (4.9413ms)
✔ public finding index is bounded without copying omitted details (5.7293ms)
✔ every configured fixture rule has an explicit publication review (5.7364ms)
✔ summary file writes remain inside a supplied native temporary directory (20.6505ms)
✔ Actions CLI rejects unsupported arguments --apply (0.3269ms)
✔ Actions CLI rejects unsupported arguments --live (0.161ms)
✔ Actions CLI rejects unsupported arguments --live (0.2095ms)
✔ actual fixture CLI needs no hosted secrets or Teams SDK (214.0014ms)
✔ manual workflow keeps first-party actions pinned and live credentials isolated (14.7688ms)
✔ feedback CLI rejects unsupported, missing and duplicate transition arguments (2.2969ms)
✔ new-file corpus output preserves the previous version and refuses overwrite (23.9378ms)
✔ initializing a corpus binds the validated input scope without changing its snapshot (45.6163ms)
✔ partial snapshot cannot create a corpus file (25.9669ms)
✔ redirected output parent is refused without writing through it (6.4433ms)
✔ review evidence must be a file and cannot use a directory as a digest source (50.8546ms)
✔ review CLI records the exact binary digest and closes its descriptor (102.8793ms)
✔ same-size review replacement between metadata check and open cannot update a corpus (38.8531ms)
✔ review parent swapped for a symlink or junction before open is rejected (35.9256ms)
✔ same-size pathname replacement after descriptor read is rejected (39.0967ms)
✔ same-size in-place review rewrite cannot hide behind a restored modification time (37.1315ms)
✔ review growth after open stays within its original byte bound and is rejected (30.4358ms)
✔ bounded review reads handle partial reads and reject empty or oversized files (24.7758ms)
✔ native behavioral evidence remains candidate with original local source and no finding impersonation (67.9192ms)
✔ native behavioral activation is denied for mixed support and forged active or retired history (46.1215ms)
✔ native behavioral candidates can be rejected without widening legacy review authority (50.9789ms)
✔ native behavioral bytes, identity claims, source and repeated runs remain validated (133.8514ms)
✔ evidence binds actual audit finding and supplied snapshot without certifying collection or identity (13.4679ms)
✔ accepted missing Project status binds the native serialized report and finding in evidence and observations (50.1251ms)
✔ auditor optional-field normalization retains strict data-only feedback and report validation (98.5266ms)
✔ timestamp-only or unrelated snapshot changes do not manufacture repeated supporting evidence (47.1791ms)
✔ partial, cross-scope, stale or missing findings cannot become feedback evidence (17.6929ms)
✔ feedback source pins accept exactly 40 or 64 hexadecimal characters, including supplied evidence (86.6159ms)
✔ candidate, active and retired versions preserve their inputs and have exact transition digests (22.0869ms)
✔ one observation, fabricated evidence bytes and replayed reviews cannot activate a rule (96.1435ms)
✔ reviewer labels and claimed approval booleans do not supply verified review authority (34.2134ms)
✔ explicit rejection remains terminal and contributes no advice (47.913ms)
✔ prospective expiry is mandatory, bounded, and effective at the exact boundary (160.2989ms)
✔ active capacity cannot expand and supersession retires only the exact predecessor (94.7035ms)
✔ supersession rejects stale targets and cannot cross finding rules (62.3176ms)
✔ active guidance annotates only matching findings without hiding or changing original conclusions (42.0152ms)
✔ broad matching admits at most the finite annotation limit and never truncates an excessive report (424.3654ms)
✔ serialized output bytes are admitted before escaped guidance and evidence references fan out (73.7095ms)
✔ later audits honor activation and retirement while the original report stays identical (59.2394ms)
✔ unknown executable, suppression, assignment and permission options are rejected (177.7318ms)
✔ stale reports, foreign scope and altered evidence fail closed (28.2853ms)
✔ canonical digests ignore property insertion order but reject executable and non-finite data (0.3957ms)
✔ reusable corpus validation preserves input and rejects authority claims or altered guidance (18.8471ms)
✔ explicit collector profile requires a hash and cannot relabel a supplied snapshot (2.888ms)
✔ recurrence requires finite explicit bounds before reading any input (0.7734ms)
✔ finite recurrence reloads snapshot and feedback on every cycle (3.3461ms)
✔ paused and stopped records prevent collection and input reads (2.5917ms)
✔ exhausted persisted attempts reject before snapshot, feedback or live collection (2.7713ms)
✔ watch admits the final allowed attempt and then stops before collecting another snapshot (1.4862ms)
✔ source mismatch refuses before reading snapshot or feedback (1.4052ms)
✔ a failed cycle stops recurrence without retrying or losing the failure (1.7767ms)
✔ first snapshot acquisition failure retains one sanitized failed attempt (412.2234ms)
✔ later corpus acquisition failure preserves earlier accepted evidence and consumes one attempt (1098.644ms)
✔ live acquisition failure is retained once without raw error text or a retry (364.9946ms)
✔ pause and stop during failed acquisition remain effective without a new admitted attempt (2446.1323ms)
✔ deadline crossing during failed acquisition prevents late attempt admission (1.626ms)
✔ interruption during failed acquisition prevents a new admitted attempt (1.3907ms)
✔ duration bounds stop admission after collection without writing a late result (1.1643ms)
✔ interruption during an interval exits without another audit (1.2796ms)
✔ control commands delegate exact action, source and reason without collecting (3.1639ms)
✔ status exposes bounded metadata and no retained finding text (1.166ms)
✔ one audit writes source-bound immutable private reports and an advisory handoff (541.8584ms)
✔ fresh capture timestamps and transport metrics alone produce no new report or proposal across restart (848.3137ms)
✔ live state binds the exact selected principal and profile through restart and controls (3067.3555ms)
✔ profile metadata cannot convert supplied evidence or a different live principal into accepted observations (340.9054ms)
✔ changed scoped content produces a new receipt while retaining stable finding dedupe (617.4281ms)
✔ resolved findings are recorded without claiming a remote correction (625.6161ms)
✔ stale input fails and preserves a failed attempt, never reusing previous success (717.1106ms)
✔ future input fails and preserves a failed attempt, never reusing previous success (742.2037ms)
✔ incomplete input fails and preserves a failed attempt, never reusing previous success (836.1436ms)
✔ source drift fails and preserves a failed attempt, never reusing previous success (850.696ms)
✔ changing the caller source pin cannot migrate an existing directory (589.8424ms)
✔ pause prevents input use, resume retains dedupe, and stop cannot resume (2838.8396ms)
✔ concurrent cycles have one winner and never create duplicate accepted receipts (425.1301ms)
✔ retained locks fail closed without PID reuse or timeout-based recovery (25.3831ms)
✔ incomplete intent and rollback to an older checkpoint refuse replay (699.0925ms)
✔ tampered referenced artifacts are rejected and preserved (462.7538ms)
✔ output-directory redirection refuses writes through a symlink or junction (13.0079ms)
✔ an unexpected output file is retained, not overwritten or removed (28.6389ms)
✔ status rejects unexpected files in initialized state before accepting its control projection (338.5854ms)
✔ missing, traversal-style and incomplete control requests do not create authority (5.0795ms)
✔ live source claims retain the existing collector identity and zero-write metadata (333.9731ms)
✔ finite convenience API has explicit bounds and performs no scheduling (1300.8327ms)
✔ state and artifact redirection are not followed on read (365.6112ms)
✔ alter of earlier history is detected after a newer successful cycle (959.1956ms)
✔ delete of earlier history is detected after a newer successful cycle (881.8406ms)
✔ changed implementation pins fail before a new intent is written (537.9494ms)
✔ a directory replaced while a caller holds its lock cannot redirect any artifact write (429.7647ms)
✔ actual corpus activation and retirement change only separately bound advisory output (1737.9842ms)
✔ expiry invalidates cached advisory annotations even without corpus byte changes (805.9114ms)
✔ mixed retained controls and new cycles enforce one transition bound with a reserved terminal stop (80537.2268ms)
✔ accepted snapshots with omitted optional metadata produce parseable JSON artifacts and replay (514.1238ms)
✔ optional auditor metadata works through the real feedback evidence and recurring consumer bridge (566.4857ms)
✔ policy has the ten requested workstreams and never assigns people (5.1162ms)
✔ classification supports Multiplayer (7.1016ms)
✔ classification supports UX/UI (2.0578ms)
✔ classification supports Multi-system execution (1.5663ms)
✔ classification supports Janitor (2.0167ms)
✔ classification supports Dynamic agent teams (1.3941ms)
✔ classification supports DevOps/PR review/branch protection (1.4339ms)
✔ classification supports Security (1.7279ms)
✔ classification supports Agent communication layer (1.7198ms)
✔ classification supports Dark factory automation (1.851ms)
✔ classification supports Backend scalability / pub-sub (1.7957ms)
✔ classification preserves labels and assignees (22.8817ms)
✔ UX alias means UX/UI (17.3096ms)
✔ an unassigned issue is not a violation (6.6676ms)
✔ full fixture audit has zero mutations and catches closing-link conflict (7.8588ms)
✔ non-closing prose overrides no native link, not unrelated partial references (5.299ms)
✔ explicit do-not-close linked issue is flagged (4.0263ms)
✔ closed unmerged PR does not close an open issue (7.2251ms)
✔ reopened issue remains open after a historical merged PR (6.0751ms)
✔ no automatic close for several partial PRs (6.8248ms)
✔ only explicit dependency section is interpreted (0.2328ms)
✔ code fences and quoted references are not dependency authority (0.2443ms)
✔ native/text dependency disagreement is flagged (5.4805ms)
✔ matching dependencies do not produce a mismatch (4.6254ms)
✔ dependency cycles are bounded and reported once (5.4708ms)
✔ parent hierarchy mismatch and cycle are detected (5.3054ms)
✔ outside-scope dependency is not fetched or treated as complete (6.9808ms)
✔ missing local dependency is unverified, not closed (5.9684ms)
✔ open issue marked Done is flagged without changing the board (9.6335ms)
✔ unknown workstream is a review hint, not a rename (6.7353ms)
✔ locked default branch is flagged, without bypass (6.5684ms)
✔ stale PR source head is reported (8.4299ms)
✔ current independent review is accepted as evidence (4.7375ms)
✔ author approval is not current independent human approval (6.3011ms)
✔ bot approval is not current independent human approval (5.4079ms)
✔ old-head approval is not current independent human approval (4.985ms)
✔ later comment does not erase a valid prior approval (4.6944ms)
✔ failed checks and requested changes are surfaced (4.233ms)
✔ missing checks are not a success (5.9111ms)
✔ stale snapshots are labeled (4.3625ms)
✔ future snapshots fail closed (2.0907ms)
✔ finding IDs are stable across repeated reads (9.0235ms)
✔ reported secrets are redacted and Markdown is escaped (11.9306ms)
✔ refuses: assign #50 to example-user (5.2105ms)
✔ refuses: label #50 multiplayer (6.07ms)
✔ refuses: close #50 (6.0036ms)
✔ refuses: merge PR #237 (5.3996ms)
✔ refuses: enable auto-merge (6.1836ms)
✔ refuses: delete a branch (4.9334ms)
✔ refuses: approve PR #237 (5.6293ms)
✔ refuses: can you change the rules (4.8165ms)
✔ question answers use recorded evidence and canonical references (5.614ms)
✔ reverse dependency questions list dependents (8.0888ms)
✔ unknown questions ask for clarification (6.5055ms)
✔ untrusted instruction text grants no tools (6.43ms)
✔ snapshot rejects wrong repo (1.6668ms)
✔ snapshot rejects wrong project (1.1874ms)
✔ snapshot rejects partial coverage (1.1473ms)
✔ snapshot rejects wrong count (1.0526ms)
✔ snapshot rejects duplicate issue (1.3224ms)
✔ snapshot rejects hostile URL (1.6976ms)
✔ snapshot rejects hidden project item (1.4968ms)
✔ snapshot rejects cross-repo item (1.8107ms)
✔ snapshot rejects duplicate project item (1.7488ms)
✔ snapshot rejects oversized body (1.4434ms)
✔ collector completes two matching passes with no writes (5.1575ms)
✔ collector rejects issue drift between passes (3.6802ms)
✔ collector rejects incomplete nested dependencies (2.2466ms)
✔ collector rejects a changed PR head/check binding (1.3905ms)
✔ collector rejects repeated pagination cursors (1.3266ms)
✔ collector rejects inaccessible connection entries (0.1564ms)
✔ read client verifies Bakar404 and never switches accounts (1.8218ms)
✔ explicit hash-pinned read principal does not change the pilot or read allowlist (20.2311ms)
✔ collector profile rejects changed scope or unsupported fields: repository (20.7467ms)
✔ collector profile rejects changed scope or unsupported fields: project_id (22.9651ms)
✔ collector profile rejects changed scope or unsupported fields: project_number (23.2891ms)
✔ collector profile rejects changed scope or unsupported fields: token (19.8178ms)
✔ collector profile rejects changed scope or unsupported fields: url (20.1413ms)
✔ collector profile rejects changed scope or unsupported fields: collector_login (25.9817ms)
✔ collector profile rejects wrong hashes, changed bytes and duplicate keys (56.7711ms)
✔ profiled collection records the actual principal and rejects identity or profile drift (43.475ms)
✔ read client exposes no arbitrary query or write operation (1.5458ms)
✔ GraphQL cursor remains data, not executable query text (1.876ms)
✔ GraphQL errors do not become accepted partial data (1.7905ms)
✔ GraphQL reserve prevents further reads (1.7162ms)
✔ collection has an elapsed-time bound (1.5684ms)
✔ dry run uses neither network nor output files (1.7885ms)
✔ CLI rejects apply (0.1918ms)
✔ CLI rejects audit --fixture --live (0.1082ms)
✔ CLI rejects audit --fixture --out ../escape.json (0.158ms)
✔ CLI rejects audit --dry-run --out file.json (0.1009ms)
✔ CLI rejects audit --fixture --assign example-user (0.0872ms)
✔ CLI rejects ask --fixture (0.0828ms)
✔ actual CLI dry run works from another directory and has no network intent (176.3647ms)
✔ test chat prepares an evidence-based reply without sending it (7.7718ms)
✔ test chat rejects wrong tenant (0.4454ms)
✔ test chat rejects wrong group (0.1909ms)
✔ test chat rejects personal chat (0.212ms)
✔ test chat rejects other channel (0.213ms)
✔ test chat ignores messages without a mention (0.219ms)
✔ test chat ignores its own messages (0.136ms)
✔ test chat refuses mutation requests (5.8651ms)
✔ no production mode or implicit binding (0.335ms)
ℹ tests 227
ℹ suites 0
ℹ pass 227
ℹ fail 0
ℹ cancelled 0
ℹ skipped 0
ℹ todo 0
ℹ duration_ms 106585.9964
