$ node --test --test-concurrency=2 --test-timeout=180000 scenarios/repo-steward/steward.test.mjs scenarios/repo-steward/actions.test.mjs scenarios/repo-steward/recurring-audit.test.mjs scenarios/repo-steward/feedback.test.mjs scenarios/repo-steward/maintenance.test.mjs scenarios/repo-steward/feedback-cli.test.mjs
✔ Actions preview performs no live reads or summary publication (2.5154ms)
✔ Actions fixture uses the real auditor without GitHub access (38.0611ms)
✔ invalid workflow input is rejected during preview without data access (1.224ms)
✔ hosted live mode rejects non-Actions host before reading data (0.4517ms)
✔ hosted live mode rejects PR event before reading data (1.1734ms)
✔ hosted live mode rejects another repository before reading data (0.2623ms)
✔ hosted live mode rejects feature branch before reading data (0.3302ms)
✔ hosted live mode rejects another actor before reading data (0.2454ms)
✔ hosted live mode rejects another rerun operator before reading data (0.3273ms)
✔ hosted live mode rejects missing triggering actor before reading data (0.3369ms)
✔ hosted live mode rejects missing source commit before reading data (0.4058ms)
✔ hosted live mode rejects disabled pilot before reading data (0.1976ms)
✔ hosted live mode rejects unapproved public summary before reading data (0.1719ms)
✔ hosted live mode rejects missing credential before reading data (0.1334ms)
✔ hosted live mode rejects blank credential before reading data (0.3689ms)
✔ hosted live mode rejects write-enabled configuration before reading data (0.2084ms)
✔ GITHUB_TOKEN does not substitute for Project-readable credentials (0.3586ms)
✔ an admitted live path collects once and retains zero mutations (8.1643ms)
✔ collector failure does not produce a successful report (0.4592ms)
✔ stale hosted snapshots fail instead of publishing old findings (7.2233ms)
✔ public summaries never include free-form source or evidence text (5.824ms)
✔ summary rejects unknown rule (6.2137ms)
✔ summary rejects bad finding id (7.5746ms)
✔ summary rejects foreign reference (7.2139ms)
✔ summary rejects mutation claim (10.3426ms)
✔ summary rejects wrong scope (6.661ms)
✔ summary rejects invalid timestamp (7.2263ms)
✔ summary rejects bad totals (6.8357ms)
✔ public finding index is bounded without copying omitted details (8.6896ms)
✔ every configured fixture rule has an explicit publication review (6.4749ms)
✔ summary file writes remain inside a supplied native temporary directory (22.8021ms)
✔ Actions CLI rejects unsupported arguments --apply (0.3149ms)
✔ Actions CLI rejects unsupported arguments --live (0.1612ms)
✔ Actions CLI rejects unsupported arguments --live (0.1866ms)
✔ actual fixture CLI needs no hosted secrets or Teams SDK (226.3023ms)
✔ manual workflow keeps first-party actions pinned and live credentials isolated (3.4968ms)
✔ feedback CLI rejects unsupported, missing and duplicate transition arguments (3.0614ms)
✔ new-file corpus output preserves the previous version and refuses overwrite (31.1473ms)
✔ initializing a corpus binds the validated input scope without changing its snapshot (53.4728ms)
✔ partial snapshot cannot create a corpus file (32.843ms)
✔ redirected output parent is refused without writing through it (7.6953ms)
✔ review evidence must be a file and cannot use a directory as a digest source (55.4214ms)
✔ review CLI records the exact binary digest and closes its descriptor (109.4952ms)
✔ same-size review replacement between metadata check and open cannot update a corpus (39.6478ms)
✔ review parent swapped for a symlink or junction before open is rejected (41.4255ms)
✔ same-size pathname replacement after descriptor read is rejected (56.0742ms)
✔ same-size in-place review rewrite cannot hide behind a restored modification time (33.4488ms)
✔ review growth after open stays within its original byte bound and is rejected (35.8894ms)
✔ bounded review reads handle partial reads and reject empty or oversized files (19.6128ms)
✔ native behavioral evidence remains candidate with original local source and no finding impersonation (65.3564ms)
✔ native behavioral activation is denied for mixed support and forged active or retired history (47.6423ms)
✔ native behavioral candidates can be rejected without widening legacy review authority (52.8207ms)
✔ native behavioral bytes, identity claims, source and repeated runs remain validated (118.4124ms)
✔ evidence binds actual audit finding and supplied snapshot without certifying collection or identity (10.1937ms)
✔ accepted missing Project status binds the native serialized report and finding in evidence and observations (40.0378ms)
✔ auditor optional-field normalization retains strict data-only feedback and report validation (73.8832ms)
✔ timestamp-only or unrelated snapshot changes do not manufacture repeated supporting evidence (39.7748ms)
✔ partial, cross-scope, stale or missing findings cannot become feedback evidence (16.3569ms)
✔ feedback source pins accept exactly 40 or 64 hexadecimal characters, including supplied evidence (93.7568ms)
✔ candidate, active and retired versions preserve their inputs and have exact transition digests (28.8576ms)
✔ one observation, fabricated evidence bytes and replayed reviews cannot activate a rule (118.2665ms)
✔ reviewer labels and claimed approval booleans do not supply verified review authority (32.9525ms)
✔ explicit rejection remains terminal and contributes no advice (54.1483ms)
✔ prospective expiry is mandatory, bounded, and effective at the exact boundary (125.6322ms)
✔ active capacity cannot expand and supersession retires only the exact predecessor (67.5467ms)
✔ supersession rejects stale targets and cannot cross finding rules (56.897ms)
✔ active guidance annotates only matching findings without hiding or changing original conclusions (33.0277ms)
✔ broad matching admits at most the finite annotation limit and never truncates an excessive report (373.3075ms)
✔ serialized output bytes are admitted before escaped guidance and evidence references fan out (61.6528ms)
✔ later audits honor activation and retirement while the original report stays identical (36.2565ms)
✔ unknown executable, suppression, assignment and permission options are rejected (147.105ms)
✔ stale reports, foreign scope and altered evidence fail closed (26.3568ms)
✔ canonical digests ignore property insertion order but reject executable and non-finite data (0.4606ms)
✔ reusable corpus validation preserves input and rejects authority claims or altered guidance (23.2353ms)
✔ explicit collector profile requires a hash and cannot relabel a supplied snapshot (3.3466ms)
✔ recurrence requires finite explicit bounds before reading any input (0.7777ms)
✔ finite recurrence reloads snapshot and feedback on every cycle (3.0166ms)
✔ paused and stopped records prevent collection and input reads (2.1221ms)
✔ exhausted persisted attempts reject before snapshot, feedback or live collection (2.6623ms)
✔ watch admits the final allowed attempt and then stops before collecting another snapshot (1.5201ms)
✔ source mismatch refuses before reading snapshot or feedback (1.2678ms)
✔ a failed cycle stops recurrence without retrying or losing the failure (1.9016ms)
✔ first snapshot acquisition failure retains one sanitized failed attempt (339.562ms)
✔ later corpus acquisition failure preserves earlier accepted evidence and consumes one attempt (932.1153ms)
✔ live acquisition failure is retained once without raw error text or a retry (307.458ms)
✔ pause and stop during failed acquisition remain effective without a new admitted attempt (2342.33ms)
✔ deadline crossing during failed acquisition prevents late attempt admission (1.5583ms)
✔ interruption during failed acquisition prevents a new admitted attempt (1.5704ms)
✔ duration bounds stop admission after collection without writing a late result (1.5777ms)
✔ interruption during an interval exits without another audit (1.4411ms)
✔ control commands delegate exact action, source and reason without collecting (3.8002ms)
✔ status exposes bounded metadata and no retained finding text (1.3443ms)
✔ one audit writes source-bound immutable private reports and an advisory handoff (528.4031ms)
✔ fresh capture timestamps and transport metrics alone produce no new report or proposal across restart (798.083ms)
✔ live state binds the exact selected principal and profile through restart and controls (2985.3116ms)
✔ profile metadata cannot convert supplied evidence or a different live principal into accepted observations (325.9052ms)
✔ changed scoped content produces a new receipt while retaining stable finding dedupe (621.6889ms)
✔ resolved findings are recorded without claiming a remote correction (601.1442ms)
✔ stale input fails and preserves a failed attempt, never reusing previous success (764.3617ms)
✔ future input fails and preserves a failed attempt, never reusing previous success (765.3648ms)
✔ incomplete input fails and preserves a failed attempt, never reusing previous success (843.1082ms)
✔ source drift fails and preserves a failed attempt, never reusing previous success (722.6058ms)
✔ changing the caller source pin cannot migrate an existing directory (627.0369ms)
✔ pause prevents input use, resume retains dedupe, and stop cannot resume (3227.8235ms)
✔ concurrent cycles have one winner and never create duplicate accepted receipts (521.1142ms)
✔ retained locks fail closed without PID reuse or timeout-based recovery (23.8225ms)
✔ incomplete intent and rollback to an older checkpoint refuse replay (745.8981ms)
✔ tampered referenced artifacts are rejected and preserved (462.3444ms)
✔ output-directory redirection refuses writes through a symlink or junction (13.3851ms)
✔ an unexpected output file is retained, not overwritten or removed (27.3043ms)
✔ status rejects unexpected files in initialized state before accepting its control projection (326.5537ms)
✔ missing, traversal-style and incomplete control requests do not create authority (5.6454ms)
✔ live source claims retain the existing collector identity and zero-write metadata (348.4749ms)
✔ finite convenience API has explicit bounds and performs no scheduling (1092.5385ms)
✔ state and artifact redirection are not followed on read (329.4043ms)
✔ alter of earlier history is detected after a newer successful cycle (875.7185ms)
✔ delete of earlier history is detected after a newer successful cycle (800.4139ms)
✔ changed implementation pins fail before a new intent is written (511.7756ms)
✔ a directory replaced while a caller holds its lock cannot redirect any artifact write (397.6169ms)
✔ actual corpus activation and retirement change only separately bound advisory output (1605.8422ms)
✔ expiry invalidates cached advisory annotations even without corpus byte changes (717.7099ms)
✔ mixed retained controls and new cycles enforce one transition bound with a reserved terminal stop (76737.0543ms)
✔ accepted snapshots with omitted optional metadata produce parseable JSON artifacts and replay (493.8288ms)
✔ optional auditor metadata works through the real feedback evidence and recurring consumer bridge (520.3642ms)
✔ policy has the ten requested workstreams and never assigns people (3.832ms)
✔ classification supports Multiplayer (6.205ms)
✔ classification supports UX/UI (2.2158ms)
✔ classification supports Multi-system execution (1.1969ms)
✔ classification supports Janitor (1.2927ms)
✔ classification supports Dynamic agent teams (1.3078ms)
✔ classification supports DevOps/PR review/branch protection (2.389ms)
✔ classification supports Security (1.1952ms)
✔ classification supports Agent communication layer (1.217ms)
✔ classification supports Dark factory automation (1.431ms)
✔ classification supports Backend scalability / pub-sub (1.2027ms)
✔ classification preserves labels and assignees (14.9834ms)
✔ UX alias means UX/UI (15.263ms)
✔ an unassigned issue is not a violation (5.6574ms)
✔ full fixture audit has zero mutations and catches closing-link conflict (5.5966ms)
✔ non-closing prose overrides no native link, not unrelated partial references (4.5526ms)
✔ explicit do-not-close linked issue is flagged (3.748ms)
✔ closed unmerged PR does not close an open issue (4.9817ms)
✔ reopened issue remains open after a historical merged PR (3.8395ms)
✔ no automatic close for several partial PRs (4.787ms)
✔ only explicit dependency section is interpreted (0.2558ms)
✔ code fences and quoted references are not dependency authority (0.2551ms)
✔ native/text dependency disagreement is flagged (4.8573ms)
✔ matching dependencies do not produce a mismatch (4.7482ms)
✔ dependency cycles are bounded and reported once (6.1583ms)
✔ parent hierarchy mismatch and cycle are detected (6.2378ms)
✔ outside-scope dependency is not fetched or treated as complete (4.3462ms)
✔ missing local dependency is unverified, not closed (4.5061ms)
✔ open issue marked Done is flagged without changing the board (5.4693ms)
✔ unknown workstream is a review hint, not a rename (4.2465ms)
✔ locked default branch is flagged, without bypass (4.088ms)
✔ stale PR source head is reported (4.2708ms)
✔ current independent review is accepted as evidence (4.7522ms)
✔ author approval is not current independent human approval (4.7244ms)
✔ bot approval is not current independent human approval (3.5155ms)
✔ old-head approval is not current independent human approval (4.3061ms)
✔ later comment does not erase a valid prior approval (4.1012ms)
✔ failed checks and requested changes are surfaced (4.2431ms)
✔ missing checks are not a success (5.9904ms)
✔ stale snapshots are labeled (3.8802ms)
✔ future snapshots fail closed (2.3803ms)
✔ finding IDs are stable across repeated reads (9.3277ms)
✔ reported secrets are redacted and Markdown is escaped (15.5214ms)
✔ refuses: assign #50 to example-user (8.8388ms)
✔ refuses: label #50 multiplayer (7.6651ms)
✔ refuses: close #50 (5.7275ms)
✔ refuses: merge PR #237 (7.7681ms)
✔ refuses: enable auto-merge (4.9356ms)
✔ refuses: delete a branch (6.0129ms)
✔ refuses: approve PR #237 (6.275ms)
✔ refuses: can you change the rules (8.2936ms)
✔ question answers use recorded evidence and canonical references (7.5973ms)
✔ reverse dependency questions list dependents (6.0996ms)
✔ unknown questions ask for clarification (5.4855ms)
✔ untrusted instruction text grants no tools (9.7766ms)
✔ snapshot rejects wrong repo (1.7966ms)
✔ snapshot rejects wrong project (1.7053ms)
✔ snapshot rejects partial coverage (1.7147ms)
✔ snapshot rejects wrong count (4.0596ms)
✔ snapshot rejects duplicate issue (1.795ms)
✔ snapshot rejects hostile URL (1.6094ms)
✔ snapshot rejects hidden project item (3.8387ms)
✔ snapshot rejects cross-repo item (1.7061ms)
✔ snapshot rejects duplicate project item (1.663ms)
✔ snapshot rejects oversized body (1.6366ms)
✔ collector completes two matching passes with no writes (6.7457ms)
✔ collector rejects issue drift between passes (3.5679ms)
✔ collector rejects incomplete nested dependencies (1.5487ms)
✔ collector rejects a changed PR head/check binding (1.7808ms)
✔ collector rejects repeated pagination cursors (1.809ms)
✔ collector rejects inaccessible connection entries (0.2916ms)
✔ read client verifies Bakar404 and never switches accounts (1.8672ms)
✔ explicit hash-pinned read principal does not change the pilot or read allowlist (22.15ms)
✔ collector profile rejects changed scope or unsupported fields: repository (24.0439ms)
✔ collector profile rejects changed scope or unsupported fields: project_id (22.8617ms)
✔ collector profile rejects changed scope or unsupported fields: project_number (22.0651ms)
✔ collector profile rejects changed scope or unsupported fields: token (24.7814ms)
✔ collector profile rejects changed scope or unsupported fields: url (23.8312ms)
✔ collector profile rejects changed scope or unsupported fields: collector_login (13.6894ms)
✔ collector profile rejects wrong hashes, changed bytes and duplicate keys (59.777ms)
✔ profiled collection records the actual principal and rejects identity or profile drift (41.0742ms)
✔ read client exposes no arbitrary query or write operation (1.7697ms)
✔ GraphQL cursor remains data, not executable query text (1.5966ms)
✔ GraphQL errors do not become accepted partial data (2.1042ms)
✔ GraphQL reserve prevents further reads (1.7466ms)
✔ collection has an elapsed-time bound (2.2112ms)
✔ dry run uses neither network nor output files (2.2983ms)
✔ CLI rejects apply (0.2136ms)
✔ CLI rejects audit --fixture --live (0.1353ms)
✔ CLI rejects audit --fixture --out ../escape.json (0.1948ms)
✔ CLI rejects audit --dry-run --out file.json (0.1202ms)
✔ CLI rejects audit --fixture --assign example-user (0.1005ms)
✔ CLI rejects ask --fixture (0.0993ms)
✔ actual CLI dry run works from another directory and has no network intent (183.4531ms)
✔ test chat prepares an evidence-based reply without sending it (6.0758ms)
✔ test chat rejects wrong tenant (0.322ms)
✔ test chat rejects wrong group (0.1439ms)
✔ test chat rejects personal chat (0.1287ms)
✔ test chat rejects other channel (0.1732ms)
✔ test chat ignores messages without a mention (0.1404ms)
✔ test chat ignores its own messages (0.1254ms)
✔ test chat refuses mutation requests (5.8325ms)
✔ no production mode or implicit binding (0.4856ms)
ℹ tests 227
ℹ suites 0
ℹ pass 227
ℹ fail 0
ℹ cancelled 0
ℹ skipped 0
ℹ todo 0
ℹ duration_ms 102296.7361
