2026-09-22T19:06:36.7346520Z Current runner version: '2.337.0'
2026-09-22T19:06:36.7386500Z ##[group]Runner Image Provisioner
2026-09-22T19:06:36.7388150Z Hosted Compute Agent
2026-09-22T19:06:36.7389260Z Version: 20260828.587
2026-09-22T19:06:36.7390400Z Commit: abac92662cab4cc7352de4f9f9d2e2419aad9c29
2026-09-22T19:06:36.7391690Z Build Date: 2026-08-28T16:44:25Z
2026-09-22T19:06:36.7392940Z Worker ID: {41600cc8-25d8-4c3f-b204-1b550c0c1694}
2026-09-22T19:06:36.7395830Z Azure Region: westus
2026-09-22T19:06:36.7396970Z ##[endgroup]
2026-09-22T19:06:36.7400220Z ##[group]Operating System
2026-09-22T19:06:36.7401280Z macOS
2026-09-22T19:06:36.7402260Z 26.6.2
2026-09-22T19:06:36.7403290Z 25G83
2026-09-22T19:06:36.7404180Z ##[endgroup]
2026-09-22T19:06:36.7405130Z ##[group]Runner Image
2026-09-22T19:06:36.7406290Z Image: macos-26-arm64
2026-09-22T19:06:36.7407310Z Version: 20260907.0351.1
2026-09-22T19:06:36.7410550Z Included Software: https://github.com/actions/runner-images/blob/macos-26-arm64/20260907.0351/images/macos/macos-26-arm64-Readme.md
2026-09-22T19:06:36.7413550Z Image Release: https://github.com/actions/runner-images/releases/tag/macos-26-arm64%2F20260907.0351
2026-09-22T19:06:36.7415540Z ##[endgroup]
2026-09-22T19:06:36.7417670Z ##[group]GITHUB_TOKEN Permissions
2026-09-22T19:06:36.7422540Z Contents: read
2026-09-22T19:06:36.7424070Z Metadata: read
2026-09-22T19:06:36.7424610Z ##[endgroup]
2026-09-22T19:06:36.7426610Z Secret source: Actions
2026-09-22T19:06:36.7427270Z Cache mode: write
2026-09-22T19:06:36.7427760Z Prepare workflow directory
2026-09-22T19:06:36.7941550Z Prepare all required actions
2026-09-22T19:06:36.8016820Z Getting action download info
2026-09-22T19:06:37.1507150Z Download action repository 'actions/checkout@3d3c42e5aac5ba805825da76410c181273ba90b1' (SHA:3d3c42e5aac5ba805825da76410c181273ba90b1)
2026-09-22T19:06:37.7770800Z Download action repository 'dtolnay/rust-toolchain@6bed0761d98439e5a578e2877258200ad565ba87' (SHA:6bed0761d98439e5a578e2877258200ad565ba87)
2026-09-22T19:06:38.1225310Z Download action repository 'actions/setup-node@820762786026740c76f36085b0efc47a31fe5020' (SHA:820762786026740c76f36085b0efc47a31fe5020)
2026-09-22T19:06:38.2845810Z Download action repository 'Swatinem/rust-cache@6323deb102c322ba6fcbdcafc7e3dddab59af2b6' (SHA:6323deb102c322ba6fcbdcafc7e3dddab59af2b6)
2026-09-22T19:06:38.7649910Z Download action repository 'actions/upload-artifact@ea165f8d65b6e75b540449e92b4886f43607fa02' (SHA:ea165f8d65b6e75b540449e92b4886f43607fa02)
2026-09-22T19:06:39.1983060Z Complete job name: runner-platforms (macos-latest)
2026-09-22T19:06:39.2761370Z ##[group]Run actions/checkout@3d3c42e5aac5ba805825da76410c181273ba90b1
2026-09-22T19:06:39.2762290Z with:
2026-09-22T19:06:39.2762600Z   persist-credentials: false
2026-09-22T19:06:39.2762980Z   repository: All-The-Vibes/ecorp
2026-09-22T19:06:39.2766280Z   token: ***
2026-09-22T19:06:39.2766590Z   ssh-strict: true
2026-09-22T19:06:39.2766880Z   ssh-user: git
2026-09-22T19:06:39.2767160Z   clean: true
2026-09-22T19:06:39.2767470Z   sparse-checkout-cone-mode: true
2026-09-22T19:06:39.2767880Z   fetch-depth: 1
2026-09-22T19:06:39.2768280Z   fetch-tags: false
2026-09-22T19:06:39.2768600Z   show-progress: true
2026-09-22T19:06:39.2769000Z   lfs: false
2026-09-22T19:06:39.2769380Z   submodules: false
2026-09-22T19:06:39.2769690Z   set-safe-directory: true
2026-09-22T19:06:39.2770050Z   allow-unsafe-pr-checkout: false
2026-09-22T19:06:39.2770720Z ##[endgroup]
2026-09-22T19:06:39.9391820Z Syncing repository: All-The-Vibes/ecorp
2026-09-22T19:06:39.9396300Z ##[group]Getting Git version info
2026-09-22T19:06:39.9398850Z Working directory is '/Users/runner/work/ecorp/ecorp'
2026-09-22T19:06:39.9402710Z [command]/opt/homebrew/bin/git version
2026-09-22T19:06:39.9943800Z git version 2.55.0
2026-09-22T19:06:39.9979740Z ##[endgroup]
2026-09-22T19:06:39.9995710Z Copying '/Users/runner/.gitconfig' to '/Users/runner/work/_temp/051e7954-792c-49fc-8569-ddf3bec4d2fd/.gitconfig'
2026-09-22T19:06:40.0002570Z Temporarily overriding HOME='/Users/runner/work/_temp/051e7954-792c-49fc-8569-ddf3bec4d2fd' before making global git config changes
2026-09-22T19:06:40.0010490Z Adding repository directory to the temporary git global config as a safe directory
2026-09-22T19:06:40.0015360Z [command]/opt/homebrew/bin/git config --global --add safe.directory /Users/runner/work/ecorp/ecorp
2026-09-22T19:06:40.0174320Z Deleting the contents of '/Users/runner/work/ecorp/ecorp'
2026-09-22T19:06:40.0180020Z ##[group]Determining repository object format
2026-09-22T19:06:40.0188050Z ##[endgroup]
2026-09-22T19:06:40.0190540Z ##[group]Initializing the repository
2026-09-22T19:06:40.0192200Z [command]/opt/homebrew/bin/git init /Users/runner/work/ecorp/ecorp
2026-09-22T19:06:40.0595200Z hint: Using 'master' as the name for the initial branch. This default branch name
2026-09-22T19:06:40.0601280Z hint: will change to "main" in Git 3.0. To configure the initial branch name
2026-09-22T19:06:40.0605330Z hint: to use in all of your new repositories, which will suppress this warning,
2026-09-22T19:06:40.0608340Z hint: call:
2026-09-22T19:06:40.0610060Z hint:
2026-09-22T19:06:40.0612110Z hint: 	git config --global init.defaultBranch <name>
2026-09-22T19:06:40.0614550Z hint:
2026-09-22T19:06:40.0616930Z hint: Names commonly chosen instead of 'master' are 'main', 'trunk' and
2026-09-22T19:06:40.0621050Z hint: 'development'. The just-created branch can be renamed via this command:
2026-09-22T19:06:40.0622860Z hint:
2026-09-22T19:06:40.0623660Z hint: 	git branch -m <name>
2026-09-22T19:06:40.0624550Z hint:
2026-09-22T19:06:40.0625990Z hint: Disable this message with "git config set advice.defaultBranchName false"
2026-09-22T19:06:40.0627950Z Initialized empty Git repository in /Users/runner/work/ecorp/ecorp/.git/
2026-09-22T19:06:40.0632730Z [command]/opt/homebrew/bin/git remote add origin https://github.com/All-The-Vibes/ecorp
2026-09-22T19:06:40.0790260Z ##[endgroup]
2026-09-22T19:06:40.0795120Z ##[group]Disabling automatic garbage collection
2026-09-22T19:06:40.0800640Z [command]/opt/homebrew/bin/git config --local gc.auto 0
2026-09-22T19:06:40.0955900Z ##[endgroup]
2026-09-22T19:06:40.0981810Z ##[group]Setting up auth
2026-09-22T19:06:40.0983260Z Removing SSH command configuration
2026-09-22T19:06:40.0984820Z [command]/opt/homebrew/bin/git config --local --name-only --get-regexp core\.sshCommand
2026-09-22T19:06:40.1096780Z [command]/opt/homebrew/bin/git submodule foreach --recursive sh -c "git config --local --name-only --get-regexp 'core\.sshCommand' && git config --local --unset-all 'core.sshCommand' || :"
2026-09-22T19:06:40.2879640Z Removing HTTP extra header
2026-09-22T19:06:40.2887310Z [command]/opt/homebrew/bin/git config --local --name-only --get-regexp http\.https\:\/\/github\.com\/\.extraheader
2026-09-22T19:06:40.3026970Z [command]/opt/homebrew/bin/git submodule foreach --recursive sh -c "git config --local --name-only --get-regexp 'http\.https\:\/\/github\.com\/\.extraheader' && git config --local --unset-all 'http.https://github.com/.extraheader' || :"
2026-09-22T19:06:40.5350760Z Removing includeIf entries pointing to credentials config files
2026-09-22T19:06:40.5453890Z [command]/opt/homebrew/bin/git config --local --name-only --get-regexp ^includeIf\.gitdir:
2026-09-22T19:06:40.5761970Z [command]/opt/homebrew/bin/git submodule foreach --recursive git config --local --show-origin --name-only --get-regexp remote.origin.url
2026-09-22T19:06:40.7245240Z [command]/opt/homebrew/bin/git config --file /Users/runner/work/_temp/git-credentials-1104fb3c-30da-4e05-aadb-19cb3c3c30ca.config http.https://github.com/.extraheader AUTHORIZATION: basic ***
2026-09-22T19:06:40.7312470Z [command]/opt/homebrew/bin/git config --local includeIf.gitdi<local-user>/work/ecorp/ecorp/.git.path /Users/runner/work/_temp/git-credentials-1104fb3c-30da-4e05-aadb-19cb3c3c30ca.config
2026-09-22T19:06:40.7446570Z [command]/opt/homebrew/bin/git config --local includeIf.gitdi<local-user>/work/ecorp/ecorp/.git/worktrees/*.path /Users/runner/work/_temp/git-credentials-1104fb3c-30da-4e05-aadb-19cb3c3c30ca.config
2026-09-22T19:06:40.7560060Z [command]/opt/homebrew/bin/git config --local includeIf.gitdir:/github/workspace/.git.path /github/runner_temp/git-credentials-1104fb3c-30da-4e05-aadb-19cb3c3c30ca.config
2026-09-22T19:06:40.7643350Z [command]/opt/homebrew/bin/git config --local includeIf.gitdir:/github/workspace/.git/worktrees/*.path /github/runner_temp/git-credentials-1104fb3c-30da-4e05-aadb-19cb3c3c30ca.config
2026-09-22T19:06:40.7751020Z ##[endgroup]
2026-09-22T19:06:40.7753990Z ##[group]Fetching the repository
2026-09-22T19:06:40.7757110Z [command]/opt/homebrew/bin/git -c protocol.version=2 fetch --no-tags --prune --no-recurse-submodules --depth=1 origin +1301685805dd84495e19ee7d6b10e8bdf598e8ac:refs/remotes/pull/362/merge
2026-09-22T19:06:42.4971440Z From https://github.com/All-The-Vibes/ecorp
2026-09-22T19:06:42.4973180Z  * [new ref]         1301685805dd84495e19ee7d6b10e8bdf598e8ac -> pull/362/merge
2026-09-22T19:06:42.4981920Z ##[endgroup]
2026-09-22T19:06:42.4982800Z ##[group]Determining the checkout info
2026-09-22T19:06:42.4983650Z ##[endgroup]
2026-09-22T19:06:42.4984240Z [command]/opt/homebrew/bin/git sparse-checkout disable
2026-09-22T19:06:42.5132060Z [command]/opt/homebrew/bin/git config --local --unset-all extensions.worktreeConfig
2026-09-22T19:06:42.5290470Z ##[group]Checking out the ref
2026-09-22T19:06:42.5302440Z [command]/opt/homebrew/bin/git checkout --progress --force refs/remotes/pull/362/merge
2026-09-22T19:06:42.9007940Z HEAD is now at 1301685 Merge b31d075fc1be2fba5e44e3ff68c5bb2aad49bbeb into de12261d045ddfccf790bcfd04a7fa254563d456
2026-09-22T19:06:42.9096480Z ##[endgroup]
2026-09-22T19:06:42.9255720Z [command]/opt/homebrew/bin/git log -1 --format=%H
2026-09-22T19:06:42.9399630Z 1301685805dd84495e19ee7d6b10e8bdf598e8ac
2026-09-22T19:06:42.9442880Z ##[group]Removing auth
2026-09-22T19:06:42.9489840Z Removing SSH command configuration
2026-09-22T19:06:42.9508180Z [command]/opt/homebrew/bin/git config --local --name-only --get-regexp core\.sshCommand
2026-09-22T19:06:42.9549740Z [command]/opt/homebrew/bin/git submodule foreach --recursive sh -c "git config --local --name-only --get-regexp 'core\.sshCommand' && git config --local --unset-all 'core.sshCommand' || :"
2026-09-22T19:06:43.1322160Z Removing HTTP extra header
2026-09-22T19:06:43.1419840Z [command]/opt/homebrew/bin/git config --local --name-only --get-regexp http\.https\:\/\/github\.com\/\.extraheader
2026-09-22T19:06:43.1732570Z [command]/opt/homebrew/bin/git submodule foreach --recursive sh -c "git config --local --name-only --get-regexp 'http\.https\:\/\/github\.com\/\.extraheader' && git config --local --unset-all 'http.https://github.com/.extraheader' || :"
2026-09-22T19:06:43.3223050Z Removing includeIf entries pointing to credentials config files
2026-09-22T19:06:43.3225100Z [command]/opt/homebrew/bin/git config --local --name-only --get-regexp ^includeIf\.gitdir:
2026-09-22T19:06:43.3346030Z includeif.gitdi<local-user>/work/ecorp/ecorp/.git.path
2026-09-22T19:06:43.3353150Z includeif.gitdi<local-user>/work/ecorp/ecorp/.git/worktrees/*.path
2026-09-22T19:06:43.3353840Z includeif.gitdir:/github/workspace/.git.path
2026-09-22T19:06:43.3379450Z includeif.gitdir:/github/workspace/.git/worktrees/*.path
2026-09-22T19:06:43.3381250Z [command]/opt/homebrew/bin/git config --local --get-all includeif.gitdi<local-user>/work/ecorp/ecorp/.git.path
2026-09-22T19:06:43.3477720Z /Users/runner/work/_temp/git-credentials-1104fb3c-30da-4e05-aadb-19cb3c3c30ca.config
2026-09-22T19:06:43.3485970Z [command]/opt/homebrew/bin/git config --local --unset includeif.gitdi<local-user>/work/ecorp/ecorp/.git.path \/Users\/runner\/work\/_temp\/git\-credentials\-1104fb3c\-30da\-4e05\-aadb\-19cb3c3c30ca\.config
2026-09-22T19:06:43.3567270Z [command]/opt/homebrew/bin/git config --local --get-all includeif.gitdi<local-user>/work/ecorp/ecorp/.git/worktrees/*.path
2026-09-22T19:06:43.3640350Z /Users/runner/work/_temp/git-credentials-1104fb3c-30da-4e05-aadb-19cb3c3c30ca.config
2026-09-22T19:06:43.3655470Z [command]/opt/homebrew/bin/git config --local --unset includeif.gitdi<local-user>/work/ecorp/ecorp/.git/worktrees/*.path \/Users\/runner\/work\/_temp\/git\-credentials\-1104fb3c\-30da\-4e05\-aadb\-19cb3c3c30ca\.config
2026-09-22T19:06:43.3775520Z [command]/opt/homebrew/bin/git config --local --get-all includeif.gitdir:/github/workspace/.git.path
2026-09-22T19:06:43.3838620Z /github/runner_temp/git-credentials-1104fb3c-30da-4e05-aadb-19cb3c3c30ca.config
2026-09-22T19:06:43.3851740Z [command]/opt/homebrew/bin/git config --local --unset includeif.gitdir:/github/workspace/.git.path \/github\/runner_temp\/git\-credentials\-1104fb3c\-30da\-4e05\-aadb\-19cb3c3c30ca\.config
2026-09-22T19:06:43.3944090Z [command]/opt/homebrew/bin/git config --local --get-all includeif.gitdir:/github/workspace/.git/worktrees/*.path
2026-09-22T19:06:43.4022330Z /github/runner_temp/git-credentials-1104fb3c-30da-4e05-aadb-19cb3c3c30ca.config
2026-09-22T19:06:43.4025750Z [command]/opt/homebrew/bin/git config --local --unset includeif.gitdir:/github/workspace/.git/worktrees/*.path \/github\/runner_temp\/git\-credentials\-1104fb3c\-30da\-4e05\-aadb\-19cb3c3c30ca\.config
2026-09-22T19:06:43.4110800Z [command]/opt/homebrew/bin/git submodule foreach --recursive git config --local --show-origin --name-only --get-regexp remote.origin.url
2026-09-22T19:06:43.5621890Z Removing credentials config '/Users/runner/work/_temp/git-credentials-1104fb3c-30da-4e05-aadb-19cb3c3c30ca.config'
2026-09-22T19:06:43.5706540Z ##[endgroup]
2026-09-22T19:06:43.5998040Z ##[group]Run dtolnay/rust-toolchain@6bed0761d98439e5a578e2877258200ad565ba87
2026-09-22T19:06:43.5999420Z with:
2026-09-22T19:06:43.5999880Z   toolchain: 1.98.1
2026-09-22T19:06:43.6000330Z ##[endgroup]
2026-09-22T19:06:43.6132680Z ##[start-action display=Parse toolchain version;id=__dtolnay_rust-toolchain.parse]
2026-09-22T19:06:43.6198040Z ##[group]Run if [[ -z $toolchain ]]; then
2026-09-22T19:06:43.6198360Z [36;1mif [[ -z $toolchain ]]; then[0m
2026-09-22T19:06:43.6198880Z [36;1m  # GitHub does not enforce `required: true` inputs itself. https://github.com/actions/runner/issues/1070[0m
2026-09-22T19:06:43.6199430Z [36;1m  echo "'toolchain' is a required input" >&2[0m
2026-09-22T19:06:43.6199680Z [36;1m  exit 1[0m
2026-09-22T19:06:43.6200070Z [36;1melif [[ $toolchain =~ ^stable' '[0-9]+' '(year|month|week|day)s?' 'ago$ ]]; then[0m
2026-09-22T19:06:43.6200410Z [36;1m  if [[ macOS == macOS ]]; then[0m
2026-09-22T19:06:43.6200880Z [36;1m    echo "toolchain=1.$((($(date -v-$(sed 's/stable \([0-9]*\) \(.\).*/\1\2/' <<< $toolchain) +%s)/60/60/24-16569)/7/6))" >> $GITHUB_OUTPUT[0m
2026-09-22T19:06:43.6201320Z [36;1m  else[0m
2026-09-22T19:06:43.6201680Z [36;1m    echo "toolchain=1.$((($(date --date "${toolchain#stable }" +%s)/60/60/24-16569)/7/6))" >> $GITHUB_OUTPUT[0m
2026-09-22T19:06:43.6202070Z [36;1m  fi[0m
2026-09-22T19:06:43.6202350Z [36;1melif [[ $toolchain =~ ^stable' 'minus' '[0-9]+' 'releases?$ ]]; then[0m
2026-09-22T19:06:43.6202790Z [36;1m  echo "toolchain=1.$((($(date +%s)/60/60/24-16569)/7/6-${toolchain//[^0-9]/}))" >> $GITHUB_OUTPUT[0m
2026-09-22T19:06:43.6203230Z [36;1melif [[ $toolchain =~ ^1\.[0-9]+$ ]]; then[0m
2026-09-22T19:06:43.6203680Z [36;1m  echo "toolchain=1.$((i=${toolchain#1.}, c=($(date +%s)/60/60/24-16569)/7/6, i+9*i*(10*i<=c)+90*i*(100*i<=c)))" >> $GITHUB_OUTPUT[0m
2026-09-22T19:06:43.6204070Z [36;1melse[0m
2026-09-22T19:06:43.6204270Z [36;1m  echo "toolchain=$toolchain" >> $GITHUB_OUTPUT[0m
2026-09-22T19:06:43.6204560Z [36;1mfi[0m
2026-09-22T19:06:43.6262820Z shell: /bin/bash --noprofile --norc -e -o pipefail {0}
2026-09-22T19:06:43.6263130Z env:
2026-09-22T19:06:43.6263290Z   toolchain: 1.98.1
2026-09-22T19:06:43.6263450Z ##[endgroup]
2026-09-22T19:06:43.6780640Z ##[end-action id=__dtolnay_rust-toolchain.parse;outcome=success;conclusion=success;duration_ms=64]
2026-09-22T19:06:43.6789990Z ##[start-action display=Construct rustup command line;id=__dtolnay_rust-toolchain.flags]
2026-09-22T19:06:43.6830600Z ##[group]Run echo "targets=$(for t in ${targets//,/ }; do echo -n ' --target' $t; done)" >> $GITHUB_OUTPUT
2026-09-22T19:06:43.6831220Z [36;1mecho "targets=$(for t in ${targets//,/ }; do echo -n ' --target' $t; done)" >> $GITHUB_OUTPUT[0m
2026-09-22T19:06:43.6832150Z [36;1mecho "components=$(for c in ${components//,/ }; do echo -n ' --component' $c; done)" >> $GITHUB_OUTPUT[0m
2026-09-22T19:06:43.6832680Z [36;1mecho "downgrade=" >> $GITHUB_OUTPUT[0m
2026-09-22T19:06:43.6871530Z shell: /bin/bash --noprofile --norc -e -o pipefail {0}
2026-09-22T19:06:43.6871820Z env:
2026-09-22T19:06:43.6871970Z   targets:
2026-09-22T19:06:43.6872150Z   components:
2026-09-22T19:06:43.6872330Z ##[endgroup]
2026-09-22T19:06:43.7280660Z ##[end-action id=__dtolnay_rust-toolchain.flags;outcome=success;conclusion=success;duration_ms=48]
2026-09-22T19:06:43.7284380Z ##[start-action display=Set $CARGO_HOME;id=__dtolnay_rust-toolchain.__run]
2026-09-22T19:06:43.7321420Z ##[group]Run echo CARGO_HOME=${CARGO_HOME:-"$HOME/.cargo"} >> $GITHUB_ENV
2026-09-22T19:06:43.7321860Z [36;1mecho CARGO_HOME=${CARGO_HOME:-"$HOME/.cargo"} >> $GITHUB_ENV[0m
2026-09-22T19:06:43.7353730Z shell: /bin/bash --noprofile --norc -e -o pipefail {0}
2026-09-22T19:06:43.7354010Z ##[endgroup]
2026-09-22T19:06:43.7667210Z ##[end-action id=__dtolnay_rust-toolchain.__run;outcome=success;conclusion=success;duration_ms=38]
2026-09-22T19:06:43.7670150Z ##[start-action display=Install rustup if needed;id=__dtolnay_rust-toolchain.__run_2]
2026-09-22T19:06:43.7769410Z ##[group]Run if ! command -v rustup &>/dev/null; then
2026-09-22T19:06:43.7770750Z [36;1mif ! command -v rustup &>/dev/null; then[0m
2026-09-22T19:06:43.7771700Z [36;1m  curl --proto '=https' --tlsv1.2 --retry 10 --retry-connrefused --location --silent --show-error --fail https://sh.rustup.rs | sh -s -- --default-toolchain none -y[0m
2026-09-22T19:06:43.7772720Z [36;1m  echo "$CARGO_HOME/bin" >> $GITHUB_PATH[0m
2026-09-22T19:06:43.7772990Z [36;1mfi[0m
2026-09-22T19:06:43.7828800Z shell: /bin/bash --noprofile --norc -e -o pipefail {0}
2026-09-22T19:06:43.7829120Z env:
2026-09-22T19:06:43.7829300Z   CARGO_HOME: /Users/runner/.cargo
2026-09-22T19:06:43.7829580Z ##[endgroup]
2026-09-22T19:06:43.8213900Z ##[end-action id=__dtolnay_rust-toolchain.__run_2;outcome=success;conclusion=success;duration_ms=54]
2026-09-22T19:06:43.8221300Z ##[start-action display=Install rustup if needed on windows;id=__dtolnay_rust-toolchain.__run_3]
2026-09-22T19:06:43.8232800Z ##[end-action id=__dtolnay_rust-toolchain.__run_3;outcome=skipped;conclusion=skipped;duration_ms=0]
2026-09-22T19:06:43.8236710Z ##[start-action display=rustup toolchain install 1.98.1;id=__dtolnay_rust-toolchain.__run_4]
2026-09-22T19:06:43.8276250Z ##[group]Run rustup toolchain install 1.98.1 --profile minimal --no-self-update
2026-09-22T19:06:43.8276830Z [36;1mrustup toolchain install 1.98.1 --profile minimal --no-self-update[0m
2026-09-22T19:06:43.8356010Z shell: /bin/bash --noprofile --norc -e -o pipefail {0}
2026-09-22T19:06:43.8356320Z env:
2026-09-22T19:06:43.8356520Z   CARGO_HOME: /Users/runner/.cargo
2026-09-22T19:06:43.8356730Z   RUSTUP_PERMIT_COPY_RENAME: 1
2026-09-22T19:06:43.8357020Z ##[endgroup]
2026-09-22T19:06:43.9271770Z info: syncing channel updates for 1.98.1-aarch64-apple-darwin
2026-09-22T19:06:44.1558200Z info: latest update on 2026-09-03 for version 1.98.1 (48a229cea 2026-09-01)
2026-09-22T19:06:44.1570650Z info: downloading 3 components
2026-09-22T19:06:51.4154680Z
2026-09-22T19:06:51.5816540Z   1.98.1-aarch64-apple-darwin installed - rustc 1.98.1 (48a229cea 2026-09-01)
2026-09-22T19:06:51.5818290Z info: self-update is disabled for this build of rustup
2026-09-22T19:06:51.5818700Z
2026-09-22T19:06:51.5819830Z info: any updates to rustup will need to be fetched with your system package manager
2026-09-22T19:06:51.6146010Z ##[end-action id=__dtolnay_rust-toolchain.__run_4;outcome=success;conclusion=success;duration_ms=7786]
2026-09-22T19:06:51.6176760Z ##[start-action display=rustup default 1.98.1;id=__dtolnay_rust-toolchain.__run_5]
2026-09-22T19:06:51.6281880Z ##[group]Run rustup default 1.98.1
2026-09-22T19:06:51.6283030Z [36;1mrustup default 1.98.1[0m
2026-09-22T19:06:51.6382610Z shell: /bin/bash --noprofile --norc -e -o pipefail {0}
2026-09-22T19:06:51.6382990Z env:
2026-09-22T19:06:51.6383270Z   CARGO_HOME: /Users/runner/.cargo
2026-09-22T19:06:51.6383540Z ##[endgroup]
2026-09-22T19:06:51.7426490Z info: using existing install for 1.98.1-aarch64-apple-darwin
2026-09-22T19:06:51.7445650Z info: default toolchain set to 1.98.1-aarch64-apple-darwin
2026-09-22T19:06:51.7446480Z
2026-09-22T19:06:51.7664580Z   1.98.1-aarch64-apple-darwin unchanged - rustc 1.98.1 (48a229cea 2026-09-01)
2026-09-22T19:06:51.7665330Z
2026-09-22T19:06:51.7668150Z info: note that the toolchain '1.98.1-aarch64-apple-darwin' is currently in use (overridden by '/Users/runner/work/ecorp/ecorp/rust-toolchain.toml')
2026-09-22T19:06:51.7680990Z ##[end-action id=__dtolnay_rust-toolchain.__run_5;outcome=success;conclusion=success;duration_ms=150]
2026-09-22T19:06:51.7684650Z ##[start-action display=Create cachekey;id=__dtolnay_rust-toolchain.rustc-version]
2026-09-22T19:06:51.7757620Z ##[group]Run DATE=$(rustc +1.98.1 --version --verbose | sed -ne 's/^commit-date: \(20[0-9][0-9]\)-\([01][0-9]\)-\([0-3][0-9]\)$/\1\2\3/p')
2026-09-22T19:06:51.7758590Z [36;1mDATE=$(rustc +1.98.1 --version --verbose | sed -ne 's/^commit-date: \(20[0-9][0-9]\)-\([01][0-9]\)-\([0-3][0-9]\)$/\1\2\3/p')[0m
2026-09-22T19:06:51.7764950Z [36;1mHASH=$(rustc +1.98.1 --version --verbose | sed -ne 's/^commit-hash: //p')[0m
2026-09-22T19:06:51.7765580Z [36;1mecho "cachekey=$(echo $DATE$HASH | head -c12)" >> $GITHUB_OUTPUT[0m
2026-09-22T19:06:51.7822410Z shell: /bin/bash --noprofile --norc -e -o pipefail {0}
2026-09-22T19:06:51.7822820Z env:
2026-09-22T19:06:51.7823060Z   CARGO_HOME: /Users/runner/.cargo
2026-09-22T19:06:51.7823450Z ##[endgroup]
2026-09-22T19:06:51.9251530Z ##[end-action id=__dtolnay_rust-toolchain.rustc-version;outcome=success;conclusion=success;duration_ms=156]
2026-09-22T19:06:51.9256210Z ##[start-action display=Disable incremental compilation;id=__dtolnay_rust-toolchain.__run_6]
2026-09-22T19:06:51.9295900Z ##[group]Run if [ -z "${CARGO_INCREMENTAL+set}" ]; then
2026-09-22T19:06:51.9297070Z [36;1mif [ -z "${CARGO_INCREMENTAL+set}" ]; then[0m
2026-09-22T19:06:51.9297960Z [36;1m  echo CARGO_INCREMENTAL=0 >> $GITHUB_ENV[0m
2026-09-22T19:06:51.9299020Z [36;1mfi[0m
2026-09-22T19:06:51.9335040Z shell: /bin/bash --noprofile --norc -e -o pipefail {0}
2026-09-22T19:06:51.9335350Z env:
2026-09-22T19:06:51.9335590Z   CARGO_HOME: /Users/runner/.cargo
2026-09-22T19:06:51.9335820Z ##[endgroup]
2026-09-22T19:06:51.9685210Z ##[end-action id=__dtolnay_rust-toolchain.__run_6;outcome=success;conclusion=success;duration_ms=42]
2026-09-22T19:06:51.9687730Z ##[start-action display=Enable colors in Cargo output;id=__dtolnay_rust-toolchain.__run_7]
2026-09-22T19:06:51.9712470Z ##[group]Run if [ -z "${CARGO_TERM_COLOR+set}" ]; then
2026-09-22T19:06:51.9712820Z [36;1mif [ -z "${CARGO_TERM_COLOR+set}" ]; then[0m
2026-09-22T19:06:51.9713170Z [36;1m  echo CARGO_TERM_COLOR=always >> $GITHUB_ENV[0m
2026-09-22T19:06:51.9713450Z [36;1mfi[0m
2026-09-22T19:06:51.9746430Z shell: /bin/bash --noprofile --norc -e -o pipefail {0}
2026-09-22T19:06:51.9746780Z env:
2026-09-22T19:06:51.9747010Z   CARGO_HOME: /Users/runner/.cargo
2026-09-22T19:06:51.9747260Z   CARGO_INCREMENTAL: 0
2026-09-22T19:06:51.9747490Z ##[endgroup]
2026-09-22T19:06:52.0097050Z ##[end-action id=__dtolnay_rust-toolchain.__run_7;outcome=success;conclusion=success;duration_ms=40]
2026-09-22T19:06:52.0102530Z ##[start-action display=Enable Cargo sparse registry;id=__dtolnay_rust-toolchain.__run_8]
2026-09-22T19:06:52.0139610Z ##[group]Run # implemented in 1.66, stabilized in 1.68, made default in 1.70
2026-09-22T19:06:52.0140140Z [36;1m# implemented in 1.66, stabilized in 1.68, made default in 1.70[0m
2026-09-22T19:06:52.0140760Z [36;1mif [ -z "${CARGO_REGISTRIES_CRATES_IO_PROTOCOL+set}" -o -f "/Users/runner/work/_temp"/.implicit_cargo_registries_crates_io_protocol ]; then[0m
2026-09-22T19:06:52.0141370Z [36;1m  if rustc +1.98.1 --version --verbose | grep -q '^release: 1\.6[89]\.'; then[0m
2026-09-22T19:06:52.0142490Z [36;1m    touch "/Users/runner/work/_temp"/.implicit_cargo_registries_crates_io_protocol || true[0m
2026-09-22T19:06:52.0143000Z [36;1m    echo CARGO_REGISTRIES_CRATES_IO_PROTOCOL=sparse >> $GITHUB_ENV[0m
2026-09-22T19:06:52.0143440Z [36;1m  elif rustc +1.98.1 --version --verbose | grep -q '^release: 1\.6[67]\.'; then[0m
2026-09-22T19:06:52.0143940Z [36;1m    touch "/Users/runner/work/_temp"/.implicit_cargo_registries_crates_io_protocol || true[0m
2026-09-22T19:06:52.0144810Z [36;1m    echo CARGO_REGISTRIES_CRATES_IO_PROTOCOL=git >> $GITHUB_ENV[0m
2026-09-22T19:06:52.0145150Z [36;1m  fi[0m
2026-09-22T19:06:52.0145340Z [36;1mfi[0m
2026-09-22T19:06:52.0184670Z shell: /bin/bash --noprofile --norc -e -o pipefail {0}
2026-09-22T19:06:52.0184970Z env:
2026-09-22T19:06:52.0185180Z   CARGO_HOME: /Users/runner/.cargo
2026-09-22T19:06:52.0185390Z   CARGO_INCREMENTAL: 0
2026-09-22T19:06:52.0185590Z   CARGO_TERM_COLOR: always
2026-09-22T19:06:52.0185770Z ##[endgroup]
2026-09-22T19:06:52.1392260Z ##[end-action id=__dtolnay_rust-toolchain.__run_8;outcome=success;conclusion=success;duration_ms=128]
2026-09-22T19:06:52.1397800Z ##[start-action display=Work around spurious network errors in curl 8.0;id=__dtolnay_rust-toolchain.__run_9]
2026-09-22T19:06:52.1440940Z ##[group]Run # https://rust-lang.zulipchat.com/#narrow/stream/246057-t-cargo/topic/timeout.20investigation
2026-09-22T19:06:52.1441560Z [36;1m# https://rust-lang.zulipchat.com/#narrow/stream/246057-t-cargo/topic/timeout.20investigation[0m
2026-09-22T19:06:52.1442050Z [36;1mif rustc +1.98.1 --version --verbose | grep -q '^release: 1\.7[01]\.'; then[0m
2026-09-22T19:06:52.1442440Z [36;1m  echo CARGO_HTTP_MULTIPLEXING=false >> $GITHUB_ENV[0m
2026-09-22T19:06:52.1442760Z [36;1mfi[0m
2026-09-22T19:06:52.1477430Z shell: /bin/bash --noprofile --norc -e -o pipefail {0}
2026-09-22T19:06:52.1478100Z env:
2026-09-22T19:06:52.1478410Z   CARGO_HOME: /Users/runner/.cargo
2026-09-22T19:06:52.1478630Z   CARGO_INCREMENTAL: 0
2026-09-22T19:06:52.1478890Z   CARGO_TERM_COLOR: always
2026-09-22T19:06:52.1479070Z ##[endgroup]
2026-09-22T19:06:52.2318980Z ##[end-action id=__dtolnay_rust-toolchain.__run_9;outcome=success;conclusion=success;duration_ms=91]
2026-09-22T19:06:52.2327150Z ##[start-action display=rustc +1.98.1 --version --verbose;id=__dtolnay_rust-toolchain.__run_10]
2026-09-22T19:06:52.2362140Z ##[group]Run rustc +1.98.1 --version --verbose
2026-09-22T19:06:52.2362490Z [36;1mrustc +1.98.1 --version --verbose[0m
2026-09-22T19:06:52.2396240Z shell: /bin/bash --noprofile --norc -e -o pipefail {0}
2026-09-22T19:06:52.2396580Z env:
2026-09-22T19:06:52.2396800Z   CARGO_HOME: /Users/runner/.cargo
2026-09-22T19:06:52.2397030Z   CARGO_INCREMENTAL: 0
2026-09-22T19:06:52.2397250Z   CARGO_TERM_COLOR: always
2026-09-22T19:06:52.2397470Z ##[endgroup]
2026-09-22T19:06:52.3036160Z rustc 1.98.1 (48a229cea 2026-09-01)
2026-09-22T19:06:52.3036530Z binary: rustc
2026-09-22T19:06:52.3036810Z commit-hash: 48a229ceaefd4985c50990b14116b6d856af0985
2026-09-22T19:06:52.3037100Z commit-date: 2026-09-01
2026-09-22T19:06:52.3037670Z host: aarch64-apple-darwin
2026-09-22T19:06:52.3038730Z release: 1.98.1
2026-09-22T19:06:52.3039010Z LLVM version: 22.1.8
2026-09-22T19:06:52.3044720Z ##[end-action id=__dtolnay_rust-toolchain.__run_10;outcome=success;conclusion=success;duration_ms=71]
2026-09-22T19:06:52.3143900Z ##[group]Run actions/setup-node@820762786026740c76f36085b0efc47a31fe5020
2026-09-22T19:06:52.3144170Z with:
2026-09-22T19:06:52.3144330Z   node-version-file: .node-version
2026-09-22T19:06:52.3144520Z   check-latest: false
2026-09-22T19:06:52.3146260Z   token: ***
2026-09-22T19:06:52.3146420Z   package-manager-cache: true
2026-09-22T19:06:52.3146590Z env:
2026-09-22T19:06:52.3146740Z   CARGO_HOME: /Users/runner/.cargo
2026-09-22T19:06:52.3146920Z   CARGO_INCREMENTAL: 0
2026-09-22T19:06:52.3147090Z   CARGO_TERM_COLOR: always
2026-09-22T19:06:52.3147240Z ##[endgroup]
2026-09-22T19:06:52.4826070Z Node version file is not JSON file
2026-09-22T19:06:52.4827010Z Resolved .node-version as 24.19.0
2026-09-22T19:06:52.4852690Z Attempting to download 24.19.0...
2026-09-22T19:06:53.2472100Z Acquiring 24.19.0 - arm64 from https://github.com/actions/node-versions/releases/download/24.19.0-30872449280/node-24.19.0-darwin-arm64.tar.gz
2026-09-22T19:06:53.9496100Z Extracting ...
2026-09-22T19:06:53.9619630Z [command]/usr/bin/tar xz --strip 1 -C /Users/runner/work/_temp/7aa75e8d-7eaf-401f-8dbe-6247ae0af74a -f /Users/runner/work/_temp/09294a72-a865-4bd1-bcf8-07e89be9e2c2
2026-09-22T19:06:55.1308220Z Adding to the cache ...
2026-09-22T19:06:57.1821880Z ##[group]Environment details
2026-09-22T19:06:57.5690100Z node: v24.19.0
2026-09-22T19:06:57.5690490Z npm: 11.17.0
2026-09-22T19:06:57.5690650Z yarn: 1.22.22
2026-09-22T19:06:57.5691170Z ##[endgroup]
2026-09-22T19:06:57.5849500Z ##[group]Run Swatinem/rust-cache@6323deb102c322ba6fcbdcafc7e3dddab59af2b6
2026-09-22T19:06:57.5849890Z with:
2026-09-22T19:06:57.5850070Z   prefix-key: v0-rust
2026-09-22T19:06:57.5850280Z   add-job-id-key: true
2026-09-22T19:06:57.5850520Z   add-rust-environment-hash-key: true
2026-09-22T19:06:57.5850730Z   cache-targets: true
2026-09-22T19:06:57.5850960Z   cache-all-crates: false
2026-09-22T19:06:57.5851190Z   cache-workspace-crates: false
2026-09-22T19:06:57.5851430Z   save-if: true
2026-09-22T19:06:57.5851640Z   cache-provider: github
2026-09-22T19:06:57.5851810Z   cache-bin: true
2026-09-22T19:06:57.5851980Z   lookup-only: false
2026-09-22T19:06:57.5852160Z   cmd-format: {0}
2026-09-22T19:06:57.5852360Z env:
2026-09-22T19:06:57.5852510Z   CARGO_HOME: /Users/runner/.cargo
2026-09-22T19:06:57.5852770Z   CARGO_INCREMENTAL: 0
2026-09-22T19:06:57.5852980Z   CARGO_TERM_COLOR: always
2026-09-22T19:06:57.5853200Z ##[endgroup]
2026-09-22T19:06:59.4674990Z ##[group]Cache Configuration
2026-09-22T19:06:59.4695760Z Cache Provider:
2026-09-22T19:06:59.4700100Z     github
2026-09-22T19:06:59.4701730Z Workspaces:
2026-09-22T19:06:59.4702200Z     /Users/runner/work/ecorp/ecorp
2026-09-22T19:06:59.4702670Z Cache Paths:
2026-09-22T19:06:59.4703150Z     /Users/runner/.cargo/bin
2026-09-22T19:06:59.4703630Z     /Users/runner/.cargo/.crates.toml
2026-09-22T19:06:59.4704080Z     /Users/runner/.cargo/.crates2.json
2026-09-22T19:06:59.4704480Z     /Users/runner/.cargo/registry
2026-09-22T19:06:59.4704970Z     /Users/runner/.cargo/git
2026-09-22T19:06:59.4706300Z     /Users/runner/work/ecorp/ecorp/target
2026-09-22T19:06:59.4706840Z Restore Key:
2026-09-22T19:06:59.4707250Z     v0-rust-runner-platforms-Darwin-arm64-2eab217e
2026-09-22T19:06:59.4707790Z Cache Key:
2026-09-22T19:06:59.4708230Z     v0-rust-runner-platforms-Darwin-arm64-2eab217e-ad654043
2026-09-22T19:06:59.4708660Z .. Prefix:
2026-09-22T19:06:59.4709030Z   - v0-rust-runner-platforms-Darwin-arm64
2026-09-22T19:06:59.4709450Z .. Environment considered:
2026-09-22T19:06:59.4709740Z   - Rust Versions:
2026-09-22T19:06:59.4710110Z     - 1.98.1 aarch64-apple-darwin 48a229ceaefd4985c50990b14116b6d856af0985
2026-09-22T19:06:59.4711450Z   - CARGO_HOME
2026-09-22T19:06:59.4712050Z   - CARGO_INCREMENTAL
2026-09-22T19:06:59.4712710Z   - CARGO_TERM_COLOR
2026-09-22T19:06:59.4713440Z .. Lockfiles considered:
2026-09-22T19:06:59.4714260Z   - /Users/runner/work/ecorp/ecorp/Cargo.lock
2026-09-22T19:06:59.4714850Z   - /Users/runner/work/ecorp/ecorp/crates/crony-cli/Cargo.toml
2026-09-22T19:06:59.4715480Z   - /Users/runner/work/ecorp/ecorp/crates/crony-domain/Cargo.toml
2026-09-22T19:06:59.4715930Z   - /Users/runner/work/ecorp/ecorp/crates/crony-gateways/Cargo.toml
2026-09-22T19:06:59.4716530Z   - /Users/runner/work/ecorp/ecorp/crates/crony-protocol/Cargo.toml
2026-09-22T19:06:59.4717250Z   - /Users/runner/work/ecorp/ecorp/crates/crony-runner/Cargo.toml
2026-09-22T19:06:59.4717810Z   - /Users/runner/work/ecorp/ecorp/crates/crony-server/Cargo.toml
2026-09-22T19:06:59.4718360Z   - /Users/runner/work/ecorp/ecorp/crates/crony-store/Cargo.toml
2026-09-22T19:06:59.4718870Z   - /Users/runner/work/ecorp/ecorp/rust-toolchain.toml
2026-09-22T19:06:59.4719580Z ##[endgroup]
2026-09-22T19:06:59.4726980Z
2026-09-22T19:06:59.4727180Z ... Restoring cache ...
2026-09-22T19:06:59.6445820Z Cache hit for: v0-rust-runner-platforms-Darwin-arm64-2eab217e-ad654043
2026-09-22T19:07:00.7910790Z Received 58720256 of 687921896 (8.5%), 55.9 MBs/sec
2026-09-22T19:07:01.7908160Z Received 134217728 of 687921896 (19.5%), 63.8 MBs/sec
2026-09-22T19:07:02.7934750Z Received 218103808 of 687921896 (31.7%), 69.2 MBs/sec
2026-09-22T19:07:03.7963070Z Received 297795584 of 687921896 (43.3%), 70.8 MBs/sec
2026-09-22T19:07:05.0201870Z Received 402653184 of 687921896 (58.5%), 73.4 MBs/sec
2026-09-22T19:07:06.0220750Z Received 482344960 of 687921896 (70.1%), 73.8 MBs/sec
2026-09-22T19:07:07.0310000Z Received 562036736 of 687921896 (81.7%), 74.1 MBs/sec
2026-09-22T19:07:08.0282540Z Received 666894336 of 687921896 (96.9%), 77.2 MBs/sec
2026-09-22T19:07:08.5781310Z Received 687921896 of 687921896 (100.0%), 74.7 MBs/sec
2026-09-22T19:07:08.5885090Z Cache Size: ~656 MB (687921896 B)
2026-09-22T19:07:08.5984960Z [command]/opt/homebrew/bin/gtar -xf /Users/runner/work/_temp/ec91e9f3-f997-43d0-b5c8-3d7c63412971/cache.tzst -P -C /Users/runner/work/ecorp/ecorp --delay-directory-restore --use-compress-program unzstd
2026-09-22T19:07:13.6809510Z Cache restored successfully
2026-09-22T19:07:13.7156540Z Restored from cache key "v0-rust-runner-platforms-Darwin-arm64-2eab217e-ad654043" full match: true.
2026-09-22T19:07:13.7912100Z ##[group]Run python -m unittest discover -s tools -p test_public_evidence_verifier.py
2026-09-22T19:07:13.7913010Z [36;1mpython -m unittest discover -s tools -p test_public_evidence_verifier.py[0m
2026-09-22T19:07:13.7948260Z shell: /usr/local/bin/pwsh -command ". '{0}'"
2026-09-22T19:07:13.7948620Z env:
2026-09-22T19:07:13.7948940Z   CARGO_HOME: /Users/runner/.cargo
2026-09-22T19:07:13.7949260Z   CARGO_INCREMENTAL: 0
2026-09-22T19:07:13.7949550Z   CARGO_TERM_COLOR: always
2026-09-22T19:07:13.7949930Z   CACHE_ON_FAILURE: false
2026-09-22T19:07:13.7950330Z ##[endgroup]
2026-09-22T19:07:17.4399460Z ..F..F.....FFFFFFFFF
2026-09-22T19:07:17.4402090Z ======================================================================
2026-09-22T19:07:17.4404920Z FAIL: test_duplicate_delivered_manifest_paths_are_rejected (test_public_evidence_verifier.PublicEvidenceVerifierTests.test_duplicate_delivered_manifest_paths_are_rejected)
2026-09-22T19:07:17.4407960Z ----------------------------------------------------------------------
2026-09-22T19:07:17.4409650Z Traceback (most recent call last):
2026-09-22T19:07:17.4412300Z   File "/Users/runner/work/ecorp/ecorp/tools/test_public_evidence_verifier.py", line 158, in test_duplicate_delivered_manifest_paths_are_rejected
2026-09-22T19:07:17.4427410Z     self.assert_refused(base, "duplicate packet filename")
2026-09-22T19:07:17.4430560Z     ~~~~~~~~~~~~~~~~~~~^^^^^^^^^^^^^^^^^^^^^^^^^^^^^^^^^^^
2026-09-22T19:07:17.4537210Z   File "/Users/runner/work/ecorp/ecorp/tools/test_public_evidence_verifier.py", line 36, in assert_refused
2026-09-22T19:07:17.4639970Z     self.assertIn(message, result.stderr)
2026-09-22T19:07:17.4742540Z     ~~~~~~~~~~~~~^^^^^^^^^^^^^^^^^^^^^^^^
2026-09-22T19:07:17.4854720Z AssertionError: 'duplicate packet filename' not found in 'Traceback (most recent call last):\n  File "/var/folders/36/tjdph2t965j8snz9_vkdnw0r0000gn/T/ecorp-public-evidence-test-2kiz3r_i/evidence/pr362-combined-20260921/verify_public.py", line 162, in <module>\n    verify(Path(__file__).absolute().parent.parent, args.source)\n    ~~~~~~^^^^^^^^^^^^^^^^^^^^^^^^^^^^^^^^^^^^^^^^^^^^^^^^^^^^^^\n  File "/var/folders/36/tjdph2t965j8snz9_vkdnw0r0000gn/T/ecorp-public-evidence-test-2kiz3r_i/evidence/pr362-combined-20260921/verify_public.py", line 79, in verify\n    base = directory_root(base)\n  File "/var/folders/36/tjdph2t965j8snz9_vkdnw0r0000gn/T/ecorp-public-evidence-test-2kiz3r_i/evidence/pr362-combined-20260921/verify_public.py", line 38, in directory_root\n    canonical = unlinked_path(path)\n  File "/var/folders/36/tjdph2t965j8snz9_vkdnw0r0000gn/T/ecorp-public-evidence-test-2kiz3r_i/evidence/pr362-combined-20260921/verify_public.py", line 30, in unlinked_path\n    assert not (stat.S_ISLNK(info.st_mode) or\n           ^^^^^^^^^^^^^^^^^^^^^^^^^^^^^^^^^^\n                getattr(info, \'st_file_attributes\', 0) & getattr(stat, \'FILE_ATTRIBUTE_REPARSE_POINT\', 0)), (\'linked evidence path\', str(item))\n                ^^^^^^^^^^^^^^^^^^^^^^^^^^^^^^^^^^^^^^^^^^^^^^^^^^^^^^^^^^^^^^^^^^^^^^^^^^^^^^^^^^^^^^^^^^\nAssertionError: (\'linked evidence path\', \'/var\')\n'
2026-09-22T19:07:17.4961230Z
2026-09-22T19:07:17.5074190Z ======================================================================
2026-09-22T19:07:17.5194850Z FAIL: test_image_path_cannot_escape_manifest_inventory (test_public_evidence_verifier.PublicEvidenceVerifierTests.test_image_path_cannot_escape_manifest_inventory)
2026-09-22T19:07:17.5296870Z ----------------------------------------------------------------------
2026-09-22T19:07:17.5399990Z Traceback (most recent call last):
2026-09-22T19:07:17.5488950Z   File "/Users/runner/work/ecorp/ecorp/tools/test_public_evidence_verifier.py", line 153, in test_image_path_cannot_escape_manifest_inventory
2026-09-22T19:07:17.5586510Z     self.assert_refused(base, "unsafe packet filename")
2026-09-22T19:07:17.5588390Z     ~~~~~~~~~~~~~~~~~~~^^^^^^^^^^^^^^^^^^^^^^^^^^^^^^^^
2026-09-22T19:07:17.5590610Z   File "/Users/runner/work/ecorp/ecorp/tools/test_public_evidence_verifier.py", line 36, in assert_refused
2026-09-22T19:07:17.5603910Z     self.assertIn(message, result.stderr)
2026-09-22T19:07:17.5604450Z     ~~~~~~~~~~~~~^^^^^^^^^^^^^^^^^^^^^^^^
2026-09-22T19:07:17.5611660Z AssertionError: 'unsafe packet filename' not found in 'Traceback (most recent call last):\n  File "/var/folders/36/tjdph2t965j8snz9_vkdnw0r0000gn/T/ecorp-public-evidence-test-kxf8di_2/evidence/pr362-combined-20260921/verify_public.py", line 162, in <module>\n    verify(Path(__file__).absolute().parent.parent, args.source)\n    ~~~~~~^^^^^^^^^^^^^^^^^^^^^^^^^^^^^^^^^^^^^^^^^^^^^^^^^^^^^^\n  File "/var/folders/36/tjdph2t965j8snz9_vkdnw0r0000gn/T/ecorp-public-evidence-test-kxf8di_2/evidence/pr362-combined-20260921/verify_public.py", line 79, in verify\n    base = directory_root(base)\n  File "/var/folders/36/tjdph2t965j8snz9_vkdnw0r0000gn/T/ecorp-public-evidence-test-kxf8di_2/evidence/pr362-combined-20260921/verify_public.py", line 38, in directory_root\n    canonical = unlinked_path(path)\n  File "/var/folders/36/tjdph2t965j8snz9_vkdnw0r0000gn/T/ecorp-public-evidence-test-kxf8di_2/evidence/pr362-combined-20260921/verify_public.py", line 30, in unlinked_path\n    assert not (stat.S_ISLNK(info.st_mode) or\n           ^^^^^^^^^^^^^^^^^^^^^^^^^^^^^^^^^^\n                getattr(info, \'st_file_attributes\', 0) & getattr(stat, \'FILE_ATTRIBUTE_REPARSE_POINT\', 0)), (\'linked evidence path\', str(item))\n                ^^^^^^^^^^^^^^^^^^^^^^^^^^^^^^^^^^^^^^^^^^^^^^^^^^^^^^^^^^^^^^^^^^^^^^^^^^^^^^^^^^^^^^^^^^\nAssertionError: (\'linked evidence path\', \'/var\')\n'
2026-09-22T19:07:17.5634230Z
2026-09-22T19:07:17.5635370Z ======================================================================
2026-09-22T19:07:17.5637660Z FAIL: test_readme_link_cannot_escape_the_verified_packets (test_public_evidence_verifier.PublicEvidenceVerifierTests.test_readme_link_cannot_escape_the_verified_packets)
2026-09-22T19:07:17.5653760Z ----------------------------------------------------------------------
2026-09-22T19:07:17.5660240Z Traceback (most recent call last):
2026-09-22T19:07:17.5702390Z   File "/Users/runner/work/ecorp/ecorp/tools/test_public_evidence_verifier.py", line 175, in test_readme_link_cannot_escape_the_verified_packets
2026-09-22T19:07:17.5707560Z     self.assert_refused(base, "unsafe README evidence link")
2026-09-22T19:07:17.5751610Z     ~~~~~~~~~~~~~~~~~~~^^^^^^^^^^^^^^^^^^^^^^^^^^^^^^^^^^^^^
2026-09-22T19:07:17.5761320Z   File "/Users/runner/work/ecorp/ecorp/tools/test_public_evidence_verifier.py", line 36, in assert_refused
2026-09-22T19:07:17.5815610Z     self.assertIn(message, result.stderr)
2026-09-22T19:07:17.5829340Z     ~~~~~~~~~~~~~^^^^^^^^^^^^^^^^^^^^^^^^
2026-09-22T19:07:17.5854810Z AssertionError: 'unsafe README evidence link' not found in 'Traceback (most recent call last):\n  File "/var/folders/36/tjdph2t965j8snz9_vkdnw0r0000gn/T/ecorp-public-evidence-test-3d6clvmd/evidence/pr362-combined-20260921/verify_public.py", line 162, in <module>\n    verify(Path(__file__).absolute().parent.parent, args.source)\n    ~~~~~~^^^^^^^^^^^^^^^^^^^^^^^^^^^^^^^^^^^^^^^^^^^^^^^^^^^^^^\n  File "/var/folders/36/tjdph2t965j8snz9_vkdnw0r0000gn/T/ecorp-public-evidence-test-3d6clvmd/evidence/pr362-combined-20260921/verify_public.py", line 79, in verify\n    base = directory_root(base)\n  File "/var/folders/36/tjdph2t965j8snz9_vkdnw0r0000gn/T/ecorp-public-evidence-test-3d6clvmd/evidence/pr362-combined-20260921/verify_public.py", line 38, in directory_root\n    canonical = unlinked_path(path)\n  File "/var/folders/36/tjdph2t965j8snz9_vkdnw0r0000gn/T/ecorp-public-evidence-test-3d6clvmd/evidence/pr362-combined-20260921/verify_public.py", line 30, in unlinked_path\n    assert not (stat.S_ISLNK(info.st_mode) or\n           ^^^^^^^^^^^^^^^^^^^^^^^^^^^^^^^^^^\n                getattr(info, \'st_file_attributes\', 0) & getattr(stat, \'FILE_ATTRIBUTE_REPARSE_POINT\', 0)), (\'linked evidence path\', str(item))\n                ^^^^^^^^^^^^^^^^^^^^^^^^^^^^^^^^^^^^^^^^^^^^^^^^^^^^^^^^^^^^^^^^^^^^^^^^^^^^^^^^^^^^^^^^^^\nAssertionError: (\'linked evidence path\', \'/var\')\n'
2026-09-22T19:07:17.5866080Z
2026-09-22T19:07:17.5866860Z ======================================================================
2026-09-22T19:07:17.5869250Z FAIL: test_unlisted_nested_directory_is_rejected (test_public_evidence_verifier.PublicEvidenceVerifierTests.test_unlisted_nested_directory_is_rejected)
2026-09-22T19:07:17.5872010Z ----------------------------------------------------------------------
2026-09-22T19:07:17.5873140Z Traceback (most recent call last):
2026-09-22T19:07:17.5875680Z   File "/Users/runner/work/ecorp/ecorp/tools/test_public_evidence_verifier.py", line 97, in test_unlisted_nested_directory_is_rejected
2026-09-22T19:07:17.5878290Z     self.assert_refused(base, "non-regular evidence entry")
2026-09-22T19:07:17.5879830Z     ~~~~~~~~~~~~~~~~~~~^^^^^^^^^^^^^^^^^^^^^^^^^^^^^^^^^^^^
2026-09-22T19:07:17.5881360Z   File "/Users/runner/work/ecorp/ecorp/tools/test_public_evidence_verifier.py", line 36, in assert_refused
2026-09-22T19:07:17.5883210Z     self.assertIn(message, result.stderr)
2026-09-22T19:07:17.5884070Z     ~~~~~~~~~~~~~^^^^^^^^^^^^^^^^^^^^^^^^
2026-09-22T19:07:17.5896450Z AssertionError: 'non-regular evidence entry' not found in 'Traceback (most recent call last):\n  File "/var/folders/36/tjdph2t965j8snz9_vkdnw0r0000gn/T/ecorp-public-evidence-test-3_ml13q_/evidence/pr362-combined-20260921/verify_public.py", line 162, in <module>\n    verify(Path(__file__).absolute().parent.parent, args.source)\n    ~~~~~~^^^^^^^^^^^^^^^^^^^^^^^^^^^^^^^^^^^^^^^^^^^^^^^^^^^^^^\n  File "/var/folders/36/tjdph2t965j8snz9_vkdnw0r0000gn/T/ecorp-public-evidence-test-3_ml13q_/evidence/pr362-combined-20260921/verify_public.py", line 79, in verify\n    base = directory_root(base)\n  File "/var/folders/36/tjdph2t965j8snz9_vkdnw0r0000gn/T/ecorp-public-evidence-test-3_ml13q_/evidence/pr362-combined-20260921/verify_public.py", line 38, in directory_root\n    canonical = unlinked_path(path)\n  File "/var/folders/36/tjdph2t965j8snz9_vkdnw0r0000gn/T/ecorp-public-evidence-test-3_ml13q_/evidence/pr362-combined-20260921/verify_public.py", line 30, in unlinked_path\n    assert not (stat.S_ISLNK(info.st_mode) or\n           ^^^^^^^^^^^^^^^^^^^^^^^^^^^^^^^^^^\n                getattr(info, \'st_file_attributes\', 0) & getattr(stat, \'FILE_ATTRIBUTE_REPARSE_POINT\', 0)), (\'linked evidence path\', str(item))\n                ^^^^^^^^^^^^^^^^^^^^^^^^^^^^^^^^^^^^^^^^^^^^^^^^^^^^^^^^^^^^^^^^^^^^^^^^^^^^^^^^^^^^^^^^^^\nAssertionError: (\'linked evidence path\', \'/var\')\n'
2026-09-22T19:07:17.5901440Z
2026-09-22T19:07:17.5901760Z ======================================================================
2026-09-22T19:07:17.5903280Z FAIL: test_unsafe_manifest_paths_are_rejected (test_public_evidence_verifier.PublicEvidenceVerifierTests.test_unsafe_manifest_paths_are_rejected) (path='../outside.txt')
2026-09-22T19:07:17.5904830Z ----------------------------------------------------------------------
2026-09-22T19:07:17.5906570Z Traceback (most recent call last):
2026-09-22T19:07:17.5907470Z   File "/Users/runner/work/ecorp/ecorp/tools/test_public_evidence_verifier.py", line 144, in test_unsafe_manifest_paths_are_rejected
2026-09-22T19:07:17.5908200Z     self.assert_refused(base, "unsafe packet filename")
2026-09-22T19:07:17.5908710Z     ~~~~~~~~~~~~~~~~~~~^^^^^^^^^^^^^^^^^^^^^^^^^^^^^^^^
2026-09-22T19:07:17.5909380Z   File "/Users/runner/work/ecorp/ecorp/tools/test_public_evidence_verifier.py", line 36, in assert_refused
2026-09-22T19:07:17.5910020Z     self.assertIn(message, result.stderr)
2026-09-22T19:07:17.5910410Z     ~~~~~~~~~~~~~^^^^^^^^^^^^^^^^^^^^^^^^
2026-09-22T19:07:17.5925550Z AssertionError: 'unsafe packet filename' not found in 'Traceback (most recent call last):\n  File "/var/folders/36/tjdph2t965j8snz9_vkdnw0r0000gn/T/ecorp-public-evidence-test-0t30bi1f/evidence/pr362-combined-20260921/verify_public.py", line 162, in <module>\n    verify(Path(__file__).absolute().parent.parent, args.source)\n    ~~~~~~^^^^^^^^^^^^^^^^^^^^^^^^^^^^^^^^^^^^^^^^^^^^^^^^^^^^^^\n  File "/var/folders/36/tjdph2t965j8snz9_vkdnw0r0000gn/T/ecorp-public-evidence-test-0t30bi1f/evidence/pr362-combined-20260921/verify_public.py", line 79, in verify\n    base = directory_root(base)\n  File "/var/folders/36/tjdph2t965j8snz9_vkdnw0r0000gn/T/ecorp-public-evidence-test-0t30bi1f/evidence/pr362-combined-20260921/verify_public.py", line 38, in directory_root\n    canonical = unlinked_path(path)\n  File "/var/folders/36/tjdph2t965j8snz9_vkdnw0r0000gn/T/ecorp-public-evidence-test-0t30bi1f/evidence/pr362-combined-20260921/verify_public.py", line 30, in unlinked_path\n    assert not (stat.S_ISLNK(info.st_mode) or\n           ^^^^^^^^^^^^^^^^^^^^^^^^^^^^^^^^^^\n                getattr(info, \'st_file_attributes\', 0) & getattr(stat, \'FILE_ATTRIBUTE_REPARSE_POINT\', 0)), (\'linked evidence path\', str(item))\n                ^^^^^^^^^^^^^^^^^^^^^^^^^^^^^^^^^^^^^^^^^^^^^^^^^^^^^^^^^^^^^^^^^^^^^^^^^^^^^^^^^^^^^^^^^^\nAssertionError: (\'linked evidence path\', \'/var\')\n'
2026-09-22T19:07:17.5935720Z
2026-09-22T19:07:17.5936490Z ======================================================================
2026-09-22T19:07:17.5939020Z FAIL: test_unsafe_manifest_paths_are_rejected (test_public_evidence_verifier.PublicEvidenceVerifierTests.test_unsafe_manifest_paths_are_rejected) (path='/outside.txt')
2026-09-22T19:07:17.5941810Z ----------------------------------------------------------------------
2026-09-22T19:07:17.5943080Z Traceback (most recent call last):
2026-09-22T19:07:17.5944830Z   File "/Users/runner/work/ecorp/ecorp/tools/test_public_evidence_verifier.py", line 144, in test_unsafe_manifest_paths_are_rejected
2026-09-22T19:07:17.5946450Z     self.assert_refused(base, "unsafe packet filename")
2026-09-22T19:07:17.5947540Z     ~~~~~~~~~~~~~~~~~~~^^^^^^^^^^^^^^^^^^^^^^^^^^^^^^^^
2026-09-22T19:07:17.5948900Z   File "/Users/runner/work/ecorp/ecorp/tools/test_public_evidence_verifier.py", line 36, in assert_refused
2026-09-22T19:07:17.5950500Z     self.assertIn(message, result.stderr)
2026-09-22T19:07:17.5951370Z     ~~~~~~~~~~~~~^^^^^^^^^^^^^^^^^^^^^^^^
2026-09-22T19:07:17.5967210Z AssertionError: 'unsafe packet filename' not found in 'Traceback (most recent call last):\n  File "/var/folders/36/tjdph2t965j8snz9_vkdnw0r0000gn/T/ecorp-public-evidence-test-ybp8hlsy/evidence/pr362-combined-20260921/verify_public.py", line 162, in <module>\n    verify(Path(__file__).absolute().parent.parent, args.source)\n    ~~~~~~^^^^^^^^^^^^^^^^^^^^^^^^^^^^^^^^^^^^^^^^^^^^^^^^^^^^^^\n  File "/var/folders/36/tjdph2t965j8snz9_vkdnw0r0000gn/T/ecorp-public-evidence-test-ybp8hlsy/evidence/pr362-combined-20260921/verify_public.py", line 79, in verify\n    base = directory_root(base)\n  File "/var/folders/36/tjdph2t965j8snz9_vkdnw0r0000gn/T/ecorp-public-evidence-test-ybp8hlsy/evidence/pr362-combined-20260921/verify_public.py", line 38, in directory_root\n    canonical = unlinked_path(path)\n  File "/var/folders/36/tjdph2t965j8snz9_vkdnw0r0000gn/T/ecorp-public-evidence-test-ybp8hlsy/evidence/pr362-combined-20260921/verify_public.py", line 30, in unlinked_path\n    assert not (stat.S_ISLNK(info.st_mode) or\n           ^^^^^^^^^^^^^^^^^^^^^^^^^^^^^^^^^^\n                getattr(info, \'st_file_attributes\', 0) & getattr(stat, \'FILE_ATTRIBUTE_REPARSE_POINT\', 0)), (\'linked evidence path\', str(item))\n                ^^^^^^^^^^^^^^^^^^^^^^^^^^^^^^^^^^^^^^^^^^^^^^^^^^^^^^^^^^^^^^^^^^^^^^^^^^^^^^^^^^^^^^^^^^\nAssertionError: (\'linked evidence path\', \'/var\')\n'
2026-09-22T19:07:17.5984390Z
2026-09-22T19:07:17.5985220Z ======================================================================
2026-09-22T19:07:17.5987850Z FAIL: test_unsafe_manifest_paths_are_rejected (test_public_evidence_verifier.PublicEvidenceVerifierTests.test_unsafe_manifest_paths_are_rejected) (path='C:/outside.txt')
2026-09-22T19:07:17.5990110Z ----------------------------------------------------------------------
2026-09-22T19:07:17.5991050Z Traceback (most recent call last):
2026-09-22T19:07:17.5993750Z   File "/Users/runner/work/ecorp/ecorp/tools/test_public_evidence_verifier.py", line 144, in test_unsafe_manifest_paths_are_rejected
2026-09-22T19:07:17.5995860Z     self.assert_refused(base, "unsafe packet filename")
2026-09-22T19:07:17.5997030Z     ~~~~~~~~~~~~~~~~~~~^^^^^^^^^^^^^^^^^^^^^^^^^^^^^^^^
2026-09-22T19:07:17.5998660Z   File "/Users/runner/work/ecorp/ecorp/tools/test_public_evidence_verifier.py", line 36, in assert_refused
2026-09-22T19:07:17.6000110Z     self.assertIn(message, result.stderr)
2026-09-22T19:07:17.6001130Z     ~~~~~~~~~~~~~^^^^^^^^^^^^^^^^^^^^^^^^
2026-09-22T19:07:17.6017400Z AssertionError: 'unsafe packet filename' not found in 'Traceback (most recent call last):\n  File "/var/folders/36/tjdph2t965j8snz9_vkdnw0r0000gn/T/ecorp-public-evidence-test-r0sc6izm/evidence/pr362-combined-20260921/verify_public.py", line 162, in <module>\n    verify(Path(__file__).absolute().parent.parent, args.source)\n    ~~~~~~^^^^^^^^^^^^^^^^^^^^^^^^^^^^^^^^^^^^^^^^^^^^^^^^^^^^^^\n  File "/var/folders/36/tjdph2t965j8snz9_vkdnw0r0000gn/T/ecorp-public-evidence-test-r0sc6izm/evidence/pr362-combined-20260921/verify_public.py", line 79, in verify\n    base = directory_root(base)\n  File "/var/folders/36/tjdph2t965j8snz9_vkdnw0r0000gn/T/ecorp-public-evidence-test-r0sc6izm/evidence/pr362-combined-20260921/verify_public.py", line 38, in directory_root\n    canonical = unlinked_path(path)\n  File "/var/folders/36/tjdph2t965j8snz9_vkdnw0r0000gn/T/ecorp-public-evidence-test-r0sc6izm/evidence/pr362-combined-20260921/verify_public.py", line 30, in unlinked_path\n    assert not (stat.S_ISLNK(info.st_mode) or\n           ^^^^^^^^^^^^^^^^^^^^^^^^^^^^^^^^^^\n                getattr(info, \'st_file_attributes\', 0) & getattr(stat, \'FILE_ATTRIBUTE_REPARSE_POINT\', 0)), (\'linked evidence path\', str(item))\n                ^^^^^^^^^^^^^^^^^^^^^^^^^^^^^^^^^^^^^^^^^^^^^^^^^^^^^^^^^^^^^^^^^^^^^^^^^^^^^^^^^^^^^^^^^^\nAssertionError: (\'linked evidence path\', \'/var\')\n'
2026-09-22T19:07:17.6022540Z
2026-09-22T19:07:17.6022920Z ======================================================================
2026-09-22T19:07:17.6024080Z FAIL: test_unsafe_manifest_paths_are_rejected (test_public_evidence_verifier.PublicEvidenceVerifierTests.test_unsafe_manifest_paths_are_rejected) (path='nested/file.txt')
2026-09-22T19:07:17.6025000Z ----------------------------------------------------------------------
2026-09-22T19:07:17.6025800Z Traceback (most recent call last):
2026-09-22T19:07:17.6027350Z   File "/Users/runner/work/ecorp/ecorp/tools/test_public_evidence_verifier.py", line 144, in test_unsafe_manifest_paths_are_rejected
2026-09-22T19:07:17.6028080Z     self.assert_refused(base, "unsafe packet filename")
2026-09-22T19:07:17.6028580Z     ~~~~~~~~~~~~~~~~~~~^^^^^^^^^^^^^^^^^^^^^^^^^^^^^^^^
2026-09-22T19:07:17.6029820Z   File "/Users/runner/work/ecorp/ecorp/tools/test_public_evidence_verifier.py", line 36, in assert_refused
2026-09-22T19:07:17.6030390Z     self.assertIn(message, result.stderr)
2026-09-22T19:07:17.6030820Z     ~~~~~~~~~~~~~^^^^^^^^^^^^^^^^^^^^^^^^
2026-09-22T19:07:17.6037600Z AssertionError: 'unsafe packet filename' not found in 'Traceback (most recent call last):\n  File "/var/folders/36/tjdph2t965j8snz9_vkdnw0r0000gn/T/ecorp-public-evidence-test-9r1tzgza/evidence/pr362-combined-20260921/verify_public.py", line 162, in <module>\n    verify(Path(__file__).absolute().parent.parent, args.source)\n    ~~~~~~^^^^^^^^^^^^^^^^^^^^^^^^^^^^^^^^^^^^^^^^^^^^^^^^^^^^^^\n  File "/var/folders/36/tjdph2t965j8snz9_vkdnw0r0000gn/T/ecorp-public-evidence-test-9r1tzgza/evidence/pr362-combined-20260921/verify_public.py", line 79, in verify\n    base = directory_root(base)\n  File "/var/folders/36/tjdph2t965j8snz9_vkdnw0r0000gn/T/ecorp-public-evidence-test-9r1tzgza/evidence/pr362-combined-20260921/verify_public.py", line 38, in directory_root\n    canonical = unlinked_path(path)\n  File "/var/folders/36/tjdph2t965j8snz9_vkdnw0r0000gn/T/ecorp-public-evidence-test-9r1tzgza/evidence/pr362-combined-20260921/verify_public.py", line 30, in unlinked_path\n    assert not (stat.S_ISLNK(info.st_mode) or\n           ^^^^^^^^^^^^^^^^^^^^^^^^^^^^^^^^^^\n                getattr(info, \'st_file_attributes\', 0) & getattr(stat, \'FILE_ATTRIBUTE_REPARSE_POINT\', 0)), (\'linked evidence path\', str(item))\n                ^^^^^^^^^^^^^^^^^^^^^^^^^^^^^^^^^^^^^^^^^^^^^^^^^^^^^^^^^^^^^^^^^^^^^^^^^^^^^^^^^^^^^^^^^^\nAssertionError: (\'linked evidence path\', \'/var\')\n'
2026-09-22T19:07:17.6041680Z
2026-09-22T19:07:17.6041970Z ======================================================================
2026-09-22T19:07:17.6042960Z FAIL: test_unsafe_manifest_paths_are_rejected (test_public_evidence_verifier.PublicEvidenceVerifierTests.test_unsafe_manifest_paths_are_rejected) (path='nested\\file.txt')
2026-09-22T19:07:17.6044340Z ----------------------------------------------------------------------
2026-09-22T19:07:17.6044700Z Traceback (most recent call last):
2026-09-22T19:07:17.6045450Z   File "/Users/runner/work/ecorp/ecorp/tools/test_public_evidence_verifier.py", line 144, in test_unsafe_manifest_paths_are_rejected
2026-09-22T19:07:17.6046050Z     self.assert_refused(base, "unsafe packet filename")
2026-09-22T19:07:17.6046380Z     ~~~~~~~~~~~~~~~~~~~^^^^^^^^^^^^^^^^^^^^^^^^^^^^^^^^
2026-09-22T19:07:17.6048590Z   File "/Users/runner/work/ecorp/ecorp/tools/test_public_evidence_verifier.py", line 36, in assert_refused
2026-09-22T19:07:17.6049060Z     self.assertIn(message, result.stderr)
2026-09-22T19:07:17.6049320Z     ~~~~~~~~~~~~~^^^^^^^^^^^^^^^^^^^^^^^^
2026-09-22T19:07:17.6056410Z AssertionError: 'unsafe packet filename' not found in 'Traceback (most recent call last):\n  File "/var/folders/36/tjdph2t965j8snz9_vkdnw0r0000gn/T/ecorp-public-evidence-test-ops4nork/evidence/pr362-combined-20260921/verify_public.py", line 162, in <module>\n    verify(Path(__file__).absolute().parent.parent, args.source)\n    ~~~~~~^^^^^^^^^^^^^^^^^^^^^^^^^^^^^^^^^^^^^^^^^^^^^^^^^^^^^^\n  File "/var/folders/36/tjdph2t965j8snz9_vkdnw0r0000gn/T/ecorp-public-evidence-test-ops4nork/evidence/pr362-combined-20260921/verify_public.py", line 79, in verify\n    base = directory_root(base)\n  File "/var/folders/36/tjdph2t965j8snz9_vkdnw0r0000gn/T/ecorp-public-evidence-test-ops4nork/evidence/pr362-combined-20260921/verify_public.py", line 38, in directory_root\n    canonical = unlinked_path(path)\n  File "/var/folders/36/tjdph2t965j8snz9_vkdnw0r0000gn/T/ecorp-public-evidence-test-ops4nork/evidence/pr362-combined-20260921/verify_public.py", line 30, in unlinked_path\n    assert not (stat.S_ISLNK(info.st_mode) or\n           ^^^^^^^^^^^^^^^^^^^^^^^^^^^^^^^^^^\n                getattr(info, \'st_file_attributes\', 0) & getattr(stat, \'FILE_ATTRIBUTE_REPARSE_POINT\', 0)), (\'linked evidence path\', str(item))\n                ^^^^^^^^^^^^^^^^^^^^^^^^^^^^^^^^^^^^^^^^^^^^^^^^^^^^^^^^^^^^^^^^^^^^^^^^^^^^^^^^^^^^^^^^^^\nAssertionError: (\'linked evidence path\', \'/var\')\n'
2026-09-22T19:07:17.6067000Z
2026-09-22T19:07:17.6067290Z ======================================================================
2026-09-22T19:07:17.6068260Z FAIL: test_unsafe_manifest_paths_are_rejected (test_public_evidence_verifier.PublicEvidenceVerifierTests.test_unsafe_manifest_paths_are_rejected) (path='')
2026-09-22T19:07:17.6069130Z ----------------------------------------------------------------------
2026-09-22T19:07:17.6069580Z Traceback (most recent call last):
2026-09-22T19:07:17.6070280Z   File "/Users/runner/work/ecorp/ecorp/tools/test_public_evidence_verifier.py", line 144, in test_unsafe_manifest_paths_are_rejected
2026-09-22T19:07:17.6071000Z     self.assert_refused(base, "unsafe packet filename")
2026-09-22T19:07:17.6072340Z     ~~~~~~~~~~~~~~~~~~~^^^^^^^^^^^^^^^^^^^^^^^^^^^^^^^^
2026-09-22T19:07:17.6073590Z   File "/Users/runner/work/ecorp/ecorp/tools/test_public_evidence_verifier.py", line 36, in assert_refused
2026-09-22T19:07:17.6074590Z     self.assertIn(message, result.stderr)
2026-09-22T19:07:17.6075510Z     ~~~~~~~~~~~~~^^^^^^^^^^^^^^^^^^^^^^^^
2026-09-22T19:07:17.6087520Z AssertionError: 'unsafe packet filename' not found in 'Traceback (most recent call last):\n  File "/var/folders/36/tjdph2t965j8snz9_vkdnw0r0000gn/T/ecorp-public-evidence-test-gvaicsbw/evidence/pr362-combined-20260921/verify_public.py", line 162, in <module>\n    verify(Path(__file__).absolute().parent.parent, args.source)\n    ~~~~~~^^^^^^^^^^^^^^^^^^^^^^^^^^^^^^^^^^^^^^^^^^^^^^^^^^^^^^\n  File "/var/folders/36/tjdph2t965j8snz9_vkdnw0r0000gn/T/ecorp-public-evidence-test-gvaicsbw/evidence/pr362-combined-20260921/verify_public.py", line 79, in verify\n    base = directory_root(base)\n  File "/var/folders/36/tjdph2t965j8snz9_vkdnw0r0000gn/T/ecorp-public-evidence-test-gvaicsbw/evidence/pr362-combined-20260921/verify_public.py", line 38, in directory_root\n    canonical = unlinked_path(path)\n  File "/var/folders/36/tjdph2t965j8snz9_vkdnw0r0000gn/T/ecorp-public-evidence-test-gvaicsbw/evidence/pr362-combined-20260921/verify_public.py", line 30, in unlinked_path\n    assert not (stat.S_ISLNK(info.st_mode) or\n           ^^^^^^^^^^^^^^^^^^^^^^^^^^^^^^^^^^\n                getattr(info, \'st_file_attributes\', 0) & getattr(stat, \'FILE_ATTRIBUTE_REPARSE_POINT\', 0)), (\'linked evidence path\', str(item))\n                ^^^^^^^^^^^^^^^^^^^^^^^^^^^^^^^^^^^^^^^^^^^^^^^^^^^^^^^^^^^^^^^^^^^^^^^^^^^^^^^^^^^^^^^^^^\nAssertionError: (\'linked evidence path\', \'/var\')\n'
2026-09-22T19:07:17.6097920Z
2026-09-22T19:07:17.6099150Z ======================================================================
2026-09-22T19:07:17.6127070Z FAIL: test_unsafe_manifest_paths_are_rejected (test_public_evidence_verifier.PublicEvidenceVerifierTests.test_unsafe_manifest_paths_are_rejected) (path='.')
2026-09-22T19:07:17.6129600Z ----------------------------------------------------------------------
2026-09-22T19:07:17.6130540Z Traceback (most recent call last):
2026-09-22T19:07:17.6132210Z   File "/Users/runner/work/ecorp/ecorp/tools/test_public_evidence_verifier.py", line 144, in test_unsafe_manifest_paths_are_rejected
2026-09-22T19:07:17.6133740Z     self.assert_refused(base, "unsafe packet filename")
2026-09-22T19:07:17.6134660Z     ~~~~~~~~~~~~~~~~~~~^^^^^^^^^^^^^^^^^^^^^^^^^^^^^^^^
2026-09-22T19:07:17.6136010Z   File "/Users/runner/work/ecorp/ecorp/tools/test_public_evidence_verifier.py", line 36, in assert_refused
2026-09-22T19:07:17.6137230Z     self.assertIn(message, result.stderr)
2026-09-22T19:07:17.6137950Z     ~~~~~~~~~~~~~^^^^^^^^^^^^^^^^^^^^^^^^
2026-09-22T19:07:17.6152930Z AssertionError: 'unsafe packet filename' not found in 'Traceback (most recent call last):\n  File "/var/folders/36/tjdph2t965j8snz9_vkdnw0r0000gn/T/ecorp-public-evidence-test-dluxt6fu/evidence/pr362-combined-20260921/verify_public.py", line 162, in <module>\n    verify(Path(__file__).absolute().parent.parent, args.source)\n    ~~~~~~^^^^^^^^^^^^^^^^^^^^^^^^^^^^^^^^^^^^^^^^^^^^^^^^^^^^^^\n  File "/var/folders/36/tjdph2t965j8snz9_vkdnw0r0000gn/T/ecorp-public-evidence-test-dluxt6fu/evidence/pr362-combined-20260921/verify_public.py", line 79, in verify\n    base = directory_root(base)\n  File "/var/folders/36/tjdph2t965j8snz9_vkdnw0r0000gn/T/ecorp-public-evidence-test-dluxt6fu/evidence/pr362-combined-20260921/verify_public.py", line 38, in directory_root\n    canonical = unlinked_path(path)\n  File "/var/folders/36/tjdph2t965j8snz9_vkdnw0r0000gn/T/ecorp-public-evidence-test-dluxt6fu/evidence/pr362-combined-20260921/verify_public.py", line 30, in unlinked_path\n    assert not (stat.S_ISLNK(info.st_mode) or\n           ^^^^^^^^^^^^^^^^^^^^^^^^^^^^^^^^^^\n                getattr(info, \'st_file_attributes\', 0) & getattr(stat, \'FILE_ATTRIBUTE_REPARSE_POINT\', 0)), (\'linked evidence path\', str(item))\n                ^^^^^^^^^^^^^^^^^^^^^^^^^^^^^^^^^^^^^^^^^^^^^^^^^^^^^^^^^^^^^^^^^^^^^^^^^^^^^^^^^^^^^^^^^^\nAssertionError: (\'linked evidence path\', \'/var\')\n'
2026-09-22T19:07:17.6164070Z
2026-09-22T19:07:17.6164830Z ----------------------------------------------------------------------
2026-09-22T19:07:17.6165670Z Ran 14 tests in 2.567s
2026-09-22T19:07:17.6165970Z
2026-09-22T19:07:17.6166210Z FAILED (failures=11)
2026-09-22T19:07:17.7345160Z ##[error]Process completed with exit code 1.
2026-09-22T19:07:17.7488130Z Post job cleanup.
2026-09-22T19:07:17.8645920Z [command]/opt/homebrew/bin/git version
2026-09-22T19:07:17.8845200Z git version 2.55.0
2026-09-22T19:07:17.8863050Z Copying '/Users/runner/.gitconfig' to '/Users/runner/work/_temp/57991963-d7ac-4f2f-b867-8b33c60774f6/.gitconfig'
2026-09-22T19:07:17.8872440Z Temporarily overriding HOME='/Users/runner/work/_temp/57991963-d7ac-4f2f-b867-8b33c60774f6' before making global git config changes
2026-09-22T19:07:17.8873840Z Adding repository directory to the temporary git global config as a safe directory
2026-09-22T19:07:17.8874630Z [command]/opt/homebrew/bin/git config --global --add safe.directory /Users/runner/work/ecorp/ecorp
2026-09-22T19:07:17.8984060Z Removing SSH command configuration
2026-09-22T19:07:17.8989650Z [command]/opt/homebrew/bin/git config --local --name-only --get-regexp core\.sshCommand
2026-09-22T19:07:17.9067940Z [command]/opt/homebrew/bin/git submodule foreach --recursive sh -c "git config --local --name-only --get-regexp 'core\.sshCommand' && git config --local --unset-all 'core.sshCommand' || :"
2026-09-22T19:07:18.0292100Z Removing HTTP extra header
2026-09-22T19:07:18.0300760Z [command]/opt/homebrew/bin/git config --local --name-only --get-regexp http\.https\:\/\/github\.com\/\.extraheader
2026-09-22T19:07:18.0394840Z [command]/opt/homebrew/bin/git submodule foreach --recursive sh -c "git config --local --name-only --get-regexp 'http\.https\:\/\/github\.com\/\.extraheader' && git config --local --unset-all 'http.https://github.com/.extraheader' || :"
2026-09-22T19:07:18.1822770Z Removing includeIf entries pointing to credentials config files
2026-09-22T19:07:18.1930430Z [command]/opt/homebrew/bin/git config --local --name-only --get-regexp ^includeIf\.gitdir:
2026-09-22T19:07:18.2255070Z [command]/opt/homebrew/bin/git submodule foreach --recursive git config --local --show-origin --name-only --get-regexp remote.origin.url
2026-09-22T19:07:18.3996010Z Cleaning up orphan processes
