$ node --test --test-concurrency=2 --test-timeout=180000 scenarios/repo-steward/steward.test.mjs scenarios/repo-steward/actions.test.mjs scenarios/repo-steward/recurring-audit.test.mjs scenarios/repo-steward/feedback.test.mjs scenarios/repo-steward/maintenance.test.mjs scenarios/repo-steward/feedback-cli.test.mjs
✔ Actions preview performs no live reads or summary publication (2.5813ms)
✔ Actions fixture uses the real auditor without GitHub access (42.7187ms)
✔ invalid workflow input is rejected during preview without data access (2.4624ms)
✔ hosted live mode rejects non-Actions host before reading data (0.5233ms)
✔ hosted live mode rejects PR event before reading data (1.5448ms)
✔ hosted live mode rejects another repository before reading data (0.2726ms)
✔ hosted live mode rejects feature branch before reading data (0.411ms)
✔ hosted live mode rejects another actor before reading data (0.2335ms)
✔ hosted live mode rejects another rerun operator before reading data (0.4035ms)
✔ hosted live mode rejects missing triggering actor before reading data (0.5119ms)
✔ hosted live mode rejects missing source commit before reading data (0.3897ms)
✔ hosted live mode rejects disabled pilot before reading data (0.2097ms)
✔ hosted live mode rejects unapproved public summary before reading data (0.1583ms)
✔ hosted live mode rejects missing credential before reading data (0.1581ms)
✔ hosted live mode rejects blank credential before reading data (0.168ms)
✔ hosted live mode rejects write-enabled configuration before reading data (0.1759ms)
✔ GITHUB_TOKEN does not substitute for Project-readable credentials (0.3092ms)
✔ an admitted live path collects once and retains zero mutations (10.2285ms)
✔ collector failure does not produce a successful report (0.4352ms)
✔ stale hosted snapshots fail instead of publishing old findings (8.7199ms)
✔ public summaries never include free-form source or evidence text (7.6326ms)
✔ summary rejects unknown rule (5.8986ms)
✔ summary rejects bad finding id (6.4299ms)
✔ summary rejects foreign reference (10.558ms)
✔ summary rejects mutation claim (8.0007ms)
✔ summary rejects wrong scope (7.7236ms)
✔ summary rejects invalid timestamp (7.7085ms)
✔ summary rejects bad totals (8.2724ms)
✔ public finding index is bounded without copying omitted details (8.9874ms)
✔ every configured fixture rule has an explicit publication review (6.4173ms)
✔ summary file writes remain inside a supplied native temporary directory (11.8102ms)
✔ Actions CLI rejects unsupported arguments --apply (0.2909ms)
✔ Actions CLI rejects unsupported arguments --live (0.1187ms)
✔ Actions CLI rejects unsupported arguments --live (0.1085ms)
✔ actual fixture CLI needs no hosted secrets or Teams SDK (285.125ms)
✔ manual workflow keeps first-party actions pinned and live credentials isolated (3.6745ms)
✔ feedback CLI rejects unsupported, missing and duplicate transition arguments (3.9254ms)
✔ new-file corpus output preserves the previous version and refuses overwrite (35.9101ms)
✔ initializing a corpus binds the validated input scope without changing its snapshot (55.9893ms)
✔ partial snapshot cannot create a corpus file (31.6666ms)
✔ redirected output parent is refused without writing through it (8.5074ms)
✔ review evidence must be a file and cannot use a directory as a digest source (61.3288ms)
✔ review CLI records the exact binary digest and closes its descriptor (126.7329ms)
✔ same-size review replacement between metadata check and open cannot update a corpus (44.2192ms)
✔ review parent swapped for a symlink or junction before open is rejected (115.0174ms)
✔ same-size pathname replacement after descriptor read is rejected (48.6016ms)
✔ same-size in-place review rewrite cannot hide behind a restored modification time (40.8964ms)
✔ review growth after open stays within its original byte bound and is rejected (36.8365ms)
✔ bounded review reads handle partial reads and reject empty or oversized files (23.2372ms)
✔ native behavioral evidence remains candidate with original local source and no finding impersonation (87.9895ms)
✔ native behavioral activation is denied for mixed support and forged active or retired history (53.6877ms)
✔ native behavioral candidates can be rejected without widening legacy review authority (62.2089ms)
✔ native behavioral bytes, identity claims, source and repeated runs remain validated (171.6456ms)
✔ evidence binds actual audit finding and supplied snapshot without certifying collection or identity (18.503ms)
✔ accepted missing Project status binds the native serialized report and finding in evidence and observations (49.6061ms)
✔ auditor optional-field normalization retains strict data-only feedback and report validation (70.3305ms)
✔ timestamp-only or unrelated snapshot changes do not manufacture repeated supporting evidence (39.658ms)
✔ partial, cross-scope, stale or missing findings cannot become feedback evidence (20.0863ms)
✔ feedback source pins accept exactly 40 or 64 hexadecimal characters, including supplied evidence (88.9171ms)
✔ candidate, active and retired versions preserve their inputs and have exact transition digests (22.8979ms)
✔ one observation, fabricated evidence bytes and replayed reviews cannot activate a rule (109.6165ms)
✔ reviewer labels and claimed approval booleans do not supply verified review authority (26.9053ms)
✔ explicit rejection remains terminal and contributes no advice (58.7442ms)
✔ prospective expiry is mandatory, bounded, and effective at the exact boundary (137.2575ms)
✔ active capacity cannot expand and supersession retires only the exact predecessor (74.0092ms)
✔ supersession rejects stale targets and cannot cross finding rules (62.4746ms)
✔ active guidance annotates only matching findings without hiding or changing original conclusions (24.3828ms)
✔ broad matching admits at most the finite annotation limit and never truncates an excessive report (434.4308ms)
✔ serialized output bytes are admitted before escaped guidance and evidence references fan out (97.6221ms)
✔ later audits honor activation and retirement while the original report stays identical (51.5314ms)
✔ unknown executable, suppression, assignment and permission options are rejected (164.846ms)
✔ stale reports, foreign scope and altered evidence fail closed (36.2848ms)
✔ canonical digests ignore property insertion order but reject executable and non-finite data (0.6505ms)
✔ reusable corpus validation preserves input and rejects authority claims or altered guidance (23.2623ms)
✔ explicit collector profile requires a hash and cannot relabel a supplied snapshot (4.6252ms)
✔ recurrence requires finite explicit bounds before reading any input (1.3335ms)
✔ finite recurrence reloads snapshot and feedback on every cycle (4.0595ms)
✔ paused and stopped records prevent collection and input reads (3.1046ms)
✔ exhausted persisted attempts reject before snapshot, feedback or live collection (3.6315ms)
✔ watch admits the final allowed attempt and then stops before collecting another snapshot (1.9677ms)
✔ source mismatch refuses before reading snapshot or feedback (1.7821ms)
✔ a failed cycle stops recurrence without retrying or losing the failure (1.9562ms)
✔ first snapshot acquisition failure retains one sanitized failed attempt (411.9098ms)
✔ later corpus acquisition failure preserves earlier accepted evidence and consumes one attempt (980.7763ms)
✔ live acquisition failure is retained once without raw error text or a retry (358.8635ms)
✔ pause and stop during failed acquisition remain effective without a new admitted attempt (2517.6267ms)
✔ deadline crossing during failed acquisition prevents late attempt admission (1.8656ms)
✔ interruption during failed acquisition prevents a new admitted attempt (1.4522ms)
✔ duration bounds stop admission after collection without writing a late result (1.305ms)
✔ interruption during an interval exits without another audit (1.5381ms)
✔ control commands delegate exact action, source and reason without collecting (4.2146ms)
✔ status exposes bounded metadata and no retained finding text (1.602ms)
✔ one audit writes source-bound immutable private reports and an advisory handoff (561.2294ms)
✔ fresh capture timestamps and transport metrics alone produce no new report or proposal across restart (880.5936ms)
✔ live state binds the exact selected principal and profile through restart and controls (3288.2451ms)
✔ profile metadata cannot convert supplied evidence or a different live principal into accepted observations (348.4303ms)
✔ changed scoped content produces a new receipt while retaining stable finding dedupe (649.3002ms)
✔ resolved findings are recorded without claiming a remote correction (628.5549ms)
✔ stale input fails and preserves a failed attempt, never reusing previous success (776.9918ms)
✔ future input fails and preserves a failed attempt, never reusing previous success (1040.506ms)
✔ incomplete input fails and preserves a failed attempt, never reusing previous success (1020.7905ms)
✔ source drift fails and preserves a failed attempt, never reusing previous success (749.5458ms)
✔ changing the caller source pin cannot migrate an existing directory (543.9923ms)
✔ pause prevents input use, resume retains dedupe, and stop cannot resume (3132.4869ms)
✔ concurrent cycles have one winner and never create duplicate accepted receipts (461.0802ms)
✔ retained locks fail closed without PID reuse or timeout-based recovery (26.7328ms)
✔ incomplete intent and rollback to an older checkpoint refuse replay (903.1136ms)
✔ tampered referenced artifacts are rejected and preserved (459.1558ms)
✔ output-directory redirection refuses writes through a symlink or junction (12.8331ms)
✔ an unexpected output file is retained, not overwritten or removed (24.2091ms)
✔ status rejects unexpected files in initialized state before accepting its control projection (356.3765ms)
✔ missing, traversal-style and incomplete control requests do not create authority (6.2153ms)
✔ live source claims retain the existing collector identity and zero-write metadata (388.1793ms)
✔ finite convenience API has explicit bounds and performs no scheduling (1189.6034ms)
✔ state and artifact redirection are not followed on read (310.7958ms)
✔ alter of earlier history is detected after a newer successful cycle (795.8586ms)
✔ delete of earlier history is detected after a newer successful cycle (1082.662ms)
✔ changed implementation pins fail before a new intent is written (667.2443ms)
✔ a directory replaced while a caller holds its lock cannot redirect any artifact write (405.8611ms)
✔ actual corpus activation and retirement change only separately bound advisory output (1682.582ms)
✔ expiry invalidates cached advisory annotations even without corpus byte changes (758.8309ms)
✔ mixed retained controls and new cycles enforce one transition bound with a reserved terminal stop (75966.0726ms)
✔ accepted snapshots with omitted optional metadata produce parseable JSON artifacts and replay (552.6921ms)
✔ optional auditor metadata works through the real feedback evidence and recurring consumer bridge (642.552ms)
✔ policy has the ten requested workstreams and never assigns people (5.1078ms)
✔ classification supports Multiplayer (13.7169ms)
✔ classification supports UX/UI (3.8624ms)
✔ classification supports Multi-system execution (5.2328ms)
✔ classification supports Janitor (2.3572ms)
✔ classification supports Dynamic agent teams (2.1404ms)
✔ classification supports DevOps/PR review/branch protection (3.123ms)
✔ classification supports Security (1.8899ms)
✔ classification supports Agent communication layer (2.0775ms)
✔ classification supports Dark factory automation (2.1714ms)
✔ classification supports Backend scalability / pub-sub (1.4324ms)
✔ classification preserves labels and assignees (17.9374ms)
✔ UX alias means UX/UI (18.0072ms)
✔ an unassigned issue is not a violation (7.2523ms)
✔ full fixture audit has zero mutations and catches closing-link conflict (6.9324ms)
✔ non-closing prose overrides no native link, not unrelated partial references (6.926ms)
✔ explicit do-not-close linked issue is flagged (6.4806ms)
✔ closed unmerged PR does not close an open issue (6.6459ms)
✔ reopened issue remains open after a historical merged PR (4.5246ms)
✔ no automatic close for several partial PRs (7.2367ms)
✔ only explicit dependency section is interpreted (0.2798ms)
✔ code fences and quoted references are not dependency authority (0.3075ms)
✔ native/text dependency disagreement is flagged (6.6411ms)
✔ matching dependencies do not produce a mismatch (6.9129ms)
✔ dependency cycles are bounded and reported once (7.0824ms)
✔ parent hierarchy mismatch and cycle are detected (5.4207ms)
✔ outside-scope dependency is not fetched or treated as complete (7.3488ms)
✔ missing local dependency is unverified, not closed (6.0986ms)
✔ open issue marked Done is flagged without changing the board (8.3658ms)
✔ unknown workstream is a review hint, not a rename (7.0113ms)
✔ locked default branch is flagged, without bypass (7.5708ms)
✔ stale PR source head is reported (6.6008ms)
✔ current independent review is accepted as evidence (7.5574ms)
✔ author approval is not current independent human approval (8.6646ms)
✔ bot approval is not current independent human approval (6.8068ms)
✔ old-head approval is not current independent human approval (6.9639ms)
✔ later comment does not erase a valid prior approval (6.3655ms)
✔ failed checks and requested changes are surfaced (5.8098ms)
✔ missing checks are not a success (6.2535ms)
✔ stale snapshots are labeled (5.783ms)
✔ future snapshots fail closed (2.3432ms)
✔ finding IDs are stable across repeated reads (14.8941ms)
✔ reported secrets are redacted and Markdown is escaped (17.3318ms)
✔ refuses: assign #50 to example-user (13.9448ms)
✔ refuses: label #50 multiplayer (7.3777ms)
✔ refuses: close #50 (10.2155ms)
✔ refuses: merge PR #237 (8.4635ms)
✔ refuses: enable auto-merge (8.9328ms)
✔ refuses: delete a branch (6.3638ms)
✔ refuses: approve PR #237 (7.2551ms)
✔ refuses: can you change the rules (7.91ms)
✔ question answers use recorded evidence and canonical references (7.7691ms)
✔ reverse dependency questions list dependents (6.4166ms)
✔ unknown questions ask for clarification (8.053ms)
✔ untrusted instruction text grants no tools (7.8774ms)
✔ snapshot rejects wrong repo (1.834ms)
✔ snapshot rejects wrong project (1.4019ms)
✔ snapshot rejects partial coverage (1.205ms)
✔ snapshot rejects wrong count (1.0357ms)
✔ snapshot rejects duplicate issue (1.2249ms)
✔ snapshot rejects hostile URL (1.3248ms)
✔ snapshot rejects hidden project item (1.3045ms)
✔ snapshot rejects cross-repo item (1.2802ms)
✔ snapshot rejects duplicate project item (1.672ms)
✔ snapshot rejects oversized body (1.6101ms)
✔ collector completes two matching passes with no writes (6.3789ms)
✔ collector rejects issue drift between passes (3.9046ms)
✔ collector rejects incomplete nested dependencies (1.6459ms)
✔ collector rejects a changed PR head/check binding (1.6461ms)
✔ collector rejects repeated pagination cursors (1.4826ms)
✔ collector rejects inaccessible connection entries (0.238ms)
✔ read client verifies Bakar404 and never switches accounts (1.7861ms)
✔ explicit hash-pinned read principal does not change the pilot or read allowlist (36.7889ms)
✔ collector profile rejects changed scope or unsupported fields: repository (11.2194ms)
✔ collector profile rejects changed scope or unsupported fields: project_id (20.3715ms)
✔ collector profile rejects changed scope or unsupported fields: project_number (20.0712ms)
✔ collector profile rejects changed scope or unsupported fields: token (19.9302ms)
✔ collector profile rejects changed scope or unsupported fields: url (22.4747ms)
✔ collector profile rejects changed scope or unsupported fields: collector_login (22.632ms)
✔ collector profile rejects wrong hashes, changed bytes and duplicate keys (53.4883ms)
✔ profiled collection records the actual principal and rejects identity or profile drift (41.4314ms)
✔ read client exposes no arbitrary query or write operation (1.5032ms)
✔ GraphQL cursor remains data, not executable query text (1.8397ms)
✔ GraphQL errors do not become accepted partial data (1.5073ms)
✔ GraphQL reserve prevents further reads (1.5738ms)
✔ collection has an elapsed-time bound (1.154ms)
✔ dry run uses neither network nor output files (2.1927ms)
✔ CLI rejects apply (0.2005ms)
✔ CLI rejects audit --fixture --live (0.1291ms)
✔ CLI rejects audit --fixture --out ../escape.json (0.2097ms)
✔ CLI rejects audit --dry-run --out file.json (0.1566ms)
✔ CLI rejects audit --fixture --assign example-user (0.1228ms)
✔ CLI rejects ask --fixture (0.1089ms)
✔ actual CLI dry run works from another directory and has no network intent (202.737ms)
✔ test chat prepares an evidence-based reply without sending it (8.1448ms)
✔ test chat rejects wrong tenant (0.4436ms)
✔ test chat rejects wrong group (0.2532ms)
✔ test chat rejects personal chat (0.2073ms)
✔ test chat rejects other channel (0.1916ms)
✔ test chat ignores messages without a mention (0.2132ms)
✔ test chat ignores its own messages (0.1896ms)
✔ test chat refuses mutation requests (5.233ms)
✔ no production mode or implicit binding (0.4796ms)
ℹ tests 227
ℹ suites 0
ℹ pass 227
ℹ fail 0
ℹ cancelled 0
ℹ skipped 0
ℹ todo 0
ℹ duration_ms 103521.197
