$ node --test --test-concurrency=2 --test-timeout=180000 scenarios/repo-steward/steward.test.mjs scenarios/repo-steward/actions.test.mjs scenarios/repo-steward/recurring-audit.test.mjs scenarios/repo-steward/feedback.test.mjs scenarios/repo-steward/maintenance.test.mjs scenarios/repo-steward/feedback-cli.test.mjs
✔ Actions preview performs no live reads or summary publication (1.8575ms)
✔ Actions fixture uses the real auditor without GitHub access (26.4276ms)
✔ invalid workflow input is rejected during preview without data access (0.9311ms)
✔ hosted live mode rejects non-Actions host before reading data (0.3866ms)
✔ hosted live mode rejects PR event before reading data (0.2805ms)
✔ hosted live mode rejects another repository before reading data (0.1742ms)
✔ hosted live mode rejects feature branch before reading data (0.2356ms)
✔ hosted live mode rejects another actor before reading data (0.2175ms)
✔ hosted live mode rejects another rerun operator before reading data (0.401ms)
✔ hosted live mode rejects missing triggering actor before reading data (0.4753ms)
✔ hosted live mode rejects missing source commit before reading data (0.3695ms)
✔ hosted live mode rejects disabled pilot before reading data (0.1794ms)
✔ hosted live mode rejects unapproved public summary before reading data (0.1347ms)
✔ hosted live mode rejects missing credential before reading data (0.1094ms)
✔ hosted live mode rejects blank credential before reading data (0.1823ms)
✔ hosted live mode rejects write-enabled configuration before reading data (0.1366ms)
✔ GITHUB_TOKEN does not substitute for Project-readable credentials (0.2076ms)
✔ an admitted live path collects once and retains zero mutations (6.6077ms)
✔ collector failure does not produce a successful report (0.4697ms)
✔ stale hosted snapshots fail instead of publishing old findings (5.4241ms)
✔ public summaries never include free-form source or evidence text (6.7658ms)
✔ summary rejects unknown rule (4.2391ms)
✔ summary rejects bad finding id (4.8702ms)
✔ summary rejects foreign reference (5.4804ms)
✔ summary rejects mutation claim (4.8296ms)
✔ summary rejects wrong scope (4.029ms)
✔ summary rejects invalid timestamp (4.7046ms)
✔ summary rejects bad totals (5.6502ms)
✔ public finding index is bounded without copying omitted details (5.3864ms)
✔ every configured fixture rule has an explicit publication review (4.3116ms)
✔ summary file writes remain inside a supplied native temporary directory (18.1072ms)
✔ Actions CLI rejects unsupported arguments --apply (0.315ms)
✔ Actions CLI rejects unsupported arguments --live (0.1613ms)
✔ Actions CLI rejects unsupported arguments --live (0.1529ms)
✔ actual fixture CLI needs no hosted secrets or Teams SDK (193.9255ms)
✔ manual workflow keeps first-party actions pinned and live credentials isolated (2.4428ms)
✔ feedback CLI rejects unsupported, missing and duplicate transition arguments (2.0493ms)
✔ new-file corpus output preserves the previous version and refuses overwrite (22.2979ms)
✔ initializing a corpus binds the validated input scope without changing its snapshot (45.3081ms)
✔ partial snapshot cannot create a corpus file (23.755ms)
✔ redirected output parent is refused without writing through it (5.4487ms)
✔ review evidence must be a file and cannot use a directory as a digest source (42.5185ms)
✔ review CLI records the exact binary digest and closes its descriptor (85.9872ms)
✔ same-size review replacement between metadata check and open cannot update a corpus (33.5128ms)
✔ review parent swapped for a symlink or junction before open is rejected (52.1417ms)
✔ same-size pathname replacement after descriptor read is rejected (29.1042ms)
✔ same-size in-place review rewrite cannot hide behind a restored modification time (24.9877ms)
✔ review growth after open stays within its original byte bound and is rejected (23.9274ms)
✔ bounded review reads handle partial reads and reject empty or oversized files (17.0404ms)
✔ native behavioral evidence remains candidate with original local source and no finding impersonation (62.0338ms)
✔ native behavioral activation is denied for mixed support and forged active or retired history (40.251ms)
✔ native behavioral candidates can be rejected without widening legacy review authority (42.7977ms)
✔ native behavioral bytes, identity claims, source and repeated runs remain validated (105.2649ms)
✔ evidence binds actual audit finding and supplied snapshot without certifying collection or identity (9.7676ms)
✔ accepted missing Project status binds the native serialized report and finding in evidence and observations (38.6802ms)
✔ auditor optional-field normalization retains strict data-only feedback and report validation (62.1064ms)
✔ timestamp-only or unrelated snapshot changes do not manufacture repeated supporting evidence (29.0855ms)
✔ partial, cross-scope, stale or missing findings cannot become feedback evidence (13.0633ms)
✔ feedback source pins accept exactly 40 or 64 hexadecimal characters, including supplied evidence (72.3663ms)
✔ candidate, active and retired versions preserve their inputs and have exact transition digests (17.5091ms)
✔ one observation, fabricated evidence bytes and replayed reviews cannot activate a rule (77.737ms)
✔ reviewer labels and claimed approval booleans do not supply verified review authority (21.9619ms)
✔ explicit rejection remains terminal and contributes no advice (39.794ms)
✔ prospective expiry is mandatory, bounded, and effective at the exact boundary (95.5794ms)
✔ active capacity cannot expand and supersession retires only the exact predecessor (65.371ms)
✔ supersession rejects stale targets and cannot cross finding rules (43.3074ms)
✔ active guidance annotates only matching findings without hiding or changing original conclusions (21.8405ms)
✔ broad matching admits at most the finite annotation limit and never truncates an excessive report (316.8854ms)
✔ serialized output bytes are admitted before escaped guidance and evidence references fan out (54.1371ms)
✔ later audits honor activation and retirement while the original report stays identical (35.6017ms)
✔ unknown executable, suppression, assignment and permission options are rejected (129.9933ms)
✔ stale reports, foreign scope and altered evidence fail closed (25.1419ms)
✔ canonical digests ignore property insertion order but reject executable and non-finite data (0.3804ms)
✔ reusable corpus validation preserves input and rejects authority claims or altered guidance (15.2532ms)
✔ explicit collector profile requires a hash and cannot relabel a supplied snapshot (2.7043ms)
✔ recurrence requires finite explicit bounds before reading any input (0.8075ms)
✔ finite recurrence reloads snapshot and feedback on every cycle (2.5897ms)
✔ paused and stopped records prevent collection and input reads (2.1923ms)
✔ exhausted persisted attempts reject before snapshot, feedback or live collection (2.3769ms)
✔ watch admits the final allowed attempt and then stops before collecting another snapshot (1.2835ms)
✔ source mismatch refuses before reading snapshot or feedback (1.1806ms)
✔ a failed cycle stops recurrence without retrying or losing the failure (1.3738ms)
✔ first snapshot acquisition failure retains one sanitized failed attempt (314.5567ms)
✔ later corpus acquisition failure preserves earlier accepted evidence and consumes one attempt (763.6042ms)
✔ live acquisition failure is retained once without raw error text or a retry (267.1994ms)
✔ pause and stop during failed acquisition remain effective without a new admitted attempt (2187.9571ms)
✔ deadline crossing during failed acquisition prevents late attempt admission (1.5799ms)
✔ interruption during failed acquisition prevents a new admitted attempt (1.1436ms)
✔ duration bounds stop admission after collection without writing a late result (1.1263ms)
✔ interruption during an interval exits without another audit (1.2691ms)
✔ control commands delegate exact action, source and reason without collecting (3.12ms)
✔ status exposes bounded metadata and no retained finding text (1.1912ms)
✔ one audit writes source-bound immutable private reports and an advisory handoff (539.6349ms)
✔ fresh capture timestamps and transport metrics alone produce no new report or proposal across restart (802.5138ms)
✔ live state binds the exact selected principal and profile through restart and controls (2487.249ms)
✔ profile metadata cannot convert supplied evidence or a different live principal into accepted observations (286.7919ms)
✔ changed scoped content produces a new receipt while retaining stable finding dedupe (518.8411ms)
✔ resolved findings are recorded without claiming a remote correction (505.6769ms)
✔ stale input fails and preserves a failed attempt, never reusing previous success (628.0293ms)
✔ future input fails and preserves a failed attempt, never reusing previous success (610.3487ms)
✔ incomplete input fails and preserves a failed attempt, never reusing previous success (611.9612ms)
✔ source drift fails and preserves a failed attempt, never reusing previous success (573.6302ms)
✔ changing the caller source pin cannot migrate an existing directory (466.8035ms)
✔ pause prevents input use, resume retains dedupe, and stop cannot resume (2465.0712ms)
✔ concurrent cycles have one winner and never create duplicate accepted receipts (556.9361ms)
✔ retained locks fail closed without PID reuse or timeout-based recovery (18.6882ms)
✔ incomplete intent and rollback to an older checkpoint refuse replay (710.4113ms)
✔ tampered referenced artifacts are rejected and preserved (424.2209ms)
✔ output-directory redirection refuses writes through a symlink or junction (11.3577ms)
✔ an unexpected output file is retained, not overwritten or removed (19.7563ms)
✔ status rejects unexpected files in initialized state before accepting its control projection (237.0575ms)
✔ missing, traversal-style and incomplete control requests do not create authority (4.2945ms)
✔ live source claims retain the existing collector identity and zero-write metadata (271.7038ms)
✔ finite convenience API has explicit bounds and performs no scheduling (1099.5451ms)
✔ state and artifact redirection are not followed on read (271.7421ms)
✔ alter of earlier history is detected after a newer successful cycle (660.0327ms)
✔ delete of earlier history is detected after a newer successful cycle (652.015ms)
✔ changed implementation pins fail before a new intent is written (404.6559ms)
✔ a directory replaced while a caller holds its lock cannot redirect any artifact write (334.9156ms)
✔ actual corpus activation and retirement change only separately bound advisory output (1287.3387ms)
✔ expiry invalidates cached advisory annotations even without corpus byte changes (602.3866ms)
✔ mixed retained controls and new cycles enforce one transition bound with a reserved terminal stop (64519.3371ms)
✔ accepted snapshots with omitted optional metadata produce parseable JSON artifacts and replay (719.2351ms)
✔ optional auditor metadata works through the real feedback evidence and recurring consumer bridge (692.5064ms)
✔ policy has the ten requested workstreams and never assigns people (3.3449ms)
✔ classification supports Multiplayer (6.1485ms)
✔ classification supports UX/UI (1.6888ms)
✔ classification supports Multi-system execution (1.2371ms)
✔ classification supports Janitor (1.2884ms)
✔ classification supports Dynamic agent teams (1.2685ms)
✔ classification supports DevOps/PR review/branch protection (1.9916ms)
✔ classification supports Security (1.2404ms)
✔ classification supports Agent communication layer (1.2378ms)
✔ classification supports Dark factory automation (1.4568ms)
✔ classification supports Backend scalability / pub-sub (1.2114ms)
✔ classification preserves labels and assignees (12.3013ms)
✔ UX alias means UX/UI (14.2112ms)
✔ an unassigned issue is not a violation (4.9717ms)
✔ full fixture audit has zero mutations and catches closing-link conflict (4.9265ms)
✔ non-closing prose overrides no native link, not unrelated partial references (3.9042ms)
✔ explicit do-not-close linked issue is flagged (3.55ms)
✔ closed unmerged PR does not close an open issue (4.3653ms)
✔ reopened issue remains open after a historical merged PR (3.7856ms)
✔ no automatic close for several partial PRs (4.1139ms)
✔ only explicit dependency section is interpreted (0.1718ms)
✔ code fences and quoted references are not dependency authority (0.2268ms)
✔ native/text dependency disagreement is flagged (4.0359ms)
✔ matching dependencies do not produce a mismatch (4.2115ms)
✔ dependency cycles are bounded and reported once (4.28ms)
✔ parent hierarchy mismatch and cycle are detected (3.9818ms)
✔ outside-scope dependency is not fetched or treated as complete (3.8223ms)
✔ missing local dependency is unverified, not closed (3.7457ms)
✔ open issue marked Done is flagged without changing the board (4.7369ms)
✔ unknown workstream is a review hint, not a rename (3.8835ms)
✔ locked default branch is flagged, without bypass (3.9597ms)
✔ stale PR source head is reported (3.5835ms)
✔ current independent review is accepted as evidence (4.3355ms)
✔ author approval is not current independent human approval (4.3622ms)
✔ bot approval is not current independent human approval (3.3827ms)
✔ old-head approval is not current independent human approval (3.6731ms)
✔ later comment does not erase a valid prior approval (3.7425ms)
✔ failed checks and requested changes are surfaced (4.1279ms)
✔ missing checks are not a success (3.7866ms)
✔ stale snapshots are labeled (3.7068ms)
✔ future snapshots fail closed (1.6514ms)
✔ finding IDs are stable across repeated reads (8.1488ms)
✔ reported secrets are redacted and Markdown is escaped (10.5206ms)
✔ refuses: assign #50 to example-user (7.0665ms)
✔ refuses: label #50 multiplayer (5.3412ms)
✔ refuses: close #50 (5.3363ms)
✔ refuses: merge PR #237 (5.6534ms)
✔ refuses: enable auto-merge (7.9262ms)
✔ refuses: delete a branch (4.8347ms)
✔ refuses: approve PR #237 (4.6392ms)
✔ refuses: can you change the rules (4.7288ms)
✔ question answers use recorded evidence and canonical references (4.9724ms)
✔ reverse dependency questions list dependents (4.4321ms)
✔ unknown questions ask for clarification (5.3779ms)
✔ untrusted instruction text grants no tools (4.9586ms)
✔ snapshot rejects wrong repo (1.239ms)
✔ snapshot rejects wrong project (1.0376ms)
✔ snapshot rejects partial coverage (0.9942ms)
✔ snapshot rejects wrong count (0.9961ms)
✔ snapshot rejects duplicate issue (1.2777ms)
✔ snapshot rejects hostile URL (1.2199ms)
✔ snapshot rejects hidden project item (1.3529ms)
✔ snapshot rejects cross-repo item (1.2925ms)
✔ snapshot rejects duplicate project item (1.3037ms)
✔ snapshot rejects oversized body (1.2672ms)
✔ collector completes two matching passes with no writes (5.0952ms)
✔ collector rejects issue drift between passes (2.6538ms)
✔ collector rejects incomplete nested dependencies (2.0141ms)
✔ collector rejects a changed PR head/check binding (1.9969ms)
✔ collector rejects repeated pagination cursors (1.3655ms)
✔ collector rejects inaccessible connection entries (0.2288ms)
✔ read client verifies Bakar404 and never switches accounts (1.46ms)
✔ explicit hash-pinned read principal does not change the pilot or read allowlist (20.5449ms)
✔ collector profile rejects changed scope or unsupported fields: repository (9.5785ms)
✔ collector profile rejects changed scope or unsupported fields: project_id (17.72ms)
✔ collector profile rejects changed scope or unsupported fields: project_number (10.9338ms)
✔ collector profile rejects changed scope or unsupported fields: token (16.8687ms)
✔ collector profile rejects changed scope or unsupported fields: url (9.3575ms)
✔ collector profile rejects changed scope or unsupported fields: collector_login (9.5562ms)
✔ collector profile rejects wrong hashes, changed bytes and duplicate keys (63.4033ms)
✔ profiled collection records the actual principal and rejects identity or profile drift (38.4945ms)
✔ read client exposes no arbitrary query or write operation (1.6034ms)
✔ GraphQL cursor remains data, not executable query text (1.4671ms)
✔ GraphQL errors do not become accepted partial data (1.2715ms)
✔ GraphQL reserve prevents further reads (1.4406ms)
✔ collection has an elapsed-time bound (1.4659ms)
✔ dry run uses neither network nor output files (1.8014ms)
✔ CLI rejects apply (0.9486ms)
✔ CLI rejects audit --fixture --live (0.1491ms)
✔ CLI rejects audit --fixture --out ../escape.json (0.2367ms)
✔ CLI rejects audit --dry-run --out file.json (0.1455ms)
✔ CLI rejects audit --fixture --assign example-user (0.1182ms)
✔ CLI rejects ask --fixture (0.1034ms)
✔ actual CLI dry run works from another directory and has no network intent (161.3465ms)
✔ test chat prepares an evidence-based reply without sending it (6.0377ms)
✔ test chat rejects wrong tenant (0.3384ms)
✔ test chat rejects wrong group (0.1469ms)
✔ test chat rejects personal chat (0.1283ms)
✔ test chat rejects other channel (0.1275ms)
✔ test chat ignores messages without a mention (0.1368ms)
✔ test chat ignores its own messages (0.1627ms)
✔ test chat refuses mutation requests (4.8588ms)
✔ no production mode or implicit binding (0.4358ms)
ℹ tests 227
ℹ suites 0
ℹ pass 227
ℹ fail 0
ℹ cancelled 0
ℹ skipped 0
ℹ todo 0
ℹ duration_ms 86297.206
