$ node --test --test-concurrency=2 --test-timeout=180000 scenarios/repo-steward/steward.test.mjs scenarios/repo-steward/actions.test.mjs scenarios/repo-steward/recurring-audit.test.mjs scenarios/repo-steward/feedback.test.mjs scenarios/repo-steward/maintenance.test.mjs scenarios/repo-steward/feedback-cli.test.mjs
✔ Actions preview performs no live reads or summary publication (2.6301ms)
✔ Actions fixture uses the real auditor without GitHub access (36.8523ms)
✔ invalid workflow input is rejected during preview without data access (1.0108ms)
✔ hosted live mode rejects non-Actions host before reading data (0.3539ms)
✔ hosted live mode rejects PR event before reading data (0.9567ms)
✔ hosted live mode rejects another repository before reading data (0.1751ms)
✔ hosted live mode rejects feature branch before reading data (0.3381ms)
✔ hosted live mode rejects another actor before reading data (0.3751ms)
✔ hosted live mode rejects another rerun operator before reading data (0.2532ms)
✔ hosted live mode rejects missing triggering actor before reading data (0.3266ms)
✔ hosted live mode rejects missing source commit before reading data (0.2852ms)
✔ hosted live mode rejects disabled pilot before reading data (0.1558ms)
✔ hosted live mode rejects unapproved public summary before reading data (0.1594ms)
✔ hosted live mode rejects missing credential before reading data (0.123ms)
✔ hosted live mode rejects blank credential before reading data (0.1714ms)
✔ hosted live mode rejects write-enabled configuration before reading data (0.1322ms)
✔ GITHUB_TOKEN does not substitute for Project-readable credentials (0.2099ms)
✔ an admitted live path collects once and retains zero mutations (5.5976ms)
✔ collector failure does not produce a successful report (0.3393ms)
✔ stale hosted snapshots fail instead of publishing old findings (6.7939ms)
✔ public summaries never include free-form source or evidence text (5.2057ms)
✔ summary rejects unknown rule (4.5881ms)
✔ summary rejects bad finding id (4.4159ms)
✔ summary rejects foreign reference (5.6574ms)
✔ summary rejects mutation claim (4.9603ms)
✔ summary rejects wrong scope (3.8737ms)
✔ summary rejects invalid timestamp (4.3983ms)
✔ summary rejects bad totals (4.6805ms)
✔ public finding index is bounded without copying omitted details (4.6944ms)
✔ every configured fixture rule has an explicit publication review (4.2753ms)
✔ summary file writes remain inside a supplied native temporary directory (10.8074ms)
✔ Actions CLI rejects unsupported arguments --apply (0.27ms)
✔ Actions CLI rejects unsupported arguments --live (0.1433ms)
✔ Actions CLI rejects unsupported arguments --live (0.1141ms)
✔ actual fixture CLI needs no hosted secrets or Teams SDK (195.3828ms)
✔ manual workflow keeps first-party actions pinned and live credentials isolated (2.2509ms)
✔ feedback CLI rejects unsupported, missing and duplicate transition arguments (2.1977ms)
✔ new-file corpus output preserves the previous version and refuses overwrite (29.44ms)
✔ initializing a corpus binds the validated input scope without changing its snapshot (46.714ms)
✔ partial snapshot cannot create a corpus file (22.8455ms)
✔ redirected output parent is refused without writing through it (5.5898ms)
✔ review evidence must be a file and cannot use a directory as a digest source (47.4986ms)
✔ review CLI records the exact binary digest and closes its descriptor (70.9707ms)
✔ same-size review replacement between metadata check and open cannot update a corpus (27.5753ms)
✔ review parent swapped for a symlink or junction before open is rejected (32.8337ms)
✔ same-size pathname replacement after descriptor read is rejected (31.9572ms)
✔ same-size in-place review rewrite cannot hide behind a restored modification time (34.1638ms)
✔ review growth after open stays within its original byte bound and is rejected (27.8403ms)
✔ bounded review reads handle partial reads and reject empty or oversized files (19.4313ms)
✔ native behavioral evidence remains candidate with original local source and no finding impersonation (63.6378ms)
✔ native behavioral activation is denied for mixed support and forged active or retired history (47.1549ms)
✔ native behavioral candidates can be rejected without widening legacy review authority (44.6457ms)
✔ native behavioral bytes, identity claims, source and repeated runs remain validated (106.0277ms)
✔ evidence binds actual audit finding and supplied snapshot without certifying collection or identity (9.4522ms)
✔ accepted missing Project status binds the native serialized report and finding in evidence and observations (39.9794ms)
✔ auditor optional-field normalization retains strict data-only feedback and report validation (61.7484ms)
✔ timestamp-only or unrelated snapshot changes do not manufacture repeated supporting evidence (26.6049ms)
✔ partial, cross-scope, stale or missing findings cannot become feedback evidence (12.0588ms)
✔ feedback source pins accept exactly 40 or 64 hexadecimal characters, including supplied evidence (61.9533ms)
✔ candidate, active and retired versions preserve their inputs and have exact transition digests (16.7391ms)
✔ one observation, fabricated evidence bytes and replayed reviews cannot activate a rule (68.2615ms)
✔ reviewer labels and claimed approval booleans do not supply verified review authority (21.2184ms)
✔ explicit rejection remains terminal and contributes no advice (37.0846ms)
✔ prospective expiry is mandatory, bounded, and effective at the exact boundary (93.3948ms)
✔ active capacity cannot expand and supersession retires only the exact predecessor (58.1563ms)
✔ supersession rejects stale targets and cannot cross finding rules (39.6383ms)
✔ active guidance annotates only matching findings without hiding or changing original conclusions (19.8994ms)
✔ broad matching admits at most the finite annotation limit and never truncates an excessive report (300.3327ms)
✔ serialized output bytes are admitted before escaped guidance and evidence references fan out (58.6237ms)
✔ later audits honor activation and retirement while the original report stays identical (33.8661ms)
✔ unknown executable, suppression, assignment and permission options are rejected (134.7131ms)
✔ stale reports, foreign scope and altered evidence fail closed (29.437ms)
✔ canonical digests ignore property insertion order but reject executable and non-finite data (0.3863ms)
✔ reusable corpus validation preserves input and rejects authority claims or altered guidance (14.7888ms)
✔ explicit collector profile requires a hash and cannot relabel a supplied snapshot (3.2051ms)
✔ recurrence requires finite explicit bounds before reading any input (0.8671ms)
✔ finite recurrence reloads snapshot and feedback on every cycle (2.674ms)
✔ paused and stopped records prevent collection and input reads (2.4928ms)
✔ exhausted persisted attempts reject before snapshot, feedback or live collection (2.6326ms)
✔ watch admits the final allowed attempt and then stops before collecting another snapshot (1.3593ms)
✔ source mismatch refuses before reading snapshot or feedback (1.164ms)
✔ a failed cycle stops recurrence without retrying or losing the failure (1.3906ms)
✔ first snapshot acquisition failure retains one sanitized failed attempt (302.2488ms)
✔ later corpus acquisition failure preserves earlier accepted evidence and consumes one attempt (730.4268ms)
✔ live acquisition failure is retained once without raw error text or a retry (286.895ms)
✔ pause and stop during failed acquisition remain effective without a new admitted attempt (1890.3735ms)
✔ deadline crossing during failed acquisition prevents late attempt admission (1.372ms)
✔ interruption during failed acquisition prevents a new admitted attempt (1.1372ms)
✔ duration bounds stop admission after collection without writing a late result (0.9586ms)
✔ interruption during an interval exits without another audit (1.1001ms)
✔ control commands delegate exact action, source and reason without collecting (2.5859ms)
✔ status exposes bounded metadata and no retained finding text (1.1189ms)
✔ one audit writes source-bound immutable private reports and an advisory handoff (433.3472ms)
✔ fresh capture timestamps and transport metrics alone produce no new report or proposal across restart (659.2295ms)
✔ live state binds the exact selected principal and profile through restart and controls (2310.3502ms)
✔ profile metadata cannot convert supplied evidence or a different live principal into accepted observations (273.1132ms)
✔ changed scoped content produces a new receipt while retaining stable finding dedupe (491.1324ms)
✔ resolved findings are recorded without claiming a remote correction (492.6032ms)
✔ stale input fails and preserves a failed attempt, never reusing previous success (584.2967ms)
✔ future input fails and preserves a failed attempt, never reusing previous success (564.5319ms)
✔ incomplete input fails and preserves a failed attempt, never reusing previous success (589.571ms)
✔ source drift fails and preserves a failed attempt, never reusing previous success (565.143ms)
✔ changing the caller source pin cannot migrate an existing directory (449.5538ms)
✔ pause prevents input use, resume retains dedupe, and stop cannot resume (2201.6898ms)
✔ concurrent cycles have one winner and never create duplicate accepted receipts (334.8735ms)
✔ retained locks fail closed without PID reuse or timeout-based recovery (18.8201ms)
✔ incomplete intent and rollback to an older checkpoint refuse replay (554.8914ms)
✔ tampered referenced artifacts are rejected and preserved (397.3764ms)
✔ output-directory redirection refuses writes through a symlink or junction (12.2032ms)
✔ an unexpected output file is retained, not overwritten or removed (25.6077ms)
✔ status rejects unexpected files in initialized state before accepting its control projection (375.6776ms)
✔ missing, traversal-style and incomplete control requests do not create authority (6.3686ms)
✔ live source claims retain the existing collector identity and zero-write metadata (344.2363ms)
✔ finite convenience API has explicit bounds and performs no scheduling (1044.7186ms)
✔ state and artifact redirection are not followed on read (244.9087ms)
✔ alter of earlier history is detected after a newer successful cycle (635.9032ms)
✔ delete of earlier history is detected after a newer successful cycle (635.4823ms)
✔ changed implementation pins fail before a new intent is written (385.941ms)
✔ a directory replaced while a caller holds its lock cannot redirect any artifact write (319.4698ms)
✔ actual corpus activation and retirement change only separately bound advisory output (1247.7896ms)
✔ expiry invalidates cached advisory annotations even without corpus byte changes (570.0861ms)
✔ mixed retained controls and new cycles enforce one transition bound with a reserved terminal stop (64353.4436ms)
✔ accepted snapshots with omitted optional metadata produce parseable JSON artifacts and replay (514.9315ms)
✔ optional auditor metadata works through the real feedback evidence and recurring consumer bridge (589.2764ms)
✔ policy has the ten requested workstreams and never assigns people (3.3027ms)
✔ classification supports Multiplayer (6.0058ms)
✔ classification supports UX/UI (1.6875ms)
✔ classification supports Multi-system execution (1.2702ms)
✔ classification supports Janitor (1.1946ms)
✔ classification supports Dynamic agent teams (1.1059ms)
✔ classification supports DevOps/PR review/branch protection (1.8318ms)
✔ classification supports Security (1.1569ms)
✔ classification supports Agent communication layer (1.2604ms)
✔ classification supports Dark factory automation (1.2746ms)
✔ classification supports Backend scalability / pub-sub (1.1056ms)
✔ classification preserves labels and assignees (12.1012ms)
✔ UX alias means UX/UI (13.9345ms)
✔ an unassigned issue is not a violation (5.258ms)
✔ full fixture audit has zero mutations and catches closing-link conflict (4.8329ms)
✔ non-closing prose overrides no native link, not unrelated partial references (3.9927ms)
✔ explicit do-not-close linked issue is flagged (3.638ms)
✔ closed unmerged PR does not close an open issue (4.6561ms)
✔ reopened issue remains open after a historical merged PR (3.4303ms)
✔ no automatic close for several partial PRs (4.0306ms)
✔ only explicit dependency section is interpreted (0.1766ms)
✔ code fences and quoted references are not dependency authority (0.2178ms)
✔ native/text dependency disagreement is flagged (3.9766ms)
✔ matching dependencies do not produce a mismatch (4.2302ms)
✔ dependency cycles are bounded and reported once (4.3757ms)
✔ parent hierarchy mismatch and cycle are detected (3.9975ms)
✔ outside-scope dependency is not fetched or treated as complete (4.0091ms)
✔ missing local dependency is unverified, not closed (4.0545ms)
✔ open issue marked Done is flagged without changing the board (4.4116ms)
✔ unknown workstream is a review hint, not a rename (3.3027ms)
✔ locked default branch is flagged, without bypass (3.9179ms)
✔ stale PR source head is reported (3.4774ms)
✔ current independent review is accepted as evidence (4.0765ms)
✔ author approval is not current independent human approval (4.0178ms)
✔ bot approval is not current independent human approval (3.507ms)
✔ old-head approval is not current independent human approval (3.5207ms)
✔ later comment does not erase a valid prior approval (3.8067ms)
✔ failed checks and requested changes are surfaced (4.0802ms)
✔ missing checks are not a success (3.4412ms)
✔ stale snapshots are labeled (3.3312ms)
✔ future snapshots fail closed (1.5331ms)
✔ finding IDs are stable across repeated reads (7.0872ms)
✔ reported secrets are redacted and Markdown is escaped (10.2676ms)
✔ refuses: assign #50 to example-user (4.9364ms)
✔ refuses: label #50 multiplayer (4.6334ms)
✔ refuses: close #50 (4.4296ms)
✔ refuses: merge PR #237 (4.6194ms)
✔ refuses: enable auto-merge (4.5531ms)
✔ refuses: delete a branch (4.3463ms)
✔ refuses: approve PR #237 (4.4321ms)
✔ refuses: can you change the rules (4.9324ms)
✔ question answers use recorded evidence and canonical references (5.0254ms)
✔ reverse dependency questions list dependents (4.3793ms)
✔ unknown questions ask for clarification (4.8274ms)
✔ untrusted instruction text grants no tools (5.6661ms)
✔ snapshot rejects wrong repo (1.2164ms)
✔ snapshot rejects wrong project (1.0198ms)
✔ snapshot rejects partial coverage (0.9637ms)
✔ snapshot rejects wrong count (1.0014ms)
✔ snapshot rejects duplicate issue (1.1625ms)
✔ snapshot rejects hostile URL (1.0167ms)
✔ snapshot rejects hidden project item (1.1059ms)
✔ snapshot rejects cross-repo item (1.1893ms)
✔ snapshot rejects duplicate project item (1.3676ms)
✔ snapshot rejects oversized body (1.3857ms)
✔ collector completes two matching passes with no writes (4.4967ms)
✔ collector rejects issue drift between passes (2.4519ms)
✔ collector rejects incomplete nested dependencies (1.1628ms)
✔ collector rejects a changed PR head/check binding (1.218ms)
✔ collector rejects repeated pagination cursors (1.2436ms)
✔ collector rejects inaccessible connection entries (0.1533ms)
✔ read client verifies Bakar404 and never switches accounts (1.24ms)
✔ explicit hash-pinned read principal does not change the pilot or read allowlist (28.3937ms)
✔ collector profile rejects changed scope or unsupported fields: repository (8.5582ms)
✔ collector profile rejects changed scope or unsupported fields: project_id (8.4242ms)
✔ collector profile rejects changed scope or unsupported fields: project_number (15.8537ms)
✔ collector profile rejects changed scope or unsupported fields: token (8.9228ms)
✔ collector profile rejects changed scope or unsupported fields: url (8.5519ms)
✔ collector profile rejects changed scope or unsupported fields: collector_login (15.2238ms)
✔ collector profile rejects wrong hashes, changed bytes and duplicate keys (35.5431ms)
✔ profiled collection records the actual principal and rejects identity or profile drift (33.638ms)
✔ read client exposes no arbitrary query or write operation (1.3457ms)
✔ GraphQL cursor remains data, not executable query text (1.3531ms)
✔ GraphQL errors do not become accepted partial data (1.1612ms)
✔ GraphQL reserve prevents further reads (1.8583ms)
✔ collection has an elapsed-time bound (1.0809ms)
✔ dry run uses neither network nor output files (1.4065ms)
✔ CLI rejects apply (0.1467ms)
✔ CLI rejects audit --fixture --live (0.1035ms)
✔ CLI rejects audit --fixture --out ../escape.json (0.1472ms)
✔ CLI rejects audit --dry-run --out file.json (0.0903ms)
✔ CLI rejects audit --fixture --assign example-user (0.0815ms)
✔ CLI rejects ask --fixture (0.0771ms)
✔ actual CLI dry run works from another directory and has no network intent (146.9062ms)
✔ test chat prepares an evidence-based reply without sending it (5.953ms)
✔ test chat rejects wrong tenant (0.3549ms)
✔ test chat rejects wrong group (0.1565ms)
✔ test chat rejects personal chat (0.1372ms)
✔ test chat rejects other channel (0.1295ms)
✔ test chat ignores messages without a mention (0.1342ms)
✔ test chat ignores its own messages (0.1223ms)
✔ test chat refuses mutation requests (4.3447ms)
✔ no production mode or implicit binding (0.2725ms)
ℹ tests 227
ℹ suites 0
ℹ pass 227
ℹ fail 0
ℹ cancelled 0
ℹ skipped 0
ℹ todo 0
ℹ duration_ms 84551.311
