$ node --test --test-concurrency=2 --test-timeout=180000 scenarios/repo-steward/steward.test.mjs scenarios/repo-steward/actions.test.mjs scenarios/repo-steward/recurring-audit.test.mjs scenarios/repo-steward/feedback.test.mjs scenarios/repo-steward/maintenance.test.mjs scenarios/repo-steward/feedback-cli.test.mjs
✔ Actions preview performs no live reads or summary publication (1.7934ms)
✔ Actions fixture uses the real auditor without GitHub access (27.8665ms)
✔ invalid workflow input is rejected during preview without data access (1.0049ms)
✔ hosted live mode rejects non-Actions host before reading data (0.3489ms)
✔ hosted live mode rejects PR event before reading data (0.8745ms)
✔ hosted live mode rejects another repository before reading data (0.1795ms)
✔ hosted live mode rejects feature branch before reading data (0.2744ms)
✔ hosted live mode rejects another actor before reading data (0.2225ms)
✔ hosted live mode rejects another rerun operator before reading data (0.3102ms)
✔ hosted live mode rejects missing triggering actor before reading data (0.3786ms)
✔ hosted live mode rejects missing source commit before reading data (0.3128ms)
✔ hosted live mode rejects disabled pilot before reading data (0.1558ms)
✔ hosted live mode rejects unapproved public summary before reading data (0.1343ms)
✔ hosted live mode rejects missing credential before reading data (0.1181ms)
✔ hosted live mode rejects blank credential before reading data (0.1475ms)
✔ hosted live mode rejects write-enabled configuration before reading data (0.1281ms)
✔ GITHUB_TOKEN does not substitute for Project-readable credentials (0.3069ms)
✔ an admitted live path collects once and retains zero mutations (5.35ms)
✔ collector failure does not produce a successful report (0.2711ms)
✔ stale hosted snapshots fail instead of publishing old findings (4.8379ms)
✔ public summaries never include free-form source or evidence text (4.9054ms)
✔ summary rejects unknown rule (3.8771ms)
✔ summary rejects bad finding id (4.2087ms)
✔ summary rejects foreign reference (3.7705ms)
✔ summary rejects mutation claim (3.9424ms)
✔ summary rejects wrong scope (3.6592ms)
✔ summary rejects invalid timestamp (4.0037ms)
✔ summary rejects bad totals (4.2227ms)
✔ public finding index is bounded without copying omitted details (4.3891ms)
✔ every configured fixture rule has an explicit publication review (3.979ms)
✔ summary file writes remain inside a supplied native temporary directory (8.401ms)
✔ Actions CLI rejects unsupported arguments --apply (0.2182ms)
✔ Actions CLI rejects unsupported arguments --live (0.0953ms)
✔ Actions CLI rejects unsupported arguments --live (0.0868ms)
✔ actual fixture CLI needs no hosted secrets or Teams SDK (173.6233ms)
✔ manual workflow keeps first-party actions pinned and live credentials isolated (2.5391ms)
✔ feedback CLI rejects unsupported, missing and duplicate transition arguments (2.281ms)
✔ new-file corpus output preserves the previous version and refuses overwrite (24.2992ms)
✔ initializing a corpus binds the validated input scope without changing its snapshot (40.0859ms)
✔ partial snapshot cannot create a corpus file (20.0085ms)
✔ redirected output parent is refused without writing through it (5.0082ms)
✔ review evidence must be a file and cannot use a directory as a digest source (40.7766ms)
✔ review CLI records the exact binary digest and closes its descriptor (66.9949ms)
✔ same-size review replacement between metadata check and open cannot update a corpus (29.2388ms)
✔ review parent swapped for a symlink or junction before open is rejected (32.6385ms)
✔ same-size pathname replacement after descriptor read is rejected (30.2744ms)
✔ same-size in-place review rewrite cannot hide behind a restored modification time (28.774ms)
✔ review growth after open stays within its original byte bound and is rejected (25.5028ms)
✔ bounded review reads handle partial reads and reject empty or oversized files (18.0884ms)
✔ native behavioral evidence remains candidate with original local source and no finding impersonation (67.9989ms)
✔ native behavioral activation is denied for mixed support and forged active or retired history (37.9054ms)
✔ native behavioral candidates can be rejected without widening legacy review authority (41.4166ms)
✔ native behavioral bytes, identity claims, source and repeated runs remain validated (96.808ms)
✔ evidence binds actual audit finding and supplied snapshot without certifying collection or identity (9.1059ms)
✔ accepted missing Project status binds the native serialized report and finding in evidence and observations (34.9241ms)
✔ auditor optional-field normalization retains strict data-only feedback and report validation (52.6076ms)
✔ timestamp-only or unrelated snapshot changes do not manufacture repeated supporting evidence (26.9129ms)
✔ partial, cross-scope, stale or missing findings cannot become feedback evidence (12.0356ms)
✔ feedback source pins accept exactly 40 or 64 hexadecimal characters, including supplied evidence (61.0204ms)
✔ candidate, active and retired versions preserve their inputs and have exact transition digests (16.437ms)
✔ one observation, fabricated evidence bytes and replayed reviews cannot activate a rule (66.8697ms)
✔ reviewer labels and claimed approval booleans do not supply verified review authority (21.2974ms)
✔ explicit rejection remains terminal and contributes no advice (36.2951ms)
✔ prospective expiry is mandatory, bounded, and effective at the exact boundary (89.3485ms)
✔ active capacity cannot expand and supersession retires only the exact predecessor (55.4891ms)
✔ supersession rejects stale targets and cannot cross finding rules (44.0534ms)
✔ active guidance annotates only matching findings without hiding or changing original conclusions (20.7149ms)
✔ broad matching admits at most the finite annotation limit and never truncates an excessive report (307.954ms)
✔ serialized output bytes are admitted before escaped guidance and evidence references fan out (55.9011ms)
✔ later audits honor activation and retirement while the original report stays identical (34.8302ms)
✔ unknown executable, suppression, assignment and permission options are rejected (132.1209ms)
✔ stale reports, foreign scope and altered evidence fail closed (23.8988ms)
✔ canonical digests ignore property insertion order but reject executable and non-finite data (0.4246ms)
✔ reusable corpus validation preserves input and rejects authority claims or altered guidance (14.483ms)
✔ explicit collector profile requires a hash and cannot relabel a supplied snapshot (2.708ms)
✔ recurrence requires finite explicit bounds before reading any input (0.7345ms)
✔ finite recurrence reloads snapshot and feedback on every cycle (2.4131ms)
✔ paused and stopped records prevent collection and input reads (2.0221ms)
✔ exhausted persisted attempts reject before snapshot, feedback or live collection (2.1503ms)
✔ watch admits the final allowed attempt and then stops before collecting another snapshot (1.5318ms)
✔ source mismatch refuses before reading snapshot or feedback (1.4379ms)
✔ a failed cycle stops recurrence without retrying or losing the failure (1.2187ms)
✔ first snapshot acquisition failure retains one sanitized failed attempt (283.5359ms)
✔ later corpus acquisition failure preserves earlier accepted evidence and consumes one attempt (742.4523ms)
✔ live acquisition failure is retained once without raw error text or a retry (265.9821ms)
✔ pause and stop during failed acquisition remain effective without a new admitted attempt (1868.9093ms)
✔ deadline crossing during failed acquisition prevents late attempt admission (1.2615ms)
✔ interruption during failed acquisition prevents a new admitted attempt (1.0351ms)
✔ duration bounds stop admission after collection without writing a late result (0.9604ms)
✔ interruption during an interval exits without another audit (1.1962ms)
✔ control commands delegate exact action, source and reason without collecting (2.8121ms)
✔ status exposes bounded metadata and no retained finding text (1.0308ms)
✔ one audit writes source-bound immutable private reports and an advisory handoff (410.7208ms)
✔ fresh capture timestamps and transport metrics alone produce no new report or proposal across restart (685.5493ms)
✔ live state binds the exact selected principal and profile through restart and controls (2291.3799ms)
✔ profile metadata cannot convert supplied evidence or a different live principal into accepted observations (262.1215ms)
✔ changed scoped content produces a new receipt while retaining stable finding dedupe (485.1925ms)
✔ resolved findings are recorded without claiming a remote correction (508.1977ms)
✔ stale input fails and preserves a failed attempt, never reusing previous success (587.2807ms)
✔ future input fails and preserves a failed attempt, never reusing previous success (583.0575ms)
✔ incomplete input fails and preserves a failed attempt, never reusing previous success (562.5615ms)
✔ source drift fails and preserves a failed attempt, never reusing previous success (587.2056ms)
✔ changing the caller source pin cannot migrate an existing directory (438.8886ms)
✔ pause prevents input use, resume retains dedupe, and stop cannot resume (2183.6433ms)
✔ concurrent cycles have one winner and never create duplicate accepted receipts (317.406ms)
✔ retained locks fail closed without PID reuse or timeout-based recovery (16.3163ms)
✔ incomplete intent and rollback to an older checkpoint refuse replay (552.9561ms)
✔ tampered referenced artifacts are rejected and preserved (369.3691ms)
✔ output-directory redirection refuses writes through a symlink or junction (12.029ms)
✔ an unexpected output file is retained, not overwritten or removed (22.3432ms)
✔ status rejects unexpected files in initialized state before accepting its control projection (259.9992ms)
✔ missing, traversal-style and incomplete control requests do not create authority (7.7593ms)
✔ live source claims retain the existing collector identity and zero-write metadata (272.7112ms)
✔ finite convenience API has explicit bounds and performs no scheduling (864.6209ms)
✔ state and artifact redirection are not followed on read (230.1291ms)
✔ alter of earlier history is detected after a newer successful cycle (645.718ms)
✔ delete of earlier history is detected after a newer successful cycle (604.0384ms)
✔ changed implementation pins fail before a new intent is written (389.4935ms)
✔ a directory replaced while a caller holds its lock cannot redirect any artifact write (327.3968ms)
✔ actual corpus activation and retirement change only separately bound advisory output (1255.086ms)
✔ expiry invalidates cached advisory annotations even without corpus byte changes (582.2172ms)
✔ mixed retained controls and new cycles enforce one transition bound with a reserved terminal stop (58637.0832ms)
✔ accepted snapshots with omitted optional metadata produce parseable JSON artifacts and replay (440.2681ms)
✔ optional auditor metadata works through the real feedback evidence and recurring consumer bridge (519.5396ms)
✔ policy has the ten requested workstreams and never assigns people (5.2449ms)
✔ classification supports Multiplayer (5.9053ms)
✔ classification supports UX/UI (1.7025ms)
✔ classification supports Multi-system execution (1.1256ms)
✔ classification supports Janitor (1.3903ms)
✔ classification supports Dynamic agent teams (1.1422ms)
✔ classification supports DevOps/PR review/branch protection (1.9073ms)
✔ classification supports Security (1.1241ms)
✔ classification supports Agent communication layer (1.1177ms)
✔ classification supports Dark factory automation (1.2234ms)
✔ classification supports Backend scalability / pub-sub (1.2555ms)
✔ classification preserves labels and assignees (12.3036ms)
✔ UX alias means UX/UI (14.0728ms)
✔ an unassigned issue is not a violation (4.9966ms)
✔ full fixture audit has zero mutations and catches closing-link conflict (4.8305ms)
✔ non-closing prose overrides no native link, not unrelated partial references (3.8164ms)
✔ explicit do-not-close linked issue is flagged (3.4807ms)
✔ closed unmerged PR does not close an open issue (3.8102ms)
✔ reopened issue remains open after a historical merged PR (3.5182ms)
✔ no automatic close for several partial PRs (4.0363ms)
✔ only explicit dependency section is interpreted (0.1709ms)
✔ code fences and quoted references are not dependency authority (0.205ms)
✔ native/text dependency disagreement is flagged (4.1811ms)
✔ matching dependencies do not produce a mismatch (3.7304ms)
✔ dependency cycles are bounded and reported once (4.0855ms)
✔ parent hierarchy mismatch and cycle are detected (3.918ms)
✔ outside-scope dependency is not fetched or treated as complete (3.8661ms)
✔ missing local dependency is unverified, not closed (3.7517ms)
✔ open issue marked Done is flagged without changing the board (4.2196ms)
✔ unknown workstream is a review hint, not a rename (3.7687ms)
✔ locked default branch is flagged, without bypass (3.2947ms)
✔ stale PR source head is reported (3.6314ms)
✔ current independent review is accepted as evidence (4.4409ms)
✔ author approval is not current independent human approval (4.1451ms)
✔ bot approval is not current independent human approval (3.3556ms)
✔ old-head approval is not current independent human approval (3.446ms)
✔ later comment does not erase a valid prior approval (3.8109ms)
✔ failed checks and requested changes are surfaced (3.9428ms)
✔ missing checks are not a success (3.3558ms)
✔ stale snapshots are labeled (3.2373ms)
✔ future snapshots fail closed (1.7155ms)
✔ finding IDs are stable across repeated reads (7.2862ms)
✔ reported secrets are redacted and Markdown is escaped (9.0172ms)
✔ refuses: assign #50 to example-user (4.7887ms)
✔ refuses: label #50 multiplayer (4.2719ms)
✔ refuses: close #50 (4.361ms)
✔ refuses: merge PR #237 (4.788ms)
✔ refuses: enable auto-merge (4.2416ms)
✔ refuses: delete a branch (4.0311ms)
✔ refuses: approve PR #237 (4.1483ms)
✔ refuses: can you change the rules (4.4578ms)
✔ question answers use recorded evidence and canonical references (4.5343ms)
✔ reverse dependency questions list dependents (4.3891ms)
✔ unknown questions ask for clarification (5.722ms)
✔ untrusted instruction text grants no tools (4.7645ms)
✔ snapshot rejects wrong repo (1.0587ms)
✔ snapshot rejects wrong project (1.0221ms)
✔ snapshot rejects partial coverage (0.8567ms)
✔ snapshot rejects wrong count (0.877ms)
✔ snapshot rejects duplicate issue (1.3069ms)
✔ snapshot rejects hostile URL (1.1738ms)
✔ snapshot rejects hidden project item (1.0679ms)
✔ snapshot rejects cross-repo item (1.105ms)
✔ snapshot rejects duplicate project item (1.1984ms)
✔ snapshot rejects oversized body (1.0724ms)
✔ collector completes two matching passes with no writes (4.215ms)
✔ collector rejects issue drift between passes (2.4451ms)
✔ collector rejects incomplete nested dependencies (1.1326ms)
✔ collector rejects a changed PR head/check binding (2.8974ms)
✔ collector rejects repeated pagination cursors (1.4426ms)
✔ collector rejects inaccessible connection entries (0.2058ms)
✔ read client verifies Bakar404 and never switches accounts (1.7013ms)
✔ explicit hash-pinned read principal does not change the pilot or read allowlist (23.9416ms)
✔ collector profile rejects changed scope or unsupported fields: repository (8.092ms)
✔ collector profile rejects changed scope or unsupported fields: project_id (14.826ms)
✔ collector profile rejects changed scope or unsupported fields: project_number (15.1601ms)
✔ collector profile rejects changed scope or unsupported fields: token (8.2506ms)
✔ collector profile rejects changed scope or unsupported fields: url (8.2398ms)
✔ collector profile rejects changed scope or unsupported fields: collector_login (7.6057ms)
✔ collector profile rejects wrong hashes, changed bytes and duplicate keys (32.3626ms)
✔ profiled collection records the actual principal and rejects identity or profile drift (29.0719ms)
✔ read client exposes no arbitrary query or write operation (1.0967ms)
✔ GraphQL cursor remains data, not executable query text (1.7126ms)
✔ GraphQL errors do not become accepted partial data (1.0453ms)
✔ GraphQL reserve prevents further reads (1.0134ms)
✔ collection has an elapsed-time bound (0.9258ms)
✔ dry run uses neither network nor output files (1.1584ms)
✔ CLI rejects apply (0.135ms)
✔ CLI rejects audit --fixture --live (0.0924ms)
✔ CLI rejects audit --fixture --out ../escape.json (0.1285ms)
✔ CLI rejects audit --dry-run --out file.json (0.0874ms)
✔ CLI rejects audit --fixture --assign example-user (0.077ms)
✔ CLI rejects ask --fixture (0.1037ms)
✔ actual CLI dry run works from another directory and has no network intent (140.3036ms)
✔ test chat prepares an evidence-based reply without sending it (5.6272ms)
✔ test chat rejects wrong tenant (0.3023ms)
✔ test chat rejects wrong group (0.1407ms)
✔ test chat rejects personal chat (0.1401ms)
✔ test chat rejects other channel (0.1263ms)
✔ test chat ignores messages without a mention (0.1347ms)
✔ test chat ignores its own messages (0.1203ms)
✔ test chat refuses mutation requests (4.0411ms)
✔ no production mode or implicit binding (0.351ms)
ℹ tests 227
ℹ suites 0
ℹ pass 227
ℹ fail 0
ℹ cancelled 0
ℹ skipped 0
ℹ todo 0
ℹ duration_ms 78113.9039
