   Compiling crony-store v0.1.0 (<reviewed-checkout>\crates\crony-store)
    Finished `test` profile [unoptimized] target(s) in 2m 03s
     Running unittests src\lib.rs (target\debug\deps\crony_store-55cb383881a956a4.exe)
factory_recovery_loss_tests::issue298_early_recovery_timer_does_not_assert_database_expiry: test
factory_recovery_loss_tests::issue298_expired_native_recovery_cancellation_preserves_verifier_verdict: test
factory_recovery_loss_tests::issue298_expired_predispatch_recovery_fails_deadline_without_retry_authority: test
factory_recovery_loss_tests::issue298_expired_source_recovery_loss_cannot_grant_retry: test
factory_recovery_loss_tests::issue298_expired_verifier_recovery_loss_cannot_grant_retry: test
factory_recovery_loss_tests::issue298_late_recovery_operator_ack_preserves_cause_after_sweep: test
factory_recovery_loss_tests::issue298_late_recovery_operator_ack_preserves_cause_without_sweep: test
factory_recovery_loss_tests::issue298_verifier_dispatch_uses_remaining_deadline_and_rejects_expired: test
mission_deadline_tests::issue298_approval_cannot_commit_after_dependent_row_wait: test
mission_deadline_tests::issue298_cancellation_requires_matching_scoped_authority: test
mission_deadline_tests::issue298_completed_parent_does_not_make_reserved_child_due: test
mission_deadline_tests::issue298_completed_parent_leaves_only_actual_shared_time_for_reserved_child: test
mission_deadline_tests::issue298_completion_cannot_commit_after_dependent_row_wait: test
mission_deadline_tests::issue298_creation_rechecks_time_after_event_write_wait: test
mission_deadline_tests::issue298_deadline_policy_scope_and_task_contract_are_immutable: test
mission_deadline_tests::issue298_derived_cutoff_is_precise_timezone_independent_and_not_renewable: test
mission_deadline_tests::issue298_disconnected_expiry_is_idempotent_and_never_claims_physical_stop: test
mission_deadline_tests::issue298_dispatch_samples_time_after_observed_corp_lock_wait: test
mission_deadline_tests::issue298_due_index_upgrade_preserves_applied_sql_and_audit_authority: test
mission_deadline_tests::issue298_durable_expiry_overrides_forged_runner_authority: test
mission_deadline_tests::issue298_early_runner_timer_requires_later_database_reconciliation: test
mission_deadline_tests::issue298_expired_creation_and_launch_have_no_partial_effects: test
mission_deadline_tests::issue298_first_hard_incident_survives_later_stop: test
mission_deadline_tests::issue298_future_missions_cannot_consume_the_due_page: test
mission_deadline_tests::issue298_late_operator_ack_preserves_original_cause_after_sweep: test
mission_deadline_tests::issue298_late_operator_ack_preserves_original_cause_without_sweep: test
mission_deadline_tests::issue298_queued_parent_exhausting_reserve_fails_without_fabricated_handoff: test
mission_deadline_tests::issue298_resume_and_reopened_store_consume_the_same_deadline: test
mission_deadline_tests::issue298_sweep_preserves_an_earlier_terminal_failure: test

29 tests, 0 benchmarks
