$ node --test --test-concurrency=2 --test-timeout=180000 scenarios/repo-steward/steward.test.mjs scenarios/repo-steward/actions.test.mjs scenarios/repo-steward/recurring-audit.test.mjs scenarios/repo-steward/feedback.test.mjs scenarios/repo-steward/maintenance.test.mjs scenarios/repo-steward/feedback-cli.test.mjs
✔ Actions preview performs no live reads or summary publication (2.0133ms)
✔ Actions fixture uses the real auditor without GitHub access (28.7288ms)
✔ invalid workflow input is rejected during preview without data access (0.9585ms)
✔ hosted live mode rejects non-Actions host before reading data (1.0679ms)
✔ hosted live mode rejects PR event before reading data (0.3199ms)
✔ hosted live mode rejects another repository before reading data (0.2188ms)
✔ hosted live mode rejects feature branch before reading data (0.3402ms)
✔ hosted live mode rejects another actor before reading data (0.4372ms)
✔ hosted live mode rejects another rerun operator before reading data (0.3436ms)
✔ hosted live mode rejects missing triggering actor before reading data (0.4257ms)
✔ hosted live mode rejects missing source commit before reading data (0.4053ms)
✔ hosted live mode rejects disabled pilot before reading data (0.2355ms)
✔ hosted live mode rejects unapproved public summary before reading data (0.1677ms)
✔ hosted live mode rejects missing credential before reading data (0.1474ms)
✔ hosted live mode rejects blank credential before reading data (0.173ms)
✔ hosted live mode rejects write-enabled configuration before reading data (0.1698ms)
✔ GITHUB_TOKEN does not substitute for Project-readable credentials (0.2889ms)
✔ an admitted live path collects once and retains zero mutations (6.7687ms)
✔ collector failure does not produce a successful report (0.3018ms)
✔ stale hosted snapshots fail instead of publishing old findings (8.1728ms)
✔ public summaries never include free-form source or evidence text (5.7856ms)
✔ summary rejects unknown rule (4.288ms)
✔ summary rejects bad finding id (4.5288ms)
✔ summary rejects foreign reference (4.1526ms)
✔ summary rejects mutation claim (4.5921ms)
✔ summary rejects wrong scope (4.2083ms)
✔ summary rejects invalid timestamp (4.508ms)
✔ summary rejects bad totals (5.4587ms)
✔ public finding index is bounded without copying omitted details (4.6411ms)
✔ every configured fixture rule has an explicit publication review (4.2318ms)
✔ summary file writes remain inside a supplied native temporary directory (16.67ms)
✔ Actions CLI rejects unsupported arguments --apply (0.2642ms)
✔ Actions CLI rejects unsupported arguments --live (0.0963ms)
✔ Actions CLI rejects unsupported arguments --live (0.0858ms)
✔ actual fixture CLI needs no hosted secrets or Teams SDK (201.2234ms)
✔ manual workflow keeps first-party actions pinned and live credentials isolated (2.9762ms)
✔ feedback CLI rejects unsupported, missing and duplicate transition arguments (2.1246ms)
✔ new-file corpus output preserves the previous version and refuses overwrite (25.6433ms)
✔ initializing a corpus binds the validated input scope without changing its snapshot (48.6917ms)
✔ partial snapshot cannot create a corpus file (22.1446ms)
✔ redirected output parent is refused without writing through it (5.349ms)
✔ review evidence must be a file and cannot use a directory as a digest source (44.1845ms)
✔ review CLI records the exact binary digest and closes its descriptor (71.2123ms)
✔ same-size review replacement between metadata check and open cannot update a corpus (33.1229ms)
✔ review parent swapped for a symlink or junction before open is rejected (39.3709ms)
✔ same-size pathname replacement after descriptor read is rejected (32.6897ms)
✔ same-size in-place review rewrite cannot hide behind a restored modification time (33.863ms)
✔ review growth after open stays within its original byte bound and is rejected (27.1482ms)
✔ bounded review reads handle partial reads and reject empty or oversized files (19.1081ms)
✔ native behavioral evidence remains candidate with original local source and no finding impersonation (74.3772ms)
✔ native behavioral activation is denied for mixed support and forged active or retired history (43.4082ms)
✔ native behavioral candidates can be rejected without widening legacy review authority (49.138ms)
✔ native behavioral bytes, identity claims, source and repeated runs remain validated (111.1607ms)
✔ evidence binds actual audit finding and supplied snapshot without certifying collection or identity (12.3388ms)
✔ accepted missing Project status binds the native serialized report and finding in evidence and observations (50.6639ms)
✔ auditor optional-field normalization retains strict data-only feedback and report validation (58.2634ms)
✔ timestamp-only or unrelated snapshot changes do not manufacture repeated supporting evidence (28.7464ms)
✔ partial, cross-scope, stale or missing findings cannot become feedback evidence (14.7782ms)
✔ feedback source pins accept exactly 40 or 64 hexadecimal characters, including supplied evidence (72.7607ms)
✔ candidate, active and retired versions preserve their inputs and have exact transition digests (18.7406ms)
✔ one observation, fabricated evidence bytes and replayed reviews cannot activate a rule (74.7141ms)
✔ reviewer labels and claimed approval booleans do not supply verified review authority (22.8217ms)
✔ explicit rejection remains terminal and contributes no advice (39.1912ms)
✔ prospective expiry is mandatory, bounded, and effective at the exact boundary (96.7617ms)
✔ active capacity cannot expand and supersession retires only the exact predecessor (60.8669ms)
✔ supersession rejects stale targets and cannot cross finding rules (46.388ms)
✔ active guidance annotates only matching findings without hiding or changing original conclusions (21.8557ms)
✔ broad matching admits at most the finite annotation limit and never truncates an excessive report (336.5966ms)
✔ serialized output bytes are admitted before escaped guidance and evidence references fan out (67.6264ms)
✔ later audits honor activation and retirement while the original report stays identical (45.0528ms)
✔ unknown executable, suppression, assignment and permission options are rejected (135.7001ms)
✔ stale reports, foreign scope and altered evidence fail closed (27.6156ms)
✔ canonical digests ignore property insertion order but reject executable and non-finite data (0.5277ms)
✔ reusable corpus validation preserves input and rejects authority claims or altered guidance (18.1272ms)
✔ explicit collector profile requires a hash and cannot relabel a supplied snapshot (3.4481ms)
✔ recurrence requires finite explicit bounds before reading any input (0.8596ms)
✔ finite recurrence reloads snapshot and feedback on every cycle (2.6774ms)
✔ paused and stopped records prevent collection and input reads (2.2367ms)
✔ exhausted persisted attempts reject before snapshot, feedback or live collection (2.3271ms)
✔ watch admits the final allowed attempt and then stops before collecting another snapshot (1.2566ms)
✔ source mismatch refuses before reading snapshot or feedback (1.162ms)
✔ a failed cycle stops recurrence without retrying or losing the failure (1.3784ms)
✔ first snapshot acquisition failure retains one sanitized failed attempt (329.0599ms)
✔ later corpus acquisition failure preserves earlier accepted evidence and consumes one attempt (780.5354ms)
✔ live acquisition failure is retained once without raw error text or a retry (306.5761ms)
✔ pause and stop during failed acquisition remain effective without a new admitted attempt (2249.1025ms)
✔ deadline crossing during failed acquisition prevents late attempt admission (1.7796ms)
✔ interruption during failed acquisition prevents a new admitted attempt (1.4165ms)
✔ duration bounds stop admission after collection without writing a late result (1.2258ms)
✔ interruption during an interval exits without another audit (1.292ms)
✔ control commands delegate exact action, source and reason without collecting (3.0089ms)
✔ status exposes bounded metadata and no retained finding text (1.0667ms)
✔ one audit writes source-bound immutable private reports and an advisory handoff (426.3458ms)
✔ fresh capture timestamps and transport metrics alone produce no new report or proposal across restart (880.2933ms)
✔ live state binds the exact selected principal and profile through restart and controls (2537.6628ms)
✔ profile metadata cannot convert supplied evidence or a different live principal into accepted observations (269.914ms)
✔ changed scoped content produces a new receipt while retaining stable finding dedupe (528.6516ms)
✔ resolved findings are recorded without claiming a remote correction (514.1705ms)
✔ stale input fails and preserves a failed attempt, never reusing previous success (612.9798ms)
✔ future input fails and preserves a failed attempt, never reusing previous success (598.4422ms)
✔ incomplete input fails and preserves a failed attempt, never reusing previous success (587.3088ms)
✔ source drift fails and preserves a failed attempt, never reusing previous success (591.5544ms)
✔ changing the caller source pin cannot migrate an existing directory (432.9005ms)
✔ pause prevents input use, resume retains dedupe, and stop cannot resume (2239.0455ms)
✔ concurrent cycles have one winner and never create duplicate accepted receipts (338.4436ms)
✔ retained locks fail closed without PID reuse or timeout-based recovery (20.6942ms)
✔ incomplete intent and rollback to an older checkpoint refuse replay (579.6971ms)
✔ tampered referenced artifacts are rejected and preserved (302.4394ms)
✔ output-directory redirection refuses writes through a symlink or junction (10.1207ms)
✔ an unexpected output file is retained, not overwritten or removed (18.0376ms)
✔ status rejects unexpected files in initialized state before accepting its control projection (240.4034ms)
✔ missing, traversal-style and incomplete control requests do not create authority (5.0184ms)
✔ live source claims retain the existing collector identity and zero-write metadata (275.5917ms)
✔ finite convenience API has explicit bounds and performs no scheduling (887.2113ms)
✔ state and artifact redirection are not followed on read (278.3678ms)
✔ alter of earlier history is detected after a newer successful cycle (688.4668ms)
✔ delete of earlier history is detected after a newer successful cycle (674.1467ms)
✔ changed implementation pins fail before a new intent is written (406.7323ms)
✔ a directory replaced while a caller holds its lock cannot redirect any artifact write (315.8729ms)
✔ actual corpus activation and retirement change only separately bound advisory output (1311.7469ms)
✔ expiry invalidates cached advisory annotations even without corpus byte changes (614.8583ms)
✔ mixed retained controls and new cycles enforce one transition bound with a reserved terminal stop (60388.7344ms)
✔ accepted snapshots with omitted optional metadata produce parseable JSON artifacts and replay (466.331ms)
✔ optional auditor metadata works through the real feedback evidence and recurring consumer bridge (509.9717ms)
✔ policy has the ten requested workstreams and never assigns people (3.6412ms)
✔ classification supports Multiplayer (6.2582ms)
✔ classification supports UX/UI (1.7092ms)
✔ classification supports Multi-system execution (1.1816ms)
✔ classification supports Janitor (1.3101ms)
✔ classification supports Dynamic agent teams (1.2958ms)
✔ classification supports DevOps/PR review/branch protection (1.2167ms)
✔ classification supports Security (1.1635ms)
✔ classification supports Agent communication layer (1.2066ms)
✔ classification supports Dark factory automation (1.4221ms)
✔ classification supports Backend scalability / pub-sub (1.329ms)
✔ classification preserves labels and assignees (12.0911ms)
✔ UX alias means UX/UI (14.1414ms)
✔ an unassigned issue is not a violation (5.2131ms)
✔ full fixture audit has zero mutations and catches closing-link conflict (7.8611ms)
✔ non-closing prose overrides no native link, not unrelated partial references (4.3006ms)
✔ explicit do-not-close linked issue is flagged (4.5947ms)
✔ closed unmerged PR does not close an open issue (7.259ms)
✔ reopened issue remains open after a historical merged PR (6.0524ms)
✔ no automatic close for several partial PRs (4.9053ms)
✔ only explicit dependency section is interpreted (0.1918ms)
✔ code fences and quoted references are not dependency authority (0.2508ms)
✔ native/text dependency disagreement is flagged (4.0539ms)
✔ matching dependencies do not produce a mismatch (4.0858ms)
✔ dependency cycles are bounded and reported once (4.2182ms)
✔ parent hierarchy mismatch and cycle are detected (3.8828ms)
✔ outside-scope dependency is not fetched or treated as complete (4.195ms)
✔ missing local dependency is unverified, not closed (4.5526ms)
✔ open issue marked Done is flagged without changing the board (4.6143ms)
✔ unknown workstream is a review hint, not a rename (3.5017ms)
✔ locked default branch is flagged, without bypass (3.7705ms)
✔ stale PR source head is reported (4.096ms)
✔ current independent review is accepted as evidence (4.0398ms)
✔ author approval is not current independent human approval (3.8776ms)
✔ bot approval is not current independent human approval (3.726ms)
✔ old-head approval is not current independent human approval (5.2074ms)
✔ later comment does not erase a valid prior approval (3.6075ms)
✔ failed checks and requested changes are surfaced (3.8112ms)
✔ missing checks are not a success (4.3429ms)
✔ stale snapshots are labeled (3.9506ms)
✔ future snapshots fail closed (1.728ms)
✔ finding IDs are stable across repeated reads (8.1775ms)
✔ reported secrets are redacted and Markdown is escaped (15.0693ms)
✔ refuses: assign #50 to example-user (5.9259ms)
✔ refuses: label #50 multiplayer (5.3613ms)
✔ refuses: close #50 (10.2505ms)
✔ refuses: merge PR #237 (6.8621ms)
✔ refuses: enable auto-merge (4.7422ms)
✔ refuses: delete a branch (5.6904ms)
✔ refuses: approve PR #237 (4.5293ms)
✔ refuses: can you change the rules (4.2216ms)
✔ question answers use recorded evidence and canonical references (5.0758ms)
✔ reverse dependency questions list dependents (5.1528ms)
✔ unknown questions ask for clarification (5.0467ms)
✔ untrusted instruction text grants no tools (5.3069ms)
✔ snapshot rejects wrong repo (1.2439ms)
✔ snapshot rejects wrong project (1.0143ms)
✔ snapshot rejects partial coverage (1.033ms)
✔ snapshot rejects wrong count (0.9649ms)
✔ snapshot rejects duplicate issue (1.1021ms)
✔ snapshot rejects hostile URL (1.3775ms)
✔ snapshot rejects hidden project item (1.1854ms)
✔ snapshot rejects cross-repo item (1.147ms)
✔ snapshot rejects duplicate project item (1.1411ms)
✔ snapshot rejects oversized body (1.1019ms)
✔ collector completes two matching passes with no writes (4.7873ms)
✔ collector rejects issue drift between passes (2.4609ms)
✔ collector rejects incomplete nested dependencies (1.7431ms)
✔ collector rejects a changed PR head/check binding (1.1517ms)
✔ collector rejects repeated pagination cursors (1.0916ms)
✔ collector rejects inaccessible connection entries (0.1434ms)
✔ read client verifies Bakar404 and never switches accounts (1.2716ms)
✔ explicit hash-pinned read principal does not change the pilot or read allowlist (17.335ms)
✔ collector profile rejects changed scope or unsupported fields: repository (9.5282ms)
✔ collector profile rejects changed scope or unsupported fields: project_id (17.5775ms)
✔ collector profile rejects changed scope or unsupported fields: project_number (8.6238ms)
✔ collector profile rejects changed scope or unsupported fields: token (16.0066ms)
✔ collector profile rejects changed scope or unsupported fields: url (16.3732ms)
✔ collector profile rejects changed scope or unsupported fields: collector_login (8.2695ms)
✔ collector profile rejects wrong hashes, changed bytes and duplicate keys (35.0334ms)
✔ profiled collection records the actual principal and rejects identity or profile drift (32.1759ms)
✔ read client exposes no arbitrary query or write operation (1.2531ms)
✔ GraphQL cursor remains data, not executable query text (1.1152ms)
✔ GraphQL errors do not become accepted partial data (1.0343ms)
✔ GraphQL reserve prevents further reads (1.0621ms)
✔ collection has an elapsed-time bound (1.0281ms)
✔ dry run uses neither network nor output files (1.2943ms)
✔ CLI rejects apply (0.144ms)
✔ CLI rejects audit --fixture --live (0.107ms)
✔ CLI rejects audit --fixture --out ../escape.json (0.1863ms)
✔ CLI rejects audit --dry-run --out file.json (0.0974ms)
✔ CLI rejects audit --fixture --assign example-user (0.0792ms)
✔ CLI rejects ask --fixture (0.0791ms)
✔ actual CLI dry run works from another directory and has no network intent (153.1739ms)
✔ test chat prepares an evidence-based reply without sending it (6.9693ms)
✔ test chat rejects wrong tenant (0.3957ms)
✔ test chat rejects wrong group (0.1766ms)
✔ test chat rejects personal chat (0.135ms)
✔ test chat rejects other channel (0.1647ms)
✔ test chat ignores messages without a mention (0.1467ms)
✔ test chat ignores its own messages (0.128ms)
✔ test chat refuses mutation requests (6.1885ms)
✔ no production mode or implicit binding (0.5313ms)
ℹ tests 227
ℹ suites 0
ℹ pass 227
ℹ fail 0
ℹ cancelled 0
ℹ skipped 0
ℹ todo 0
ℹ duration_ms 81005.502
