2026-09-22T21:08:13.9414600Z Current runner version: '2.337.0'
2026-09-22T21:08:13.9438972Z ##[group]Runner Image Provisioner
2026-09-22T21:08:13.9439766Z Hosted Compute Agent
2026-09-22T21:08:13.9440235Z Version: 20260828.587
2026-09-22T21:08:13.9440779Z Commit: abac92662cab4cc7352de4f9f9d2e2419aad9c29
2026-09-22T21:08:13.9441432Z Build Date: 2026-08-28T16:44:25Z
2026-09-22T21:08:13.9442035Z Worker ID: {5e085aca-c2fd-4dd8-9618-d786a2a4adc1}
2026-09-22T21:08:13.9442683Z Azure Region: westus3
2026-09-22T21:08:13.9443155Z ##[endgroup]
2026-09-22T21:08:13.9444446Z ##[group]Operating System
2026-09-22T21:08:13.9444985Z Microsoft Windows Server 2025
2026-09-22T21:08:13.9445508Z 10.0.26100
2026-09-22T21:08:13.9445941Z Datacenter
2026-09-22T21:08:13.9446361Z ##[endgroup]
2026-09-22T21:08:13.9446822Z ##[group]Runner Image
2026-09-22T21:08:13.9447352Z Image: windows-2025-vs2026
2026-09-22T21:08:13.9447854Z Version: 20260907.229.1
2026-09-22T21:08:13.9449299Z Included Software: https://github.com/actions/runner-images/blob/win25-vs2026/20260907.229/images/windows/Windows2025-VS2026-Readme.md
2026-09-22T21:08:13.9450824Z Image Release: https://github.com/actions/runner-images/releases/tag/win25-vs2026%2F20260907.229
2026-09-22T21:08:13.9452072Z ##[endgroup]
2026-09-22T21:08:13.9453010Z ##[group]GITHUB_TOKEN Permissions
2026-09-22T21:08:13.9454537Z Contents: read
2026-09-22T21:08:13.9455020Z Metadata: read
2026-09-22T21:08:13.9455503Z ##[endgroup]
2026-09-22T21:08:13.9457430Z Secret source: Actions
2026-09-22T21:08:13.9458194Z Cache mode: write
2026-09-22T21:08:13.9458777Z Prepare workflow directory
2026-09-22T21:08:13.9693410Z Prepare all required actions
2026-09-22T21:08:13.9727542Z Getting action download info
2026-09-22T21:08:14.2775885Z Download action repository 'actions/checkout@3d3c42e5aac5ba805825da76410c181273ba90b1' (SHA:3d3c42e5aac5ba805825da76410c181273ba90b1)
2026-09-22T21:08:14.3590950Z Download action repository 'dtolnay/rust-toolchain@6bed0761d98439e5a578e2877258200ad565ba87' (SHA:6bed0761d98439e5a578e2877258200ad565ba87)
2026-09-22T21:08:14.5726709Z Download action repository 'actions/setup-node@820762786026740c76f36085b0efc47a31fe5020' (SHA:820762786026740c76f36085b0efc47a31fe5020)
2026-09-22T21:08:14.6791077Z Download action repository 'Swatinem/rust-cache@6323deb102c322ba6fcbdcafc7e3dddab59af2b6' (SHA:6323deb102c322ba6fcbdcafc7e3dddab59af2b6)
2026-09-22T21:08:15.2821197Z Download action repository 'actions/upload-artifact@ea165f8d65b6e75b540449e92b4886f43607fa02' (SHA:ea165f8d65b6e75b540449e92b4886f43607fa02)
2026-09-22T21:08:15.5566800Z Complete job name: runner-platforms (windows-latest)
2026-09-22T21:08:15.6986860Z ##[group]Run actions/checkout@3d3c42e5aac5ba805825da76410c181273ba90b1
2026-09-22T21:08:15.6987825Z with:
2026-09-22T21:08:15.6988089Z   persist-credentials: false
2026-09-22T21:08:15.6988411Z   repository: All-The-Vibes/ecorp
2026-09-22T21:08:15.6990771Z   token: ***
2026-09-22T21:08:15.6991017Z   ssh-strict: true
2026-09-22T21:08:15.6991270Z   ssh-user: git
2026-09-22T21:08:15.6991541Z   clean: true
2026-09-22T21:08:15.6991800Z   sparse-checkout-cone-mode: true
2026-09-22T21:08:15.6992114Z   fetch-depth: 1
2026-09-22T21:08:15.6992374Z   fetch-tags: false
2026-09-22T21:08:15.6992642Z   show-progress: true
2026-09-22T21:08:15.6992903Z   lfs: false
2026-09-22T21:08:15.6993148Z   submodules: false
2026-09-22T21:08:15.6993487Z   set-safe-directory: true
2026-09-22T21:08:15.6993856Z   allow-unsafe-pr-checkout: false
2026-09-22T21:08:15.6994277Z ##[endgroup]
2026-09-22T21:08:15.8115213Z Syncing repository: All-The-Vibes/ecorp
2026-09-22T21:08:15.8116477Z ##[group]Getting Git version info
2026-09-22T21:08:15.8116829Z Working directory is 'D:\a\ecorp\ecorp'
2026-09-22T21:08:15.8563489Z [command]"C:\Program Files\Git\bin\git.exe" version
2026-09-22T21:08:16.2327047Z git version 2.55.0.windows.5
2026-09-22T21:08:16.2365383Z ##[endgroup]
2026-09-22T21:08:16.2377736Z Temporarily overriding HOME='D:\a\_temp\1974cfb5-501c-4344-a2f0-86d8e0841595' before making global git config changes
2026-09-22T21:08:16.2385220Z Adding repository directory to the temporary git global config as a safe directory
2026-09-22T21:08:16.2385923Z [command]"C:\Program Files\Git\bin\git.exe" config --global --add safe.directory D:\a\ecorp\ecorp
2026-09-22T21:08:16.3154104Z Deleting the contents of 'D:\a\ecorp\ecorp'
2026-09-22T21:08:16.3158505Z ##[group]Determining repository object format
2026-09-22T21:08:16.3160032Z ##[endgroup]
2026-09-22T21:08:16.3160502Z ##[group]Initializing the repository
2026-09-22T21:08:16.3166402Z [command]"C:\Program Files\Git\bin\git.exe" init D:\a\ecorp\ecorp
2026-09-22T21:08:16.3871276Z Initialized empty Git repository in D:/a/ecorp/ecorp/.git/
2026-09-22T21:08:16.3940303Z [command]"C:\Program Files\Git\bin\git.exe" remote add origin https://github.com/All-The-Vibes/ecorp
2026-09-22T21:08:16.4513069Z ##[endgroup]
2026-09-22T21:08:16.4513638Z ##[group]Disabling automatic garbage collection
2026-09-22T21:08:16.4519692Z [command]"C:\Program Files\Git\bin\git.exe" config --local gc.auto 0
2026-09-22T21:08:16.4727073Z ##[endgroup]
2026-09-22T21:08:16.4727685Z ##[group]Setting up auth
2026-09-22T21:08:16.4728212Z Removing SSH command configuration
2026-09-22T21:08:16.4735506Z [command]"C:\Program Files\Git\bin\git.exe" config --local --name-only --get-regexp core\.sshCommand
2026-09-22T21:08:16.4946432Z [command]"C:\Program Files\Git\bin\git.exe" submodule foreach --recursive "sh -c \"git config --local --name-only --get-regexp 'core\.sshCommand' && git config --local --unset-all 'core.sshCommand' || :\""
2026-09-22T21:08:17.8387959Z Removing HTTP extra header
2026-09-22T21:08:17.8395161Z [command]"C:\Program Files\Git\bin\git.exe" config --local --name-only --get-regexp http\.https\:\/\/github\.com\/\.extraheader
2026-09-22T21:08:17.8603175Z [command]"C:\Program Files\Git\bin\git.exe" submodule foreach --recursive "sh -c \"git config --local --name-only --get-regexp 'http\.https\:\/\/github\.com\/\.extraheader' && git config --local --unset-all 'http.https://github.com/.extraheader' || :\""
2026-09-22T21:08:18.3342158Z Removing includeIf entries pointing to credentials config files
2026-09-22T21:08:18.3354271Z [command]"C:\Program Files\Git\bin\git.exe" config --local --name-only --get-regexp ^includeIf\.gitdir:
2026-09-22T21:08:18.3698996Z [command]"C:\Program Files\Git\bin\git.exe" submodule foreach --recursive "git config --local --show-origin --name-only --get-regexp remote.origin.url"
2026-09-22T21:08:18.7713715Z [command]"C:\Program Files\Git\bin\git.exe" config --file D:\a\_temp\git-credentials-8cee4b2e-3e1d-4bcc-844e-d02ff6cde3c8.config http.https://github.com/.extraheader "AUTHORIZATION: basic ***"
2026-09-22T21:08:18.7937982Z [command]"C:\Program Files\Git\bin\git.exe" config --local includeIf.gitdir:D:/a/ecorp/ecorp/.git.path D:\a\_temp\git-credentials-8cee4b2e-3e1d-4bcc-844e-d02ff6cde3c8.config
2026-09-22T21:08:18.8163798Z [command]"C:\Program Files\Git\bin\git.exe" config --local includeIf.gitdir:D:/a/ecorp/ecorp/.git/worktrees/*.path D:\a\_temp\git-credentials-8cee4b2e-3e1d-4bcc-844e-d02ff6cde3c8.config
2026-09-22T21:08:18.8421213Z [command]"C:\Program Files\Git\bin\git.exe" config --local includeIf.gitdir:/github/workspace/.git.path /github/runner_temp/git-credentials-8cee4b2e-3e1d-4bcc-844e-d02ff6cde3c8.config
2026-09-22T21:08:18.8625555Z [command]"C:\Program Files\Git\bin\git.exe" config --local includeIf.gitdir:/github/workspace/.git/worktrees/*.path /github/runner_temp/git-credentials-8cee4b2e-3e1d-4bcc-844e-d02ff6cde3c8.config
2026-09-22T21:08:18.8850754Z ##[endgroup]
2026-09-22T21:08:18.8868596Z ##[group]Fetching the repository
2026-09-22T21:08:18.8869778Z [command]"C:\Program Files\Git\bin\git.exe" -c protocol.version=2 fetch --no-tags --prune --no-recurse-submodules --depth=1 origin +d71dc3c2be05404f98a201024f030d72365a3dc4:refs/remotes/pull/325/merge
2026-09-22T21:08:21.5121781Z From https://github.com/All-The-Vibes/ecorp
2026-09-22T21:08:21.5122367Z  * [new ref]         d71dc3c2be05404f98a201024f030d72365a3dc4 -> pull/325/merge
2026-09-22T21:08:21.5159547Z ##[endgroup]
2026-09-22T21:08:21.5159914Z ##[group]Determining the checkout info
2026-09-22T21:08:21.5160317Z ##[endgroup]
2026-09-22T21:08:21.5167690Z [command]"C:\Program Files\Git\bin\git.exe" sparse-checkout disable
2026-09-22T21:08:21.5553411Z [command]"C:\Program Files\Git\bin\git.exe" config --local --unset-all extensions.worktreeConfig
2026-09-22T21:08:21.5773280Z ##[group]Checking out the ref
2026-09-22T21:08:21.5779640Z [command]"C:\Program Files\Git\bin\git.exe" checkout --progress --force refs/remotes/pull/325/merge
2026-09-22T21:08:21.9092846Z Note: switching to 'refs/remotes/pull/325/merge'.
2026-09-22T21:08:21.9093282Z
2026-09-22T21:08:21.9093468Z You are in 'detached HEAD' state. You can look around, make experimental
2026-09-22T21:08:21.9093791Z changes and commit them, and you can discard any commits you make in this
2026-09-22T21:08:21.9094139Z state without impacting any branches by switching back to a branch.
2026-09-22T21:08:21.9094321Z
2026-09-22T21:08:21.9094541Z If you want to create a new branch to retain commits you create, you may
2026-09-22T21:08:21.9095413Z do so (now or later) by using -c with the switch command. Example:
2026-09-22T21:08:21.9095707Z
2026-09-22T21:08:21.9095838Z   git switch -c <new-branch-name>
2026-09-22T21:08:21.9096111Z
2026-09-22T21:08:21.9096209Z Or undo this operation with:
2026-09-22T21:08:21.9096360Z
2026-09-22T21:08:21.9096447Z   git switch -
2026-09-22T21:08:21.9096520Z
2026-09-22T21:08:21.9096678Z Turn off this advice by setting config variable advice.detachedHead to false
2026-09-22T21:08:21.9096916Z
2026-09-22T21:08:21.9097743Z HEAD is now at d71dc3c Merge e28fc2fd005a2c61b99e9075c533a0c7e9b4e7e3 into 08b0b89b2dd16c1906c9dd3468c5ddecca24c4ce
2026-09-22T21:08:21.9249337Z ##[endgroup]
2026-09-22T21:08:21.9529303Z [command]"C:\Program Files\Git\bin\git.exe" log -1 --format=%H
2026-09-22T21:08:21.9912434Z d71dc3c2be05404f98a201024f030d72365a3dc4
2026-09-22T21:08:21.9945182Z ##[group]Removing auth
2026-09-22T21:08:21.9945457Z Removing SSH command configuration
2026-09-22T21:08:21.9951097Z [command]"C:\Program Files\Git\bin\git.exe" config --local --name-only --get-regexp core\.sshCommand
2026-09-22T21:08:22.0156040Z [command]"C:\Program Files\Git\bin\git.exe" submodule foreach --recursive "sh -c \"git config --local --name-only --get-regexp 'core\.sshCommand' && git config --local --unset-all 'core.sshCommand' || :\""
2026-09-22T21:08:22.4047453Z Removing HTTP extra header
2026-09-22T21:08:22.4048582Z [command]"C:\Program Files\Git\bin\git.exe" config --local --name-only --get-regexp http\.https\:\/\/github\.com\/\.extraheader
2026-09-22T21:08:22.4263024Z [command]"C:\Program Files\Git\bin\git.exe" submodule foreach --recursive "sh -c \"git config --local --name-only --get-regexp 'http\.https\:\/\/github\.com\/\.extraheader' && git config --local --unset-all 'http.https://github.com/.extraheader' || :\""
2026-09-22T21:08:22.8346219Z Removing includeIf entries pointing to credentials config files
2026-09-22T21:08:22.8346606Z [command]"C:\Program Files\Git\bin\git.exe" config --local --name-only --get-regexp ^includeIf\.gitdir:
2026-09-22T21:08:22.8519459Z includeif.gitdir:D:/a/ecorp/ecorp/.git.path
2026-09-22T21:08:22.8519828Z includeif.gitdir:D:/a/ecorp/ecorp/.git/worktrees/*.path
2026-09-22T21:08:22.8520139Z includeif.gitdir:/github/workspace/.git.path
2026-09-22T21:08:22.8520437Z includeif.gitdir:/github/workspace/.git/worktrees/*.path
2026-09-22T21:08:22.8553735Z [command]"C:\Program Files\Git\bin\git.exe" config --local --get-all includeif.gitdir:D:/a/ecorp/ecorp/.git.path
2026-09-22T21:08:22.8737969Z D:\a\_temp\git-credentials-8cee4b2e-3e1d-4bcc-844e-d02ff6cde3c8.config
2026-09-22T21:08:22.8771388Z [command]"C:\Program Files\Git\bin\git.exe" config --local --unset includeif.gitdir:D:/a/ecorp/ecorp/.git.path D\:\\a\\_temp\\git\-credentials\-8cee4b2e\-3e1d\-4bcc\-844e\-d02ff6cde3c8\.config
2026-09-22T21:08:22.9003550Z [command]"C:\Program Files\Git\bin\git.exe" config --local --get-all includeif.gitdir:D:/a/ecorp/ecorp/.git/worktrees/*.path
2026-09-22T21:08:22.9182035Z D:\a\_temp\git-credentials-8cee4b2e-3e1d-4bcc-844e-d02ff6cde3c8.config
2026-09-22T21:08:22.9212401Z [command]"C:\Program Files\Git\bin\git.exe" config --local --unset includeif.gitdir:D:/a/ecorp/ecorp/.git/worktrees/*.path D\:\\a\\_temp\\git\-credentials\-8cee4b2e\-3e1d\-4bcc\-844e\-d02ff6cde3c8\.config
2026-09-22T21:08:22.9421076Z [command]"C:\Program Files\Git\bin\git.exe" config --local --get-all includeif.gitdir:/github/workspace/.git.path
2026-09-22T21:08:22.9588873Z /github/runner_temp/git-credentials-8cee4b2e-3e1d-4bcc-844e-d02ff6cde3c8.config
2026-09-22T21:08:22.9619377Z [command]"C:\Program Files\Git\bin\git.exe" config --local --unset includeif.gitdir:/github/workspace/.git.path \/github\/runner_temp\/git\-credentials\-8cee4b2e\-3e1d\-4bcc\-844e\-d02ff6cde3c8\.config
2026-09-22T21:08:22.9818493Z [command]"C:\Program Files\Git\bin\git.exe" config --local --get-all includeif.gitdir:/github/workspace/.git/worktrees/*.path
2026-09-22T21:08:22.9985606Z /github/runner_temp/git-credentials-8cee4b2e-3e1d-4bcc-844e-d02ff6cde3c8.config
2026-09-22T21:08:23.0021188Z [command]"C:\Program Files\Git\bin\git.exe" config --local --unset includeif.gitdir:/github/workspace/.git/worktrees/*.path \/github\/runner_temp\/git\-credentials\-8cee4b2e\-3e1d\-4bcc\-844e\-d02ff6cde3c8\.config
2026-09-22T21:08:23.0227467Z [command]"C:\Program Files\Git\bin\git.exe" submodule foreach --recursive "git config --local --show-origin --name-only --get-regexp remote.origin.url"
2026-09-22T21:08:23.4190981Z Removing credentials config 'D:\a\_temp\git-credentials-8cee4b2e-3e1d-4bcc-844e-d02ff6cde3c8.config'
2026-09-22T21:08:23.4200167Z ##[endgroup]
2026-09-22T21:08:23.4552386Z ##[group]Run dtolnay/rust-toolchain@6bed0761d98439e5a578e2877258200ad565ba87
2026-09-22T21:08:23.4552639Z with:
2026-09-22T21:08:23.4552745Z   toolchain: 1.98.1
2026-09-22T21:08:23.4552859Z ##[endgroup]
2026-09-22T21:08:23.4598877Z ##[start-action display=Parse toolchain version;id=__dtolnay_rust-toolchain.parse]
2026-09-22T21:08:23.4713449Z ##[group]Run if [[ -z $toolchain ]]; then
2026-09-22T21:08:23.4713671Z [36;1mif [[ -z $toolchain ]]; then[0m
2026-09-22T21:08:23.4713971Z [36;1m  # GitHub does not enforce `required: true` inputs itself. https://github.com/actions/runner/issues/1070[0m
2026-09-22T21:08:23.4714284Z [36;1m  echo "'toolchain' is a required input" >&2[0m
2026-09-22T21:08:23.4714443Z [36;1m  exit 1[0m
2026-09-22T21:08:23.4714628Z [36;1melif [[ $toolchain =~ ^stable' '[0-9]+' '(year|month|week|day)s?' 'ago$ ]]; then[0m
2026-09-22T21:08:23.4714862Z [36;1m  if [[ Windows == macOS ]]; then[0m
2026-09-22T21:08:23.4715197Z [36;1m    echo "toolchain=1.$((($(date -v-$(sed 's/stable \([0-9]*\) \(.\).*/\1\2/' <<< $toolchain) +%s)/60/60/24-16569)/7/6))" >> $GITHUB_OUTPUT[0m
2026-09-22T21:08:23.4715473Z [36;1m  else[0m
2026-09-22T21:08:23.4715696Z [36;1m    echo "toolchain=1.$((($(date --date "${toolchain#stable }" +%s)/60/60/24-16569)/7/6))" >> $GITHUB_OUTPUT[0m
2026-09-22T21:08:23.4715947Z [36;1m  fi[0m
2026-09-22T21:08:23.4716112Z [36;1melif [[ $toolchain =~ ^stable' 'minus' '[0-9]+' 'releases?$ ]]; then[0m
2026-09-22T21:08:23.4716404Z [36;1m  echo "toolchain=1.$((($(date +%s)/60/60/24-16569)/7/6-${toolchain//[^0-9]/}))" >> $GITHUB_OUTPUT[0m
2026-09-22T21:08:23.4716659Z [36;1melif [[ $toolchain =~ ^1\.[0-9]+$ ]]; then[0m
2026-09-22T21:08:23.4716945Z [36;1m  echo "toolchain=1.$((i=${toolchain#1.}, c=($(date +%s)/60/60/24-16569)/7/6, i+9*i*(10*i<=c)+90*i*(100*i<=c)))" >> $GITHUB_OUTPUT[0m
2026-09-22T21:08:23.4717208Z [36;1melse[0m
2026-09-22T21:08:23.4717345Z [36;1m  echo "toolchain=$toolchain" >> $GITHUB_OUTPUT[0m
2026-09-22T21:08:23.4717504Z [36;1mfi[0m
2026-09-22T21:08:23.4728847Z shell: C:\Program Files\Git\bin\bash.EXE --noprofile --norc -e -o pipefail {0}
2026-09-22T21:08:23.4729068Z env:
2026-09-22T21:08:23.4729183Z   toolchain: 1.98.1
2026-09-22T21:08:23.4729295Z ##[endgroup]
2026-09-22T21:08:23.6361327Z ##[end-action id=__dtolnay_rust-toolchain.parse;outcome=success;conclusion=success;duration_ms=176]
2026-09-22T21:08:23.6370197Z ##[start-action display=Construct rustup command line;id=__dtolnay_rust-toolchain.flags]
2026-09-22T21:08:23.6465128Z ##[group]Run echo "targets=$(for t in ${targets//,/ }; do echo -n ' --target' $t; done)" >> $GITHUB_OUTPUT
2026-09-22T21:08:23.6465511Z [36;1mecho "targets=$(for t in ${targets//,/ }; do echo -n ' --target' $t; done)" >> $GITHUB_OUTPUT[0m
2026-09-22T21:08:23.6465858Z [36;1mecho "components=$(for c in ${components//,/ }; do echo -n ' --component' $c; done)" >> $GITHUB_OUTPUT[0m
2026-09-22T21:08:23.6466135Z [36;1mecho "downgrade=" >> $GITHUB_OUTPUT[0m
2026-09-22T21:08:23.6474271Z shell: C:\Program Files\Git\bin\bash.EXE --noprofile --norc -e -o pipefail {0}
2026-09-22T21:08:23.6474490Z env:
2026-09-22T21:08:23.6474595Z   targets:
2026-09-22T21:08:23.6474697Z   components:
2026-09-22T21:08:23.6474809Z ##[endgroup]
2026-09-22T21:08:23.6910544Z ##[end-action id=__dtolnay_rust-toolchain.flags;outcome=success;conclusion=success;duration_ms=53]
2026-09-22T21:08:23.6912357Z ##[start-action display=Set $CARGO_HOME;id=__dtolnay_rust-toolchain.__run]
2026-09-22T21:08:23.6996183Z ##[group]Run echo CARGO_HOME=${CARGO_HOME:-"$USERPROFILE\.cargo"} >> $GITHUB_ENV
2026-09-22T21:08:23.6996487Z [36;1mecho CARGO_HOME=${CARGO_HOME:-"$USERPROFILE\.cargo"} >> $GITHUB_ENV[0m
2026-09-22T21:08:23.7004428Z shell: C:\Program Files\Git\bin\bash.EXE --noprofile --norc -e -o pipefail {0}
2026-09-22T21:08:23.7004651Z ##[endgroup]
2026-09-22T21:08:23.7275310Z ##[end-action id=__dtolnay_rust-toolchain.__run;outcome=success;conclusion=success;duration_ms=36]
2026-09-22T21:08:23.7278483Z ##[start-action display=Install rustup if needed;id=__dtolnay_rust-toolchain.__run_2]
2026-09-22T21:08:23.7286737Z ##[end-action id=__dtolnay_rust-toolchain.__run_2;outcome=skipped;conclusion=skipped;duration_ms=0]
2026-09-22T21:08:23.7288144Z ##[start-action display=Install rustup if needed on windows;id=__dtolnay_rust-toolchain.__run_3]
2026-09-22T21:08:23.7374897Z ##[group]Run if ! command -v rustup &>/dev/null; then
2026-09-22T21:08:23.7375108Z [36;1mif ! command -v rustup &>/dev/null; then[0m
2026-09-22T21:08:23.7375542Z [36;1m  curl --proto '=https' --tlsv1.2 --retry 10 --retry-connrefused --location --silent --show-error --fail https://win.rustup.rs/x86_64 --output 'D:\a\_temp\rustup-init.exe'[0m
2026-09-22T21:08:23.7376020Z [36;1m  'D:\a\_temp\rustup-init.exe' --default-toolchain none --no-modify-path -y[0m
2026-09-22T21:08:23.7376258Z [36;1m  echo "$CARGO_HOME\bin" >> $GITHUB_PATH[0m
2026-09-22T21:08:23.7376410Z [36;1mfi[0m
2026-09-22T21:08:23.7384302Z shell: C:\Program Files\Git\bin\bash.EXE --noprofile --norc -e -o pipefail {0}
2026-09-22T21:08:23.7384521Z env:
2026-09-22T21:08:23.7384643Z   CARGO_HOME: C:\Users\runneradmin\.cargo
2026-09-22T21:08:23.7384792Z ##[endgroup]
2026-09-22T21:08:23.7879031Z ##[end-action id=__dtolnay_rust-toolchain.__run_3;outcome=success;conclusion=success;duration_ms=59]
2026-09-22T21:08:23.7882953Z ##[start-action display=rustup toolchain install 1.98.1;id=__dtolnay_rust-toolchain.__run_4]
2026-09-22T21:08:23.7970418Z ##[group]Run rustup toolchain install 1.98.1 --profile minimal --no-self-update
2026-09-22T21:08:23.7970730Z [36;1mrustup toolchain install 1.98.1 --profile minimal --no-self-update[0m
2026-09-22T21:08:23.7978589Z shell: C:\Program Files\Git\bin\bash.EXE --noprofile --norc -e -o pipefail {0}
2026-09-22T21:08:23.7978809Z env:
2026-09-22T21:08:23.7978929Z   CARGO_HOME: C:\Users\runneradmin\.cargo
2026-09-22T21:08:23.7979086Z   RUSTUP_PERMIT_COPY_RENAME: 1
2026-09-22T21:08:23.7979215Z ##[endgroup]
2026-09-22T21:08:24.4987316Z info: syncing channel updates for 1.98.1-x86_64-pc-windows-msvc
2026-09-22T21:08:25.0349112Z info: latest update on 2026-09-03 for version 1.98.1 (48a229cea 2026-09-01)
2026-09-22T21:08:25.0482953Z info: downloading 3 components
2026-09-22T21:08:30.7966547Z
2026-09-22T21:08:31.9051230Z   1.98.1-x86_64-pc-windows-msvc installed - rustc 1.98.1 (48a229cea 2026-09-01)
2026-09-22T21:08:31.9052451Z
2026-09-22T21:08:31.9143038Z ##[end-action id=__dtolnay_rust-toolchain.__run_4;outcome=success;conclusion=success;duration_ms=8125]
2026-09-22T21:08:31.9148154Z ##[start-action display=rustup default 1.98.1;id=__dtolnay_rust-toolchain.__run_5]
2026-09-22T21:08:31.9235959Z ##[group]Run rustup default 1.98.1
2026-09-22T21:08:31.9236130Z [36;1mrustup default 1.98.1[0m
2026-09-22T21:08:31.9244497Z shell: C:\Program Files\Git\bin\bash.EXE --noprofile --norc -e -o pipefail {0}
2026-09-22T21:08:31.9244718Z env:
2026-09-22T21:08:31.9244832Z   CARGO_HOME: C:\Users\runneradmin\.cargo
2026-09-22T21:08:31.9244994Z ##[endgroup]
2026-09-22T21:08:31.9712004Z info: using existing install for 1.98.1-x86_64-pc-windows-msvc
2026-09-22T21:08:31.9774175Z info: default toolchain set to 1.98.1-x86_64-pc-windows-msvc
2026-09-22T21:08:31.9776211Z
2026-09-22T21:08:31.9932901Z   1.98.1-x86_64-pc-windows-msvc unchanged - rustc 1.98.1 (48a229cea 2026-09-01)
2026-09-22T21:08:31.9933249Z
2026-09-22T21:08:31.9935852Z info: note that the toolchain '1.98.1-x86_64-pc-windows-msvc' is currently in use (overridden by 'D:\a\ecorp\ecorp\rust-toolchain.toml')
2026-09-22T21:08:31.9999623Z ##[end-action id=__dtolnay_rust-toolchain.__run_5;outcome=success;conclusion=success;duration_ms=85]
2026-09-22T21:08:32.0001558Z ##[start-action display=Create cachekey;id=__dtolnay_rust-toolchain.rustc-version]
2026-09-22T21:08:32.0087813Z ##[group]Run DATE=$(rustc +1.98.1 --version --verbose | sed -ne 's/^commit-date: \(20[0-9][0-9]\)-\([01][0-9]\)-\([0-3][0-9]\)$/\1\2\3/p')
2026-09-22T21:08:32.0088909Z [36;1mDATE=$(rustc +1.98.1 --version --verbose | sed -ne 's/^commit-date: \(20[0-9][0-9]\)-\([01][0-9]\)-\([0-3][0-9]\)$/\1\2\3/p')[0m
2026-09-22T21:08:32.0089269Z [36;1mHASH=$(rustc +1.98.1 --version --verbose | sed -ne 's/^commit-hash: //p')[0m
2026-09-22T21:08:32.0089553Z [36;1mecho "cachekey=$(echo $DATE$HASH | head -c12)" >> $GITHUB_OUTPUT[0m
2026-09-22T21:08:32.0097644Z shell: C:\Program Files\Git\bin\bash.EXE --noprofile --norc -e -o pipefail {0}
2026-09-22T21:08:32.0097868Z env:
2026-09-22T21:08:32.0097989Z   CARGO_HOME: C:\Users\runneradmin\.cargo
2026-09-22T21:08:32.0098143Z ##[endgroup]
2026-09-22T21:08:32.8055221Z ##[end-action id=__dtolnay_rust-toolchain.rustc-version;outcome=success;conclusion=success;duration_ms=805]
2026-09-22T21:08:32.8057575Z ##[start-action display=Disable incremental compilation;id=__dtolnay_rust-toolchain.__run_6]
2026-09-22T21:08:32.8168132Z ##[group]Run if [ -z "${CARGO_INCREMENTAL+set}" ]; then
2026-09-22T21:08:32.8168382Z [36;1mif [ -z "${CARGO_INCREMENTAL+set}" ]; then[0m
2026-09-22T21:08:32.8168589Z [36;1m  echo CARGO_INCREMENTAL=0 >> $GITHUB_ENV[0m
2026-09-22T21:08:32.8168756Z [36;1mfi[0m
2026-09-22T21:08:32.8177166Z shell: C:\Program Files\Git\bin\bash.EXE --noprofile --norc -e -o pipefail {0}
2026-09-22T21:08:32.8177407Z env:
2026-09-22T21:08:32.8177532Z   CARGO_HOME: C:\Users\runneradmin\.cargo
2026-09-22T21:08:32.8177701Z ##[endgroup]
2026-09-22T21:08:32.8475314Z ##[end-action id=__dtolnay_rust-toolchain.__run_6;outcome=success;conclusion=success;duration_ms=41]
2026-09-22T21:08:32.8477077Z ##[start-action display=Enable colors in Cargo output;id=__dtolnay_rust-toolchain.__run_7]
2026-09-22T21:08:32.8564742Z ##[group]Run if [ -z "${CARGO_TERM_COLOR+set}" ]; then
2026-09-22T21:08:32.8564988Z [36;1mif [ -z "${CARGO_TERM_COLOR+set}" ]; then[0m
2026-09-22T21:08:32.8565185Z [36;1m  echo CARGO_TERM_COLOR=always >> $GITHUB_ENV[0m
2026-09-22T21:08:32.8565359Z [36;1mfi[0m
2026-09-22T21:08:32.8572963Z shell: C:\Program Files\Git\bin\bash.EXE --noprofile --norc -e -o pipefail {0}
2026-09-22T21:08:32.8573195Z env:
2026-09-22T21:08:32.8573322Z   CARGO_HOME: C:\Users\runneradmin\.cargo
2026-09-22T21:08:32.8573484Z   CARGO_INCREMENTAL: 0
2026-09-22T21:08:32.8573611Z ##[endgroup]
2026-09-22T21:08:32.8873372Z ##[end-action id=__dtolnay_rust-toolchain.__run_7;outcome=success;conclusion=success;duration_ms=39]
2026-09-22T21:08:32.8875299Z ##[start-action display=Enable Cargo sparse registry;id=__dtolnay_rust-toolchain.__run_8]
2026-09-22T21:08:32.8961959Z ##[group]Run # implemented in 1.66, stabilized in 1.68, made default in 1.70
2026-09-22T21:08:32.8962290Z [36;1m# implemented in 1.66, stabilized in 1.68, made default in 1.70[0m
2026-09-22T21:08:32.8962680Z [36;1mif [ -z "${CARGO_REGISTRIES_CRATES_IO_PROTOCOL+set}" -o -f "D:\a\_temp"/.implicit_cargo_registries_crates_io_protocol ]; then[0m
2026-09-22T21:08:32.8963078Z [36;1m  if rustc +1.98.1 --version --verbose | grep -q '^release: 1\.6[89]\.'; then[0m
2026-09-22T21:08:32.8963387Z [36;1m    touch "D:\a\_temp"/.implicit_cargo_registries_crates_io_protocol || true[0m
2026-09-22T21:08:32.8963677Z [36;1m    echo CARGO_REGISTRIES_CRATES_IO_PROTOCOL=sparse >> $GITHUB_ENV[0m
2026-09-22T21:08:32.8963958Z [36;1m  elif rustc +1.98.1 --version --verbose | grep -q '^release: 1\.6[67]\.'; then[0m
2026-09-22T21:08:32.8964260Z [36;1m    touch "D:\a\_temp"/.implicit_cargo_registries_crates_io_protocol || true[0m
2026-09-22T21:08:32.8964545Z [36;1m    echo CARGO_REGISTRIES_CRATES_IO_PROTOCOL=git >> $GITHUB_ENV[0m
2026-09-22T21:08:32.8964741Z [36;1m  fi[0m
2026-09-22T21:08:32.8964857Z [36;1mfi[0m
2026-09-22T21:08:32.8972760Z shell: C:\Program Files\Git\bin\bash.EXE --noprofile --norc -e -o pipefail {0}
2026-09-22T21:08:32.8972986Z env:
2026-09-22T21:08:32.8973107Z   CARGO_HOME: C:\Users\runneradmin\.cargo
2026-09-22T21:08:32.8973266Z   CARGO_INCREMENTAL: 0
2026-09-22T21:08:32.8973396Z   CARGO_TERM_COLOR: always
2026-09-22T21:08:32.8973530Z ##[endgroup]
2026-09-22T21:08:33.0584317Z ##[end-action id=__dtolnay_rust-toolchain.__run_8;outcome=success;conclusion=success;duration_ms=170]
2026-09-22T21:08:33.0586502Z ##[start-action display=Work around spurious network errors in curl 8.0;id=__dtolnay_rust-toolchain.__run_9]
2026-09-22T21:08:33.0682186Z ##[group]Run # https://rust-lang.zulipchat.com/#narrow/stream/246057-t-cargo/topic/timeout.20investigation
2026-09-22T21:08:33.0682805Z [36;1m# https://rust-lang.zulipchat.com/#narrow/stream/246057-t-cargo/topic/timeout.20investigation[0m
2026-09-22T21:08:33.0683370Z [36;1mif rustc +1.98.1 --version --verbose | grep -q '^release: 1\.7[01]\.'; then[0m
2026-09-22T21:08:33.0683665Z [36;1m  echo CARGO_HTTP_MULTIPLEXING=false >> $GITHUB_ENV[0m
2026-09-22T21:08:33.0683865Z [36;1mfi[0m
2026-09-22T21:08:33.0692296Z shell: C:\Program Files\Git\bin\bash.EXE --noprofile --norc -e -o pipefail {0}
2026-09-22T21:08:33.0692547Z env:
2026-09-22T21:08:33.0692687Z   CARGO_HOME: C:\Users\runneradmin\.cargo
2026-09-22T21:08:33.0692866Z   CARGO_INCREMENTAL: 0
2026-09-22T21:08:33.0693016Z   CARGO_TERM_COLOR: always
2026-09-22T21:08:33.0693164Z ##[endgroup]
2026-09-22T21:08:33.1689658Z ##[end-action id=__dtolnay_rust-toolchain.__run_9;outcome=success;conclusion=success;duration_ms=110]
2026-09-22T21:08:33.1693164Z ##[start-action display=rustc +1.98.1 --version --verbose;id=__dtolnay_rust-toolchain.__run_10]
2026-09-22T21:08:33.1792061Z ##[group]Run rustc +1.98.1 --version --verbose
2026-09-22T21:08:33.1792290Z [36;1mrustc +1.98.1 --version --verbose[0m
2026-09-22T21:08:33.1800801Z shell: C:\Program Files\Git\bin\bash.EXE --noprofile --norc -e -o pipefail {0}
2026-09-22T21:08:33.1801050Z env:
2026-09-22T21:08:33.1801177Z   CARGO_HOME: C:\Users\runneradmin\.cargo
2026-09-22T21:08:33.1801349Z   CARGO_INCREMENTAL: 0
2026-09-22T21:08:33.1801486Z   CARGO_TERM_COLOR: always
2026-09-22T21:08:33.1801624Z ##[endgroup]
2026-09-22T21:08:33.2409431Z rustc 1.98.1 (48a229cea 2026-09-01)
2026-09-22T21:08:33.2409691Z binary: rustc
2026-09-22T21:08:33.2409899Z commit-hash: 48a229ceaefd4985c50990b14116b6d856af0985
2026-09-22T21:08:33.2410119Z commit-date: 2026-09-01
2026-09-22T21:08:33.2410274Z host: x86_64-pc-windows-msvc
2026-09-22T21:08:33.2410429Z release: 1.98.1
2026-09-22T21:08:33.2411370Z LLVM version: 22.1.8
2026-09-22T21:08:33.2531139Z ##[end-action id=__dtolnay_rust-toolchain.__run_10;outcome=success;conclusion=success;duration_ms=83]
2026-09-22T21:08:33.2693289Z ##[group]Run actions/setup-node@820762786026740c76f36085b0efc47a31fe5020
2026-09-22T21:08:33.2693581Z with:
2026-09-22T21:08:33.2693719Z   node-version-file: .node-version
2026-09-22T21:08:33.2693876Z   check-latest: false
2026-09-22T21:08:33.2695247Z   token: ***
2026-09-22T21:08:33.2695373Z   package-manager-cache: true
2026-09-22T21:08:33.2695514Z env:
2026-09-22T21:08:33.2695636Z   CARGO_HOME: C:\Users\runneradmin\.cargo
2026-09-22T21:08:33.2695803Z   CARGO_INCREMENTAL: 0
2026-09-22T21:08:33.2695932Z   CARGO_TERM_COLOR: always
2026-09-22T21:08:33.2696065Z ##[endgroup]
2026-09-22T21:08:33.3883434Z Node version file is not JSON file
2026-09-22T21:08:33.3884345Z Resolved .node-version as 24.19.0
2026-09-22T21:08:33.4481919Z Attempting to download 24.19.0...
2026-09-22T21:08:34.4269803Z Acquiring 24.19.0 - x64 from https://github.com/actions/node-versions/releases/download/24.19.0-30872449280/node-24.19.0-win32-x64.7z
2026-09-22T21:08:34.8456883Z Extracting ...
2026-09-22T21:08:36.6291984Z Adding to the cache ...
2026-09-22T21:08:41.0676699Z ##[group]Environment details
2026-09-22T21:08:42.8987574Z node: v24.19.0
2026-09-22T21:08:42.8987852Z npm: 11.17.0
2026-09-22T21:08:42.8987987Z yarn: 1.22.22
2026-09-22T21:08:42.8988318Z ##[endgroup]
2026-09-22T21:08:43.0176803Z ##[group]Run Swatinem/rust-cache@6323deb102c322ba6fcbdcafc7e3dddab59af2b6
2026-09-22T21:08:43.0177319Z with:
2026-09-22T21:08:43.0177454Z   prefix-key: v0-rust
2026-09-22T21:08:43.0177584Z   add-job-id-key: true
2026-09-22T21:08:43.0177729Z   add-rust-environment-hash-key: true
2026-09-22T21:08:43.0177988Z   cache-targets: true
2026-09-22T21:08:43.0178192Z   cache-all-crates: false
2026-09-22T21:08:43.0178335Z   cache-workspace-crates: false
2026-09-22T21:08:43.0178483Z   save-if: true
2026-09-22T21:08:43.0178597Z   cache-provider: github
2026-09-22T21:08:43.0178723Z   cache-bin: true
2026-09-22T21:08:43.0179002Z   lookup-only: false
2026-09-22T21:08:43.0179138Z   cmd-format: {0}
2026-09-22T21:08:43.0179259Z env:
2026-09-22T21:08:43.0179374Z   CARGO_HOME: C:\Users\runneradmin\.cargo
2026-09-22T21:08:43.0179526Z   CARGO_INCREMENTAL: 0
2026-09-22T21:08:43.0179650Z   CARGO_TERM_COLOR: always
2026-09-22T21:08:43.0179775Z ##[endgroup]
2026-09-22T21:08:49.7130651Z ##[group]Cache Configuration
2026-09-22T21:08:49.7138042Z Cache Provider:
2026-09-22T21:08:49.7138371Z     github
2026-09-22T21:08:49.7138586Z Workspaces:
2026-09-22T21:08:49.7138821Z     D:\a\ecorp\ecorp
2026-09-22T21:08:49.7139066Z Cache Paths:
2026-09-22T21:08:49.7139318Z     C:\Users\runneradmin\.cargo\bin
2026-09-22T21:08:49.7139639Z     C:\Users\runneradmin\.cargo\.crates.toml
2026-09-22T21:08:49.7139960Z     C:\Users\runneradmin\.cargo\.crates2.json
2026-09-22T21:08:49.7140287Z     C:\Users\runneradmin\.cargo\registry
2026-09-22T21:08:49.7140603Z     C:\Users\runneradmin\.cargo\git
2026-09-22T21:08:49.7140878Z     D:\a\ecorp\ecorp\target
2026-09-22T21:08:49.7141140Z Restore Key:
2026-09-22T21:08:49.7141414Z     v0-rust-runner-platforms-Windows_NT-x64-2113753f
2026-09-22T21:08:49.7141720Z Cache Key:
2026-09-22T21:08:49.7142035Z     v0-rust-runner-platforms-Windows_NT-x64-2113753f-adee6779
2026-09-22T21:08:49.7142385Z .. Prefix:
2026-09-22T21:08:49.7142658Z   - v0-rust-runner-platforms-Windows_NT-x64
2026-09-22T21:08:49.7143004Z .. Environment considered:
2026-09-22T21:08:49.7143241Z   - Rust Versions:
2026-09-22T21:08:49.7143585Z     - 1.98.1 x86_64-pc-windows-msvc 48a229ceaefd4985c50990b14116b6d856af0985
2026-09-22T21:08:49.7143931Z   - CARGO_HOME
2026-09-22T21:08:49.7144132Z   - CARGO_INCREMENTAL
2026-09-22T21:08:49.7144345Z   - CARGO_TERM_COLOR
2026-09-22T21:08:49.7144585Z .. Lockfiles considered:
2026-09-22T21:08:49.7144855Z   - D:\a\ecorp\ecorp\Cargo.lock
2026-09-22T21:08:49.7145174Z   - D:\a\ecorp\ecorp\crates\crony-cli\Cargo.toml
2026-09-22T21:08:49.7145565Z   - D:\a\ecorp\ecorp\crates\crony-domain\Cargo.toml
2026-09-22T21:08:49.7145906Z   - D:\a\ecorp\ecorp\crates\crony-gateways\Cargo.toml
2026-09-22T21:08:49.7146560Z   - D:\a\ecorp\ecorp\crates\crony-protocol\Cargo.toml
2026-09-22T21:08:49.7146896Z   - D:\a\ecorp\ecorp\crates\crony-runner\Cargo.toml
2026-09-22T21:08:49.7147223Z   - D:\a\ecorp\ecorp\crates\crony-server\Cargo.toml
2026-09-22T21:08:49.7147562Z   - D:\a\ecorp\ecorp\crates\crony-store\Cargo.toml
2026-09-22T21:08:49.7147848Z   - D:\a\ecorp\ecorp\rust-toolchain.toml
2026-09-22T21:08:49.7148281Z ##[endgroup]
2026-09-22T21:08:49.7148386Z
2026-09-22T21:08:49.7148491Z ... Restoring cache ...
2026-09-22T21:08:50.0283024Z Cache hit for: v0-rust-runner-platforms-Windows_NT-x64-2113753f-adee6779
2026-09-22T21:08:51.2717238Z Received 54525952 of 1200614943 (4.5%), 51.8 MBs/sec
2026-09-22T21:08:52.2740889Z Received 150994944 of 1200614943 (12.6%), 71.8 MBs/sec
2026-09-22T21:08:53.6283880Z Received 268435456 of 1200614943 (22.4%), 76.2 MBs/sec
2026-09-22T21:08:54.9160518Z Received 402653184 of 1200614943 (33.5%), 82.6 MBs/sec
2026-09-22T21:08:56.1481830Z Received 536870912 of 1200614943 (44.7%), 87.1 MBs/sec
2026-09-22T21:08:57.4202471Z Received 671088640 of 1200614943 (55.9%), 89.5 MBs/sec
2026-09-22T21:08:58.7827792Z Received 805306368 of 1200614943 (67.1%), 90.2 MBs/sec
2026-09-22T21:09:00.1495390Z Received 939524096 of 1200614943 (78.3%), 90.7 MBs/sec
2026-09-22T21:09:01.4900979Z Received 1073741824 of 1200614943 (89.4%), 91.3 MBs/sec
2026-09-22T21:09:02.4975231Z Received 1196420639 of 1200614943 (99.7%), 93.3 MBs/sec
2026-09-22T21:09:02.9997905Z Received 1200614943 of 1200614943 (100.0%), 89.9 MBs/sec
2026-09-22T21:09:03.0000716Z Cache Size: ~1145 MB (1200614943 B)
2026-09-22T21:09:03.0030700Z [command]"C:\Program Files\Git\usr\bin\tar.exe" -xf D:/a/_temp/1c48d06f-af0a-49f1-9fd2-97dd232107b7/cache.tzst -P -C D:/a/ecorp/ecorp --force-local --use-compress-program "zstd -d"
2026-09-22T21:09:12.8496759Z Cache restored successfully
2026-09-22T21:09:12.9267582Z Restored from cache key "v0-rust-runner-platforms-Windows_NT-x64-2113753f-adee6779" full match: true.
2026-09-22T21:09:12.9515891Z ##[group]Run cargo test --locked -p crony-runner --no-run
2026-09-22T21:09:12.9516330Z [36;1mcargo test --locked -p crony-runner --no-run[0m
2026-09-22T21:09:13.0259853Z shell: C:\Program Files\PowerShell\7\pwsh.EXE -command ". '{0}'"
2026-09-22T21:09:13.0260130Z env:
2026-09-22T21:09:13.0260317Z   CARGO_HOME: C:\Users\runneradmin\.cargo
2026-09-22T21:09:13.0260583Z   CARGO_INCREMENTAL: 0
2026-09-22T21:09:13.0260777Z   CARGO_TERM_COLOR: always
2026-09-22T21:09:13.0260972Z   CACHE_ON_FAILURE: false
2026-09-22T21:09:13.0261170Z ##[endgroup]
2026-09-22T21:09:13.3921544Z [1m[92m    Updating[0m crates.io index
2026-09-22T21:09:21.4372886Z [1m[92m   Compiling[0m crony-domain v0.1.0 (D:\a\ecorp\ecorp\crates\crony-domain)
2026-09-22T21:09:23.3636435Z [1m[92m   Compiling[0m crony-protocol v0.1.0 (D:\a\ecorp\ecorp\crates\crony-protocol)
2026-09-22T21:09:25.2954258Z [1m[92m   Compiling[0m crony-runner v0.1.0 (D:\a\ecorp\ecorp\crates\crony-runner)
2026-09-22T21:09:46.5834147Z [1m[92m    Finished[0m `test` profile [unoptimized + debuginfo] target(s) in 33.24s
2026-09-22T21:09:46.6005768Z [1m[92m  Executable[0m unittests src\main.rs (target\debug\deps\crony_runner-a000096d4b3c3daf.exe)
2026-09-22T21:09:46.7030514Z ##[group]Run ./tools/windows_connection_acl_readiness.ps1 -ReportDirectory (Join-Path $env:GITHUB_WORKSPACE 'output/runner-platform-windows-readiness')
2026-09-22T21:09:46.7031554Z [36;1m./tools/windows_connection_acl_readiness.ps1 -ReportDirectory (Join-Path $env:GITHUB_WORKSPACE 'output/runner-platform-windows-readiness')[0m
2026-09-22T21:09:46.7095611Z shell: C:\Program Files\PowerShell\7\pwsh.EXE -command ". '{0}'"
2026-09-22T21:09:46.7095936Z env:
2026-09-22T21:09:46.7096129Z   CARGO_HOME: C:\Users\runneradmin\.cargo
2026-09-22T21:09:46.7096393Z   CARGO_INCREMENTAL: 0
2026-09-22T21:09:46.7096589Z   CARGO_TERM_COLOR: always
2026-09-22T21:09:46.7096798Z   CACHE_ON_FAILURE: false
2026-09-22T21:09:46.7097730Z ##[endgroup]
2026-09-22T21:09:50.2832000Z ##[group]Run pwsh -NoProfile -File ./tools/local_stack_browser_policy_handoff.test.ps1 -NodePath (Get-Command node -CommandType Application).Source -OutputDirectory (Join-Path $env:GITHUB_WORKSPACE 'output/runner-platform-browser-policy-handoff')
2026-09-22T21:09:50.2833052Z [36;1mpwsh -NoProfile -File ./tools/local_stack_browser_policy_handoff.test.ps1 -NodePath (Get-Command node -CommandType Application).Source -OutputDirectory (Join-Path $env:GITHUB_WORKSPACE 'output/runner-platform-browser-policy-handoff')[0m
2026-09-22T21:09:50.2882169Z shell: C:\Program Files\PowerShell\7\pwsh.EXE -command ". '{0}'"
2026-09-22T21:09:50.2882376Z env:
2026-09-22T21:09:50.2882506Z   CARGO_HOME: C:\Users\runneradmin\.cargo
2026-09-22T21:09:50.2882666Z   CARGO_INCREMENTAL: 0
2026-09-22T21:09:50.2882801Z   CARGO_TERM_COLOR: always
2026-09-22T21:09:50.2882934Z   CACHE_ON_FAILURE: false
2026-09-22T21:09:50.2883068Z ##[endgroup]
2026-09-22T21:09:51.1682676Z [31;1mlocal_stack_browser_policy_handoff.test.ps1: [31;1mA positional parameter cannot be found that accepts argument 'C:\Program Files\nodejs\node.exe'.[0m
2026-09-22T21:09:51.2504049Z ##[error]Process completed with exit code 1.
2026-09-22T21:09:51.2648374Z Node 20 is being deprecated. This workflow is running with Node 24 by default. If you need to temporarily use Node 20, you can set the ACTIONS_ALLOW_USE_UNSECURE_NODE_VERSION=true environment variable. For more information see: https://github.blog/changelog/2025-09-19-deprecation-of-node-20-on-github-actions-runners/
2026-09-22T21:09:51.2649240Z ##[group]Run actions/upload-artifact@ea165f8d65b6e75b540449e92b4886f43607fa02
2026-09-22T21:09:51.2649479Z with:
2026-09-22T21:09:51.2649621Z   name: runner-platform-windows-readiness-1
2026-09-22T21:09:51.2649823Z   path: output/runner-platform-windows-readiness/
2026-09-22T21:09:51.2650008Z   if-no-files-found: warn
2026-09-22T21:09:51.2650146Z   retention-days: 14
2026-09-22T21:09:51.2650270Z   compression-level: 6
2026-09-22T21:09:51.2650411Z   overwrite: false
2026-09-22T21:09:51.2650536Z   include-hidden-files: false
2026-09-22T21:09:51.2650672Z env:
2026-09-22T21:09:51.2650787Z   CARGO_HOME: C:\Users\runneradmin\.cargo
2026-09-22T21:09:51.2650973Z   CARGO_INCREMENTAL: 0
2026-09-22T21:09:51.2651106Z   CARGO_TERM_COLOR: always
2026-09-22T21:09:51.2651247Z   CACHE_ON_FAILURE: false
2026-09-22T21:09:51.2651381Z ##[endgroup]
2026-09-22T21:09:51.3957691Z (node:6248) [DEP0040] DeprecationWarning: The `punycode` module is deprecated. Please use a userland alternative instead.
2026-09-22T21:09:51.3958202Z (Use `node --trace-deprecation ...` to show where the warning was created)
2026-09-22T21:09:51.4005118Z With the provided path, there will be 3 files uploaded
2026-09-22T21:09:51.4008405Z Artifact name is valid!
2026-09-22T21:09:51.4009352Z Root directory input is valid!
2026-09-22T21:09:51.7630949Z Beginning upload of artifact content to blob storage
2026-09-22T21:09:51.7769835Z (node:6248) [DEP0169] DeprecationWarning: `url.parse()` behavior is not standardized and prone to errors that have security implications. Use the WHATWG URL API instead. CVEs are not issued for `url.parse()` vulnerabilities.
2026-09-22T21:09:52.0000334Z Uploaded bytes 586
2026-09-22T21:09:52.0622277Z Finished uploading artifact content to blob storage!
2026-09-22T21:09:52.0622982Z SHA256 digest of uploaded artifact zip is 39d2969fe8a803389b3e9aa706f28e04d39e80f1fe750f6bf604ecba97ea6ee9
2026-09-22T21:09:52.0624607Z Finalizing artifact upload
2026-09-22T21:09:52.3045935Z Artifact runner-platform-windows-readiness-1.zip successfully finalized. Artifact ID 10718924294
2026-09-22T21:09:52.3046861Z Artifact runner-platform-windows-readiness-1 has been successfully uploaded! Final size is 586 bytes. Artifact ID is 10718924294
2026-09-22T21:09:52.3054671Z Artifact download URL: https://github.com/All-The-Vibes/ecorp/actions/runs/35784737853/artifacts/10718924294
2026-09-22T21:09:52.3293092Z Node 20 is being deprecated. This workflow is running with Node 24 by default. If you need to temporarily use Node 20, you can set the ACTIONS_ALLOW_USE_UNSECURE_NODE_VERSION=true environment variable. For more information see: https://github.blog/changelog/2025-09-19-deprecation-of-node-20-on-github-actions-runners/
2026-09-22T21:09:52.3294114Z ##[group]Run actions/upload-artifact@ea165f8d65b6e75b540449e92b4886f43607fa02
2026-09-22T21:09:52.3294344Z with:
2026-09-22T21:09:52.3294504Z   name: runner-platform-browser-policy-handoff-1
2026-09-22T21:09:52.3294725Z   path: output/runner-platform-browser-policy-handoff/
2026-09-22T21:09:52.3294921Z   if-no-files-found: warn
2026-09-22T21:09:52.3295069Z   retention-days: 14
2026-09-22T21:09:52.3295202Z   compression-level: 6
2026-09-22T21:09:52.3295335Z   overwrite: false
2026-09-22T21:09:52.3295461Z   include-hidden-files: false
2026-09-22T21:09:52.3295600Z env:
2026-09-22T21:09:52.3295747Z   CARGO_HOME: C:\Users\runneradmin\.cargo
2026-09-22T21:09:52.3295912Z   CARGO_INCREMENTAL: 0
2026-09-22T21:09:52.3296038Z   CARGO_TERM_COLOR: always
2026-09-22T21:09:52.3296173Z   CACHE_ON_FAILURE: false
2026-09-22T21:09:52.3296304Z ##[endgroup]
2026-09-22T21:09:52.4658342Z (node:9896) [DEP0040] DeprecationWarning: The `punycode` module is deprecated. Please use a userland alternative instead.
2026-09-22T21:09:52.4658832Z (Use `node --trace-deprecation ...` to show where the warning was created)
2026-09-22T21:09:52.4697267Z ##[warning]No files were found with the provided path: output/runner-platform-browser-policy-handoff/. No artifacts will be uploaded.
2026-09-22T21:09:52.4946708Z Post job cleanup.
2026-09-22T21:09:52.6080094Z [command]"C:\Program Files\Git\bin\git.exe" version
2026-09-22T21:09:52.6282060Z git version 2.55.0.windows.5
2026-09-22T21:09:52.6328510Z Temporarily overriding HOME='D:\a\_temp\d8597a5d-69b4-4a80-9bf7-ec1ea1b9c749' before making global git config changes
2026-09-22T21:09:52.6328972Z Adding repository directory to the temporary git global config as a safe directory
2026-09-22T21:09:52.6335666Z [command]"C:\Program Files\Git\bin\git.exe" config --global --add safe.directory D:\a\ecorp\ecorp
2026-09-22T21:09:52.6544198Z Removing SSH command configuration
2026-09-22T21:09:52.6551721Z [command]"C:\Program Files\Git\bin\git.exe" config --local --name-only --get-regexp core\.sshCommand
2026-09-22T21:09:52.6760715Z [command]"C:\Program Files\Git\bin\git.exe" submodule foreach --recursive "sh -c \"git config --local --name-only --get-regexp 'core\.sshCommand' && git config --local --unset-all 'core.sshCommand' || :\""
2026-09-22T21:09:53.0502913Z Removing HTTP extra header
2026-09-22T21:09:53.0510645Z [command]"C:\Program Files\Git\bin\git.exe" config --local --name-only --get-regexp http\.https\:\/\/github\.com\/\.extraheader
2026-09-22T21:09:53.0722093Z [command]"C:\Program Files\Git\bin\git.exe" submodule foreach --recursive "sh -c \"git config --local --name-only --get-regexp 'http\.https\:\/\/github\.com\/\.extraheader' && git config --local --unset-all 'http.https://github.com/.extraheader' || :\""
2026-09-22T21:09:53.4769496Z Removing includeIf entries pointing to credentials config files
2026-09-22T21:09:53.4778790Z [command]"C:\Program Files\Git\bin\git.exe" config --local --name-only --get-regexp ^includeIf\.gitdir:
2026-09-22T21:09:53.4991480Z [command]"C:\Program Files\Git\bin\git.exe" submodule foreach --recursive "git config --local --show-origin --name-only --get-regexp remote.origin.url"
2026-09-22T21:09:53.9332971Z Cleaning up orphan processes
2026-09-22T21:09:53.9660319Z Terminate orphan process: pid (8648) (vctip)
2026-09-22T21:09:53.9773197Z ##[warning]Node.js 20 is deprecated. The following actions target Node.js 20 but are being forced to run on Node.js 24: actions/upload-artifact@ea165f8d65b6e75b540449e92b4886f43607fa02. For more information see: https://github.blog/changelog/2025-09-19-deprecation-of-node-20-on-github-actions-runners/
