✔ driver evidence retention: late-failure (1563.8718ms)
ℹ Retained synthetic fixture and receipts: <local-user>\AppData\Local\Temp\F02-late-failure-y9s6lI
✔ driver evidence retention: copy-failure (1135.0359ms)
ℹ Retained synthetic fixture and receipts: <local-user>\AppData\Local\Temp\F02-copy-failure-WSCRZk
✔ driver evidence retention: stream-retention-failure (1012.9734ms)
ℹ Retained synthetic fixture and receipts: <local-user>\AppData\Local\Temp\F02-stream-retention-failure-XN43hD
✔ driver evidence retention: negative-failure (470.8929ms)
ℹ Retained synthetic fixture and receipts: <local-user>\AppData\Local\Temp\F02-negative-failure-Nk2LNf
✔ driver evidence retention: cli-failure (1064.1021ms)
ℹ Retained synthetic fixture and receipts: <local-user>\AppData\Local\Temp\F02-cli-failure-saS8p1
✔ driver evidence retention: summary-retention-failure (1079.8045ms)
ℹ Retained synthetic fixture and receipts: <local-user>\AppData\Local\Temp\F02-summary-retention-failure-LbNQMY
✔ driver evidence retention: success (1142.6228ms)
ℹ Retained synthetic fixture and receipts: <local-user>\AppData\Local\Temp\F02-success-Lvjbgw
✔ explicit path with spaces is literal, pinned, host-bound and evidenced (62.317ms)
✔ managed Chromium uses only the supplied native path and authorized hash (26.4534ms)
✔ F03 rejects declared UNC before excluded filesystem access (26.0464ms)
ℹ Retained F03 fixture: <local-user>\AppData\Local\Temp\issue136 spaces-e30tTF
ℹ Intercepted excluded operations: []
✔ F03 rejects managed UNC before excluded filesystem access (22.9363ms)
ℹ Retained F03 fixture: <local-user>\AppData\Local\Temp\issue136 spaces-l68qc8
ℹ Intercepted excluded operations: []
✔ F03 rejects canonical UNC before excluded filesystem access (38.5787ms)
ℹ Retained F03 fixture: <local-user>\AppData\Local\Temp\issue136 spaces-duA7Og
ℹ Intercepted excluded operations: []
✔ F03 rejects declared slash UNC before excluded filesystem access (28.6006ms)
ℹ Retained F03 fixture: <local-user>\AppData\Local\Temp\issue136 spaces-cTk4Nq
ℹ Intercepted excluded operations: []
✔ F03 rejects managed slash UNC before excluded filesystem access (23.5617ms)
ℹ Retained F03 fixture: <local-user>\AppData\Local\Temp\issue136 spaces-E3ibX0
ℹ Intercepted excluded operations: []
✔ F03 rejects canonical slash UNC before excluded filesystem access (32.8776ms)
ℹ Retained F03 fixture: <local-user>\AppData\Local\Temp\issue136 spaces-v5ekCW
ℹ Intercepted excluded operations: []
✔ F03 rejects declared extended UNC before excluded filesystem access (22.1255ms)
ℹ Retained F03 fixture: <local-user>\AppData\Local\Temp\issue136 spaces-ee70ht
ℹ Intercepted excluded operations: []
✔ F03 rejects managed extended UNC before excluded filesystem access (30.6115ms)
ℹ Retained F03 fixture: <local-user>\AppData\Local\Temp\issue136 spaces-ecIZaR
ℹ Intercepted excluded operations: []
✔ F03 rejects canonical extended UNC before excluded filesystem access (38.2222ms)
ℹ Retained F03 fixture: <local-user>\AppData\Local\Temp\issue136 spaces-ibITXv
ℹ Intercepted excluded operations: []
✔ F03 rejects declared device UNC before excluded filesystem access (23.1198ms)
ℹ Retained F03 fixture: <local-user>\AppData\Local\Temp\issue136 spaces-OGZODl
ℹ Intercepted excluded operations: []
✔ F03 rejects managed device UNC before excluded filesystem access (23.5889ms)
ℹ Retained F03 fixture: <local-user>\AppData\Local\Temp\issue136 spaces-JUGgNw
ℹ Intercepted excluded operations: []
✔ F03 rejects canonical device UNC before excluded filesystem access (39.8439ms)
ℹ Retained F03 fixture: <local-user>\AppData\Local\Temp\issue136 spaces-LTneja
ℹ Intercepted excluded operations: []
✔ F03 rejects declared extended drive before excluded filesystem access (25.2786ms)
ℹ Retained F03 fixture: <local-user>\AppData\Local\Temp\issue136 spaces-aYGP6d
ℹ Intercepted excluded operations: []
✔ F03 rejects managed extended drive before excluded filesystem access (24.9602ms)
ℹ Retained F03 fixture: <local-user>\AppData\Local\Temp\issue136 spaces-0gL6KB
ℹ Intercepted excluded operations: []
✔ F03 rejects canonical extended drive before excluded filesystem access (38.6368ms)
ℹ Retained F03 fixture: <local-user>\AppData\Local\Temp\issue136 spaces-V4wVTw
ℹ Intercepted excluded operations: []
✔ F03 rejects declared device drive before excluded filesystem access (28.3833ms)
ℹ Retained F03 fixture: <local-user>\AppData\Local\Temp\issue136 spaces-vrMcWw
ℹ Intercepted excluded operations: []
✔ F03 rejects managed device drive before excluded filesystem access (28.4763ms)
ℹ Retained F03 fixture: <local-user>\AppData\Local\Temp\issue136 spaces-X5NaxQ
ℹ Intercepted excluded operations: []
✔ F03 rejects canonical device drive before excluded filesystem access (47.5382ms)
ℹ Retained F03 fixture: <local-user>\AppData\Local\Temp\issue136 spaces-OZOsDs
ℹ Intercepted excluded operations: []
✔ F03 rejects declared NT device before excluded filesystem access (29.528ms)
ℹ Retained F03 fixture: <local-user>\AppData\Local\Temp\issue136 spaces-zuebAo
ℹ Intercepted excluded operations: []
✔ F03 rejects managed NT device before excluded filesystem access (29.0099ms)
ℹ Retained F03 fixture: <local-user>\AppData\Local\Temp\issue136 spaces-yDrs0r
ℹ Intercepted excluded operations: []
✔ F03 rejects canonical NT device before excluded filesystem access (42.4274ms)
ℹ Retained F03 fixture: <local-user>\AppData\Local\Temp\issue136 spaces-8pSJld
ℹ Intercepted excluded operations: []
✔ F03 rejects declared root relative before excluded filesystem access (28.5297ms)
ℹ Retained F03 fixture: <local-user>\AppData\Local\Temp\issue136 spaces-Q0hyc0
ℹ Intercepted excluded operations: []
✔ F03 rejects managed root relative before excluded filesystem access (28.2491ms)
ℹ Retained F03 fixture: <local-user>\AppData\Local\Temp\issue136 spaces-1laUSA
ℹ Intercepted excluded operations: []
✔ F03 rejects canonical root relative before excluded filesystem access (48.7217ms)
ℹ Retained F03 fixture: <local-user>\AppData\Local\Temp\issue136 spaces-HsHakV
ℹ Intercepted excluded operations: []
✔ F03 rejects declared drive relative before excluded filesystem access (31.8887ms)
ℹ Retained F03 fixture: <local-user>\AppData\Local\Temp\issue136 spaces-Wf0qMx
ℹ Intercepted excluded operations: []
✔ F03 rejects managed drive relative before excluded filesystem access (33.0624ms)
ℹ Retained F03 fixture: <local-user>\AppData\Local\Temp\issue136 spaces-qdLYaS
ℹ Intercepted excluded operations: []
✔ F03 rejects canonical drive relative before excluded filesystem access (51.7039ms)
ℹ Retained F03 fixture: <local-user>\AppData\Local\Temp\issue136 spaces-hGa4nE
ℹ Intercepted excluded operations: []
✔ F03 rejects declared U+212A drive prefix before excluded filesystem access (33.5247ms)
ℹ Retained F03 fixture: <local-user>\AppData\Local\Temp\issue136 spaces-dhtcDg
ℹ Intercepted excluded operations: []
✔ F03 rejects managed U+212A drive prefix before excluded filesystem access (33.9873ms)
ℹ Retained F03 fixture: <local-user>\AppData\Local\Temp\issue136 spaces-ntWmYx
ℹ Intercepted excluded operations: []
✔ F03 rejects canonical U+212A drive prefix before excluded filesystem access (40.1128ms)
ℹ Retained F03 fixture: <local-user>\AppData\Local\Temp\issue136 spaces-3LHaiG
ℹ Intercepted excluded operations: []
✔ F03 rejects declared U+017F drive prefix before excluded filesystem access (36.0428ms)
ℹ Retained F03 fixture: <local-user>\AppData\Local\Temp\issue136 spaces-h9yTG8
ℹ Intercepted excluded operations: []
✔ F03 rejects managed U+017F drive prefix before excluded filesystem access (33.0624ms)
ℹ Retained F03 fixture: <local-user>\AppData\Local\Temp\issue136 spaces-NgbFjo
ℹ Intercepted excluded operations: []
✔ F03 rejects canonical U+017F drive prefix before excluded filesystem access (43.8066ms)
ℹ Retained F03 fixture: <local-user>\AppData\Local\Temp\issue136 spaces-y0xeE6
ℹ Intercepted excluded operations: []
✔ F03 rejects declared NUL before excluded filesystem access (28.3574ms)
ℹ Retained F03 fixture: <local-user>\AppData\Local\Temp\issue136 spaces-edsVNk
ℹ Intercepted excluded operations: []
✔ F03 rejects managed NUL before excluded filesystem access (29.2192ms)
ℹ Retained F03 fixture: <local-user>\AppData\Local\Temp\issue136 spaces-px2wAQ
ℹ Intercepted excluded operations: []
✔ F03 rejects canonical NUL before excluded filesystem access (39.5435ms)
ℹ Retained F03 fixture: <local-user>\AppData\Local\Temp\issue136 spaces-cb3NZh
ℹ Intercepted excluded operations: []
✔ F03 rejects declared newline before excluded filesystem access (35.7683ms)
ℹ Retained F03 fixture: <local-user>\AppData\Local\Temp\issue136 spaces-GLYNQq
ℹ Intercepted excluded operations: []
✔ F03 rejects managed newline before excluded filesystem access (24.3176ms)
ℹ Retained F03 fixture: <local-user>\AppData\Local\Temp\issue136 spaces-aohcrX
ℹ Intercepted excluded operations: []
✔ F03 rejects canonical newline before excluded filesystem access (34.8357ms)
ℹ Retained F03 fixture: <local-user>\AppData\Local\Temp\issue136 spaces-DZWZAS
ℹ Intercepted excluded operations: []
✔ F03 rejects declared carriage return before excluded filesystem access (28.5303ms)
ℹ Retained F03 fixture: <local-user>\AppData\Local\Temp\issue136 spaces-3u9EmU
ℹ Intercepted excluded operations: []
✔ F03 rejects managed carriage return before excluded filesystem access (21.896ms)
ℹ Retained F03 fixture: <local-user>\AppData\Local\Temp\issue136 spaces-oMcrzv
ℹ Intercepted excluded operations: []
✔ F03 rejects canonical carriage return before excluded filesystem access (41.3195ms)
ℹ Retained F03 fixture: <local-user>\AppData\Local\Temp\issue136 spaces-ca2BJE
ℹ Intercepted excluded operations: []
✔ F03 preserves declared local paths, Unicode folders, hard links and canonical directory links (146.28ms)
ℹ Retained F03 fixture: <local-user>\AppData\Local\Temp\issue136 spaces-uW5dY6
✔ F03 preserves managed local paths, Unicode folders, hard links and canonical directory links (81.4036ms)
ℹ Retained F03 fixture: <local-user>\AppData\Local\Temp\issue136 spaces-xRTCOd
✔ reject wrong host without fallback or launch (33.2097ms)
✔ reject wrong platform without fallback or launch (35.2092ms)
✔ reject unknown version without fallback or launch (38.6874ms)
✔ reject unsupported browser without fallback or launch (35.4858ms)
✔ reject non-string browser without fallback or launch (49.709ms)
✔ reject prototype browser without fallback or launch (32.9511ms)
✔ reject shell arguments without fallback or launch (46.5386ms)
✔ reject missing digest without fallback or launch (47.4704ms)
✔ reject bad digest without fallback or launch (65.358ms)
✔ reject relative path without fallback or launch (23.3156ms)
✔ reject unsupported executable without fallback or launch (61.1638ms)
✔ reject command instead of path without fallback or launch (62.5016ms)
✔ reject missing installed path without fallback or launch (41.3274ms)
✔ missing executable and missing policy fail before any launch (52.6754ms)
✔ policy and executable cannot be selected from the task workspace (72.9624ms)
✔ invalid and oversized policies fail without reflecting their contents (100.0341ms)
✔ hard-linked policies and empty browser files are rejected (31.6767ms)
✔ special-file preflight rejects a declared non-file before opening it (35.4464ms)
﹣ native Unix declared FIFO is rejected without a writer or timeout (0.1995ms) # Requires a native Unix FIFO
✔ special-file preflight rejects a managed non-file before opening it (24.3874ms)
﹣ native Unix managed FIFO is rejected without a writer or timeout (0.2671ms) # Requires a native Unix FIFO
✔ declared Windows, Linux and macOS browser paths validate independently (0.6329ms)
✔ CLI is quiet on import, outputs exact selection, and fails for invalid input (925.3151ms)
✔ CLI preserves an unexpected stdout failure rather than treating it as bad policy (224.9082ms)
ℹ tests 77
ℹ suites 0
ℹ pass 75
ℹ fail 0
ℹ cancelled 0
ℹ skipped 2
ℹ todo 0
ℹ duration_ms 7638.4677
