$ node --test --test-concurrency=2 --test-timeout=180000 scenarios/repo-steward/steward.test.mjs scenarios/repo-steward/actions.test.mjs scenarios/repo-steward/recurring-audit.test.mjs scenarios/repo-steward/feedback.test.mjs scenarios/repo-steward/maintenance.test.mjs scenarios/repo-steward/feedback-cli.test.mjs
✔ Actions preview performs no live reads or summary publication (2.4992ms)
✔ Actions fixture uses the real auditor without GitHub access (33.5509ms)
✔ invalid workflow input is rejected during preview without data access (0.9746ms)
✔ hosted live mode rejects non-Actions host before reading data (0.3518ms)
✔ hosted live mode rejects PR event before reading data (1.218ms)
✔ hosted live mode rejects another repository before reading data (0.3733ms)
✔ hosted live mode rejects feature branch before reading data (0.4049ms)
✔ hosted live mode rejects another actor before reading data (0.2509ms)
✔ hosted live mode rejects another rerun operator before reading data (0.3682ms)
✔ hosted live mode rejects missing triggering actor before reading data (0.5421ms)
✔ hosted live mode rejects missing source commit before reading data (0.4404ms)
✔ hosted live mode rejects disabled pilot before reading data (0.2515ms)
✔ hosted live mode rejects unapproved public summary before reading data (0.205ms)
✔ hosted live mode rejects missing credential before reading data (0.1818ms)
✔ hosted live mode rejects blank credential before reading data (0.2199ms)
✔ hosted live mode rejects write-enabled configuration before reading data (0.2041ms)
✔ GITHUB_TOKEN does not substitute for Project-readable credentials (0.3372ms)
✔ an admitted live path collects once and retains zero mutations (10.2707ms)
✔ collector failure does not produce a successful report (0.4389ms)
✔ stale hosted snapshots fail instead of publishing old findings (5.9106ms)
✔ public summaries never include free-form source or evidence text (9.188ms)
✔ summary rejects unknown rule (4.8338ms)
✔ summary rejects bad finding id (5.1239ms)
✔ summary rejects foreign reference (5.6255ms)
✔ summary rejects mutation claim (5.1957ms)
✔ summary rejects wrong scope (4.8259ms)
✔ summary rejects invalid timestamp (4.8613ms)
✔ summary rejects bad totals (7.6119ms)
✔ public finding index is bounded without copying omitted details (8.2976ms)
✔ every configured fixture rule has an explicit publication review (5.9588ms)
✔ summary file writes remain inside a supplied native temporary directory (22.129ms)
✔ Actions CLI rejects unsupported arguments --apply (0.3438ms)
✔ Actions CLI rejects unsupported arguments --live (0.1609ms)
✔ Actions CLI rejects unsupported arguments --live (0.1738ms)
✔ actual fixture CLI needs no hosted secrets or Teams SDK (230.7503ms)
✔ manual workflow keeps first-party actions pinned and live credentials isolated (12.8776ms)
✔ feedback CLI rejects unsupported, missing and duplicate transition arguments (2.0164ms)
✔ new-file corpus output preserves the previous version and refuses overwrite (24.7963ms)
✔ initializing a corpus binds the validated input scope without changing its snapshot (52.7385ms)
✔ partial snapshot cannot create a corpus file (25.1082ms)
✔ redirected output parent is refused without writing through it (6.226ms)
✔ review evidence must be a file and cannot use a directory as a digest source (50.9442ms)
✔ review CLI records the exact binary digest and closes its descriptor (98.4569ms)
✔ same-size review replacement between metadata check and open cannot update a corpus (45.7986ms)
✔ review parent swapped for a symlink or junction before open is rejected (46.2137ms)
✔ same-size pathname replacement after descriptor read is rejected (40.7442ms)
✔ same-size in-place review rewrite cannot hide behind a restored modification time (42.5247ms)
✔ review growth after open stays within its original byte bound and is rejected (41.1858ms)
✔ bounded review reads handle partial reads and reject empty or oversized files (24.6099ms)
✔ native behavioral evidence remains candidate with original local source and no finding impersonation (86.9748ms)
✔ native behavioral activation is denied for mixed support and forged active or retired history (80.9945ms)
✔ native behavioral candidates can be rejected without widening legacy review authority (86.5834ms)
✔ native behavioral bytes, identity claims, source and repeated runs remain validated (163.8239ms)
✔ evidence binds actual audit finding and supplied snapshot without certifying collection or identity (14.666ms)
✔ accepted missing Project status binds the native serialized report and finding in evidence and observations (53.3503ms)
✔ auditor optional-field normalization retains strict data-only feedback and report validation (72.1704ms)
✔ timestamp-only or unrelated snapshot changes do not manufacture repeated supporting evidence (32.2449ms)
✔ partial, cross-scope, stale or missing findings cannot become feedback evidence (13.5731ms)
✔ feedback source pins accept exactly 40 or 64 hexadecimal characters, including supplied evidence (81.3811ms)
✔ candidate, active and retired versions preserve their inputs and have exact transition digests (20.0399ms)
✔ one observation, fabricated evidence bytes and replayed reviews cannot activate a rule (95.9341ms)
✔ reviewer labels and claimed approval booleans do not supply verified review authority (28.8419ms)
✔ explicit rejection remains terminal and contributes no advice (52.4958ms)
✔ prospective expiry is mandatory, bounded, and effective at the exact boundary (134.8998ms)
✔ active capacity cannot expand and supersession retires only the exact predecessor (61.2842ms)
✔ supersession rejects stale targets and cannot cross finding rules (45.164ms)
✔ active guidance annotates only matching findings without hiding or changing original conclusions (22.1616ms)
✔ broad matching admits at most the finite annotation limit and never truncates an excessive report (439.7101ms)
✔ serialized output bytes are admitted before escaped guidance and evidence references fan out (88.8476ms)
✔ later audits honor activation and retirement while the original report stays identical (55.3075ms)
✔ unknown executable, suppression, assignment and permission options are rejected (198.5966ms)
✔ stale reports, foreign scope and altered evidence fail closed (27.9754ms)
✔ canonical digests ignore property insertion order but reject executable and non-finite data (0.5386ms)
✔ reusable corpus validation preserves input and rejects authority claims or altered guidance (18.7451ms)
✔ explicit collector profile requires a hash and cannot relabel a supplied snapshot (5.2451ms)
✔ recurrence requires finite explicit bounds before reading any input (1.4807ms)
✔ finite recurrence reloads snapshot and feedback on every cycle (5.5966ms)
✔ paused and stopped records prevent collection and input reads (8.9409ms)
✔ exhausted persisted attempts reject before snapshot, feedback or live collection (17.6876ms)
✔ watch admits the final allowed attempt and then stops before collecting another snapshot (5.5674ms)
✔ source mismatch refuses before reading snapshot or feedback (2.1183ms)
✔ a failed cycle stops recurrence without retrying or losing the failure (12.5829ms)
✔ first snapshot acquisition failure retains one sanitized failed attempt (414.3076ms)
✔ later corpus acquisition failure preserves earlier accepted evidence and consumes one attempt (971.9718ms)
✔ live acquisition failure is retained once without raw error text or a retry (398.8422ms)
✔ pause and stop during failed acquisition remain effective without a new admitted attempt (2921.975ms)
✔ deadline crossing during failed acquisition prevents late attempt admission (1.583ms)
✔ interruption during failed acquisition prevents a new admitted attempt (1.5007ms)
✔ duration bounds stop admission after collection without writing a late result (1.5657ms)
✔ interruption during an interval exits without another audit (1.9136ms)
✔ control commands delegate exact action, source and reason without collecting (4.4425ms)
✔ status exposes bounded metadata and no retained finding text (1.692ms)
✔ one audit writes source-bound immutable private reports and an advisory handoff (641.8219ms)
✔ fresh capture timestamps and transport metrics alone produce no new report or proposal across restart (1078.2999ms)
✔ live state binds the exact selected principal and profile through restart and controls (3384.7503ms)
✔ profile metadata cannot convert supplied evidence or a different live principal into accepted observations (385.7152ms)
✔ changed scoped content produces a new receipt while retaining stable finding dedupe (753.3838ms)
✔ resolved findings are recorded without claiming a remote correction (739.0271ms)
✔ stale input fails and preserves a failed attempt, never reusing previous success (822.5581ms)
✔ future input fails and preserves a failed attempt, never reusing previous success (820.8725ms)
✔ incomplete input fails and preserves a failed attempt, never reusing previous success (790.14ms)
✔ source drift fails and preserves a failed attempt, never reusing previous success (791.7572ms)
✔ changing the caller source pin cannot migrate an existing directory (610.9169ms)
✔ pause prevents input use, resume retains dedupe, and stop cannot resume (2838.0376ms)
✔ concurrent cycles have one winner and never create duplicate accepted receipts (436.7396ms)
✔ retained locks fail closed without PID reuse or timeout-based recovery (26.5085ms)
✔ incomplete intent and rollback to an older checkpoint refuse replay (847.2627ms)
✔ tampered referenced artifacts are rejected and preserved (662.1106ms)
✔ output-directory redirection refuses writes through a symlink or junction (23.892ms)
✔ an unexpected output file is retained, not overwritten or removed (33.6031ms)
✔ status rejects unexpected files in initialized state before accepting its control projection (441.8862ms)
✔ missing, traversal-style and incomplete control requests do not create authority (9.4566ms)
✔ live source claims retain the existing collector identity and zero-write metadata (411.411ms)
✔ finite convenience API has explicit bounds and performs no scheduling (1230.9102ms)
✔ state and artifact redirection are not followed on read (290.3007ms)
✔ alter of earlier history is detected after a newer successful cycle (843.5409ms)
✔ delete of earlier history is detected after a newer successful cycle (786.8762ms)
✔ changed implementation pins fail before a new intent is written (508.6751ms)
✔ a directory replaced while a caller holds its lock cannot redirect any artifact write (411.4332ms)
✔ actual corpus activation and retirement change only separately bound advisory output (1647.2027ms)
✔ expiry invalidates cached advisory annotations even without corpus byte changes (723.1893ms)
✔ mixed retained controls and new cycles enforce one transition bound with a reserved terminal stop (86066.8981ms)
✔ accepted snapshots with omitted optional metadata produce parseable JSON artifacts and replay (674.7609ms)
✔ optional auditor metadata works through the real feedback evidence and recurring consumer bridge (731.4428ms)
✔ policy has the ten requested workstreams and never assigns people (4.9445ms)
✔ classification supports Multiplayer (7.0644ms)
✔ classification supports UX/UI (4.9433ms)
✔ classification supports Multi-system execution (1.5742ms)
✔ classification supports Janitor (2.599ms)
✔ classification supports Dynamic agent teams (1.8008ms)
✔ classification supports DevOps/PR review/branch protection (2.7ms)
✔ classification supports Security (1.5545ms)
✔ classification supports Agent communication layer (1.5284ms)
✔ classification supports Dark factory automation (1.4975ms)
✔ classification supports Backend scalability / pub-sub (1.8492ms)
✔ classification preserves labels and assignees (13.6508ms)
✔ UX alias means UX/UI (16.8777ms)
✔ an unassigned issue is not a violation (7.9602ms)
✔ full fixture audit has zero mutations and catches closing-link conflict (6.2487ms)
✔ non-closing prose overrides no native link, not unrelated partial references (5.6035ms)
✔ explicit do-not-close linked issue is flagged (5.0281ms)
✔ closed unmerged PR does not close an open issue (6.1124ms)
✔ reopened issue remains open after a historical merged PR (6.4008ms)
✔ no automatic close for several partial PRs (4.9347ms)
✔ only explicit dependency section is interpreted (0.2907ms)
✔ code fences and quoted references are not dependency authority (0.2444ms)
✔ native/text dependency disagreement is flagged (5.0452ms)
✔ matching dependencies do not produce a mismatch (5.5312ms)
✔ dependency cycles are bounded and reported once (5.1994ms)
✔ parent hierarchy mismatch and cycle are detected (7.6422ms)
✔ outside-scope dependency is not fetched or treated as complete (5.208ms)
✔ missing local dependency is unverified, not closed (4.8417ms)
✔ open issue marked Done is flagged without changing the board (5.9542ms)
✔ unknown workstream is a review hint, not a rename (4.2098ms)
✔ locked default branch is flagged, without bypass (4.8375ms)
✔ stale PR source head is reported (4.6943ms)
✔ current independent review is accepted as evidence (7.0128ms)
✔ author approval is not current independent human approval (5.6631ms)
✔ bot approval is not current independent human approval (5.9833ms)
✔ old-head approval is not current independent human approval (4.385ms)
✔ later comment does not erase a valid prior approval (7.9792ms)
✔ failed checks and requested changes are surfaced (8.5169ms)
✔ missing checks are not a success (7.9671ms)
✔ stale snapshots are labeled (4.2989ms)
✔ future snapshots fail closed (1.8707ms)
✔ finding IDs are stable across repeated reads (11.781ms)
✔ reported secrets are redacted and Markdown is escaped (17.188ms)
✔ refuses: assign #50 to example-user (6.0334ms)
✔ refuses: label #50 multiplayer (5.73ms)
✔ refuses: close #50 (6.9605ms)
✔ refuses: merge PR #237 (7.814ms)
✔ refuses: enable auto-merge (8.1973ms)
✔ refuses: delete a branch (6.1719ms)
✔ refuses: approve PR #237 (5.9143ms)
✔ refuses: can you change the rules (7.2185ms)
✔ question answers use recorded evidence and canonical references (6.1619ms)
✔ reverse dependency questions list dependents (6.0574ms)
✔ unknown questions ask for clarification (7.4017ms)
✔ untrusted instruction text grants no tools (6.0409ms)
✔ snapshot rejects wrong repo (1.3508ms)
✔ snapshot rejects wrong project (1.0757ms)
✔ snapshot rejects partial coverage (1.1043ms)
✔ snapshot rejects wrong count (1.4426ms)
✔ snapshot rejects duplicate issue (1.3651ms)
✔ snapshot rejects hostile URL (1.4073ms)
✔ snapshot rejects hidden project item (1.6969ms)
✔ snapshot rejects cross-repo item (1.4725ms)
✔ snapshot rejects duplicate project item (1.4496ms)
✔ snapshot rejects oversized body (1.6828ms)
✔ collector completes two matching passes with no writes (6.4761ms)
✔ collector rejects issue drift between passes (3.4065ms)
✔ collector rejects incomplete nested dependencies (1.3533ms)
✔ collector rejects a changed PR head/check binding (1.3223ms)
✔ collector rejects repeated pagination cursors (1.2762ms)
✔ collector rejects inaccessible connection entries (0.2002ms)
✔ read client verifies Bakar404 and never switches accounts (1.4349ms)
✔ explicit hash-pinned read principal does not change the pilot or read allowlist (31.7534ms)
✔ collector profile rejects changed scope or unsupported fields: repository (21.0874ms)
✔ collector profile rejects changed scope or unsupported fields: project_id (19.5434ms)
✔ collector profile rejects changed scope or unsupported fields: project_number (20.7553ms)
✔ collector profile rejects changed scope or unsupported fields: token (21.672ms)
✔ collector profile rejects changed scope or unsupported fields: url (20.793ms)
✔ collector profile rejects changed scope or unsupported fields: collector_login (23.7329ms)
✔ collector profile rejects wrong hashes, changed bytes and duplicate keys (58.1921ms)
✔ profiled collection records the actual principal and rejects identity or profile drift (41.9278ms)
✔ read client exposes no arbitrary query or write operation (6.8758ms)
✔ GraphQL cursor remains data, not executable query text (1.5054ms)
✔ GraphQL errors do not become accepted partial data (1.8193ms)
✔ GraphQL reserve prevents further reads (1.291ms)
✔ collection has an elapsed-time bound (1.1766ms)
✔ dry run uses neither network nor output files (2.2597ms)
✔ CLI rejects apply (0.1669ms)
✔ CLI rejects audit --fixture --live (0.1044ms)
✔ CLI rejects audit --fixture --out ../escape.json (0.1557ms)
✔ CLI rejects audit --dry-run --out file.json (0.1211ms)
✔ CLI rejects audit --fixture --assign example-user (0.0835ms)
✔ CLI rejects ask --fixture (0.1152ms)
✔ actual CLI dry run works from another directory and has no network intent (171.5202ms)
✔ test chat prepares an evidence-based reply without sending it (6.3539ms)
✔ test chat rejects wrong tenant (0.3341ms)
✔ test chat rejects wrong group (0.177ms)
✔ test chat rejects personal chat (0.1375ms)
✔ test chat rejects other channel (0.1985ms)
✔ test chat ignores messages without a mention (0.1572ms)
✔ test chat ignores its own messages (0.1616ms)
✔ test chat refuses mutation requests (5.6522ms)
✔ no production mode or implicit binding (0.4212ms)
ℹ tests 227
ℹ suites 0
ℹ pass 227
ℹ fail 0
ℹ cancelled 0
ℹ skipped 0
ℹ todo 0
ℹ duration_ms 113548.2132
