$ node --test --test-concurrency=2 --test-timeout=180000 scenarios/repo-steward/steward.test.mjs scenarios/repo-steward/actions.test.mjs scenarios/repo-steward/recurring-audit.test.mjs scenarios/repo-steward/feedback.test.mjs scenarios/repo-steward/maintenance.test.mjs scenarios/repo-steward/feedback-cli.test.mjs
✔ Actions preview performs no live reads or summary publication (1.9647ms)
✔ Actions fixture uses the real auditor without GitHub access (33.7982ms)
✔ invalid workflow input is rejected during preview without data access (1.4638ms)
✔ hosted live mode rejects non-Actions host before reading data (0.5065ms)
✔ hosted live mode rejects PR event before reading data (0.3781ms)
✔ hosted live mode rejects another repository before reading data (1.2173ms)
✔ hosted live mode rejects feature branch before reading data (0.3682ms)
✔ hosted live mode rejects another actor before reading data (0.2829ms)
✔ hosted live mode rejects another rerun operator before reading data (0.5095ms)
✔ hosted live mode rejects missing triggering actor before reading data (0.4602ms)
✔ hosted live mode rejects missing source commit before reading data (0.4074ms)
✔ hosted live mode rejects disabled pilot before reading data (0.2468ms)
✔ hosted live mode rejects unapproved public summary before reading data (0.2142ms)
✔ hosted live mode rejects missing credential before reading data (0.1428ms)
✔ hosted live mode rejects blank credential before reading data (0.1828ms)
✔ hosted live mode rejects write-enabled configuration before reading data (0.2028ms)
✔ GITHUB_TOKEN does not substitute for Project-readable credentials (0.2359ms)
✔ an admitted live path collects once and retains zero mutations (9.6155ms)
✔ collector failure does not produce a successful report (0.338ms)
✔ stale hosted snapshots fail instead of publishing old findings (6.9069ms)
✔ public summaries never include free-form source or evidence text (7.8657ms)
✔ summary rejects unknown rule (4.5322ms)
✔ summary rejects bad finding id (5.8137ms)
✔ summary rejects foreign reference (6.9668ms)
✔ summary rejects mutation claim (5.7204ms)
✔ summary rejects wrong scope (5.4261ms)
✔ summary rejects invalid timestamp (6.2282ms)
✔ summary rejects bad totals (7.5613ms)
✔ public finding index is bounded without copying omitted details (6.5602ms)
✔ every configured fixture rule has an explicit publication review (6.5833ms)
✔ summary file writes remain inside a supplied native temporary directory (22.0124ms)
✔ Actions CLI rejects unsupported arguments --apply (0.278ms)
✔ Actions CLI rejects unsupported arguments --live (0.1379ms)
✔ Actions CLI rejects unsupported arguments --live (0.1761ms)
✔ actual fixture CLI needs no hosted secrets or Teams SDK (261.7209ms)
✔ manual workflow keeps first-party actions pinned and live credentials isolated (3.685ms)
✔ feedback CLI rejects unsupported, missing and duplicate transition arguments (2.2587ms)
✔ new-file corpus output preserves the previous version and refuses overwrite (29.879ms)
✔ initializing a corpus binds the validated input scope without changing its snapshot (50.7673ms)
✔ partial snapshot cannot create a corpus file (28.3744ms)
✔ redirected output parent is refused without writing through it (6.8122ms)
✔ review evidence must be a file and cannot use a directory as a digest source (54.0665ms)
✔ review CLI records the exact binary digest and closes its descriptor (94.8223ms)
✔ same-size review replacement between metadata check and open cannot update a corpus (50.4119ms)
✔ review parent swapped for a symlink or junction before open is rejected (46.4446ms)
✔ same-size pathname replacement after descriptor read is rejected (46.0389ms)
✔ same-size in-place review rewrite cannot hide behind a restored modification time (60.7745ms)
✔ review growth after open stays within its original byte bound and is rejected (40.912ms)
✔ bounded review reads handle partial reads and reject empty or oversized files (23.2341ms)
✔ native behavioral evidence remains candidate with original local source and no finding impersonation (106.9852ms)
✔ native behavioral activation is denied for mixed support and forged active or retired history (56.3487ms)
✔ native behavioral candidates can be rejected without widening legacy review authority (81.4245ms)
✔ native behavioral bytes, identity claims, source and repeated runs remain validated (227.4735ms)
✔ evidence binds actual audit finding and supplied snapshot without certifying collection or identity (17.9557ms)
✔ accepted missing Project status binds the native serialized report and finding in evidence and observations (66.8857ms)
✔ auditor optional-field normalization retains strict data-only feedback and report validation (87.1767ms)
✔ timestamp-only or unrelated snapshot changes do not manufacture repeated supporting evidence (44.5114ms)
✔ partial, cross-scope, stale or missing findings cannot become feedback evidence (17.3048ms)
✔ feedback source pins accept exactly 40 or 64 hexadecimal characters, including supplied evidence (70.3196ms)
✔ candidate, active and retired versions preserve their inputs and have exact transition digests (20.5754ms)
✔ one observation, fabricated evidence bytes and replayed reviews cannot activate a rule (83.1746ms)
✔ reviewer labels and claimed approval booleans do not supply verified review authority (28.2598ms)
✔ explicit rejection remains terminal and contributes no advice (46.2096ms)
✔ prospective expiry is mandatory, bounded, and effective at the exact boundary (118.0786ms)
✔ active capacity cannot expand and supersession retires only the exact predecessor (66.389ms)
✔ supersession rejects stale targets and cannot cross finding rules (49.9836ms)
✔ active guidance annotates only matching findings without hiding or changing original conclusions (22.5103ms)
✔ broad matching admits at most the finite annotation limit and never truncates an excessive report (386.3901ms)
✔ serialized output bytes are admitted before escaped guidance and evidence references fan out (65.6752ms)
✔ later audits honor activation and retirement while the original report stays identical (47.1638ms)
✔ unknown executable, suppression, assignment and permission options are rejected (148.1262ms)
✔ stale reports, foreign scope and altered evidence fail closed (26.328ms)
✔ canonical digests ignore property insertion order but reject executable and non-finite data (0.4089ms)
✔ reusable corpus validation preserves input and rejects authority claims or altered guidance (24.8537ms)
✔ explicit collector profile requires a hash and cannot relabel a supplied snapshot (3.7485ms)
✔ recurrence requires finite explicit bounds before reading any input (1.0802ms)
✔ finite recurrence reloads snapshot and feedback on every cycle (3.4235ms)
✔ paused and stopped records prevent collection and input reads (2.8751ms)
✔ exhausted persisted attempts reject before snapshot, feedback or live collection (3.645ms)
✔ watch admits the final allowed attempt and then stops before collecting another snapshot (1.9064ms)
✔ source mismatch refuses before reading snapshot or feedback (1.9847ms)
✔ a failed cycle stops recurrence without retrying or losing the failure (1.9797ms)
✔ first snapshot acquisition failure retains one sanitized failed attempt (481.704ms)
✔ later corpus acquisition failure preserves earlier accepted evidence and consumes one attempt (853.0591ms)
✔ live acquisition failure is retained once without raw error text or a retry (311.0385ms)
✔ pause and stop during failed acquisition remain effective without a new admitted attempt (2192.6099ms)
✔ deadline crossing during failed acquisition prevents late attempt admission (1.6718ms)
✔ interruption during failed acquisition prevents a new admitted attempt (1.3708ms)
✔ duration bounds stop admission after collection without writing a late result (1.3276ms)
✔ interruption during an interval exits without another audit (1.6689ms)
✔ control commands delegate exact action, source and reason without collecting (3.9079ms)
✔ status exposes bounded metadata and no retained finding text (1.3281ms)
✔ one audit writes source-bound immutable private reports and an advisory handoff (481.1101ms)
✔ fresh capture timestamps and transport metrics alone produce no new report or proposal across restart (757.6604ms)
✔ live state binds the exact selected principal and profile through restart and controls (2817.4052ms)
✔ profile metadata cannot convert supplied evidence or a different live principal into accepted observations (280.6759ms)
✔ changed scoped content produces a new receipt while retaining stable finding dedupe (572.3938ms)
✔ resolved findings are recorded without claiming a remote correction (562.8429ms)
✔ stale input fails and preserves a failed attempt, never reusing previous success (634.8875ms)
✔ future input fails and preserves a failed attempt, never reusing previous success (630.3747ms)
✔ incomplete input fails and preserves a failed attempt, never reusing previous success (675.309ms)
✔ source drift fails and preserves a failed attempt, never reusing previous success (649.5127ms)
✔ changing the caller source pin cannot migrate an existing directory (546.5592ms)
✔ pause prevents input use, resume retains dedupe, and stop cannot resume (2470.3274ms)
✔ concurrent cycles have one winner and never create duplicate accepted receipts (368.4576ms)
✔ retained locks fail closed without PID reuse or timeout-based recovery (19.9421ms)
✔ incomplete intent and rollback to an older checkpoint refuse replay (620.5009ms)
✔ tampered referenced artifacts are rejected and preserved (328.6697ms)
✔ output-directory redirection refuses writes through a symlink or junction (12.1207ms)
✔ an unexpected output file is retained, not overwritten or removed (23.9328ms)
✔ status rejects unexpected files in initialized state before accepting its control projection (257.057ms)
✔ missing, traversal-style and incomplete control requests do not create authority (4.7157ms)
✔ live source claims retain the existing collector identity and zero-write metadata (289.2224ms)
✔ finite convenience API has explicit bounds and performs no scheduling (952.1031ms)
✔ state and artifact redirection are not followed on read (261.6455ms)
✔ alter of earlier history is detected after a newer successful cycle (688.8654ms)
✔ delete of earlier history is detected after a newer successful cycle (677.1962ms)
✔ changed implementation pins fail before a new intent is written (437.7748ms)
✔ a directory replaced while a caller holds its lock cannot redirect any artifact write (369.8738ms)
✔ actual corpus activation and retirement change only separately bound advisory output (1410.6624ms)
✔ expiry invalidates cached advisory annotations even without corpus byte changes (620.0657ms)
✔ mixed retained controls and new cycles enforce one transition bound with a reserved terminal stop (68622.8408ms)
✔ accepted snapshots with omitted optional metadata produce parseable JSON artifacts and replay (582.8451ms)
✔ optional auditor metadata works through the real feedback evidence and recurring consumer bridge (629.8083ms)
✔ policy has the ten requested workstreams and never assigns people (4.5898ms)
✔ classification supports Multiplayer (9.6085ms)
✔ classification supports UX/UI (2.0536ms)
✔ classification supports Multi-system execution (1.7906ms)
✔ classification supports Janitor (1.6782ms)
✔ classification supports Dynamic agent teams (1.4254ms)
✔ classification supports DevOps/PR review/branch protection (3.0036ms)
✔ classification supports Security (1.334ms)
✔ classification supports Agent communication layer (1.5802ms)
✔ classification supports Dark factory automation (1.5236ms)
✔ classification supports Backend scalability / pub-sub (1.3022ms)
✔ classification preserves labels and assignees (18.2213ms)
✔ UX alias means UX/UI (22.7196ms)
✔ an unassigned issue is not a violation (9.1081ms)
✔ full fixture audit has zero mutations and catches closing-link conflict (7.845ms)
✔ non-closing prose overrides no native link, not unrelated partial references (6.4188ms)
✔ explicit do-not-close linked issue is flagged (5.939ms)
✔ closed unmerged PR does not close an open issue (7.586ms)
✔ reopened issue remains open after a historical merged PR (6.3214ms)
✔ no automatic close for several partial PRs (5.6936ms)
✔ only explicit dependency section is interpreted (0.2464ms)
✔ code fences and quoted references are not dependency authority (0.2192ms)
✔ native/text dependency disagreement is flagged (4.2586ms)
✔ matching dependencies do not produce a mismatch (4.564ms)
✔ dependency cycles are bounded and reported once (4.7553ms)
✔ parent hierarchy mismatch and cycle are detected (5.4441ms)
✔ outside-scope dependency is not fetched or treated as complete (5.6981ms)
✔ missing local dependency is unverified, not closed (4.7122ms)
✔ open issue marked Done is flagged without changing the board (7.5738ms)
✔ unknown workstream is a review hint, not a rename (4.1151ms)
✔ locked default branch is flagged, without bypass (7.4048ms)
✔ stale PR source head is reported (5.9327ms)
✔ current independent review is accepted as evidence (6.2683ms)
✔ author approval is not current independent human approval (5.0223ms)
✔ bot approval is not current independent human approval (3.651ms)
✔ old-head approval is not current independent human approval (6.7349ms)
✔ later comment does not erase a valid prior approval (4.8978ms)
✔ failed checks and requested changes are surfaced (4.5724ms)
✔ missing checks are not a success (3.791ms)
✔ stale snapshots are labeled (5.9867ms)
✔ future snapshots fail closed (1.9641ms)
✔ finding IDs are stable across repeated reads (9.9619ms)
✔ reported secrets are redacted and Markdown is escaped (12.8463ms)
✔ refuses: assign #50 to example-user (5.6143ms)
✔ refuses: label #50 multiplayer (8.8161ms)
✔ refuses: close #50 (7.9214ms)
✔ refuses: merge PR #237 (7.0786ms)
✔ refuses: enable auto-merge (7.2171ms)
✔ refuses: delete a branch (4.5917ms)
✔ refuses: approve PR #237 (5.8687ms)
✔ refuses: can you change the rules (5.5969ms)
✔ question answers use recorded evidence and canonical references (8.331ms)
✔ reverse dependency questions list dependents (6.6017ms)
✔ unknown questions ask for clarification (6.8188ms)
✔ untrusted instruction text grants no tools (7.2512ms)
✔ snapshot rejects wrong repo (1.6984ms)
✔ snapshot rejects wrong project (1.2863ms)
✔ snapshot rejects partial coverage (1.3486ms)
✔ snapshot rejects wrong count (1.518ms)
✔ snapshot rejects duplicate issue (1.8699ms)
✔ snapshot rejects hostile URL (11.2583ms)
✔ snapshot rejects hidden project item (1.7369ms)
✔ snapshot rejects cross-repo item (1.994ms)
✔ snapshot rejects duplicate project item (1.4766ms)
✔ snapshot rejects oversized body (1.4638ms)
✔ collector completes two matching passes with no writes (5.8025ms)
✔ collector rejects issue drift between passes (3.0453ms)
✔ collector rejects incomplete nested dependencies (1.5243ms)
✔ collector rejects a changed PR head/check binding (1.6983ms)
✔ collector rejects repeated pagination cursors (1.6736ms)
✔ collector rejects inaccessible connection entries (0.2239ms)
✔ read client verifies Bakar404 and never switches accounts (1.8363ms)
✔ explicit hash-pinned read principal does not change the pilot or read allowlist (20.6445ms)
✔ collector profile rejects changed scope or unsupported fields: repository (17.5467ms)
✔ collector profile rejects changed scope or unsupported fields: project_id (20.3889ms)
✔ collector profile rejects changed scope or unsupported fields: project_number (10.3456ms)
✔ collector profile rejects changed scope or unsupported fields: token (22.8881ms)
✔ collector profile rejects changed scope or unsupported fields: url (11.8336ms)
✔ collector profile rejects changed scope or unsupported fields: collector_login (18.9139ms)
✔ collector profile rejects wrong hashes, changed bytes and duplicate keys (51.9348ms)
✔ profiled collection records the actual principal and rejects identity or profile drift (37.7922ms)
✔ read client exposes no arbitrary query or write operation (1.6127ms)
✔ GraphQL cursor remains data, not executable query text (1.5601ms)
✔ GraphQL errors do not become accepted partial data (1.3309ms)
✔ GraphQL reserve prevents further reads (3.611ms)
✔ collection has an elapsed-time bound (2.9992ms)
✔ dry run uses neither network nor output files (2.6516ms)
✔ CLI rejects apply (0.2239ms)
✔ CLI rejects audit --fixture --live (0.2302ms)
✔ CLI rejects audit --fixture --out ../escape.json (0.2335ms)
✔ CLI rejects audit --dry-run --out file.json (0.1428ms)
✔ CLI rejects audit --fixture --assign example-user (0.1167ms)
✔ CLI rejects ask --fixture (0.1167ms)
✔ actual CLI dry run works from another directory and has no network intent (182.1893ms)
✔ test chat prepares an evidence-based reply without sending it (6.0432ms)
✔ test chat rejects wrong tenant (0.3195ms)
✔ test chat rejects wrong group (0.1437ms)
✔ test chat rejects personal chat (0.1287ms)
✔ test chat rejects other channel (0.1252ms)
✔ test chat ignores messages without a mention (0.1842ms)
✔ test chat ignores its own messages (0.1205ms)
✔ test chat refuses mutation requests (4.2676ms)
✔ no production mode or implicit binding (0.3528ms)
ℹ tests 227
ℹ suites 0
ℹ pass 227
ℹ fail 0
ℹ cancelled 0
ℹ skipped 0
ℹ todo 0
ℹ duration_ms 91318.3849
