$ node --test --test-concurrency=2 --test-timeout=180000 scenarios/repo-steward/steward.test.mjs scenarios/repo-steward/actions.test.mjs scenarios/repo-steward/recurring-audit.test.mjs scenarios/repo-steward/feedback.test.mjs scenarios/repo-steward/maintenance.test.mjs scenarios/repo-steward/feedback-cli.test.mjs
✔ Actions preview performs no live reads or summary publication (2.1305ms)
✔ Actions fixture uses the real auditor without GitHub access (35.1841ms)
✔ invalid workflow input is rejected during preview without data access (1.026ms)
✔ hosted live mode rejects non-Actions host before reading data (0.4072ms)
✔ hosted live mode rejects PR event before reading data (1.1372ms)
✔ hosted live mode rejects another repository before reading data (0.2963ms)
✔ hosted live mode rejects feature branch before reading data (0.4213ms)
✔ hosted live mode rejects another actor before reading data (0.2421ms)
✔ hosted live mode rejects another rerun operator before reading data (0.3772ms)
✔ hosted live mode rejects missing triggering actor before reading data (0.5345ms)
✔ hosted live mode rejects missing source commit before reading data (0.3864ms)
✔ hosted live mode rejects disabled pilot before reading data (0.1631ms)
✔ hosted live mode rejects unapproved public summary before reading data (0.1278ms)
✔ hosted live mode rejects missing credential before reading data (0.1229ms)
✔ hosted live mode rejects blank credential before reading data (0.1618ms)
✔ hosted live mode rejects write-enabled configuration before reading data (0.226ms)
✔ GITHUB_TOKEN does not substitute for Project-readable credentials (0.2296ms)
✔ an admitted live path collects once and retains zero mutations (6.4074ms)
✔ collector failure does not produce a successful report (0.34ms)
✔ stale hosted snapshots fail instead of publishing old findings (5.4207ms)
✔ public summaries never include free-form source or evidence text (5.3065ms)
✔ summary rejects unknown rule (4.2905ms)
✔ summary rejects bad finding id (4.35ms)
✔ summary rejects foreign reference (4.6305ms)
✔ summary rejects mutation claim (4.3746ms)
✔ summary rejects wrong scope (4.0138ms)
✔ summary rejects invalid timestamp (4.8426ms)
✔ summary rejects bad totals (4.7739ms)
✔ public finding index is bounded without copying omitted details (4.9007ms)
✔ every configured fixture rule has an explicit publication review (4.0989ms)
✔ summary file writes remain inside a supplied native temporary directory (17.102ms)
✔ Actions CLI rejects unsupported arguments --apply (0.2901ms)
✔ Actions CLI rejects unsupported arguments --live (0.1144ms)
✔ Actions CLI rejects unsupported arguments --live (0.1046ms)
✔ actual fixture CLI needs no hosted secrets or Teams SDK (178.5968ms)
✔ manual workflow keeps first-party actions pinned and live credentials isolated (2.8279ms)
✔ feedback CLI rejects unsupported, missing and duplicate transition arguments (2.4341ms)
✔ new-file corpus output preserves the previous version and refuses overwrite (29.3985ms)
✔ initializing a corpus binds the validated input scope without changing its snapshot (43.4357ms)
✔ partial snapshot cannot create a corpus file (23.0896ms)
✔ redirected output parent is refused without writing through it (5.9544ms)
✔ review evidence must be a file and cannot use a directory as a digest source (42.7564ms)
✔ review CLI records the exact binary digest and closes its descriptor (74.641ms)
✔ same-size review replacement between metadata check and open cannot update a corpus (29.7816ms)
✔ review parent swapped for a symlink or junction before open is rejected (31.3744ms)
✔ same-size pathname replacement after descriptor read is rejected (29.744ms)
✔ same-size in-place review rewrite cannot hide behind a restored modification time (25.8442ms)
✔ review growth after open stays within its original byte bound and is rejected (26.0819ms)
✔ bounded review reads handle partial reads and reject empty or oversized files (17.4213ms)
✔ native behavioral evidence remains candidate with original local source and no finding impersonation (65.7385ms)
✔ native behavioral activation is denied for mixed support and forged active or retired history (43.8607ms)
✔ native behavioral candidates can be rejected without widening legacy review authority (48.0148ms)
✔ native behavioral bytes, identity claims, source and repeated runs remain validated (112.7766ms)
✔ evidence binds actual audit finding and supplied snapshot without certifying collection or identity (9.8159ms)
✔ accepted missing Project status binds the native serialized report and finding in evidence and observations (41.0614ms)
✔ auditor optional-field normalization retains strict data-only feedback and report validation (66.0577ms)
✔ timestamp-only or unrelated snapshot changes do not manufacture repeated supporting evidence (32.0334ms)
✔ partial, cross-scope, stale or missing findings cannot become feedback evidence (16.5814ms)
✔ feedback source pins accept exactly 40 or 64 hexadecimal characters, including supplied evidence (79.9445ms)
✔ candidate, active and retired versions preserve their inputs and have exact transition digests (18.7426ms)
✔ one observation, fabricated evidence bytes and replayed reviews cannot activate a rule (76.8109ms)
✔ reviewer labels and claimed approval booleans do not supply verified review authority (22.9844ms)
✔ explicit rejection remains terminal and contributes no advice (36.8628ms)
✔ prospective expiry is mandatory, bounded, and effective at the exact boundary (100.2714ms)
✔ active capacity cannot expand and supersession retires only the exact predecessor (57.7323ms)
✔ supersession rejects stale targets and cannot cross finding rules (41.2888ms)
✔ active guidance annotates only matching findings without hiding or changing original conclusions (21.1416ms)
✔ broad matching admits at most the finite annotation limit and never truncates an excessive report (301.1227ms)
✔ serialized output bytes are admitted before escaped guidance and evidence references fan out (55.4563ms)
✔ later audits honor activation and retirement while the original report stays identical (32.659ms)
✔ unknown executable, suppression, assignment and permission options are rejected (125.6319ms)
✔ stale reports, foreign scope and altered evidence fail closed (23.7025ms)
✔ canonical digests ignore property insertion order but reject executable and non-finite data (0.4256ms)
✔ reusable corpus validation preserves input and rejects authority claims or altered guidance (15.3206ms)
✔ explicit collector profile requires a hash and cannot relabel a supplied snapshot (3.0679ms)
✔ recurrence requires finite explicit bounds before reading any input (0.8905ms)
✔ finite recurrence reloads snapshot and feedback on every cycle (3.1217ms)
✔ paused and stopped records prevent collection and input reads (2.3944ms)
✔ exhausted persisted attempts reject before snapshot, feedback or live collection (2.5904ms)
✔ watch admits the final allowed attempt and then stops before collecting another snapshot (1.4701ms)
✔ source mismatch refuses before reading snapshot or feedback (1.3615ms)
✔ a failed cycle stops recurrence without retrying or losing the failure (1.4416ms)
✔ first snapshot acquisition failure retains one sanitized failed attempt (355.1439ms)
✔ later corpus acquisition failure preserves earlier accepted evidence and consumes one attempt (749.9826ms)
✔ live acquisition failure is retained once without raw error text or a retry (262.2987ms)
✔ pause and stop during failed acquisition remain effective without a new admitted attempt (1899.0015ms)
✔ deadline crossing during failed acquisition prevents late attempt admission (1.6441ms)
✔ interruption during failed acquisition prevents a new admitted attempt (1.6287ms)
✔ duration bounds stop admission after collection without writing a late result (1.3089ms)
✔ interruption during an interval exits without another audit (1.1893ms)
✔ control commands delegate exact action, source and reason without collecting (3.1993ms)
✔ status exposes bounded metadata and no retained finding text (1.1212ms)
✔ one audit writes source-bound immutable private reports and an advisory handoff (436.7446ms)
✔ fresh capture timestamps and transport metrics alone produce no new report or proposal across restart (646.9802ms)
✔ live state binds the exact selected principal and profile through restart and controls (2369.9846ms)
✔ profile metadata cannot convert supplied evidence or a different live principal into accepted observations (273.1071ms)
✔ changed scoped content produces a new receipt while retaining stable finding dedupe (511.8873ms)
✔ resolved findings are recorded without claiming a remote correction (474.6496ms)
✔ stale input fails and preserves a failed attempt, never reusing previous success (584.0679ms)
✔ future input fails and preserves a failed attempt, never reusing previous success (574.7921ms)
✔ incomplete input fails and preserves a failed attempt, never reusing previous success (577.6964ms)
✔ source drift fails and preserves a failed attempt, never reusing previous success (578.6871ms)
✔ changing the caller source pin cannot migrate an existing directory (434.636ms)
✔ pause prevents input use, resume retains dedupe, and stop cannot resume (2195.2766ms)
✔ concurrent cycles have one winner and never create duplicate accepted receipts (334.2744ms)
✔ retained locks fail closed without PID reuse or timeout-based recovery (16.3025ms)
✔ incomplete intent and rollback to an older checkpoint refuse replay (570.4062ms)
✔ tampered referenced artifacts are rejected and preserved (303.7111ms)
✔ output-directory redirection refuses writes through a symlink or junction (9.7931ms)
✔ an unexpected output file is retained, not overwritten or removed (17.0779ms)
✔ status rejects unexpected files in initialized state before accepting its control projection (237.3578ms)
✔ missing, traversal-style and incomplete control requests do not create authority (4.2151ms)
✔ live source claims retain the existing collector identity and zero-write metadata (257.0669ms)
✔ finite convenience API has explicit bounds and performs no scheduling (849.2951ms)
✔ state and artifact redirection are not followed on read (241.4727ms)
✔ alter of earlier history is detected after a newer successful cycle (748.9706ms)
✔ delete of earlier history is detected after a newer successful cycle (782.0244ms)
✔ changed implementation pins fail before a new intent is written (380.0455ms)
✔ a directory replaced while a caller holds its lock cannot redirect any artifact write (313.4259ms)
✔ actual corpus activation and retirement change only separately bound advisory output (1242.4213ms)
✔ expiry invalidates cached advisory annotations even without corpus byte changes (578.6149ms)
✔ mixed retained controls and new cycles enforce one transition bound with a reserved terminal stop (60882.3584ms)
✔ accepted snapshots with omitted optional metadata produce parseable JSON artifacts and replay (506.0028ms)
✔ optional auditor metadata works through the real feedback evidence and recurring consumer bridge (563.7225ms)
✔ policy has the ten requested workstreams and never assigns people (3.24ms)
✔ classification supports Multiplayer (5.9689ms)
✔ classification supports UX/UI (1.6718ms)
✔ classification supports Multi-system execution (1.2039ms)
✔ classification supports Janitor (1.2755ms)
✔ classification supports Dynamic agent teams (1.2148ms)
✔ classification supports DevOps/PR review/branch protection (2.0124ms)
✔ classification supports Security (1.1446ms)
✔ classification supports Agent communication layer (1.2284ms)
✔ classification supports Dark factory automation (1.311ms)
✔ classification supports Backend scalability / pub-sub (1.1304ms)
✔ classification preserves labels and assignees (12.0578ms)
✔ UX alias means UX/UI (14.1117ms)
✔ an unassigned issue is not a violation (5.0541ms)
✔ full fixture audit has zero mutations and catches closing-link conflict (5.0396ms)
✔ non-closing prose overrides no native link, not unrelated partial references (3.8883ms)
✔ explicit do-not-close linked issue is flagged (3.4781ms)
✔ closed unmerged PR does not close an open issue (3.8059ms)
✔ reopened issue remains open after a historical merged PR (3.495ms)
✔ no automatic close for several partial PRs (4.0589ms)
✔ only explicit dependency section is interpreted (0.1608ms)
✔ code fences and quoted references are not dependency authority (0.199ms)
✔ native/text dependency disagreement is flagged (3.8915ms)
✔ matching dependencies do not produce a mismatch (3.9549ms)
✔ dependency cycles are bounded and reported once (4.2118ms)
✔ parent hierarchy mismatch and cycle are detected (3.7192ms)
✔ outside-scope dependency is not fetched or treated as complete (3.7572ms)
✔ missing local dependency is unverified, not closed (3.6156ms)
✔ open issue marked Done is flagged without changing the board (4.0258ms)
✔ unknown workstream is a review hint, not a rename (3.2302ms)
✔ locked default branch is flagged, without bypass (3.5801ms)
✔ stale PR source head is reported (3.8365ms)
✔ current independent review is accepted as evidence (3.7536ms)
✔ author approval is not current independent human approval (3.6091ms)
✔ bot approval is not current independent human approval (3.5948ms)
✔ old-head approval is not current independent human approval (3.8202ms)
✔ later comment does not erase a valid prior approval (3.4695ms)
✔ failed checks and requested changes are surfaced (3.9051ms)
✔ missing checks are not a success (3.5736ms)
✔ stale snapshots are labeled (3.6236ms)
✔ future snapshots fail closed (1.4849ms)
✔ finding IDs are stable across repeated reads (7.3396ms)
✔ reported secrets are redacted and Markdown is escaped (9.6674ms)
✔ refuses: assign #50 to example-user (4.4135ms)
✔ refuses: label #50 multiplayer (4.3121ms)
✔ refuses: close #50 (4.4166ms)
✔ refuses: merge PR #237 (3.9686ms)
✔ refuses: enable auto-merge (4.0735ms)
✔ refuses: delete a branch (4.408ms)
✔ refuses: approve PR #237 (4.0681ms)
✔ refuses: can you change the rules (4.0749ms)
✔ question answers use recorded evidence and canonical references (5.495ms)
✔ reverse dependency questions list dependents (4.5997ms)
✔ unknown questions ask for clarification (4.5968ms)
✔ untrusted instruction text grants no tools (4.5851ms)
✔ snapshot rejects wrong repo (1.1955ms)
✔ snapshot rejects wrong project (0.9271ms)
✔ snapshot rejects partial coverage (0.939ms)
✔ snapshot rejects wrong count (0.9458ms)
✔ snapshot rejects duplicate issue (1.2202ms)
✔ snapshot rejects hostile URL (1.0895ms)
✔ snapshot rejects hidden project item (1.3929ms)
✔ snapshot rejects cross-repo item (1.1685ms)
✔ snapshot rejects duplicate project item (1.1673ms)
✔ snapshot rejects oversized body (1.1057ms)
✔ collector completes two matching passes with no writes (5.6134ms)
✔ collector rejects issue drift between passes (2.3772ms)
✔ collector rejects incomplete nested dependencies (1.5641ms)
✔ collector rejects a changed PR head/check binding (1.1645ms)
✔ collector rejects repeated pagination cursors (1.1229ms)
✔ collector rejects inaccessible connection entries (0.1434ms)
✔ read client verifies Bakar404 and never switches accounts (1.2512ms)
✔ explicit hash-pinned read principal does not change the pilot or read allowlist (15.6052ms)
✔ collector profile rejects changed scope or unsupported fields: repository (8.1078ms)
✔ collector profile rejects changed scope or unsupported fields: project_id (14.7855ms)
✔ collector profile rejects changed scope or unsupported fields: project_number (8.0165ms)
✔ collector profile rejects changed scope or unsupported fields: token (15.66ms)
✔ collector profile rejects changed scope or unsupported fields: url (7.6692ms)
✔ collector profile rejects changed scope or unsupported fields: collector_login (7.2117ms)
✔ collector profile rejects wrong hashes, changed bytes and duplicate keys (33.3766ms)
✔ profiled collection records the actual principal and rejects identity or profile drift (29.8506ms)
✔ read client exposes no arbitrary query or write operation (1.2337ms)
✔ GraphQL cursor remains data, not executable query text (1.1591ms)
✔ GraphQL errors do not become accepted partial data (1.0991ms)
✔ GraphQL reserve prevents further reads (1.1317ms)
✔ collection has an elapsed-time bound (1.0624ms)
✔ dry run uses neither network nor output files (1.399ms)
✔ CLI rejects apply (0.1417ms)
✔ CLI rejects audit --fixture --live (0.1046ms)
✔ CLI rejects audit --fixture --out ../escape.json (0.1396ms)
✔ CLI rejects audit --dry-run --out file.json (0.0924ms)
✔ CLI rejects audit --fixture --assign example-user (0.0798ms)
✔ CLI rejects ask --fixture (0.0791ms)
✔ actual CLI dry run works from another directory and has no network intent (151.9927ms)
✔ test chat prepares an evidence-based reply without sending it (6.2419ms)
✔ test chat rejects wrong tenant (0.4119ms)
✔ test chat rejects wrong group (0.1505ms)
✔ test chat rejects personal chat (0.1364ms)
✔ test chat rejects other channel (0.134ms)
✔ test chat ignores messages without a mention (0.1371ms)
✔ test chat ignores its own messages (0.1265ms)
✔ test chat refuses mutation requests (5.4989ms)
✔ no production mode or implicit binding (0.3479ms)
ℹ tests 227
ℹ suites 0
ℹ pass 227
ℹ fail 0
ℹ cancelled 0
ℹ skipped 0
ℹ todo 0
ℹ duration_ms 80810.9974
