✔ same-SHA target retarget changes only gate freshness and target identity, including blocked PRs (7.6593ms)
✔ real GitHub inventory requires a valid base.ref and preserves valid branch names exactly (2.2116ms)
✔ F02: live inventory rejects omitted draft before detail reads (0.4505ms)
✔ F02: live inventory rejects null draft before detail reads (0.2589ms)
✔ F02: live inventory rejects string draft before detail reads (0.2192ms)
✔ F02: live inventory rejects number draft before detail reads (0.1801ms)
✔ F02: live inventory rejects object draft before detail reads (0.2463ms)
✔ F02: live inventory rejects array draft before detail reads (0.1981ms)
✔ F02: live inventory preserves explicit boolean drafts and their gate fingerprints (1.0239ms)
✔ complete paginated inventory tracks heads, feedback and checks; read failures are not empty success (1.4612ms)
✔ one PR detail failure retains both PRs with stable safe fingerprints and normal identity (29.2319ms)
✔ reviews command failure and statuses invalid response retain distinct safe diagnostics (0.4985ms)
✔ unexpected internal errors escape rather than becoming API unavailability (1.8924ms)
✔ CLI captures native command failures without leaking stderr; inventory and internal failures stay fatal (2638.2069ms)
✔ missing pages are rejected while a confirmed empty repository is complete (0.9497ms)
✔ EX-MALFORMED-DETAILS: reviews rejects missing or mistyped core fields per PR (25.9064ms)
✔ EX-MALFORMED-DETAILS: review_comments rejects missing or mistyped core fields per PR (6.0003ms)
✔ EX-MALFORMED-DETAILS: discussion rejects missing or mistyped core fields per PR (3.091ms)
✔ EX-MALFORMED-DETAILS: check_runs rejects missing or mistyped core fields per PR (5.2955ms)
✔ EX-MALFORMED-DETAILS: statuses rejects missing or mistyped core fields per PR (4.6799ms)
✔ EX-MALFORMED-DETAILS: valid optional and nullable GitHub fields remain usable and fingerprinted (2.3075ms)
✔ PR304-HEAD-REF: omitted is rejected before detail requests (0.3271ms)
✔ PR304-HEAD-REF: null is rejected before detail requests (0.1539ms)
✔ PR304-HEAD-REF: boolean is rejected before detail requests (0.1094ms)
✔ PR304-HEAD-REF: number is rejected before detail requests (0.1042ms)
✔ PR304-HEAD-REF: array is rejected before detail requests (0.1051ms)
✔ PR304-HEAD-REF: object is rejected before detail requests (0.1007ms)
✔ PR304-HEAD-REF: invalid-git-ref-0 is rejected before detail requests (0.0994ms)
✔ PR304-HEAD-REF: invalid-git-ref-1 is rejected before detail requests (0.0992ms)
✔ PR304-HEAD-REF: invalid-git-ref-2 is rejected before detail requests (0.1828ms)
✔ PR304-HEAD-REF: invalid-git-ref-3 is rejected before detail requests (0.1354ms)
✔ PR304-HEAD-REF: invalid-git-ref-4 is rejected before detail requests (0.1154ms)
✔ PR304-HEAD-REF: invalid-git-ref-5 is rejected before detail requests (0.1779ms)
✔ PR304-HEAD-REF: invalid-git-ref-6 is rejected before detail requests (0.1678ms)
✔ PR304-HEAD-REF: invalid-git-ref-7 is rejected before detail requests (0.115ms)
✔ PR304-HEAD-REF: invalid-git-ref-8 is rejected before detail requests (0.1526ms)
✔ PR304-HEAD-REF: invalid-git-ref-9 is rejected before detail requests (0.1626ms)
✔ PR304-HEAD-REF: invalid-git-ref-10 is rejected before detail requests (0.1718ms)
✔ PR304-HEAD-REF: invalid-git-ref-11 is rejected before detail requests (0.1609ms)
✔ PR304-HEAD-REF: invalid-git-ref-12 is rejected before detail requests (0.1461ms)
✔ PR304-HEAD-REF: invalid-git-ref-13 is rejected before detail requests (0.1305ms)
✔ PR304-HEAD-REF: invalid-git-ref-14 is rejected before detail requests (0.1435ms)
✔ PR304-HEAD-REF: invalid-git-ref-15 is rejected before detail requests (0.2294ms)
✔ PR304-HEAD-REF: invalid-git-ref-16 is rejected before detail requests (0.2842ms)
✔ PR304-HEAD-REF: invalid-git-ref-17 is rejected before detail requests (0.1463ms)
✔ PR304-HEAD-REF: invalid-git-ref-18 is rejected before detail requests (0.165ms)
✔ PR304-HEAD-REF: invalid-git-ref-19 is rejected before detail requests (0.1524ms)
✔ PR304-HEAD-REF: invalid-git-ref-20 is rejected before detail requests (0.1322ms)
✔ PR304-HEAD-REF: invalid-git-ref-21 is rejected before detail requests (0.1387ms)
✔ PR304-HEAD-REF: invalid-git-ref-22 is rejected before detail requests (0.1335ms)
✔ PR304-HEAD-REF: invalid-git-ref-23 is rejected before detail requests (0.1327ms)
✔ PR304-HEAD-REF: invalid-git-ref-24 is rejected before detail requests (0.1356ms)
✔ PR304-HEAD-REF: invalid-git-ref-25 is rejected before detail requests (0.1691ms)
✔ PR304-HEAD-REF: valid source branches preserve their exact spelling (0.5147ms)
ℹ tests 54
ℹ suites 0
ℹ pass 54
ℹ fail 0
ℹ cancelled 0
ℹ skipped 0
ℹ todo 0
ℹ duration_ms 2975.6399
