✖ PR304-HEAD-REF: omitted is rejected before detail requests (4.2214ms)
✖ PR304-HEAD-REF: null is rejected before detail requests (0.4402ms)
✖ PR304-HEAD-REF: boolean is rejected before detail requests (0.3415ms)
✖ PR304-HEAD-REF: number is rejected before detail requests (0.3194ms)
✖ PR304-HEAD-REF: array is rejected before detail requests (0.2912ms)
✖ PR304-HEAD-REF: object is rejected before detail requests (0.2274ms)
✖ PR304-HEAD-REF: invalid-git-ref-0 is rejected before detail requests (0.296ms)
✖ PR304-HEAD-REF: invalid-git-ref-1 is rejected before detail requests (0.2957ms)
✖ PR304-HEAD-REF: invalid-git-ref-2 is rejected before detail requests (0.4714ms)
✖ PR304-HEAD-REF: invalid-git-ref-3 is rejected before detail requests (0.4912ms)
✖ PR304-HEAD-REF: invalid-git-ref-4 is rejected before detail requests (0.5238ms)
✖ PR304-HEAD-REF: invalid-git-ref-5 is rejected before detail requests (0.2679ms)
✖ PR304-HEAD-REF: invalid-git-ref-6 is rejected before detail requests (0.3094ms)
✖ PR304-HEAD-REF: invalid-git-ref-7 is rejected before detail requests (0.2283ms)
✖ PR304-HEAD-REF: invalid-git-ref-8 is rejected before detail requests (0.3049ms)
✖ PR304-HEAD-REF: invalid-git-ref-9 is rejected before detail requests (0.187ms)
✖ PR304-HEAD-REF: invalid-git-ref-10 is rejected before detail requests (0.239ms)
✖ PR304-HEAD-REF: invalid-git-ref-11 is rejected before detail requests (0.2466ms)
✖ PR304-HEAD-REF: invalid-git-ref-12 is rejected before detail requests (0.2807ms)
✖ PR304-HEAD-REF: invalid-git-ref-13 is rejected before detail requests (0.2612ms)
✖ PR304-HEAD-REF: invalid-git-ref-14 is rejected before detail requests (0.1674ms)
✖ PR304-HEAD-REF: invalid-git-ref-15 is rejected before detail requests (0.1992ms)
✖ PR304-HEAD-REF: invalid-git-ref-16 is rejected before detail requests (0.2738ms)
✖ PR304-HEAD-REF: invalid-git-ref-17 is rejected before detail requests (0.194ms)
✖ PR304-HEAD-REF: invalid-git-ref-18 is rejected before detail requests (0.1691ms)
✖ PR304-HEAD-REF: invalid-git-ref-19 is rejected before detail requests (0.1753ms)
✖ PR304-HEAD-REF: invalid-git-ref-20 is rejected before detail requests (0.1744ms)
✖ PR304-HEAD-REF: invalid-git-ref-21 is rejected before detail requests (0.1864ms)
✖ PR304-HEAD-REF: invalid-git-ref-22 is rejected before detail requests (0.2282ms)
✖ PR304-HEAD-REF: invalid-git-ref-23 is rejected before detail requests (0.1904ms)
✖ PR304-HEAD-REF: invalid-git-ref-24 is rejected before detail requests (0.1574ms)
✖ PR304-HEAD-REF: invalid-git-ref-25 is rejected before detail requests (0.1779ms)
✔ PR304-HEAD-REF: valid source branches preserve their exact spelling (0.5858ms)
ℹ tests 33
ℹ suites 0
ℹ pass 1
ℹ fail 32
ℹ cancelled 0
ℹ skipped 0
ℹ todo 0
ℹ duration_ms 268.2973

✖ failing tests:

test at .github\skills\code-review\tests\executor-snapshot.test.mjs:433:3
✖ PR304-HEAD-REF: omitted is rejected before detail requests (4.2214ms)
  AssertionError [ERR_ASSERTION]: Missing expected exception.
      at TestContext.<anonymous> (file:///<private-evidence>/pr304-head-ref-r1/baseline/.github/skills/code-review/tests/executor-snapshot.test.mjs:438:12)
      at Test.runInAsyncScope (node:async_hooks:227:14)
      at Test.run (node:internal/test_runner/test:1402:25)
      at Test.start (node:internal/test_runner/test:1262:17)
      at startSubtestAfterBootstrap (node:internal/test_runner/harness:387:17) {
    generatedMessage: false,
    code: 'ERR_ASSERTION',
    actual: undefined,
    operator: 'throws',
    diff: 'simple'
  }

test at .github\skills\code-review\tests\executor-snapshot.test.mjs:433:3
✖ PR304-HEAD-REF: null is rejected before detail requests (0.4402ms)
  AssertionError [ERR_ASSERTION]: Missing expected exception.
      at TestContext.<anonymous> (file:///<private-evidence>/pr304-head-ref-r1/baseline/.github/skills/code-review/tests/executor-snapshot.test.mjs:438:12)
      at Test.runInAsyncScope (node:async_hooks:227:14)
      at Test.run (node:internal/test_runner/test:1402:25)
      at Test.processPendingSubtests (node:internal/test_runner/test:974:18)
      at Test.postRun (node:internal/test_runner/test:1542:19)
      at Test.run (node:internal/test_runner/test:1467:12)
      at async startSubtestAfterBootstrap (node:internal/test_runner/harness:387:3) {
    generatedMessage: false,
    code: 'ERR_ASSERTION',
    actual: undefined,
    operator: 'throws',
    diff: 'simple'
  }

test at .github\skills\code-review\tests\executor-snapshot.test.mjs:433:3
✖ PR304-HEAD-REF: boolean is rejected before detail requests (0.3415ms)
  AssertionError [ERR_ASSERTION]: Missing expected exception.
      at TestContext.<anonymous> (file:///<private-evidence>/pr304-head-ref-r1/baseline/.github/skills/code-review/tests/executor-snapshot.test.mjs:438:12)
      at Test.runInAsyncScope (node:async_hooks:227:14)
      at Test.run (node:internal/test_runner/test:1402:25)
      at Test.processPendingSubtests (node:internal/test_runner/test:974:18)
      at Test.postRun (node:internal/test_runner/test:1542:19)
      at Test.run (node:internal/test_runner/test:1467:12)
      at async Test.processPendingSubtests (node:internal/test_runner/test:974:7) {
    generatedMessage: false,
    code: 'ERR_ASSERTION',
    actual: undefined,
    operator: 'throws',
    diff: 'simple'
  }

test at .github\skills\code-review\tests\executor-snapshot.test.mjs:433:3
✖ PR304-HEAD-REF: number is rejected before detail requests (0.3194ms)
  AssertionError [ERR_ASSERTION]: Missing expected exception.
      at TestContext.<anonymous> (file:///<private-evidence>/pr304-head-ref-r1/baseline/.github/skills/code-review/tests/executor-snapshot.test.mjs:438:12)
      at Test.runInAsyncScope (node:async_hooks:227:14)
      at Test.run (node:internal/test_runner/test:1402:25)
      at Test.processPendingSubtests (node:internal/test_runner/test:974:18)
      at Test.postRun (node:internal/test_runner/test:1542:19)
      at Test.run (node:internal/test_runner/test:1467:12)
      at async Test.processPendingSubtests (node:internal/test_runner/test:974:7) {
    generatedMessage: false,
    code: 'ERR_ASSERTION',
    actual: undefined,
    operator: 'throws',
    diff: 'simple'
  }

test at .github\skills\code-review\tests\executor-snapshot.test.mjs:433:3
✖ PR304-HEAD-REF: array is rejected before detail requests (0.2912ms)
  AssertionError [ERR_ASSERTION]: Missing expected exception.
      at TestContext.<anonymous> (file:///<private-evidence>/pr304-head-ref-r1/baseline/.github/skills/code-review/tests/executor-snapshot.test.mjs:438:12)
      at Test.runInAsyncScope (node:async_hooks:227:14)
      at Test.run (node:internal/test_runner/test:1402:25)
      at Test.processPendingSubtests (node:internal/test_runner/test:974:18)
      at Test.postRun (node:internal/test_runner/test:1542:19)
      at Test.run (node:internal/test_runner/test:1467:12)
      at async Test.processPendingSubtests (node:internal/test_runner/test:974:7) {
    generatedMessage: false,
    code: 'ERR_ASSERTION',
    actual: undefined,
    operator: 'throws',
    diff: 'simple'
  }

test at .github\skills\code-review\tests\executor-snapshot.test.mjs:433:3
✖ PR304-HEAD-REF: object is rejected before detail requests (0.2274ms)
  AssertionError [ERR_ASSERTION]: Missing expected exception.
      at TestContext.<anonymous> (file:///<private-evidence>/pr304-head-ref-r1/baseline/.github/skills/code-review/tests/executor-snapshot.test.mjs:438:12)
      at Test.runInAsyncScope (node:async_hooks:227:14)
      at Test.run (node:internal/test_runner/test:1402:25)
      at Test.processPendingSubtests (node:internal/test_runner/test:974:18)
      at Test.postRun (node:internal/test_runner/test:1542:19)
      at Test.run (node:internal/test_runner/test:1467:12)
      at async Test.processPendingSubtests (node:internal/test_runner/test:974:7) {
    generatedMessage: false,
    code: 'ERR_ASSERTION',
    actual: undefined,
    operator: 'throws',
    diff: 'simple'
  }

test at .github\skills\code-review\tests\executor-snapshot.test.mjs:433:3
✖ PR304-HEAD-REF: invalid-git-ref-0 is rejected before detail requests (0.296ms)
  AssertionError [ERR_ASSERTION]: Missing expected exception.
      at TestContext.<anonymous> (file:///<private-evidence>/pr304-head-ref-r1/baseline/.github/skills/code-review/tests/executor-snapshot.test.mjs:438:12)
      at Test.runInAsyncScope (node:async_hooks:227:14)
      at Test.run (node:internal/test_runner/test:1402:25)
      at Test.processPendingSubtests (node:internal/test_runner/test:974:18)
      at Test.postRun (node:internal/test_runner/test:1542:19)
      at Test.run (node:internal/test_runner/test:1467:12)
      at async Test.processPendingSubtests (node:internal/test_runner/test:974:7) {
    generatedMessage: false,
    code: 'ERR_ASSERTION',
    actual: undefined,
    operator: 'throws',
    diff: 'simple'
  }

test at .github\skills\code-review\tests\executor-snapshot.test.mjs:433:3
✖ PR304-HEAD-REF: invalid-git-ref-1 is rejected before detail requests (0.2957ms)
  AssertionError [ERR_ASSERTION]: Missing expected exception.
      at TestContext.<anonymous> (file:///<private-evidence>/pr304-head-ref-r1/baseline/.github/skills/code-review/tests/executor-snapshot.test.mjs:438:12)
      at Test.runInAsyncScope (node:async_hooks:227:14)
      at Test.run (node:internal/test_runner/test:1402:25)
      at Test.processPendingSubtests (node:internal/test_runner/test:974:18)
      at Test.postRun (node:internal/test_runner/test:1542:19)
      at Test.run (node:internal/test_runner/test:1467:12)
      at async Test.processPendingSubtests (node:internal/test_runner/test:974:7) {
    generatedMessage: false,
    code: 'ERR_ASSERTION',
    actual: undefined,
    operator: 'throws',
    diff: 'simple'
  }

test at .github\skills\code-review\tests\executor-snapshot.test.mjs:433:3
✖ PR304-HEAD-REF: invalid-git-ref-2 is rejected before detail requests (0.4714ms)
  AssertionError [ERR_ASSERTION]: Missing expected exception.
      at TestContext.<anonymous> (file:///<private-evidence>/pr304-head-ref-r1/baseline/.github/skills/code-review/tests/executor-snapshot.test.mjs:438:12)
      at Test.runInAsyncScope (node:async_hooks:227:14)
      at Test.run (node:internal/test_runner/test:1402:25)
      at Test.processPendingSubtests (node:internal/test_runner/test:974:18)
      at Test.postRun (node:internal/test_runner/test:1542:19)
      at Test.run (node:internal/test_runner/test:1467:12)
      at async Test.processPendingSubtests (node:internal/test_runner/test:974:7) {
    generatedMessage: false,
    code: 'ERR_ASSERTION',
    actual: undefined,
    operator: 'throws',
    diff: 'simple'
  }

test at .github\skills\code-review\tests\executor-snapshot.test.mjs:433:3
✖ PR304-HEAD-REF: invalid-git-ref-3 is rejected before detail requests (0.4912ms)
  AssertionError [ERR_ASSERTION]: Missing expected exception.
      at TestContext.<anonymous> (file:///<private-evidence>/pr304-head-ref-r1/baseline/.github/skills/code-review/tests/executor-snapshot.test.mjs:438:12)
      at Test.runInAsyncScope (node:async_hooks:227:14)
      at Test.run (node:internal/test_runner/test:1402:25)
      at Test.processPendingSubtests (node:internal/test_runner/test:974:18)
      at Test.postRun (node:internal/test_runner/test:1542:19)
      at Test.run (node:internal/test_runner/test:1467:12)
      at async Test.processPendingSubtests (node:internal/test_runner/test:974:7) {
    generatedMessage: false,
    code: 'ERR_ASSERTION',
    actual: undefined,
    operator: 'throws',
    diff: 'simple'
  }

test at .github\skills\code-review\tests\executor-snapshot.test.mjs:433:3
✖ PR304-HEAD-REF: invalid-git-ref-4 is rejected before detail requests (0.5238ms)
  AssertionError [ERR_ASSERTION]: Missing expected exception.
      at TestContext.<anonymous> (file:///<private-evidence>/pr304-head-ref-r1/baseline/.github/skills/code-review/tests/executor-snapshot.test.mjs:438:12)
      at Test.runInAsyncScope (node:async_hooks:227:14)
      at Test.run (node:internal/test_runner/test:1402:25)
      at Test.processPendingSubtests (node:internal/test_runner/test:974:18)
      at Test.postRun (node:internal/test_runner/test:1542:19)
      at Test.run (node:internal/test_runner/test:1467:12)
      at async Test.processPendingSubtests (node:internal/test_runner/test:974:7) {
    generatedMessage: false,
    code: 'ERR_ASSERTION',
    actual: undefined,
    operator: 'throws',
    diff: 'simple'
  }

test at .github\skills\code-review\tests\executor-snapshot.test.mjs:433:3
✖ PR304-HEAD-REF: invalid-git-ref-5 is rejected before detail requests (0.2679ms)
  AssertionError [ERR_ASSERTION]: Missing expected exception.
      at TestContext.<anonymous> (file:///<private-evidence>/pr304-head-ref-r1/baseline/.github/skills/code-review/tests/executor-snapshot.test.mjs:438:12)
      at Test.runInAsyncScope (node:async_hooks:227:14)
      at Test.run (node:internal/test_runner/test:1402:25)
      at Test.processPendingSubtests (node:internal/test_runner/test:974:18)
      at Test.postRun (node:internal/test_runner/test:1542:19)
      at Test.run (node:internal/test_runner/test:1467:12)
      at async Test.processPendingSubtests (node:internal/test_runner/test:974:7) {
    generatedMessage: false,
    code: 'ERR_ASSERTION',
    actual: undefined,
    operator: 'throws',
    diff: 'simple'
  }

test at .github\skills\code-review\tests\executor-snapshot.test.mjs:433:3
✖ PR304-HEAD-REF: invalid-git-ref-6 is rejected before detail requests (0.3094ms)
  AssertionError [ERR_ASSERTION]: Missing expected exception.
      at TestContext.<anonymous> (file:///<private-evidence>/pr304-head-ref-r1/baseline/.github/skills/code-review/tests/executor-snapshot.test.mjs:438:12)
      at Test.runInAsyncScope (node:async_hooks:227:14)
      at Test.run (node:internal/test_runner/test:1402:25)
      at Test.processPendingSubtests (node:internal/test_runner/test:974:18)
      at Test.postRun (node:internal/test_runner/test:1542:19)
      at Test.run (node:internal/test_runner/test:1467:12)
      at async Test.processPendingSubtests (node:internal/test_runner/test:974:7) {
    generatedMessage: false,
    code: 'ERR_ASSERTION',
    actual: undefined,
    operator: 'throws',
    diff: 'simple'
  }

test at .github\skills\code-review\tests\executor-snapshot.test.mjs:433:3
✖ PR304-HEAD-REF: invalid-git-ref-7 is rejected before detail requests (0.2283ms)
  AssertionError [ERR_ASSERTION]: Missing expected exception.
      at TestContext.<anonymous> (file:///<private-evidence>/pr304-head-ref-r1/baseline/.github/skills/code-review/tests/executor-snapshot.test.mjs:438:12)
      at Test.runInAsyncScope (node:async_hooks:227:14)
      at Test.run (node:internal/test_runner/test:1402:25)
      at Test.processPendingSubtests (node:internal/test_runner/test:974:18)
      at Test.postRun (node:internal/test_runner/test:1542:19)
      at Test.run (node:internal/test_runner/test:1467:12)
      at async Test.processPendingSubtests (node:internal/test_runner/test:974:7) {
    generatedMessage: false,
    code: 'ERR_ASSERTION',
    actual: undefined,
    operator: 'throws',
    diff: 'simple'
  }

test at .github\skills\code-review\tests\executor-snapshot.test.mjs:433:3
✖ PR304-HEAD-REF: invalid-git-ref-8 is rejected before detail requests (0.3049ms)
  AssertionError [ERR_ASSERTION]: Missing expected exception.
      at TestContext.<anonymous> (file:///<private-evidence>/pr304-head-ref-r1/baseline/.github/skills/code-review/tests/executor-snapshot.test.mjs:438:12)
      at Test.runInAsyncScope (node:async_hooks:227:14)
      at Test.run (node:internal/test_runner/test:1402:25)
      at Test.processPendingSubtests (node:internal/test_runner/test:974:18)
      at Test.postRun (node:internal/test_runner/test:1542:19)
      at Test.run (node:internal/test_runner/test:1467:12)
      at async Test.processPendingSubtests (node:internal/test_runner/test:974:7) {
    generatedMessage: false,
    code: 'ERR_ASSERTION',
    actual: undefined,
    operator: 'throws',
    diff: 'simple'
  }

test at .github\skills\code-review\tests\executor-snapshot.test.mjs:433:3
✖ PR304-HEAD-REF: invalid-git-ref-9 is rejected before detail requests (0.187ms)
  AssertionError [ERR_ASSERTION]: Missing expected exception.
      at TestContext.<anonymous> (file:///<private-evidence>/pr304-head-ref-r1/baseline/.github/skills/code-review/tests/executor-snapshot.test.mjs:438:12)
      at Test.runInAsyncScope (node:async_hooks:227:14)
      at Test.run (node:internal/test_runner/test:1402:25)
      at Test.processPendingSubtests (node:internal/test_runner/test:974:18)
      at Test.postRun (node:internal/test_runner/test:1542:19)
      at Test.run (node:internal/test_runner/test:1467:12)
      at async Test.processPendingSubtests (node:internal/test_runner/test:974:7) {
    generatedMessage: false,
    code: 'ERR_ASSERTION',
    actual: undefined,
    operator: 'throws',
    diff: 'simple'
  }

test at .github\skills\code-review\tests\executor-snapshot.test.mjs:433:3
✖ PR304-HEAD-REF: invalid-git-ref-10 is rejected before detail requests (0.239ms)
  AssertionError [ERR_ASSERTION]: Missing expected exception.
      at TestContext.<anonymous> (file:///<private-evidence>/pr304-head-ref-r1/baseline/.github/skills/code-review/tests/executor-snapshot.test.mjs:438:12)
      at Test.runInAsyncScope (node:async_hooks:227:14)
      at Test.run (node:internal/test_runner/test:1402:25)
      at Test.processPendingSubtests (node:internal/test_runner/test:974:18)
      at Test.postRun (node:internal/test_runner/test:1542:19)
      at Test.run (node:internal/test_runner/test:1467:12)
      at async Test.processPendingSubtests (node:internal/test_runner/test:974:7) {
    generatedMessage: false,
    code: 'ERR_ASSERTION',
    actual: undefined,
    operator: 'throws',
    diff: 'simple'
  }

test at .github\skills\code-review\tests\executor-snapshot.test.mjs:433:3
✖ PR304-HEAD-REF: invalid-git-ref-11 is rejected before detail requests (0.2466ms)
  AssertionError [ERR_ASSERTION]: Missing expected exception.
      at TestContext.<anonymous> (file:///<private-evidence>/pr304-head-ref-r1/baseline/.github/skills/code-review/tests/executor-snapshot.test.mjs:438:12)
      at Test.runInAsyncScope (node:async_hooks:227:14)
      at Test.run (node:internal/test_runner/test:1402:25)
      at Test.processPendingSubtests (node:internal/test_runner/test:974:18)
      at Test.postRun (node:internal/test_runner/test:1542:19)
      at Test.run (node:internal/test_runner/test:1467:12)
      at async Test.processPendingSubtests (node:internal/test_runner/test:974:7) {
    generatedMessage: false,
    code: 'ERR_ASSERTION',
    actual: undefined,
    operator: 'throws',
    diff: 'simple'
  }

test at .github\skills\code-review\tests\executor-snapshot.test.mjs:433:3
✖ PR304-HEAD-REF: invalid-git-ref-12 is rejected before detail requests (0.2807ms)
  AssertionError [ERR_ASSERTION]: Missing expected exception.
      at TestContext.<anonymous> (file:///<private-evidence>/pr304-head-ref-r1/baseline/.github/skills/code-review/tests/executor-snapshot.test.mjs:438:12)
      at Test.runInAsyncScope (node:async_hooks:227:14)
      at Test.run (node:internal/test_runner/test:1402:25)
      at Test.processPendingSubtests (node:internal/test_runner/test:974:18)
      at Test.postRun (node:internal/test_runner/test:1542:19)
      at Test.run (node:internal/test_runner/test:1467:12)
      at async Test.processPendingSubtests (node:internal/test_runner/test:974:7) {
    generatedMessage: false,
    code: 'ERR_ASSERTION',
    actual: undefined,
    operator: 'throws',
    diff: 'simple'
  }

test at .github\skills\code-review\tests\executor-snapshot.test.mjs:433:3
✖ PR304-HEAD-REF: invalid-git-ref-13 is rejected before detail requests (0.2612ms)
  AssertionError [ERR_ASSERTION]: Missing expected exception.
      at TestContext.<anonymous> (file:///<private-evidence>/pr304-head-ref-r1/baseline/.github/skills/code-review/tests/executor-snapshot.test.mjs:438:12)
      at Test.runInAsyncScope (node:async_hooks:227:14)
      at Test.run (node:internal/test_runner/test:1402:25)
      at Test.processPendingSubtests (node:internal/test_runner/test:974:18)
      at Test.postRun (node:internal/test_runner/test:1542:19)
      at Test.run (node:internal/test_runner/test:1467:12)
      at async Test.processPendingSubtests (node:internal/test_runner/test:974:7) {
    generatedMessage: false,
    code: 'ERR_ASSERTION',
    actual: undefined,
    operator: 'throws',
    diff: 'simple'
  }

test at .github\skills\code-review\tests\executor-snapshot.test.mjs:433:3
✖ PR304-HEAD-REF: invalid-git-ref-14 is rejected before detail requests (0.1674ms)
  AssertionError [ERR_ASSERTION]: Missing expected exception.
      at TestContext.<anonymous> (file:///<private-evidence>/pr304-head-ref-r1/baseline/.github/skills/code-review/tests/executor-snapshot.test.mjs:438:12)
      at Test.runInAsyncScope (node:async_hooks:227:14)
      at Test.run (node:internal/test_runner/test:1402:25)
      at Test.processPendingSubtests (node:internal/test_runner/test:974:18)
      at Test.postRun (node:internal/test_runner/test:1542:19)
      at Test.run (node:internal/test_runner/test:1467:12)
      at async Test.processPendingSubtests (node:internal/test_runner/test:974:7) {
    generatedMessage: false,
    code: 'ERR_ASSERTION',
    actual: undefined,
    operator: 'throws',
    diff: 'simple'
  }

test at .github\skills\code-review\tests\executor-snapshot.test.mjs:433:3
✖ PR304-HEAD-REF: invalid-git-ref-15 is rejected before detail requests (0.1992ms)
  AssertionError [ERR_ASSERTION]: Missing expected exception.
      at TestContext.<anonymous> (file:///<private-evidence>/pr304-head-ref-r1/baseline/.github/skills/code-review/tests/executor-snapshot.test.mjs:438:12)
      at Test.runInAsyncScope (node:async_hooks:227:14)
      at Test.run (node:internal/test_runner/test:1402:25)
      at Test.processPendingSubtests (node:internal/test_runner/test:974:18)
      at Test.postRun (node:internal/test_runner/test:1542:19)
      at Test.run (node:internal/test_runner/test:1467:12)
      at async Test.processPendingSubtests (node:internal/test_runner/test:974:7) {
    generatedMessage: false,
    code: 'ERR_ASSERTION',
    actual: undefined,
    operator: 'throws',
    diff: 'simple'
  }

test at .github\skills\code-review\tests\executor-snapshot.test.mjs:433:3
✖ PR304-HEAD-REF: invalid-git-ref-16 is rejected before detail requests (0.2738ms)
  AssertionError [ERR_ASSERTION]: Missing expected exception.
      at TestContext.<anonymous> (file:///<private-evidence>/pr304-head-ref-r1/baseline/.github/skills/code-review/tests/executor-snapshot.test.mjs:438:12)
      at Test.runInAsyncScope (node:async_hooks:227:14)
      at Test.run (node:internal/test_runner/test:1402:25)
      at Test.processPendingSubtests (node:internal/test_runner/test:974:18)
      at Test.postRun (node:internal/test_runner/test:1542:19)
      at Test.run (node:internal/test_runner/test:1467:12)
      at async Test.processPendingSubtests (node:internal/test_runner/test:974:7) {
    generatedMessage: false,
    code: 'ERR_ASSERTION',
    actual: undefined,
    operator: 'throws',
    diff: 'simple'
  }

test at .github\skills\code-review\tests\executor-snapshot.test.mjs:433:3
✖ PR304-HEAD-REF: invalid-git-ref-17 is rejected before detail requests (0.194ms)
  AssertionError [ERR_ASSERTION]: Missing expected exception.
      at TestContext.<anonymous> (file:///<private-evidence>/pr304-head-ref-r1/baseline/.github/skills/code-review/tests/executor-snapshot.test.mjs:438:12)
      at Test.runInAsyncScope (node:async_hooks:227:14)
      at Test.run (node:internal/test_runner/test:1402:25)
      at Test.processPendingSubtests (node:internal/test_runner/test:974:18)
      at Test.postRun (node:internal/test_runner/test:1542:19)
      at Test.run (node:internal/test_runner/test:1467:12)
      at async Test.processPendingSubtests (node:internal/test_runner/test:974:7) {
    generatedMessage: false,
    code: 'ERR_ASSERTION',
    actual: undefined,
    operator: 'throws',
    diff: 'simple'
  }

test at .github\skills\code-review\tests\executor-snapshot.test.mjs:433:3
✖ PR304-HEAD-REF: invalid-git-ref-18 is rejected before detail requests (0.1691ms)
  AssertionError [ERR_ASSERTION]: Missing expected exception.
      at TestContext.<anonymous> (file:///<private-evidence>/pr304-head-ref-r1/baseline/.github/skills/code-review/tests/executor-snapshot.test.mjs:438:12)
      at Test.runInAsyncScope (node:async_hooks:227:14)
      at Test.run (node:internal/test_runner/test:1402:25)
      at Test.processPendingSubtests (node:internal/test_runner/test:974:18)
      at Test.postRun (node:internal/test_runner/test:1542:19)
      at Test.run (node:internal/test_runner/test:1467:12)
      at async Test.processPendingSubtests (node:internal/test_runner/test:974:7) {
    generatedMessage: false,
    code: 'ERR_ASSERTION',
    actual: undefined,
    operator: 'throws',
    diff: 'simple'
  }

test at .github\skills\code-review\tests\executor-snapshot.test.mjs:433:3
✖ PR304-HEAD-REF: invalid-git-ref-19 is rejected before detail requests (0.1753ms)
  AssertionError [ERR_ASSERTION]: Missing expected exception.
      at TestContext.<anonymous> (file:///<private-evidence>/pr304-head-ref-r1/baseline/.github/skills/code-review/tests/executor-snapshot.test.mjs:438:12)
      at Test.runInAsyncScope (node:async_hooks:227:14)
      at Test.run (node:internal/test_runner/test:1402:25)
      at Test.processPendingSubtests (node:internal/test_runner/test:974:18)
      at Test.postRun (node:internal/test_runner/test:1542:19)
      at Test.run (node:internal/test_runner/test:1467:12)
      at async Test.processPendingSubtests (node:internal/test_runner/test:974:7) {
    generatedMessage: false,
    code: 'ERR_ASSERTION',
    actual: undefined,
    operator: 'throws',
    diff: 'simple'
  }

test at .github\skills\code-review\tests\executor-snapshot.test.mjs:433:3
✖ PR304-HEAD-REF: invalid-git-ref-20 is rejected before detail requests (0.1744ms)
  AssertionError [ERR_ASSERTION]: Missing expected exception.
      at TestContext.<anonymous> (file:///<private-evidence>/pr304-head-ref-r1/baseline/.github/skills/code-review/tests/executor-snapshot.test.mjs:438:12)
      at Test.runInAsyncScope (node:async_hooks:227:14)
      at Test.run (node:internal/test_runner/test:1402:25)
      at Test.processPendingSubtests (node:internal/test_runner/test:974:18)
      at Test.postRun (node:internal/test_runner/test:1542:19)
      at Test.run (node:internal/test_runner/test:1467:12)
      at async Test.processPendingSubtests (node:internal/test_runner/test:974:7) {
    generatedMessage: false,
    code: 'ERR_ASSERTION',
    actual: undefined,
    operator: 'throws',
    diff: 'simple'
  }

test at .github\skills\code-review\tests\executor-snapshot.test.mjs:433:3
✖ PR304-HEAD-REF: invalid-git-ref-21 is rejected before detail requests (0.1864ms)
  AssertionError [ERR_ASSERTION]: Missing expected exception.
      at TestContext.<anonymous> (file:///<private-evidence>/pr304-head-ref-r1/baseline/.github/skills/code-review/tests/executor-snapshot.test.mjs:438:12)
      at Test.runInAsyncScope (node:async_hooks:227:14)
      at Test.run (node:internal/test_runner/test:1402:25)
      at Test.processPendingSubtests (node:internal/test_runner/test:974:18)
      at Test.postRun (node:internal/test_runner/test:1542:19)
      at Test.run (node:internal/test_runner/test:1467:12)
      at async Test.processPendingSubtests (node:internal/test_runner/test:974:7) {
    generatedMessage: false,
    code: 'ERR_ASSERTION',
    actual: undefined,
    operator: 'throws',
    diff: 'simple'
  }

test at .github\skills\code-review\tests\executor-snapshot.test.mjs:433:3
✖ PR304-HEAD-REF: invalid-git-ref-22 is rejected before detail requests (0.2282ms)
  AssertionError [ERR_ASSERTION]: Missing expected exception.
      at TestContext.<anonymous> (file:///<private-evidence>/pr304-head-ref-r1/baseline/.github/skills/code-review/tests/executor-snapshot.test.mjs:438:12)
      at Test.runInAsyncScope (node:async_hooks:227:14)
      at Test.run (node:internal/test_runner/test:1402:25)
      at Test.processPendingSubtests (node:internal/test_runner/test:974:18)
      at Test.postRun (node:internal/test_runner/test:1542:19)
      at Test.run (node:internal/test_runner/test:1467:12)
      at async Test.processPendingSubtests (node:internal/test_runner/test:974:7) {
    generatedMessage: false,
    code: 'ERR_ASSERTION',
    actual: undefined,
    operator: 'throws',
    diff: 'simple'
  }

test at .github\skills\code-review\tests\executor-snapshot.test.mjs:433:3
✖ PR304-HEAD-REF: invalid-git-ref-23 is rejected before detail requests (0.1904ms)
  AssertionError [ERR_ASSERTION]: Missing expected exception.
      at TestContext.<anonymous> (file:///<private-evidence>/pr304-head-ref-r1/baseline/.github/skills/code-review/tests/executor-snapshot.test.mjs:438:12)
      at Test.runInAsyncScope (node:async_hooks:227:14)
      at Test.run (node:internal/test_runner/test:1402:25)
      at Test.processPendingSubtests (node:internal/test_runner/test:974:18)
      at Test.postRun (node:internal/test_runner/test:1542:19)
      at Test.run (node:internal/test_runner/test:1467:12)
      at async Test.processPendingSubtests (node:internal/test_runner/test:974:7) {
    generatedMessage: false,
    code: 'ERR_ASSERTION',
    actual: undefined,
    operator: 'throws',
    diff: 'simple'
  }

test at .github\skills\code-review\tests\executor-snapshot.test.mjs:433:3
✖ PR304-HEAD-REF: invalid-git-ref-24 is rejected before detail requests (0.1574ms)
  AssertionError [ERR_ASSERTION]: Missing expected exception.
      at TestContext.<anonymous> (file:///<private-evidence>/pr304-head-ref-r1/baseline/.github/skills/code-review/tests/executor-snapshot.test.mjs:438:12)
      at Test.runInAsyncScope (node:async_hooks:227:14)
      at Test.run (node:internal/test_runner/test:1402:25)
      at Test.processPendingSubtests (node:internal/test_runner/test:974:18)
      at Test.postRun (node:internal/test_runner/test:1542:19)
      at Test.run (node:internal/test_runner/test:1467:12)
      at async Test.processPendingSubtests (node:internal/test_runner/test:974:7) {
    generatedMessage: false,
    code: 'ERR_ASSERTION',
    actual: undefined,
    operator: 'throws',
    diff: 'simple'
  }

test at .github\skills\code-review\tests\executor-snapshot.test.mjs:433:3
✖ PR304-HEAD-REF: invalid-git-ref-25 is rejected before detail requests (0.1779ms)
  AssertionError [ERR_ASSERTION]: Missing expected exception.
      at TestContext.<anonymous> (file:///<private-evidence>/pr304-head-ref-r1/baseline/.github/skills/code-review/tests/executor-snapshot.test.mjs:438:12)
      at Test.runInAsyncScope (node:async_hooks:227:14)
      at Test.run (node:internal/test_runner/test:1402:25)
      at Test.processPendingSubtests (node:internal/test_runner/test:974:18)
      at Test.postRun (node:internal/test_runner/test:1542:19)
      at Test.run (node:internal/test_runner/test:1467:12)
      at async Test.processPendingSubtests (node:internal/test_runner/test:974:7) {
    generatedMessage: false,
    code: 'ERR_ASSERTION',
    actual: undefined,
    operator: 'throws',
    diff: 'simple'
  }
