✔ PR304-RECOVERY-FAIRNESS: completion/completion older-low feedback=false (3333.9493ms)
✔ PR304-RECOVERY-FAIRNESS: completion/completion older-low feedback=true (3580.5797ms)
✔ PR304-RECOVERY-FAIRNESS: completion/completion older-high feedback=false (3503.7346ms)
✔ PR304-RECOVERY-FAIRNESS: completion/completion older-high feedback=true (3786.4794ms)
✔ PR304-RECOVERY-FAIRNESS: completion/completion newer-low feedback=false (3451.2373ms)
✔ PR304-RECOVERY-FAIRNESS: completion/completion newer-low feedback=true (4008.8516ms)
✔ PR304-RECOVERY-FAIRNESS: all-exhausted completion/completion still yields a quiet notice (1515.1758ms)
✔ PR304-RECOVERY-FAIRNESS: completion/waiting older-low feedback=false (4091.5573ms)
✔ PR304-RECOVERY-FAIRNESS: completion/waiting older-low feedback=true (3537.3638ms)
✔ PR304-RECOVERY-FAIRNESS: completion/waiting older-high feedback=false (3965.7369ms)
✔ PR304-RECOVERY-FAIRNESS: completion/waiting older-high feedback=true (3360.4625ms)
✔ PR304-RECOVERY-FAIRNESS: completion/waiting newer-low feedback=false (3811.0114ms)
✔ PR304-RECOVERY-FAIRNESS: completion/waiting newer-low feedback=true (3470.0323ms)
✔ PR304-RECOVERY-FAIRNESS: all-exhausted completion/waiting still yields a quiet notice (1034.1892ms)
✔ PR304-RECOVERY-FAIRNESS: waiting/completion older-low feedback=false (3259.4601ms)
✔ PR304-RECOVERY-FAIRNESS: waiting/completion older-low feedback=true (3127.6452ms)
✔ PR304-RECOVERY-FAIRNESS: waiting/completion older-high feedback=false (3272.1599ms)
✔ PR304-RECOVERY-FAIRNESS: waiting/completion older-high feedback=true (3296.9648ms)
✔ PR304-RECOVERY-FAIRNESS: waiting/completion newer-low feedback=false (3127.0658ms)
✔ PR304-RECOVERY-FAIRNESS: waiting/completion newer-low feedback=true (3450.345ms)
✔ PR304-RECOVERY-FAIRNESS: all-exhausted waiting/completion still yields a quiet notice (1174.4728ms)
✔ PR304-RECOVERY-FAIRNESS: waiting/waiting older-low feedback=false (3456.8765ms)
✔ PR304-RECOVERY-FAIRNESS: waiting/waiting older-low feedback=true (3424.1306ms)
✔ PR304-RECOVERY-FAIRNESS: waiting/waiting older-high feedback=false (3625.6059ms)
✔ PR304-RECOVERY-FAIRNESS: waiting/waiting older-high feedback=true (3457.5569ms)
✔ PR304-RECOVERY-FAIRNESS: waiting/waiting newer-low feedback=false (3926.9978ms)
✔ PR304-RECOVERY-FAIRNESS: waiting/waiting newer-low feedback=true (3338.1365ms)
✔ PR304-RECOVERY-FAIRNESS: all-exhausted waiting/waiting still yields a quiet notice (1354.1303ms)
✔ PR304-RECOVERY-FAIRNESS: retained uncharged completion survives exhausted completion and restart (2140.1706ms)
✔ PR304-RECOVERY-FAIRNESS: retained uncharged completion survives exhausted waiting and restart (1963.6268ms)
✔ PR304-RECOVERY-FAIRNESS: new ordering is private, versioned and replay-stable (2566.3596ms)
✔ PR304-FULL-B15-01: direct1 journal failure cannot enter read-only feedback (1132.4084ms)
✔ PR304-FULL-B15-01: direct1 retained feedback cannot complete but BLOCKED releases its writer (1272.6982ms)
✔ PR304-FULL-B15-01: nullable1 journal failure cannot enter read-only feedback (1223.7923ms)
✔ PR304-FULL-B15-01: nullable1 retained feedback cannot complete but BLOCKED releases its writer (1172.1577ms)
✔ PR304-FULL-B15-01: direct2 journal failure cannot enter read-only feedback (663.4162ms)
✔ PR304-FULL-B15-01: direct2 retained feedback cannot complete but BLOCKED releases its writer (1063.7934ms)
✔ PR304-FULL-B15-01: nullable2 journal failure cannot enter read-only feedback (630.1376ms)
✔ PR304-FULL-B15-01: nullable2 retained feedback cannot complete but BLOCKED releases its writer (1011.86ms)
✔ PR304-FULL-B15-01: old laundered NICE cannot supply another feedback basis (437.0032ms)
✔ PR304-FULL-B15-01: failed PR2 legacy feedback BLOCKED does not starve PR3 under valid canary authority (1207.4846ms)
✔ PR304-FULL-B15-01: no-failure legacy fast readback pending still completes without charges (753.9682ms)
✔ PR304-FULL-B15-01: no-failure legacy fast readback claimed still completes without charges (632.2938ms)
✔ PR304-FULL-B15-01: permitted original-claim retry supersedes only its failed round and allows feedback (2745.983ms)
✔ PR304-FAILED-COMPLETION: direct1 unchanged admission retains the failed cycle and bounds (1100.609ms)
✔ PR304-FAILED-COMPLETION: direct1 head admission retains the failed cycle and bounds (1213.188ms)
✔ PR304-FAILED-COMPLETION: direct1 base admission retains the failed cycle and bounds (1169.7898ms)
✔ PR304-FAILED-COMPLETION: nullable1 unchanged admission retains the failed cycle and bounds (1038.3097ms)
✔ PR304-FAILED-COMPLETION: nullable1 head admission retains the failed cycle and bounds (1189.5852ms)
✔ PR304-FAILED-COMPLETION: nullable1 base admission retains the failed cycle and bounds (1288.7161ms)
✔ PR304-FAILED-COMPLETION: direct2 unchanged admission retains the failed cycle and bounds (884.6698ms)
✔ PR304-FAILED-COMPLETION: direct2 head admission retains the failed cycle and bounds (1091.917ms)
✔ PR304-FAILED-COMPLETION: direct2 base admission retains the failed cycle and bounds (1206.2861ms)
✔ PR304-FAILED-COMPLETION: nullable2 unchanged admission retains the failed cycle and bounds (976.6008ms)
✔ PR304-FAILED-COMPLETION: nullable2 head admission retains the failed cycle and bounds (1085.8096ms)
✔ PR304-FAILED-COMPLETION: nullable2 base admission retains the failed cycle and bounds (1095.1787ms)
✔ PR304-FAILED-COMPLETION: genuine NICE unchanged preserves ordinary success renewal (506.9279ms)
✔ PR304-FAILED-COMPLETION: genuine NICE head preserves ordinary success renewal (911.6731ms)
✔ PR304-FAILED-COMPLETION: genuine NICE base preserves ordinary success renewal (922.5573ms)
✔ PR304-FAILED-COMPLETION: old direct1 head admitted cannot renew failed NICE on continuation (600.7992ms)
✔ PR304-FAILED-COMPLETION: old direct1 head blocked cannot renew failed NICE on continuation (744.1029ms)
✔ PR304-FAILED-COMPLETION: already accepted direct1 head renewal keeps original replay/charges (445.1184ms)
✔ PR304-FAILED-COMPLETION: old direct1 base admitted cannot renew failed NICE on continuation (597.5078ms)
✔ PR304-FAILED-COMPLETION: old direct1 base blocked cannot renew failed NICE on continuation (730.0266ms)
✔ PR304-FAILED-COMPLETION: already accepted direct1 base renewal keeps original replay/charges (457.2082ms)
✔ PR304-FAILED-COMPLETION: old direct2 head admitted cannot renew failed NICE on continuation (305.0399ms)
✔ PR304-FAILED-COMPLETION: old direct2 head blocked cannot renew failed NICE on continuation (287.805ms)
✔ PR304-FAILED-COMPLETION: already accepted direct2 head renewal keeps original replay/charges (495.2444ms)
✔ PR304-FAILED-COMPLETION: old direct2 base admitted cannot renew failed NICE on continuation (307.0753ms)
✔ PR304-FAILED-COMPLETION: old direct2 base blocked cannot renew failed NICE on continuation (292.6788ms)
✔ PR304-FAILED-COMPLETION: already accepted direct2 base renewal keeps original replay/charges (478.1234ms)
✔ PR304-FAILED-COMPLETION: same-code bounded re-audit can succeed and earn genuine later renewal (1820.1376ms)
✔ PR304-FAILED-COMPLETION: caller cannot select the private admission fence (2244.7408ms)
✔ PR304-FAILED-COMPLETION: gates cannot consume failed completion or keep other PRs waiting (1590.2509ms)
✔ PR304-FAILED-COMPLETION: interrupted admission survives gate changes and does not starve other work (2064.0648ms)
ℹ tests 75
ℹ suites 0
ℹ pass 75
ℹ fail 0
ℹ cancelled 0
ℹ skipped 0
ℹ todo 0
ℹ duration_ms 139809.7405
