✔ LIVE-DRAFT: sync refuses omitted without changing the journal (653.6833ms)
✔ LIVE-DRAFT: sync refuses null without changing the journal (623.8819ms)
✔ LIVE-DRAFT: sync refuses string without changing the journal (638.8714ms)
✔ LIVE-DRAFT: sync refuses number without changing the journal (644.9451ms)
✔ LIVE-DRAFT: sync refuses object without changing the journal (638.0697ms)
✔ LIVE-DRAFT: sync refuses array without changing the journal (614.8481ms)
✔ LIVE-DRAFT: sync accepts explicit false and retains it (518.1158ms)
✔ LIVE-DRAFT: sync accepts explicit true and retains it (491.2775ms)
✔ LIVE-DRAFT: v1 sync with absent historical draft still replays unchanged (775.0245ms)
✔ LIVE-DRAFT: v2 sync with absent historical draft still replays unchanged (758.0216ms)
✔ LIVE-DRAFT: published refuses omitted without changing the journal (1157.2143ms)
✔ LIVE-DRAFT: published refuses null without changing the journal (1164.2581ms)
✔ LIVE-DRAFT: published refuses string without changing the journal (1173.7999ms)
✔ LIVE-DRAFT: published refuses number without changing the journal (1392.3976ms)
✔ LIVE-DRAFT: published refuses object without changing the journal (1400.9827ms)
✔ LIVE-DRAFT: published refuses array without changing the journal (1192.5813ms)
✔ LIVE-DRAFT: published accepts explicit false and retains it (1073.6197ms)
✔ LIVE-DRAFT: published accepts explicit true and retains it (1077.4735ms)
✔ LIVE-DRAFT: v1 published with absent historical draft still replays unchanged (1307.3816ms)
✔ LIVE-DRAFT: v2 published with absent historical draft still replays unchanged (1292.8224ms)
✔ LIVE-DRAFT: progress-published refuses omitted without changing the journal (1294.1666ms)
✔ LIVE-DRAFT: progress-published refuses null without changing the journal (1307.6011ms)
✔ LIVE-DRAFT: progress-published refuses string without changing the journal (1296.2872ms)
✔ LIVE-DRAFT: progress-published refuses number without changing the journal (1338.5919ms)
✔ LIVE-DRAFT: progress-published refuses object without changing the journal (1331.766ms)
✔ LIVE-DRAFT: progress-published refuses array without changing the journal (1305.9655ms)
✔ LIVE-DRAFT: progress-published accepts explicit false and retains it (1164.0766ms)
✔ LIVE-DRAFT: progress-published accepts explicit true and retains it (1158.1228ms)
✔ LIVE-DRAFT: v1 progress-published with absent historical draft still replays unchanged (1449.5321ms)
✔ LIVE-DRAFT: v2 progress-published with absent historical draft still replays unchanged (1435.6221ms)
ℹ tests 30
ℹ suites 0
ℹ pass 30
ℹ fail 0
ℹ cancelled 0
ℹ skipped 0
ℹ todo 0
ℹ duration_ms 31865.2838
