$ node --test --test-concurrency=2 --test-timeout=180000 scenarios/repo-steward/steward.test.mjs scenarios/repo-steward/actions.test.mjs scenarios/repo-steward/recurring-audit.test.mjs scenarios/repo-steward/feedback.test.mjs scenarios/repo-steward/maintenance.test.mjs scenarios/repo-steward/feedback-cli.test.mjs
✔ Actions preview performs no live reads or summary publication (1.7852ms)
✔ Actions fixture uses the real auditor without GitHub access (29.0529ms)
✔ invalid workflow input is rejected during preview without data access (1.0338ms)
✔ hosted live mode rejects non-Actions host before reading data (0.3588ms)
✔ hosted live mode rejects PR event before reading data (0.2964ms)
✔ hosted live mode rejects another repository before reading data (1.1088ms)
✔ hosted live mode rejects feature branch before reading data (0.5222ms)
✔ hosted live mode rejects another actor before reading data (0.3123ms)
✔ hosted live mode rejects another rerun operator before reading data (0.3358ms)
✔ hosted live mode rejects missing triggering actor before reading data (0.6049ms)
✔ hosted live mode rejects missing source commit before reading data (0.381ms)
✔ hosted live mode rejects disabled pilot before reading data (0.2543ms)
✔ hosted live mode rejects unapproved public summary before reading data (0.2426ms)
✔ hosted live mode rejects missing credential before reading data (0.16ms)
✔ hosted live mode rejects blank credential before reading data (0.1935ms)
✔ hosted live mode rejects write-enabled configuration before reading data (0.2348ms)
✔ GITHUB_TOKEN does not substitute for Project-readable credentials (0.3104ms)
✔ an admitted live path collects once and retains zero mutations (19.2934ms)
✔ collector failure does not produce a successful report (0.357ms)
✔ stale hosted snapshots fail instead of publishing old findings (7.184ms)
✔ public summaries never include free-form source or evidence text (5.6508ms)
✔ summary rejects unknown rule (4.2804ms)
✔ summary rejects bad finding id (4.8962ms)
✔ summary rejects foreign reference (6.4075ms)
✔ summary rejects mutation claim (5.6294ms)
✔ summary rejects wrong scope (4.5827ms)
✔ summary rejects invalid timestamp (6.6724ms)
✔ summary rejects bad totals (5.823ms)
✔ public finding index is bounded without copying omitted details (5.8429ms)
✔ every configured fixture rule has an explicit publication review (6.0938ms)
✔ summary file writes remain inside a supplied native temporary directory (18.9235ms)
✔ Actions CLI rejects unsupported arguments --apply (0.344ms)
✔ Actions CLI rejects unsupported arguments --live (0.1858ms)
✔ Actions CLI rejects unsupported arguments --live (0.0963ms)
✔ actual fixture CLI needs no hosted secrets or Teams SDK (250.1246ms)
✔ manual workflow keeps first-party actions pinned and live credentials isolated (14.4265ms)
✔ feedback CLI rejects unsupported, missing and duplicate transition arguments (2.0441ms)
✔ new-file corpus output preserves the previous version and refuses overwrite (24.3876ms)
✔ initializing a corpus binds the validated input scope without changing its snapshot (50.4591ms)
✔ partial snapshot cannot create a corpus file (26.1345ms)
✔ redirected output parent is refused without writing through it (5.8892ms)
✔ review evidence must be a file and cannot use a directory as a digest source (46.9953ms)
✔ review CLI records the exact binary digest and closes its descriptor (105.0627ms)
✔ same-size review replacement between metadata check and open cannot update a corpus (37.9415ms)
✔ review parent swapped for a symlink or junction before open is rejected (63.4107ms)
✔ same-size pathname replacement after descriptor read is rejected (45.6009ms)
✔ same-size in-place review rewrite cannot hide behind a restored modification time (42.521ms)
✔ review growth after open stays within its original byte bound and is rejected (35.4905ms)
✔ bounded review reads handle partial reads and reject empty or oversized files (23.0395ms)
✔ native behavioral evidence remains candidate with original local source and no finding impersonation (76.8703ms)
✔ native behavioral activation is denied for mixed support and forged active or retired history (83.9106ms)
✔ native behavioral candidates can be rejected without widening legacy review authority (56.7807ms)
✔ native behavioral bytes, identity claims, source and repeated runs remain validated (139.9426ms)
✔ evidence binds actual audit finding and supplied snapshot without certifying collection or identity (10.4871ms)
✔ accepted missing Project status binds the native serialized report and finding in evidence and observations (66.8749ms)
✔ auditor optional-field normalization retains strict data-only feedback and report validation (78.9114ms)
✔ timestamp-only or unrelated snapshot changes do not manufacture repeated supporting evidence (32.3675ms)
✔ partial, cross-scope, stale or missing findings cannot become feedback evidence (16.1407ms)
✔ feedback source pins accept exactly 40 or 64 hexadecimal characters, including supplied evidence (71.7326ms)
✔ candidate, active and retired versions preserve their inputs and have exact transition digests (19.8053ms)
✔ one observation, fabricated evidence bytes and replayed reviews cannot activate a rule (200.2103ms)
✔ reviewer labels and claimed approval booleans do not supply verified review authority (42.2808ms)
✔ explicit rejection remains terminal and contributes no advice (85.1254ms)
✔ prospective expiry is mandatory, bounded, and effective at the exact boundary (249.9078ms)
✔ active capacity cannot expand and supersession retires only the exact predecessor (113.7395ms)
✔ supersession rejects stale targets and cannot cross finding rules (94.2824ms)
✔ active guidance annotates only matching findings without hiding or changing original conclusions (40.2334ms)
✔ broad matching admits at most the finite annotation limit and never truncates an excessive report (608.561ms)
✔ serialized output bytes are admitted before escaped guidance and evidence references fan out (109.917ms)
✔ later audits honor activation and retirement while the original report stays identical (64.2638ms)
✔ unknown executable, suppression, assignment and permission options are rejected (295.4615ms)
✔ stale reports, foreign scope and altered evidence fail closed (56.0306ms)
✔ canonical digests ignore property insertion order but reject executable and non-finite data (0.6526ms)
✔ reusable corpus validation preserves input and rejects authority claims or altered guidance (35.6666ms)
✔ explicit collector profile requires a hash and cannot relabel a supplied snapshot (2.9231ms)
✔ recurrence requires finite explicit bounds before reading any input (0.9873ms)
✔ finite recurrence reloads snapshot and feedback on every cycle (2.5497ms)
✔ paused and stopped records prevent collection and input reads (2.6733ms)
✔ exhausted persisted attempts reject before snapshot, feedback or live collection (2.8315ms)
✔ watch admits the final allowed attempt and then stops before collecting another snapshot (1.5103ms)
✔ source mismatch refuses before reading snapshot or feedback (1.2544ms)
✔ a failed cycle stops recurrence without retrying or losing the failure (1.3311ms)
✔ first snapshot acquisition failure retains one sanitized failed attempt (402.7919ms)
✔ later corpus acquisition failure preserves earlier accepted evidence and consumes one attempt (1343.4013ms)
✔ live acquisition failure is retained once without raw error text or a retry (471.9417ms)
✔ pause and stop during failed acquisition remain effective without a new admitted attempt (2542.8656ms)
✔ deadline crossing during failed acquisition prevents late attempt admission (1.4495ms)
✔ interruption during failed acquisition prevents a new admitted attempt (1.1409ms)
✔ duration bounds stop admission after collection without writing a late result (1.0327ms)
✔ interruption during an interval exits without another audit (1.4245ms)
✔ control commands delegate exact action, source and reason without collecting (2.9622ms)
✔ status exposes bounded metadata and no retained finding text (2.8949ms)
✔ one audit writes source-bound immutable private reports and an advisory handoff (620.7513ms)
✔ fresh capture timestamps and transport metrics alone produce no new report or proposal across restart (843.5012ms)
✔ live state binds the exact selected principal and profile through restart and controls (3470.262ms)
✔ profile metadata cannot convert supplied evidence or a different live principal into accepted observations (295.5001ms)
✔ changed scoped content produces a new receipt while retaining stable finding dedupe (572.7147ms)
✔ resolved findings are recorded without claiming a remote correction (555.462ms)
✔ stale input fails and preserves a failed attempt, never reusing previous success (638.0446ms)
✔ future input fails and preserves a failed attempt, never reusing previous success (646.8667ms)
✔ incomplete input fails and preserves a failed attempt, never reusing previous success (646.5349ms)
✔ source drift fails and preserves a failed attempt, never reusing previous success (638.5578ms)
✔ changing the caller source pin cannot migrate an existing directory (591.949ms)
✔ pause prevents input use, resume retains dedupe, and stop cannot resume (2854.9953ms)
✔ concurrent cycles have one winner and never create duplicate accepted receipts (471.344ms)
✔ retained locks fail closed without PID reuse or timeout-based recovery (23.8162ms)
✔ incomplete intent and rollback to an older checkpoint refuse replay (673.741ms)
✔ tampered referenced artifacts are rejected and preserved (352.7207ms)
✔ output-directory redirection refuses writes through a symlink or junction (15.6671ms)
✔ an unexpected output file is retained, not overwritten or removed (22.6387ms)
✔ status rejects unexpected files in initialized state before accepting its control projection (295.863ms)
✔ missing, traversal-style and incomplete control requests do not create authority (5.1988ms)
✔ live source claims retain the existing collector identity and zero-write metadata (313.7272ms)
✔ finite convenience API has explicit bounds and performs no scheduling (1005.3602ms)
✔ state and artifact redirection are not followed on read (317.8718ms)
✔ alter of earlier history is detected after a newer successful cycle (777.3701ms)
✔ delete of earlier history is detected after a newer successful cycle (767.757ms)
✔ changed implementation pins fail before a new intent is written (483.3616ms)
✔ a directory replaced while a caller holds its lock cannot redirect any artifact write (433.3357ms)
✔ actual corpus activation and retirement change only separately bound advisory output (1544.3782ms)
✔ expiry invalidates cached advisory annotations even without corpus byte changes (685.7401ms)
✔ mixed retained controls and new cycles enforce one transition bound with a reserved terminal stop (81494.9748ms)
✔ accepted snapshots with omitted optional metadata produce parseable JSON artifacts and replay (629.0529ms)
✔ optional auditor metadata works through the real feedback evidence and recurring consumer bridge (819.6018ms)
✔ policy has the ten requested workstreams and never assigns people (5.52ms)
✔ classification supports Multiplayer (11.2389ms)
✔ classification supports UX/UI (2.7504ms)
✔ classification supports Multi-system execution (1.7237ms)
✔ classification supports Janitor (1.9804ms)
✔ classification supports Dynamic agent teams (1.7858ms)
✔ classification supports DevOps/PR review/branch protection (1.8372ms)
✔ classification supports Security (1.7183ms)
✔ classification supports Agent communication layer (1.8836ms)
✔ classification supports Dark factory automation (2.0095ms)
✔ classification supports Backend scalability / pub-sub (1.6382ms)
✔ classification preserves labels and assignees (19.0996ms)
✔ UX alias means UX/UI (20.7022ms)
✔ an unassigned issue is not a violation (11.4494ms)
✔ full fixture audit has zero mutations and catches closing-link conflict (8.1636ms)
✔ non-closing prose overrides no native link, not unrelated partial references (6.8179ms)
✔ explicit do-not-close linked issue is flagged (4.3592ms)
✔ closed unmerged PR does not close an open issue (4.5265ms)
✔ reopened issue remains open after a historical merged PR (5.3253ms)
✔ no automatic close for several partial PRs (8.8064ms)
✔ only explicit dependency section is interpreted (0.3178ms)
✔ code fences and quoted references are not dependency authority (0.2997ms)
✔ native/text dependency disagreement is flagged (6.1655ms)
✔ matching dependencies do not produce a mismatch (5.4753ms)
✔ dependency cycles are bounded and reported once (5.5161ms)
✔ parent hierarchy mismatch and cycle are detected (6.6959ms)
✔ outside-scope dependency is not fetched or treated as complete (5.6573ms)
✔ missing local dependency is unverified, not closed (4.3976ms)
✔ open issue marked Done is flagged without changing the board (5.3678ms)
✔ unknown workstream is a review hint, not a rename (4.3296ms)
✔ locked default branch is flagged, without bypass (4.2219ms)
✔ stale PR source head is reported (4.3042ms)
✔ current independent review is accepted as evidence (5.9497ms)
✔ author approval is not current independent human approval (4.0739ms)
✔ bot approval is not current independent human approval (6.5184ms)
✔ old-head approval is not current independent human approval (5.215ms)
✔ later comment does not erase a valid prior approval (4.3443ms)
✔ failed checks and requested changes are surfaced (11.3475ms)
✔ missing checks are not a success (5.0597ms)
✔ stale snapshots are labeled (5.0824ms)
✔ future snapshots fail closed (2.2332ms)
✔ finding IDs are stable across repeated reads (10.1565ms)
✔ reported secrets are redacted and Markdown is escaped (14.1913ms)
✔ refuses: assign #50 to example-user (6.0591ms)
✔ refuses: label #50 multiplayer (6.988ms)
✔ refuses: close #50 (5.5274ms)
✔ refuses: merge PR #237 (5.2267ms)
✔ refuses: enable auto-merge (7.7977ms)
✔ refuses: delete a branch (7.4541ms)
✔ refuses: approve PR #237 (6.5778ms)
✔ refuses: can you change the rules (4.9203ms)
✔ question answers use recorded evidence and canonical references (7.7995ms)
✔ reverse dependency questions list dependents (6.6984ms)
✔ unknown questions ask for clarification (11.4618ms)
✔ untrusted instruction text grants no tools (6.7824ms)
✔ snapshot rejects wrong repo (1.573ms)
✔ snapshot rejects wrong project (1.2297ms)
✔ snapshot rejects partial coverage (1.2538ms)
✔ snapshot rejects wrong count (1.297ms)
✔ snapshot rejects duplicate issue (1.6309ms)
✔ snapshot rejects hostile URL (1.6091ms)
✔ snapshot rejects hidden project item (1.2511ms)
✔ snapshot rejects cross-repo item (1.5812ms)
✔ snapshot rejects duplicate project item (1.7476ms)
✔ snapshot rejects oversized body (1.6147ms)
✔ collector completes two matching passes with no writes (5.7347ms)
✔ collector rejects issue drift between passes (3.6537ms)
✔ collector rejects incomplete nested dependencies (2.2311ms)
✔ collector rejects a changed PR head/check binding (1.8065ms)
✔ collector rejects repeated pagination cursors (2.1725ms)
✔ collector rejects inaccessible connection entries (0.2647ms)
✔ read client verifies Bakar404 and never switches accounts (2.5661ms)
✔ explicit hash-pinned read principal does not change the pilot or read allowlist (29.1012ms)
✔ collector profile rejects changed scope or unsupported fields: repository (26.1573ms)
✔ collector profile rejects changed scope or unsupported fields: project_id (34.2299ms)
✔ collector profile rejects changed scope or unsupported fields: project_number (32.7893ms)
✔ collector profile rejects changed scope or unsupported fields: token (26.2053ms)
✔ collector profile rejects changed scope or unsupported fields: url (21.2618ms)
✔ collector profile rejects changed scope or unsupported fields: collector_login (17.6783ms)
✔ collector profile rejects wrong hashes, changed bytes and duplicate keys (55.5902ms)
✔ profiled collection records the actual principal and rejects identity or profile drift (56.5423ms)
✔ read client exposes no arbitrary query or write operation (1.8492ms)
✔ GraphQL cursor remains data, not executable query text (1.6042ms)
✔ GraphQL errors do not become accepted partial data (1.6299ms)
✔ GraphQL reserve prevents further reads (2.6736ms)
✔ collection has an elapsed-time bound (2.0736ms)
✔ dry run uses neither network nor output files (2.2227ms)
✔ CLI rejects apply (0.3241ms)
✔ CLI rejects audit --fixture --live (0.2081ms)
✔ CLI rejects audit --fixture --out ../escape.json (0.2544ms)
✔ CLI rejects audit --dry-run --out file.json (0.1509ms)
✔ CLI rejects audit --fixture --assign example-user (0.133ms)
✔ CLI rejects ask --fixture (0.1409ms)
✔ actual CLI dry run works from another directory and has no network intent (231.5434ms)
✔ test chat prepares an evidence-based reply without sending it (9.3498ms)
✔ test chat rejects wrong tenant (0.4986ms)
✔ test chat rejects wrong group (0.215ms)
✔ test chat rejects personal chat (0.1886ms)
✔ test chat rejects other channel (0.1966ms)
✔ test chat ignores messages without a mention (0.2057ms)
✔ test chat ignores its own messages (0.2477ms)
✔ test chat refuses mutation requests (9.2817ms)
✔ no production mode or implicit binding (0.6251ms)
ℹ tests 227
ℹ suites 0
ℹ pass 227
ℹ fail 0
ℹ cancelled 0
ℹ skipped 0
ℹ todo 0
ℹ duration_ms 107329.7229
