$ node --test --test-concurrency=2 --test-timeout=180000 scenarios/repo-steward/steward.test.mjs scenarios/repo-steward/actions.test.mjs scenarios/repo-steward/recurring-audit.test.mjs scenarios/repo-steward/feedback.test.mjs scenarios/repo-steward/maintenance.test.mjs scenarios/repo-steward/feedback-cli.test.mjs
✔ Actions preview performs no live reads or summary publication (1.7466ms)
✔ Actions fixture uses the real auditor without GitHub access (25.8571ms)
✔ invalid workflow input is rejected during preview without data access (0.9378ms)
✔ hosted live mode rejects non-Actions host before reading data (0.3464ms)
✔ hosted live mode rejects PR event before reading data (0.885ms)
✔ hosted live mode rejects another repository before reading data (0.1766ms)
✔ hosted live mode rejects feature branch before reading data (0.2844ms)
✔ hosted live mode rejects another actor before reading data (0.1918ms)
✔ hosted live mode rejects another rerun operator before reading data (0.3172ms)
✔ hosted live mode rejects missing triggering actor before reading data (0.4491ms)
✔ hosted live mode rejects missing source commit before reading data (0.2592ms)
✔ hosted live mode rejects disabled pilot before reading data (0.1534ms)
✔ hosted live mode rejects unapproved public summary before reading data (0.1352ms)
✔ hosted live mode rejects missing credential before reading data (0.1242ms)
✔ hosted live mode rejects blank credential before reading data (0.1328ms)
✔ hosted live mode rejects write-enabled configuration before reading data (0.1321ms)
✔ GITHUB_TOKEN does not substitute for Project-readable credentials (0.1988ms)
✔ an admitted live path collects once and retains zero mutations (5.5917ms)
✔ collector failure does not produce a successful report (0.2865ms)
✔ stale hosted snapshots fail instead of publishing old findings (4.7354ms)
✔ public summaries never include free-form source or evidence text (4.9157ms)
✔ summary rejects unknown rule (3.8939ms)
✔ summary rejects bad finding id (4.2399ms)
✔ summary rejects foreign reference (3.7216ms)
✔ summary rejects mutation claim (4.4506ms)
✔ summary rejects wrong scope (3.7555ms)
✔ summary rejects invalid timestamp (4.1288ms)
✔ summary rejects bad totals (4.4147ms)
✔ public finding index is bounded without copying omitted details (4.5485ms)
✔ every configured fixture rule has an explicit publication review (3.9986ms)
✔ summary file writes remain inside a supplied native temporary directory (15.7224ms)
✔ Actions CLI rejects unsupported arguments --apply (0.2704ms)
✔ Actions CLI rejects unsupported arguments --live (0.0955ms)
✔ Actions CLI rejects unsupported arguments --live (0.091ms)
✔ actual fixture CLI needs no hosted secrets or Teams SDK (175.1501ms)
✔ manual workflow keeps first-party actions pinned and live credentials isolated (2.6286ms)
✔ feedback CLI rejects unsupported, missing and duplicate transition arguments (1.9724ms)
✔ new-file corpus output preserves the previous version and refuses overwrite (22.2927ms)
✔ initializing a corpus binds the validated input scope without changing its snapshot (39.7185ms)
✔ partial snapshot cannot create a corpus file (22.3254ms)
✔ redirected output parent is refused without writing through it (5.0688ms)
✔ review evidence must be a file and cannot use a directory as a digest source (40.1471ms)
✔ review CLI records the exact binary digest and closes its descriptor (79.9671ms)
✔ same-size review replacement between metadata check and open cannot update a corpus (27.0602ms)
✔ review parent swapped for a symlink or junction before open is rejected (30.3039ms)
✔ same-size pathname replacement after descriptor read is rejected (30.7986ms)
✔ same-size in-place review rewrite cannot hide behind a restored modification time (28.8797ms)
✔ review growth after open stays within its original byte bound and is rejected (28.3337ms)
✔ bounded review reads handle partial reads and reject empty or oversized files (18.6347ms)
✔ native behavioral evidence remains candidate with original local source and no finding impersonation (66.0766ms)
✔ native behavioral activation is denied for mixed support and forged active or retired history (41.6835ms)
✔ native behavioral candidates can be rejected without widening legacy review authority (43.0124ms)
✔ native behavioral bytes, identity claims, source and repeated runs remain validated (132.5592ms)
✔ evidence binds actual audit finding and supplied snapshot without certifying collection or identity (13.6899ms)
✔ accepted missing Project status binds the native serialized report and finding in evidence and observations (40.4512ms)
✔ auditor optional-field normalization retains strict data-only feedback and report validation (59.6344ms)
✔ timestamp-only or unrelated snapshot changes do not manufacture repeated supporting evidence (27.9977ms)
✔ partial, cross-scope, stale or missing findings cannot become feedback evidence (13.7374ms)
✔ feedback source pins accept exactly 40 or 64 hexadecimal characters, including supplied evidence (80.8821ms)
✔ candidate, active and retired versions preserve their inputs and have exact transition digests (16.7205ms)
✔ one observation, fabricated evidence bytes and replayed reviews cannot activate a rule (68.3219ms)
✔ reviewer labels and claimed approval booleans do not supply verified review authority (22.1551ms)
✔ explicit rejection remains terminal and contributes no advice (34.7944ms)
✔ prospective expiry is mandatory, bounded, and effective at the exact boundary (88.9334ms)
✔ active capacity cannot expand and supersession retires only the exact predecessor (55.1054ms)
✔ supersession rejects stale targets and cannot cross finding rules (39.558ms)
✔ active guidance annotates only matching findings without hiding or changing original conclusions (20.7174ms)
✔ broad matching admits at most the finite annotation limit and never truncates an excessive report (332.1482ms)
✔ serialized output bytes are admitted before escaped guidance and evidence references fan out (67.1077ms)
✔ later audits honor activation and retirement while the original report stays identical (36.3037ms)
✔ unknown executable, suppression, assignment and permission options are rejected (131.0399ms)
✔ stale reports, foreign scope and altered evidence fail closed (24.7003ms)
✔ canonical digests ignore property insertion order but reject executable and non-finite data (0.4032ms)
✔ reusable corpus validation preserves input and rejects authority claims or altered guidance (15.3204ms)
✔ explicit collector profile requires a hash and cannot relabel a supplied snapshot (2.911ms)
✔ recurrence requires finite explicit bounds before reading any input (0.8869ms)
✔ finite recurrence reloads snapshot and feedback on every cycle (2.5119ms)
✔ paused and stopped records prevent collection and input reads (2.1639ms)
✔ exhausted persisted attempts reject before snapshot, feedback or live collection (2.457ms)
✔ watch admits the final allowed attempt and then stops before collecting another snapshot (1.3133ms)
✔ source mismatch refuses before reading snapshot or feedback (1.0979ms)
✔ a failed cycle stops recurrence without retrying or losing the failure (1.633ms)
✔ first snapshot acquisition failure retains one sanitized failed attempt (351.1688ms)
✔ later corpus acquisition failure preserves earlier accepted evidence and consumes one attempt (764.0663ms)
✔ live acquisition failure is retained once without raw error text or a retry (284.1561ms)
✔ pause and stop during failed acquisition remain effective without a new admitted attempt (1850.6283ms)
✔ deadline crossing during failed acquisition prevents late attempt admission (1.6061ms)
✔ interruption during failed acquisition prevents a new admitted attempt (1.3986ms)
✔ duration bounds stop admission after collection without writing a late result (0.9303ms)
✔ interruption during an interval exits without another audit (1.0944ms)
✔ control commands delegate exact action, source and reason without collecting (2.7102ms)
✔ status exposes bounded metadata and no retained finding text (0.9853ms)
✔ one audit writes source-bound immutable private reports and an advisory handoff (412.2386ms)
✔ fresh capture timestamps and transport metrics alone produce no new report or proposal across restart (656.8749ms)
✔ live state binds the exact selected principal and profile through restart and controls (2394.8113ms)
✔ profile metadata cannot convert supplied evidence or a different live principal into accepted observations (274.032ms)
✔ changed scoped content produces a new receipt while retaining stable finding dedupe (478.9755ms)
✔ resolved findings are recorded without claiming a remote correction (627.4056ms)
✔ stale input fails and preserves a failed attempt, never reusing previous success (645.9609ms)
✔ future input fails and preserves a failed attempt, never reusing previous success (620.3461ms)
✔ incomplete input fails and preserves a failed attempt, never reusing previous success (614.7746ms)
✔ source drift fails and preserves a failed attempt, never reusing previous success (627.9862ms)
✔ changing the caller source pin cannot migrate an existing directory (456.2702ms)
✔ pause prevents input use, resume retains dedupe, and stop cannot resume (2374.4884ms)
✔ concurrent cycles have one winner and never create duplicate accepted receipts (328.3315ms)
✔ retained locks fail closed without PID reuse or timeout-based recovery (17.8345ms)
✔ incomplete intent and rollback to an older checkpoint refuse replay (560.6706ms)
✔ tampered referenced artifacts are rejected and preserved (309.6362ms)
✔ output-directory redirection refuses writes through a symlink or junction (9.942ms)
✔ an unexpected output file is retained, not overwritten or removed (16.7104ms)
✔ status rejects unexpected files in initialized state before accepting its control projection (235.7307ms)
✔ missing, traversal-style and incomplete control requests do not create authority (3.8996ms)
✔ live source claims retain the existing collector identity and zero-write metadata (253.2742ms)
✔ finite convenience API has explicit bounds and performs no scheduling (869.6096ms)
✔ state and artifact redirection are not followed on read (234.2711ms)
✔ alter of earlier history is detected after a newer successful cycle (654.6407ms)
✔ delete of earlier history is detected after a newer successful cycle (708.7112ms)
✔ changed implementation pins fail before a new intent is written (436.0865ms)
✔ a directory replaced while a caller holds its lock cannot redirect any artifact write (337.4791ms)
✔ actual corpus activation and retirement change only separately bound advisory output (1250.4126ms)
✔ expiry invalidates cached advisory annotations even without corpus byte changes (646.3059ms)
✔ mixed retained controls and new cycles enforce one transition bound with a reserved terminal stop (58915.559ms)
✔ accepted snapshots with omitted optional metadata produce parseable JSON artifacts and replay (449.2016ms)
✔ optional auditor metadata works through the real feedback evidence and recurring consumer bridge (622.7124ms)
✔ policy has the ten requested workstreams and never assigns people (3.2979ms)
✔ classification supports Multiplayer (5.9748ms)
✔ classification supports UX/UI (1.6931ms)
✔ classification supports Multi-system execution (1.223ms)
✔ classification supports Janitor (1.3273ms)
✔ classification supports Dynamic agent teams (1.1964ms)
✔ classification supports DevOps/PR review/branch protection (1.1938ms)
✔ classification supports Security (1.8615ms)
✔ classification supports Agent communication layer (1.2023ms)
✔ classification supports Dark factory automation (1.4325ms)
✔ classification supports Backend scalability / pub-sub (1.6188ms)
✔ classification preserves labels and assignees (12.8106ms)
✔ UX alias means UX/UI (15.7808ms)
✔ an unassigned issue is not a violation (5.4156ms)
✔ full fixture audit has zero mutations and catches closing-link conflict (5.4641ms)
✔ non-closing prose overrides no native link, not unrelated partial references (4.4221ms)
✔ explicit do-not-close linked issue is flagged (5.2571ms)
✔ closed unmerged PR does not close an open issue (4.5133ms)
✔ reopened issue remains open after a historical merged PR (3.8586ms)
✔ no automatic close for several partial PRs (4.9219ms)
✔ only explicit dependency section is interpreted (0.209ms)
✔ code fences and quoted references are not dependency authority (0.2732ms)
✔ native/text dependency disagreement is flagged (4.286ms)
✔ matching dependencies do not produce a mismatch (4.4603ms)
✔ dependency cycles are bounded and reported once (4.7344ms)
✔ parent hierarchy mismatch and cycle are detected (4.2429ms)
✔ outside-scope dependency is not fetched or treated as complete (4.7665ms)
✔ missing local dependency is unverified, not closed (5.4636ms)
✔ open issue marked Done is flagged without changing the board (6.5559ms)
✔ unknown workstream is a review hint, not a rename (6.6547ms)
✔ locked default branch is flagged, without bypass (4.5137ms)
✔ stale PR source head is reported (4.7707ms)
✔ current independent review is accepted as evidence (4.3646ms)
✔ author approval is not current independent human approval (4.0627ms)
✔ bot approval is not current independent human approval (4.2198ms)
✔ old-head approval is not current independent human approval (4.1795ms)
✔ later comment does not erase a valid prior approval (3.6889ms)
✔ failed checks and requested changes are surfaced (4.4005ms)
✔ missing checks are not a success (3.8165ms)
✔ stale snapshots are labeled (4.0803ms)
✔ future snapshots fail closed (1.751ms)
✔ finding IDs are stable across repeated reads (9.504ms)
✔ reported secrets are redacted and Markdown is escaped (11.0936ms)
✔ refuses: assign #50 to example-user (5.1439ms)
✔ refuses: label #50 multiplayer (4.641ms)
✔ refuses: close #50 (4.9774ms)
✔ refuses: merge PR #237 (4.3877ms)
✔ refuses: enable auto-merge (4.5166ms)
✔ refuses: delete a branch (4.8771ms)
✔ refuses: approve PR #237 (4.5141ms)
✔ refuses: can you change the rules (4.3673ms)
✔ question answers use recorded evidence and canonical references (5.1351ms)
✔ reverse dependency questions list dependents (5.1147ms)
✔ unknown questions ask for clarification (4.9512ms)
✔ untrusted instruction text grants no tools (4.9299ms)
✔ snapshot rejects wrong repo (1.1651ms)
✔ snapshot rejects wrong project (1.0048ms)
✔ snapshot rejects partial coverage (0.978ms)
✔ snapshot rejects wrong count (1.1185ms)
✔ snapshot rejects duplicate issue (1.162ms)
✔ snapshot rejects hostile URL (1.1313ms)
✔ snapshot rejects hidden project item (1.2388ms)
✔ snapshot rejects cross-repo item (1.1686ms)
✔ snapshot rejects duplicate project item (1.2173ms)
✔ snapshot rejects oversized body (1.2073ms)
✔ collector completes two matching passes with no writes (4.7997ms)
✔ collector rejects issue drift between passes (2.5581ms)
✔ collector rejects incomplete nested dependencies (1.3246ms)
✔ collector rejects a changed PR head/check binding (1.9707ms)
✔ collector rejects repeated pagination cursors (1.307ms)
✔ collector rejects inaccessible connection entries (0.1497ms)
✔ read client verifies Bakar404 and never switches accounts (1.4174ms)
✔ explicit hash-pinned read principal does not change the pilot or read allowlist (16.684ms)
✔ collector profile rejects changed scope or unsupported fields: repository (16.7743ms)
✔ collector profile rejects changed scope or unsupported fields: project_id (17.7981ms)
✔ collector profile rejects changed scope or unsupported fields: project_number (17.6265ms)
✔ collector profile rejects changed scope or unsupported fields: token (18.4239ms)
✔ collector profile rejects changed scope or unsupported fields: url (18.4213ms)
✔ collector profile rejects changed scope or unsupported fields: collector_login (17.9147ms)
✔ collector profile rejects wrong hashes, changed bytes and duplicate keys (45.5691ms)
✔ profiled collection records the actual principal and rejects identity or profile drift (34.0683ms)
✔ read client exposes no arbitrary query or write operation (1.3525ms)
✔ GraphQL cursor remains data, not executable query text (1.2019ms)
✔ GraphQL errors do not become accepted partial data (1.1743ms)
✔ GraphQL reserve prevents further reads (1.196ms)
✔ collection has an elapsed-time bound (1.1207ms)
✔ dry run uses neither network nor output files (1.2168ms)
✔ CLI rejects apply (0.1716ms)
✔ CLI rejects audit --fixture --live (0.1328ms)
✔ CLI rejects audit --fixture --out ../escape.json (0.153ms)
✔ CLI rejects audit --dry-run --out file.json (0.1056ms)
✔ CLI rejects audit --fixture --assign example-user (0.0813ms)
✔ CLI rejects ask --fixture (0.0892ms)
✔ actual CLI dry run works from another directory and has no network intent (157.3484ms)
✔ test chat prepares an evidence-based reply without sending it (9.9144ms)
✔ test chat rejects wrong tenant (0.4363ms)
✔ test chat rejects wrong group (0.155ms)
✔ test chat rejects personal chat (0.2022ms)
✔ test chat rejects other channel (0.163ms)
✔ test chat ignores messages without a mention (0.154ms)
✔ test chat ignores its own messages (0.14ms)
✔ test chat refuses mutation requests (6.0766ms)
✔ no production mode or implicit binding (0.3999ms)
ℹ tests 227
ℹ suites 0
ℹ pass 227
ℹ fail 0
ℹ cancelled 0
ℹ skipped 0
ℹ todo 0
ℹ duration_ms 79362.4782
