✔ completed findings emit only bounded attribution metadata, never report content (194.505ms)
✔ clean requires native success and a valid empty report (172.3119ms)
✔ native path-only findings retain hashed attribution and zero lines (181.6751ms)
✔ invalid path/line location [0,1] remains a diagnostic failure (162.3316ms)
✔ invalid path/line location [1,0] remains a diagnostic failure (171.4498ms)
✔ invalid path/line location [-1,0] remains a diagnostic failure (173.0935ms)
✔ invalid path/line location [0,-1] remains a diagnostic failure (158.2052ms)
✔ invalid path/line location ["0",0] remains a diagnostic failure (183.2106ms)
✔ invalid path/line location [0,"0"] remains a diagnostic failure (178.7422ms)
✔ invalid path/line location [0.5,0] remains a diagnostic failure (169.6097ms)
✔ invalid path/line location [1,0.5] remains a diagnostic failure (183.4202ms)
✔ workflow-command delimiters stay private while safe identifiers preserve attribution (155.2414ms)
✔ empty findings do not hide scanner/tool exit 1 (148.3452ms)
✔ empty findings do not hide scanner/tool exit 2 (157.3505ms)
✔ empty findings do not hide scanner/tool exit 124 (170.3557ms)
✔ empty findings do not hide scanner/tool exit 137 (170.9893ms)
✔ empty findings do not hide scanner/tool exit 255 (168.9682ms)
✔ native success with findings cannot become a passing result (173.5524ms)
✔ missing report fails without echoing input or inventing clean results (157.3533ms)
✔ empty report fails without echoing input or inventing clean results (163.8442ms)
✔ invalid JSON report fails without echoing input or inventing clean results (180.7941ms)
✔ invalid UTF8 report fails without echoing input or inventing clean results (153.255ms)
✔ null report fails without echoing input or inventing clean results (178.0804ms)
✔ object report fails without echoing input or inventing clean results (271.7273ms)
✔ too many findings report fails without echoing input or inventing clean results (187.7635ms)
✔ oversized report fails without echoing input or inventing clean results (177.6465ms)
✔ non-regular report is rejected before reading (159.8683ms)
✔ exact report byte limit accepts valid JSON without truncation (178.0776ms)
✔ exact finding limit is accepted with explicit bounded display (181.6037ms)
✔ exact metadata limits preserve identifiers for all validated values (152.8268ms)
✔ malformed finding is rejected (null) (183.5121ms)
✔ malformed finding is rejected ([]) (179.3131ms)
✔ malformed finding is rejected (1) (166.3795ms)
✔ malformed finding is rejected ("not a record") (166.4276ms)
✔ reject invalid Commit metadata ("main") (187.7141ms)
✔ reject invalid Commit metadata (123) (158.2333ms)
✔ reject invalid Commit metadata ("aaaaaaaaaaaaaaaaaaaaaaaaaaaaaaaaaaaaaaa") (165.0418ms)
✔ reject invalid Commit metadata ("aaaaaaaaaaaaaaaaaaaaaaaaaaaaaaaaaaaaaaaaa") (159.1653ms)
✔ reject invalid Commit metadata ("gggggggggggggggggggggggggggggggggggggggg") (172.5511ms)
✔ reject invalid File metadata ("/absolute") (184.9173ms)
✔ reject invalid File metadata ("C:\\absolute") (160.6663ms)
✔ reject invalid File metadata ("../outside") (167.1681ms)
✔ reject invalid File metadata ("dir/../outside") (157.2181ms)
✔ reject invalid File metadata ("dir//file") (160.1426ms)
✔ reject invalid File metadata ("name\n::error::NON_CREDENTIAL_DIAGNOSTIC_TES) (167.8096ms)
✔ reject invalid File metadata ("\u001b[31mfile") (154.5578ms)
✔ reject invalid File metadata ("‮file") (171.3674ms)
✔ reject invalid File metadata ("xxxxxxxxxxxxxxxxxxxxxxxxxxxxxxxxxxxxxxxxxxxx) (188.9372ms)
✔ reject invalid RuleID metadata ("bad NON_CREDENTIAL_DIAGNOSTIC_TEST_CANARY") (164.9396ms)
✔ reject invalid RuleID metadata ("rrrrrrrrrrrrrrrrrrrrrrrrrrrrrrrrrrrrrrrrrrrr) (164.5758ms)
✔ reject invalid StartLine metadata (0) (164.9853ms)
✔ reject invalid StartLine metadata ("1") (153.6796ms)
✔ reject invalid StartLine metadata (9007199254740992) (167.6622ms)
✔ reject invalid EndLine metadata (2) (196.5529ms)
✔ all findings are validated before bounded display (418.8635ms)
✔ invalid scanner status is rejected (-1) (294.6643ms)
✔ invalid scanner status is rejected (256) (186.2662ms)
✔ invalid scanner status is rejected (1.5) (157.805ms)
✔ invalid scanner status is rejected () (145.7686ms)
✔ invalid scanner status is rejected (01) (169.0633ms)
✔ invalid scanner status is rejected (NON_CREDENTIAL_DIAGNOSTIC_TEST_CANARY) (175.7156ms)
✔ unexpected arguments are not echoed (154.0975ms)
✔ workflow retains scan scope, redaction, pinning, failure propagation and ephemeral reports (0.3843ms)
✔ selected metadata never publishes a canary in a path or rule identifier (163.0926ms)
✔ completed finding and partial scan results retain distinct native outcomes (328.6381ms)
✔ production scan is independent of selected-head fixture code and fixture job tests its workflow revision (0.4311ms)
✔ native scanner clean history yields a clean bounded report (2996.3042ms)
ℹ Native Gitleaks 8.30.1, disposable Git history, actual inline workflow reporter
✔ native default pkcs12-file rule preserves path-only attribution without inventing lines (3956.6442ms)
ℹ Native Gitleaks 8.30.1, disposable Git history, actual inline workflow reporter
✔ native scanner attributes a current finding and preserves failure (3748.0634ms)
ℹ Native Gitleaks 8.30.1, disposable Git history, actual inline workflow reporter
✔ native scanner attributes a historical finding and preserves failure (3612.7372ms)
ℹ Native Gitleaks 8.30.1, disposable Git history, actual inline workflow reporter
✔ native scanner configuration failure cannot become a clean result (2422.639ms)
ℹ Native Gitleaks 8.30.1, disposable Git history, actual inline workflow reporter
✔ native scanner redaction does not permit a sensitive filename in diagnostics (3230.3462ms)
ℹ Native Gitleaks 8.30.1, disposable Git history, actual inline workflow reporter
✔ native scan works on an older selected head without workflow support files (3261.7489ms)
ℹ Native Gitleaks 8.30.1, disposable Git history, actual inline workflow reporter
✔ selected-head executable fixtures cannot run in the production scan path (3241.2226ms)
ℹ Native Gitleaks 8.30.1, disposable Git history, actual inline workflow reporter
✔ native Git completeness check rejects unavailable historical objects before scanning (3275.8875ms)
ℹ Native Gitleaks 8.30.1, disposable Git history, actual inline workflow reporter
✔ native partial timeout keeps collected findings explicitly incomplete (5456.1343ms)
ℹ Native Gitleaks 8.30.1, disposable Git history, actual inline workflow reporter
ℹ tests 76
ℹ suites 0
ℹ pass 76
ℹ fail 0
ℹ cancelled 0
ℹ skipped 0
ℹ todo 0
ℹ duration_ms 35397.7978
