$ node --test --test-concurrency=2 --test-timeout=180000 scenarios/repo-steward/steward.test.mjs scenarios/repo-steward/actions.test.mjs scenarios/repo-steward/recurring-audit.test.mjs scenarios/repo-steward/feedback.test.mjs scenarios/repo-steward/maintenance.test.mjs scenarios/repo-steward/feedback-cli.test.mjs
✔ Actions preview performs no live reads or summary publication (2.2345ms)
✔ Actions fixture uses the real auditor without GitHub access (29.2669ms)
✔ invalid workflow input is rejected during preview without data access (1.2603ms)
✔ hosted live mode rejects non-Actions host before reading data (0.3719ms)
✔ hosted live mode rejects PR event before reading data (1.1883ms)
✔ hosted live mode rejects another repository before reading data (0.3146ms)
✔ hosted live mode rejects feature branch before reading data (0.3606ms)
✔ hosted live mode rejects another actor before reading data (0.2711ms)
✔ hosted live mode rejects another rerun operator before reading data (0.4103ms)
✔ hosted live mode rejects missing triggering actor before reading data (0.5776ms)
✔ hosted live mode rejects missing source commit before reading data (0.2273ms)
✔ hosted live mode rejects disabled pilot before reading data (0.3099ms)
✔ hosted live mode rejects unapproved public summary before reading data (0.2027ms)
✔ hosted live mode rejects missing credential before reading data (0.2149ms)
✔ hosted live mode rejects blank credential before reading data (0.2015ms)
✔ hosted live mode rejects write-enabled configuration before reading data (0.2397ms)
✔ GITHUB_TOKEN does not substitute for Project-readable credentials (0.2503ms)
✔ an admitted live path collects once and retains zero mutations (7.3443ms)
✔ collector failure does not produce a successful report (0.5039ms)
✔ stale hosted snapshots fail instead of publishing old findings (5.6351ms)
✔ public summaries never include free-form source or evidence text (5.0647ms)
✔ summary rejects unknown rule (3.7648ms)
✔ summary rejects bad finding id (4.1502ms)
✔ summary rejects foreign reference (4.0386ms)
✔ summary rejects mutation claim (4.2034ms)
✔ summary rejects wrong scope (4.0475ms)
✔ summary rejects invalid timestamp (4.5585ms)
✔ summary rejects bad totals (7.549ms)
✔ public finding index is bounded without copying omitted details (4.7615ms)
✔ every configured fixture rule has an explicit publication review (5.7063ms)
✔ summary file writes remain inside a supplied native temporary directory (19.1301ms)
✔ Actions CLI rejects unsupported arguments --apply (0.2541ms)
✔ Actions CLI rejects unsupported arguments --live (0.0954ms)
✔ Actions CLI rejects unsupported arguments --live (0.0859ms)
✔ actual fixture CLI needs no hosted secrets or Teams SDK (174.0395ms)
✔ manual workflow keeps first-party actions pinned and live credentials isolated (10.5355ms)
✔ feedback CLI rejects unsupported, missing and duplicate transition arguments (2.464ms)
✔ new-file corpus output preserves the previous version and refuses overwrite (25.7099ms)
✔ initializing a corpus binds the validated input scope without changing its snapshot (43.2177ms)
✔ partial snapshot cannot create a corpus file (26.6846ms)
✔ redirected output parent is refused without writing through it (7.5041ms)
✔ review evidence must be a file and cannot use a directory as a digest source (44.7038ms)
✔ review CLI records the exact binary digest and closes its descriptor (85.5588ms)
✔ same-size review replacement between metadata check and open cannot update a corpus (35.6449ms)
✔ review parent swapped for a symlink or junction before open is rejected (35.7529ms)
✔ same-size pathname replacement after descriptor read is rejected (33.751ms)
✔ same-size in-place review rewrite cannot hide behind a restored modification time (26.4671ms)
✔ review growth after open stays within its original byte bound and is rejected (27.9324ms)
✔ bounded review reads handle partial reads and reject empty or oversized files (16.8737ms)
✔ native behavioral evidence remains candidate with original local source and no finding impersonation (63.8346ms)
✔ native behavioral activation is denied for mixed support and forged active or retired history (40.4256ms)
✔ native behavioral candidates can be rejected without widening legacy review authority (47.2478ms)
✔ native behavioral bytes, identity claims, source and repeated runs remain validated (112.109ms)
✔ evidence binds actual audit finding and supplied snapshot without certifying collection or identity (10.6918ms)
✔ accepted missing Project status binds the native serialized report and finding in evidence and observations (41.6615ms)
✔ auditor optional-field normalization retains strict data-only feedback and report validation (60.7822ms)
✔ timestamp-only or unrelated snapshot changes do not manufacture repeated supporting evidence (28.4877ms)
✔ partial, cross-scope, stale or missing findings cannot become feedback evidence (19.6244ms)
✔ feedback source pins accept exactly 40 or 64 hexadecimal characters, including supplied evidence (74.3512ms)
✔ candidate, active and retired versions preserve their inputs and have exact transition digests (17.6086ms)
✔ one observation, fabricated evidence bytes and replayed reviews cannot activate a rule (76.8238ms)
✔ reviewer labels and claimed approval booleans do not supply verified review authority (25.2765ms)
✔ explicit rejection remains terminal and contributes no advice (38.1021ms)
✔ prospective expiry is mandatory, bounded, and effective at the exact boundary (122.0909ms)
✔ active capacity cannot expand and supersession retires only the exact predecessor (62.2575ms)
✔ supersession rejects stale targets and cannot cross finding rules (48.1793ms)
✔ active guidance annotates only matching findings without hiding or changing original conclusions (23.7766ms)
✔ broad matching admits at most the finite annotation limit and never truncates an excessive report (334.8597ms)
✔ serialized output bytes are admitted before escaped guidance and evidence references fan out (60.9394ms)
✔ later audits honor activation and retirement while the original report stays identical (33.5825ms)
✔ unknown executable, suppression, assignment and permission options are rejected (138.5512ms)
✔ stale reports, foreign scope and altered evidence fail closed (29.7754ms)
✔ canonical digests ignore property insertion order but reject executable and non-finite data (0.5683ms)
✔ reusable corpus validation preserves input and rejects authority claims or altered guidance (18.2055ms)
✔ explicit collector profile requires a hash and cannot relabel a supplied snapshot (3.1477ms)
✔ recurrence requires finite explicit bounds before reading any input (0.7704ms)
✔ finite recurrence reloads snapshot and feedback on every cycle (2.5369ms)
✔ paused and stopped records prevent collection and input reads (4.0012ms)
✔ exhausted persisted attempts reject before snapshot, feedback or live collection (2.3217ms)
✔ watch admits the final allowed attempt and then stops before collecting another snapshot (1.3936ms)
✔ source mismatch refuses before reading snapshot or feedback (1.1049ms)
✔ a failed cycle stops recurrence without retrying or losing the failure (1.2562ms)
✔ first snapshot acquisition failure retains one sanitized failed attempt (342.1342ms)
✔ later corpus acquisition failure preserves earlier accepted evidence and consumes one attempt (823.985ms)
✔ live acquisition failure is retained once without raw error text or a retry (296.3915ms)
✔ pause and stop during failed acquisition remain effective without a new admitted attempt (2123.2784ms)
✔ deadline crossing during failed acquisition prevents late attempt admission (1.4067ms)
✔ interruption during failed acquisition prevents a new admitted attempt (1.1804ms)
✔ duration bounds stop admission after collection without writing a late result (1.0686ms)
✔ interruption during an interval exits without another audit (1.2449ms)
✔ control commands delegate exact action, source and reason without collecting (4.6301ms)
✔ status exposes bounded metadata and no retained finding text (1.164ms)
✔ one audit writes source-bound immutable private reports and an advisory handoff (495.1104ms)
✔ fresh capture timestamps and transport metrics alone produce no new report or proposal across restart (724.7193ms)
✔ live state binds the exact selected principal and profile through restart and controls (2644.218ms)
✔ profile metadata cannot convert supplied evidence or a different live principal into accepted observations (314.0322ms)
✔ changed scoped content produces a new receipt while retaining stable finding dedupe (645.9999ms)
✔ resolved findings are recorded without claiming a remote correction (602.5772ms)
✔ stale input fails and preserves a failed attempt, never reusing previous success (642.8922ms)
✔ future input fails and preserves a failed attempt, never reusing previous success (677.8417ms)
✔ incomplete input fails and preserves a failed attempt, never reusing previous success (660.6016ms)
✔ source drift fails and preserves a failed attempt, never reusing previous success (714.8085ms)
✔ changing the caller source pin cannot migrate an existing directory (484.827ms)
✔ pause prevents input use, resume retains dedupe, and stop cannot resume (2480.935ms)
✔ concurrent cycles have one winner and never create duplicate accepted receipts (379.7488ms)
✔ retained locks fail closed without PID reuse or timeout-based recovery (18.3833ms)
✔ incomplete intent and rollback to an older checkpoint refuse replay (642.449ms)
✔ tampered referenced artifacts are rejected and preserved (352.6954ms)
✔ output-directory redirection refuses writes through a symlink or junction (11.4828ms)
✔ an unexpected output file is retained, not overwritten or removed (19.8624ms)
✔ status rejects unexpected files in initialized state before accepting its control projection (278.7198ms)
✔ missing, traversal-style and incomplete control requests do not create authority (4.7543ms)
✔ live source claims retain the existing collector identity and zero-write metadata (282.4064ms)
✔ finite convenience API has explicit bounds and performs no scheduling (967.8498ms)
✔ state and artifact redirection are not followed on read (274.3595ms)
✔ alter of earlier history is detected after a newer successful cycle (704.075ms)
✔ delete of earlier history is detected after a newer successful cycle (700.3042ms)
✔ changed implementation pins fail before a new intent is written (433.265ms)
✔ a directory replaced while a caller holds its lock cannot redirect any artifact write (378.2599ms)
✔ actual corpus activation and retirement change only separately bound advisory output (1432.5303ms)
✔ expiry invalidates cached advisory annotations even without corpus byte changes (629.9873ms)
✔ mixed retained controls and new cycles enforce one transition bound with a reserved terminal stop (75311.9627ms)
✔ accepted snapshots with omitted optional metadata produce parseable JSON artifacts and replay (586.6744ms)
✔ optional auditor metadata works through the real feedback evidence and recurring consumer bridge (718.6883ms)
✔ policy has the ten requested workstreams and never assigns people (3.1787ms)
✔ classification supports Multiplayer (6.3869ms)
✔ classification supports UX/UI (1.803ms)
✔ classification supports Multi-system execution (1.1415ms)
✔ classification supports Janitor (1.2965ms)
✔ classification supports Dynamic agent teams (1.2397ms)
✔ classification supports DevOps/PR review/branch protection (1.883ms)
✔ classification supports Security (3.3216ms)
✔ classification supports Agent communication layer (2.0568ms)
✔ classification supports Dark factory automation (1.3739ms)
✔ classification supports Backend scalability / pub-sub (1.1965ms)
✔ classification preserves labels and assignees (12.8004ms)
✔ UX alias means UX/UI (15.7104ms)
✔ an unassigned issue is not a violation (5.6755ms)
✔ full fixture audit has zero mutations and catches closing-link conflict (7.4537ms)
✔ non-closing prose overrides no native link, not unrelated partial references (4.7464ms)
✔ explicit do-not-close linked issue is flagged (4.126ms)
✔ closed unmerged PR does not close an open issue (4.6389ms)
✔ reopened issue remains open after a historical merged PR (7.2175ms)
✔ no automatic close for several partial PRs (4.6999ms)
✔ only explicit dependency section is interpreted (0.1827ms)
✔ code fences and quoted references are not dependency authority (0.2241ms)
✔ native/text dependency disagreement is flagged (5.1163ms)
✔ matching dependencies do not produce a mismatch (4.6271ms)
✔ dependency cycles are bounded and reported once (4.4184ms)
✔ parent hierarchy mismatch and cycle are detected (4.4324ms)
✔ outside-scope dependency is not fetched or treated as complete (5.0714ms)
✔ missing local dependency is unverified, not closed (4.3465ms)
✔ open issue marked Done is flagged without changing the board (4.307ms)
✔ unknown workstream is a review hint, not a rename (3.5053ms)
✔ locked default branch is flagged, without bypass (6.0829ms)
✔ stale PR source head is reported (3.7453ms)
✔ current independent review is accepted as evidence (4.4329ms)
✔ author approval is not current independent human approval (4.4934ms)
✔ bot approval is not current independent human approval (3.8061ms)
✔ old-head approval is not current independent human approval (3.5362ms)
✔ later comment does not erase a valid prior approval (4.1868ms)
✔ failed checks and requested changes are surfaced (5.1705ms)
✔ missing checks are not a success (3.5509ms)
✔ stale snapshots are labeled (3.4966ms)
✔ future snapshots fail closed (2.4204ms)
✔ finding IDs are stable across repeated reads (9.4001ms)
✔ reported secrets are redacted and Markdown is escaped (16.5988ms)
✔ refuses: assign #50 to example-user (6.4513ms)
✔ refuses: label #50 multiplayer (4.7379ms)
✔ refuses: close #50 (4.2383ms)
✔ refuses: merge PR #237 (4.4305ms)
✔ refuses: enable auto-merge (5.1933ms)
✔ refuses: delete a branch (6.629ms)
✔ refuses: approve PR #237 (6.483ms)
✔ refuses: can you change the rules (4.8535ms)
✔ question answers use recorded evidence and canonical references (4.8974ms)
✔ reverse dependency questions list dependents (5.0154ms)
✔ unknown questions ask for clarification (5.1764ms)
✔ untrusted instruction text grants no tools (4.9677ms)
✔ snapshot rejects wrong repo (1.1216ms)
✔ snapshot rejects wrong project (0.9019ms)
✔ snapshot rejects partial coverage (0.9868ms)
✔ snapshot rejects wrong count (0.889ms)
✔ snapshot rejects duplicate issue (1.2984ms)
✔ snapshot rejects hostile URL (1.0914ms)
✔ snapshot rejects hidden project item (1.0706ms)
✔ snapshot rejects cross-repo item (1.06ms)
✔ snapshot rejects duplicate project item (1.1358ms)
✔ snapshot rejects oversized body (1.188ms)
✔ collector completes two matching passes with no writes (4.3362ms)
✔ collector rejects issue drift between passes (2.4679ms)
✔ collector rejects incomplete nested dependencies (1.2736ms)
✔ collector rejects a changed PR head/check binding (1.1485ms)
✔ collector rejects repeated pagination cursors (1.5099ms)
✔ collector rejects inaccessible connection entries (0.2286ms)
✔ read client verifies Bakar404 and never switches accounts (1.3591ms)
✔ explicit hash-pinned read principal does not change the pilot or read allowlist (16.3355ms)
✔ collector profile rejects changed scope or unsupported fields: repository (9.1031ms)
✔ collector profile rejects changed scope or unsupported fields: project_id (17.433ms)
✔ collector profile rejects changed scope or unsupported fields: project_number (8.8925ms)
✔ collector profile rejects changed scope or unsupported fields: token (21.2214ms)
✔ collector profile rejects changed scope or unsupported fields: url (24.346ms)
✔ collector profile rejects changed scope or unsupported fields: collector_login (19.2485ms)
✔ collector profile rejects wrong hashes, changed bytes and duplicate keys (37.2402ms)
✔ profiled collection records the actual principal and rejects identity or profile drift (37.8899ms)
✔ read client exposes no arbitrary query or write operation (1.3448ms)
✔ GraphQL cursor remains data, not executable query text (1.1474ms)
✔ GraphQL errors do not become accepted partial data (1.129ms)
✔ GraphQL reserve prevents further reads (1.1008ms)
✔ collection has an elapsed-time bound (0.9781ms)
✔ dry run uses neither network nor output files (1.3162ms)
✔ CLI rejects apply (0.1384ms)
✔ CLI rejects audit --fixture --live (0.0998ms)
✔ CLI rejects audit --fixture --out ../escape.json (0.1389ms)
✔ CLI rejects audit --dry-run --out file.json (0.0899ms)
✔ CLI rejects audit --fixture --assign example-user (0.0781ms)
✔ CLI rejects ask --fixture (0.1022ms)
✔ actual CLI dry run works from another directory and has no network intent (156.3181ms)
✔ test chat prepares an evidence-based reply without sending it (5.9627ms)
✔ test chat rejects wrong tenant (0.308ms)
✔ test chat rejects wrong group (0.1475ms)
✔ test chat rejects personal chat (0.1349ms)
✔ test chat rejects other channel (0.1284ms)
✔ test chat ignores messages without a mention (0.1345ms)
✔ test chat ignores its own messages (0.123ms)
✔ test chat refuses mutation requests (4.6458ms)
✔ no production mode or implicit binding (0.3833ms)
ℹ tests 227
ℹ suites 0
ℹ pass 227
ℹ fail 0
ℹ cancelled 0
ℹ skipped 0
ℹ todo 0
ℹ duration_ms 97644.754
