QA factory dry-run passed; executing the approved synthetic issue.
{
  "status": "recovery_passed",
  "report": "<USERPROFILE>\\code\\q50-b8\\qa\\issue-50-factory-recovery\\attempts\\20260927220504894\\report.json",
  "resume": {
    "status": 200,
    "body": {
      "run_id": "17282481-a2aa-4834-bf28-d22f0af61d58",
      "runner_id": "runner-qa-issue50",
      "provider_session_id": "b3fa5b18-7fcb-4612-8ab4-7ef863124b08"
    },
    "payload": {
      "requested_by": "00000000-0000-4000-8000-000000000011",
      "prompt": "Continue the prior session in the same repository. Inspect the current state, complete any remaining mission work, and verify the result."
    }
  },
  "cleanup": [
    {
      "name": "runner-restarted",
      "status": "stopped_verified_qa_process",
      "pid": 34752
    },
    {
      "name": "server-restarted",
      "status": "stopped_verified_qa_process",
      "pid": 13404
    },
    {
      "name": "web",
      "status": "stopped_verified_qa_process",
      "pid": 16580
    },
    {
      "name": "runner",
      "status": "already_exited"
    },
    {
      "name": "server",
      "status": "already_exited"
    },
    {
      "name": "postgres",
      "status": "stopped_verified_qa_process",
      "pid": 28720
    }
  ],
  "retained_unchanged": null,
  "ports_after": []
}
