QA factory dry-run passed; executing the approved synthetic issue.
{
  "status": "fixture_error",
  "error": "Fault injection must reach checkpoint capture, not adapter runtime failure\n+ actual - expected\n\n+ 'failed'\n- 'cancelled'\n",
  "report": "<USERPROFILE>\\code\\q50-nm\\qa\\issue-50-factory-recovery\\attempts\\20260927221342271\\report.json",
  "cleanup": [
    {
      "name": "qa-read-lock",
      "status": "already_exited"
    },
    {
      "name": "runner",
      "status": "stopped_verified_qa_process",
      "pid": 28900
    },
    {
      "name": "server",
      "status": "stopped_verified_qa_process",
      "pid": 15792
    },
    {
      "name": "postgres",
      "status": "stopped_verified_qa_process",
      "pid": 12824
    }
  ],
  "retained_unchanged": null,
  "ports_after": []
}
