QA factory dry-run passed; executing the approved synthetic issue.
{
  "status": "fixture_error",
  "error": "Browser timeout: approved Factory resume control",
  "report": "<USERPROFILE>\\code\\q50-b7\\qa\\issue-50-factory-recovery\\attempts\\20260927203625135\\report.json",
  "cleanup": [
    {
      "name": "web",
      "status": "stopped_verified_qa_process",
      "pid": 28032
    },
    {
      "name": "runner",
      "status": "stopped_verified_qa_process",
      "pid": 33136
    },
    {
      "name": "server",
      "status": "stopped_verified_qa_process",
      "pid": 32780
    },
    {
      "name": "postgres",
      "status": "stopped_verified_qa_process",
      "pid": 22644
    }
  ],
  "retained_unchanged": null,
  "ports_after": []
}
