✔ issue50 exact ordinary budget suspension retains native provider resume beside optional checkpoint verification (2.6703ms)
✔ issue210 only the explicit server flag adds correction to a native checkpoint (0.4818ms)
✔ issue210 verifier availability is independent of correction and missing availability preserves legacy behavior (0.9344ms)
✔ issue210 revision source is the exact server-selected verifier, with no cross-item fallback (0.5252ms)
✔ only native proof plus its cancellation marker exposes source-only checkpoint verification (0.2573ms)
✔ a running checkpoint needs no cancellation repair, and ordinary verification failure stays compatible (0.1907ms)
✔ missing/tampered source, checkpoint, head, active recovery or terminal outcome offers no new recovery (0.3078ms)
✔ context requests are not recovery grants and never depend on inferred mission spend/status (0.2172ms)
✔ copied command binding retains the saved connection and never falls back on malformed metadata (0.3081ms)
✔ issue50 actual recovery scope invalidates old responses on budget proposals and decisions without a Factory version change (85.8849ms)
✔ issue50 actual App budget controls require a fresh approved context and explicitly POST the same suspended source (339.2076ms)
✔ actual presentation selects the endpoint source, not the newest visible run or mission cancellation (25.8425ms)
✔ issue210 presentation separates provider-free verification from a budgeted same-session fix (14.6403ms)
✔ issue210 source-only and unavailable checkpoint presentations never suggest generic recovery (22.1787ms)
✔ actual context loader is GET-only and admits the exact item/version/mission checkpoint (23.009ms)
✔ actual context loader rejects stale/cross-scope and malformed flags without snapshot fallback (110.4512ms)
✔ issue210 actual loader accepts boolean correction flags and defaults missing legacy authority closed (33.7609ms)
✔ issue210 exact loader retains true, false and missing checkpoint availability without granting another mode (31.6122ms)
✔ actual UI action copies only explicit checkpoint verification with the original scope/connection (118.3768ms)
✔ issue210 actual correction action retains the original CLI route, source and connection (227.4935ms)
✔ issue210 actual card drops correction authority immediately when item, version or actor changes (215.8426ms)
✔ issue210 actual contract submission uses the scoped verifier, not its provider ancestor (31.7256ms)
✔ issue210 editor loading, errors, stale context and denied correction cannot fall back or submit (190.9318ms)
✔ issue210 ordinary contract resume, redispatch and requester/role boundaries stay intact (57.5883ms)
✔ issue210 actual source-only context copies correction and revises the exact verifier; no-mode context does neither (130.2703ms)
✔ actual resume handler and rendered provider control respect native recovery blocking (5.6128ms)
✔ actual App Resume control survives an ineligible ordinary Factory recovery lookup and uses the native actor-bound POST (160.5251ms)
✔ issue221 explicit provider-correction permission permits null head without granting checkpoint or generic resume (0.9513ms)
✔ issue221 actual context reader retains null head/current provider proof and malformed heads remain non-actionable (243.4163ms)
✔ issue221 actual copy/revision actions use only source correction for the latest failed provider with null head (195.7309ms)
ℹ tests 30
ℹ suites 0
ℹ pass 30
ℹ fail 0
ℹ cancelled 0
ℹ skipped 0
ℹ todo 0
ℹ duration_ms 2907.7288
