QA factory dry-run passed; executing the approved synthetic issue.
{
  "status": "recovery_passed",
  "report": "<USERPROFILE>\\code\\q50-nm4\\qa\\issue-50-factory-recovery\\attempts\\20260927222233129\\report.json",
  "resume": {
    "status": 200,
    "body": {
      "run_id": "b3e33763-b68f-41a9-a7e3-0e9bb6192a73",
      "runner_id": "runner-qa-issue50",
      "provider_session_id": "7b16643d-c716-4a26-a0a5-494ab2e6726a"
    }
  },
  "cleanup": [
    {
      "name": "qa-read-lock",
      "status": "already_exited"
    },
    {
      "name": "runner",
      "status": "stopped_verified_qa_process",
      "pid": 17756
    },
    {
      "name": "server",
      "status": "stopped_verified_qa_process",
      "pid": 32080
    },
    {
      "name": "postgres",
      "status": "stopped_verified_qa_process",
      "pid": 33980
    }
  ],
  "retained_unchanged": null,
  "ports_after": []
}
