QA factory dry-run passed; executing the approved synthetic issue.
{
  "status": "recovery_passed",
  "report": "<USERPROFILE>\\code\\q50-nb\\qa\\issue-50-factory-recovery\\attempts\\20260927220906591\\report.json",
  "resume": {
    "status": 200,
    "body": {
      "run_id": "1bc6fb9e-1657-43c7-979e-a2900dcf3fe1",
      "runner_id": "runner-qa-issue50",
      "provider_session_id": "a5f90304-baa1-414f-a2f2-6dd7bc10eb38"
    }
  },
  "cleanup": [
    {
      "name": "runner",
      "status": "stopped_verified_qa_process",
      "pid": 25748
    },
    {
      "name": "server",
      "status": "stopped_verified_qa_process",
      "pid": 19620
    },
    {
      "name": "postgres",
      "status": "stopped_verified_qa_process",
      "pid": 11836
    }
  ],
  "retained_unchanged": null,
  "ports_after": []
}
