QA factory dry-run passed; executing the approved synthetic issue.
{
  "status": "hard_stop_protected",
  "report": "<USERPROFILE>\\code\\q50-no\\qa\\issue-50-factory-recovery\\attempts\\20260927221128064\\report.json",
  "resume": {
    "status": 200,
    "body": {
      "run_id": "9bbb9939-8e3a-40be-882b-327ebeadbe44",
      "runner_id": "runner-qa-issue50",
      "provider_session_id": "d439d3a6-a535-4a00-8287-9daa24159727"
    }
  },
  "cleanup": [
    {
      "name": "runner",
      "status": "stopped_verified_qa_process",
      "pid": 21228
    },
    {
      "name": "server",
      "status": "stopped_verified_qa_process",
      "pid": 32424
    },
    {
      "name": "postgres",
      "status": "stopped_verified_qa_process",
      "pid": 35820
    }
  ],
  "retained_unchanged": null,
  "ports_after": []
}
