$ node --test --test-concurrency=2 --test-timeout=180000 scenarios/repo-steward/steward.test.mjs scenarios/repo-steward/actions.test.mjs scenarios/repo-steward/recurring-audit.test.mjs scenarios/repo-steward/feedback.test.mjs scenarios/repo-steward/maintenance.test.mjs scenarios/repo-steward/feedback-cli.test.mjs
✔ Actions preview performs no live reads or summary publication (1.9079ms)
✔ Actions fixture uses the real auditor without GitHub access (25.9343ms)
✔ invalid workflow input is rejected during preview without data access (0.9641ms)
✔ hosted live mode rejects non-Actions host before reading data (0.4133ms)
✔ hosted live mode rejects PR event before reading data (1.2276ms)
✔ hosted live mode rejects another repository before reading data (0.2479ms)
✔ hosted live mode rejects feature branch before reading data (0.3691ms)
✔ hosted live mode rejects another actor before reading data (0.5247ms)
✔ hosted live mode rejects another rerun operator before reading data (0.6013ms)
✔ hosted live mode rejects missing triggering actor before reading data (0.5763ms)
✔ hosted live mode rejects missing source commit before reading data (0.4323ms)
✔ hosted live mode rejects disabled pilot before reading data (0.2817ms)
✔ hosted live mode rejects unapproved public summary before reading data (0.2293ms)
✔ hosted live mode rejects missing credential before reading data (0.1435ms)
✔ hosted live mode rejects blank credential before reading data (0.16ms)
✔ hosted live mode rejects write-enabled configuration before reading data (0.1417ms)
✔ GITHUB_TOKEN does not substitute for Project-readable credentials (0.2801ms)
✔ an admitted live path collects once and retains zero mutations (5.5892ms)
✔ collector failure does not produce a successful report (0.3002ms)
✔ stale hosted snapshots fail instead of publishing old findings (5.4275ms)
✔ public summaries never include free-form source or evidence text (5.7873ms)
✔ summary rejects unknown rule (4.6184ms)
✔ summary rejects bad finding id (4.5038ms)
✔ summary rejects foreign reference (3.9303ms)
✔ summary rejects mutation claim (4.1569ms)
✔ summary rejects wrong scope (3.9859ms)
✔ summary rejects invalid timestamp (6.4614ms)
✔ summary rejects bad totals (4.6196ms)
✔ public finding index is bounded without copying omitted details (4.6228ms)
✔ every configured fixture rule has an explicit publication review (4.1785ms)
✔ summary file writes remain inside a supplied native temporary directory (17.6253ms)
✔ Actions CLI rejects unsupported arguments --apply (0.2263ms)
✔ Actions CLI rejects unsupported arguments --live (0.0939ms)
✔ Actions CLI rejects unsupported arguments --live (0.0854ms)
✔ actual fixture CLI needs no hosted secrets or Teams SDK (208.8755ms)
✔ manual workflow keeps first-party actions pinned and live credentials isolated (2.736ms)
✔ feedback CLI rejects unsupported, missing and duplicate transition arguments (2.5275ms)
✔ new-file corpus output preserves the previous version and refuses overwrite (25.61ms)
✔ initializing a corpus binds the validated input scope without changing its snapshot (44.8202ms)
✔ partial snapshot cannot create a corpus file (23.7742ms)
✔ redirected output parent is refused without writing through it (5.7069ms)
✔ review evidence must be a file and cannot use a directory as a digest source (45.8335ms)
✔ review CLI records the exact binary digest and closes its descriptor (89.933ms)
✔ same-size review replacement between metadata check and open cannot update a corpus (33.8917ms)
✔ review parent swapped for a symlink or junction before open is rejected (36.2639ms)
✔ same-size pathname replacement after descriptor read is rejected (34.8948ms)
✔ same-size in-place review rewrite cannot hide behind a restored modification time (30.8121ms)
✔ review growth after open stays within its original byte bound and is rejected (28.6044ms)
✔ bounded review reads handle partial reads and reject empty or oversized files (20.6044ms)
✔ native behavioral evidence remains candidate with original local source and no finding impersonation (62.0881ms)
✔ native behavioral activation is denied for mixed support and forged active or retired history (43.6432ms)
✔ native behavioral candidates can be rejected without widening legacy review authority (44.6771ms)
✔ native behavioral bytes, identity claims, source and repeated runs remain validated (114.5259ms)
✔ evidence binds actual audit finding and supplied snapshot without certifying collection or identity (12.1218ms)
✔ accepted missing Project status binds the native serialized report and finding in evidence and observations (54.3407ms)
✔ auditor optional-field normalization retains strict data-only feedback and report validation (59.466ms)
✔ timestamp-only or unrelated snapshot changes do not manufacture repeated supporting evidence (30.0916ms)
✔ partial, cross-scope, stale or missing findings cannot become feedback evidence (13.3343ms)
✔ feedback source pins accept exactly 40 or 64 hexadecimal characters, including supplied evidence (69.2977ms)
✔ candidate, active and retired versions preserve their inputs and have exact transition digests (19.1125ms)
✔ one observation, fabricated evidence bytes and replayed reviews cannot activate a rule (79.8709ms)
✔ reviewer labels and claimed approval booleans do not supply verified review authority (25.4214ms)
✔ explicit rejection remains terminal and contributes no advice (40.8439ms)
✔ prospective expiry is mandatory, bounded, and effective at the exact boundary (97.2589ms)
✔ active capacity cannot expand and supersession retires only the exact predecessor (56.7958ms)
✔ supersession rejects stale targets and cannot cross finding rules (44.246ms)
✔ active guidance annotates only matching findings without hiding or changing original conclusions (21.7823ms)
✔ broad matching admits at most the finite annotation limit and never truncates an excessive report (336.3726ms)
✔ serialized output bytes are admitted before escaped guidance and evidence references fan out (59.7923ms)
✔ later audits honor activation and retirement while the original report stays identical (36.4537ms)
✔ unknown executable, suppression, assignment and permission options are rejected (148.6267ms)
✔ stale reports, foreign scope and altered evidence fail closed (25.6434ms)
✔ canonical digests ignore property insertion order but reject executable and non-finite data (0.4663ms)
✔ reusable corpus validation preserves input and rejects authority claims or altered guidance (16.9352ms)
✔ explicit collector profile requires a hash and cannot relabel a supplied snapshot (2.904ms)
✔ recurrence requires finite explicit bounds before reading any input (0.87ms)
✔ finite recurrence reloads snapshot and feedback on every cycle (2.8008ms)
✔ paused and stopped records prevent collection and input reads (2.3753ms)
✔ exhausted persisted attempts reject before snapshot, feedback or live collection (2.4132ms)
✔ watch admits the final allowed attempt and then stops before collecting another snapshot (1.3295ms)
✔ source mismatch refuses before reading snapshot or feedback (1.4405ms)
✔ a failed cycle stops recurrence without retrying or losing the failure (1.966ms)
✔ first snapshot acquisition failure retains one sanitized failed attempt (331.4655ms)
✔ later corpus acquisition failure preserves earlier accepted evidence and consumes one attempt (777.4742ms)
✔ live acquisition failure is retained once without raw error text or a retry (309.3525ms)
✔ pause and stop during failed acquisition remain effective without a new admitted attempt (2087.7938ms)
✔ deadline crossing during failed acquisition prevents late attempt admission (1.5326ms)
✔ interruption during failed acquisition prevents a new admitted attempt (1.2671ms)
✔ duration bounds stop admission after collection without writing a late result (1.1261ms)
✔ interruption during an interval exits without another audit (1.172ms)
✔ control commands delegate exact action, source and reason without collecting (2.6987ms)
✔ status exposes bounded metadata and no retained finding text (1.1168ms)
✔ one audit writes source-bound immutable private reports and an advisory handoff (449.0774ms)
✔ fresh capture timestamps and transport metrics alone produce no new report or proposal across restart (760.6244ms)
✔ live state binds the exact selected principal and profile through restart and controls (2662.813ms)
✔ profile metadata cannot convert supplied evidence or a different live principal into accepted observations (362.7964ms)
✔ changed scoped content produces a new receipt while retaining stable finding dedupe (664.4117ms)
✔ resolved findings are recorded without claiming a remote correction (557.9445ms)
✔ stale input fails and preserves a failed attempt, never reusing previous success (617.3862ms)
✔ future input fails and preserves a failed attempt, never reusing previous success (637.3084ms)
✔ incomplete input fails and preserves a failed attempt, never reusing previous success (608.2291ms)
✔ source drift fails and preserves a failed attempt, never reusing previous success (621.548ms)
✔ changing the caller source pin cannot migrate an existing directory (453.1475ms)
✔ pause prevents input use, resume retains dedupe, and stop cannot resume (2362.0728ms)
✔ concurrent cycles have one winner and never create duplicate accepted receipts (346.9258ms)
✔ retained locks fail closed without PID reuse or timeout-based recovery (17.9742ms)
✔ incomplete intent and rollback to an older checkpoint refuse replay (597.8907ms)
✔ tampered referenced artifacts are rejected and preserved (315.6344ms)
✔ output-directory redirection refuses writes through a symlink or junction (10.3481ms)
✔ an unexpected output file is retained, not overwritten or removed (17.2022ms)
✔ status rejects unexpected files in initialized state before accepting its control projection (242.2177ms)
✔ missing, traversal-style and incomplete control requests do not create authority (4.3455ms)
✔ live source claims retain the existing collector identity and zero-write metadata (271.9559ms)
✔ finite convenience API has explicit bounds and performs no scheduling (887.4919ms)
✔ state and artifact redirection are not followed on read (264.1094ms)
✔ alter of earlier history is detected after a newer successful cycle (681.1366ms)
✔ delete of earlier history is detected after a newer successful cycle (659.4459ms)
✔ changed implementation pins fail before a new intent is written (411.2243ms)
✔ a directory replaced while a caller holds its lock cannot redirect any artifact write (332.8271ms)
✔ actual corpus activation and retirement change only separately bound advisory output (1345.5057ms)
✔ expiry invalidates cached advisory annotations even without corpus byte changes (593.9766ms)
✔ mixed retained controls and new cycles enforce one transition bound with a reserved terminal stop (61608.8601ms)
✔ accepted snapshots with omitted optional metadata produce parseable JSON artifacts and replay (567.2701ms)
✔ optional auditor metadata works through the real feedback evidence and recurring consumer bridge (540.8984ms)
✔ policy has the ten requested workstreams and never assigns people (3.3457ms)
✔ classification supports Multiplayer (6.0584ms)
✔ classification supports UX/UI (2.1594ms)
✔ classification supports Multi-system execution (1.346ms)
✔ classification supports Janitor (1.2884ms)
✔ classification supports Dynamic agent teams (1.1528ms)
✔ classification supports DevOps/PR review/branch protection (1.1873ms)
✔ classification supports Security (1.1239ms)
✔ classification supports Agent communication layer (1.1655ms)
✔ classification supports Dark factory automation (1.2277ms)
✔ classification supports Backend scalability / pub-sub (1.0728ms)
✔ classification preserves labels and assignees (12.4243ms)
✔ UX alias means UX/UI (14.3615ms)
✔ an unassigned issue is not a violation (6.0962ms)
✔ full fixture audit has zero mutations and catches closing-link conflict (8.6161ms)
✔ non-closing prose overrides no native link, not unrelated partial references (4.5317ms)
✔ explicit do-not-close linked issue is flagged (4.5875ms)
✔ closed unmerged PR does not close an open issue (4.7076ms)
✔ reopened issue remains open after a historical merged PR (3.6133ms)
✔ no automatic close for several partial PRs (4.5455ms)
✔ only explicit dependency section is interpreted (0.201ms)
✔ code fences and quoted references are not dependency authority (0.2138ms)
✔ native/text dependency disagreement is flagged (4.313ms)
✔ matching dependencies do not produce a mismatch (4.388ms)
✔ dependency cycles are bounded and reported once (4.3579ms)
✔ parent hierarchy mismatch and cycle are detected (4.3236ms)
✔ outside-scope dependency is not fetched or treated as complete (4.2325ms)
✔ missing local dependency is unverified, not closed (3.7358ms)
✔ open issue marked Done is flagged without changing the board (4.4973ms)
✔ unknown workstream is a review hint, not a rename (3.6033ms)
✔ locked default branch is flagged, without bypass (3.686ms)
✔ stale PR source head is reported (4.0044ms)
✔ current independent review is accepted as evidence (4.1043ms)
✔ author approval is not current independent human approval (4.0424ms)
✔ bot approval is not current independent human approval (3.8077ms)
✔ old-head approval is not current independent human approval (4.3713ms)
✔ later comment does not erase a valid prior approval (4.0331ms)
✔ failed checks and requested changes are surfaced (3.9372ms)
✔ missing checks are not a success (4.2468ms)
✔ stale snapshots are labeled (3.9855ms)
✔ future snapshots fail closed (1.9236ms)
✔ finding IDs are stable across repeated reads (9.5821ms)
✔ reported secrets are redacted and Markdown is escaped (12.0715ms)
✔ refuses: assign #50 to example-user (4.7996ms)
✔ refuses: label #50 multiplayer (5.4853ms)
✔ refuses: close #50 (5.8195ms)
✔ refuses: merge PR #237 (4.6762ms)
✔ refuses: enable auto-merge (6.2296ms)
✔ refuses: delete a branch (5.9729ms)
✔ refuses: approve PR #237 (4.5424ms)
✔ refuses: can you change the rules (4.8453ms)
✔ question answers use recorded evidence and canonical references (5.5656ms)
✔ reverse dependency questions list dependents (5.8047ms)
✔ unknown questions ask for clarification (8.2432ms)
✔ untrusted instruction text grants no tools (5.2806ms)
✔ snapshot rejects wrong repo (1.2653ms)
✔ snapshot rejects wrong project (1.3323ms)
✔ snapshot rejects partial coverage (1.244ms)
✔ snapshot rejects wrong count (1.3099ms)
✔ snapshot rejects duplicate issue (1.5372ms)
✔ snapshot rejects hostile URL (1.1122ms)
✔ snapshot rejects hidden project item (1.1885ms)
✔ snapshot rejects cross-repo item (1.2469ms)
✔ snapshot rejects duplicate project item (1.2106ms)
✔ snapshot rejects oversized body (1.179ms)
✔ collector completes two matching passes with no writes (4.8648ms)
✔ collector rejects issue drift between passes (6.1885ms)
✔ collector rejects incomplete nested dependencies (2.5661ms)
✔ collector rejects a changed PR head/check binding (1.7653ms)
✔ collector rejects repeated pagination cursors (3.038ms)
✔ collector rejects inaccessible connection entries (0.1763ms)
✔ read client verifies Bakar404 and never switches accounts (1.6674ms)
✔ explicit hash-pinned read principal does not change the pilot or read allowlist (21.7109ms)
✔ collector profile rejects changed scope or unsupported fields: repository (9.4925ms)
✔ collector profile rejects changed scope or unsupported fields: project_id (10.3535ms)
✔ collector profile rejects changed scope or unsupported fields: project_number (11.6299ms)
✔ collector profile rejects changed scope or unsupported fields: token (21.3301ms)
✔ collector profile rejects changed scope or unsupported fields: url (10.9473ms)
✔ collector profile rejects changed scope or unsupported fields: collector_login (10.219ms)
✔ collector profile rejects wrong hashes, changed bytes and duplicate keys (40.3554ms)
✔ profiled collection records the actual principal and rejects identity or profile drift (39.9925ms)
✔ read client exposes no arbitrary query or write operation (1.2435ms)
✔ GraphQL cursor remains data, not executable query text (1.6307ms)
✔ GraphQL errors do not become accepted partial data (1.4883ms)
✔ GraphQL reserve prevents further reads (1.279ms)
✔ collection has an elapsed-time bound (1.2944ms)
✔ dry run uses neither network nor output files (1.5575ms)
✔ CLI rejects apply (0.1842ms)
✔ CLI rejects audit --fixture --live (0.114ms)
✔ CLI rejects audit --fixture --out ../escape.json (0.1632ms)
✔ CLI rejects audit --dry-run --out file.json (0.1089ms)
✔ CLI rejects audit --fixture --assign example-user (0.0798ms)
✔ CLI rejects ask --fixture (0.0802ms)
✔ actual CLI dry run works from another directory and has no network intent (190.3532ms)
✔ test chat prepares an evidence-based reply without sending it (7.0944ms)
✔ test chat rejects wrong tenant (0.3399ms)
✔ test chat rejects wrong group (0.1461ms)
✔ test chat rejects personal chat (0.1318ms)
✔ test chat rejects other channel (0.1284ms)
✔ test chat ignores messages without a mention (0.1339ms)
✔ test chat ignores its own messages (0.1263ms)
✔ test chat refuses mutation requests (5.545ms)
✔ no production mode or implicit binding (0.343ms)
ℹ tests 227
ℹ suites 0
ℹ pass 227
ℹ fail 0
ℹ cancelled 0
ℹ skipped 0
ℹ todo 0
ℹ duration_ms 82926.3931
