TAP version 13
# Subtest: personal paths include drive-relative, prefixed, escaped and alternate separators
ok 1 - personal paths include drive-relative, prefixed, escaped and alternate separators
  ---
  duration_ms: 2.2975
  type: 'test'
  ...
# Subtest: normalized placeholders and ordinary prose remain valid
ok 2 - normalized placeholders and ordinary prose remain valid
  ---
  duration_ms: 0.3747
  type: 'test'
  ...
# Subtest: recursive packet scan and CLI reject a leak without printing its value
ok 3 - recursive packet scan and CLI reject a leak without printing its value
  ---
  duration_ms: 8542.0543
  type: 'test'
  ...
# Subtest: every retained PR226 packet including the latest correction is scanned
ok 4 - every retained PR226 packet including the latest correction is scanned
  ---
  duration_ms: 1845.8687
  type: 'test'
  ...
# Subtest: root and ancestor directory links cannot redirect an evidence scan
ok 5 - root and ancestor directory links cannot redirect an evidence scan
  ---
  duration_ms: 639.4536
  type: 'test'
  ...
# Subtest: nested and dangling directory links fail closed
ok 6 - nested and dangling directory links fail closed
  ---
  duration_ms: 417.6072
  type: 'test'
  ...
# Subtest: canonical containment rejects absolute cross-drive and UNC relative results
ok 7 - canonical containment rejects absolute cross-drive and UNC relative results
  ---
  duration_ms: 0.4685
  type: 'test'
  ...
# Subtest: actual Windows short alias succeeds while a linked ancestor still fails
ok 8 - actual Windows short alias succeeds while a linked ancestor still fails
  ---
  duration_ms: 849.6404
  type: 'test'
  ...
# Subtest: native scanner rejects oversize sparse evidence
ok 9 - native scanner rejects oversize sparse evidence
  ---
  duration_ms: 212.8362
  type: 'test'
  ...
# Subtest: empty evidence and a file at the byte limit are accepted
ok 10 - empty evidence and a file at the byte limit are accepted
  ---
  duration_ms: 684.2586
  type: 'test'
  ...
# Subtest: native scanner rejects hard-linked evidence and preserves the shared file
ok 11 - native scanner rejects hard-linked evidence and preserves the shared file
  ---
  duration_ms: 214.1963
  type: 'test'
  ...
1..11
# tests 11
# suites 0
# pass 11
# fail 0
# cancelled 0
# skipped 0
# todo 0
# duration_ms 13557.384
