$ node --test --test-concurrency=2 --test-timeout=180000 scenarios/repo-steward/steward.test.mjs scenarios/repo-steward/actions.test.mjs scenarios/repo-steward/recurring-audit.test.mjs scenarios/repo-steward/feedback.test.mjs scenarios/repo-steward/maintenance.test.mjs scenarios/repo-steward/feedback-cli.test.mjs
✔ Actions preview performs no live reads or summary publication (3.0361ms)
✔ Actions fixture uses the real auditor without GitHub access (43.7018ms)
✔ invalid workflow input is rejected during preview without data access (1.3047ms)
✔ hosted live mode rejects non-Actions host before reading data (0.4053ms)
✔ hosted live mode rejects PR event before reading data (1.1703ms)
✔ hosted live mode rejects another repository before reading data (0.353ms)
✔ hosted live mode rejects feature branch before reading data (0.5666ms)
✔ hosted live mode rejects another actor before reading data (0.2322ms)
✔ hosted live mode rejects another rerun operator before reading data (0.3294ms)
✔ hosted live mode rejects missing triggering actor before reading data (0.4984ms)
✔ hosted live mode rejects missing source commit before reading data (0.3418ms)
✔ hosted live mode rejects disabled pilot before reading data (0.2314ms)
✔ hosted live mode rejects unapproved public summary before reading data (0.185ms)
✔ hosted live mode rejects missing credential before reading data (0.1491ms)
✔ hosted live mode rejects blank credential before reading data (0.1761ms)
✔ hosted live mode rejects write-enabled configuration before reading data (0.1714ms)
✔ GITHUB_TOKEN does not substitute for Project-readable credentials (0.2887ms)
✔ an admitted live path collects once and retains zero mutations (9.0974ms)
✔ collector failure does not produce a successful report (0.3602ms)
✔ stale hosted snapshots fail instead of publishing old findings (7.6794ms)
✔ public summaries never include free-form source or evidence text (7.3829ms)
✔ summary rejects unknown rule (7.2184ms)
✔ summary rejects bad finding id (7.3102ms)
✔ summary rejects foreign reference (6.6535ms)
✔ summary rejects mutation claim (7.3545ms)
✔ summary rejects wrong scope (6.664ms)
✔ summary rejects invalid timestamp (7.0325ms)
✔ summary rejects bad totals (8.6993ms)
✔ public finding index is bounded without copying omitted details (8.4003ms)
✔ every configured fixture rule has an explicit publication review (6.9213ms)
✔ summary file writes remain inside a supplied native temporary directory (23.219ms)
✔ Actions CLI rejects unsupported arguments --apply (0.298ms)
✔ Actions CLI rejects unsupported arguments --live (0.1204ms)
✔ Actions CLI rejects unsupported arguments --live (0.1049ms)
✔ actual fixture CLI needs no hosted secrets or Teams SDK (280.4138ms)
✔ manual workflow keeps first-party actions pinned and live credentials isolated (3.6398ms)
✔ feedback CLI rejects unsupported, missing and duplicate transition arguments (2.5691ms)
✔ new-file corpus output preserves the previous version and refuses overwrite (35.0734ms)
✔ initializing a corpus binds the validated input scope without changing its snapshot (60.3978ms)
✔ partial snapshot cannot create a corpus file (30.9617ms)
✔ redirected output parent is refused without writing through it (8.2922ms)
✔ review evidence must be a file and cannot use a directory as a digest source (64.5455ms)
✔ review CLI records the exact binary digest and closes its descriptor (109.0982ms)
✔ same-size review replacement between metadata check and open cannot update a corpus (50.1697ms)
✔ review parent swapped for a symlink or junction before open is rejected (66.525ms)
✔ same-size pathname replacement after descriptor read is rejected (71.6173ms)
✔ same-size in-place review rewrite cannot hide behind a restored modification time (40.8581ms)
✔ review growth after open stays within its original byte bound and is rejected (53.1222ms)
✔ bounded review reads handle partial reads and reject empty or oversized files (22.2272ms)
✔ native behavioral evidence remains candidate with original local source and no finding impersonation (112.0073ms)
✔ native behavioral activation is denied for mixed support and forged active or retired history (68.7582ms)
✔ native behavioral candidates can be rejected without widening legacy review authority (65.3418ms)
✔ native behavioral bytes, identity claims, source and repeated runs remain validated (185.1919ms)
✔ evidence binds actual audit finding and supplied snapshot without certifying collection or identity (15.8016ms)
✔ accepted missing Project status binds the native serialized report and finding in evidence and observations (63.2106ms)
✔ auditor optional-field normalization retains strict data-only feedback and report validation (96.0039ms)
✔ timestamp-only or unrelated snapshot changes do not manufacture repeated supporting evidence (45.3903ms)
✔ partial, cross-scope, stale or missing findings cannot become feedback evidence (25.1293ms)
✔ feedback source pins accept exactly 40 or 64 hexadecimal characters, including supplied evidence (110.2367ms)
✔ candidate, active and retired versions preserve their inputs and have exact transition digests (25.5938ms)
✔ one observation, fabricated evidence bytes and replayed reviews cannot activate a rule (118.7704ms)
✔ reviewer labels and claimed approval booleans do not supply verified review authority (46.0185ms)
✔ explicit rejection remains terminal and contributes no advice (65.9965ms)
✔ prospective expiry is mandatory, bounded, and effective at the exact boundary (162.0199ms)
✔ active capacity cannot expand and supersession retires only the exact predecessor (97.3922ms)
✔ supersession rejects stale targets and cannot cross finding rules (79.2399ms)
✔ active guidance annotates only matching findings without hiding or changing original conclusions (37.0904ms)
✔ broad matching admits at most the finite annotation limit and never truncates an excessive report (551.1723ms)
✔ serialized output bytes are admitted before escaped guidance and evidence references fan out (92.1229ms)
✔ later audits honor activation and retirement while the original report stays identical (63.5713ms)
✔ unknown executable, suppression, assignment and permission options are rejected (243.1469ms)
✔ stale reports, foreign scope and altered evidence fail closed (45.4085ms)
✔ canonical digests ignore property insertion order but reject executable and non-finite data (0.6233ms)
✔ reusable corpus validation preserves input and rejects authority claims or altered guidance (24.0003ms)
✔ explicit collector profile requires a hash and cannot relabel a supplied snapshot (3.878ms)
✔ recurrence requires finite explicit bounds before reading any input (0.967ms)
✔ finite recurrence reloads snapshot and feedback on every cycle (4.0479ms)
✔ paused and stopped records prevent collection and input reads (3.2668ms)
✔ exhausted persisted attempts reject before snapshot, feedback or live collection (3.7884ms)
✔ watch admits the final allowed attempt and then stops before collecting another snapshot (2.1843ms)
✔ source mismatch refuses before reading snapshot or feedback (1.8343ms)
✔ a failed cycle stops recurrence without retrying or losing the failure (2.0111ms)
✔ first snapshot acquisition failure retains one sanitized failed attempt (489.1314ms)
✔ later corpus acquisition failure preserves earlier accepted evidence and consumes one attempt (1200.9467ms)
✔ live acquisition failure is retained once without raw error text or a retry (432.0681ms)
✔ pause and stop during failed acquisition remain effective without a new admitted attempt (3065.1511ms)
✔ deadline crossing during failed acquisition prevents late attempt admission (2.1072ms)
✔ interruption during failed acquisition prevents a new admitted attempt (1.7125ms)
✔ duration bounds stop admission after collection without writing a late result (1.7315ms)
✔ interruption during an interval exits without another audit (2.4016ms)
✔ control commands delegate exact action, source and reason without collecting (4.5373ms)
✔ status exposes bounded metadata and no retained finding text (1.593ms)
✔ one audit writes source-bound immutable private reports and an advisory handoff (636.8825ms)
✔ fresh capture timestamps and transport metrics alone produce no new report or proposal across restart (1171.5065ms)
✔ live state binds the exact selected principal and profile through restart and controls (3507.4463ms)
✔ profile metadata cannot convert supplied evidence or a different live principal into accepted observations (373.8134ms)
✔ changed scoped content produces a new receipt while retaining stable finding dedupe (690.5948ms)
✔ resolved findings are recorded without claiming a remote correction (686.39ms)
✔ stale input fails and preserves a failed attempt, never reusing previous success (793.5557ms)
✔ future input fails and preserves a failed attempt, never reusing previous success (812.9888ms)
✔ incomplete input fails and preserves a failed attempt, never reusing previous success (851.8274ms)
✔ source drift fails and preserves a failed attempt, never reusing previous success (837.5719ms)
✔ changing the caller source pin cannot migrate an existing directory (669.5637ms)
✔ pause prevents input use, resume retains dedupe, and stop cannot resume (3175.3402ms)
✔ concurrent cycles have one winner and never create duplicate accepted receipts (491.4823ms)
✔ retained locks fail closed without PID reuse or timeout-based recovery (26.4197ms)
✔ incomplete intent and rollback to an older checkpoint refuse replay (855.2123ms)
✔ tampered referenced artifacts are rejected and preserved (466.5187ms)
✔ output-directory redirection refuses writes through a symlink or junction (17.391ms)
✔ an unexpected output file is retained, not overwritten or removed (28.5861ms)
✔ status rejects unexpected files in initialized state before accepting its control projection (371.0413ms)
✔ missing, traversal-style and incomplete control requests do not create authority (6.2576ms)
✔ live source claims retain the existing collector identity and zero-write metadata (391.2838ms)
✔ finite convenience API has explicit bounds and performs no scheduling (1347.079ms)
✔ state and artifact redirection are not followed on read (360.1206ms)
✔ alter of earlier history is detected after a newer successful cycle (936.2156ms)
✔ delete of earlier history is detected after a newer successful cycle (877.9119ms)
✔ changed implementation pins fail before a new intent is written (530.4769ms)
✔ a directory replaced while a caller holds its lock cannot redirect any artifact write (454.2287ms)
✔ actual corpus activation and retirement change only separately bound advisory output (1936.2901ms)
✔ expiry invalidates cached advisory annotations even without corpus byte changes (873.7629ms)
✔ mixed retained controls and new cycles enforce one transition bound with a reserved terminal stop (86393.2082ms)
✔ accepted snapshots with omitted optional metadata produce parseable JSON artifacts and replay (691.8866ms)
✔ optional auditor metadata works through the real feedback evidence and recurring consumer bridge (785.2282ms)
✔ policy has the ten requested workstreams and never assigns people (5.5142ms)
✔ classification supports Multiplayer (11.6869ms)
✔ classification supports UX/UI (2.8351ms)
✔ classification supports Multi-system execution (1.7831ms)
✔ classification supports Janitor (2.1844ms)
✔ classification supports Dynamic agent teams (1.8724ms)
✔ classification supports DevOps/PR review/branch protection (2.961ms)
✔ classification supports Security (1.7117ms)
✔ classification supports Agent communication layer (1.9234ms)
✔ classification supports Dark factory automation (1.8704ms)
✔ classification supports Backend scalability / pub-sub (5.1193ms)
✔ classification preserves labels and assignees (22.3518ms)
✔ UX alias means UX/UI (23.0679ms)
✔ an unassigned issue is not a violation (8.6802ms)
✔ full fixture audit has zero mutations and catches closing-link conflict (8.331ms)
✔ non-closing prose overrides no native link, not unrelated partial references (6.1493ms)
✔ explicit do-not-close linked issue is flagged (5.6459ms)
✔ closed unmerged PR does not close an open issue (5.2456ms)
✔ reopened issue remains open after a historical merged PR (4.272ms)
✔ no automatic close for several partial PRs (4.6926ms)
✔ only explicit dependency section is interpreted (0.1981ms)
✔ code fences and quoted references are not dependency authority (0.2481ms)
✔ native/text dependency disagreement is flagged (6.7792ms)
✔ matching dependencies do not produce a mismatch (6.0222ms)
✔ dependency cycles are bounded and reported once (5.8674ms)
✔ parent hierarchy mismatch and cycle are detected (6.1867ms)
✔ outside-scope dependency is not fetched or treated as complete (6.7088ms)
✔ missing local dependency is unverified, not closed (4.7046ms)
✔ open issue marked Done is flagged without changing the board (4.8613ms)
✔ unknown workstream is a review hint, not a rename (4.5258ms)
✔ locked default branch is flagged, without bypass (4.7684ms)
✔ stale PR source head is reported (5.0809ms)
✔ current independent review is accepted as evidence (5.4052ms)
✔ author approval is not current independent human approval (9.0637ms)
✔ bot approval is not current independent human approval (5.128ms)
✔ old-head approval is not current independent human approval (6.5833ms)
✔ later comment does not erase a valid prior approval (4.9049ms)
✔ failed checks and requested changes are surfaced (6.7516ms)
✔ missing checks are not a success (7.3426ms)
✔ stale snapshots are labeled (6.849ms)
✔ future snapshots fail closed (2.6895ms)
✔ finding IDs are stable across repeated reads (12.0943ms)
✔ reported secrets are redacted and Markdown is escaped (14.3559ms)
✔ refuses: assign #50 to example-user (7.0674ms)
✔ refuses: label #50 multiplayer (7.7759ms)
✔ refuses: close #50 (7.6148ms)
✔ refuses: merge PR #237 (7.0345ms)
✔ refuses: enable auto-merge (6.8987ms)
✔ refuses: delete a branch (7.7142ms)
✔ refuses: approve PR #237 (4.9133ms)
✔ refuses: can you change the rules (5.2503ms)
✔ question answers use recorded evidence and canonical references (7.9785ms)
✔ reverse dependency questions list dependents (6.2494ms)
✔ unknown questions ask for clarification (8.0145ms)
✔ untrusted instruction text grants no tools (5.1855ms)
✔ snapshot rejects wrong repo (1.8589ms)
✔ snapshot rejects wrong project (1.1359ms)
✔ snapshot rejects partial coverage (1.3744ms)
✔ snapshot rejects wrong count (1.3264ms)
✔ snapshot rejects duplicate issue (1.3732ms)
✔ snapshot rejects hostile URL (1.441ms)
✔ snapshot rejects hidden project item (1.3337ms)
✔ snapshot rejects cross-repo item (1.4676ms)
✔ snapshot rejects duplicate project item (1.6372ms)
✔ snapshot rejects oversized body (1.6176ms)
✔ collector completes two matching passes with no writes (6.7076ms)
✔ collector rejects issue drift between passes (4.6158ms)
✔ collector rejects incomplete nested dependencies (1.7332ms)
✔ collector rejects a changed PR head/check binding (1.9622ms)
✔ collector rejects repeated pagination cursors (1.7603ms)
✔ collector rejects inaccessible connection entries (0.1871ms)
✔ read client verifies Bakar404 and never switches accounts (1.8974ms)
✔ explicit hash-pinned read principal does not change the pilot or read allowlist (25.3783ms)
✔ collector profile rejects changed scope or unsupported fields: repository (17.4268ms)
✔ collector profile rejects changed scope or unsupported fields: project_id (19.8667ms)
✔ collector profile rejects changed scope or unsupported fields: project_number (18.3764ms)
✔ collector profile rejects changed scope or unsupported fields: token (19.5195ms)
✔ collector profile rejects changed scope or unsupported fields: url (12.0694ms)
✔ collector profile rejects changed scope or unsupported fields: collector_login (10.8983ms)
✔ collector profile rejects wrong hashes, changed bytes and duplicate keys (56.2755ms)
✔ profiled collection records the actual principal and rejects identity or profile drift (50.2115ms)
✔ read client exposes no arbitrary query or write operation (1.5933ms)
✔ GraphQL cursor remains data, not executable query text (1.4611ms)
✔ GraphQL errors do not become accepted partial data (1.5786ms)
✔ GraphQL reserve prevents further reads (1.8372ms)
✔ collection has an elapsed-time bound (1.408ms)
✔ dry run uses neither network nor output files (1.6838ms)
✔ CLI rejects apply (0.1532ms)
✔ CLI rejects audit --fixture --live (0.1017ms)
✔ CLI rejects audit --fixture --out ../escape.json (0.1461ms)
✔ CLI rejects audit --dry-run --out file.json (0.0938ms)
✔ CLI rejects audit --fixture --assign example-user (0.0798ms)
✔ CLI rejects ask --fixture (0.1071ms)
✔ actual CLI dry run works from another directory and has no network intent (193.9138ms)
✔ test chat prepares an evidence-based reply without sending it (11.5766ms)
✔ test chat rejects wrong tenant (0.349ms)
✔ test chat rejects wrong group (0.1496ms)
✔ test chat rejects personal chat (0.1416ms)
✔ test chat rejects other channel (0.1744ms)
✔ test chat ignores messages without a mention (0.1567ms)
✔ test chat ignores its own messages (0.1317ms)
✔ test chat refuses mutation requests (7.676ms)
✔ no production mode or implicit binding (0.4411ms)
ℹ tests 227
ℹ suites 0
ℹ pass 227
ℹ fail 0
ℹ cancelled 0
ℹ skipped 0
ℹ todo 0
ℹ duration_ms 115733.117
