$ node --test --test-concurrency=2 --test-timeout=180000 scenarios/repo-steward/steward.test.mjs scenarios/repo-steward/actions.test.mjs scenarios/repo-steward/recurring-audit.test.mjs scenarios/repo-steward/feedback.test.mjs scenarios/repo-steward/maintenance.test.mjs scenarios/repo-steward/feedback-cli.test.mjs
✔ Actions preview performs no live reads or summary publication (2.1354ms)
✔ Actions fixture uses the real auditor without GitHub access (30.5845ms)
✔ invalid workflow input is rejected during preview without data access (1.0739ms)
✔ hosted live mode rejects non-Actions host before reading data (0.353ms)
✔ hosted live mode rejects PR event before reading data (0.9207ms)
✔ hosted live mode rejects another repository before reading data (0.1702ms)
✔ hosted live mode rejects feature branch before reading data (0.2392ms)
✔ hosted live mode rejects another actor before reading data (0.29ms)
✔ hosted live mode rejects another rerun operator before reading data (0.247ms)
✔ hosted live mode rejects missing triggering actor before reading data (0.3724ms)
✔ hosted live mode rejects missing source commit before reading data (0.2723ms)
✔ hosted live mode rejects disabled pilot before reading data (0.1622ms)
✔ hosted live mode rejects unapproved public summary before reading data (0.1301ms)
✔ hosted live mode rejects missing credential before reading data (0.1089ms)
✔ hosted live mode rejects blank credential before reading data (0.1297ms)
✔ hosted live mode rejects write-enabled configuration before reading data (0.1318ms)
✔ GITHUB_TOKEN does not substitute for Project-readable credentials (0.1918ms)
✔ an admitted live path collects once and retains zero mutations (5.8245ms)
✔ collector failure does not produce a successful report (0.539ms)
✔ stale hosted snapshots fail instead of publishing old findings (5.4792ms)
✔ public summaries never include free-form source or evidence text (5.5291ms)
✔ summary rejects unknown rule (6.6133ms)
✔ summary rejects bad finding id (4.7489ms)
✔ summary rejects foreign reference (8.5652ms)
✔ summary rejects mutation claim (6.974ms)
✔ summary rejects wrong scope (6.2282ms)
✔ summary rejects invalid timestamp (4.4498ms)
✔ summary rejects bad totals (5.309ms)
✔ public finding index is bounded without copying omitted details (5.8828ms)
✔ every configured fixture rule has an explicit publication review (3.962ms)
✔ summary file writes remain inside a supplied native temporary directory (16.6838ms)
✔ Actions CLI rejects unsupported arguments --apply (0.292ms)
✔ Actions CLI rejects unsupported arguments --live (0.1325ms)
✔ Actions CLI rejects unsupported arguments --live (0.0898ms)
✔ actual fixture CLI needs no hosted secrets or Teams SDK (177.918ms)
✔ manual workflow keeps first-party actions pinned and live credentials isolated (3.1702ms)
✔ feedback CLI rejects unsupported, missing and duplicate transition arguments (1.9894ms)
✔ new-file corpus output preserves the previous version and refuses overwrite (24.1798ms)
✔ initializing a corpus binds the validated input scope without changing its snapshot (43.8953ms)
✔ partial snapshot cannot create a corpus file (28.1152ms)
✔ redirected output parent is refused without writing through it (6.0232ms)
✔ review evidence must be a file and cannot use a directory as a digest source (41.8223ms)
✔ review CLI records the exact binary digest and closes its descriptor (69.2228ms)
✔ same-size review replacement between metadata check and open cannot update a corpus (27.6756ms)
✔ review parent swapped for a symlink or junction before open is rejected (33.6897ms)
✔ same-size pathname replacement after descriptor read is rejected (26.9807ms)
✔ same-size in-place review rewrite cannot hide behind a restored modification time (34.3381ms)
✔ review growth after open stays within its original byte bound and is rejected (31.203ms)
✔ bounded review reads handle partial reads and reject empty or oversized files (18.2167ms)
✔ native behavioral evidence remains candidate with original local source and no finding impersonation (72.2006ms)
✔ native behavioral activation is denied for mixed support and forged active or retired history (50.0314ms)
✔ native behavioral candidates can be rejected without widening legacy review authority (46.486ms)
✔ native behavioral bytes, identity claims, source and repeated runs remain validated (111.829ms)
✔ evidence binds actual audit finding and supplied snapshot without certifying collection or identity (9.7924ms)
✔ accepted missing Project status binds the native serialized report and finding in evidence and observations (41.6914ms)
✔ auditor optional-field normalization retains strict data-only feedback and report validation (63.7906ms)
✔ timestamp-only or unrelated snapshot changes do not manufacture repeated supporting evidence (29.7097ms)
✔ partial, cross-scope, stale or missing findings cannot become feedback evidence (13.2791ms)
✔ feedback source pins accept exactly 40 or 64 hexadecimal characters, including supplied evidence (64.9505ms)
✔ candidate, active and retired versions preserve their inputs and have exact transition digests (16.6428ms)
✔ one observation, fabricated evidence bytes and replayed reviews cannot activate a rule (68.8078ms)
✔ reviewer labels and claimed approval booleans do not supply verified review authority (23.7914ms)
✔ explicit rejection remains terminal and contributes no advice (38.3405ms)
✔ prospective expiry is mandatory, bounded, and effective at the exact boundary (99.1647ms)
✔ active capacity cannot expand and supersession retires only the exact predecessor (63.4914ms)
✔ supersession rejects stale targets and cannot cross finding rules (54.4429ms)
✔ active guidance annotates only matching findings without hiding or changing original conclusions (21.0184ms)
✔ broad matching admits at most the finite annotation limit and never truncates an excessive report (301.1564ms)
✔ serialized output bytes are admitted before escaped guidance and evidence references fan out (61.5572ms)
✔ later audits honor activation and retirement while the original report stays identical (36.6068ms)
✔ unknown executable, suppression, assignment and permission options are rejected (138.5675ms)
✔ stale reports, foreign scope and altered evidence fail closed (25.0674ms)
✔ canonical digests ignore property insertion order but reject executable and non-finite data (0.3703ms)
✔ reusable corpus validation preserves input and rejects authority claims or altered guidance (15.4725ms)
✔ explicit collector profile requires a hash and cannot relabel a supplied snapshot (3.1364ms)
✔ recurrence requires finite explicit bounds before reading any input (0.8158ms)
✔ finite recurrence reloads snapshot and feedback on every cycle (3.0744ms)
✔ paused and stopped records prevent collection and input reads (2.5911ms)
✔ exhausted persisted attempts reject before snapshot, feedback or live collection (2.5126ms)
✔ watch admits the final allowed attempt and then stops before collecting another snapshot (1.3779ms)
✔ source mismatch refuses before reading snapshot or feedback (1.2199ms)
✔ a failed cycle stops recurrence without retrying or losing the failure (1.8192ms)
✔ first snapshot acquisition failure retains one sanitized failed attempt (319.962ms)
✔ later corpus acquisition failure preserves earlier accepted evidence and consumes one attempt (766.8759ms)
✔ live acquisition failure is retained once without raw error text or a retry (289.8313ms)
✔ pause and stop during failed acquisition remain effective without a new admitted attempt (1972.9086ms)
✔ deadline crossing during failed acquisition prevents late attempt admission (1.4201ms)
✔ interruption during failed acquisition prevents a new admitted attempt (1.0806ms)
✔ duration bounds stop admission after collection without writing a late result (1.0264ms)
✔ interruption during an interval exits without another audit (1.1109ms)
✔ control commands delegate exact action, source and reason without collecting (3.093ms)
✔ status exposes bounded metadata and no retained finding text (1.1523ms)
✔ one audit writes source-bound immutable private reports and an advisory handoff (449.4903ms)
✔ fresh capture timestamps and transport metrics alone produce no new report or proposal across restart (698.0338ms)
✔ live state binds the exact selected principal and profile through restart and controls (2433.2997ms)
✔ profile metadata cannot convert supplied evidence or a different live principal into accepted observations (287.8428ms)
✔ changed scoped content produces a new receipt while retaining stable finding dedupe (510.732ms)
✔ resolved findings are recorded without claiming a remote correction (526.068ms)
✔ stale input fails and preserves a failed attempt, never reusing previous success (605.3119ms)
✔ future input fails and preserves a failed attempt, never reusing previous success (613.3184ms)
✔ incomplete input fails and preserves a failed attempt, never reusing previous success (601.0589ms)
✔ source drift fails and preserves a failed attempt, never reusing previous success (640.0971ms)
✔ changing the caller source pin cannot migrate an existing directory (449.8941ms)
✔ pause prevents input use, resume retains dedupe, and stop cannot resume (2288.3749ms)
✔ concurrent cycles have one winner and never create duplicate accepted receipts (342.9312ms)
✔ retained locks fail closed without PID reuse or timeout-based recovery (16.5372ms)
✔ incomplete intent and rollback to an older checkpoint refuse replay (591.2934ms)
✔ tampered referenced artifacts are rejected and preserved (312.874ms)
✔ output-directory redirection refuses writes through a symlink or junction (10.2331ms)
✔ an unexpected output file is retained, not overwritten or removed (18.4718ms)
✔ status rejects unexpected files in initialized state before accepting its control projection (253.7565ms)
✔ missing, traversal-style and incomplete control requests do not create authority (4.0238ms)
✔ live source claims retain the existing collector identity and zero-write metadata (265.5489ms)
✔ finite convenience API has explicit bounds and performs no scheduling (924.9634ms)
✔ state and artifact redirection are not followed on read (252.9509ms)
✔ alter of earlier history is detected after a newer successful cycle (667.292ms)
✔ delete of earlier history is detected after a newer successful cycle (703.0002ms)
✔ changed implementation pins fail before a new intent is written (423.2194ms)
✔ a directory replaced while a caller holds its lock cannot redirect any artifact write (350.0087ms)
✔ actual corpus activation and retirement change only separately bound advisory output (1318.7994ms)
✔ expiry invalidates cached advisory annotations even without corpus byte changes (628.1193ms)
✔ mixed retained controls and new cycles enforce one transition bound with a reserved terminal stop (61119.9733ms)
✔ accepted snapshots with omitted optional metadata produce parseable JSON artifacts and replay (477.32ms)
✔ optional auditor metadata works through the real feedback evidence and recurring consumer bridge (534.7793ms)
✔ policy has the ten requested workstreams and never assigns people (4.0188ms)
✔ classification supports Multiplayer (6.2135ms)
✔ classification supports UX/UI (1.7165ms)
✔ classification supports Multi-system execution (1.228ms)
✔ classification supports Janitor (1.3871ms)
✔ classification supports Dynamic agent teams (1.2074ms)
✔ classification supports DevOps/PR review/branch protection (2.3717ms)
✔ classification supports Security (1.3021ms)
✔ classification supports Agent communication layer (1.249ms)
✔ classification supports Dark factory automation (1.2889ms)
✔ classification supports Backend scalability / pub-sub (1.1422ms)
✔ classification preserves labels and assignees (12.9398ms)
✔ UX alias means UX/UI (16.2156ms)
✔ an unassigned issue is not a violation (5.5305ms)
✔ full fixture audit has zero mutations and catches closing-link conflict (5.0221ms)
✔ non-closing prose overrides no native link, not unrelated partial references (4.1566ms)
✔ explicit do-not-close linked issue is flagged (3.8268ms)
✔ closed unmerged PR does not close an open issue (4.1434ms)
✔ reopened issue remains open after a historical merged PR (3.7835ms)
✔ no automatic close for several partial PRs (4.2329ms)
✔ only explicit dependency section is interpreted (0.1813ms)
✔ code fences and quoted references are not dependency authority (0.2111ms)
✔ native/text dependency disagreement is flagged (4.2352ms)
✔ matching dependencies do not produce a mismatch (4.2139ms)
✔ dependency cycles are bounded and reported once (4.4517ms)
✔ parent hierarchy mismatch and cycle are detected (5.4982ms)
✔ outside-scope dependency is not fetched or treated as complete (7.4247ms)
✔ missing local dependency is unverified, not closed (6.1929ms)
✔ open issue marked Done is flagged without changing the board (6.444ms)
✔ unknown workstream is a review hint, not a rename (3.7565ms)
✔ locked default branch is flagged, without bypass (3.7952ms)
✔ stale PR source head is reported (3.9354ms)
✔ current independent review is accepted as evidence (3.954ms)
✔ author approval is not current independent human approval (4.679ms)
✔ bot approval is not current independent human approval (6.16ms)
✔ old-head approval is not current independent human approval (3.8361ms)
✔ later comment does not erase a valid prior approval (3.6144ms)
✔ failed checks and requested changes are surfaced (4.051ms)
✔ missing checks are not a success (3.9688ms)
✔ stale snapshots are labeled (3.8204ms)
✔ future snapshots fail closed (1.6397ms)
✔ finding IDs are stable across repeated reads (7.2993ms)
✔ reported secrets are redacted and Markdown is escaped (10.8398ms)
✔ refuses: assign #50 to example-user (5.2764ms)
✔ refuses: label #50 multiplayer (4.5083ms)
✔ refuses: close #50 (4.6898ms)
✔ refuses: merge PR #237 (4.2925ms)
✔ refuses: enable auto-merge (4.3049ms)
✔ refuses: delete a branch (4.6495ms)
✔ refuses: approve PR #237 (4.5275ms)
✔ refuses: can you change the rules (4.2873ms)
✔ question answers use recorded evidence and canonical references (4.8739ms)
✔ reverse dependency questions list dependents (4.9206ms)
✔ unknown questions ask for clarification (4.8607ms)
✔ untrusted instruction text grants no tools (4.5072ms)
✔ snapshot rejects wrong repo (1.2031ms)
✔ snapshot rejects wrong project (1.0404ms)
✔ snapshot rejects partial coverage (0.9755ms)
✔ snapshot rejects wrong count (1.0643ms)
✔ snapshot rejects duplicate issue (1.4989ms)
✔ snapshot rejects hostile URL (1.1207ms)
✔ snapshot rejects hidden project item (1.2432ms)
✔ snapshot rejects cross-repo item (1.1555ms)
✔ snapshot rejects duplicate project item (1.258ms)
✔ snapshot rejects oversized body (1.4845ms)
✔ collector completes two matching passes with no writes (4.5694ms)
✔ collector rejects issue drift between passes (2.785ms)
✔ collector rejects incomplete nested dependencies (1.2242ms)
✔ collector rejects a changed PR head/check binding (1.9769ms)
✔ collector rejects repeated pagination cursors (1.2881ms)
✔ collector rejects inaccessible connection entries (0.146ms)
✔ read client verifies Bakar404 and never switches accounts (3.5691ms)
✔ explicit hash-pinned read principal does not change the pilot or read allowlist (18.6958ms)
✔ collector profile rejects changed scope or unsupported fields: repository (8.7308ms)
✔ collector profile rejects changed scope or unsupported fields: project_id (15.9234ms)
✔ collector profile rejects changed scope or unsupported fields: project_number (8.8651ms)
✔ collector profile rejects changed scope or unsupported fields: token (18.649ms)
✔ collector profile rejects changed scope or unsupported fields: url (8.7121ms)
✔ collector profile rejects changed scope or unsupported fields: collector_login (8.584ms)
✔ collector profile rejects wrong hashes, changed bytes and duplicate keys (47.3328ms)
✔ profiled collection records the actual principal and rejects identity or profile drift (32.6783ms)
✔ read client exposes no arbitrary query or write operation (1.2394ms)
✔ GraphQL cursor remains data, not executable query text (1.2185ms)
✔ GraphQL errors do not become accepted partial data (1.2691ms)
✔ GraphQL reserve prevents further reads (1.1204ms)
✔ collection has an elapsed-time bound (1.1208ms)
✔ dry run uses neither network nor output files (1.3407ms)
✔ CLI rejects apply (0.1533ms)
✔ CLI rejects audit --fixture --live (0.1055ms)
✔ CLI rejects audit --fixture --out ../escape.json (0.1462ms)
✔ CLI rejects audit --dry-run --out file.json (0.0976ms)
✔ CLI rejects audit --fixture --assign example-user (0.0823ms)
✔ CLI rejects ask --fixture (0.0791ms)
✔ actual CLI dry run works from another directory and has no network intent (141.3224ms)
✔ test chat prepares an evidence-based reply without sending it (5.9482ms)
✔ test chat rejects wrong tenant (0.3083ms)
✔ test chat rejects wrong group (0.1444ms)
✔ test chat rejects personal chat (0.1319ms)
✔ test chat rejects other channel (0.1774ms)
✔ test chat ignores messages without a mention (0.1369ms)
✔ test chat ignores its own messages (0.1241ms)
✔ test chat refuses mutation requests (5.1139ms)
✔ no production mode or implicit binding (0.2432ms)
ℹ tests 227
ℹ suites 0
ℹ pass 227
ℹ fail 0
ℹ cancelled 0
ℹ skipped 0
ℹ todo 0
ℹ duration_ms 81677.5935
