$ node --test --test-concurrency=2 --test-timeout=180000 scenarios/repo-steward/steward.test.mjs scenarios/repo-steward/actions.test.mjs scenarios/repo-steward/recurring-audit.test.mjs scenarios/repo-steward/feedback.test.mjs scenarios/repo-steward/maintenance.test.mjs scenarios/repo-steward/feedback-cli.test.mjs
✔ Actions preview performs no live reads or summary publication (1.7403ms)
✔ Actions fixture uses the real auditor without GitHub access (26.0891ms)
✔ invalid workflow input is rejected during preview without data access (0.9451ms)
✔ hosted live mode rejects non-Actions host before reading data (0.351ms)
✔ hosted live mode rejects PR event before reading data (0.9304ms)
✔ hosted live mode rejects another repository before reading data (0.1732ms)
✔ hosted live mode rejects feature branch before reading data (0.3152ms)
✔ hosted live mode rejects another actor before reading data (0.1917ms)
✔ hosted live mode rejects another rerun operator before reading data (0.246ms)
✔ hosted live mode rejects missing triggering actor before reading data (0.4328ms)
✔ hosted live mode rejects missing source commit before reading data (0.2777ms)
✔ hosted live mode rejects disabled pilot before reading data (0.1593ms)
✔ hosted live mode rejects unapproved public summary before reading data (0.1333ms)
✔ hosted live mode rejects missing credential before reading data (0.112ms)
✔ hosted live mode rejects blank credential before reading data (0.1399ms)
✔ hosted live mode rejects write-enabled configuration before reading data (0.1342ms)
✔ GITHUB_TOKEN does not substitute for Project-readable credentials (0.2068ms)
✔ an admitted live path collects once and retains zero mutations (5.6849ms)
✔ collector failure does not produce a successful report (0.3106ms)
✔ stale hosted snapshots fail instead of publishing old findings (4.8017ms)
✔ public summaries never include free-form source or evidence text (4.8625ms)
✔ summary rejects unknown rule (4.0751ms)
✔ summary rejects bad finding id (4.4083ms)
✔ summary rejects foreign reference (4.0349ms)
✔ summary rejects mutation claim (4.2731ms)
✔ summary rejects wrong scope (4.6479ms)
✔ summary rejects invalid timestamp (5.578ms)
✔ summary rejects bad totals (4.8246ms)
✔ public finding index is bounded without copying omitted details (4.7603ms)
✔ every configured fixture rule has an explicit publication review (4.0589ms)
✔ summary file writes remain inside a supplied native temporary directory (19.471ms)
✔ Actions CLI rejects unsupported arguments --apply (0.3256ms)
✔ Actions CLI rejects unsupported arguments --live (0.171ms)
✔ Actions CLI rejects unsupported arguments --live (0.131ms)
✔ actual fixture CLI needs no hosted secrets or Teams SDK (180.251ms)
✔ manual workflow keeps first-party actions pinned and live credentials isolated (2.6553ms)
✔ feedback CLI rejects unsupported, missing and duplicate transition arguments (2.1139ms)
✔ new-file corpus output preserves the previous version and refuses overwrite (22.4739ms)
✔ initializing a corpus binds the validated input scope without changing its snapshot (41.521ms)
✔ partial snapshot cannot create a corpus file (20.7562ms)
✔ redirected output parent is refused without writing through it (6.8373ms)
✔ review evidence must be a file and cannot use a directory as a digest source (43.7073ms)
✔ review CLI records the exact binary digest and closes its descriptor (66.667ms)
✔ same-size review replacement between metadata check and open cannot update a corpus (29.5194ms)
✔ review parent swapped for a symlink or junction before open is rejected (31.2342ms)
✔ same-size pathname replacement after descriptor read is rejected (36.6581ms)
✔ same-size in-place review rewrite cannot hide behind a restored modification time (31.6327ms)
✔ review growth after open stays within its original byte bound and is rejected (26.946ms)
✔ bounded review reads handle partial reads and reject empty or oversized files (20.837ms)
✔ native behavioral evidence remains candidate with original local source and no finding impersonation (69.4362ms)
✔ native behavioral activation is denied for mixed support and forged active or retired history (47.2028ms)
✔ native behavioral candidates can be rejected without widening legacy review authority (48.6676ms)
✔ native behavioral bytes, identity claims, source and repeated runs remain validated (125.3166ms)
✔ evidence binds actual audit finding and supplied snapshot without certifying collection or identity (13.1985ms)
✔ accepted missing Project status binds the native serialized report and finding in evidence and observations (48.8397ms)
✔ auditor optional-field normalization retains strict data-only feedback and report validation (57.7195ms)
✔ timestamp-only or unrelated snapshot changes do not manufacture repeated supporting evidence (28.8343ms)
✔ partial, cross-scope, stale or missing findings cannot become feedback evidence (13.7693ms)
✔ feedback source pins accept exactly 40 or 64 hexadecimal characters, including supplied evidence (67.0539ms)
✔ candidate, active and retired versions preserve their inputs and have exact transition digests (17.7518ms)
✔ one observation, fabricated evidence bytes and replayed reviews cannot activate a rule (73.8759ms)
✔ reviewer labels and claimed approval booleans do not supply verified review authority (26.8977ms)
✔ explicit rejection remains terminal and contributes no advice (40.4388ms)
✔ prospective expiry is mandatory, bounded, and effective at the exact boundary (97.0993ms)
✔ active capacity cannot expand and supersession retires only the exact predecessor (56.8934ms)
✔ supersession rejects stale targets and cannot cross finding rules (46.6377ms)
✔ active guidance annotates only matching findings without hiding or changing original conclusions (21.4736ms)
✔ broad matching admits at most the finite annotation limit and never truncates an excessive report (322.8705ms)
✔ serialized output bytes are admitted before escaped guidance and evidence references fan out (60.3136ms)
✔ later audits honor activation and retirement while the original report stays identical (45.6536ms)
✔ unknown executable, suppression, assignment and permission options are rejected (141.2179ms)
✔ stale reports, foreign scope and altered evidence fail closed (26.7188ms)
✔ canonical digests ignore property insertion order but reject executable and non-finite data (0.3876ms)
✔ reusable corpus validation preserves input and rejects authority claims or altered guidance (20.6868ms)
✔ explicit collector profile requires a hash and cannot relabel a supplied snapshot (3.5051ms)
✔ recurrence requires finite explicit bounds before reading any input (0.8568ms)
✔ finite recurrence reloads snapshot and feedback on every cycle (2.7387ms)
✔ paused and stopped records prevent collection and input reads (2.6915ms)
✔ exhausted persisted attempts reject before snapshot, feedback or live collection (5.0475ms)
✔ watch admits the final allowed attempt and then stops before collecting another snapshot (1.3616ms)
✔ source mismatch refuses before reading snapshot or feedback (1.2292ms)
✔ a failed cycle stops recurrence without retrying or losing the failure (1.5173ms)
✔ first snapshot acquisition failure retains one sanitized failed attempt (323.6874ms)
✔ later corpus acquisition failure preserves earlier accepted evidence and consumes one attempt (775.756ms)
✔ live acquisition failure is retained once without raw error text or a retry (302.6781ms)
✔ pause and stop during failed acquisition remain effective without a new admitted attempt (2120.8531ms)
✔ deadline crossing during failed acquisition prevents late attempt admission (1.5822ms)
✔ interruption during failed acquisition prevents a new admitted attempt (1.1639ms)
✔ duration bounds stop admission after collection without writing a late result (1.2432ms)
✔ interruption during an interval exits without another audit (1.2536ms)
✔ control commands delegate exact action, source and reason without collecting (3.3051ms)
✔ status exposes bounded metadata and no retained finding text (1.3258ms)
✔ one audit writes source-bound immutable private reports and an advisory handoff (505.6767ms)
✔ fresh capture timestamps and transport metrics alone produce no new report or proposal across restart (768.4649ms)
✔ live state binds the exact selected principal and profile through restart and controls (2477.8949ms)
✔ profile metadata cannot convert supplied evidence or a different live principal into accepted observations (292.8039ms)
✔ changed scoped content produces a new receipt while retaining stable finding dedupe (546.9216ms)
✔ resolved findings are recorded without claiming a remote correction (574.1689ms)
✔ stale input fails and preserves a failed attempt, never reusing previous success (627.136ms)
✔ future input fails and preserves a failed attempt, never reusing previous success (597.2241ms)
✔ incomplete input fails and preserves a failed attempt, never reusing previous success (590.56ms)
✔ source drift fails and preserves a failed attempt, never reusing previous success (598.0161ms)
✔ changing the caller source pin cannot migrate an existing directory (461.8684ms)
✔ pause prevents input use, resume retains dedupe, and stop cannot resume (2485.3049ms)
✔ concurrent cycles have one winner and never create duplicate accepted receipts (358.1282ms)
✔ retained locks fail closed without PID reuse or timeout-based recovery (19.137ms)
✔ incomplete intent and rollback to an older checkpoint refuse replay (605.3679ms)
✔ tampered referenced artifacts are rejected and preserved (309.0871ms)
✔ output-directory redirection refuses writes through a symlink or junction (10.9007ms)
✔ an unexpected output file is retained, not overwritten or removed (20.5268ms)
✔ status rejects unexpected files in initialized state before accepting its control projection (251.1681ms)
✔ missing, traversal-style and incomplete control requests do not create authority (4.5034ms)
✔ live source claims retain the existing collector identity and zero-write metadata (286.901ms)
✔ finite convenience API has explicit bounds and performs no scheduling (940.7841ms)
✔ state and artifact redirection are not followed on read (371.7111ms)
✔ alter of earlier history is detected after a newer successful cycle (684.4006ms)
✔ delete of earlier history is detected after a newer successful cycle (633.2656ms)
✔ changed implementation pins fail before a new intent is written (394.355ms)
✔ a directory replaced while a caller holds its lock cannot redirect any artifact write (334.6163ms)
✔ actual corpus activation and retirement change only separately bound advisory output (1373.9107ms)
✔ expiry invalidates cached advisory annotations even without corpus byte changes (668.9131ms)
✔ mixed retained controls and new cycles enforce one transition bound with a reserved terminal stop (62996.5465ms)
✔ accepted snapshots with omitted optional metadata produce parseable JSON artifacts and replay (456.892ms)
✔ optional auditor metadata works through the real feedback evidence and recurring consumer bridge (520.5204ms)
✔ policy has the ten requested workstreams and never assigns people (3.51ms)
✔ classification supports Multiplayer (7.0528ms)
✔ classification supports UX/UI (1.9097ms)
✔ classification supports Multi-system execution (1.479ms)
✔ classification supports Janitor (1.9851ms)
✔ classification supports Dynamic agent teams (1.4116ms)
✔ classification supports DevOps/PR review/branch protection (2.4947ms)
✔ classification supports Security (1.446ms)
✔ classification supports Agent communication layer (1.4224ms)
✔ classification supports Dark factory automation (1.3922ms)
✔ classification supports Backend scalability / pub-sub (1.8512ms)
✔ classification preserves labels and assignees (12.6455ms)
✔ UX alias means UX/UI (14.5565ms)
✔ an unassigned issue is not a violation (5.2144ms)
✔ full fixture audit has zero mutations and catches closing-link conflict (5.4237ms)
✔ non-closing prose overrides no native link, not unrelated partial references (4.0889ms)
✔ explicit do-not-close linked issue is flagged (3.6834ms)
✔ closed unmerged PR does not close an open issue (4.7927ms)
✔ reopened issue remains open after a historical merged PR (3.7768ms)
✔ no automatic close for several partial PRs (4.3826ms)
✔ only explicit dependency section is interpreted (0.1983ms)
✔ code fences and quoted references are not dependency authority (0.2211ms)
✔ native/text dependency disagreement is flagged (4.3152ms)
✔ matching dependencies do not produce a mismatch (4.676ms)
✔ dependency cycles are bounded and reported once (4.4525ms)
✔ parent hierarchy mismatch and cycle are detected (4.4765ms)
✔ outside-scope dependency is not fetched or treated as complete (5.3119ms)
✔ missing local dependency is unverified, not closed (4.2588ms)
✔ open issue marked Done is flagged without changing the board (5.05ms)
✔ unknown workstream is a review hint, not a rename (5.2556ms)
✔ locked default branch is flagged, without bypass (4.1647ms)
✔ stale PR source head is reported (4.1892ms)
✔ current independent review is accepted as evidence (5.7309ms)
✔ author approval is not current independent human approval (5.2483ms)
✔ bot approval is not current independent human approval (4.5289ms)
✔ old-head approval is not current independent human approval (4.8686ms)
✔ later comment does not erase a valid prior approval (3.682ms)
✔ failed checks and requested changes are surfaced (3.7688ms)
✔ missing checks are not a success (4.2183ms)
✔ stale snapshots are labeled (3.8432ms)
✔ future snapshots fail closed (1.6905ms)
✔ finding IDs are stable across repeated reads (7.3048ms)
✔ reported secrets are redacted and Markdown is escaped (14.0798ms)
✔ refuses: assign #50 to example-user (6.1915ms)
✔ refuses: label #50 multiplayer (5.2909ms)
✔ refuses: close #50 (4.8546ms)
✔ refuses: merge PR #237 (4.9979ms)
✔ refuses: enable auto-merge (5.6567ms)
✔ refuses: delete a branch (5.1695ms)
✔ refuses: approve PR #237 (4.8737ms)
✔ refuses: can you change the rules (5.1175ms)
✔ question answers use recorded evidence and canonical references (5.4184ms)
✔ reverse dependency questions list dependents (5.6881ms)
✔ unknown questions ask for clarification (4.9728ms)
✔ untrusted instruction text grants no tools (4.7595ms)
✔ snapshot rejects wrong repo (1.2224ms)
✔ snapshot rejects wrong project (0.955ms)
✔ snapshot rejects partial coverage (1.0578ms)
✔ snapshot rejects wrong count (1.0195ms)
✔ snapshot rejects duplicate issue (1.1893ms)
✔ snapshot rejects hostile URL (1.1666ms)
✔ snapshot rejects hidden project item (1.1952ms)
✔ snapshot rejects cross-repo item (1.1211ms)
✔ snapshot rejects duplicate project item (1.2927ms)
✔ snapshot rejects oversized body (1.2006ms)
✔ collector completes two matching passes with no writes (4.5115ms)
✔ collector rejects issue drift between passes (2.8772ms)
✔ collector rejects incomplete nested dependencies (1.1549ms)
✔ collector rejects a changed PR head/check binding (1.2567ms)
✔ collector rejects repeated pagination cursors (1.3819ms)
✔ collector rejects inaccessible connection entries (0.1571ms)
✔ read client verifies Bakar404 and never switches accounts (1.3316ms)
✔ explicit hash-pinned read principal does not change the pilot or read allowlist (16.365ms)
✔ collector profile rejects changed scope or unsupported fields: repository (8.8282ms)
✔ collector profile rejects changed scope or unsupported fields: project_id (15.7105ms)
✔ collector profile rejects changed scope or unsupported fields: project_number (8.5267ms)
✔ collector profile rejects changed scope or unsupported fields: token (15.4175ms)
✔ collector profile rejects changed scope or unsupported fields: url (8.0494ms)
✔ collector profile rejects changed scope or unsupported fields: collector_login (8.1515ms)
✔ collector profile rejects wrong hashes, changed bytes and duplicate keys (34.6765ms)
✔ profiled collection records the actual principal and rejects identity or profile drift (31.4249ms)
✔ read client exposes no arbitrary query or write operation (1.303ms)
✔ GraphQL cursor remains data, not executable query text (1.1998ms)
✔ GraphQL errors do not become accepted partial data (1.1635ms)
✔ GraphQL reserve prevents further reads (1.1695ms)
✔ collection has an elapsed-time bound (1.102ms)
✔ dry run uses neither network nor output files (1.3647ms)
✔ CLI rejects apply (0.1457ms)
✔ CLI rejects audit --fixture --live (0.1007ms)
✔ CLI rejects audit --fixture --out ../escape.json (0.1382ms)
✔ CLI rejects audit --dry-run --out file.json (0.0916ms)
✔ CLI rejects audit --fixture --assign example-user (0.0781ms)
✔ CLI rejects ask --fixture (0.172ms)
✔ actual CLI dry run works from another directory and has no network intent (165.7765ms)
✔ test chat prepares an evidence-based reply without sending it (7.8246ms)
✔ test chat rejects wrong tenant (0.5159ms)
✔ test chat rejects wrong group (0.2028ms)
✔ test chat rejects personal chat (0.1672ms)
✔ test chat rejects other channel (0.2679ms)
✔ test chat ignores messages without a mention (0.2879ms)
✔ test chat ignores its own messages (0.2057ms)
✔ test chat refuses mutation requests (10.2578ms)
✔ no production mode or implicit binding (0.3387ms)
ℹ tests 227
ℹ suites 0
ℹ pass 227
ℹ fail 0
ℹ cancelled 0
ℹ skipped 0
ℹ todo 0
ℹ duration_ms 84172.1258
