✖ finite recurrence reloads snapshot and feedback on every cycle (5.3335ms)
ℹ tests 1
ℹ suites 0
ℹ pass 0
ℹ fail 1
ℹ cancelled 0
ℹ skipped 0
ℹ todo 0
ℹ duration_ms 158.7238

✖ failing tests:

test at scenarios\repo-steward\maintenance.test.mjs:57:1
✖ finite recurrence reloads snapshot and feedback on every cycle (5.3335ms)
  AssertionError [ERR_ASSERTION]: Expected values to be strictly equal:

  true !== false

      at TestContext.<anonymous> (file:///<ISOLATED_CHECKOUT>/scenarios/repo-steward/maintenance.test.mjs:72:10)
      at async Test.run (node:internal/test_runner/test:1409:7)
      at async startSubtestAfterBootstrap (node:internal/test_runner/harness:387:3) {
    generatedMessage: true,
    code: 'ERR_ASSERTION',
    actual: true,
    expected: false,
    operator: 'strictEqual',
    diff: 'simple'
  }
