   Compiling der v0.7.10
   Compiling serde_core v1.0.229
   Compiling tracing-core v0.1.36
   Compiling generic-array v0.14.7
   Compiling log v0.4.34
   Compiling sha3 v0.11.0
   Compiling futures-sink v0.3.34
   Compiling windows-sys v0.61.2
   Compiling indexmap v2.14.1
   Compiling slab v0.4.12
   Compiling num-traits v0.2.19
   Compiling crypto-common v0.1.7
   Compiling crossbeam-utils v0.8.22
   Compiling windows-sys v0.48.0
   Compiling futures-channel v0.3.34
   Compiling rustls v0.23.43
   Compiling futures-util v0.3.34
   Compiling digest v0.10.7
   Compiling tracing v0.1.44
   Compiling block-buffer v0.10.4
   Compiling crypto-bigint v0.5.5
   Compiling alloy-sol-macro-expander v1.7.3
   Compiling crossbeam-queue v0.3.13
   Compiling atoi v2.0.0
   Compiling hmac v0.12.1
   Compiling sha2 v0.10.9
   Compiling signature v2.2.0
   Compiling chrono v0.4.45
   Compiling rfc6979 v0.4.0
   Compiling spki v0.7.3
   Compiling byteorder v1.5.0
   Compiling hkdf v0.12.4
   Compiling pkcs8 v0.10.2
   Compiling md-5 v0.10.6
   Compiling curve25519-dalek v4.1.3
   Compiling ed25519 v2.2.3
   Compiling sha1 v0.10.7
   Compiling serde v1.0.229
   Compiling hashbrown v0.17.1
   Compiling const-hex v1.19.1
   Compiling serde_json v1.0.151
   Compiling serde_with v3.23.0
   Compiling uuid v1.26.1
   Compiling bytes v1.12.1
   Compiling smallvec v1.15.2
   Compiling serdect v0.2.0
   Compiling either v1.18.0
   Compiling sec1 v0.7.3
   Compiling parking_lot_core v0.9.12
   Compiling socket2 v0.6.5
   Compiling mio v1.2.2
   Compiling elliptic-curve v0.13.8
   Compiling alloy-rlp v0.3.16
   Compiling parking_lot v0.12.5
   Compiling http v1.5.0
   Compiling darling_core v0.23.0
   Compiling alloy-sol-macro v1.7.3
   Compiling icu_normalizer v2.3.0
   Compiling ruint v1.20.0
   Compiling ecdsa v0.16.9
   Compiling tokio v1.53.1
   Compiling itertools v0.14.0
   Compiling k256 v0.13.4
   Compiling http-body v1.1.0
   Compiling home v0.5.12
   Compiling idna_adapter v1.2.2
   Compiling futures-intrusive v0.5.0
   Compiling idna v1.1.0
   Compiling etcetera v0.8.0
   Compiling url v2.5.8
   Compiling http-body-util v0.1.5
   Compiling serde_urlencoded v0.7.1
   Compiling ed25519-dalek v2.2.0
   Compiling alloy-primitives v1.7.3
   Compiling nybbles v0.4.8
   Compiling crony-domain v0.1.0 (<ISOLATED_CHECKOUT>\crates\crony-domain)
   Compiling darling_macro v0.23.0
   Compiling darling v0.23.0
   Compiling alloy-eip7928 v0.3.7
   Compiling alloy-serde v1.8.3
   Compiling alloy-eip2930 v0.2.4
   Compiling alloy-eip2124 v0.2.0
   Compiling alloy-eip7702 v0.6.3
   Compiling alloy-trie v0.9.7
   Compiling alloy-sol-types v1.7.3
   Compiling alloy-signer v1.8.3
   Compiling alloy-tx-macros v1.8.3
   Compiling alloy-eips v1.8.3
   Compiling crony-protocol v0.1.0 (<ISOLATED_CHECKOUT>\crates\crony-protocol)
   Compiling alloy-consensus v1.8.3
   Compiling alloy-json-rpc v1.8.3
   Compiling alloy-core v1.7.3
   Compiling tokio-stream v0.1.19
   Compiling hyper v1.11.1
   Compiling tokio-rustls v0.26.4
   Compiling tower v0.5.3
   Compiling sqlx-core v0.8.6
   Compiling tower-http v0.6.11
   Compiling alloy-consensus-any v1.8.3
   Compiling alloy-network-primitives v1.8.3
   Compiling hyper-util v0.1.20
   Compiling alloy-rpc-types-eth v1.8.3
   Compiling hyper-rustls v0.27.9
   Compiling reqwest v0.12.28
   Compiling sqlx-postgres v0.8.6
   Compiling alloy-rpc-types-any v1.8.3
   Compiling alloy-rpc-types v1.8.3
   Compiling alloy-network v1.8.3
   Compiling crony-audit v0.1.0 (<ISOLATED_CHECKOUT>\crates\crony-audit)
   Compiling alloy-signer-local v1.8.3
   Compiling alloy v1.8.3
   Compiling sqlx-macros-core v0.8.6
   Compiling sqlx-macros v0.8.6
   Compiling sqlx v0.8.6
   Compiling crony-base v0.1.0 (<ISOLATED_CHECKOUT>\crates\crony-base)
   Compiling crony-store v0.1.0 (<ISOLATED_CHECKOUT>\crates\crony-store)
warning: unused import: `FactoryReviewRevisionResponse`
 --> crates\crony-store\src\factory_review_revision_tests.rs:6:37
  |
6 |     AuthorizeFactoryReviewRevision, FactoryReviewRevisionResponse, ReviewFinding,
  |                                     ^^^^^^^^^^^^^^^^^^^^^^^^^^^^^
  |
  = note: `#[warn(unused_imports)]` (part of `#[warn(unused)]`) on by default

warning: field `original_review_key` is never read
  --> crates\crony-store\src\factory_review_revision_tests.rs:14:5
   |
10 | struct RevisionFixture {
   |        --------------- field in this struct
...
14 |     original_review_key: Uuid,
   |     ^^^^^^^^^^^^^^^^^^^
   |
   = note: `#[warn(dead_code)]` (part of `#[warn(unused)]`) on by default

warning: `crony-store` (lib test) generated 2 warnings (run `cargo fix --lib -p crony-store --tests` to apply 1 suggestion)
    Finished `test` profile [unoptimized + debuginfo] target(s) in 3m 17s
     Running unittests src\lib.rs (target\debug\deps\crony_store-a6f234d79c2d2eb3.exe)

running 4 tests
test budget_checkpoint_tests::correction_publication::review_revision::issue95_admission_replay_keeps_exact_source_and_residual_authority ... ok
test budget_checkpoint_tests::correction_publication::review_revision::issue95_concurrent_admission_allocates_one_mission_and_abandonment_is_terminal ... ok
test budget_checkpoint_tests::correction_publication::review_revision::issue95_exhausted_completed_authority_cannot_be_replenished ... ok

thread 'budget_checkpoint_tests::correction_publication::review_revision::issue95_role_room_revocation_and_foreign_scope_fence_replays_and_dispatch' (28480) panicked at crates\crony-store\src\factory_review_revision_tests.rs:521:14:
called `Result::unwrap()` on an `Err` value: actor does not belong to the requested Corp
note: run with `RUST_BACKTRACE=1` environment variable to display a backtrace
test budget_checkpoint_tests::correction_publication::review_revision::issue95_role_room_revocation_and_foreign_scope_fence_replays_and_dispatch ... FAILED

failures:

failures:
    budget_checkpoint_tests::correction_publication::review_revision::issue95_role_room_revocation_and_foreign_scope_fence_replays_and_dispatch

test result: FAILED. 3 passed; 1 failed; 0 ignored; 0 measured; 575 filtered out; finished in 15.85s

error: test failed, to rerun pass `-p crony-store --lib`
