$ node --test --test-concurrency=2 --test-timeout=180000 scenarios/repo-steward/steward.test.mjs scenarios/repo-steward/actions.test.mjs scenarios/repo-steward/recurring-audit.test.mjs scenarios/repo-steward/feedback.test.mjs scenarios/repo-steward/maintenance.test.mjs scenarios/repo-steward/feedback-cli.test.mjs
✔ Actions preview performs no live reads or summary publication (2.4613ms)
✔ Actions fixture uses the real auditor without GitHub access (35.4417ms)
✔ invalid workflow input is rejected during preview without data access (1.0182ms)
✔ hosted live mode rejects non-Actions host before reading data (0.408ms)
✔ hosted live mode rejects PR event before reading data (1.0295ms)
✔ hosted live mode rejects another repository before reading data (0.2727ms)
✔ hosted live mode rejects feature branch before reading data (0.4084ms)
✔ hosted live mode rejects another actor before reading data (0.2284ms)
✔ hosted live mode rejects another rerun operator before reading data (0.3078ms)
✔ hosted live mode rejects missing triggering actor before reading data (0.4087ms)
✔ hosted live mode rejects missing source commit before reading data (0.3654ms)
✔ hosted live mode rejects disabled pilot before reading data (0.2589ms)
✔ hosted live mode rejects unapproved public summary before reading data (0.1866ms)
✔ hosted live mode rejects missing credential before reading data (0.1483ms)
✔ hosted live mode rejects blank credential before reading data (0.1767ms)
✔ hosted live mode rejects write-enabled configuration before reading data (0.1739ms)
✔ GITHUB_TOKEN does not substitute for Project-readable credentials (0.2538ms)
✔ an admitted live path collects once and retains zero mutations (6.0826ms)
✔ collector failure does not produce a successful report (0.449ms)
✔ stale hosted snapshots fail instead of publishing old findings (7.6562ms)
✔ public summaries never include free-form source or evidence text (7.1841ms)
✔ summary rejects unknown rule (4.4996ms)
✔ summary rejects bad finding id (6.9994ms)
✔ summary rejects foreign reference (5.4106ms)
✔ summary rejects mutation claim (8.5241ms)
✔ summary rejects wrong scope (6.2091ms)
✔ summary rejects invalid timestamp (7.4776ms)
✔ summary rejects bad totals (5.1869ms)
✔ public finding index is bounded without copying omitted details (5.6125ms)
✔ every configured fixture rule has an explicit publication review (5.9851ms)
✔ summary file writes remain inside a supplied native temporary directory (10.6291ms)
✔ Actions CLI rejects unsupported arguments --apply (0.2945ms)
✔ Actions CLI rejects unsupported arguments --live (0.1196ms)
✔ Actions CLI rejects unsupported arguments --live (0.1204ms)
✔ actual fixture CLI needs no hosted secrets or Teams SDK (197.6978ms)
✔ manual workflow keeps first-party actions pinned and live credentials isolated (3.6869ms)
✔ feedback CLI rejects unsupported, missing and duplicate transition arguments (2.1404ms)
✔ new-file corpus output preserves the previous version and refuses overwrite (26.4838ms)
✔ initializing a corpus binds the validated input scope without changing its snapshot (50.7914ms)
✔ partial snapshot cannot create a corpus file (28.4926ms)
✔ redirected output parent is refused without writing through it (6.6935ms)
✔ review evidence must be a file and cannot use a directory as a digest source (49.3207ms)
✔ review CLI records the exact binary digest and closes its descriptor (77.6173ms)
✔ same-size review replacement between metadata check and open cannot update a corpus (33.3676ms)
✔ review parent swapped for a symlink or junction before open is rejected (37.0065ms)
✔ same-size pathname replacement after descriptor read is rejected (37.8798ms)
✔ same-size in-place review rewrite cannot hide behind a restored modification time (33.9183ms)
✔ review growth after open stays within its original byte bound and is rejected (32.1538ms)
✔ bounded review reads handle partial reads and reject empty or oversized files (22.6587ms)
✔ native behavioral evidence remains candidate with original local source and no finding impersonation (85.3214ms)
✔ native behavioral activation is denied for mixed support and forged active or retired history (58.9156ms)
✔ native behavioral candidates can be rejected without widening legacy review authority (45.79ms)
✔ native behavioral bytes, identity claims, source and repeated runs remain validated (110.1326ms)
✔ evidence binds actual audit finding and supplied snapshot without certifying collection or identity (10.066ms)
✔ accepted missing Project status binds the native serialized report and finding in evidence and observations (43.1629ms)
✔ auditor optional-field normalization retains strict data-only feedback and report validation (56.3431ms)
✔ timestamp-only or unrelated snapshot changes do not manufacture repeated supporting evidence (29.1082ms)
✔ partial, cross-scope, stale or missing findings cannot become feedback evidence (15.0707ms)
✔ feedback source pins accept exactly 40 or 64 hexadecimal characters, including supplied evidence (69.7504ms)
✔ candidate, active and retired versions preserve their inputs and have exact transition digests (17.052ms)
✔ one observation, fabricated evidence bytes and replayed reviews cannot activate a rule (71.9542ms)
✔ reviewer labels and claimed approval booleans do not supply verified review authority (23.6623ms)
✔ explicit rejection remains terminal and contributes no advice (42.9372ms)
✔ prospective expiry is mandatory, bounded, and effective at the exact boundary (122.239ms)
✔ active capacity cannot expand and supersession retires only the exact predecessor (89.9203ms)
✔ supersession rejects stale targets and cannot cross finding rules (47.2555ms)
✔ active guidance annotates only matching findings without hiding or changing original conclusions (21.7774ms)
✔ broad matching admits at most the finite annotation limit and never truncates an excessive report (357.0787ms)
✔ serialized output bytes are admitted before escaped guidance and evidence references fan out (79.1613ms)
✔ later audits honor activation and retirement while the original report stays identical (37.285ms)
✔ unknown executable, suppression, assignment and permission options are rejected (140.735ms)
✔ stale reports, foreign scope and altered evidence fail closed (31.3135ms)
✔ canonical digests ignore property insertion order but reject executable and non-finite data (0.4081ms)
✔ reusable corpus validation preserves input and rejects authority claims or altered guidance (17.7603ms)
✔ explicit collector profile requires a hash and cannot relabel a supplied snapshot (3.0274ms)
✔ recurrence requires finite explicit bounds before reading any input (1.1838ms)
✔ finite recurrence reloads snapshot and feedback on every cycle (2.8658ms)
✔ paused and stopped records prevent collection and input reads (2.4733ms)
✔ exhausted persisted attempts reject before snapshot, feedback or live collection (2.5239ms)
✔ watch admits the final allowed attempt and then stops before collecting another snapshot (1.5397ms)
✔ source mismatch refuses before reading snapshot or feedback (1.2148ms)
✔ a failed cycle stops recurrence without retrying or losing the failure (1.5103ms)
✔ first snapshot acquisition failure retains one sanitized failed attempt (318.6631ms)
✔ later corpus acquisition failure preserves earlier accepted evidence and consumes one attempt (900.8191ms)
✔ live acquisition failure is retained once without raw error text or a retry (297.7714ms)
✔ pause and stop during failed acquisition remain effective without a new admitted attempt (2080.7725ms)
✔ deadline crossing during failed acquisition prevents late attempt admission (1.4842ms)
✔ interruption during failed acquisition prevents a new admitted attempt (1.2021ms)
✔ duration bounds stop admission after collection without writing a late result (1.0594ms)
✔ interruption during an interval exits without another audit (1.2766ms)
✔ control commands delegate exact action, source and reason without collecting (3.1749ms)
✔ status exposes bounded metadata and no retained finding text (1.1897ms)
✔ one audit writes source-bound immutable private reports and an advisory handoff (515.941ms)
✔ fresh capture timestamps and transport metrics alone produce no new report or proposal across restart (692.725ms)
✔ live state binds the exact selected principal and profile through restart and controls (2724.3093ms)
✔ profile metadata cannot convert supplied evidence or a different live principal into accepted observations (286.8495ms)
✔ changed scoped content produces a new receipt while retaining stable finding dedupe (533.7725ms)
✔ resolved findings are recorded without claiming a remote correction (522.9851ms)
✔ stale input fails and preserves a failed attempt, never reusing previous success (638.7446ms)
✔ future input fails and preserves a failed attempt, never reusing previous success (609.4751ms)
✔ incomplete input fails and preserves a failed attempt, never reusing previous success (625.4332ms)
✔ source drift fails and preserves a failed attempt, never reusing previous success (620.7596ms)
✔ changing the caller source pin cannot migrate an existing directory (488.6008ms)
✔ pause prevents input use, resume retains dedupe, and stop cannot resume (2503.8388ms)
✔ concurrent cycles have one winner and never create duplicate accepted receipts (352.5638ms)
✔ retained locks fail closed without PID reuse or timeout-based recovery (17.2439ms)
✔ incomplete intent and rollback to an older checkpoint refuse replay (627.6839ms)
✔ tampered referenced artifacts are rejected and preserved (347.1147ms)
✔ output-directory redirection refuses writes through a symlink or junction (10.5413ms)
✔ an unexpected output file is retained, not overwritten or removed (21.6401ms)
✔ status rejects unexpected files in initialized state before accepting its control projection (244.8888ms)
✔ missing, traversal-style and incomplete control requests do not create authority (4.0665ms)
✔ live source claims retain the existing collector identity and zero-write metadata (282.1607ms)
✔ finite convenience API has explicit bounds and performs no scheduling (949.7263ms)
✔ state and artifact redirection are not followed on read (254.2328ms)
✔ alter of earlier history is detected after a newer successful cycle (732.5536ms)
✔ delete of earlier history is detected after a newer successful cycle (659.0139ms)
✔ changed implementation pins fail before a new intent is written (455.4792ms)
✔ a directory replaced while a caller holds its lock cannot redirect any artifact write (357.2527ms)
✔ actual corpus activation and retirement change only separately bound advisory output (1695.9965ms)
✔ expiry invalidates cached advisory annotations even without corpus byte changes (703.1839ms)
✔ mixed retained controls and new cycles enforce one transition bound with a reserved terminal stop (71143.8534ms)
✔ accepted snapshots with omitted optional metadata produce parseable JSON artifacts and replay (474.4902ms)
✔ optional auditor metadata works through the real feedback evidence and recurring consumer bridge (543.2036ms)
✔ policy has the ten requested workstreams and never assigns people (3.693ms)
✔ classification supports Multiplayer (8.8964ms)
✔ classification supports UX/UI (2.153ms)
✔ classification supports Multi-system execution (1.7428ms)
✔ classification supports Janitor (2.9005ms)
✔ classification supports Dynamic agent teams (1.8023ms)
✔ classification supports DevOps/PR review/branch protection (2.815ms)
✔ classification supports Security (1.8309ms)
✔ classification supports Agent communication layer (2.0408ms)
✔ classification supports Dark factory automation (1.8392ms)
✔ classification supports Backend scalability / pub-sub (1.3764ms)
✔ classification preserves labels and assignees (13.4035ms)
✔ UX alias means UX/UI (17.4516ms)
✔ an unassigned issue is not a violation (6.2289ms)
✔ full fixture audit has zero mutations and catches closing-link conflict (6.2849ms)
✔ non-closing prose overrides no native link, not unrelated partial references (4.322ms)
✔ explicit do-not-close linked issue is flagged (4.2797ms)
✔ closed unmerged PR does not close an open issue (4.608ms)
✔ reopened issue remains open after a historical merged PR (6.8837ms)
✔ no automatic close for several partial PRs (5.3054ms)
✔ only explicit dependency section is interpreted (0.2625ms)
✔ code fences and quoted references are not dependency authority (0.2872ms)
✔ native/text dependency disagreement is flagged (4.6108ms)
✔ matching dependencies do not produce a mismatch (4.0927ms)
✔ dependency cycles are bounded and reported once (5.0059ms)
✔ parent hierarchy mismatch and cycle are detected (4.493ms)
✔ outside-scope dependency is not fetched or treated as complete (4.2722ms)
✔ missing local dependency is unverified, not closed (3.9104ms)
✔ open issue marked Done is flagged without changing the board (5.8897ms)
✔ unknown workstream is a review hint, not a rename (5.4176ms)
✔ locked default branch is flagged, without bypass (6.0505ms)
✔ stale PR source head is reported (4.9401ms)
✔ current independent review is accepted as evidence (4.2315ms)
✔ author approval is not current independent human approval (3.8155ms)
✔ bot approval is not current independent human approval (4.6632ms)
✔ old-head approval is not current independent human approval (5.2886ms)
✔ later comment does not erase a valid prior approval (5.8578ms)
✔ failed checks and requested changes are surfaced (6.2451ms)
✔ missing checks are not a success (5.8562ms)
✔ stale snapshots are labeled (5.6455ms)
✔ future snapshots fail closed (2.3906ms)
✔ finding IDs are stable across repeated reads (7.2171ms)
✔ reported secrets are redacted and Markdown is escaped (10.8527ms)
✔ refuses: assign #50 to example-user (5.043ms)
✔ refuses: label #50 multiplayer (5.6415ms)
✔ refuses: close #50 (5.0201ms)
✔ refuses: merge PR #237 (4.4536ms)
✔ refuses: enable auto-merge (4.4815ms)
✔ refuses: delete a branch (4.9536ms)
✔ refuses: approve PR #237 (5.0952ms)
✔ refuses: can you change the rules (6.8079ms)
✔ question answers use recorded evidence and canonical references (4.9774ms)
✔ reverse dependency questions list dependents (4.997ms)
✔ unknown questions ask for clarification (5.7687ms)
✔ untrusted instruction text grants no tools (6.7486ms)
✔ snapshot rejects wrong repo (1.5235ms)
✔ snapshot rejects wrong project (1.3378ms)
✔ snapshot rejects partial coverage (1.3078ms)
✔ snapshot rejects wrong count (1.2604ms)
✔ snapshot rejects duplicate issue (1.2795ms)
✔ snapshot rejects hostile URL (1.6255ms)
✔ snapshot rejects hidden project item (1.2262ms)
✔ snapshot rejects cross-repo item (1.288ms)
✔ snapshot rejects duplicate project item (1.2515ms)
✔ snapshot rejects oversized body (1.2309ms)
✔ collector completes two matching passes with no writes (5.1491ms)
✔ collector rejects issue drift between passes (2.7276ms)
✔ collector rejects incomplete nested dependencies (1.8668ms)
✔ collector rejects a changed PR head/check binding (1.6629ms)
✔ collector rejects repeated pagination cursors (1.3443ms)
✔ collector rejects inaccessible connection entries (0.1642ms)
✔ read client verifies Bakar404 and never switches accounts (1.4508ms)
✔ explicit hash-pinned read principal does not change the pilot or read allowlist (25.3632ms)
✔ collector profile rejects changed scope or unsupported fields: repository (18.8383ms)
✔ collector profile rejects changed scope or unsupported fields: project_id (19.3317ms)
✔ collector profile rejects changed scope or unsupported fields: project_number (21.5925ms)
✔ collector profile rejects changed scope or unsupported fields: token (9.4684ms)
✔ collector profile rejects changed scope or unsupported fields: url (19.1329ms)
✔ collector profile rejects changed scope or unsupported fields: collector_login (9.9936ms)
✔ collector profile rejects wrong hashes, changed bytes and duplicate keys (56.467ms)
✔ profiled collection records the actual principal and rejects identity or profile drift (37.2472ms)
✔ read client exposes no arbitrary query or write operation (1.7706ms)
✔ GraphQL cursor remains data, not executable query text (1.5968ms)
✔ GraphQL errors do not become accepted partial data (1.481ms)
✔ GraphQL reserve prevents further reads (1.3002ms)
✔ collection has an elapsed-time bound (1.3683ms)
✔ dry run uses neither network nor output files (1.9859ms)
✔ CLI rejects apply (0.2637ms)
✔ CLI rejects audit --fixture --live (0.1836ms)
✔ CLI rejects audit --fixture --out ../escape.json (0.2578ms)
✔ CLI rejects audit --dry-run --out file.json (0.1729ms)
✔ CLI rejects audit --fixture --assign example-user (0.1555ms)
✔ CLI rejects ask --fixture (0.2302ms)
✔ actual CLI dry run works from another directory and has no network intent (175.8998ms)
✔ test chat prepares an evidence-based reply without sending it (7.6004ms)
✔ test chat rejects wrong tenant (0.3916ms)
✔ test chat rejects wrong group (0.1753ms)
✔ test chat rejects personal chat (0.1432ms)
✔ test chat rejects other channel (0.1326ms)
✔ test chat ignores messages without a mention (0.1386ms)
✔ test chat ignores its own messages (0.1373ms)
✔ test chat refuses mutation requests (5.3458ms)
✔ no production mode or implicit binding (0.3217ms)
ℹ tests 227
ℹ suites 0
ℹ pass 227
ℹ fail 0
ℹ cancelled 0
ℹ skipped 0
ℹ todo 0
ℹ duration_ms 93228.4347
