   Compiling zeroize v1.9.0
   Compiling libm v0.2.16
   Compiling generic-array v0.14.7
   Compiling crypto-common v0.1.7
   Compiling block-buffer v0.10.4
   Compiling digest v0.10.7
   Compiling base64ct v1.8.3
   Compiling pem-rfc7468 v0.7.0
   Compiling num-traits v0.2.19
   Compiling der v0.7.10
   Compiling rustls-pki-types v1.15.1
   Compiling hmac v0.12.1
   Compiling spki v0.7.3
   Compiling pkcs8 v0.10.2
   Compiling rustls-webpki v0.103.15
   Compiling hkdf v0.12.4
   Compiling webpki-roots v1.0.9
   Compiling sha2 v0.10.9
   Compiling rustls v0.23.43
   Compiling chrono v0.4.45
   Compiling signature v2.2.0
   Compiling sec1 v0.7.3
   Compiling crypto-bigint v0.5.5
   Compiling sqlx-core v0.8.6
   Compiling elliptic-curve v0.13.8
   Compiling sqlx-postgres v0.8.6
   Compiling webpki-roots v0.26.11
   Compiling rfc6979 v0.4.0
   Compiling num-integer v0.1.47
   Compiling md-5 v0.10.6
   Compiling rustls-native-certs v0.8.4
   Compiling sqlx-macros-core v0.8.6
   Compiling num-iter v0.1.46
   Compiling ecdsa v0.16.9
   Compiling primeorder v0.13.6
   Compiling tokio-rustls v0.26.4
   Compiling atoi v2.0.0
   Compiling sha1 v0.10.7
   Compiling inout v0.1.4
   Compiling tungstenite v0.29.0
   Compiling curve25519-dalek v4.1.3
   Compiling cipher v0.4.4
   Compiling sqlx-macros v0.8.6
   Compiling hyper-rustls v0.27.9
   Compiling num-bigint-dig v0.8.6
   Compiling crony-domain v0.1.0 (<reviewed-worktree>\crates\crony-domain)
   Compiling ed25519 v2.2.3
   Compiling pkcs1 v0.7.5
   Compiling universal-hash v0.5.1
   Compiling poly1305 v0.8.0
   Compiling rsa v0.9.10
   Compiling ed25519-dalek v2.2.0
   Compiling reqwest v0.12.28
   Compiling sqlx v0.8.6
   Compiling chacha20 v0.9.1
   Compiling tokio-tungstenite v0.29.0
   Compiling p384 v0.13.1
   Compiling p256 v0.13.2
   Compiling aead v0.5.2
   Compiling object_store v0.12.5
   Compiling axum v0.8.9
   Compiling tracing-subscriber v0.3.23
   Compiling chacha20poly1305 v0.10.1
   Compiling jsonwebtoken v10.4.0
   Compiling crony-store v0.1.0 (<reviewed-worktree>\crates\crony-store)
   Compiling crony-protocol v0.1.0 (<reviewed-worktree>\crates\crony-protocol)
   Compiling crony-server v0.1.0 (<reviewed-worktree>\crates\crony-server)
warning: unused `axum::Json` that must be used
   --> crates\crony-server\src\delegated_tests.rs:350:5
    |
350 |     f.release(&op).await.unwrap();
    |     ^^^^^^^^^^^^^^^^^^^^^^^^^^^^^
    |
    = note: `#[warn(unused_must_use)]` (part of `#[warn(unused)]`) on by default
help: use `let _ = ...` to ignore the resulting value
    |
350 |     let _ = f.release(&op).await.unwrap();
    |     +++++++

warning: unused `axum::Json` in tuple element 1 that must be used
   --> crates\crony-server\src\delegated_tests.rs:591:5
    |
591 | /     runner_read(State(f.state.clone()), Json(f.assignment(&op)))
592 | |         .await
593 | |         .unwrap();
    | |_________________^

warning: unused `axum::Json` that must be used
   --> crates\crony-server\src\delegated_tests.rs:664:5
    |
664 |     cancel.await.unwrap().unwrap();
    |     ^^^^^^^^^^^^^^^^^^^^^^^^^^^^^^
    |
help: use `let _ = ...` to ignore the resulting value
    |
664 |     let _ = cancel.await.unwrap().unwrap();
    |     +++++++

warning: `crony-server` (bin "crony-server" test) generated 3 warnings
    Finished `test` profile [unoptimized + debuginfo] target(s) in 2m 15s
     Running unittests src\main.rs (<local-user>\code\ecorp-pr324-completion-20260922\target-validation\debug\deps\crony_server-1811e8fef3235ccf.exe)

running 9 tests
test delegated::authority_tests::delegated_callback_consumed_before_effect_and_concurrent_replay_denied ... FAILED
test delegated::authority_tests::delegated_cancel_waits_for_authorized_effect_and_scrubs_token ... FAILED
test delegated::authority_tests::delegated_failed_redemption_cannot_replay_or_fail_a_new_attempt ... FAILED
test delegated::authority_tests::delegated_independent_expiry_is_bounded_and_erases_abandoned_pkce ... FAILED
test delegated::authority_tests::delegated_original_assignment_survives_reconnect_and_refuses_rebinding ... FAILED
test delegated::authority_tests::delegated_release_serializes_with_credential_revocation ... FAILED
test delegated::authority_tests::delegated_revoked_authority_denies_all_new_effects ... FAILED
test delegated::authority_tests::delegated_separate_login_and_provider_identity_complete_real_handlers ... FAILED
test delegated::tests::delegated_job_room_rejection_rolls_back_all_admission ... ok

failures:

---- delegated::authority_tests::delegated_callback_consumed_before_effect_and_concurrent_replay_denied stdout ----

thread 'delegated::authority_tests::delegated_callback_consumed_before_effect_and_concurrent_replay_denied' (43652) panicked at crates\crony-server\src\delegated_tests.rs:58:83:
called `Result::unwrap()` on an `Err` value: Database(PgDatabaseError { severity: Error, code: "42703", message: "column \"oidc_issuer\" of relation \"actors\" does not exist", detail: None, hint: None, position: Some(Original(19)), where: None, schema: None, table: None, column: None, data_type: None, constraint: None, file: Some("analyze.c"), line: Some(2536), routine: Some("transformUpdateTargetList") })
note: run with `RUST_BACKTRACE=1` environment variable to display a backtrace

---- delegated::authority_tests::delegated_cancel_waits_for_authorized_effect_and_scrubs_token stdout ----

thread 'delegated::authority_tests::delegated_cancel_waits_for_authorized_effect_and_scrubs_token' (44540) panicked at crates\crony-server\src\delegated_tests.rs:58:83:
called `Result::unwrap()` on an `Err` value: Database(PgDatabaseError { severity: Error, code: "42703", message: "column \"oidc_issuer\" of relation \"actors\" does not exist", detail: None, hint: None, position: Some(Original(19)), where: None, schema: None, table: None, column: None, data_type: None, constraint: None, file: Some("analyze.c"), line: Some(2536), routine: Some("transformUpdateTargetList") })

---- delegated::authority_tests::delegated_failed_redemption_cannot_replay_or_fail_a_new_attempt stdout ----

thread 'delegated::authority_tests::delegated_failed_redemption_cannot_replay_or_fail_a_new_attempt' (64048) panicked at crates\crony-server\src\delegated_tests.rs:58:83:
called `Result::unwrap()` on an `Err` value: Database(PgDatabaseError { severity: Error, code: "42703", message: "column \"oidc_issuer\" of relation \"actors\" does not exist", detail: None, hint: None, position: Some(Original(19)), where: None, schema: None, table: None, column: None, data_type: None, constraint: None, file: Some("analyze.c"), line: Some(2536), routine: Some("transformUpdateTargetList") })

---- delegated::authority_tests::delegated_independent_expiry_is_bounded_and_erases_abandoned_pkce stdout ----

thread 'delegated::authority_tests::delegated_independent_expiry_is_bounded_and_erases_abandoned_pkce' (18516) panicked at crates\crony-server\src\delegated_tests.rs:58:83:
called `Result::unwrap()` on an `Err` value: Database(PgDatabaseError { severity: Error, code: "42703", message: "column \"oidc_issuer\" of relation \"actors\" does not exist", detail: None, hint: None, position: Some(Original(19)), where: None, schema: None, table: None, column: None, data_type: None, constraint: None, file: Some("analyze.c"), line: Some(2536), routine: Some("transformUpdateTargetList") })

---- delegated::authority_tests::delegated_original_assignment_survives_reconnect_and_refuses_rebinding stdout ----

thread 'delegated::authority_tests::delegated_original_assignment_survives_reconnect_and_refuses_rebinding' (50640) panicked at crates\crony-server\src\delegated_tests.rs:58:83:
called `Result::unwrap()` on an `Err` value: Database(PgDatabaseError { severity: Error, code: "42703", message: "column \"oidc_issuer\" of relation \"actors\" does not exist", detail: None, hint: None, position: Some(Original(19)), where: None, schema: None, table: None, column: None, data_type: None, constraint: None, file: Some("analyze.c"), line: Some(2536), routine: Some("transformUpdateTargetList") })

---- delegated::authority_tests::delegated_release_serializes_with_credential_revocation stdout ----

thread 'delegated::authority_tests::delegated_release_serializes_with_credential_revocation' (54236) panicked at crates\crony-server\src\delegated_tests.rs:58:83:
called `Result::unwrap()` on an `Err` value: Database(PgDatabaseError { severity: Error, code: "42703", message: "column \"oidc_issuer\" of relation \"actors\" does not exist", detail: None, hint: None, position: Some(Original(19)), where: None, schema: None, table: None, column: None, data_type: None, constraint: None, file: Some("analyze.c"), line: Some(2536), routine: Some("transformUpdateTargetList") })

---- delegated::authority_tests::delegated_revoked_authority_denies_all_new_effects stdout ----

thread 'delegated::authority_tests::delegated_revoked_authority_denies_all_new_effects' (54412) panicked at crates\crony-server\src\delegated_tests.rs:58:83:
called `Result::unwrap()` on an `Err` value: Database(PgDatabaseError { severity: Error, code: "42703", message: "column \"oidc_issuer\" of relation \"actors\" does not exist", detail: None, hint: None, position: Some(Original(19)), where: None, schema: None, table: None, column: None, data_type: None, constraint: None, file: Some("analyze.c"), line: Some(2536), routine: Some("transformUpdateTargetList") })

---- delegated::authority_tests::delegated_separate_login_and_provider_identity_complete_real_handlers stdout ----

thread 'delegated::authority_tests::delegated_separate_login_and_provider_identity_complete_real_handlers' (67132) panicked at crates\crony-server\src\delegated_tests.rs:58:83:
called `Result::unwrap()` on an `Err` value: Database(PgDatabaseError { severity: Error, code: "42703", message: "column \"oidc_issuer\" of relation \"actors\" does not exist", detail: None, hint: None, position: Some(Original(19)), where: None, schema: None, table: None, column: None, data_type: None, constraint: None, file: Some("analyze.c"), line: Some(2536), routine: Some("transformUpdateTargetList") })


failures:
    delegated::authority_tests::delegated_callback_consumed_before_effect_and_concurrent_replay_denied
    delegated::authority_tests::delegated_cancel_waits_for_authorized_effect_and_scrubs_token
    delegated::authority_tests::delegated_failed_redemption_cannot_replay_or_fail_a_new_attempt
    delegated::authority_tests::delegated_independent_expiry_is_bounded_and_erases_abandoned_pkce
    delegated::authority_tests::delegated_original_assignment_survives_reconnect_and_refuses_rebinding
    delegated::authority_tests::delegated_release_serializes_with_credential_revocation
    delegated::authority_tests::delegated_revoked_authority_denies_all_new_effects
    delegated::authority_tests::delegated_separate_login_and_provider_identity_complete_real_handlers

test result: FAILED. 1 passed; 8 failed; 0 ignored; 0 measured; 160 filtered out; finished in 38.24s

error: test failed, to rerun pass `-p crony-server --bin crony-server`
