$ node --test --test-concurrency=2 --test-timeout=180000 scenarios/repo-steward/steward.test.mjs scenarios/repo-steward/actions.test.mjs scenarios/repo-steward/recurring-audit.test.mjs scenarios/repo-steward/feedback.test.mjs scenarios/repo-steward/maintenance.test.mjs scenarios/repo-steward/feedback-cli.test.mjs
✔ Actions preview performs no live reads or summary publication (2.2012ms)
✔ Actions fixture uses the real auditor without GitHub access (36.0088ms)
✔ invalid workflow input is rejected during preview without data access (1.1453ms)
✔ hosted live mode rejects non-Actions host before reading data (0.4324ms)
✔ hosted live mode rejects PR event before reading data (1.0997ms)
✔ hosted live mode rejects another repository before reading data (0.2167ms)
✔ hosted live mode rejects feature branch before reading data (0.2517ms)
✔ hosted live mode rejects another actor before reading data (0.1868ms)
✔ hosted live mode rejects another rerun operator before reading data (0.2857ms)
✔ hosted live mode rejects missing triggering actor before reading data (0.4595ms)
✔ hosted live mode rejects missing source commit before reading data (0.2966ms)
✔ hosted live mode rejects disabled pilot before reading data (0.2151ms)
✔ hosted live mode rejects unapproved public summary before reading data (0.148ms)
✔ hosted live mode rejects missing credential before reading data (0.1199ms)
✔ hosted live mode rejects blank credential before reading data (0.152ms)
✔ hosted live mode rejects write-enabled configuration before reading data (0.1348ms)
✔ GITHUB_TOKEN does not substitute for Project-readable credentials (0.2145ms)
✔ an admitted live path collects once and retains zero mutations (6.3067ms)
✔ collector failure does not produce a successful report (0.4112ms)
✔ stale hosted snapshots fail instead of publishing old findings (5.6003ms)
✔ public summaries never include free-form source or evidence text (5.6211ms)
✔ summary rejects unknown rule (4.6298ms)
✔ summary rejects bad finding id (4.7907ms)
✔ summary rejects foreign reference (4.3054ms)
✔ summary rejects mutation claim (4.2698ms)
✔ summary rejects wrong scope (4.0055ms)
✔ summary rejects invalid timestamp (5.2351ms)
✔ summary rejects bad totals (6.5746ms)
✔ public finding index is bounded without copying omitted details (5.1178ms)
✔ every configured fixture rule has an explicit publication review (5.1948ms)
✔ summary file writes remain inside a supplied native temporary directory (18.3705ms)
✔ Actions CLI rejects unsupported arguments --apply (0.3824ms)
✔ Actions CLI rejects unsupported arguments --live (0.1914ms)
✔ Actions CLI rejects unsupported arguments --live (0.1392ms)
✔ actual fixture CLI needs no hosted secrets or Teams SDK (215.2488ms)
✔ manual workflow keeps first-party actions pinned and live credentials isolated (2.9778ms)
✔ feedback CLI rejects unsupported, missing and duplicate transition arguments (3.1777ms)
✔ new-file corpus output preserves the previous version and refuses overwrite (32.364ms)
✔ initializing a corpus binds the validated input scope without changing its snapshot (44.2318ms)
✔ partial snapshot cannot create a corpus file (25.6695ms)
✔ redirected output parent is refused without writing through it (6.2257ms)
✔ review evidence must be a file and cannot use a directory as a digest source (51.8544ms)
✔ review CLI records the exact binary digest and closes its descriptor (86.3717ms)
✔ same-size review replacement between metadata check and open cannot update a corpus (38.7448ms)
✔ review parent swapped for a symlink or junction before open is rejected (40.3183ms)
✔ same-size pathname replacement after descriptor read is rejected (33.4209ms)
✔ same-size in-place review rewrite cannot hide behind a restored modification time (30.124ms)
✔ review growth after open stays within its original byte bound and is rejected (29.0509ms)
✔ bounded review reads handle partial reads and reject empty or oversized files (25.8504ms)
✔ native behavioral evidence remains candidate with original local source and no finding impersonation (69.7553ms)
✔ native behavioral activation is denied for mixed support and forged active or retired history (48.0847ms)
✔ native behavioral candidates can be rejected without widening legacy review authority (52.0469ms)
✔ native behavioral bytes, identity claims, source and repeated runs remain validated (119.5424ms)
✔ evidence binds actual audit finding and supplied snapshot without certifying collection or identity (11.0517ms)
✔ accepted missing Project status binds the native serialized report and finding in evidence and observations (40.7653ms)
✔ auditor optional-field normalization retains strict data-only feedback and report validation (61.1167ms)
✔ timestamp-only or unrelated snapshot changes do not manufacture repeated supporting evidence (30.3474ms)
✔ partial, cross-scope, stale or missing findings cannot become feedback evidence (13.1126ms)
✔ feedback source pins accept exactly 40 or 64 hexadecimal characters, including supplied evidence (65.1357ms)
✔ candidate, active and retired versions preserve their inputs and have exact transition digests (17.1154ms)
✔ one observation, fabricated evidence bytes and replayed reviews cannot activate a rule (68.2536ms)
✔ reviewer labels and claimed approval booleans do not supply verified review authority (21.885ms)
✔ explicit rejection remains terminal and contributes no advice (35.9447ms)
✔ prospective expiry is mandatory, bounded, and effective at the exact boundary (97.1365ms)
✔ active capacity cannot expand and supersession retires only the exact predecessor (72.6338ms)
✔ supersession rejects stale targets and cannot cross finding rules (45.5059ms)
✔ active guidance annotates only matching findings without hiding or changing original conclusions (23.6331ms)
✔ broad matching admits at most the finite annotation limit and never truncates an excessive report (351.739ms)
✔ serialized output bytes are admitted before escaped guidance and evidence references fan out (54.793ms)
✔ later audits honor activation and retirement while the original report stays identical (36.6722ms)
✔ unknown executable, suppression, assignment and permission options are rejected (129.9078ms)
✔ stale reports, foreign scope and altered evidence fail closed (28.2204ms)
✔ canonical digests ignore property insertion order but reject executable and non-finite data (0.4172ms)
✔ reusable corpus validation preserves input and rejects authority claims or altered guidance (15.7667ms)
✔ explicit collector profile requires a hash and cannot relabel a supplied snapshot (3.1373ms)
✔ recurrence requires finite explicit bounds before reading any input (0.8984ms)
✔ finite recurrence reloads snapshot and feedback on every cycle (2.6717ms)
✔ paused and stopped records prevent collection and input reads (2.3766ms)
✔ exhausted persisted attempts reject before snapshot, feedback or live collection (3.2414ms)
✔ watch admits the final allowed attempt and then stops before collecting another snapshot (2.0354ms)
✔ source mismatch refuses before reading snapshot or feedback (1.3004ms)
✔ a failed cycle stops recurrence without retrying or losing the failure (1.5262ms)
✔ first snapshot acquisition failure retains one sanitized failed attempt (333.2701ms)
✔ later corpus acquisition failure preserves earlier accepted evidence and consumes one attempt (788.5431ms)
✔ live acquisition failure is retained once without raw error text or a retry (275.6248ms)
✔ pause and stop during failed acquisition remain effective without a new admitted attempt (1970.1371ms)
✔ deadline crossing during failed acquisition prevents late attempt admission (1.5906ms)
✔ interruption during failed acquisition prevents a new admitted attempt (1.2287ms)
✔ duration bounds stop admission after collection without writing a late result (1.2011ms)
✔ interruption during an interval exits without another audit (1.1636ms)
✔ control commands delegate exact action, source and reason without collecting (3.3769ms)
✔ status exposes bounded metadata and no retained finding text (1.2303ms)
✔ one audit writes source-bound immutable private reports and an advisory handoff (423.6499ms)
✔ fresh capture timestamps and transport metrics alone produce no new report or proposal across restart (725.2269ms)
✔ live state binds the exact selected principal and profile through restart and controls (2516.4807ms)
✔ profile metadata cannot convert supplied evidence or a different live principal into accepted observations (309.7541ms)
✔ changed scoped content produces a new receipt while retaining stable finding dedupe (536.0366ms)
✔ resolved findings are recorded without claiming a remote correction (549.9544ms)
✔ stale input fails and preserves a failed attempt, never reusing previous success (826.6158ms)
✔ future input fails and preserves a failed attempt, never reusing previous success (596.3884ms)
✔ incomplete input fails and preserves a failed attempt, never reusing previous success (593.4881ms)
✔ source drift fails and preserves a failed attempt, never reusing previous success (589.0898ms)
✔ changing the caller source pin cannot migrate an existing directory (434.6393ms)
✔ pause prevents input use, resume retains dedupe, and stop cannot resume (2224.8984ms)
✔ concurrent cycles have one winner and never create duplicate accepted receipts (358.9736ms)
✔ retained locks fail closed without PID reuse or timeout-based recovery (18.1866ms)
✔ incomplete intent and rollback to an older checkpoint refuse replay (583.8158ms)
✔ tampered referenced artifacts are rejected and preserved (306.3199ms)
✔ output-directory redirection refuses writes through a symlink or junction (10.7241ms)
✔ an unexpected output file is retained, not overwritten or removed (18.0984ms)
✔ status rejects unexpected files in initialized state before accepting its control projection (270.3943ms)
✔ missing, traversal-style and incomplete control requests do not create authority (5.609ms)
✔ live source claims retain the existing collector identity and zero-write metadata (347.8991ms)
✔ finite convenience API has explicit bounds and performs no scheduling (995.9162ms)
✔ state and artifact redirection are not followed on read (260.1606ms)
✔ alter of earlier history is detected after a newer successful cycle (669.4979ms)
✔ delete of earlier history is detected after a newer successful cycle (653.9386ms)
✔ changed implementation pins fail before a new intent is written (413.6939ms)
✔ a directory replaced while a caller holds its lock cannot redirect any artifact write (355.953ms)
✔ actual corpus activation and retirement change only separately bound advisory output (1335.5838ms)
✔ expiry invalidates cached advisory annotations even without corpus byte changes (710.6044ms)
✔ mixed retained controls and new cycles enforce one transition bound with a reserved terminal stop (63732.1823ms)
✔ accepted snapshots with omitted optional metadata produce parseable JSON artifacts and replay (451.1383ms)
✔ optional auditor metadata works through the real feedback evidence and recurring consumer bridge (487.7994ms)
✔ policy has the ten requested workstreams and never assigns people (3.745ms)
✔ classification supports Multiplayer (6.3875ms)
✔ classification supports UX/UI (1.9167ms)
✔ classification supports Multi-system execution (1.3083ms)
✔ classification supports Janitor (1.523ms)
✔ classification supports Dynamic agent teams (1.55ms)
✔ classification supports DevOps/PR review/branch protection (4.5199ms)
✔ classification supports Security (1.8937ms)
✔ classification supports Agent communication layer (1.6978ms)
✔ classification supports Dark factory automation (4.7356ms)
✔ classification supports Backend scalability / pub-sub (1.5445ms)
✔ classification preserves labels and assignees (16.1319ms)
✔ UX alias means UX/UI (14.7659ms)
✔ an unassigned issue is not a violation (5.6238ms)
✔ full fixture audit has zero mutations and catches closing-link conflict (5.4594ms)
✔ non-closing prose overrides no native link, not unrelated partial references (4.0638ms)
✔ explicit do-not-close linked issue is flagged (3.5598ms)
✔ closed unmerged PR does not close an open issue (4.1302ms)
✔ reopened issue remains open after a historical merged PR (3.4492ms)
✔ no automatic close for several partial PRs (4.1859ms)
✔ only explicit dependency section is interpreted (0.1728ms)
✔ code fences and quoted references are not dependency authority (0.2417ms)
✔ native/text dependency disagreement is flagged (3.8942ms)
✔ matching dependencies do not produce a mismatch (4.0434ms)
✔ dependency cycles are bounded and reported once (4.2196ms)
✔ parent hierarchy mismatch and cycle are detected (3.8665ms)
✔ outside-scope dependency is not fetched or treated as complete (4.0241ms)
✔ missing local dependency is unverified, not closed (3.9782ms)
✔ open issue marked Done is flagged without changing the board (4.1344ms)
✔ unknown workstream is a review hint, not a rename (3.4005ms)
✔ locked default branch is flagged, without bypass (3.6904ms)
✔ stale PR source head is reported (5.2033ms)
✔ current independent review is accepted as evidence (3.8846ms)
✔ author approval is not current independent human approval (3.914ms)
✔ bot approval is not current independent human approval (3.6003ms)
✔ old-head approval is not current independent human approval (3.9119ms)
✔ later comment does not erase a valid prior approval (3.5054ms)
✔ failed checks and requested changes are surfaced (3.7386ms)
✔ missing checks are not a success (3.9555ms)
✔ stale snapshots are labeled (3.4815ms)
✔ future snapshots fail closed (1.6645ms)
✔ finding IDs are stable across repeated reads (6.7179ms)
✔ reported secrets are redacted and Markdown is escaped (10.2501ms)
✔ refuses: assign #50 to example-user (4.6924ms)
✔ refuses: label #50 multiplayer (4.4113ms)
✔ refuses: close #50 (4.8933ms)
✔ refuses: merge PR #237 (4.1875ms)
✔ refuses: enable auto-merge (4.1687ms)
✔ refuses: delete a branch (4.8984ms)
✔ refuses: approve PR #237 (4.3693ms)
✔ refuses: can you change the rules (4.0531ms)
✔ question answers use recorded evidence and canonical references (4.9171ms)
✔ reverse dependency questions list dependents (4.8231ms)
✔ unknown questions ask for clarification (4.8828ms)
✔ untrusted instruction text grants no tools (4.5827ms)
✔ snapshot rejects wrong repo (1.4153ms)
✔ snapshot rejects wrong project (1.3625ms)
✔ snapshot rejects partial coverage (0.9795ms)
✔ snapshot rejects wrong count (1.1657ms)
✔ snapshot rejects duplicate issue (1.4946ms)
✔ snapshot rejects hostile URL (1.2241ms)
✔ snapshot rejects hidden project item (1.5614ms)
✔ snapshot rejects cross-repo item (1.2632ms)
✔ snapshot rejects duplicate project item (1.5625ms)
✔ snapshot rejects oversized body (1.6253ms)
✔ collector completes two matching passes with no writes (4.9878ms)
✔ collector rejects issue drift between passes (3.2139ms)
✔ collector rejects incomplete nested dependencies (1.2493ms)
✔ collector rejects a changed PR head/check binding (1.3078ms)
✔ collector rejects repeated pagination cursors (1.3167ms)
✔ collector rejects inaccessible connection entries (0.1598ms)
✔ read client verifies Bakar404 and never switches accounts (1.2681ms)
✔ explicit hash-pinned read principal does not change the pilot or read allowlist (18.8856ms)
✔ collector profile rejects changed scope or unsupported fields: repository (10.3ms)
✔ collector profile rejects changed scope or unsupported fields: project_id (16.5736ms)
✔ collector profile rejects changed scope or unsupported fields: project_number (16.5413ms)
✔ collector profile rejects changed scope or unsupported fields: token (16.2053ms)
✔ collector profile rejects changed scope or unsupported fields: url (9.2321ms)
✔ collector profile rejects changed scope or unsupported fields: collector_login (15.8022ms)
✔ collector profile rejects wrong hashes, changed bytes and duplicate keys (38.7842ms)
✔ profiled collection records the actual principal and rejects identity or profile drift (32.605ms)
✔ read client exposes no arbitrary query or write operation (1.5456ms)
✔ GraphQL cursor remains data, not executable query text (3.1298ms)
✔ GraphQL errors do not become accepted partial data (1.7781ms)
✔ GraphQL reserve prevents further reads (1.7167ms)
✔ collection has an elapsed-time bound (4.4244ms)
✔ dry run uses neither network nor output files (1.6983ms)
✔ CLI rejects apply (0.1607ms)
✔ CLI rejects audit --fixture --live (0.1ms)
✔ CLI rejects audit --fixture --out ../escape.json (0.1468ms)
✔ CLI rejects audit --dry-run --out file.json (0.0933ms)
✔ CLI rejects audit --fixture --assign example-user (0.0773ms)
✔ CLI rejects ask --fixture (0.0761ms)
✔ actual CLI dry run works from another directory and has no network intent (148.8058ms)
✔ test chat prepares an evidence-based reply without sending it (6.0228ms)
✔ test chat rejects wrong tenant (0.3153ms)
✔ test chat rejects wrong group (0.1473ms)
✔ test chat rejects personal chat (0.1407ms)
✔ test chat rejects other channel (0.1274ms)
✔ test chat ignores messages without a mention (0.1352ms)
✔ test chat ignores its own messages (0.1261ms)
✔ test chat refuses mutation requests (5.3073ms)
✔ no production mode or implicit binding (0.3959ms)
ℹ tests 227
ℹ suites 0
ℹ pass 227
ℹ fail 0
ℹ cancelled 0
ℹ skipped 0
ℹ todo 0
ℹ duration_ms 84773.7712
