$ node --test --test-concurrency=2 --test-timeout=180000 scenarios/repo-steward/steward.test.mjs scenarios/repo-steward/actions.test.mjs scenarios/repo-steward/recurring-audit.test.mjs scenarios/repo-steward/feedback.test.mjs scenarios/repo-steward/maintenance.test.mjs scenarios/repo-steward/feedback-cli.test.mjs
✔ Actions preview performs no live reads or summary publication (1.7859ms)
✔ Actions fixture uses the real auditor without GitHub access (26.3679ms)
✔ invalid workflow input is rejected during preview without data access (1.0075ms)
✔ hosted live mode rejects non-Actions host before reading data (0.3419ms)
✔ hosted live mode rejects PR event before reading data (0.9499ms)
✔ hosted live mode rejects another repository before reading data (0.3032ms)
✔ hosted live mode rejects feature branch before reading data (0.309ms)
✔ hosted live mode rejects another actor before reading data (0.2152ms)
✔ hosted live mode rejects another rerun operator before reading data (0.2704ms)
✔ hosted live mode rejects missing triggering actor before reading data (0.309ms)
✔ hosted live mode rejects missing source commit before reading data (0.2877ms)
✔ hosted live mode rejects disabled pilot before reading data (0.2103ms)
✔ hosted live mode rejects unapproved public summary before reading data (0.1426ms)
✔ hosted live mode rejects missing credential before reading data (0.114ms)
✔ hosted live mode rejects blank credential before reading data (0.1581ms)
✔ hosted live mode rejects write-enabled configuration before reading data (0.1311ms)
✔ GITHUB_TOKEN does not substitute for Project-readable credentials (0.1987ms)
✔ an admitted live path collects once and retains zero mutations (5.2624ms)
✔ collector failure does not produce a successful report (0.284ms)
✔ stale hosted snapshots fail instead of publishing old findings (4.5123ms)
✔ public summaries never include free-form source or evidence text (4.6142ms)
✔ summary rejects unknown rule (3.8867ms)
✔ summary rejects bad finding id (4.0411ms)
✔ summary rejects foreign reference (3.6663ms)
✔ summary rejects mutation claim (3.9382ms)
✔ summary rejects wrong scope (4.5303ms)
✔ summary rejects invalid timestamp (3.919ms)
✔ summary rejects bad totals (4.2943ms)
✔ public finding index is bounded without copying omitted details (4.5481ms)
✔ every configured fixture rule has an explicit publication review (3.973ms)
✔ summary file writes remain inside a supplied native temporary directory (18.1695ms)
✔ Actions CLI rejects unsupported arguments --apply (0.2189ms)
✔ Actions CLI rejects unsupported arguments --live (0.0951ms)
✔ Actions CLI rejects unsupported arguments --live (0.0821ms)
✔ actual fixture CLI needs no hosted secrets or Teams SDK (170.3145ms)
✔ manual workflow keeps first-party actions pinned and live credentials isolated (11.7862ms)
✔ feedback CLI rejects unsupported, missing and duplicate transition arguments (2.068ms)
✔ new-file corpus output preserves the previous version and refuses overwrite (21.7119ms)
✔ initializing a corpus binds the validated input scope without changing its snapshot (39.4549ms)
✔ partial snapshot cannot create a corpus file (21.5878ms)
✔ redirected output parent is refused without writing through it (5.2014ms)
✔ review evidence must be a file and cannot use a directory as a digest source (43.3207ms)
✔ review CLI records the exact binary digest and closes its descriptor (80.5207ms)
✔ same-size review replacement between metadata check and open cannot update a corpus (27.7531ms)
✔ review parent swapped for a symlink or junction before open is rejected (33.5054ms)
✔ same-size pathname replacement after descriptor read is rejected (25.1391ms)
✔ same-size in-place review rewrite cannot hide behind a restored modification time (46.3116ms)
✔ review growth after open stays within its original byte bound and is rejected (34.2854ms)
✔ bounded review reads handle partial reads and reject empty or oversized files (23.0377ms)
✔ native behavioral evidence remains candidate with original local source and no finding impersonation (79.6244ms)
✔ native behavioral activation is denied for mixed support and forged active or retired history (47.433ms)
✔ native behavioral candidates can be rejected without widening legacy review authority (49.8487ms)
✔ native behavioral bytes, identity claims, source and repeated runs remain validated (125.1502ms)
✔ evidence binds actual audit finding and supplied snapshot without certifying collection or identity (11.6663ms)
✔ accepted missing Project status binds the native serialized report and finding in evidence and observations (48.2125ms)
✔ auditor optional-field normalization retains strict data-only feedback and report validation (78.4674ms)
✔ timestamp-only or unrelated snapshot changes do not manufacture repeated supporting evidence (47.1713ms)
✔ partial, cross-scope, stale or missing findings cannot become feedback evidence (17.0516ms)
✔ feedback source pins accept exactly 40 or 64 hexadecimal characters, including supplied evidence (74.6746ms)
✔ candidate, active and retired versions preserve their inputs and have exact transition digests (21.8709ms)
✔ one observation, fabricated evidence bytes and replayed reviews cannot activate a rule (74.6656ms)
✔ reviewer labels and claimed approval booleans do not supply verified review authority (22.5654ms)
✔ explicit rejection remains terminal and contributes no advice (42.5646ms)
✔ prospective expiry is mandatory, bounded, and effective at the exact boundary (98.9436ms)
✔ active capacity cannot expand and supersession retires only the exact predecessor (57.1159ms)
✔ supersession rejects stale targets and cannot cross finding rules (41.7618ms)
✔ active guidance annotates only matching findings without hiding or changing original conclusions (24.341ms)
✔ broad matching admits at most the finite annotation limit and never truncates an excessive report (326.6998ms)
✔ serialized output bytes are admitted before escaped guidance and evidence references fan out (74.3769ms)
✔ later audits honor activation and retirement while the original report stays identical (38.5216ms)
✔ unknown executable, suppression, assignment and permission options are rejected (132.9371ms)
✔ stale reports, foreign scope and altered evidence fail closed (24.2719ms)
✔ canonical digests ignore property insertion order but reject executable and non-finite data (0.377ms)
✔ reusable corpus validation preserves input and rejects authority claims or altered guidance (15.7535ms)
✔ explicit collector profile requires a hash and cannot relabel a supplied snapshot (2.8189ms)
✔ recurrence requires finite explicit bounds before reading any input (0.8603ms)
✔ finite recurrence reloads snapshot and feedback on every cycle (2.5429ms)
✔ paused and stopped records prevent collection and input reads (2.1339ms)
✔ exhausted persisted attempts reject before snapshot, feedback or live collection (2.3228ms)
✔ watch admits the final allowed attempt and then stops before collecting another snapshot (1.4081ms)
✔ source mismatch refuses before reading snapshot or feedback (1.1524ms)
✔ a failed cycle stops recurrence without retrying or losing the failure (1.2876ms)
✔ first snapshot acquisition failure retains one sanitized failed attempt (383.2022ms)
✔ later corpus acquisition failure preserves earlier accepted evidence and consumes one attempt (817.0337ms)
✔ live acquisition failure is retained once without raw error text or a retry (304.0777ms)
✔ pause and stop during failed acquisition remain effective without a new admitted attempt (2021.8717ms)
✔ deadline crossing during failed acquisition prevents late attempt admission (1.4629ms)
✔ interruption during failed acquisition prevents a new admitted attempt (1.1128ms)
✔ duration bounds stop admission after collection without writing a late result (0.9948ms)
✔ interruption during an interval exits without another audit (1.1064ms)
✔ control commands delegate exact action, source and reason without collecting (2.7702ms)
✔ status exposes bounded metadata and no retained finding text (1.0594ms)
✔ one audit writes source-bound immutable private reports and an advisory handoff (457.238ms)
✔ fresh capture timestamps and transport metrics alone produce no new report or proposal across restart (723.1936ms)
✔ live state binds the exact selected principal and profile through restart and controls (2481.1784ms)
✔ profile metadata cannot convert supplied evidence or a different live principal into accepted observations (305.6741ms)
✔ changed scoped content produces a new receipt while retaining stable finding dedupe (506.6738ms)
✔ resolved findings are recorded without claiming a remote correction (518.3093ms)
✔ stale input fails and preserves a failed attempt, never reusing previous success (631.0912ms)
✔ future input fails and preserves a failed attempt, never reusing previous success (613.0586ms)
✔ incomplete input fails and preserves a failed attempt, never reusing previous success (572.9287ms)
✔ source drift fails and preserves a failed attempt, never reusing previous success (598.2634ms)
✔ changing the caller source pin cannot migrate an existing directory (471.906ms)
✔ pause prevents input use, resume retains dedupe, and stop cannot resume (2335.5391ms)
✔ concurrent cycles have one winner and never create duplicate accepted receipts (348.3884ms)
✔ retained locks fail closed without PID reuse or timeout-based recovery (18.6459ms)
✔ incomplete intent and rollback to an older checkpoint refuse replay (607.2902ms)
✔ tampered referenced artifacts are rejected and preserved (326.4073ms)
✔ output-directory redirection refuses writes through a symlink or junction (10.4617ms)
✔ an unexpected output file is retained, not overwritten or removed (17.829ms)
✔ status rejects unexpected files in initialized state before accepting its control projection (255.6543ms)
✔ missing, traversal-style and incomplete control requests do not create authority (4.0896ms)
✔ live source claims retain the existing collector identity and zero-write metadata (289.5475ms)
✔ finite convenience API has explicit bounds and performs no scheduling (938.5875ms)
✔ state and artifact redirection are not followed on read (259.5831ms)
✔ alter of earlier history is detected after a newer successful cycle (697.3139ms)
✔ delete of earlier history is detected after a newer successful cycle (666.6072ms)
✔ changed implementation pins fail before a new intent is written (423.6583ms)
✔ a directory replaced while a caller holds its lock cannot redirect any artifact write (346.8723ms)
✔ actual corpus activation and retirement change only separately bound advisory output (1368.2396ms)
✔ expiry invalidates cached advisory annotations even without corpus byte changes (634.6472ms)
✔ mixed retained controls and new cycles enforce one transition bound with a reserved terminal stop (63355.339ms)
✔ accepted snapshots with omitted optional metadata produce parseable JSON artifacts and replay (492.5739ms)
✔ optional auditor metadata works through the real feedback evidence and recurring consumer bridge (527.2796ms)
✔ policy has the ten requested workstreams and never assigns people (3.7388ms)
✔ classification supports Multiplayer (5.8949ms)
✔ classification supports UX/UI (1.7401ms)
✔ classification supports Multi-system execution (1.0675ms)
✔ classification supports Janitor (1.3345ms)
✔ classification supports Dynamic agent teams (1.1676ms)
✔ classification supports DevOps/PR review/branch protection (1.2252ms)
✔ classification supports Security (1.1961ms)
✔ classification supports Agent communication layer (1.2726ms)
✔ classification supports Dark factory automation (1.215ms)
✔ classification supports Backend scalability / pub-sub (1.047ms)
✔ classification preserves labels and assignees (12.7653ms)
✔ UX alias means UX/UI (16.5677ms)
✔ an unassigned issue is not a violation (5.0843ms)
✔ full fixture audit has zero mutations and catches closing-link conflict (4.6566ms)
✔ non-closing prose overrides no native link, not unrelated partial references (3.9739ms)
✔ explicit do-not-close linked issue is flagged (3.815ms)
✔ closed unmerged PR does not close an open issue (4.1187ms)
✔ reopened issue remains open after a historical merged PR (3.4217ms)
✔ no automatic close for several partial PRs (4.0861ms)
✔ only explicit dependency section is interpreted (0.1765ms)
✔ code fences and quoted references are not dependency authority (0.2639ms)
✔ native/text dependency disagreement is flagged (4.3383ms)
✔ matching dependencies do not produce a mismatch (3.9322ms)
✔ dependency cycles are bounded and reported once (4.2487ms)
✔ parent hierarchy mismatch and cycle are detected (3.807ms)
✔ outside-scope dependency is not fetched or treated as complete (3.8793ms)
✔ missing local dependency is unverified, not closed (3.5006ms)
✔ open issue marked Done is flagged without changing the board (3.9976ms)
✔ unknown workstream is a review hint, not a rename (5.7257ms)
✔ locked default branch is flagged, without bypass (3.6321ms)
✔ stale PR source head is reported (3.773ms)
✔ current independent review is accepted as evidence (3.7937ms)
✔ author approval is not current independent human approval (5.2439ms)
✔ bot approval is not current independent human approval (3.5787ms)
✔ old-head approval is not current independent human approval (3.923ms)
✔ later comment does not erase a valid prior approval (4.5579ms)
✔ failed checks and requested changes are surfaced (3.9346ms)
✔ missing checks are not a success (3.9198ms)
✔ stale snapshots are labeled (5.9716ms)
✔ future snapshots fail closed (1.8641ms)
✔ finding IDs are stable across repeated reads (8.4089ms)
✔ reported secrets are redacted and Markdown is escaped (12.5891ms)
✔ refuses: assign #50 to example-user (4.7646ms)
✔ refuses: label #50 multiplayer (4.4437ms)
✔ refuses: close #50 (4.7202ms)
✔ refuses: merge PR #237 (4.2753ms)
✔ refuses: enable auto-merge (4.6094ms)
✔ refuses: delete a branch (4.9153ms)
✔ refuses: approve PR #237 (5.1823ms)
✔ refuses: can you change the rules (5.2513ms)
✔ question answers use recorded evidence and canonical references (4.8995ms)
✔ reverse dependency questions list dependents (4.8102ms)
✔ unknown questions ask for clarification (4.869ms)
✔ untrusted instruction text grants no tools (4.4875ms)
✔ snapshot rejects wrong repo (1.2471ms)
✔ snapshot rejects wrong project (1.0375ms)
✔ snapshot rejects partial coverage (1.0714ms)
✔ snapshot rejects wrong count (1.1684ms)
✔ snapshot rejects duplicate issue (1.2453ms)
✔ snapshot rejects hostile URL (1.0305ms)
✔ snapshot rejects hidden project item (1.0884ms)
✔ snapshot rejects cross-repo item (1.1363ms)
✔ snapshot rejects duplicate project item (1.4638ms)
✔ snapshot rejects oversized body (1.1217ms)
✔ collector completes two matching passes with no writes (5.4022ms)
✔ collector rejects issue drift between passes (2.5314ms)
✔ collector rejects incomplete nested dependencies (1.5495ms)
✔ collector rejects a changed PR head/check binding (1.1937ms)
✔ collector rejects repeated pagination cursors (1.2951ms)
✔ collector rejects inaccessible connection entries (0.1505ms)
✔ read client verifies Bakar404 and never switches accounts (1.3495ms)
✔ explicit hash-pinned read principal does not change the pilot or read allowlist (16.9898ms)
✔ collector profile rejects changed scope or unsupported fields: repository (16.8107ms)
✔ collector profile rejects changed scope or unsupported fields: project_id (19.719ms)
✔ collector profile rejects changed scope or unsupported fields: project_number (23.9959ms)
✔ collector profile rejects changed scope or unsupported fields: token (18.1836ms)
✔ collector profile rejects changed scope or unsupported fields: url (19.2322ms)
✔ collector profile rejects changed scope or unsupported fields: collector_login (20.8438ms)
✔ collector profile rejects wrong hashes, changed bytes and duplicate keys (45.8858ms)
✔ profiled collection records the actual principal and rejects identity or profile drift (37.681ms)
✔ read client exposes no arbitrary query or write operation (1.2935ms)
✔ GraphQL cursor remains data, not executable query text (1.1232ms)
✔ GraphQL errors do not become accepted partial data (1.3398ms)
✔ GraphQL reserve prevents further reads (1.0497ms)
✔ collection has an elapsed-time bound (0.995ms)
✔ dry run uses neither network nor output files (1.3127ms)
✔ CLI rejects apply (0.1457ms)
✔ CLI rejects audit --fixture --live (0.1025ms)
✔ CLI rejects audit --fixture --out ../escape.json (0.1548ms)
✔ CLI rejects audit --dry-run --out file.json (0.1358ms)
✔ CLI rejects audit --fixture --assign example-user (0.0882ms)
✔ CLI rejects ask --fixture (0.0833ms)
✔ actual CLI dry run works from another directory and has no network intent (147.2499ms)
✔ test chat prepares an evidence-based reply without sending it (5.8155ms)
✔ test chat rejects wrong tenant (0.3202ms)
✔ test chat rejects wrong group (0.1917ms)
✔ test chat rejects personal chat (0.1379ms)
✔ test chat rejects other channel (0.1448ms)
✔ test chat ignores messages without a mention (0.2107ms)
✔ test chat ignores its own messages (0.1981ms)
✔ test chat refuses mutation requests (5.1099ms)
✔ no production mode or implicit binding (0.2425ms)
ℹ tests 227
ℹ suites 0
ℹ pass 227
ℹ fail 0
ℹ cancelled 0
ℹ skipped 0
ℹ todo 0
ℹ duration_ms 84315.4993
