F02 component regressions passed: 124 invalid/reserved cases across all three plan inputs and forward separators.
{"drive":"Q:","event":"alias-before","fixture":"<local-user>\\AppData\\Local\\Temp\\ecorp-u1-preflight-81ed5c4c1dd149998d794b69163c7fc8","mapping":null}
{"sameSentinel":true,"drive":"Q:","event":"alias-created","target":"\\??\\<local-user>\\AppData\\Local\\Temp\\ecorp-u1-preflight-81ed5c4c1dd149998d794b69163c7fc8\\retained-office"}
F01 native alias rejected in Root.
F01 native alias rejected in Product.
F01 native alias rejected in Protected.
{"drive":"Q:","event":"alias-cleanup","removedTarget":"\\??\\<local-user>\\AppData\\Local\\Temp\\ecorp-u1-preflight-81ed5c4c1dd149998d794b69163c7fc8\\retained-office","mapping":null}
WARNING: Native 8.3 alias cases BLOCKED: the fixture volume did not supply a distinct short name. These cases were not executed and are not passing coverage.
{"mode":"ReportUnavailable","distinctAlias":false,"event":"native-short-alias","status":"blocked","executed":false}
F01 native SUBST/unmapped-drive and simulated mapped/unknown-drive regressions passed.
{"fixture":"<local-user>\\AppData\\Local\\Temp\\ecorp-u1-preflight-81ed5c4c1dd149998d794b69163c7fc8","drive":"Q:","event":"volume-before","target":"\\Device\\HarddiskVolume4","mapping":null}
{"sameSentinel":true,"drive":"Q:","event":"volume-created","target":"\\Device\\HarddiskVolume4"}
F01 native same-volume disjoint control passed: Root.
F01 native same-volume disjoint control passed: Product.
F01 native same-volume disjoint control passed: Protected.
F01 native same-volume overlap rejected: Root.
F01 native same-volume overlap rejected: Protected.
F01 native same-volume overlap rejected: Product.
F01 native same-volume overlap rejected: protected drive root.
F01 native same-volume overlap rejected: aliased protected drive root.
{"drive":"Q:","event":"volume-cleanup","exactMatch":true,"removedTarget":"\\Device\\HarddiskVolume4","mapping":null}
F01 native same-volume aliases, disjoint DOS-path controls and drive-root ancestry regressions passed.
F03 native short-alias Git identity BLOCKED: no distinct alias; not executed.
F03 native clean control passed with distinct candidate/foreign identities.
F03 native tracked/untracked dirty controls passed; source bytes preserved.
F03 native selection rejected: GIT_DIR+GIT_WORK_TREE
F03 native selection rejected: GIT_DIR
F03 native selection rejected: GIT_WORK_TREE
F03 native selection rejected: GIT_COMMON_DIR
F03 native selection rejected: GIT_INDEX_FILE
F03 native selection rejected: GIT_CONFIG
F03 native selection rejected: GIT_CONFIG_GLOBAL
F03 native selection rejected: GIT_CONFIG_SYSTEM
F03 native selection rejected: GIT_CONFIG_PARAMETERS
F03 native selection rejected: GIT_CONFIG_COUNT+GIT_CONFIG_KEY_0+GIT_CONFIG_VALUE_0
F03 native selection rejected: GIT_CONFIG_VALUE_77
F03 native selection rejected: GIT_OBJECT_DIRECTORY
F03 native selection rejected: GIT_ALTERNATE_OBJECT_DIRECTORIES
F03 native Git selection, identity binding, value non-disclosure and preservation regressions passed.
U1 portable preflight path, port, tool, source, registry, report and read-only regressions passed. Native 8.3 alias lane: blocked.
