   Compiling crypto-common v0.1.7
   Compiling bytes v1.12.1
   Compiling digest v0.10.7
   Compiling smallvec v1.15.2
   Compiling sha2 v0.10.9
   Compiling hmac v0.12.1
   Compiling signature v2.2.0
   Compiling hashbrown v0.15.5
   Compiling arrayvec v0.7.8
   Compiling elliptic-curve v0.13.8
   Compiling serde_json v1.0.151
   Compiling rfc6979 v0.4.0
   Compiling parking_lot_core v0.9.12
   Compiling alloy-rlp v0.3.16
   Compiling ecdsa v0.16.9
   Compiling const-hex v1.19.1
   Compiling ruint v1.20.0
   Compiling k256 v0.13.4
   Compiling parking_lot v0.12.5
   Compiling alloy-primitives v0.8.26
   Compiling tokio v1.53.1
   Compiling http v1.5.0
   Compiling alloy-eip7702 v0.4.2
   Compiling http-body v1.1.0
   Compiling alloy-serde v0.8.3
   Compiling alloy-eip2930 v0.1.0
   Compiling icu_normalizer v2.3.0
   Compiling nybbles v0.3.4
   Compiling alloy-trie v0.7.9
   Compiling idna_adapter v1.2.2
   Compiling alloy-eips v0.8.3
   Compiling rustls v0.23.43
   Compiling alloy-sol-types v0.8.26
   Compiling alloy-consensus v0.8.3
   Compiling idna v1.1.0
   Compiling tokio-util v0.7.19
   Compiling url v2.5.8
   Compiling h2 v0.4.19
   Compiling alloy-network-primitives v0.8.3
   Compiling alloy-consensus-any v0.8.3
   Compiling itertools v0.13.0
   Compiling alloy-rpc-types-eth v0.8.3
   Compiling hyper v1.11.1
   Compiling hyper-util v0.1.20
   Compiling tower v0.5.3
   Compiling http-body-util v0.1.5
   Compiling sqlx-core v0.8.6
   Compiling tokio-rustls v0.26.4
   Compiling sha1 v0.10.7
   Compiling hyper-rustls v0.27.9
   Compiling alloy-signer v0.8.3
   Compiling tower-http v0.6.11
   Compiling alloy-rpc-types-any v0.8.3
   Compiling sqlx-postgres v0.8.6
   Compiling alloy-json-rpc v0.8.3
   Compiling tokio-stream v0.1.19
   Compiling futures-intrusive v0.5.0
   Compiling hashlink v0.10.0
   Compiling md-5 v0.10.6
   Compiling tungstenite v0.29.0
   Compiling alloy-network v0.8.3
   Compiling curve25519-dalek v4.1.3
   Compiling sqlx-macros-core v0.8.6
   Compiling reqwest v0.12.28
   Compiling ed25519 v2.2.3
   Compiling hkdf v0.12.4
   Compiling axum-core v0.5.6
   Compiling blake3 v1.8.7
   Compiling ed25519-dalek v2.2.0
   Compiling sqlx-macros v0.8.6
   Compiling alloy-signer-local v0.8.3
   Compiling tokio-tungstenite v0.29.0
   Compiling alloy-rpc-types v0.8.3
   Compiling alloy-core v0.8.26
   Compiling inout v0.1.4
   Compiling axum v0.8.9
   Compiling crony-audit v0.1.0 (<reviewed-worktree>\crates\crony-audit)
   Compiling cipher v0.4.4
   Compiling alloy v0.8.3
   Compiling sqlx v0.8.6
   Compiling crony-domain v0.1.0 (<reviewed-worktree>\crates\crony-domain)
   Compiling universal-hash v0.5.1
   Compiling poly1305 v0.8.0
   Compiling crony-base v0.1.0 (<reviewed-worktree>\crates\crony-base)
   Compiling chacha20 v0.9.1
   Compiling aead v0.5.2
   Compiling dashmap v6.2.1
   Compiling object_store v0.12.5
   Compiling crony-store v0.1.0 (<reviewed-worktree>\crates\crony-store)
   Compiling tracing-subscriber v0.3.23
   Compiling chacha20poly1305 v0.10.1
   Compiling crony-protocol v0.1.0 (<reviewed-worktree>\crates\crony-protocol)
   Compiling crony-server v0.1.0 (<reviewed-worktree>\crates\crony-server)
    Finished `test` profile [unoptimized + debuginfo] target(s) in 4m 05s
warning: the following packages contain code that will be rejected by a future version of Rust: proc-macro-error2 v2.0.1
note: to see what the problems were, use the option `--future-incompat-report`, or run `cargo report future-incompatibilities --id 1`
     Running unittests src\base_worker.rs (<local-user>\code\ecorp-pr324-completion-20260922\target-validation\debug\deps\crony_base_worker-954374bc6dd353d1.exe)

running 1 test
test tests::base_worker_observation_paging_http_restart_and_finalized_boundary ... ok

test result: ok. 1 passed; 0 failed; 0 ignored; 0 measured; 1 filtered out; finished in 11.97s

     Running unittests src\main.rs (<local-user>\code\ecorp-pr324-completion-20260922\target-validation\debug\deps\crony_server-d9301b19f397c9a9.exe)

running 1 test
test base_worker::tests::base_worker_observation_paging_http_restart_and_finalized_boundary ... ok

test result: ok. 1 passed; 0 failed; 0 ignored; 0 measured; 147 filtered out; finished in 12.13s
