   Compiling crony-store v0.1.0 (<reviewed-worktree>\crates\crony-store)
    Finished `test` profile [unoptimized + debuginfo] target(s) in 2m 41s
warning: the following packages contain code that will be rejected by a future version of Rust: proc-macro-error2 v2.0.1
note: to see what the problems were, use the option `--future-incompat-report`, or run `cargo report future-incompatibilities --id 1`
     Running unittests src\base_worker.rs (<local-user>\code\ecorp-pr324-completion-20260922\target-validation\debug\deps\crony_base_worker-954374bc6dd353d1.exe)

running 0 tests

test result: ok. 0 passed; 0 failed; 0 ignored; 0 measured; 2 filtered out; finished in 0.00s

     Running unittests src\main.rs (<local-user>\code\ecorp-pr324-completion-20260922\target-validation\debug\deps\crony_server-d9301b19f397c9a9.exe)

running 2 tests
test state_audit::tests::issue281_publisher_missing_witness_is_durably_disabled ... ok
test state_audit::tests::issue281_publisher_other_corp_witness_is_not_authority ... ok

test result: ok. 2 passed; 0 failed; 0 ignored; 0 measured; 146 filtered out; finished in 18.81s

     Running unittests src\lib.rs (<local-user>\code\ecorp-pr324-completion-20260922\target-validation\debug\deps\crony_store-4da6a081bcd13a6e.exe)

running 20 tests
test state_audit_tests::issue281_atomic_revision_retry_refusal_and_rollback ... ok
test state_audit_tests::issue281_authority_checks_lock_actor_role_against_demotion ... ok
test state_audit_tests::issue281_budget_proposal_retry_returns_original_after_approval ... ok
test state_audit_tests::issue281_capacity_and_sql_index_corruption_fail_closed ... ok
test state_audit_tests::issue281_checkpoint_export_is_complete_and_replays_exactly ... ok
test state_audit_tests::issue281_concurrency_and_failed_audit_insert_rollback ... ok
test state_audit_tests::issue281_covered_task_cannot_escape_by_reparenting ... ok
test state_audit_tests::issue281_durable_independent_anchor_schedules ... ok
test state_audit_tests::issue281_durable_publisher_interruption_and_covering_catchup ... ok
test state_audit_tests::issue281_existing_checkpoint_key_is_adopted_after_schema_upgrade ... ok
test state_audit_tests::issue281_ledger_identity_is_immutable ... ok
test state_audit_tests::issue281_legacy_source_commit_upgrade_is_audited_atomically ... ok
test state_audit_tests::issue281_nonpolicy_error_is_not_fabricated_as_refusal ... ok
test state_audit_tests::issue281_precoverage_native_retry_is_not_retroactively_audited ... ok
test state_audit_tests::issue281_restore_divergence_disables_until_explicit_reconciliation ... ok
test state_audit_tests::issue283_additive_guard_upgrades_existing_foundation ... ok
test state_audit_tests::issue283_coverage_identity_survives_governance_mutations ... ok
test state_audit_tests::issue283_midpublication_ancestry_rewrite_disables_destination ... ok
test state_audit_tests::issue283_nonmonotonic_budget_refusal_is_audited_and_replayed ... ok
test state_audit_tests::native_archive_publication_requires_complete_readback_and_upgrades_legacy_receipt ... ok

test result: ok. 20 passed; 0 failed; 0 ignored; 0 measured; 437 filtered out; finished in 59.17s
