✖ CI remote actions use the accepted target immutable SHA pins (7.8785ms)
✖ every pinned Rust action explicitly retains toolchain 1.98.1 (1.3042ms)
✔ Windows runner tests are serialized without filtering tests or changing Unix scheduling (1.8574ms)
✔ Windows primary ACL path runs before explicit prewarming and the complete serial suite (4.2281ms)
✔ Windows warm-up remains bounded and leaves native ACL enforcement unchanged (4.5575ms)
ℹ tests 5
ℹ suites 0
ℹ pass 3
ℹ fail 2
ℹ cancelled 0
ℹ skipped 0
ℹ todo 0
ℹ duration_ms 168.1237

✖ failing tests:

test at tools\ci_runner_tests.test.mjs:6:1
✖ CI remote actions use the accepted target immutable SHA pins (7.8785ms)
  AssertionError [ERR_ASSERTION]: Expected values to be strictly deep-equal:
  + actual - expected
  
    [
  +   'actions/checkout@v4',
  +   'dtolnay/rust-toolchain@stable',
  +   'pnpm/action-setup@v4',
  +   'actions/setup-node@v4',
  +   'Swatinem/rust-cache@v2',
  +   'actions/checkout@v4',
  +   'dtolnay/rust-toolchain@stable',
  +   'pnpm/action-setup@v4',
  +   'actions/setup-node@v4',
  +   'Swatinem/rust-cache@v2',
  +   'actions/upload-artifact@v4',
  +   'actions/checkout@v4',
  +   'dtolnay/rust-toolchain@stable',
  +   'actions/setup-node@v4',
  +   'Swatinem/rust-cache@v2',
  +   'actions/upload-artifact@v4',
  +   'actions/checkout@v4',
  +   'dtolnay/rust-toolchain@stable',
  +   'actions/setup-node@v4',
  +   'Swatinem/rust-cache@v2',
  +   'actions/upload-artifact@v4',
  +   'actions/checkout@v4',
  +   'dtolnay/rust-toolchain@stable',
  +   'pnpm/action-setup@v4',
  +   'actions/setup-node@v4',
  +   'Swatinem/rust-cache@v2'
  -   'actions/checkout@3d3c42e5aac5ba805825da76410c181273ba90b1',
  -   'dtolnay/rust-toolchain@6bed0761d98439e5a578e2877258200ad565ba87',
  -   'pnpm/action-setup@ea17c68df8912ef543352723c149a84f56e3d413',
  -   'actions/setup-node@820762786026740c76f36085b0efc47a31fe5020',
  -   'Swatinem/rust-cache@6323deb102c322ba6fcbdcafc7e3dddab59af2b6',
  -   'actions/checkout@3d3c42e5aac5ba805825da76410c181273ba90b1',
  -   'dtolnay/rust-toolchain@6bed0761d98439e5a578e2877258200ad565ba87',
  -   'pnpm/action-setup@ea17c68df8912ef543352723c149a84f56e3d413',
  -   'actions/setup-node@820762786026740c76f36085b0efc47a31fe5020',
  -   'Swatinem/rust-cache@6323deb102c322ba6fcbdcafc7e3dddab59af2b6',
  -   'actions/upload-artifact@ea165f8d65b6e75b540449e92b4886f43607fa02',
  -   'actions/checkout@3d3c42e5aac5ba805825da76410c181273ba90b1',
  -   'dtolnay/rust-toolchain@6bed0761d98439e5a578e2877258200ad565ba87',
  -   'actions/setup-node@820762786026740c76f36085b0efc47a31fe5020',
  -   'Swatinem/rust-cache@6323deb102c322ba6fcbdcafc7e3dddab59af2b6',
  -   'actions/upload-artifact@ea165f8d65b6e75b540449e92b4886f43607fa02',
  -   'actions/checkout@3d3c42e5aac5ba805825da76410c181273ba90b1',
  -   'dtolnay/rust-toolchain@6bed0761d98439e5a578e2877258200ad565ba87',
  -   'actions/setup-node@820762786026740c76f36085b0efc47a31fe5020',
  -   'Swatinem/rust-cache@6323deb102c322ba6fcbdcafc7e3dddab59af2b6',
  -   'actions/upload-artifact@ea165f8d65b6e75b540449e92b4886f43607fa02',
  -   'actions/checkout@3d3c42e5aac5ba805825da76410c181273ba90b1',
  -   'dtolnay/rust-toolchain@6bed0761d98439e5a578e2877258200ad565ba87',
  -   'pnpm/action-setup@ea17c68df8912ef543352723c149a84f56e3d413',
  -   'actions/setup-node@820762786026740c76f36085b0efc47a31fe5020',
  -   'Swatinem/rust-cache@6323deb102c322ba6fcbdcafc7e3dddab59af2b6'
    ]
  
      at TestContext.<anonymous> (file:///C:/Users/sschofield/repos/ecorp-pr237-review-fixes/tools/ci_runner_tests.test.mjs:19:10)
      at Test.runInAsyncScope (node:async_hooks:227:14)
      at Test.run (node:internal/test_runner/test:1306:25)
      at Test.start (node:internal/test_runner/test:1177:17)
      at startSubtestAfterBootstrap (node:internal/test_runner/harness:385:17) {
    generatedMessage: true,
    code: 'ERR_ASSERTION',
    actual: [
      'actions/checkout@v4',           'dtolnay/rust-toolchain@stable',
      'pnpm/action-setup@v4',          'actions/setup-node@v4',
      'Swatinem/rust-cache@v2',        'actions/checkout@v4',
      'dtolnay/rust-toolchain@stable', 'pnpm/action-setup@v4',
      'actions/setup-node@v4',         'Swatinem/rust-cache@v2',
      'actions/upload-artifact@v4',    'actions/checkout@v4',
      'dtolnay/rust-toolchain@stable', 'actions/setup-node@v4',
      'Swatinem/rust-cache@v2',        'actions/upload-artifact@v4',
      'actions/checkout@v4',           'dtolnay/rust-toolchain@stable',
      'actions/setup-node@v4',         'Swatinem/rust-cache@v2',
      'actions/upload-artifact@v4',    'actions/checkout@v4',
      'dtolnay/rust-toolchain@stable', 'pnpm/action-setup@v4',
      'actions/setup-node@v4',         'Swatinem/rust-cache@v2'
    ],
    expected: [ 'actions/checkout@3d3c42e5aac5ba805825da76410c181273ba90b1', 'dtolnay/rust-toolchain@6bed0761d98439e5a578e2877258200ad565ba87', 'pnpm/action-setup@ea17c68df8912ef543352723c149a84f56e3d413', 'actions/setup-node@820762786026740c76f36085b0efc47a31fe5020', 'Swatinem/rust-cache@6323deb102c322ba6fcbdcafc7e3dddab59af2b6', 'actions/checkout@3d3c42e5aac5ba805825da76410c181273ba90b1', 'dtolnay/rust-toolchain@6bed0761d98439e5a578e2877258200ad565ba87', 'pnpm/action-setup@ea17c68df8912ef543352723c149a84f56e3d413', 'actions/setup-node@820762786026740c76f36085b0efc47a31fe5020', 'Swatinem/rust-cache@6323deb102c322ba6fcbdcafc7e3dddab59af2b6', 'actions/upload-artifact@ea165f8d65b6e75b540449e92b4886f43607fa02', 'actions/checkout@3d3c42e5aac5ba805825da76410c181273ba90b1', 'dtolnay/rust-toolchain@6bed0761d98439e5a578e2877258200ad565ba87', 'actions/setup-node@820762786026740c76f36085b0efc47a31fe5020', 'Swatinem/rust-cache@6323deb102c322ba6fcbdcafc7e3dddab59af2b6', 'actions/upload-artifact@ea165f8d65b6e75b540449e92b4886f43607fa02', 'actions/checkout@3d3c42e5aac5ba805825da76410c181273ba90b1', 'dtolnay/rust-toolchain@6bed0761d98439e5a578e2877258200ad565ba87', 'actions/setup-node@820762786026740c76f36085b0efc47a31fe5020', 'Swatinem/rust-cache@6323deb102c322ba6fcbdcafc7e3dddab59af2b6', 'actions/upload-artifact@ea165f8d65b6e75b540449e92b4886f43607fa02', 'actions/checkout@3d3c42e5aac5ba805825da76410c181273ba90b1', 'dtolnay/rust-toolchain@6bed0761d98439e5a578e2877258200ad565ba87', 'pnpm/action-setup@ea17c68df8912ef543352723c149a84f56e3d413', 'actions/setup-node@820762786026740c76f36085b0efc47a31fe5020', 'Swatinem/rust-cache@6323deb102c322ba6fcbdcafc7e3dddab59af2b6' ],
    operator: 'deepStrictEqual',
    diff: 'simple'
  }

test at tools\ci_runner_tests.test.mjs:26:1
✖ every pinned Rust action explicitly retains toolchain 1.98.1 (1.3042ms)
  AssertionError [ERR_ASSERTION]: The input did not match the regular expression /^        with:\n          toolchain: 1\.98\.1\n/u. Input:
  
  '        with:\n          components: rustfmt, clippy\n'
  
      at TestContext.<anonymous> (file:///C:/Users/sschofield/repos/ecorp-pr237-review-fixes/tools/ci_runner_tests.test.mjs:31:46)
      at Test.runInAsyncScope (node:async_hooks:227:14)
      at Test.run (node:internal/test_runner/test:1306:25)
      at Test.processPendingSubtests (node:internal/test_runner/test:897:18)
      at Test.postRun (node:internal/test_runner/test:1447:19)
      at Test.run (node:internal/test_runner/test:1372:12)
      at async startSubtestAfterBootstrap (node:internal/test_runner/harness:385:3) {
    generatedMessage: true,
    code: 'ERR_ASSERTION',
    actual: '        with:\n          components: rustfmt, clippy\n',
    expected: /^        with:\n          toolchain: 1\.98\.1\n/u,
    operator: 'match',
    diff: 'simple'
  }
