✔ driver evidence retention: late-failure (986.1813ms)
ℹ Retained synthetic fixture and receipts: <private-evidence>\pr325-retention-r5\F02-late-failure-cbkvh5
✔ driver evidence retention: copy-failure (996.6795ms)
ℹ Retained synthetic fixture and receipts: <private-evidence>\pr325-retention-r5\F02-copy-failure-pCoGmw
✔ driver evidence retention: stream-retention-failure (1028.2691ms)
ℹ Retained synthetic fixture and receipts: <private-evidence>\pr325-retention-r5\F02-stream-retention-failure-eg4i8D
✔ driver evidence retention: negative-failure (466.3347ms)
ℹ Retained synthetic fixture and receipts: <private-evidence>\pr325-retention-r5\F02-negative-failure-AS2b8z
✔ driver evidence retention: cli-failure (1090.6047ms)
ℹ Retained synthetic fixture and receipts: <private-evidence>\pr325-retention-r5\F02-cli-failure-K8tvhE
✔ driver evidence retention: summary-retention-failure (1132.9384ms)
ℹ Retained synthetic fixture and receipts: <private-evidence>\pr325-retention-r5\F02-summary-retention-failure-vf3LIN
✔ driver evidence retention: success (1174.0549ms)
ℹ Retained synthetic fixture and receipts: <private-evidence>\pr325-retention-r5\F02-success-3Ke9Yf
Preparing worktree (detached HEAD 37ea42e)
✔ browser evidence output scope: missing-inside (1159.8826ms)
ℹ Retained independent Git fixture and receipts: <private-evidence>\pr325-scope-after-r5\F03-missing-inside-6WOyHp
Preparing worktree (detached HEAD ba26cad)
✔ browser evidence output scope: existing-inside (1104.9115ms)
ℹ Retained independent Git fixture and receipts: <private-evidence>\pr325-scope-after-r5\F03-existing-inside-nvNDxj
Preparing worktree (detached HEAD cb8efb6)
✔ browser evidence output scope: aliased-inside (1061.3571ms)
ℹ Retained independent Git fixture and receipts: <private-evidence>\pr325-scope-after-r5\F03-aliased-inside-0jxzIq
Preparing worktree (detached HEAD 25c8a19)
✔ browser evidence output scope: valid-sibling (991.2043ms)
ℹ Retained independent Git fixture and receipts: <private-evidence>\pr325-scope-after-r5\F03-valid-sibling-Xmge17
ℹ tests 11
ℹ suites 0
ℹ pass 11
ℹ fail 0
ℹ cancelled 0
ℹ skipped 0
ℹ todo 0
ℹ duration_ms 7044.8177
