$ node --test --test-concurrency=2 --test-timeout=180000 scenarios/repo-steward/steward.test.mjs scenarios/repo-steward/actions.test.mjs scenarios/repo-steward/recurring-audit.test.mjs scenarios/repo-steward/feedback.test.mjs scenarios/repo-steward/maintenance.test.mjs scenarios/repo-steward/feedback-cli.test.mjs
✔ Actions preview performs no live reads or summary publication (2.3052ms)
✔ Actions fixture uses the real auditor without GitHub access (29.6722ms)
✔ invalid workflow input is rejected during preview without data access (1.0328ms)
✔ hosted live mode rejects non-Actions host before reading data (0.353ms)
✔ hosted live mode rejects PR event before reading data (0.9881ms)
✔ hosted live mode rejects another repository before reading data (0.173ms)
✔ hosted live mode rejects feature branch before reading data (0.2712ms)
✔ hosted live mode rejects another actor before reading data (0.2245ms)
✔ hosted live mode rejects another rerun operator before reading data (0.2504ms)
✔ hosted live mode rejects missing triggering actor before reading data (0.2646ms)
✔ hosted live mode rejects missing source commit before reading data (0.287ms)
✔ hosted live mode rejects disabled pilot before reading data (0.2016ms)
✔ hosted live mode rejects unapproved public summary before reading data (0.1513ms)
✔ hosted live mode rejects missing credential before reading data (0.1206ms)
✔ hosted live mode rejects blank credential before reading data (0.1751ms)
✔ hosted live mode rejects write-enabled configuration before reading data (0.1546ms)
✔ GITHUB_TOKEN does not substitute for Project-readable credentials (0.2128ms)
✔ an admitted live path collects once and retains zero mutations (5.7733ms)
✔ collector failure does not produce a successful report (0.4567ms)
✔ stale hosted snapshots fail instead of publishing old findings (5.3167ms)
✔ public summaries never include free-form source or evidence text (7.8663ms)
✔ summary rejects unknown rule (3.9688ms)
✔ summary rejects bad finding id (6.1839ms)
✔ summary rejects foreign reference (4.4707ms)
✔ summary rejects mutation claim (4.1781ms)
✔ summary rejects wrong scope (4.5136ms)
✔ summary rejects invalid timestamp (4.5492ms)
✔ summary rejects bad totals (4.8422ms)
✔ public finding index is bounded without copying omitted details (5.1889ms)
✔ every configured fixture rule has an explicit publication review (4.5914ms)
✔ summary file writes remain inside a supplied native temporary directory (9.3976ms)
✔ Actions CLI rejects unsupported arguments --apply (0.2369ms)
✔ Actions CLI rejects unsupported arguments --live (0.1022ms)
✔ Actions CLI rejects unsupported arguments --live (0.0897ms)
✔ actual fixture CLI needs no hosted secrets or Teams SDK (212.4632ms)
✔ manual workflow keeps first-party actions pinned and live credentials isolated (2.4426ms)
✔ feedback CLI rejects unsupported, missing and duplicate transition arguments (2.0906ms)
✔ new-file corpus output preserves the previous version and refuses overwrite (24.3454ms)
✔ initializing a corpus binds the validated input scope without changing its snapshot (48.7277ms)
✔ partial snapshot cannot create a corpus file (25.0393ms)
✔ redirected output parent is refused without writing through it (5.7185ms)
✔ review evidence must be a file and cannot use a directory as a digest source (47.4232ms)
✔ review CLI records the exact binary digest and closes its descriptor (94.9501ms)
✔ same-size review replacement between metadata check and open cannot update a corpus (33.401ms)
✔ review parent swapped for a symlink or junction before open is rejected (43.3281ms)
✔ same-size pathname replacement after descriptor read is rejected (39.2053ms)
✔ same-size in-place review rewrite cannot hide behind a restored modification time (41.8393ms)
✔ review growth after open stays within its original byte bound and is rejected (29.7956ms)
✔ bounded review reads handle partial reads and reject empty or oversized files (19.3679ms)
✔ native behavioral evidence remains candidate with original local source and no finding impersonation (69.9972ms)
✔ native behavioral activation is denied for mixed support and forged active or retired history (44.5789ms)
✔ native behavioral candidates can be rejected without widening legacy review authority (49.8516ms)
✔ native behavioral bytes, identity claims, source and repeated runs remain validated (127.4674ms)
✔ evidence binds actual audit finding and supplied snapshot without certifying collection or identity (14.7521ms)
✔ accepted missing Project status binds the native serialized report and finding in evidence and observations (47.298ms)
✔ auditor optional-field normalization retains strict data-only feedback and report validation (71.9977ms)
✔ timestamp-only or unrelated snapshot changes do not manufacture repeated supporting evidence (33.1435ms)
✔ partial, cross-scope, stale or missing findings cannot become feedback evidence (23.4906ms)
✔ feedback source pins accept exactly 40 or 64 hexadecimal characters, including supplied evidence (119.7507ms)
✔ candidate, active and retired versions preserve their inputs and have exact transition digests (37.3001ms)
✔ one observation, fabricated evidence bytes and replayed reviews cannot activate a rule (99.431ms)
✔ reviewer labels and claimed approval booleans do not supply verified review authority (36.6835ms)
✔ explicit rejection remains terminal and contributes no advice (50.2757ms)
✔ prospective expiry is mandatory, bounded, and effective at the exact boundary (123.2759ms)
✔ active capacity cannot expand and supersession retires only the exact predecessor (71.9507ms)
✔ supersession rejects stale targets and cannot cross finding rules (57.8485ms)
✔ active guidance annotates only matching findings without hiding or changing original conclusions (25.3314ms)
✔ broad matching admits at most the finite annotation limit and never truncates an excessive report (427.8082ms)
✔ serialized output bytes are admitted before escaped guidance and evidence references fan out (75.7933ms)
✔ later audits honor activation and retirement while the original report stays identical (48.0149ms)
✔ unknown executable, suppression, assignment and permission options are rejected (165.8793ms)
✔ stale reports, foreign scope and altered evidence fail closed (36.517ms)
✔ canonical digests ignore property insertion order but reject executable and non-finite data (0.5095ms)
✔ reusable corpus validation preserves input and rejects authority claims or altered guidance (18.4797ms)
✔ explicit collector profile requires a hash and cannot relabel a supplied snapshot (4.5239ms)
✔ recurrence requires finite explicit bounds before reading any input (1.2994ms)
✔ finite recurrence reloads snapshot and feedback on every cycle (3.6752ms)
✔ paused and stopped records prevent collection and input reads (3.6993ms)
✔ exhausted persisted attempts reject before snapshot, feedback or live collection (3.1869ms)
✔ watch admits the final allowed attempt and then stops before collecting another snapshot (1.7316ms)
✔ source mismatch refuses before reading snapshot or feedback (1.8689ms)
✔ a failed cycle stops recurrence without retrying or losing the failure (2.0139ms)
✔ first snapshot acquisition failure retains one sanitized failed attempt (413.0823ms)
✔ later corpus acquisition failure preserves earlier accepted evidence and consumes one attempt (973.4681ms)
✔ live acquisition failure is retained once without raw error text or a retry (377.1635ms)
✔ pause and stop during failed acquisition remain effective without a new admitted attempt (2345.1775ms)
✔ deadline crossing during failed acquisition prevents late attempt admission (1.5028ms)
✔ interruption during failed acquisition prevents a new admitted attempt (1.3497ms)
✔ duration bounds stop admission after collection without writing a late result (1.1891ms)
✔ interruption during an interval exits without another audit (1.5199ms)
✔ control commands delegate exact action, source and reason without collecting (3.8882ms)
✔ status exposes bounded metadata and no retained finding text (1.4799ms)
✔ one audit writes source-bound immutable private reports and an advisory handoff (501.8408ms)
✔ fresh capture timestamps and transport metrics alone produce no new report or proposal across restart (852.4373ms)
✔ live state binds the exact selected principal and profile through restart and controls (2874.799ms)
✔ profile metadata cannot convert supplied evidence or a different live principal into accepted observations (312.6101ms)
✔ changed scoped content produces a new receipt while retaining stable finding dedupe (587.3422ms)
✔ resolved findings are recorded without claiming a remote correction (537.5713ms)
✔ stale input fails and preserves a failed attempt, never reusing previous success (619.401ms)
✔ future input fails and preserves a failed attempt, never reusing previous success (655.0346ms)
✔ incomplete input fails and preserves a failed attempt, never reusing previous success (938.7881ms)
✔ source drift fails and preserves a failed attempt, never reusing previous success (798.1956ms)
✔ changing the caller source pin cannot migrate an existing directory (704.8036ms)
✔ pause prevents input use, resume retains dedupe, and stop cannot resume (2825.7647ms)
✔ concurrent cycles have one winner and never create duplicate accepted receipts (437.0799ms)
✔ retained locks fail closed without PID reuse or timeout-based recovery (19.8881ms)
✔ incomplete intent and rollback to an older checkpoint refuse replay (610.3171ms)
✔ tampered referenced artifacts are rejected and preserved (318.3015ms)
✔ output-directory redirection refuses writes through a symlink or junction (14.6266ms)
✔ an unexpected output file is retained, not overwritten or removed (25.9837ms)
✔ status rejects unexpected files in initialized state before accepting its control projection (344.1124ms)
✔ missing, traversal-style and incomplete control requests do not create authority (4.64ms)
✔ live source claims retain the existing collector identity and zero-write metadata (312.6123ms)
✔ finite convenience API has explicit bounds and performs no scheduling (1119.0278ms)
✔ state and artifact redirection are not followed on read (286.2757ms)
✔ alter of earlier history is detected after a newer successful cycle (938.7588ms)
✔ delete of earlier history is detected after a newer successful cycle (775.0068ms)
✔ changed implementation pins fail before a new intent is written (640.9234ms)
✔ a directory replaced while a caller holds its lock cannot redirect any artifact write (555.6301ms)
✔ actual corpus activation and retirement change only separately bound advisory output (1753.5094ms)
✔ expiry invalidates cached advisory annotations even without corpus byte changes (742.5459ms)
✔ mixed retained controls and new cycles enforce one transition bound with a reserved terminal stop (80020.6751ms)
✔ accepted snapshots with omitted optional metadata produce parseable JSON artifacts and replay (558.169ms)
✔ optional auditor metadata works through the real feedback evidence and recurring consumer bridge (702.4645ms)
✔ policy has the ten requested workstreams and never assigns people (5.8949ms)
✔ classification supports Multiplayer (7.9767ms)
✔ classification supports UX/UI (2.2067ms)
✔ classification supports Multi-system execution (1.4588ms)
✔ classification supports Janitor (1.9411ms)
✔ classification supports Dynamic agent teams (1.8562ms)
✔ classification supports DevOps/PR review/branch protection (1.5764ms)
✔ classification supports Security (2.51ms)
✔ classification supports Agent communication layer (1.5744ms)
✔ classification supports Dark factory automation (1.8183ms)
✔ classification supports Backend scalability / pub-sub (1.7282ms)
✔ classification preserves labels and assignees (13.5184ms)
✔ UX alias means UX/UI (18.8127ms)
✔ an unassigned issue is not a violation (5.8215ms)
✔ full fixture audit has zero mutations and catches closing-link conflict (8.5218ms)
✔ non-closing prose overrides no native link, not unrelated partial references (5.3473ms)
✔ explicit do-not-close linked issue is flagged (5.8704ms)
✔ closed unmerged PR does not close an open issue (4.8609ms)
✔ reopened issue remains open after a historical merged PR (4.029ms)
✔ no automatic close for several partial PRs (4.9781ms)
✔ only explicit dependency section is interpreted (0.2805ms)
✔ code fences and quoted references are not dependency authority (0.2716ms)
✔ native/text dependency disagreement is flagged (5.7303ms)
✔ matching dependencies do not produce a mismatch (5.1712ms)
✔ dependency cycles are bounded and reported once (4.9678ms)
✔ parent hierarchy mismatch and cycle are detected (5.7169ms)
✔ outside-scope dependency is not fetched or treated as complete (4.5475ms)
✔ missing local dependency is unverified, not closed (4.2064ms)
✔ open issue marked Done is flagged without changing the board (5.6079ms)
✔ unknown workstream is a review hint, not a rename (3.7294ms)
✔ locked default branch is flagged, without bypass (4.069ms)
✔ stale PR source head is reported (4.2656ms)
✔ current independent review is accepted as evidence (7.4045ms)
✔ author approval is not current independent human approval (4.659ms)
✔ bot approval is not current independent human approval (4.4067ms)
✔ old-head approval is not current independent human approval (5.0576ms)
✔ later comment does not erase a valid prior approval (4.107ms)
✔ failed checks and requested changes are surfaced (5.9652ms)
✔ missing checks are not a success (6.2015ms)
✔ stale snapshots are labeled (4.8733ms)
✔ future snapshots fail closed (2.0749ms)
✔ finding IDs are stable across repeated reads (10.3667ms)
✔ reported secrets are redacted and Markdown is escaped (13.6242ms)
✔ refuses: assign #50 to example-user (7.6814ms)
✔ refuses: label #50 multiplayer (5.8014ms)
✔ refuses: close #50 (5.3896ms)
✔ refuses: merge PR #237 (6.3177ms)
✔ refuses: enable auto-merge (5.6075ms)
✔ refuses: delete a branch (5.5474ms)
✔ refuses: approve PR #237 (5.6658ms)
✔ refuses: can you change the rules (4.7894ms)
✔ question answers use recorded evidence and canonical references (6.2157ms)
✔ reverse dependency questions list dependents (5.6338ms)
✔ unknown questions ask for clarification (7.739ms)
✔ untrusted instruction text grants no tools (6.6512ms)
✔ snapshot rejects wrong repo (1.8008ms)
✔ snapshot rejects wrong project (1.4919ms)
✔ snapshot rejects partial coverage (1.528ms)
✔ snapshot rejects wrong count (1.5024ms)
✔ snapshot rejects duplicate issue (1.6261ms)
✔ snapshot rejects hostile URL (1.6017ms)
✔ snapshot rejects hidden project item (1.9131ms)
✔ snapshot rejects cross-repo item (1.9757ms)
✔ snapshot rejects duplicate project item (1.4898ms)
✔ snapshot rejects oversized body (1.434ms)
✔ collector completes two matching passes with no writes (6.2046ms)
✔ collector rejects issue drift between passes (3.8936ms)
✔ collector rejects incomplete nested dependencies (2.1999ms)
✔ collector rejects a changed PR head/check binding (1.6677ms)
✔ collector rejects repeated pagination cursors (1.7048ms)
✔ collector rejects inaccessible connection entries (0.16ms)
✔ read client verifies Bakar404 and never switches accounts (1.6123ms)
✔ explicit hash-pinned read principal does not change the pilot or read allowlist (30.5831ms)
✔ collector profile rejects changed scope or unsupported fields: repository (11.6333ms)
✔ collector profile rejects changed scope or unsupported fields: project_id (10.8247ms)
✔ collector profile rejects changed scope or unsupported fields: project_number (23.3479ms)
✔ collector profile rejects changed scope or unsupported fields: token (11.6558ms)
✔ collector profile rejects changed scope or unsupported fields: url (23.0536ms)
✔ collector profile rejects changed scope or unsupported fields: collector_login (12.8659ms)
✔ collector profile rejects wrong hashes, changed bytes and duplicate keys (45.1878ms)
✔ profiled collection records the actual principal and rejects identity or profile drift (36.4318ms)
✔ read client exposes no arbitrary query or write operation (1.4002ms)
✔ GraphQL cursor remains data, not executable query text (1.5327ms)
✔ GraphQL errors do not become accepted partial data (1.3209ms)
✔ GraphQL reserve prevents further reads (1.4546ms)
✔ collection has an elapsed-time bound (1.5741ms)
✔ dry run uses neither network nor output files (1.7533ms)
✔ CLI rejects apply (0.2291ms)
✔ CLI rejects audit --fixture --live (0.1711ms)
✔ CLI rejects audit --fixture --out ../escape.json (0.2388ms)
✔ CLI rejects audit --dry-run --out file.json (0.1959ms)
✔ CLI rejects audit --fixture --assign example-user (0.1174ms)
✔ CLI rejects ask --fixture (0.1078ms)
✔ actual CLI dry run works from another directory and has no network intent (174.2013ms)
✔ test chat prepares an evidence-based reply without sending it (6.4599ms)
✔ test chat rejects wrong tenant (0.344ms)
✔ test chat rejects wrong group (0.1511ms)
✔ test chat rejects personal chat (0.1569ms)
✔ test chat rejects other channel (0.1476ms)
✔ test chat ignores messages without a mention (0.1514ms)
✔ test chat ignores its own messages (0.2058ms)
✔ test chat refuses mutation requests (5.5509ms)
✔ no production mode or implicit binding (0.3469ms)
ℹ tests 227
ℹ suites 0
ℹ pass 227
ℹ fail 0
ℹ cancelled 0
ℹ skipped 0
ℹ todo 0
ℹ duration_ms 105225.4834
