$ node --test --test-concurrency=2 --test-timeout=180000 scenarios/repo-steward/steward.test.mjs scenarios/repo-steward/actions.test.mjs scenarios/repo-steward/recurring-audit.test.mjs scenarios/repo-steward/feedback.test.mjs scenarios/repo-steward/maintenance.test.mjs scenarios/repo-steward/feedback-cli.test.mjs
✔ Actions preview performs no live reads or summary publication (1.7178ms)
✔ Actions fixture uses the real auditor without GitHub access (29.2227ms)
✔ invalid workflow input is rejected during preview without data access (0.9484ms)
✔ hosted live mode rejects non-Actions host before reading data (0.3424ms)
✔ hosted live mode rejects PR event before reading data (1.1352ms)
✔ hosted live mode rejects another repository before reading data (0.2052ms)
✔ hosted live mode rejects feature branch before reading data (0.3022ms)
✔ hosted live mode rejects another actor before reading data (0.2267ms)
✔ hosted live mode rejects another rerun operator before reading data (0.245ms)
✔ hosted live mode rejects missing triggering actor before reading data (0.3102ms)
✔ hosted live mode rejects missing source commit before reading data (0.3177ms)
✔ hosted live mode rejects disabled pilot before reading data (0.1723ms)
✔ hosted live mode rejects unapproved public summary before reading data (0.1776ms)
✔ hosted live mode rejects missing credential before reading data (0.1132ms)
✔ hosted live mode rejects blank credential before reading data (0.1621ms)
✔ hosted live mode rejects write-enabled configuration before reading data (0.2287ms)
✔ GITHUB_TOKEN does not substitute for Project-readable credentials (0.2071ms)
✔ an admitted live path collects once and retains zero mutations (5.5238ms)
✔ collector failure does not produce a successful report (0.3448ms)
✔ stale hosted snapshots fail instead of publishing old findings (5.3051ms)
✔ public summaries never include free-form source or evidence text (5.0675ms)
✔ summary rejects unknown rule (5.9258ms)
✔ summary rejects bad finding id (5.4132ms)
✔ summary rejects foreign reference (5.315ms)
✔ summary rejects mutation claim (5.5515ms)
✔ summary rejects wrong scope (5.3815ms)
✔ summary rejects invalid timestamp (4.3001ms)
✔ summary rejects bad totals (5.5859ms)
✔ public finding index is bounded without copying omitted details (5.4425ms)
✔ every configured fixture rule has an explicit publication review (6.5109ms)
✔ summary file writes remain inside a supplied native temporary directory (18.1793ms)
✔ Actions CLI rejects unsupported arguments --apply (0.3004ms)
✔ Actions CLI rejects unsupported arguments --live (0.101ms)
✔ Actions CLI rejects unsupported arguments --live (0.0866ms)
✔ actual fixture CLI needs no hosted secrets or Teams SDK (198.6982ms)
✔ manual workflow keeps first-party actions pinned and live credentials isolated (2.7857ms)
✔ feedback CLI rejects unsupported, missing and duplicate transition arguments (2.1634ms)
✔ new-file corpus output preserves the previous version and refuses overwrite (23.4027ms)
✔ initializing a corpus binds the validated input scope without changing its snapshot (41.822ms)
✔ partial snapshot cannot create a corpus file (26.152ms)
✔ redirected output parent is refused without writing through it (6.8092ms)
✔ review evidence must be a file and cannot use a directory as a digest source (46.8136ms)
✔ review CLI records the exact binary digest and closes its descriptor (80.6456ms)
✔ same-size review replacement between metadata check and open cannot update a corpus (31.5201ms)
✔ review parent swapped for a symlink or junction before open is rejected (42.4873ms)
✔ same-size pathname replacement after descriptor read is rejected (42.6897ms)
✔ same-size in-place review rewrite cannot hide behind a restored modification time (34.138ms)
✔ review growth after open stays within its original byte bound and is rejected (31.5503ms)
✔ bounded review reads handle partial reads and reject empty or oversized files (22.163ms)
✔ native behavioral evidence remains candidate with original local source and no finding impersonation (80.1097ms)
✔ native behavioral activation is denied for mixed support and forged active or retired history (48.4735ms)
✔ native behavioral candidates can be rejected without widening legacy review authority (51.0181ms)
✔ native behavioral bytes, identity claims, source and repeated runs remain validated (136.454ms)
✔ evidence binds actual audit finding and supplied snapshot without certifying collection or identity (12.1981ms)
✔ accepted missing Project status binds the native serialized report and finding in evidence and observations (44.9846ms)
✔ auditor optional-field normalization retains strict data-only feedback and report validation (61.1242ms)
✔ timestamp-only or unrelated snapshot changes do not manufacture repeated supporting evidence (28.6993ms)
✔ partial, cross-scope, stale or missing findings cannot become feedback evidence (15.2662ms)
✔ feedback source pins accept exactly 40 or 64 hexadecimal characters, including supplied evidence (82.553ms)
✔ candidate, active and retired versions preserve their inputs and have exact transition digests (20.0392ms)
✔ one observation, fabricated evidence bytes and replayed reviews cannot activate a rule (77.7782ms)
✔ reviewer labels and claimed approval booleans do not supply verified review authority (25.1308ms)
✔ explicit rejection remains terminal and contributes no advice (39.9774ms)
✔ prospective expiry is mandatory, bounded, and effective at the exact boundary (111.471ms)
✔ active capacity cannot expand and supersession retires only the exact predecessor (62.1082ms)
✔ supersession rejects stale targets and cannot cross finding rules (51.3008ms)
✔ active guidance annotates only matching findings without hiding or changing original conclusions (26.2209ms)
✔ broad matching admits at most the finite annotation limit and never truncates an excessive report (381.4887ms)
✔ serialized output bytes are admitted before escaped guidance and evidence references fan out (79.5411ms)
✔ later audits honor activation and retirement while the original report stays identical (55.7707ms)
✔ unknown executable, suppression, assignment and permission options are rejected (189.3022ms)
✔ stale reports, foreign scope and altered evidence fail closed (33.7345ms)
✔ canonical digests ignore property insertion order but reject executable and non-finite data (0.4272ms)
✔ reusable corpus validation preserves input and rejects authority claims or altered guidance (23.0627ms)
✔ explicit collector profile requires a hash and cannot relabel a supplied snapshot (3.6418ms)
✔ recurrence requires finite explicit bounds before reading any input (0.8731ms)
✔ finite recurrence reloads snapshot and feedback on every cycle (2.7847ms)
✔ paused and stopped records prevent collection and input reads (2.6503ms)
✔ exhausted persisted attempts reject before snapshot, feedback or live collection (2.6854ms)
✔ watch admits the final allowed attempt and then stops before collecting another snapshot (1.4229ms)
✔ source mismatch refuses before reading snapshot or feedback (1.5994ms)
✔ a failed cycle stops recurrence without retrying or losing the failure (1.7563ms)
✔ first snapshot acquisition failure retains one sanitized failed attempt (340.7903ms)
✔ later corpus acquisition failure preserves earlier accepted evidence and consumes one attempt (901.9639ms)
✔ live acquisition failure is retained once without raw error text or a retry (375.2256ms)
✔ pause and stop during failed acquisition remain effective without a new admitted attempt (2411.3534ms)
✔ deadline crossing during failed acquisition prevents late attempt admission (1.552ms)
✔ interruption during failed acquisition prevents a new admitted attempt (1.271ms)
✔ duration bounds stop admission after collection without writing a late result (1.1621ms)
✔ interruption during an interval exits without another audit (1.2304ms)
✔ control commands delegate exact action, source and reason without collecting (3.0799ms)
✔ status exposes bounded metadata and no retained finding text (1.0734ms)
✔ one audit writes source-bound immutable private reports and an advisory handoff (536.1383ms)
✔ fresh capture timestamps and transport metrics alone produce no new report or proposal across restart (879.4015ms)
✔ live state binds the exact selected principal and profile through restart and controls (3068.3216ms)
✔ profile metadata cannot convert supplied evidence or a different live principal into accepted observations (345.2455ms)
✔ changed scoped content produces a new receipt while retaining stable finding dedupe (663.3967ms)
✔ resolved findings are recorded without claiming a remote correction (568.4624ms)
✔ stale input fails and preserves a failed attempt, never reusing previous success (626.9595ms)
✔ future input fails and preserves a failed attempt, never reusing previous success (645.1259ms)
✔ incomplete input fails and preserves a failed attempt, never reusing previous success (671.201ms)
✔ source drift fails and preserves a failed attempt, never reusing previous success (633.4049ms)
✔ changing the caller source pin cannot migrate an existing directory (552.1822ms)
✔ pause prevents input use, resume retains dedupe, and stop cannot resume (2532.1722ms)
✔ concurrent cycles have one winner and never create duplicate accepted receipts (356.3924ms)
✔ retained locks fail closed without PID reuse or timeout-based recovery (17.2824ms)
✔ incomplete intent and rollback to an older checkpoint refuse replay (665.9749ms)
✔ tampered referenced artifacts are rejected and preserved (350.4184ms)
✔ output-directory redirection refuses writes through a symlink or junction (11.7291ms)
✔ an unexpected output file is retained, not overwritten or removed (18.9885ms)
✔ status rejects unexpected files in initialized state before accepting its control projection (284.3366ms)
✔ missing, traversal-style and incomplete control requests do not create authority (4.7178ms)
✔ live source claims retain the existing collector identity and zero-write metadata (286.581ms)
✔ finite convenience API has explicit bounds and performs no scheduling (989.7031ms)
✔ state and artifact redirection are not followed on read (262.1181ms)
✔ alter of earlier history is detected after a newer successful cycle (794.1715ms)
✔ delete of earlier history is detected after a newer successful cycle (750.2208ms)
✔ changed implementation pins fail before a new intent is written (441.1275ms)
✔ a directory replaced while a caller holds its lock cannot redirect any artifact write (370.2376ms)
✔ actual corpus activation and retirement change only separately bound advisory output (1512.5415ms)
✔ expiry invalidates cached advisory annotations even without corpus byte changes (752.1762ms)
✔ mixed retained controls and new cycles enforce one transition bound with a reserved terminal stop (75662.6426ms)
✔ accepted snapshots with omitted optional metadata produce parseable JSON artifacts and replay (731.8369ms)
✔ optional auditor metadata works through the real feedback evidence and recurring consumer bridge (749.1712ms)
✔ policy has the ten requested workstreams and never assigns people (4.2369ms)
✔ classification supports Multiplayer (10.2602ms)
✔ classification supports UX/UI (2.2488ms)
✔ classification supports Multi-system execution (1.3415ms)
✔ classification supports Janitor (1.866ms)
✔ classification supports Dynamic agent teams (1.9327ms)
✔ classification supports DevOps/PR review/branch protection (1.8122ms)
✔ classification supports Security (1.4197ms)
✔ classification supports Agent communication layer (1.7354ms)
✔ classification supports Dark factory automation (1.8431ms)
✔ classification supports Backend scalability / pub-sub (1.3158ms)
✔ classification preserves labels and assignees (13.3639ms)
✔ UX alias means UX/UI (17.1683ms)
✔ an unassigned issue is not a violation (7.0659ms)
✔ full fixture audit has zero mutations and catches closing-link conflict (5.7757ms)
✔ non-closing prose overrides no native link, not unrelated partial references (4.4881ms)
✔ explicit do-not-close linked issue is flagged (3.7649ms)
✔ closed unmerged PR does not close an open issue (4.6909ms)
✔ reopened issue remains open after a historical merged PR (7.4792ms)
✔ no automatic close for several partial PRs (5.6301ms)
✔ only explicit dependency section is interpreted (0.2377ms)
✔ code fences and quoted references are not dependency authority (0.2408ms)
✔ native/text dependency disagreement is flagged (6.0179ms)
✔ matching dependencies do not produce a mismatch (4.3078ms)
✔ dependency cycles are bounded and reported once (4.5071ms)
✔ parent hierarchy mismatch and cycle are detected (4.3845ms)
✔ outside-scope dependency is not fetched or treated as complete (4.0343ms)
✔ missing local dependency is unverified, not closed (4.4006ms)
✔ open issue marked Done is flagged without changing the board (4.7657ms)
✔ unknown workstream is a review hint, not a rename (3.511ms)
✔ locked default branch is flagged, without bypass (5.2291ms)
✔ stale PR source head is reported (4.1052ms)
✔ current independent review is accepted as evidence (5.8723ms)
✔ author approval is not current independent human approval (3.8722ms)
✔ bot approval is not current independent human approval (3.7217ms)
✔ old-head approval is not current independent human approval (3.919ms)
✔ later comment does not erase a valid prior approval (3.4687ms)
✔ failed checks and requested changes are surfaced (3.6945ms)
✔ missing checks are not a success (3.7767ms)
✔ stale snapshots are labeled (4.3151ms)
✔ future snapshots fail closed (4.2471ms)
✔ finding IDs are stable across repeated reads (6.9558ms)
✔ reported secrets are redacted and Markdown is escaped (12.1886ms)
✔ refuses: assign #50 to example-user (6.3901ms)
✔ refuses: label #50 multiplayer (5.1472ms)
✔ refuses: close #50 (4.6948ms)
✔ refuses: merge PR #237 (4.3506ms)
✔ refuses: enable auto-merge (4.6325ms)
✔ refuses: delete a branch (7.9897ms)
✔ refuses: approve PR #237 (4.6523ms)
✔ refuses: can you change the rules (5.318ms)
✔ question answers use recorded evidence and canonical references (6.5947ms)
✔ reverse dependency questions list dependents (6.6383ms)
✔ unknown questions ask for clarification (5.1085ms)
✔ untrusted instruction text grants no tools (4.8542ms)
✔ snapshot rejects wrong repo (1.4134ms)
✔ snapshot rejects wrong project (1.5321ms)
✔ snapshot rejects partial coverage (1.2006ms)
✔ snapshot rejects wrong count (1.0867ms)
✔ snapshot rejects duplicate issue (1.2702ms)
✔ snapshot rejects hostile URL (1.3276ms)
✔ snapshot rejects hidden project item (1.304ms)
✔ snapshot rejects cross-repo item (1.3865ms)
✔ snapshot rejects duplicate project item (1.3255ms)
✔ snapshot rejects oversized body (3.786ms)
✔ collector completes two matching passes with no writes (8.9045ms)
✔ collector rejects issue drift between passes (3.3981ms)
✔ collector rejects incomplete nested dependencies (1.3654ms)
✔ collector rejects a changed PR head/check binding (1.7902ms)
✔ collector rejects repeated pagination cursors (1.4022ms)
✔ collector rejects inaccessible connection entries (0.2232ms)
✔ read client verifies Bakar404 and never switches accounts (1.8107ms)
✔ explicit hash-pinned read principal does not change the pilot or read allowlist (26.9336ms)
✔ collector profile rejects changed scope or unsupported fields: repository (9.4454ms)
✔ collector profile rejects changed scope or unsupported fields: project_id (10.3533ms)
✔ collector profile rejects changed scope or unsupported fields: project_number (21.2297ms)
✔ collector profile rejects changed scope or unsupported fields: token (9.3428ms)
✔ collector profile rejects changed scope or unsupported fields: url (19.6008ms)
✔ collector profile rejects changed scope or unsupported fields: collector_login (19.5554ms)
✔ collector profile rejects wrong hashes, changed bytes and duplicate keys (47.6727ms)
✔ profiled collection records the actual principal and rejects identity or profile drift (43.2679ms)
✔ read client exposes no arbitrary query or write operation (1.4488ms)
✔ GraphQL cursor remains data, not executable query text (1.4028ms)
✔ GraphQL errors do not become accepted partial data (1.3445ms)
✔ GraphQL reserve prevents further reads (1.4611ms)
✔ collection has an elapsed-time bound (1.1404ms)
✔ dry run uses neither network nor output files (1.6474ms)
✔ CLI rejects apply (0.1458ms)
✔ CLI rejects audit --fixture --live (0.1346ms)
✔ CLI rejects audit --fixture --out ../escape.json (0.1551ms)
✔ CLI rejects audit --dry-run --out file.json (0.1184ms)
✔ CLI rejects audit --fixture --assign example-user (0.1046ms)
✔ CLI rejects ask --fixture (0.0859ms)
✔ actual CLI dry run works from another directory and has no network intent (152.29ms)
✔ test chat prepares an evidence-based reply without sending it (5.9275ms)
✔ test chat rejects wrong tenant (0.3306ms)
✔ test chat rejects wrong group (0.1488ms)
✔ test chat rejects personal chat (0.148ms)
✔ test chat rejects other channel (0.1276ms)
✔ test chat ignores messages without a mention (0.1338ms)
✔ test chat ignores its own messages (0.1844ms)
✔ test chat refuses mutation requests (5.172ms)
✔ no production mode or implicit binding (0.3162ms)
ℹ tests 227
ℹ suites 0
ℹ pass 227
ℹ fail 0
ℹ cancelled 0
ℹ skipped 0
ℹ todo 0
ℹ duration_ms 99455.8373
