
running 1 test
test deliverable_failure_tests::issue89_untyped_execution_failure_keeps_existing_retry_policy ... ok

test result: ok. 1 passed; 0 failed; 0 ignored; 0 measured; 405 filtered out; finished in 2.82s

   Compiling serde_core v1.0.229
   Compiling zerovec v0.11.8
   Compiling tinystr v0.8.4
   Compiling icu_locale_core v2.3.0
   Compiling serde v1.0.229
   Compiling smallvec v1.15.2
   Compiling zerotrie v0.2.5
   Compiling potential_utf v0.1.6
   Compiling icu_collections v2.3.0
   Compiling icu_provider v2.3.1
   Compiling parking_lot_core v0.9.12
   Compiling icu_properties v2.3.0
   Compiling parking_lot v0.12.5
   Compiling icu_normalizer v2.3.0
   Compiling ring v0.17.14
   Compiling idna_adapter v1.2.2
   Compiling crossbeam-utils v0.8.22
   Compiling digest v0.10.7
   Compiling windows-sys v0.61.2
   Compiling form_urlencoded v1.2.2
   Compiling serde_json v1.0.151
   Compiling rustls-webpki v0.103.15
   Compiling idna v1.1.0
   Compiling crypto-common v0.1.7
   Compiling futures-util v0.3.34
   Compiling tracing v0.1.44
   Compiling url v2.5.8
   Compiling rustls v0.23.43
   Compiling crossbeam-queue v0.3.13
   Compiling futures-intrusive v0.5.0
   Compiling either v1.18.0
   Compiling base64 v0.22.1
   Compiling socket2 v0.6.5
   Compiling mio v1.2.2
   Compiling futures-channel v0.3.34
   Compiling sha2 v0.10.9
   Compiling hmac v0.12.1
   Compiling sqlx-core v0.8.6
   Compiling tokio v1.53.1
   Compiling hkdf v0.12.4
   Compiling uuid v1.26.1
   Compiling md-5 v0.10.6
   Compiling chrono v0.4.45
   Compiling tokio-stream v0.1.19
   Compiling sqlx-postgres v0.8.6
   Compiling home v0.5.12
   Compiling etcetera v0.8.0
   Compiling sqlx-macros-core v0.8.6
   Compiling digest v0.11.3
   Compiling sqlx-macros v0.8.6
   Compiling sha2 v0.11.0
   Compiling sqlx v0.8.6
   Compiling crony-domain v0.1.0 (<local-user>\code\ecorp-pr355-retrospective-20260922-r1\crates\crony-domain)
   Compiling crony-store v0.1.0 (<local-user>\code\ecorp-pr355-retrospective-20260922-r1\crates\crony-store)
    Finished `test` profile [unoptimized + debuginfo] target(s) in 3m 44s
     Running unittests src\lib.rs (<local-user>\code\ecorp-pr338-completion-20260922\target-validation\debug\deps\crony_store-00b65977dbfbe89a.exe)
