TAP version 13
# warning: in the working copy of '.gitignore', LF will be replaced by CRLF the next time Git touches it
# warning: in the working copy of 'tools/input.mjs', LF will be replaced by CRLF the next time Git touches it
# Subtest: same HEAD with different dirty tracked bytes has a different binding
ok 1 - same HEAD with different dirty tracked bytes has a different binding
  ---
  duration_ms: 1505.1385
  type: 'test'
  ...
# owned_fixture=C:\\Users\\sschofield\\AppData\\Local\\Temp\\ecorp-source-binding-ZaoMTz
# {"case":"dirty-tracked","before":{"source":{"head":"d0256a5a9a85856303275fc0381fac051040ac2c","untracked_roots":["apps","crates","db/migrations","deploy","scenarios","scripts","tests","tools",".github",".gitignore",".gitattributes",".npmrc",".env.example",":(top,glob)*.toml",":(top,glob)*.lock",":(top,glob)*.json",":(top,glob)*.yaml",":(top,glob)*.yml",":(top,glob)*.mjs",":(top,glob)*.js",":(top,glob)*.ps1",":(top,glob)*.py"],"files":[{"path":".gitignore","bytes":15,"sha256":"33e45938e83d9ffd00a78453599af866d902f2317238fd212fb58d535025e22b"},{"path":"tools/input.mjs","bytes":17,"sha256":"b175a5e4baa1a0193288f3a7fd388b870791248f2d1f22f275a5d03671dcd41c"}],"sha256":"deac54722590eced2257d5ae47b73ecff60fc00c5022b72284c06d4797eec09d"},"executables":{"server":{"path":"C:\\\\Users\\\\sschofield\\\\AppData\\\\Local\\\\Temp\\\\ecorp-source-binding-ZaoMTz\\\\server.exe","sha256":"c668a635b42f5dcff494e50ab9268e03edfc8a017249e9bf41aa0ac67bcb1697"}}},"after":{"source":{"head":"d0256a5a9a85856303275fc0381fac051040ac2c","untracked_roots":["apps","crates","db/migrations","deploy","scenarios","scripts","tests","tools",".github",".gitignore",".gitattributes",".npmrc",".env.example",":(top,glob)*.toml",":(top,glob)*.lock",":(top,glob)*.json",":(top,glob)*.yaml",":(top,glob)*.yml",":(top,glob)*.mjs",":(top,glob)*.js",":(top,glob)*.ps1",":(top,glob)*.py"],"files":[{"path":".gitignore","bytes":15,"sha256":"33e45938e83d9ffd00a78453599af866d902f2317238fd212fb58d535025e22b"},{"path":"tools/input.mjs","bytes":16,"sha256":"d0e9aebbc8a3e81013bcb7f1f2c9e0892e9c7085489d8ee4cb4f9d721f12215c"}],"sha256":"1927eb15bfc4f2367295b478d6ac19c747c2cb0cfa6332ce4e5a5dfb3a68fa3f"},"executables":{"server":{"path":"C:\\\\Users\\\\sschofield\\\\AppData\\\\Local\\\\Temp\\\\ecorp-source-binding-ZaoMTz\\\\server.exe","sha256":"c668a635b42f5dcff494e50ab9268e03edfc8a017249e9bf41aa0ac67bcb1697"}}}}
# warning: in the working copy of '.gitignore', LF will be replaced by CRLF the next time Git touches it
# warning: in the working copy of 'tools/input.mjs', LF will be replaced by CRLF the next time Git touches it
# Subtest: nonignored untracked test input changes, additions and deletion are bound
ok 2 - nonignored untracked test input changes, additions and deletion are bound
  ---
  duration_ms: 1940.4466
  type: 'test'
  ...
# owned_fixture=C:\\Users\\sschofield\\AppData\\Local\\Temp\\ecorp-source-binding-dqrR1K
# {"case":"untracked-input","before":{"source":{"head":"8330be956020affe190331e1217eb946b805a6cd","untracked_roots":["apps","crates","db/migrations","deploy","scenarios","scripts","tests","tools",".github",".gitignore",".gitattributes",".npmrc",".env.example",":(top,glob)*.toml",":(top,glob)*.lock",":(top,glob)*.json",":(top,glob)*.yaml",":(top,glob)*.yml",":(top,glob)*.mjs",":(top,glob)*.js",":(top,glob)*.ps1",":(top,glob)*.py"],"files":[{"path":".gitignore","bytes":15,"sha256":"33e45938e83d9ffd00a78453599af866d902f2317238fd212fb58d535025e22b"},{"path":"tools/input.mjs","bytes":17,"sha256":"b175a5e4baa1a0193288f3a7fd388b870791248f2d1f22f275a5d03671dcd41c"},{"path":"tools/new-input.json","bytes":12,"sha256":"3a37782e8974c48eebf2a0517c866ad15641c53b3d31993188796b56aeb79624"}],"sha256":"3cff8a8277f334970d9948af2c2a4b70adbccdf9a0cbafd153e72392aa028e5a"},"executables":{"server":{"path":"C:\\\\Users\\\\sschofield\\\\AppData\\\\Local\\\\Temp\\\\ecorp-source-binding-dqrR1K\\\\server.exe","sha256":"c668a635b42f5dcff494e50ab9268e03edfc8a017249e9bf41aa0ac67bcb1697"}}},"after":{"source":{"head":"8330be956020affe190331e1217eb946b805a6cd","untracked_roots":["apps","crates","db/migrations","deploy","scenarios","scripts","tests","tools",".github",".gitignore",".gitattributes",".npmrc",".env.example",":(top,glob)*.toml",":(top,glob)*.lock",":(top,glob)*.json",":(top,glob)*.yaml",":(top,glob)*.yml",":(top,glob)*.mjs",":(top,glob)*.js",":(top,glob)*.ps1",":(top,glob)*.py"],"files":[{"path":".gitignore","bytes":15,"sha256":"33e45938e83d9ffd00a78453599af866d902f2317238fd212fb58d535025e22b"},{"path":"tools/input.mjs","bytes":17,"sha256":"b175a5e4baa1a0193288f3a7fd388b870791248f2d1f22f275a5d03671dcd41c"},{"path":"tools/new-input.json","bytes":12,"sha256":"6e0d9d0268c35e8b9c620e4f529378b20d9e71af3a03cd57ad43c1f74a9ebc40"}],"sha256":"93906fa22975099bfd0aab2e8b499c7df516ccab4d9112561353dd7b83c51662"},"executables":{"server":{"path":"C:\\\\Users\\\\sschofield\\\\AppData\\\\Local\\\\Temp\\\\ecorp-source-binding-dqrR1K\\\\server.exe","sha256":"c668a635b42f5dcff494e50ab9268e03edfc8a017249e9bf41aa0ac67bcb1697"}}}}
# warning: in the working copy of '.gitignore', LF will be replaced by CRLF the next time Git touches it
# warning: in the working copy of 'tools/input.mjs', LF will be replaced by CRLF the next time Git touches it
# Subtest: actual executable bytes, not name or HEAD, are hashed and drift fails finalization
ok 3 - actual executable bytes, not name or HEAD, are hashed and drift fails finalization
  ---
  duration_ms: 2016.3868
  type: 'test'
  ...
# owned_fixture=C:\\Users\\sschofield\\AppData\\Local\\Temp\\ecorp-source-binding-rGDEMR
# {"case":"binary-drift","before":{"source":{"head":"c2e4dccfaf4294c771fd73d57a71cb61b05bcbaf","untracked_roots":["apps","crates","db/migrations","deploy","scenarios","scripts","tests","tools",".github",".gitignore",".gitattributes",".npmrc",".env.example",":(top,glob)*.toml",":(top,glob)*.lock",":(top,glob)*.json",":(top,glob)*.yaml",":(top,glob)*.yml",":(top,glob)*.mjs",":(top,glob)*.js",":(top,glob)*.ps1",":(top,glob)*.py"],"files":[{"path":".gitignore","bytes":15,"sha256":"33e45938e83d9ffd00a78453599af866d902f2317238fd212fb58d535025e22b"},{"path":"tools/input.mjs","bytes":17,"sha256":"b175a5e4baa1a0193288f3a7fd388b870791248f2d1f22f275a5d03671dcd41c"}],"sha256":"deac54722590eced2257d5ae47b73ecff60fc00c5022b72284c06d4797eec09d"},"executables":{"server":{"path":"C:\\\\Users\\\\sschofield\\\\AppData\\\\Local\\\\Temp\\\\ecorp-source-binding-rGDEMR\\\\server.exe","sha256":"c668a635b42f5dcff494e50ab9268e03edfc8a017249e9bf41aa0ac67bcb1697"}}},"consistent":false,"after":{"source":{"head":"c2e4dccfaf4294c771fd73d57a71cb61b05bcbaf","untracked_roots":["apps","crates","db/migrations","deploy","scenarios","scripts","tests","tools",".github",".gitignore",".gitattributes",".npmrc",".env.example",":(top,glob)*.toml",":(top,glob)*.lock",":(top,glob)*.json",":(top,glob)*.yaml",":(top,glob)*.yml",":(top,glob)*.mjs",":(top,glob)*.js",":(top,glob)*.ps1",":(top,glob)*.py"],"files":[{"path":".gitignore","bytes":15,"sha256":"33e45938e83d9ffd00a78453599af866d902f2317238fd212fb58d535025e22b"},{"path":"tools/input.mjs","bytes":17,"sha256":"b175a5e4baa1a0193288f3a7fd388b870791248f2d1f22f275a5d03671dcd41c"}],"sha256":"deac54722590eced2257d5ae47b73ecff60fc00c5022b72284c06d4797eec09d"},"executables":{"server":{"path":"C:\\\\Users\\\\sschofield\\\\AppData\\\\Local\\\\Temp\\\\ecorp-source-binding-rGDEMR\\\\server.exe","sha256":"fb1666f83f3c5d0cb0defba9d8a55336b99b208aab2b8d422b3e00427db13721"}}}}
# warning: in the working copy of '.gitignore', LF will be replaced by CRLF the next time Git touches it
# warning: in the working copy of 'tools/input.mjs', LF will be replaced by CRLF the next time Git touches it
# Subtest: unchanged input finalizes; source drift and missing executables fail closed
ok 4 - unchanged input finalizes; source drift and missing executables fail closed
  ---
  duration_ms: 2282.8193
  type: 'test'
  ...
# owned_fixture=C:\\Users\\sschofield\\AppData\\Local\\Temp\\ecorp-source-binding-wpcxHr
# warning: in the working copy of '.gitignore', LF will be replaced by CRLF the next time Git touches it
# warning: in the working copy of 'tools/input.mjs', LF will be replaced by CRLF the next time Git touches it
# Subtest: ignored contents and unrelated private directories are never hashed
ok 5 - ignored contents and unrelated private directories are never hashed
  ---
  duration_ms: 2011.2177
  type: 'test'
  ...
# owned_fixture=C:\\Users\\sschofield\\AppData\\Local\\Temp\\ecorp-source-binding-495d7N
# warning: in the working copy of '.gitignore', LF will be replaced by CRLF the next time Git touches it
# warning: in the working copy of 'tools/input.mjs', LF will be replaced by CRLF the next time Git touches it
# Subtest: tracked parent junction escape and executable symlink are rejected
ok 6 - tracked parent junction escape and executable symlink are rejected
  ---
  duration_ms: 1324.0863
  type: 'test'
  ...
# owned_fixture=C:\\Users\\sschofield\\AppData\\Local\\Temp\\ecorp-source-binding-geuTK2
# warning: in the working copy of '.gitignore', LF will be replaced by CRLF the next time Git touches it
# warning: in the working copy of 'tools/input.mjs', LF will be replaced by CRLF the next time Git touches it
# Subtest: source hard links and unsafe Git path listings fail without outside reads
ok 7 - source hard links and unsafe Git path listings fail without outside reads
  ---
  duration_ms: 1163.4156
  type: 'test'
  ...
# owned_fixture=C:\\Users\\sschofield\\AppData\\Local\\Temp\\ecorp-source-binding-iAKa2F
# warning: in the working copy of '.gitignore', LF will be replaced by CRLF the next time Git touches it
# warning: in the working copy of 'tools/input.mjs', LF will be replaced by CRLF the next time Git touches it
# Subtest: owned Node directory alias is resolved once and pinned for binding and every launch
not ok 8 - owned Node directory alias is resolved once and pinned for binding and every launch
  ---
  duration_ms: 887.5286
  type: 'test'
  location: 'C:\\Users\\sschofield\\repos\\ecorp-pr237-progress-correction\\tools\\factory_budget_provenance.test.mjs:171:1'
  failureType: 'testCodeFailure'
  error: 'canonical_owned_directory_required'
  code: 'canonical_owned_directory_required'
  name: 'CheckFailure'
  stack: |-
    ensure (file:///C:/Users/sschofield/repos/ecorp-pr237-progress-correction/tools/e2e_checkpoint_verification.mjs:80:61)
    canonicalDirectory (file:///C:/Users/sschofield/repos/ecorp-pr237-progress-correction/tools/e2e_checkpoint_verification.mjs:872:3)
    async checkReadTarget (file:///C:/Users/sschofield/repos/ecorp-pr237-progress-correction/tools/e2e_checkpoint_verification.mjs:889:3)
    async readBounded (file:///C:/Users/sschofield/repos/ecorp-pr237-progress-correction/tools/e2e_checkpoint_verification.mjs:898:3)
    async captureSourceBinding (eval at <anonymous> (file:///C:/Users/sschofield/repos/ecorp-pr237-progress-correction/tools/factory_budget_provenance.test.mjs:22:14), <anonymous>:68:47)
    async TestContext.<anonymous> (file:///C:/Users/sschofield/repos/ecorp-pr237-progress-correction/tools/factory_budget_provenance.test.mjs:187:42)
    async Test.run (node:internal/test_runner/test:1313:7)
    async Test.processPendingSubtests (node:internal/test_runner/test:897:7)
  ...
# owned_fixture=C:\\Users\\sschofield\\AppData\\Local\\Temp\\ecorp-source-binding-FlLD8X
# warning: in the working copy of '.gitignore', LF will be replaced by CRLF the next time Git touches it
# warning: in the working copy of 'tools/input.mjs', LF will be replaced by CRLF the next time Git touches it
# Subtest: actual selected Windows Node passes the real read-only digest and before/after binding
not ok 9 - actual selected Windows Node passes the real read-only digest and before/after binding
  ---
  duration_ms: 455.1853
  type: 'test'
  location: 'C:\\Users\\sschofield\\repos\\ecorp-pr237-progress-correction\\tools\\factory_budget_provenance.test.mjs:229:1'
  failureType: 'testCodeFailure'
  error: 'canonical_owned_directory_required'
  code: 'canonical_owned_directory_required'
  name: 'CheckFailure'
  stack: |-
    ensure (file:///C:/Users/sschofield/repos/ecorp-pr237-progress-correction/tools/e2e_checkpoint_verification.mjs:80:61)
    canonicalDirectory (file:///C:/Users/sschofield/repos/ecorp-pr237-progress-correction/tools/e2e_checkpoint_verification.mjs:872:3)
    async checkReadTarget (file:///C:/Users/sschofield/repos/ecorp-pr237-progress-correction/tools/e2e_checkpoint_verification.mjs:889:3)
    async readBounded (file:///C:/Users/sschofield/repos/ecorp-pr237-progress-correction/tools/e2e_checkpoint_verification.mjs:898:3)
    async TestContext.<anonymous> (file:///C:/Users/sschofield/repos/ecorp-pr237-progress-correction/tools/factory_budget_provenance.test.mjs:233:28)
    async Test.run (node:internal/test_runner/test:1313:7)
    async Test.processPendingSubtests (node:internal/test_runner/test:897:7)
  ...
# owned_fixture=C:\\Users\\sschofield\\AppData\\Local\\Temp\\ecorp-source-binding-ssWUpd
# Subtest: native admission binds before effects; dry-run does not require executables
ok 10 - native admission binds before effects; dry-run does not require executables
  ---
  duration_ms: 0.8947
  type: 'test'
  ...
1..10
# tests 10
# suites 0
# pass 8
# fail 2
# cancelled 0
# skipped 0
# todo 0
# duration_ms 13712.7429
