TAP version 13
# Subtest: the checked-in fixture identity helper canonicalizes the intended ATV origin
ok 1 - the checked-in fixture identity helper canonicalizes the intended ATV origin
  ---
  duration_ms: 2.2615
  type: 'test'
  ...
# Subtest: e2e_factory_claims.mjs derives URLs and policies from the actual checked Git origin
ok 2 - e2e_factory_claims.mjs derives URLs and policies from the actual checked Git origin
  ---
  duration_ms: 1.3906
  type: 'test'
  ...
# Subtest: e2e_factory_controller.mjs derives URLs and policies from the actual checked Git origin
ok 3 - e2e_factory_controller.mjs derives URLs and policies from the actual checked Git origin
  ---
  duration_ms: 1.4997
  type: 'test'
  ...
# Subtest: e2e_factory_publication.mjs derives URLs and policies from the actual checked Git origin
ok 4 - e2e_factory_publication.mjs derives URLs and policies from the actual checked Git origin
  ---
  duration_ms: 2.1856
  type: 'test'
  ...
# Subtest: claims retain normalized source, pre-effect readiness and native automatic verification
ok 5 - claims retain normalized source, pre-effect readiness and native automatic verification
  ---
  duration_ms: 1.0984
  type: 'test'
  ...
# Subtest: controller retains wrong-repository rejection, native attempt preview and fake GitHub transport
ok 6 - controller retains wrong-repository rejection, native attempt preview and fake GitHub transport
  ---
  duration_ms: 1.3433
  type: 'test'
  ...
# Subtest: publication retains dynamic casing/effect identity, local bare transport and merge guards
ok 7 - publication retains dynamic casing/effect identity, local bare transport and merge guards
  ---
  duration_ms: 1.1371
  type: 'test'
  ...
# Subtest: CI runs every complete factory suite without suppressing errors or restart checks
ok 8 - CI runs every complete factory suite without suppressing errors or restart checks
  ---
  duration_ms: 0.8861
  type: 'test'
  ...
# Subtest: CI server preview is explicit, isolated, read-only and credential-free
ok 9 - CI server preview is explicit, isolated, read-only and credential-free
  ---
  duration_ms: 1.3972
  type: 'test'
  ...
# Subtest: CI server refuses missing scope, legacy/manual targets and unexpected database configuration
ok 10 - CI server refuses missing scope, legacy/manual targets and unexpected database configuration
  ---
  duration_ms: 5.984
  type: 'test'
  ...
# Subtest: owned cleanup wiring accepts LF and CRLF but still requires unconditional exact cleanup
ok 11 - owned cleanup wiring accepts LF and CRLF but still requires unconditional exact cleanup
  ---
  duration_ms: 0.7024
  type: 'test'
  ...
# Subtest: all CI restart fixtures consume the same explicit ownership manifest without numeric-PID fallbacks
ok 12 - all CI restart fixtures consume the same explicit ownership manifest without numeric-PID fallbacks
  ---
  duration_ms: 3.6149
  type: 'test'
  ...
# Subtest: CI remote actions use the accepted target immutable SHA pins
ok 13 - CI remote actions use the accepted target immutable SHA pins
  ---
  duration_ms: 2.765
  type: 'test'
  ...
# Subtest: every pinned Rust action explicitly retains toolchain 1.98.1
ok 14 - every pinned Rust action explicitly retains toolchain 1.98.1
  ---
  duration_ms: 1.056
  type: 'test'
  ...
# Subtest: Windows runner tests are serialized without filtering tests or changing Unix scheduling
ok 15 - Windows runner tests are serialized without filtering tests or changing Unix scheduling
  ---
  duration_ms: 0.9353
  type: 'test'
  ...
# Subtest: Windows primary ACL path runs before explicit prewarming and the complete serial suite
ok 16 - Windows primary ACL path runs before explicit prewarming and the complete serial suite
  ---
  duration_ms: 2.7217
  type: 'test'
  ...
# Subtest: Windows warm-up remains bounded and leaves native ACL enforcement unchanged
ok 17 - Windows warm-up remains bounded and leaves native ACL enforcement unchanged
  ---
  duration_ms: 2.1435
  type: 'test'
  ...
# Subtest: model-scoped readiness selects its probe despite another runner with the same source
ok 18 - model-scoped readiness selects its probe despite another runner with the same source
  ---
  duration_ms: 3.8274
  type: 'test'
  ...
# Subtest: a missing or disabled probe model cannot borrow another runtime or source
ok 19 - a missing or disabled probe model cannot borrow another runtime or source
  ---
  duration_ms: 0.8818
  type: 'test'
  ...
# Subtest: artifact smoke requires explicit owned opt-in, loopback origin and output
ok 20 - artifact smoke requires explicit owned opt-in, loopback origin and output
  ---
  duration_ms: 1.6564
  type: 'test'
  ...
# Subtest: full SQL and restart coverage remains restricted to the exact Actions integration fixture
ok 21 - full SQL and restart coverage remains restricted to the exact Actions integration fixture
  ---
  duration_ms: 1.4228
  type: 'test'
  ...
# Subtest: registration alone cannot satisfy readiness; only bounded source-specific read-only previews are retried
ok 22 - registration alone cannot satisfy readiness; only bounded source-specific read-only previews are retried
  ---
  duration_ms: 1.024
  type: 'test'
  ...
# Subtest: wrong, disconnected, ambiguous or unavailable controlled runner cannot pass the preview gate
ok 23 - wrong, disconnected, ambiguous or unavailable controlled runner cannot pass the preview gate
  ---
  duration_ms: 3.3237
  type: 'test'
  ...
# Subtest: readiness fails closed on unrelated HTTP errors and has a deterministic deadline
ok 24 - readiness fails closed on unrelated HTTP errors and has a deterministic deadline
  ---
  duration_ms: 1.4936
  type: 'test'
  ...
# Subtest: every artifact launch must belong to the controlled runner before waiting for an assignment
ok 25 - every artifact launch must belong to the controlled runner before waiting for an assignment
  ---
  duration_ms: 0.4342
  type: 'test'
  ...
# Subtest: source-bound fixture readiness verifies the expected repository, ref, commit, Corp and unique runner
ok 26 - source-bound fixture readiness verifies the expected repository, ref, commit, Corp and unique runner
  ---
  duration_ms: 1.3326
  type: 'test'
  ...
# Subtest: automatic factory verification requires exact persisted completion, scope, version and event lineage
ok 27 - automatic factory verification requires exact persisted completion, scope, version and event lineage
  ---
  duration_ms: 6.5163
  type: 'test'
  ...
# Subtest: Linux keeps the full artifact suite and Windows smoke cannot claim fault or restart coverage
ok 28 - Linux keeps the full artifact suite and Windows smoke cannot claim fault or restart coverage
  ---
  duration_ms: 2.2797
  type: 'test'
  ...
# Subtest: direct completion cannot bypass pending independent review (missing checkpoint: false)
ok 29 - direct completion cannot bypass pending independent review (missing checkpoint: false)
  ---
  duration_ms: 8.6114
  type: 'test'
  ...
# Subtest: complete persisted proof is accepted (missing checkpoint: false)
ok 30 - complete persisted proof is accepted (missing checkpoint: false)
  ---
  duration_ms: 1.8132
  type: 'test'
  ...
# Subtest: direct completion cannot bypass pending independent review (missing checkpoint: true)
ok 31 - direct completion cannot bypass pending independent review (missing checkpoint: true)
  ---
  duration_ms: 0.8382
  type: 'test'
  ...
# Subtest: complete persisted proof is accepted (missing checkpoint: true)
ok 32 - complete persisted proof is accepted (missing checkpoint: true)
  ---
  duration_ms: 0.9947
  type: 'test'
  ...
# Subtest: pending review requires requester denial followed by distinct reviewer approval
ok 33 - pending review requires requester denial followed by distinct reviewer approval
  ---
  duration_ms: 1.7024
  type: 'test'
  ...
# Subtest: pending gate rejects missing review
ok 34 - pending gate rejects missing review
  ---
  duration_ms: 0.7573
  type: 'test'
  ...
# Subtest: pending gate rejects non-independent gate
ok 35 - pending gate rejects non-independent gate
  ---
  duration_ms: 0.7791
  type: 'test'
  ...
# Subtest: pending gate rejects requester allowed
ok 36 - pending gate rejects requester allowed
  ---
  duration_ms: 1.8456
  type: 'test'
  ...
# Subtest: pending gate rejects already decided gate
ok 37 - pending gate rejects already decided gate
  ---
  duration_ms: 0.9261
  type: 'test'
  ...
# Subtest: pending gate rejects same actor
ok 38 - pending gate rejects same actor
  ---
  duration_ms: 0.6797
  type: 'test'
  ...
# Subtest: pending gate rejects unauthorized role
ok 39 - pending gate rejects unauthorized role
  ---
  duration_ms: 5.3365
  type: 'test'
  ...
# Subtest: pending gate rejects producer reviewing
ok 40 - pending gate rejects producer reviewing
  ---
  duration_ms: 0.654
  type: 'test'
  ...
# Subtest: pending gate rejects requester accepted
ok 41 - pending gate rejects requester accepted
  ---
  duration_ms: 0.519
  type: 'test'
  ...
# Subtest: pending gate rejects reviewer denied
ok 42 - pending gate rejects reviewer denied
  ---
  duration_ms: 0.4615
  type: 'test'
  ...
# Subtest: pending gate rejects reviewer response for another run
ok 43 - pending gate rejects reviewer response for another run
  ---
  duration_ms: 0.6541
  type: 'test'
  ...
# Subtest: pending gate rejects requester denial changes gate
ok 44 - pending gate rejects requester denial changes gate
  ---
  duration_ms: 0.9815
  type: 'test'
  ...
# Subtest: final recovery rejects no pending observation
ok 45 - final recovery rejects no pending observation
  ---
  duration_ms: 0.6759
  type: 'test'
  ...
# Subtest: final recovery rejects no requester denial
ok 46 - final recovery rejects no requester denial
  ---
  duration_ms: 0.5592
  type: 'test'
  ...
# Subtest: final recovery rejects requester non-403
ok 47 - final recovery rejects requester non-403
  ---
  duration_ms: 0.6652
  type: 'test'
  ...
# Subtest: final recovery rejects no independent response
ok 48 - final recovery rejects no independent response
  ---
  duration_ms: 0.6977
  type: 'test'
  ...
# Subtest: final recovery rejects no independent proof flag
ok 49 - final recovery rejects no independent proof flag
  ---
  duration_ms: 0.7716
  type: 'test'
  ...
# Subtest: final recovery rejects no persisted decision
ok 50 - final recovery rejects no persisted decision
  ---
  duration_ms: 0.6395
  type: 'test'
  ...
# Subtest: final recovery rejects decision by requester
ok 51 - final recovery rejects decision by requester
  ---
  duration_ms: 0.7362
  type: 'test'
  ...
# Subtest: final recovery rejects decision still pending
ok 52 - final recovery rejects decision still pending
  ---
  duration_ms: 0.4659
  type: 'test'
  ...
# Subtest: final recovery rejects decision gate drift
ok 53 - final recovery rejects decision gate drift
  ---
  duration_ms: 0.8396
  type: 'test'
  ...
# Subtest: final recovery rejects foreign decision
ok 54 - final recovery rejects foreign decision
  ---
  duration_ms: 0.426
  type: 'test'
  ...
# Subtest: final recovery rejects missing decision timestamp
ok 55 - final recovery rejects missing decision timestamp
  ---
  duration_ms: 0.9721
  type: 'test'
  ...
# Subtest: final recovery rejects missing automated evidence
ok 56 - final recovery rejects missing automated evidence
  ---
  duration_ms: 0.4361
  type: 'test'
  ...
# Subtest: final recovery rejects failed file check
ok 57 - final recovery rejects failed file check
  ---
  duration_ms: 0.5753
  type: 'test'
  ...
# Subtest: final recovery rejects foreign proof
ok 58 - final recovery rejects foreign proof
  ---
  duration_ms: 0.8162
  type: 'test'
  ...
# Subtest: final recovery rejects wrong proof kind
ok 59 - final recovery rejects wrong proof kind
  ---
  duration_ms: 0.7402
  type: 'test'
  ...
# Subtest: final recovery rejects wrong proof task
ok 60 - final recovery rejects wrong proof task
  ---
  duration_ms: 0.7262
  type: 'test'
  ...
# Subtest: final recovery rejects wrong proof Corp
ok 61 - final recovery rejects wrong proof Corp
  ---
  duration_ms: 0.6997
  type: 'test'
  ...
# Subtest: final recovery rejects wrong proof index
ok 62 - final recovery rejects wrong proof index
  ---
  duration_ms: 0.598
  type: 'test'
  ...
# Subtest: final recovery rejects missing artifact
ok 63 - final recovery rejects missing artifact
  ---
  duration_ms: 0.6082
  type: 'test'
  ...
# Subtest: final recovery rejects failed verification
ok 64 - final recovery rejects failed verification
  ---
  duration_ms: 0.7849
  type: 'test'
  ...
# Subtest: final recovery rejects changed source ref
ok 65 - final recovery rejects changed source ref
  ---
  duration_ms: 0.5944
  type: 'test'
  ...
# Subtest: final recovery rejects changed source repository
ok 66 - final recovery rejects changed source repository
  ---
  duration_ms: 2.2382
  type: 'test'
  ...
# Subtest: final recovery rejects changed source commit
ok 67 - final recovery rejects changed source commit
  ---
  duration_ms: 0.7763
  type: 'test'
  ...
# Subtest: final recovery rejects changed source connection
ok 68 - final recovery rejects changed source connection
  ---
  duration_ms: 0.6
  type: 'test'
  ...
# Subtest: final recovery rejects changed provider session
ok 69 - final recovery rejects changed provider session
  ---
  duration_ms: 0.5213
  type: 'test'
  ...
# Subtest: final recovery rejects changed workspace lineage
ok 70 - final recovery rejects changed workspace lineage
  ---
  duration_ms: 0.7196
  type: 'test'
  ...
# Subtest: final recovery rejects changed resume ancestor
ok 71 - final recovery rejects changed resume ancestor
  ---
  duration_ms: 0.7847
  type: 'test'
  ...
# Subtest: final recovery rejects changed verifier
ok 72 - final recovery rejects changed verifier
  ---
  duration_ms: 0.8185
  type: 'test'
  ...
# Subtest: final recovery rejects changed finish tokens
ok 73 - final recovery rejects changed finish tokens
  ---
  duration_ms: 0.7261
  type: 'test'
  ...
# Subtest: final recovery rejects changed finish cost
ok 74 - final recovery rejects changed finish cost
  ---
  duration_ms: 0.5464
  type: 'test'
  ...
# Subtest: final recovery rejects changed revision task
ok 75 - final recovery rejects changed revision task
  ---
  duration_ms: 0.5539
  type: 'test'
  ...
# Subtest: final recovery rejects missing approved revision
ok 76 - final recovery rejects missing approved revision
  ---
  duration_ms: 0.6014
  type: 'test'
  ...
# Subtest: final recovery rejects unapproved revision
ok 77 - final recovery rejects unapproved revision
  ---
  duration_ms: 0.69
  type: 'test'
  ...
# Subtest: final recovery rejects rewritten prior contract
ok 78 - final recovery rejects rewritten prior contract
  ---
  duration_ms: 0.7296
  type: 'test'
  ...
# Subtest: final recovery rejects rewritten prior policy
ok 79 - final recovery rejects rewritten prior policy
  ---
  duration_ms: 0.7398
  type: 'test'
  ...
# Subtest: final recovery rejects changed current mission budget
ok 80 - final recovery rejects changed current mission budget
  ---
  duration_ms: 0.5586
  type: 'test'
  ...
# Subtest: final recovery rejects changed original budget
ok 81 - final recovery rejects changed original budget
  ---
  duration_ms: 0.6193
  type: 'test'
  ...
# Subtest: final recovery rejects rewritten original fingerprint
ok 82 - final recovery rejects rewritten original fingerprint
  ---
  duration_ms: 0.635
  type: 'test'
  ...
# Subtest: final recovery rejects rewritten original spend
ok 83 - final recovery rejects rewritten original spend
  ---
  duration_ms: 0.5213
  type: 'test'
  ...
# Subtest: final recovery rejects rewritten suspension history
ok 84 - final recovery rejects rewritten suspension history
  ---
  duration_ms: 0.571
  type: 'test'
  ...
# Subtest: final recovery rejects missing original event
ok 85 - final recovery rejects missing original event
  ---
  duration_ms: 0.5847
  type: 'test'
  ...
# Subtest: final recovery rejects rewritten breaker incident
ok 86 - final recovery rejects rewritten breaker incident
  ---
  duration_ms: 0.8511
  type: 'test'
  ...
# Subtest: final recovery rejects missing breaker incident
ok 87 - final recovery rejects missing breaker incident
  ---
  duration_ms: 0.7921
  type: 'test'
  ...
# Subtest: hard-stop lane needs no successful review
ok 88 - hard-stop lane needs no successful review
  ---
  duration_ms: 0.6198
  type: 'test'
  ...
# Subtest: predispatch ownership uses the native receipt contract
    # Subtest: matching native receipt passes the actual caller
    ok 1 - matching native receipt passes the actual caller
      ---
      duration_ms: 2.6872
      type: 'test'
      ...
    # Subtest: one native tick changed is denied
    ok 2 - one native tick changed is denied
      ---
      duration_ms: 0.9512
      type: 'test'
      ...
    # Subtest: native ticks missing is denied
    ok 3 - native ticks missing is denied
      ---
      duration_ms: 0.4266
      type: 'test'
      ...
    # Subtest: native ticks rounded to number is denied
    ok 4 - native ticks rounded to number is denied
      ---
      duration_ms: 0.5387
      type: 'test'
      ...
    # Subtest: PID changed is denied
    ok 5 - PID changed is denied
      ---
      duration_ms: 0.5034
      type: 'test'
      ...
    # Subtest: PID missing is denied
    ok 6 - PID missing is denied
      ---
      duration_ms: 0.655
      type: 'test'
      ...
    # Subtest: platform changed is denied
    ok 7 - platform changed is denied
      ---
      duration_ms: 0.6485
      type: 'test'
      ...
    # Subtest: platform missing is denied
    ok 8 - platform missing is denied
      ---
      duration_ms: 0.6825
      type: 'test'
      ...
    # Subtest: executable changed is denied
    ok 9 - executable changed is denied
      ---
      duration_ms: 0.4721
      type: 'test'
      ...
    # Subtest: listener not owned is denied
    ok 10 - listener not owned is denied
      ---
      duration_ms: 0.8659
      type: 'test'
      ...
    1..10
ok 89 - predispatch ownership uses the native receipt contract
  ---
  duration_ms: 22.0562
  type: 'test'
  ...
# Subtest: no mode is a dry-run; execution always requires its explicit switch
ok 90 - no mode is a dry-run; execution always requires its explicit switch
  ---
  duration_ms: 1.8483
  type: 'test'
  ...
# Subtest: ambiguous execution modes and unknown switches fail closed
ok 91 - ambiguous execution modes and unknown switches fail closed
  ---
  duration_ms: 1.0169
  type: 'test'
  ...
# Subtest: reference inspection is opt-in and supports one exact snapshot
ok 92 - reference inspection is opt-in and supports one exact snapshot
  ---
  duration_ms: 1.321
  type: 'test'
  ...
# Subtest: reference URL rejects remote, credential-bearing, unrelated and QA targets
ok 93 - reference URL rejects remote, credential-bearing, unrelated and QA targets
  ---
  duration_ms: 2.4707
  type: 'test'
  ...
# Subtest: shared native identity distinguishes inspection uncertainty from absence
ok 94 - shared native identity distinguishes inspection uncertainty from absence
  ---
  duration_ms: 1187.9062
  type: 'test'
  ...
# Subtest: recovery cleanup preserves live uncertain or mismatched children and receipts; only proven absence succeeds
ok 95 - recovery cleanup preserves live uncertain or mismatched children and receipts; only proven absence succeeds
  ---
  duration_ms: 9100.7425
  type: 'test'
  ...
# Subtest: budget process adapter delegates exact identity and stop to the existing native helper
ok 96 - budget process adapter delegates exact identity and stop to the existing native helper
  ---
  duration_ms: 3.0191
  type: 'test'
  ...
# Subtest: actual lock helper cleans its handshake on release and preserves a pre-existing marker on failure
ok 97 - actual lock helper cleans its handshake on release and preserves a pre-existing marker on failure
  ---
  duration_ms: 1670.3038
  type: 'test'
  ...
# Subtest: actual Windows budget-fixture child stop preserves mismatches and terminates only the verified receipt
ok 98 - actual Windows budget-fixture child stop preserves mismatches and terminates only the verified receipt
  ---
  duration_ms: 7005.4338
  type: 'test'
  ...
# Subtest: actual budget source-admission block rejects redirected or non-synthetic retained sources
ok 99 - actual budget source-admission block rejects redirected or non-synthetic retained sources
  ---
  duration_ms: 33.9002
  type: 'test'
  ...
# Subtest: actual budget attempt admission refuses linked and unknown paths before effects, including finally
    # Subtest: attempts-junction
    ok 1 - attempts-junction
      ---
      duration_ms: 38.9556
      type: 'test'
      ...
    # Subtest: dangling-attempts-junction
    ok 2 - dangling-attempts-junction
      ---
      duration_ms: 33.982
      type: 'test'
      ...
    # Subtest: attempt-junction
    ok 3 - attempt-junction
      ---
      duration_ms: 38.9416
      type: 'test'
      ...
    # Subtest: unknown-attempt
    ok 4 - unknown-attempt
      ---
      duration_ms: 43.4693
      type: 'test'
      ...
    # Subtest: invalid-owner
    ok 5 - invalid-owner
      ---
      duration_ms: 43.1363
      type: 'test'
      ...
    # Subtest: new-attempt-junction
    ok 6 - new-attempt-junction
      ---
      duration_ms: 35.2601
      type: 'test'
      ...
    # Subtest: finally-attempt-junction
    ok 7 - finally-attempt-junction
      ---
      duration_ms: 51.6623
      type: 'test'
      ...
    # Subtest: plain
    ok 8 - plain
      ---
      duration_ms: 59.8905
      type: 'test'
      ...
    1..8
ok 100 - actual budget attempt admission refuses linked and unknown paths before effects, including finally
  ---
  duration_ms: 350.6577
  type: 'test'
  ...
# {"scenario":"attempts-junction","root":"C:\\\\Users\\\\sschofield\\\\AppData\\\\Local\\\\Temp\\\\ecorp-attempt-owned-uyuAbI","outside":"C:\\\\Users\\\\sschofield\\\\AppData\\\\Local\\\\Temp\\\\ecorp-attempt-outside-gUTyW0","links":["C:\\\\Users\\\\sschofield\\\\AppData\\\\Local\\\\Temp\\\\ecorp-attempt-owned-uyuAbI\\\\qa\\\\issue-50-factory-recovery\\\\attempts"],"before":[["sentinel.txt","6f757473696465206d7573742072656d61696e20756e6368616e6765640a"],["test",[]]],"cleanup":"owned links removed and verified absent; owned roots retained","after":[["sentinel.txt","6f757473696465206d7573742072656d61696e20756e6368616e6765640a"],["test",[]]],"calls":[],"report":{"cleanup":[],"source_code_commit":"aaaaaaaaaaaaaaaaaaaaaaaaaaaaaaaaaaaaaaaa","provenance":{"schema_version":1,"assurance":"input identity only; not build or native-scenario proof","before":{"source":{"head":"aaaaaaaaaaaaaaaaaaaaaaaaaaaaaaaaaaaaaaaa","untracked_roots":["apps","crates","db/migrations","deploy","scenarios","scripts","tests","tools",".github",".gitignore",".gitattributes",".npmrc",".env.example",":(top,glob)*.toml",":(top,glob)*.lock",":(top,glob)*.json",":(top,glob)*.yaml",":(top,glob)*.yml",":(top,glob)*.mjs",":(top,glob)*.js",":(top,glob)*.ps1",":(top,glob)*.py"],"files":[{"path":"input.mjs","bytes":19,"sha256":"1c54444bf566e664f6891e1ccf595b2cde8a7b0a65f9428535158cd9a6618878"}],"sha256":"1bfe8cd7492f9830a6975e0a5b1a8cd85d46b58d429560f394e6877cd7d07f3a"},"executables":{"fixture":{"path":"C:\\\\Users\\\\sschofield\\\\AppData\\\\Local\\\\Temp\\\\ecorp-attempt-owned-uyuAbI\\\\inert.exe","sha256":"cd0d8cac57f1e3fbc235acd09ca7b9bcd0fa847fd128544a43d5b6e26a753efc"}}},"consistent":null},"status":"fixture_error","error":"Refuse linked or non-directory QA path: C:\\\\Users\\\\sschofield\\\\AppData\\\\Local\\\\Temp\\\\ecorp-attempt-owned-uyuAbI\\\\qa\\\\issue-50-factory-recovery\\\\attempts"},"exitCode":1,"outside_final":[["sentinel.txt","6f757473696465206d7573742072656d61696e20756e6368616e6765640a"],["test",[]]]}
# {"scenario":"dangling-attempts-junction","root":"C:\\\\Users\\\\sschofield\\\\AppData\\\\Local\\\\Temp\\\\ecorp-attempt-owned-3IgYy1","outside":"C:\\\\Users\\\\sschofield\\\\AppData\\\\Local\\\\Temp\\\\ecorp-attempt-outside-40ZRXU","links":["C:\\\\Users\\\\sschofield\\\\AppData\\\\Local\\\\Temp\\\\ecorp-attempt-owned-3IgYy1\\\\qa\\\\issue-50-factory-recovery\\\\attempts"],"before":[["sentinel.txt","6f757473696465206d7573742072656d61696e20756e6368616e6765640a"]],"cleanup":"owned links removed and verified absent; owned roots retained","after":[["sentinel.txt","6f757473696465206d7573742072656d61696e20756e6368616e6765640a"]],"calls":[],"report":{"cleanup":[],"source_code_commit":"aaaaaaaaaaaaaaaaaaaaaaaaaaaaaaaaaaaaaaaa","provenance":{"schema_version":1,"assurance":"input identity only; not build or native-scenario proof","before":{"source":{"head":"aaaaaaaaaaaaaaaaaaaaaaaaaaaaaaaaaaaaaaaa","untracked_roots":["apps","crates","db/migrations","deploy","scenarios","scripts","tests","tools",".github",".gitignore",".gitattributes",".npmrc",".env.example",":(top,glob)*.toml",":(top,glob)*.lock",":(top,glob)*.json",":(top,glob)*.yaml",":(top,glob)*.yml",":(top,glob)*.mjs",":(top,glob)*.js",":(top,glob)*.ps1",":(top,glob)*.py"],"files":[{"path":"input.mjs","bytes":19,"sha256":"1c54444bf566e664f6891e1ccf595b2cde8a7b0a65f9428535158cd9a6618878"}],"sha256":"1bfe8cd7492f9830a6975e0a5b1a8cd85d46b58d429560f394e6877cd7d07f3a"},"executables":{"fixture":{"path":"C:\\\\Users\\\\sschofield\\\\AppData\\\\Local\\\\Temp\\\\ecorp-attempt-owned-3IgYy1\\\\inert.exe","sha256":"cd0d8cac57f1e3fbc235acd09ca7b9bcd0fa847fd128544a43d5b6e26a753efc"}}},"consistent":null},"status":"fixture_error","error":"Refuse linked or non-directory QA path: C:\\\\Users\\\\sschofield\\\\AppData\\\\Local\\\\Temp\\\\ecorp-attempt-owned-3IgYy1\\\\qa\\\\issue-50-factory-recovery\\\\attempts"},"exitCode":1,"outside_final":[["sentinel.txt","6f757473696465206d7573742072656d61696e20756e6368616e6765640a"]]}
# {"scenario":"attempt-junction","root":"C:\\\\Users\\\\sschofield\\\\AppData\\\\Local\\\\Temp\\\\ecorp-attempt-owned-4kLj5D","outside":"C:\\\\Users\\\\sschofield\\\\AppData\\\\Local\\\\Temp\\\\ecorp-attempt-outside-HEnp3Q","links":["C:\\\\Users\\\\sschofield\\\\AppData\\\\Local\\\\Temp\\\\ecorp-attempt-owned-4kLj5D\\\\qa\\\\issue-50-factory-recovery\\\\attempts\\\\test"],"before":[["sentinel.txt","6f757473696465206d7573742072656d61696e20756e6368616e6765640a"]],"cleanup":"owned links removed and verified absent; owned roots retained","after":[["sentinel.txt","6f757473696465206d7573742072656d61696e20756e6368616e6765640a"]],"calls":[],"report":{"cleanup":[],"source_code_commit":"aaaaaaaaaaaaaaaaaaaaaaaaaaaaaaaaaaaaaaaa","provenance":{"schema_version":1,"assurance":"input identity only; not build or native-scenario proof","before":{"source":{"head":"aaaaaaaaaaaaaaaaaaaaaaaaaaaaaaaaaaaaaaaa","untracked_roots":["apps","crates","db/migrations","deploy","scenarios","scripts","tests","tools",".github",".gitignore",".gitattributes",".npmrc",".env.example",":(top,glob)*.toml",":(top,glob)*.lock",":(top,glob)*.json",":(top,glob)*.yaml",":(top,glob)*.yml",":(top,glob)*.mjs",":(top,glob)*.js",":(top,glob)*.ps1",":(top,glob)*.py"],"files":[{"path":"input.mjs","bytes":19,"sha256":"1c54444bf566e664f6891e1ccf595b2cde8a7b0a65f9428535158cd9a6618878"}],"sha256":"1bfe8cd7492f9830a6975e0a5b1a8cd85d46b58d429560f394e6877cd7d07f3a"},"executables":{"fixture":{"path":"C:\\\\Users\\\\sschofield\\\\AppData\\\\Local\\\\Temp\\\\ecorp-attempt-owned-4kLj5D\\\\inert.exe","sha256":"cd0d8cac57f1e3fbc235acd09ca7b9bcd0fa847fd128544a43d5b6e26a753efc"}}},"consistent":null},"status":"fixture_error","error":"Refuse linked or non-directory QA path: C:\\\\Users\\\\sschofield\\\\AppData\\\\Local\\\\Temp\\\\ecorp-attempt-owned-4kLj5D\\\\qa\\\\issue-50-factory-recovery\\\\attempts\\\\test"},"exitCode":1,"outside_final":[["sentinel.txt","6f757473696465206d7573742072656d61696e20756e6368616e6765640a"]]}
# {"scenario":"unknown-attempt","root":"C:\\\\Users\\\\sschofield\\\\AppData\\\\Local\\\\Temp\\\\ecorp-attempt-owned-QlO2NB","outside":"C:\\\\Users\\\\sschofield\\\\AppData\\\\Local\\\\Temp\\\\ecorp-attempt-outside-cUTta5","links":[],"before":[["sentinel.txt","6f757473696465206d7573742072656d61696e20756e6368616e6765640a"]],"cleanup":"owned links removed and verified absent; owned roots retained","after":[["sentinel.txt","6f757473696465206d7573742072656d61696e20756e6368616e6765640a"]],"calls":[],"report":{"cleanup":[],"source_code_commit":"aaaaaaaaaaaaaaaaaaaaaaaaaaaaaaaaaaaaaaaa","provenance":{"schema_version":1,"assurance":"input identity only; not build or native-scenario proof","before":{"source":{"head":"aaaaaaaaaaaaaaaaaaaaaaaaaaaaaaaaaaaaaaaa","untracked_roots":["apps","crates","db/migrations","deploy","scenarios","scripts","tests","tools",".github",".gitignore",".gitattributes",".npmrc",".env.example",":(top,glob)*.toml",":(top,glob)*.lock",":(top,glob)*.json",":(top,glob)*.yaml",":(top,glob)*.yml",":(top,glob)*.mjs",":(top,glob)*.js",":(top,glob)*.ps1",":(top,glob)*.py"],"files":[{"path":"input.mjs","bytes":19,"sha256":"1c54444bf566e664f6891e1ccf595b2cde8a7b0a65f9428535158cd9a6618878"}],"sha256":"1bfe8cd7492f9830a6975e0a5b1a8cd85d46b58d429560f394e6877cd7d07f3a"},"executables":{"fixture":{"path":"C:\\\\Users\\\\sschofield\\\\AppData\\\\Local\\\\Temp\\\\ecorp-attempt-owned-QlO2NB\\\\inert.exe","sha256":"cd0d8cac57f1e3fbc235acd09ca7b9bcd0fa847fd128544a43d5b6e26a753efc"}}},"consistent":null},"status":"fixture_error","error":"EEXIST: file already exists, mkdir 'C:\\\\Users\\\\sschofield\\\\AppData\\\\Local\\\\Temp\\\\ecorp-attempt-owned-QlO2NB\\\\qa\\\\issue-50-factory-recovery\\\\attempts\\\\test'"},"exitCode":1,"outside_final":[["sentinel.txt","6f757473696465206d7573742072656d61696e20756e6368616e6765640a"]]}
# {"scenario":"invalid-owner","root":"C:\\\\Users\\\\sschofield\\\\AppData\\\\Local\\\\Temp\\\\ecorp-attempt-owned-5WQlfh","outside":"C:\\\\Users\\\\sschofield\\\\AppData\\\\Local\\\\Temp\\\\ecorp-attempt-outside-tSJe8c","links":[],"before":[["sentinel.txt","6f757473696465206d7573742072656d61696e20756e6368616e6765640a"]],"cleanup":"owned links removed and verified absent; owned roots retained","after":[["sentinel.txt","6f757473696465206d7573742072656d61696e20756e6368616e6765640a"]],"calls":[],"report":{"cleanup":[],"source_code_commit":"aaaaaaaaaaaaaaaaaaaaaaaaaaaaaaaaaaaaaaaa","provenance":{"schema_version":1,"assurance":"input identity only; not build or native-scenario proof","before":{"source":{"head":"aaaaaaaaaaaaaaaaaaaaaaaaaaaaaaaaaaaaaaaa","untracked_roots":["apps","crates","db/migrations","deploy","scenarios","scripts","tests","tools",".github",".gitignore",".gitattributes",".npmrc",".env.example",":(top,glob)*.toml",":(top,glob)*.lock",":(top,glob)*.json",":(top,glob)*.yaml",":(top,glob)*.yml",":(top,glob)*.mjs",":(top,glob)*.js",":(top,glob)*.ps1",":(top,glob)*.py"],"files":[{"path":"input.mjs","bytes":19,"sha256":"1c54444bf566e664f6891e1ccf595b2cde8a7b0a65f9428535158cd9a6618878"}],"sha256":"1bfe8cd7492f9830a6975e0a5b1a8cd85d46b58d429560f394e6877cd7d07f3a"},"executables":{"fixture":{"path":"C:\\\\Users\\\\sschofield\\\\AppData\\\\Local\\\\Temp\\\\ecorp-attempt-owned-5WQlfh\\\\inert.exe","sha256":"cd0d8cac57f1e3fbc235acd09ca7b9bcd0fa847fd128544a43d5b6e26a753efc"}}},"consistent":null},"status":"fixture_error","error":"Expected values to be strictly equal:\\n+ actual - expected\\n\\n+ 'unknown'\\n- 'issue-50-factory-budget-recovery-v1'\\n"},"exitCode":1,"outside_final":[["sentinel.txt","6f757473696465206d7573742072656d61696e20756e6368616e6765640a"]]}
# {"scenario":"new-attempt-junction","root":"C:\\\\Users\\\\sschofield\\\\AppData\\\\Local\\\\Temp\\\\ecorp-attempt-owned-8HfCFA","outside":"C:\\\\Users\\\\sschofield\\\\AppData\\\\Local\\\\Temp\\\\ecorp-attempt-outside-tzmCea","links":["C:\\\\Users\\\\sschofield\\\\AppData\\\\Local\\\\Temp\\\\ecorp-attempt-owned-8HfCFA\\\\qa\\\\issue-50-factory-recovery\\\\attempts\\\\test"],"before":[["sentinel.txt","6f757473696465206d7573742072656d61696e20756e6368616e6765640a"]],"cleanup":"owned links removed and verified absent; owned roots retained","after":[["sentinel.txt","6f757473696465206d7573742072656d61696e20756e6368616e6765640a"]],"calls":[],"report":{"cleanup":[],"source_code_commit":"aaaaaaaaaaaaaaaaaaaaaaaaaaaaaaaaaaaaaaaa","provenance":{"schema_version":1,"assurance":"input identity only; not build or native-scenario proof","before":{"source":{"head":"aaaaaaaaaaaaaaaaaaaaaaaaaaaaaaaaaaaaaaaa","untracked_roots":["apps","crates","db/migrations","deploy","scenarios","scripts","tests","tools",".github",".gitignore",".gitattributes",".npmrc",".env.example",":(top,glob)*.toml",":(top,glob)*.lock",":(top,glob)*.json",":(top,glob)*.yaml",":(top,glob)*.yml",":(top,glob)*.mjs",":(top,glob)*.js",":(top,glob)*.ps1",":(top,glob)*.py"],"files":[{"path":"input.mjs","bytes":19,"sha256":"1c54444bf566e664f6891e1ccf595b2cde8a7b0a65f9428535158cd9a6618878"}],"sha256":"1bfe8cd7492f9830a6975e0a5b1a8cd85d46b58d429560f394e6877cd7d07f3a"},"executables":{"fixture":{"path":"C:\\\\Users\\\\sschofield\\\\AppData\\\\Local\\\\Temp\\\\ecorp-attempt-owned-8HfCFA\\\\inert.exe","sha256":"cd0d8cac57f1e3fbc235acd09ca7b9bcd0fa847fd128544a43d5b6e26a753efc"}}},"consistent":null},"status":"fixture_error","error":"Refuse linked or non-directory QA path: C:\\\\Users\\\\sschofield\\\\AppData\\\\Local\\\\Temp\\\\ecorp-attempt-owned-8HfCFA\\\\qa\\\\issue-50-factory-recovery\\\\attempts\\\\test"},"exitCode":1,"outside_final":[["sentinel.txt","6f757473696465206d7573742072656d61696e20756e6368616e6765640a"]]}
# {"scenario":"finally-attempt-junction","root":"C:\\\\Users\\\\sschofield\\\\AppData\\\\Local\\\\Temp\\\\ecorp-attempt-owned-7VX0df","outside":"C:\\\\Users\\\\sschofield\\\\AppData\\\\Local\\\\Temp\\\\ecorp-attempt-outside-DA9ABy","links":["C:\\\\Users\\\\sschofield\\\\AppData\\\\Local\\\\Temp\\\\ecorp-attempt-owned-7VX0df\\\\qa\\\\issue-50-factory-recovery\\\\attempts\\\\test"],"before":[["sentinel.txt","6f757473696465206d7573742072656d61696e20756e6368616e6765640a"]],"cleanup":"owned links removed and verified absent; owned roots retained","after":[["sentinel.txt","6f757473696465206d7573742072656d61696e20756e6368616e6765640a"]],"calls":["lifecycle"],"report":{"cleanup":[{"name":"qa-attempt-path","status":"unverified_preserved","error":"Refuse linked or non-directory QA path: C:\\\\Users\\\\sschofield\\\\AppData\\\\Local\\\\Temp\\\\ecorp-attempt-owned-7VX0df\\\\qa\\\\issue-50-factory-recovery\\\\attempts\\\\test"}],"source_code_commit":"aaaaaaaaaaaaaaaaaaaaaaaaaaaaaaaaaaaaaaaa","provenance":{"schema_version":1,"assurance":"input identity only; not build or native-scenario proof","before":{"source":{"head":"aaaaaaaaaaaaaaaaaaaaaaaaaaaaaaaaaaaaaaaa","untracked_roots":["apps","crates","db/migrations","deploy","scenarios","scripts","tests","tools",".github",".gitignore",".gitattributes",".npmrc",".env.example",":(top,glob)*.toml",":(top,glob)*.lock",":(top,glob)*.json",":(top,glob)*.yaml",":(top,glob)*.yml",":(top,glob)*.mjs",":(top,glob)*.js",":(top,glob)*.ps1",":(top,glob)*.py"],"files":[{"path":"input.mjs","bytes":19,"sha256":"1c54444bf566e664f6891e1ccf595b2cde8a7b0a65f9428535158cd9a6618878"}],"sha256":"1bfe8cd7492f9830a6975e0a5b1a8cd85d46b58d429560f394e6877cd7d07f3a"},"executables":{"fixture":{"path":"C:\\\\Users\\\\sschofield\\\\AppData\\\\Local\\\\Temp\\\\ecorp-attempt-owned-7VX0df\\\\inert.exe","sha256":"cd0d8cac57f1e3fbc235acd09ca7b9bcd0fa847fd128544a43d5b6e26a753efc"}}},"consistent":null},"status":"fixture_error","path_error":"Refuse linked or non-directory QA path: C:\\\\Users\\\\sschofield\\\\AppData\\\\Local\\\\Temp\\\\ecorp-attempt-owned-7VX0df\\\\qa\\\\issue-50-factory-recovery\\\\attempts\\\\test"},"exitCode":1,"outside_final":[["sentinel.txt","6f757473696465206d7573742072656d61696e20756e6368616e6765640a"]]}
# {"scenario":"plain","root":"C:\\\\Users\\\\sschofield\\\\AppData\\\\Local\\\\Temp\\\\ecorp-attempt-owned-W8ANxY","outside":"C:\\\\Users\\\\sschofield\\\\AppData\\\\Local\\\\Temp\\\\ecorp-attempt-outside-PiuzoG","links":[],"before":[["sentinel.txt","6f757473696465206d7573742072656d61696e20756e6368616e6765640a"]],"cleanup":"owned links removed and verified absent; owned roots retained","after":[["sentinel.txt","6f757473696465206d7573742072656d61696e20756e6368616e6765640a"]],"calls":["lifecycle","ports","reference"],"report":{"cleanup":[],"source_code_commit":"aaaaaaaaaaaaaaaaaaaaaaaaaaaaaaaaaaaaaaaa","provenance":{"schema_version":1,"assurance":"input identity only; not build or native-scenario proof","before":{"source":{"head":"aaaaaaaaaaaaaaaaaaaaaaaaaaaaaaaaaaaaaaaa","untracked_roots":["apps","crates","db/migrations","deploy","scenarios","scripts","tests","tools",".github",".gitignore",".gitattributes",".npmrc",".env.example",":(top,glob)*.toml",":(top,glob)*.lock",":(top,glob)*.json",":(top,glob)*.yaml",":(top,glob)*.yml",":(top,glob)*.mjs",":(top,glob)*.js",":(top,glob)*.ps1",":(top,glob)*.py"],"files":[{"path":"input.mjs","bytes":19,"sha256":"1c54444bf566e664f6891e1ccf595b2cde8a7b0a65f9428535158cd9a6618878"}],"sha256":"1bfe8cd7492f9830a6975e0a5b1a8cd85d46b58d429560f394e6877cd7d07f3a"},"executables":{"fixture":{"path":"C:\\\\Users\\\\sschofield\\\\AppData\\\\Local\\\\Temp\\\\ecorp-attempt-owned-W8ANxY\\\\inert.exe","sha256":"cd0d8cac57f1e3fbc235acd09ca7b9bcd0fa847fd128544a43d5b6e26a753efc"}}},"consistent":true,"after":{"source":{"head":"aaaaaaaaaaaaaaaaaaaaaaaaaaaaaaaaaaaaaaaa","untracked_roots":["apps","crates","db/migrations","deploy","scenarios","scripts","tests","tools",".github",".gitignore",".gitattributes",".npmrc",".env.example",":(top,glob)*.toml",":(top,glob)*.lock",":(top,glob)*.json",":(top,glob)*.yaml",":(top,glob)*.yml",":(top,glob)*.mjs",":(top,glob)*.js",":(top,glob)*.ps1",":(top,glob)*.py"],"files":[{"path":"input.mjs","bytes":19,"sha256":"1c54444bf566e664f6891e1ccf595b2cde8a7b0a65f9428535158cd9a6618878"}],"sha256":"1bfe8cd7492f9830a6975e0a5b1a8cd85d46b58d429560f394e6877cd7d07f3a"},"executables":{"fixture":{"path":"C:\\\\Users\\\\sschofield\\\\AppData\\\\Local\\\\Temp\\\\ecorp-attempt-owned-W8ANxY\\\\inert.exe","sha256":"cd0d8cac57f1e3fbc235acd09ca7b9bcd0fa847fd128544a43d5b6e26a753efc"}}}},"ports_after":[],"retained_after":null,"retained_unchanged":null,"finished_at":"2026-09-21T11:57:46.935Z"},"exitCode":0,"outside_final":[["sentinel.txt","6f757473696465206d7573742072656d61696e20756e6368616e6765640a"]]}
# warning: in the working copy of '.gitignore', LF will be replaced by CRLF the next time Git touches it
# warning: in the working copy of 'tools/input.mjs', LF will be replaced by CRLF the next time Git touches it
# Subtest: same HEAD with different dirty tracked bytes has a different binding
ok 101 - same HEAD with different dirty tracked bytes has a different binding
  ---
  duration_ms: 1466.5166
  type: 'test'
  ...
# owned_fixture=C:\\Users\\sschofield\\AppData\\Local\\Temp\\ecorp-source-binding-uySP5O
# {"case":"dirty-tracked","before":{"source":{"head":"33f47c3aa1dde0159478182986641667caa62a23","untracked_roots":["apps","crates","db/migrations","deploy","scenarios","scripts","tests","tools",".github",".gitignore",".gitattributes",".npmrc",".env.example",":(top,glob)*.toml",":(top,glob)*.lock",":(top,glob)*.json",":(top,glob)*.yaml",":(top,glob)*.yml",":(top,glob)*.mjs",":(top,glob)*.js",":(top,glob)*.ps1",":(top,glob)*.py"],"files":[{"path":".gitignore","bytes":15,"sha256":"33e45938e83d9ffd00a78453599af866d902f2317238fd212fb58d535025e22b"},{"path":"tools/input.mjs","bytes":17,"sha256":"b175a5e4baa1a0193288f3a7fd388b870791248f2d1f22f275a5d03671dcd41c"}],"sha256":"deac54722590eced2257d5ae47b73ecff60fc00c5022b72284c06d4797eec09d"},"executables":{"server":{"path":"C:\\\\Users\\\\sschofield\\\\AppData\\\\Local\\\\Temp\\\\ecorp-source-binding-uySP5O\\\\server.exe","sha256":"c668a635b42f5dcff494e50ab9268e03edfc8a017249e9bf41aa0ac67bcb1697"}}},"after":{"source":{"head":"33f47c3aa1dde0159478182986641667caa62a23","untracked_roots":["apps","crates","db/migrations","deploy","scenarios","scripts","tests","tools",".github",".gitignore",".gitattributes",".npmrc",".env.example",":(top,glob)*.toml",":(top,glob)*.lock",":(top,glob)*.json",":(top,glob)*.yaml",":(top,glob)*.yml",":(top,glob)*.mjs",":(top,glob)*.js",":(top,glob)*.ps1",":(top,glob)*.py"],"files":[{"path":".gitignore","bytes":15,"sha256":"33e45938e83d9ffd00a78453599af866d902f2317238fd212fb58d535025e22b"},{"path":"tools/input.mjs","bytes":16,"sha256":"d0e9aebbc8a3e81013bcb7f1f2c9e0892e9c7085489d8ee4cb4f9d721f12215c"}],"sha256":"1927eb15bfc4f2367295b478d6ac19c747c2cb0cfa6332ce4e5a5dfb3a68fa3f"},"executables":{"server":{"path":"C:\\\\Users\\\\sschofield\\\\AppData\\\\Local\\\\Temp\\\\ecorp-source-binding-uySP5O\\\\server.exe","sha256":"c668a635b42f5dcff494e50ab9268e03edfc8a017249e9bf41aa0ac67bcb1697"}}}}
# warning: in the working copy of '.gitignore', LF will be replaced by CRLF the next time Git touches it
# warning: in the working copy of 'tools/input.mjs', LF will be replaced by CRLF the next time Git touches it
# Subtest: nonignored untracked test input changes, additions and deletion are bound
ok 102 - nonignored untracked test input changes, additions and deletion are bound
  ---
  duration_ms: 2235.4329
  type: 'test'
  ...
# owned_fixture=C:\\Users\\sschofield\\AppData\\Local\\Temp\\ecorp-source-binding-O9kTTM
# {"case":"untracked-input","before":{"source":{"head":"12e92d9ae0f75b6475f65ee5144d1ed0746bc48a","untracked_roots":["apps","crates","db/migrations","deploy","scenarios","scripts","tests","tools",".github",".gitignore",".gitattributes",".npmrc",".env.example",":(top,glob)*.toml",":(top,glob)*.lock",":(top,glob)*.json",":(top,glob)*.yaml",":(top,glob)*.yml",":(top,glob)*.mjs",":(top,glob)*.js",":(top,glob)*.ps1",":(top,glob)*.py"],"files":[{"path":".gitignore","bytes":15,"sha256":"33e45938e83d9ffd00a78453599af866d902f2317238fd212fb58d535025e22b"},{"path":"tools/input.mjs","bytes":17,"sha256":"b175a5e4baa1a0193288f3a7fd388b870791248f2d1f22f275a5d03671dcd41c"},{"path":"tools/new-input.json","bytes":12,"sha256":"3a37782e8974c48eebf2a0517c866ad15641c53b3d31993188796b56aeb79624"}],"sha256":"3cff8a8277f334970d9948af2c2a4b70adbccdf9a0cbafd153e72392aa028e5a"},"executables":{"server":{"path":"C:\\\\Users\\\\sschofield\\\\AppData\\\\Local\\\\Temp\\\\ecorp-source-binding-O9kTTM\\\\server.exe","sha256":"c668a635b42f5dcff494e50ab9268e03edfc8a017249e9bf41aa0ac67bcb1697"}}},"after":{"source":{"head":"12e92d9ae0f75b6475f65ee5144d1ed0746bc48a","untracked_roots":["apps","crates","db/migrations","deploy","scenarios","scripts","tests","tools",".github",".gitignore",".gitattributes",".npmrc",".env.example",":(top,glob)*.toml",":(top,glob)*.lock",":(top,glob)*.json",":(top,glob)*.yaml",":(top,glob)*.yml",":(top,glob)*.mjs",":(top,glob)*.js",":(top,glob)*.ps1",":(top,glob)*.py"],"files":[{"path":".gitignore","bytes":15,"sha256":"33e45938e83d9ffd00a78453599af866d902f2317238fd212fb58d535025e22b"},{"path":"tools/input.mjs","bytes":17,"sha256":"b175a5e4baa1a0193288f3a7fd388b870791248f2d1f22f275a5d03671dcd41c"},{"path":"tools/new-input.json","bytes":12,"sha256":"6e0d9d0268c35e8b9c620e4f529378b20d9e71af3a03cd57ad43c1f74a9ebc40"}],"sha256":"93906fa22975099bfd0aab2e8b499c7df516ccab4d9112561353dd7b83c51662"},"executables":{"server":{"path":"C:\\\\Users\\\\sschofield\\\\AppData\\\\Local\\\\Temp\\\\ecorp-source-binding-O9kTTM\\\\server.exe","sha256":"c668a635b42f5dcff494e50ab9268e03edfc8a017249e9bf41aa0ac67bcb1697"}}}}
# warning: in the working copy of '.gitignore', LF will be replaced by CRLF the next time Git touches it
# warning: in the working copy of 'tools/input.mjs', LF will be replaced by CRLF the next time Git touches it
# Subtest: actual executable bytes, not name or HEAD, are hashed and drift fails finalization
ok 103 - actual executable bytes, not name or HEAD, are hashed and drift fails finalization
  ---
  duration_ms: 2046.8683
  type: 'test'
  ...
# owned_fixture=C:\\Users\\sschofield\\AppData\\Local\\Temp\\ecorp-source-binding-thpbt2
# {"case":"binary-drift","before":{"source":{"head":"bb4c0aa7670aac782150f5427979aa3b3a7e46c6","untracked_roots":["apps","crates","db/migrations","deploy","scenarios","scripts","tests","tools",".github",".gitignore",".gitattributes",".npmrc",".env.example",":(top,glob)*.toml",":(top,glob)*.lock",":(top,glob)*.json",":(top,glob)*.yaml",":(top,glob)*.yml",":(top,glob)*.mjs",":(top,glob)*.js",":(top,glob)*.ps1",":(top,glob)*.py"],"files":[{"path":".gitignore","bytes":15,"sha256":"33e45938e83d9ffd00a78453599af866d902f2317238fd212fb58d535025e22b"},{"path":"tools/input.mjs","bytes":17,"sha256":"b175a5e4baa1a0193288f3a7fd388b870791248f2d1f22f275a5d03671dcd41c"}],"sha256":"deac54722590eced2257d5ae47b73ecff60fc00c5022b72284c06d4797eec09d"},"executables":{"server":{"path":"C:\\\\Users\\\\sschofield\\\\AppData\\\\Local\\\\Temp\\\\ecorp-source-binding-thpbt2\\\\server.exe","sha256":"c668a635b42f5dcff494e50ab9268e03edfc8a017249e9bf41aa0ac67bcb1697"}}},"consistent":false,"after":{"source":{"head":"bb4c0aa7670aac782150f5427979aa3b3a7e46c6","untracked_roots":["apps","crates","db/migrations","deploy","scenarios","scripts","tests","tools",".github",".gitignore",".gitattributes",".npmrc",".env.example",":(top,glob)*.toml",":(top,glob)*.lock",":(top,glob)*.json",":(top,glob)*.yaml",":(top,glob)*.yml",":(top,glob)*.mjs",":(top,glob)*.js",":(top,glob)*.ps1",":(top,glob)*.py"],"files":[{"path":".gitignore","bytes":15,"sha256":"33e45938e83d9ffd00a78453599af866d902f2317238fd212fb58d535025e22b"},{"path":"tools/input.mjs","bytes":17,"sha256":"b175a5e4baa1a0193288f3a7fd388b870791248f2d1f22f275a5d03671dcd41c"}],"sha256":"deac54722590eced2257d5ae47b73ecff60fc00c5022b72284c06d4797eec09d"},"executables":{"server":{"path":"C:\\\\Users\\\\sschofield\\\\AppData\\\\Local\\\\Temp\\\\ecorp-source-binding-thpbt2\\\\server.exe","sha256":"fb1666f83f3c5d0cb0defba9d8a55336b99b208aab2b8d422b3e00427db13721"}}}}
# warning: in the working copy of '.gitignore', LF will be replaced by CRLF the next time Git touches it
# warning: in the working copy of 'tools/input.mjs', LF will be replaced by CRLF the next time Git touches it
# Subtest: unchanged input finalizes; source drift and missing executables fail closed
ok 104 - unchanged input finalizes; source drift and missing executables fail closed
  ---
  duration_ms: 2262.4659
  type: 'test'
  ...
# owned_fixture=C:\\Users\\sschofield\\AppData\\Local\\Temp\\ecorp-source-binding-wcPB4a
# warning: in the working copy of '.gitignore', LF will be replaced by CRLF the next time Git touches it
# warning: in the working copy of 'tools/input.mjs', LF will be replaced by CRLF the next time Git touches it
# Subtest: ignored contents and unrelated private directories are never hashed
ok 105 - ignored contents and unrelated private directories are never hashed
  ---
  duration_ms: 1702.5001
  type: 'test'
  ...
# owned_fixture=C:\\Users\\sschofield\\AppData\\Local\\Temp\\ecorp-source-binding-J4lWXW
# warning: in the working copy of '.gitignore', LF will be replaced by CRLF the next time Git touches it
# warning: in the working copy of 'tools/input.mjs', LF will be replaced by CRLF the next time Git touches it
# Subtest: tracked parent junction escape and executable symlink are rejected
ok 106 - tracked parent junction escape and executable symlink are rejected
  ---
  duration_ms: 1300.1651
  type: 'test'
  ...
# owned_fixture=C:\\Users\\sschofield\\AppData\\Local\\Temp\\ecorp-source-binding-oyNTMV
# warning: in the working copy of '.gitignore', LF will be replaced by CRLF the next time Git touches it
# warning: in the working copy of 'tools/input.mjs', LF will be replaced by CRLF the next time Git touches it
# Subtest: source hard links and unsafe Git path listings fail without outside reads
ok 107 - source hard links and unsafe Git path listings fail without outside reads
  ---
  duration_ms: 1111.3752
  type: 'test'
  ...
# owned_fixture=C:\\Users\\sschofield\\AppData\\Local\\Temp\\ecorp-source-binding-Ag58o5
# Subtest: native admission binds before effects; dry-run does not require executables
ok 108 - native admission binds before effects; dry-run does not require executables
  ---
  duration_ms: 0.6983
  type: 'test'
  ...
# Subtest: lifecycle-only preview requires an explicit owned scope and cannot claim OIDC coverage
ok 109 - lifecycle-only preview requires an explicit owned scope and cannot claim OIDC coverage
  ---
  duration_ms: 2.2377
  type: 'test'
  ...
# Subtest: identity fixture rejects manual, foreign and credential-bearing endpoints before effects
ok 110 - identity fixture rejects manual, foreign and credential-bearing endpoints before effects
  ---
  duration_ms: 1.6831
  type: 'test'
  ...
# Subtest: full identity/OIDC conformance stays confined to the exact hosted integration fixture
ok 111 - full identity/OIDC conformance stays confined to the exact hosted integration fixture
  ---
  duration_ms: 1.8785
  type: 'test'
  ...
# Subtest: model/source selection rejects ambiguity, wrong scope, missing capabilities and prior work
ok 112 - model/source selection rejects ambiguity, wrong scope, missing capabilities and prior work
  ---
  duration_ms: 3.6413
  type: 'test'
  ...
# Subtest: identity readiness retries only native read-only previews before any mission or launch
ok 113 - identity readiness retries only native read-only previews before any mission or launch
  ---
  duration_ms: 102.1855
  type: 'test'
  ...
# Subtest: assignment binds exact source/model, scope and fence without leaking secrets
ok 114 - assignment binds exact source/model, scope and fence without leaking secrets
  ---
  duration_ms: 1.8181
  type: 'test'
  ...
# Subtest: assignment listener exists before launch and is removed with its timer after success
ok 115 - assignment listener exists before launch and is removed with its timer after success
  ---
  duration_ms: 24.3923
  type: 'test'
  ...
# Subtest: wrong-runner launch fails immediately without a dangling assignment deadline
ok 116 - wrong-runner launch fails immediately without a dangling assignment deadline
  ---
  duration_ms: 0.6977
  type: 'test'
  ...
# Subtest: failed launch cancels assignment listening without masking the HTTP error
ok 117 - failed launch cancels assignment listening without masking the HTTP error
  ---
  duration_ms: 0.3237
  type: 'test'
  ...
# Subtest: assignment timeout stays observed during launch and cleans up deterministically
ok 118 - assignment timeout stays observed during launch and cleans up deterministically
  ---
  duration_ms: 2.7304
  type: 'test'
  ...
# Subtest: closed and malformed probe streams fail without waiting for the full deadline
ok 119 - closed and malformed probe streams fail without waiting for the full deadline
  ---
  duration_ms: 0.8875
  type: 'test'
  ...
# Subtest: Linux retains full auth coverage and Windows lifecycle evidence cannot claim OIDC
ok 120 - Linux retains full auth coverage and Windows lifecycle evidence cannot claim OIDC
  ---
  duration_ms: 1.8498
  type: 'test'
  ...
# Subtest: database query options are refused before filesystem or lifecycle effects
    # Subtest: startOwnedTestServer rejects query case host
    ok 1 - startOwnedTestServer rejects query case host
      ---
      duration_ms: 2.5685
      type: 'test'
      ...
    # Subtest: startOwnedTestServer rejects query case hostaddr
    ok 2 - startOwnedTestServer rejects query case hostaddr
      ---
      duration_ms: 0.2243
      type: 'test'
      ...
    # Subtest: startOwnedTestServer rejects query case port
    ok 3 - startOwnedTestServer rejects query case port
      ---
      duration_ms: 0.2131
      type: 'test'
      ...
    # Subtest: startOwnedTestServer rejects query case dbname
    ok 4 - startOwnedTestServer rejects query case dbname
      ---
      duration_ms: 0.1843
      type: 'test'
      ...
    # Subtest: startOwnedTestServer rejects query case user
    ok 5 - startOwnedTestServer rejects query case user
      ---
      duration_ms: 0.2195
      type: 'test'
      ...
    # Subtest: startOwnedTestServer rejects query case port
    ok 6 - startOwnedTestServer rejects query case port
      ---
      duration_ms: 0.2677
      type: 'test'
      ...
    # Subtest: startOwnedTestServer rejects query case host
    ok 7 - startOwnedTestServer rejects query case host
      ---
      duration_ms: 0.2121
      type: 'test'
      ...
    # Subtest: startOwnedTestServer rejects query case unknown
    ok 8 - startOwnedTestServer rejects query case unknown
      ---
      duration_ms: 0.2035
      type: 'test'
      ...
    # Subtest: startOwnedTestServer rejects query case %68ost
    ok 9 - startOwnedTestServer rejects query case %68ost
      ---
      duration_ms: 0.2696
      type: 'test'
      ...
    # Subtest: startOwnedTestServer rejects query case HOST
    ok 10 - startOwnedTestServer rejects query case HOST
      ---
      duration_ms: 0.304
      type: 'test'
      ...
    # Subtest: startOwnedTestServer rejects query case HostAddr
    ok 11 - startOwnedTestServer rejects query case HostAddr
      ---
      duration_ms: 0.1625
      type: 'test'
      ...
    # Subtest: startOwnedTestServer rejects query case DBNAME
    ok 12 - startOwnedTestServer rejects query case DBNAME
      ---
      duration_ms: 0.2422
      type: 'test'
      ...
    # Subtest: startOwnedTestServer rejects query case port
    ok 13 - startOwnedTestServer rejects query case port
      ---
      duration_ms: 0.1882
      type: 'test'
      ...
    # Subtest: startOwnedTestServer rejects query case sslmode
    ok 14 - startOwnedTestServer rejects query case sslmode
      ---
      duration_ms: 0.1548
      type: 'test'
      ...
    # Subtest: startOwnedTestServer rejects query case options
    ok 15 - startOwnedTestServer rejects query case options
      ---
      duration_ms: 0.1775
      type: 'test'
      ...
    # Subtest: startOwnedTestServer rejects query case password
    ok 16 - startOwnedTestServer rejects query case password
      ---
      duration_ms: 0.1779
      type: 'test'
      ...
    # Subtest: startOwnedTestServer rejects query case host
    ok 17 - startOwnedTestServer rejects query case host
      ---
      duration_ms: 0.119
      type: 'test'
      ...
    # Subtest: startOwnedTestServer rejects query case &&
    ok 18 - startOwnedTestServer rejects query case &&
      ---
      duration_ms: 0.1116
      type: 'test'
      ...
    # Subtest: startOwnedTestServer rejects query case %
    ok 19 - startOwnedTestServer rejects query case %
      ---
      duration_ms: 0.1104
      type: 'test'
      ...
    # Subtest: startOwnedTestServer allows URL without query options (0)
    ok 20 - startOwnedTestServer allows URL without query options (0)
      ---
      duration_ms: 0.8181
      type: 'test'
      ...
    # Subtest: startOwnedTestServer allows URL without query options (1)
    ok 21 - startOwnedTestServer allows URL without query options (1)
      ---
      duration_ms: 0.1819
      type: 'test'
      ...
    # Subtest: restartOwnedTestServer rejects query case host
    ok 22 - restartOwnedTestServer rejects query case host
      ---
      duration_ms: 0.1913
      type: 'test'
      ...
    # Subtest: restartOwnedTestServer rejects query case hostaddr
    ok 23 - restartOwnedTestServer rejects query case hostaddr
      ---
      duration_ms: 0.2952
      type: 'test'
      ...
    # Subtest: restartOwnedTestServer rejects query case port
    ok 24 - restartOwnedTestServer rejects query case port
      ---
      duration_ms: 0.1412
      type: 'test'
      ...
    # Subtest: restartOwnedTestServer rejects query case dbname
    ok 25 - restartOwnedTestServer rejects query case dbname
      ---
      duration_ms: 0.1023
      type: 'test'
      ...
    # Subtest: restartOwnedTestServer rejects query case user
    ok 26 - restartOwnedTestServer rejects query case user
      ---
      duration_ms: 0.1113
      type: 'test'
      ...
    # Subtest: restartOwnedTestServer rejects query case port
    ok 27 - restartOwnedTestServer rejects query case port
      ---
      duration_ms: 0.1171
      type: 'test'
      ...
    # Subtest: restartOwnedTestServer rejects query case host
    ok 28 - restartOwnedTestServer rejects query case host
      ---
      duration_ms: 0.0993
      type: 'test'
      ...
    # Subtest: restartOwnedTestServer rejects query case unknown
    ok 29 - restartOwnedTestServer rejects query case unknown
      ---
      duration_ms: 0.096
      type: 'test'
      ...
    # Subtest: restartOwnedTestServer rejects query case %68ost
    ok 30 - restartOwnedTestServer rejects query case %68ost
      ---
      duration_ms: 0.1606
      type: 'test'
      ...
    # Subtest: restartOwnedTestServer rejects query case HOST
    ok 31 - restartOwnedTestServer rejects query case HOST
      ---
      duration_ms: 0.1202
      type: 'test'
      ...
    # Subtest: restartOwnedTestServer rejects query case HostAddr
    ok 32 - restartOwnedTestServer rejects query case HostAddr
      ---
      duration_ms: 0.098
      type: 'test'
      ...
    # Subtest: restartOwnedTestServer rejects query case DBNAME
    ok 33 - restartOwnedTestServer rejects query case DBNAME
      ---
      duration_ms: 0.1057
      type: 'test'
      ...
    # Subtest: restartOwnedTestServer rejects query case port
    ok 34 - restartOwnedTestServer rejects query case port
      ---
      duration_ms: 0.1006
      type: 'test'
      ...
    # Subtest: restartOwnedTestServer rejects query case sslmode
    ok 35 - restartOwnedTestServer rejects query case sslmode
      ---
      duration_ms: 0.1507
      type: 'test'
      ...
    # Subtest: restartOwnedTestServer rejects query case options
    ok 36 - restartOwnedTestServer rejects query case options
      ---
      duration_ms: 0.1996
      type: 'test'
      ...
    # Subtest: restartOwnedTestServer rejects query case password
    ok 37 - restartOwnedTestServer rejects query case password
      ---
      duration_ms: 0.1235
      type: 'test'
      ...
    # Subtest: restartOwnedTestServer rejects query case host
    ok 38 - restartOwnedTestServer rejects query case host
      ---
      duration_ms: 0.1084
      type: 'test'
      ...
    # Subtest: restartOwnedTestServer rejects query case &&
    ok 39 - restartOwnedTestServer rejects query case &&
      ---
      duration_ms: 0.142
      type: 'test'
      ...
    # Subtest: restartOwnedTestServer rejects query case %
    ok 40 - restartOwnedTestServer rejects query case %
      ---
      duration_ms: 0.0951
      type: 'test'
      ...
    # Subtest: restartOwnedTestServer allows URL without query options (0)
    ok 41 - restartOwnedTestServer allows URL without query options (0)
      ---
      duration_ms: 0.1699
      type: 'test'
      ...
    # Subtest: restartOwnedTestServer allows URL without query options (1)
    ok 42 - restartOwnedTestServer allows URL without query options (1)
      ---
      duration_ms: 0.1639
      type: 'test'
      ...
    # Subtest: stopOwnedTestServer rejects query case host
    ok 43 - stopOwnedTestServer rejects query case host
      ---
      duration_ms: 0.2521
      type: 'test'
      ...
    # Subtest: stopOwnedTestServer rejects query case hostaddr
    ok 44 - stopOwnedTestServer rejects query case hostaddr
      ---
      duration_ms: 0.1625
      type: 'test'
      ...
    # Subtest: stopOwnedTestServer rejects query case port
    ok 45 - stopOwnedTestServer rejects query case port
      ---
      duration_ms: 0.1513
      type: 'test'
      ...
    # Subtest: stopOwnedTestServer rejects query case dbname
    ok 46 - stopOwnedTestServer rejects query case dbname
      ---
      duration_ms: 0.0996
      type: 'test'
      ...
    # Subtest: stopOwnedTestServer rejects query case user
    ok 47 - stopOwnedTestServer rejects query case user
      ---
      duration_ms: 0.1445
      type: 'test'
      ...
    # Subtest: stopOwnedTestServer rejects query case port
    ok 48 - stopOwnedTestServer rejects query case port
      ---
      duration_ms: 0.0981
      type: 'test'
      ...
    # Subtest: stopOwnedTestServer rejects query case host
    ok 49 - stopOwnedTestServer rejects query case host
      ---
      duration_ms: 0.0976
      type: 'test'
      ...
    # Subtest: stopOwnedTestServer rejects query case unknown
    ok 50 - stopOwnedTestServer rejects query case unknown
      ---
      duration_ms: 0.1486
      type: 'test'
      ...
    # Subtest: stopOwnedTestServer rejects query case %68ost
    ok 51 - stopOwnedTestServer rejects query case %68ost
      ---
      duration_ms: 0.2391
      type: 'test'
      ...
    # Subtest: stopOwnedTestServer rejects query case HOST
    ok 52 - stopOwnedTestServer rejects query case HOST
      ---
      duration_ms: 0.1055
      type: 'test'
      ...
    # Subtest: stopOwnedTestServer rejects query case HostAddr
    ok 53 - stopOwnedTestServer rejects query case HostAddr
      ---
      duration_ms: 0.0937
      type: 'test'
      ...
    # Subtest: stopOwnedTestServer rejects query case DBNAME
    ok 54 - stopOwnedTestServer rejects query case DBNAME
      ---
      duration_ms: 0.0988
      type: 'test'
      ...
    # Subtest: stopOwnedTestServer rejects query case port
    ok 55 - stopOwnedTestServer rejects query case port
      ---
      duration_ms: 0.0906
      type: 'test'
      ...
    # Subtest: stopOwnedTestServer rejects query case sslmode
    ok 56 - stopOwnedTestServer rejects query case sslmode
      ---
      duration_ms: 0.0865
      type: 'test'
      ...
    # Subtest: stopOwnedTestServer rejects query case options
    ok 57 - stopOwnedTestServer rejects query case options
      ---
      duration_ms: 0.1796
      type: 'test'
      ...
    # Subtest: stopOwnedTestServer rejects query case password
    ok 58 - stopOwnedTestServer rejects query case password
      ---
      duration_ms: 0.1051
      type: 'test'
      ...
    # Subtest: stopOwnedTestServer rejects query case host
    ok 59 - stopOwnedTestServer rejects query case host
      ---
      duration_ms: 0.089
      type: 'test'
      ...
    # Subtest: stopOwnedTestServer rejects query case &&
    ok 60 - stopOwnedTestServer rejects query case &&
      ---
      duration_ms: 0.096
      type: 'test'
      ...
    # Subtest: stopOwnedTestServer rejects query case %
    ok 61 - stopOwnedTestServer rejects query case %
      ---
      duration_ms: 0.0904
      type: 'test'
      ...
    # Subtest: stopOwnedTestServer allows URL without query options (0)
    ok 62 - stopOwnedTestServer allows URL without query options (0)
      ---
      duration_ms: 0.1657
      type: 'test'
      ...
    # Subtest: stopOwnedTestServer allows URL without query options (1)
    ok 63 - stopOwnedTestServer allows URL without query options (1)
      ---
      duration_ms: 0.2165
      type: 'test'
      ...
    1..63
ok 121 - database query options are refused before filesystem or lifecycle effects
  ---
  duration_ms: 20.2919
  type: 'test'
  ...
# Subtest: upstream restart environment remains bounded and cannot override database authority
ok 122 - upstream restart environment remains bounded and cannot override database authority
  ---
  duration_ms: 1.1314
  type: 'test'
  ...
# Subtest: owned server requires matching executable, creation, endpoint, and workspace
ok 123 - owned server requires matching executable, creation, endpoint, and workspace
  ---
  duration_ms: 0.6986
  type: 'test'
  ...
# Subtest: manual, remote, stale, or non-owned manifests never authorize restart
ok 124 - manual, remote, stale, or non-owned manifests never authorize restart
  ---
  duration_ms: 0.3298
  type: 'test'
  ...
# Subtest: Windows native receipts preserve sub-millisecond creation identity without numeric rounding
ok 125 - Windows native receipts preserve sub-millisecond creation identity without numeric rounding
  ---
  duration_ms: 1.0165
  type: 'test'
  ...
# Subtest: owned endpoints reject every reserved/manual port and non-origin URL
ok 126 - owned endpoints reject every reserved/manual port and non-origin URL
  ---
  duration_ms: 0.4452
  type: 'test'
  ...
# Subtest: Linux receipts require exact kernel identity and case-sensitive executable paths
ok 127 - Linux receipts require exact kernel identity and case-sensitive executable paths
  ---
  duration_ms: 0.8605
  type: 'test'
  ...
# Subtest: legacy PID files and pre-existing locks are preserved without signalling or starting a process
ok 128 - legacy PID files and pre-existing locks are preserved without signalling or starting a process
  ---
  duration_ms: 43.7883
  type: 'test'
  ...
# Subtest: native owned child startup, two restarts, refusal of database drift and idempotent stop
ok 129 - native owned child startup, two restarts, refusal of database drift and idempotent stop # SKIP
  ---
  duration_ms: 0.2276
  type: 'test'
  ...
1..129
# tests 210
# suites 0
# pass 209
# fail 0
# cancelled 0
# skipped 1
# todo 0
# duration_ms 33244.1994
