   Compiling crony-domain v0.1.0 (<reviewed-worktree>\crates\crony-domain)
   Compiling crony-store v0.1.0 (<reviewed-worktree>\crates\crony-store)
    Finished `test` profile [unoptimized + debuginfo] target(s) in 2m 04s
     Running unittests src\lib.rs (<local-user>\code\ecorp-pr362-completion-20260922\target-validation\debug\deps\crony_store-00b65977dbfbe89a.exe)

running 15 tests
test budget_checkpoint_tests::retained_receipts::issue211_collection_binding_survives_abandon_and_rejects_replacement ... ok
test budget_checkpoint_tests::retained_receipts::issue211_collection_does_not_bypass_unjoined_source_signature ... ok
test budget_checkpoint_tests::retained_receipts::issue211_collection_does_not_override_protected_states_or_explicit_stop ... ok
test budget_checkpoint_tests::retained_receipts::issue211_collection_preserves_authorized_historical_suspension_and_policy ... ok
test budget_checkpoint_tests::retained_receipts::issue211_collection_rechecks_native_checkpoint_before_finalize ... ok
test budget_checkpoint_tests::retained_receipts::issue211_collection_rechecks_policy_before_finalize ... ok
test budget_checkpoint_tests::retained_receipts::issue211_collection_rechecks_role_before_finalize ... ok
test budget_checkpoint_tests::retained_receipts::issue211_collection_rechecks_room_before_finalize ... ok
test budget_checkpoint_tests::retained_receipts::issue211_collection_rechecks_source_before_finalize ... ok
test budget_checkpoint_tests::retained_receipts::issue211_collection_rejects_missing_malformed_foreign_grants_and_inputs ... ok
test budget_checkpoint_tests::retained_receipts::issue211_collection_rejects_unrelated_suspension_or_corrupt_historical_authority ... ok
test budget_checkpoint_tests::retained_receipts::issue211_collection_replays_new_receipt_for_latest_failed_checkpoint ... ok
test budget_checkpoint_tests::retained_receipts::issue211_collection_requires_a_native_completed_receipt_generation ... ok
test budget_checkpoint_tests::retained_receipts::issue211_collection_reservation_and_finalization_roll_back_sqlx_failures ... ok
test budget_checkpoint_tests::retained_receipts::issue211_collection_takes_both_native_gates_before_artifact_rows ... ok

test result: ok. 15 passed; 0 failed; 0 ignored; 0 measured; 419 filtered out; finished in 36.18s
