✔ all current native contract fields and verifier variants roundtrip without normalization or mutation (138.3031ms)
✔ native optional fields, deliverable defaults and every deliverable form retain exact JSON shape (1.6674ms)
✔ manual gates and omitted, null and explicit cache controls retain their authority exactly (2.0411ms)
✔ malformed exact JSON and unsupported native field types fail without coercion (2.1141ms)
✔ unknown fields that native decoding would discard cannot silently become saved authority (1.1078ms)
✔ resume rejects changes to each immutable authority field but retains native default equivalence (167.8699ms)
✔ resume preserves prohibitions and uses component-aware path and tool narrowing (26.5516ms)
✔ Factory correction retains ordered verifier kinds and the complete manual gate (26.5156ms)
✔ native-valid ref punctuation and Unicode paths remain usable while control paths are rejected (0.6329ms)
✔ byte bounds, malformed source tuples, verifier limits and scoped references show field errors (19.0278ms)
✔ restoring a draft rejects inconsistent action, source and Factory scope or a result without a request (31.5028ms)
✔ ordinary recovery chooses a provable latest lineage independently of snapshot order (0.7361ms)
✔ recovery rejects active, completed, stopped, quarantined, disconnected and cyclic lineage (0.5895ms)
✔ only an exact pre-dispatch failure is skipped and only verifier-only ancestry inherits a provider session (0.3131ms)
✔ guided editing preserves every unedited authority field, list entry and verifier including whitespace (72.6045ms)
✔ exact and guided views share one draft and omitted optional fields stay omitted (63.6085ms)
✔ authority errors and malformed exact JSON are visible outside closed disclosures and associated with inputs (50.6558ms)
✔ issue262 an open draft cannot silently adopt a refreshed contract version (136.7653ms)
✔ issue262 a lost-response retry preserves the exact request across reconnect and refreshed state (99.4547ms)
✔ issue262 actual save handler retains server success and assigned version when refresh fails (15.6212ms)
✔ issue262 explicit stale reconciliation keeps edits but captures the new baseline and a new key (37.4002ms)
✔ issue262 hiding and remounting retains raw incomplete JSON and the exact unsent draft (75.0141ms)
✔ issue262 a definitive initial refusal permits correction with a fresh key (34.751ms)
✔ issue262 refusal of a previously uncertain replay never releases the original request for editing (34.9185ms)
✔ issue262 replay can confirm a save after execution starts; its receipt fences further revisions (68.2468ms)
✔ issue262 successful receipt uses the assigned version and awaits a refreshed baseline (32.9195ms)
✔ issue262 duplicate same-tick submissions produce one mutation and one retained body (26.8229ms)
✔ issue262 unavailable or unreadable storage prevents sending and never deletes stored data (73.508ms)
✔ issue262 storage write failure or changed readback never sends an unpreserved mutation (50.0789ms)
✔ issue262 an old response cannot overwrite a newer remounted draft (51.2066ms)
✔ issue262 actor, Corp, room, mission, task and server scope changes cannot expose or submit a prior draft (352.6327ms)
✔ issue262 selected source changes keep the old target frozen until explicitly reconciled (22.2651ms)
✔ issue262 completed, active, stopped and quarantined projections cannot authorize a new revision (141.4549ms)
✔ issue262 save handler sends only the captured Corp/actor/mission and refuses mismatched requests (10.4341ms)
✔ issue262 save receipts are verified and a late success cannot refresh or announce into another viewer (51.3136ms)
✔ issue262 save failures distinguish definite refusal from rate limits, timeouts and unknown transport outcomes (97.5417ms)
✔ issue50 exact ordinary budget suspension retains native provider resume beside optional checkpoint verification (3.1208ms)
✔ issue210 only the explicit server flag adds correction to a native checkpoint (0.5883ms)
✔ issue210 verifier availability is independent of correction and missing availability preserves legacy behavior (1.0803ms)
✔ issue210 revision source is the exact server-selected verifier, with no cross-item fallback (0.4784ms)
✔ only native proof plus its cancellation marker exposes source-only checkpoint verification (0.3367ms)
✔ a running checkpoint needs no cancellation repair, and ordinary verification failure stays compatible (0.2251ms)
✔ missing/tampered source, checkpoint, head, active recovery or terminal outcome offers no new recovery (0.3293ms)
✔ context requests are not recovery grants and never depend on inferred mission spend/status (0.2312ms)
✔ copied command binding retains the saved connection and never falls back on malformed metadata (0.7301ms)
✔ issue50 actual recovery scope invalidates old responses on budget proposals and decisions without a Factory version change (106.1784ms)
✔ issue50 actual App budget controls require a fresh approved context and explicitly POST the same suspended source (359.8825ms)
✔ actual presentation selects the endpoint source, not the newest visible run or mission cancellation (31.3838ms)
✔ issue210 presentation separates provider-free verification from a budgeted same-session fix (17.5259ms)
✔ issue210 source-only and unavailable checkpoint presentations never suggest generic recovery (26.3237ms)
✔ actual context loader is GET-only and admits the exact item/version/mission checkpoint (28.7034ms)
✔ actual context loader rejects stale/cross-scope and malformed flags without snapshot fallback (146.7158ms)
✔ issue210 actual loader accepts boolean correction flags and defaults missing legacy authority closed (39.8461ms)
✔ issue210 exact loader retains true, false and missing checkpoint availability without granting another mode (37.6962ms)
✔ actual UI action copies only explicit checkpoint verification with the original scope/connection (123.1557ms)
✔ issue210 actual correction action retains the original CLI route, source and connection (237.591ms)
✔ issue210 actual card drops correction authority immediately when item, version or actor changes (245.7554ms)
✔ issue210 actual contract submission uses the scoped verifier, not its provider ancestor (76.569ms)
✔ issue210 editor loading, errors, stale context and denied correction cannot fall back or submit (246.4082ms)
✔ issue210 ordinary contract resume, redispatch and requester/role boundaries stay intact (91.1866ms)
✔ issue210 actual source-only context copies correction and revises the exact verifier; no-mode context does neither (155.205ms)
✔ actual resume handler and rendered provider control respect native recovery blocking (6.5595ms)
✔ actual App Resume control survives an ineligible ordinary Factory recovery lookup and uses the native actor-bound POST (164.7315ms)
✔ issue221 explicit provider-correction permission permits null head without granting checkpoint or generic resume (0.8552ms)
✔ issue221 actual context reader retains null head/current provider proof and malformed heads remain non-actionable (273.6104ms)
✔ issue221 actual copy/revision actions use only source correction for the latest failed provider with null head (215.118ms)
ℹ tests 66
ℹ suites 0
ℹ pass 66
ℹ fail 0
ℹ cancelled 0
ℹ skipped 0
ℹ todo 0
ℹ duration_ms 4750.3332
