PASS browser_exact_all_supported_fields_roundtrip_draft_only
PASS guided_fields_errors_focus_lists_and_existing_verifier_editor
PASS mobile_390_keyboard_close_reopen_preserves_draft
PASS native_member_outsider_and_corp_denials_preserve_actor_draft
PASS native_response_loss_reload_exact_replay_single_revision_no_execution
PASS native_stale_version_denial_and_explicit_reconciliation
PASS browser_explicit_launch_native_contract_v4_verified
PASS native_and_guided_resume_authority_denials
PASS native_resume_revision_saved_without_execution
PASS browser_native_codex_resume_preserved_session_workspace_and_verifier
node:internal/modules/run_main:107
    triggerUncaughtException(
    ^

AssertionError [ERR_ASSERTION]: This fixture must exercise no-budget, not stop-stage, recovery
    at exerciseRecoveryCases (file:///<USERPROFILE>/code/ecorp/output/issue-completion/20260926T112626Z/issue262-native-recovery-cases-r3.mjs:123:10)
    at process.processTicksAndRejections (node:internal/process/task_queues:104:5)
    at async file:///<USERPROFILE>/code/ecorp/output/issue-completion/20260926T112626Z/issue262-native-browser-r6.mjs:169:3 {
  generatedMessage: false,
  code: 'ERR_ASSERTION',
  actual: 'stop',
  expected: 'stop',
  operator: 'notStrictEqual',
  diff: 'simple'
}

Node.js v24.21.0
