2026-09-23T01:54:32.7933090Z Current runner version: '2.337.0'
2026-09-23T01:54:32.7950610Z ##[group]Runner Image Provisioner
2026-09-23T01:54:32.7951440Z Hosted Compute Agent
2026-09-23T01:54:32.7951900Z Version: 20260828.587
2026-09-23T01:54:32.7952330Z Commit: abac92662cab4cc7352de4f9f9d2e2419aad9c29
2026-09-23T01:54:32.7952830Z Build Date: 2026-08-28T16:44:25Z
2026-09-23T01:54:32.7953280Z Worker ID: {afa9229b-6819-494d-b7a5-92646b347d1c}
2026-09-23T01:54:32.7953780Z Azure Region: westus
2026-09-23T01:54:32.7954280Z ##[endgroup]
2026-09-23T01:54:32.7955340Z ##[group]Operating System
2026-09-23T01:54:32.7955770Z macOS
2026-09-23T01:54:32.7956120Z 26.6.2
2026-09-23T01:54:32.7956480Z 25G83
2026-09-23T01:54:32.7956910Z ##[endgroup]
2026-09-23T01:54:32.7957310Z ##[group]Runner Image
2026-09-23T01:54:32.7957700Z Image: macos-26-arm64
2026-09-23T01:54:32.7958110Z Version: 20260907.0351.1
2026-09-23T01:54:32.7959010Z Included Software: https://github.com/actions/runner-images/blob/macos-26-arm64/20260907.0351/images/macos/macos-26-arm64-Readme.md
2026-09-23T01:54:32.7960090Z Image Release: https://github.com/actions/runner-images/releases/tag/macos-26-arm64%2F20260907.0351
2026-09-23T01:54:32.7960770Z ##[endgroup]
2026-09-23T01:54:32.7961570Z ##[group]GITHUB_TOKEN Permissions
2026-09-23T01:54:32.7962970Z Contents: read
2026-09-23T01:54:32.7963380Z Metadata: read
2026-09-23T01:54:32.7963960Z ##[endgroup]
2026-09-23T01:54:32.7965400Z Secret source: Actions
2026-09-23T01:54:32.7966010Z Cache mode: write
2026-09-23T01:54:32.7966480Z Prepare workflow directory
2026-09-23T01:54:32.8242870Z Prepare all required actions
2026-09-23T01:54:32.8297550Z Getting action download info
2026-09-23T01:54:33.2685140Z Download action repository 'actions/checkout@3d3c42e5aac5ba805825da76410c181273ba90b1' (SHA:3d3c42e5aac5ba805825da76410c181273ba90b1)
2026-09-23T01:54:33.5451360Z Download action repository 'dtolnay/rust-toolchain@6bed0761d98439e5a578e2877258200ad565ba87' (SHA:6bed0761d98439e5a578e2877258200ad565ba87)
2026-09-23T01:54:33.8700310Z Download action repository 'actions/setup-node@820762786026740c76f36085b0efc47a31fe5020' (SHA:820762786026740c76f36085b0efc47a31fe5020)
2026-09-23T01:54:33.9475960Z Download action repository 'Swatinem/rust-cache@6323deb102c322ba6fcbdcafc7e3dddab59af2b6' (SHA:6323deb102c322ba6fcbdcafc7e3dddab59af2b6)
2026-09-23T01:54:34.3571750Z Download action repository 'actions/upload-artifact@ea165f8d65b6e75b540449e92b4886f43607fa02' (SHA:ea165f8d65b6e75b540449e92b4886f43607fa02)
2026-09-23T01:54:34.5724960Z Complete job name: runner-platforms (macos-latest)
2026-09-23T01:54:34.6147540Z ##[group]Run actions/checkout@3d3c42e5aac5ba805825da76410c181273ba90b1
2026-09-23T01:54:34.6148160Z with:
2026-09-23T01:54:34.6148480Z   persist-credentials: false
2026-09-23T01:54:34.6148850Z   repository: All-The-Vibes/ecorp
2026-09-23T01:54:34.6151300Z   token: ***
2026-09-23T01:54:34.6151650Z   ssh-strict: true
2026-09-23T01:54:34.6151950Z   ssh-user: git
2026-09-23T01:54:34.6152260Z   clean: true
2026-09-23T01:54:34.6152580Z   sparse-checkout-cone-mode: true
2026-09-23T01:54:34.6153130Z   fetch-depth: 1
2026-09-23T01:54:34.6153480Z   fetch-tags: false
2026-09-23T01:54:34.6153880Z   show-progress: true
2026-09-23T01:54:34.6154240Z   lfs: false
2026-09-23T01:54:34.6154600Z   submodules: false
2026-09-23T01:54:34.6154930Z   set-safe-directory: true
2026-09-23T01:54:34.6155280Z   allow-unsafe-pr-checkout: false
2026-09-23T01:54:34.6155770Z ##[endgroup]
2026-09-23T01:54:35.0897250Z Syncing repository: All-The-Vibes/ecorp
2026-09-23T01:54:35.0904190Z ##[group]Getting Git version info
2026-09-23T01:54:35.0907780Z Working directory is '<user-root>/work/ecorp/ecorp'
2026-09-23T01:54:35.0912550Z [command]/opt/homebrew/bin/git version
2026-09-23T01:54:35.1438170Z git version 2.55.0
2026-09-23T01:54:35.1465630Z ##[endgroup]
2026-09-23T01:54:35.1474390Z Copying '<user-root>/.gitconfig' to '<user-root>/work/_temp/0337b5e8-c6e2-44c2-98d0-9a89fbae7134/.gitconfig'
2026-09-23T01:54:35.1486810Z Temporarily overriding HOME='<user-root>/work/_temp/0337b5e8-c6e2-44c2-98d0-9a89fbae7134' before making global git config changes
2026-09-23T01:54:35.1489380Z Adding repository directory to the temporary git global config as a safe directory
2026-09-23T01:54:35.1490930Z [command]/opt/homebrew/bin/git config --global --add safe.directory <user-root>/work/ecorp/ecorp
2026-09-23T01:54:35.1643290Z Deleting the contents of '<user-root>/work/ecorp/ecorp'
2026-09-23T01:54:35.1646410Z ##[group]Determining repository object format
2026-09-23T01:54:35.1647970Z ##[endgroup]
2026-09-23T01:54:35.1649460Z ##[group]Initializing the repository
2026-09-23T01:54:35.1651560Z [command]/opt/homebrew/bin/git init <user-root>/work/ecorp/ecorp
2026-09-23T01:54:35.1885170Z hint: Using 'master' as the name for the initial branch. This default branch name
2026-09-23T01:54:35.1886060Z hint: will change to "main" in Git 3.0. To configure the initial branch name
2026-09-23T01:54:35.1887270Z hint: to use in all of your new repositories, which will suppress this warning,
2026-09-23T01:54:35.1887860Z hint: call:
2026-09-23T01:54:35.1888310Z hint:
2026-09-23T01:54:35.1888780Z hint: 	git config --global init.defaultBranch <name>
2026-09-23T01:54:35.1889350Z hint:
2026-09-23T01:54:35.1890010Z hint: Names commonly chosen instead of 'master' are 'main', 'trunk' and
2026-09-23T01:54:35.1894300Z hint: 'development'. The just-created branch can be renamed via this command:
2026-09-23T01:54:35.1896500Z hint:
2026-09-23T01:54:35.1897860Z hint: 	git branch -m <name>
2026-09-23T01:54:35.1898470Z hint:
2026-09-23T01:54:35.1899270Z hint: Disable this message with "git config set advice.defaultBranchName false"
2026-09-23T01:54:35.1900250Z Initialized empty Git repository in <user-root>/work/ecorp/ecorp/.git/
2026-09-23T01:54:35.1902100Z [command]/opt/homebrew/bin/git remote add origin https://github.com/All-The-Vibes/ecorp
2026-09-23T01:54:35.1986940Z ##[endgroup]
2026-09-23T01:54:35.1987710Z ##[group]Disabling automatic garbage collection
2026-09-23T01:54:35.1988300Z [command]/opt/homebrew/bin/git config --local gc.auto 0
2026-09-23T01:54:35.2056050Z ##[endgroup]
2026-09-23T01:54:35.2057200Z ##[group]Setting up auth
2026-09-23T01:54:35.2058080Z Removing SSH command configuration
2026-09-23T01:54:35.2064440Z [command]/opt/homebrew/bin/git config --local --name-only --get-regexp core\.sshCommand
2026-09-23T01:54:35.2128010Z [command]/opt/homebrew/bin/git submodule foreach --recursive sh -c "git config --local --name-only --get-regexp 'core\.sshCommand' && git config --local --unset-all 'core.sshCommand' || :"
2026-09-23T01:54:35.3168580Z Removing HTTP extra header
2026-09-23T01:54:35.3171240Z [command]/opt/homebrew/bin/git config --local --name-only --get-regexp http\.https\:\/\/github\.com\/\.extraheader
2026-09-23T01:54:35.3274320Z [command]/opt/homebrew/bin/git submodule foreach --recursive sh -c "git config --local --name-only --get-regexp 'http\.https\:\/\/github\.com\/\.extraheader' && git config --local --unset-all 'http.https://github.com/.extraheader' || :"
2026-09-23T01:54:35.4083700Z Removing includeIf entries pointing to credentials config files
2026-09-23T01:54:35.4087350Z [command]/opt/homebrew/bin/git config --local --name-only --get-regexp ^includeIf\.gitdir:
2026-09-23T01:54:35.4154660Z [command]/opt/homebrew/bin/git submodule foreach --recursive git config --local --show-origin --name-only --get-regexp remote.origin.url
2026-09-23T01:54:35.6032720Z [command]/opt/homebrew/bin/git config --file <user-root>/work/_temp/git-credentials-fd50d4d9-a091-4739-a667-02e2f717c1ab.config http.https://github.com/.extraheader AUTHORIZATION: basic ***
2026-09-23T01:54:35.6150650Z [command]/opt/homebrew/bin/git config --local includeIf.gitdi<user-root>/work/ecorp/ecorp/.git.path <user-root>/work/_temp/git-credentials-fd50d4d9-a091-4739-a667-02e2f717c1ab.config
2026-09-23T01:54:35.6175150Z [command]/opt/homebrew/bin/git config --local includeIf.gitdi<user-root>/work/ecorp/ecorp/.git/worktrees/*.path <user-root>/work/_temp/git-credentials-fd50d4d9-a091-4739-a667-02e2f717c1ab.config
2026-09-23T01:54:35.6177650Z [command]/opt/homebrew/bin/git config --local includeIf.gitdir:/github/workspace/.git.path /github/runner_temp/git-credentials-fd50d4d9-a091-4739-a667-02e2f717c1ab.config
2026-09-23T01:54:35.6180670Z [command]/opt/homebrew/bin/git config --local includeIf.gitdir:/github/workspace/.git/worktrees/*.path /github/runner_temp/git-credentials-fd50d4d9-a091-4739-a667-02e2f717c1ab.config
2026-09-23T01:54:35.6182510Z ##[endgroup]
2026-09-23T01:54:35.6183070Z ##[group]Fetching the repository
2026-09-23T01:54:35.6184130Z [command]/opt/homebrew/bin/git -c protocol.version=2 fetch --no-tags --prune --no-recurse-submodules --depth=1 origin +46dd69ca3d988ef531496a67ec81b4a48385aac9:refs/remotes/pull/362/merge
2026-09-23T01:54:37.6379010Z From https://github.com/All-The-Vibes/ecorp
2026-09-23T01:54:37.6381740Z  * [new ref]         46dd69ca3d988ef531496a67ec81b4a48385aac9 -> pull/362/merge
2026-09-23T01:54:37.6386950Z ##[endgroup]
2026-09-23T01:54:37.6389050Z ##[group]Determining the checkout info
2026-09-23T01:54:37.6391410Z ##[endgroup]
2026-09-23T01:54:37.6393120Z [command]/opt/homebrew/bin/git sparse-checkout disable
2026-09-23T01:54:37.6514290Z [command]/opt/homebrew/bin/git config --local --unset-all extensions.worktreeConfig
2026-09-23T01:54:37.6611050Z ##[group]Checking out the ref
2026-09-23T01:54:37.6613770Z [command]/opt/homebrew/bin/git checkout --progress --force refs/remotes/pull/362/merge
2026-09-23T01:54:38.0132500Z HEAD is now at 46dd69c Merge b7f90ac78180662e314e39d9592ae8e5c7217976 into 08b0b89b2dd16c1906c9dd3468c5ddecca24c4ce
2026-09-23T01:54:38.0150350Z ##[endgroup]
2026-09-23T01:54:38.0314110Z [command]/opt/homebrew/bin/git log -1 --format=%H
2026-09-23T01:54:38.0411340Z 46dd69ca3d988ef531496a67ec81b4a48385aac9
2026-09-23T01:54:38.0419570Z ##[group]Removing auth
2026-09-23T01:54:38.0420060Z Removing SSH command configuration
2026-09-23T01:54:38.0423200Z [command]/opt/homebrew/bin/git config --local --name-only --get-regexp core\.sshCommand
2026-09-23T01:54:38.0517060Z [command]/opt/homebrew/bin/git submodule foreach --recursive sh -c "git config --local --name-only --get-regexp 'core\.sshCommand' && git config --local --unset-all 'core.sshCommand' || :"
2026-09-23T01:54:38.2075940Z Removing HTTP extra header
2026-09-23T01:54:38.2175580Z [command]/opt/homebrew/bin/git config --local --name-only --get-regexp http\.https\:\/\/github\.com\/\.extraheader
2026-09-23T01:54:38.2484720Z [command]/opt/homebrew/bin/git submodule foreach --recursive sh -c "git config --local --name-only --get-regexp 'http\.https\:\/\/github\.com\/\.extraheader' && git config --local --unset-all 'http.https://github.com/.extraheader' || :"
2026-09-23T01:54:38.3890310Z Removing includeIf entries pointing to credentials config files
2026-09-23T01:54:38.3992370Z [command]/opt/homebrew/bin/git config --local --name-only --get-regexp ^includeIf\.gitdir:
2026-09-23T01:54:38.4093160Z includeif.gitdi<user-root>/work/ecorp/ecorp/.git.path
2026-09-23T01:54:38.4196070Z includeif.gitdi<user-root>/work/ecorp/ecorp/.git/worktrees/*.path
2026-09-23T01:54:38.4208280Z includeif.gitdir:/github/workspace/.git.path
2026-09-23T01:54:38.4232080Z includeif.gitdir:/github/workspace/.git/worktrees/*.path
2026-09-23T01:54:38.4266460Z [command]/opt/homebrew/bin/git config --local --get-all includeif.gitdi<user-root>/work/ecorp/ecorp/.git.path
2026-09-23T01:54:38.4267630Z <user-root>/work/_temp/git-credentials-fd50d4d9-a091-4739-a667-02e2f717c1ab.config
2026-09-23T01:54:38.4269350Z [command]/opt/homebrew/bin/git config --local --unset includeif.gitdi<user-root>/work/ecorp/ecorp/.git.path \/Users\/runner\/work\/_temp\/git\-credentials\-fd50d4d9\-a091\-4739\-a667\-02e2f717c1ab\.config
2026-09-23T01:54:38.4271030Z [command]/opt/homebrew/bin/git config --local --get-all includeif.gitdi<user-root>/work/ecorp/ecorp/.git/worktrees/*.path
2026-09-23T01:54:38.4275250Z <user-root>/work/_temp/git-credentials-fd50d4d9-a091-4739-a667-02e2f717c1ab.config
2026-09-23T01:54:38.4276900Z [command]/opt/homebrew/bin/git config --local --unset includeif.gitdi<user-root>/work/ecorp/ecorp/.git/worktrees/*.path \/Users\/runner\/work\/_temp\/git\-credentials\-fd50d4d9\-a091\-4739\-a667\-02e2f717c1ab\.config
2026-09-23T01:54:38.4279890Z [command]/opt/homebrew/bin/git config --local --get-all includeif.gitdir:/github/workspace/.git.path
2026-09-23T01:54:38.4301890Z /github/runner_temp/git-credentials-fd50d4d9-a091-4739-a667-02e2f717c1ab.config
2026-09-23T01:54:38.4308360Z [command]/opt/homebrew/bin/git config --local --unset includeif.gitdir:/github/workspace/.git.path \/github\/runner_temp\/git\-credentials\-fd50d4d9\-a091\-4739\-a667\-02e2f717c1ab\.config
2026-09-23T01:54:38.4383710Z [command]/opt/homebrew/bin/git config --local --get-all includeif.gitdir:/github/workspace/.git/worktrees/*.path
2026-09-23T01:54:38.4451610Z /github/runner_temp/git-credentials-fd50d4d9-a091-4739-a667-02e2f717c1ab.config
2026-09-23T01:54:38.4457270Z [command]/opt/homebrew/bin/git config --local --unset includeif.gitdir:/github/workspace/.git/worktrees/*.path \/github\/runner_temp\/git\-credentials\-fd50d4d9\-a091\-4739\-a667\-02e2f717c1ab\.config
2026-09-23T01:54:38.4536920Z [command]/opt/homebrew/bin/git submodule foreach --recursive git config --local --show-origin --name-only --get-regexp remote.origin.url
2026-09-23T01:54:38.6261880Z Removing credentials config '<user-root>/work/_temp/git-credentials-fd50d4d9-a091-4739-a667-02e2f717c1ab.config'
2026-09-23T01:54:38.6303900Z ##[endgroup]
2026-09-23T01:54:38.6595460Z ##[group]Run dtolnay/rust-toolchain@6bed0761d98439e5a578e2877258200ad565ba87
2026-09-23T01:54:38.6595990Z with:
2026-09-23T01:54:38.6596210Z   toolchain: 1.98.1
2026-09-23T01:54:38.6596400Z ##[endgroup]
2026-09-23T01:54:38.6711420Z ##[start-action display=Parse toolchain version;id=__dtolnay_rust-toolchain.parse]
2026-09-23T01:54:38.6843830Z ##[group]Run if [[ -z $toolchain ]]; then
2026-09-23T01:54:38.6844780Z [36;1mif [[ -z $toolchain ]]; then[0m
2026-09-23T01:54:38.6845330Z [36;1m  # GitHub does not enforce `required: true` inputs itself. https://github.com/actions/runner/issues/1070[0m
2026-09-23T01:54:38.6845930Z [36;1m  echo "'toolchain' is a required input" >&2[0m
2026-09-23T01:54:38.6846220Z [36;1m  exit 1[0m
2026-09-23T01:54:38.6846500Z [36;1melif [[ $toolchain =~ ^stable' '[0-9]+' '(year|month|week|day)s?' 'ago$ ]]; then[0m
2026-09-23T01:54:38.6847410Z [36;1m  if [[ macOS == macOS ]]; then[0m
2026-09-23T01:54:38.6849090Z [36;1m    echo "toolchain=1.$((($(date -v-$(sed 's/stable \([0-9]*\) \(.\).*/\1\2/' <<< $toolchain) +%s)/60/60/24-16569)/7/6))" >> $GITHUB_OUTPUT[0m
2026-09-23T01:54:38.6850360Z [36;1m  else[0m
2026-09-23T01:54:38.6851730Z [36;1m    echo "toolchain=1.$((($(date --date "${toolchain#stable }" +%s)/60/60/24-16569)/7/6))" >> $GITHUB_OUTPUT[0m
2026-09-23T01:54:38.6852900Z [36;1m  fi[0m
2026-09-23T01:54:38.6853690Z [36;1melif [[ $toolchain =~ ^stable' 'minus' '[0-9]+' 'releases?$ ]]; then[0m
2026-09-23T01:54:38.6855040Z [36;1m  echo "toolchain=1.$((($(date +%s)/60/60/24-16569)/7/6-${toolchain//[^0-9]/}))" >> $GITHUB_OUTPUT[0m
2026-09-23T01:54:38.6856150Z [36;1melif [[ $toolchain =~ ^1\.[0-9]+$ ]]; then[0m
2026-09-23T01:54:38.6857420Z [36;1m  echo "toolchain=1.$((i=${toolchain#1.}, c=($(date +%s)/60/60/24-16569)/7/6, i+9*i*(10*i<=c)+90*i*(100*i<=c)))" >> $GITHUB_OUTPUT[0m
2026-09-23T01:54:38.6858610Z [36;1melse[0m
2026-09-23T01:54:38.6859260Z [36;1m  echo "toolchain=$toolchain" >> $GITHUB_OUTPUT[0m
2026-09-23T01:54:38.6860120Z [36;1mfi[0m
2026-09-23T01:54:38.6925160Z shell: /bin/bash --noprofile --norc -e -o pipefail {0}
2026-09-23T01:54:38.6925500Z env:
2026-09-23T01:54:38.6926520Z   toolchain: 1.98.1
2026-09-23T01:54:38.6927960Z ##[endgroup]
2026-09-23T01:54:38.7363810Z ##[end-action id=__dtolnay_rust-toolchain.parse;outcome=success;conclusion=success;duration_ms=65]
2026-09-23T01:54:38.7374560Z ##[start-action display=Construct rustup command line;id=__dtolnay_rust-toolchain.flags]
2026-09-23T01:54:38.7437820Z ##[group]Run echo "targets=$(for t in ${targets//,/ }; do echo -n ' --target' $t; done)" >> $GITHUB_OUTPUT
2026-09-23T01:54:38.7439450Z [36;1mecho "targets=$(for t in ${targets//,/ }; do echo -n ' --target' $t; done)" >> $GITHUB_OUTPUT[0m
2026-09-23T01:54:38.7441720Z [36;1mecho "components=$(for c in ${components//,/ }; do echo -n ' --component' $c; done)" >> $GITHUB_OUTPUT[0m
2026-09-23T01:54:38.7443050Z [36;1mecho "downgrade=" >> $GITHUB_OUTPUT[0m
2026-09-23T01:54:38.7517900Z shell: /bin/bash --noprofile --norc -e -o pipefail {0}
2026-09-23T01:54:38.7518810Z env:
2026-09-23T01:54:38.7519440Z   targets:
2026-09-23T01:54:38.7520060Z   components:
2026-09-23T01:54:38.7520600Z ##[endgroup]
2026-09-23T01:54:38.7870490Z ##[end-action id=__dtolnay_rust-toolchain.flags;outcome=success;conclusion=success;duration_ms=49]
2026-09-23T01:54:38.7873600Z ##[start-action display=Set $CARGO_HOME;id=__dtolnay_rust-toolchain.__run]
2026-09-23T01:54:38.7906820Z ##[group]Run echo CARGO_HOME=${CARGO_HOME:-"$HOME/.cargo"} >> $GITHUB_ENV
2026-09-23T01:54:38.7907300Z [36;1mecho CARGO_HOME=${CARGO_HOME:-"$HOME/.cargo"} >> $GITHUB_ENV[0m
2026-09-23T01:54:38.7954910Z shell: /bin/bash --noprofile --norc -e -o pipefail {0}
2026-09-23T01:54:38.7955310Z ##[endgroup]
2026-09-23T01:54:38.8279280Z ##[end-action id=__dtolnay_rust-toolchain.__run;outcome=success;conclusion=success;duration_ms=40]
2026-09-23T01:54:38.8282160Z ##[start-action display=Install rustup if needed;id=__dtolnay_rust-toolchain.__run_2]
2026-09-23T01:54:38.8365500Z ##[group]Run if ! command -v rustup &>/dev/null; then
2026-09-23T01:54:38.8366000Z [36;1mif ! command -v rustup &>/dev/null; then[0m
2026-09-23T01:54:38.8366830Z [36;1m  curl --proto '=https' --tlsv1.2 --retry 10 --retry-connrefused --location --silent --show-error --fail https://sh.rustup.rs | sh -s -- --default-toolchain none -y[0m
2026-09-23T01:54:38.8367480Z [36;1m  echo "$CARGO_HOME/bin" >> $GITHUB_PATH[0m
2026-09-23T01:54:38.8367730Z [36;1mfi[0m
2026-09-23T01:54:38.8404060Z shell: /bin/bash --noprofile --norc -e -o pipefail {0}
2026-09-23T01:54:38.8404410Z env:
2026-09-23T01:54:38.8404650Z   CARGO_HOME: <user-root>/.cargo
2026-09-23T01:54:38.8404980Z ##[endgroup]
2026-09-23T01:54:38.8671740Z ##[end-action id=__dtolnay_rust-toolchain.__run_2;outcome=success;conclusion=success;duration_ms=36]
2026-09-23T01:54:38.8674290Z ##[start-action display=Install rustup if needed on windows;id=__dtolnay_rust-toolchain.__run_3]
2026-09-23T01:54:38.8682290Z ##[end-action id=__dtolnay_rust-toolchain.__run_3;outcome=skipped;conclusion=skipped;duration_ms=0]
2026-09-23T01:54:38.8685540Z ##[start-action display=rustup toolchain install 1.98.1;id=__dtolnay_rust-toolchain.__run_4]
2026-09-23T01:54:38.8713570Z ##[group]Run rustup toolchain install 1.98.1 --profile minimal --no-self-update
2026-09-23T01:54:38.8714150Z [36;1mrustup toolchain install 1.98.1 --profile minimal --no-self-update[0m
2026-09-23T01:54:38.8749880Z shell: /bin/bash --noprofile --norc -e -o pipefail {0}
2026-09-23T01:54:38.8750210Z env:
2026-09-23T01:54:38.8750430Z   CARGO_HOME: <user-root>/.cargo
2026-09-23T01:54:38.8750680Z   RUSTUP_PERMIT_COPY_RENAME: 1
2026-09-23T01:54:38.8750970Z ##[endgroup]
2026-09-23T01:54:38.9589890Z info: syncing channel updates for 1.98.1-aarch64-apple-darwin
2026-09-23T01:54:39.1450680Z info: latest update on 2026-09-03 for version 1.98.1 (48a229cea 2026-09-01)
2026-09-23T01:54:39.1486800Z info: downloading 3 components
2026-09-23T01:54:46.5873760Z
2026-09-23T01:54:46.6309580Z   1.98.1-aarch64-apple-darwin installed - rustc 1.98.1 (48a229cea 2026-09-01)
2026-09-23T01:54:46.6311450Z info: self-update is disabled for this build of rustup
2026-09-23T01:54:46.6312750Z info: any updates to rustup will need to be fetched with your system package manager
2026-09-23T01:54:46.6313560Z
2026-09-23T01:54:46.6485090Z ##[end-action id=__dtolnay_rust-toolchain.__run_4;outcome=success;conclusion=success;duration_ms=7779]
2026-09-23T01:54:46.6502910Z ##[start-action display=rustup default 1.98.1;id=__dtolnay_rust-toolchain.__run_5]
2026-09-23T01:54:46.6540940Z ##[group]Run rustup default 1.98.1
2026-09-23T01:54:46.6541220Z [36;1mrustup default 1.98.1[0m
2026-09-23T01:54:46.6588730Z shell: /bin/bash --noprofile --norc -e -o pipefail {0}
2026-09-23T01:54:46.6589100Z env:
2026-09-23T01:54:46.6589500Z   CARGO_HOME: <user-root>/.cargo
2026-09-23T01:54:46.6589830Z ##[endgroup]
2026-09-23T01:54:46.7217190Z info: using existing install for 1.98.1-aarch64-apple-darwin
2026-09-23T01:54:46.7236910Z info: default toolchain set to 1.98.1-aarch64-apple-darwin
2026-09-23T01:54:46.7237760Z
2026-09-23T01:54:46.7455020Z   1.98.1-aarch64-apple-darwin unchanged - rustc 1.98.1 (48a229cea 2026-09-01)
2026-09-23T01:54:46.7460910Z info: note that the toolchain '1.98.1-aarch64-apple-darwin' is currently in use (overridden by '<user-root>/work/ecorp/ecorp/rust-toolchain.toml')
2026-09-23T01:54:46.7462300Z
2026-09-23T01:54:46.7473100Z ##[end-action id=__dtolnay_rust-toolchain.__run_5;outcome=success;conclusion=success;duration_ms=96]
2026-09-23T01:54:46.7476180Z ##[start-action display=Create cachekey;id=__dtolnay_rust-toolchain.rustc-version]
2026-09-23T01:54:46.7516540Z ##[group]Run DATE=$(rustc +1.98.1 --version --verbose | sed -ne 's/^commit-date: \(20[0-9][0-9]\)-\([01][0-9]\)-\([0-3][0-9]\)$/\1\2\3/p')
2026-09-23T01:54:46.7517370Z [36;1mDATE=$(rustc +1.98.1 --version --verbose | sed -ne 's/^commit-date: \(20[0-9][0-9]\)-\([01][0-9]\)-\([0-3][0-9]\)$/\1\2\3/p')[0m
2026-09-23T01:54:46.7529980Z [36;1mHASH=$(rustc +1.98.1 --version --verbose | sed -ne 's/^commit-hash: //p')[0m
2026-09-23T01:54:46.7531850Z [36;1mecho "cachekey=$(echo $DATE$HASH | head -c12)" >> $GITHUB_OUTPUT[0m
2026-09-23T01:54:46.7598780Z shell: /bin/bash --noprofile --norc -e -o pipefail {0}
2026-09-23T01:54:46.7599270Z env:
2026-09-23T01:54:46.7599680Z   CARGO_HOME: <user-root>/.cargo
2026-09-23T01:54:46.7599960Z ##[endgroup]
2026-09-23T01:54:46.8744470Z ##[end-action id=__dtolnay_rust-toolchain.rustc-version;outcome=success;conclusion=success;duration_ms=126]
2026-09-23T01:54:46.8747790Z ##[start-action display=Disable incremental compilation;id=__dtolnay_rust-toolchain.__run_6]
2026-09-23T01:54:46.8779890Z ##[group]Run if [ -z "${CARGO_INCREMENTAL+set}" ]; then
2026-09-23T01:54:46.8780370Z [36;1mif [ -z "${CARGO_INCREMENTAL+set}" ]; then[0m
2026-09-23T01:54:46.8780840Z [36;1m  echo CARGO_INCREMENTAL=0 >> $GITHUB_ENV[0m
2026-09-23T01:54:46.8781230Z [36;1mfi[0m
2026-09-23T01:54:46.8820930Z shell: /bin/bash --noprofile --norc -e -o pipefail {0}
2026-09-23T01:54:46.8821300Z env:
2026-09-23T01:54:46.8821640Z   CARGO_HOME: <user-root>/.cargo
2026-09-23T01:54:46.8821900Z ##[endgroup]
2026-09-23T01:54:46.9104990Z ##[end-action id=__dtolnay_rust-toolchain.__run_6;outcome=success;conclusion=success;duration_ms=35]
2026-09-23T01:54:46.9107800Z ##[start-action display=Enable colors in Cargo output;id=__dtolnay_rust-toolchain.__run_7]
2026-09-23T01:54:46.9133810Z ##[group]Run if [ -z "${CARGO_TERM_COLOR+set}" ]; then
2026-09-23T01:54:46.9134170Z [36;1mif [ -z "${CARGO_TERM_COLOR+set}" ]; then[0m
2026-09-23T01:54:46.9134580Z [36;1m  echo CARGO_TERM_COLOR=always >> $GITHUB_ENV[0m
2026-09-23T01:54:46.9134880Z [36;1mfi[0m
2026-09-23T01:54:46.9171400Z shell: /bin/bash --noprofile --norc -e -o pipefail {0}
2026-09-23T01:54:46.9171700Z env:
2026-09-23T01:54:46.9171870Z   CARGO_HOME: <user-root>/.cargo
2026-09-23T01:54:46.9172090Z   CARGO_INCREMENTAL: 0
2026-09-23T01:54:46.9172290Z ##[endgroup]
2026-09-23T01:54:46.9512690Z ##[end-action id=__dtolnay_rust-toolchain.__run_7;outcome=success;conclusion=success;duration_ms=40]
2026-09-23T01:54:46.9518180Z ##[start-action display=Enable Cargo sparse registry;id=__dtolnay_rust-toolchain.__run_8]
2026-09-23T01:54:46.9591060Z ##[group]Run # implemented in 1.66, stabilized in 1.68, made default in 1.70
2026-09-23T01:54:46.9592420Z [36;1m# implemented in 1.66, stabilized in 1.68, made default in 1.70[0m
2026-09-23T01:54:46.9594530Z [36;1mif [ -z "${CARGO_REGISTRIES_CRATES_IO_PROTOCOL+set}" -o -f "<user-root>/work/_temp"/.implicit_cargo_registries_crates_io_protocol ]; then[0m
2026-09-23T01:54:46.9595530Z [36;1m  if rustc +1.98.1 --version --verbose | grep -q '^release: 1\.6[89]\.'; then[0m
2026-09-23T01:54:46.9596850Z [36;1m    touch "<user-root>/work/_temp"/.implicit_cargo_registries_crates_io_protocol || true[0m
2026-09-23T01:54:46.9598510Z [36;1m    echo CARGO_REGISTRIES_CRATES_IO_PROTOCOL=sparse >> $GITHUB_ENV[0m
2026-09-23T01:54:46.9599490Z [36;1m  elif rustc +1.98.1 --version --verbose | grep -q '^release: 1\.6[67]\.'; then[0m
2026-09-23T01:54:46.9600050Z [36;1m    touch "<user-root>/work/_temp"/.implicit_cargo_registries_crates_io_protocol || true[0m
2026-09-23T01:54:46.9600520Z [36;1m    echo CARGO_REGISTRIES_CRATES_IO_PROTOCOL=git >> $GITHUB_ENV[0m
2026-09-23T01:54:46.9600810Z [36;1m  fi[0m
2026-09-23T01:54:46.9600960Z [36;1mfi[0m
2026-09-23T01:54:46.9638550Z shell: /bin/bash --noprofile --norc -e -o pipefail {0}
2026-09-23T01:54:46.9638850Z env:
2026-09-23T01:54:46.9639060Z   CARGO_HOME: <user-root>/.cargo
2026-09-23T01:54:46.9639330Z   CARGO_INCREMENTAL: 0
2026-09-23T01:54:46.9639530Z   CARGO_TERM_COLOR: always
2026-09-23T01:54:46.9639710Z ##[endgroup]
2026-09-23T01:54:47.0629920Z ##[end-action id=__dtolnay_rust-toolchain.__run_8;outcome=success;conclusion=success;duration_ms=111]
2026-09-23T01:54:47.0635510Z ##[start-action display=Work around spurious network errors in curl 8.0;id=__dtolnay_rust-toolchain.__run_9]
2026-09-23T01:54:47.0679790Z ##[group]Run # https://rust-lang.zulipchat.com/#narrow/stream/246057-t-cargo/topic/timeout.20investigation
2026-09-23T01:54:47.0680620Z [36;1m# https://rust-lang.zulipchat.com/#narrow/stream/246057-t-cargo/topic/timeout.20investigation[0m
2026-09-23T01:54:47.0681320Z [36;1mif rustc +1.98.1 --version --verbose | grep -q '^release: 1\.7[01]\.'; then[0m
2026-09-23T01:54:47.0681720Z [36;1m  echo CARGO_HTTP_MULTIPLEXING=false >> $GITHUB_ENV[0m
2026-09-23T01:54:47.0682050Z [36;1mfi[0m
2026-09-23T01:54:47.0721280Z shell: /bin/bash --noprofile --norc -e -o pipefail {0}
2026-09-23T01:54:47.0721570Z env:
2026-09-23T01:54:47.0721750Z   CARGO_HOME: <user-root>/.cargo
2026-09-23T01:54:47.0721960Z   CARGO_INCREMENTAL: 0
2026-09-23T01:54:47.0722200Z   CARGO_TERM_COLOR: always
2026-09-23T01:54:47.0722370Z ##[endgroup]
2026-09-23T01:54:47.1322860Z ##[end-action id=__dtolnay_rust-toolchain.__run_9;outcome=success;conclusion=success;duration_ms=68]
2026-09-23T01:54:47.1326170Z ##[start-action display=rustc +1.98.1 --version --verbose;id=__dtolnay_rust-toolchain.__run_10]
2026-09-23T01:54:47.1354020Z ##[group]Run rustc +1.98.1 --version --verbose
2026-09-23T01:54:47.1354350Z [36;1mrustc +1.98.1 --version --verbose[0m
2026-09-23T01:54:47.1386780Z shell: /bin/bash --noprofile --norc -e -o pipefail {0}
2026-09-23T01:54:47.1387060Z env:
2026-09-23T01:54:47.1387240Z   CARGO_HOME: <user-root>/.cargo
2026-09-23T01:54:47.1387450Z   CARGO_INCREMENTAL: 0
2026-09-23T01:54:47.1387660Z   CARGO_TERM_COLOR: always
2026-09-23T01:54:47.1387840Z ##[endgroup]
2026-09-23T01:54:47.1901670Z rustc 1.98.1 (48a229cea 2026-09-01)
2026-09-23T01:54:47.1902040Z binary: rustc
2026-09-23T01:54:47.1902320Z commit-hash: 48a229ceaefd4985c50990b14116b6d856af0985
2026-09-23T01:54:47.1902650Z commit-date: 2026-09-01
2026-09-23T01:54:47.1902860Z host: aarch64-apple-darwin
2026-09-23T01:54:47.1903050Z release: 1.98.1
2026-09-23T01:54:47.1903750Z LLVM version: 22.1.8
2026-09-23T01:54:47.1927400Z ##[end-action id=__dtolnay_rust-toolchain.__run_10;outcome=success;conclusion=success;duration_ms=60]
2026-09-23T01:54:47.2031260Z ##[group]Run actions/setup-node@820762786026740c76f36085b0efc47a31fe5020
2026-09-23T01:54:47.2031670Z with:
2026-09-23T01:54:47.2031860Z   node-version-file: .node-version
2026-09-23T01:54:47.2032140Z   check-latest: false
2026-09-23T01:54:47.2034190Z   token: ***
2026-09-23T01:54:47.2034410Z   package-manager-cache: true
2026-09-23T01:54:47.2034650Z env:
2026-09-23T01:54:47.2034810Z   CARGO_HOME: <user-root>/.cargo
2026-09-23T01:54:47.2035060Z   CARGO_INCREMENTAL: 0
2026-09-23T01:54:47.2035310Z   CARGO_TERM_COLOR: always
2026-09-23T01:54:47.2035480Z ##[endgroup]
2026-09-23T01:54:47.3394980Z Node version file is not JSON file
2026-09-23T01:54:47.3395910Z Resolved .node-version as 24.19.0
2026-09-23T01:54:47.3401210Z Attempting to download 24.19.0...
2026-09-23T01:54:48.0158590Z Acquiring 24.19.0 - arm64 from https://github.com/actions/node-versions/releases/download/24.19.0-30872449280/node-24.19.0-darwin-arm64.tar.gz
2026-09-23T01:54:48.6451720Z Extracting ...
2026-09-23T01:54:48.6635550Z [command]/usr/bin/tar xz --strip 1 -C <user-root>/work/_temp/80b3856f-1a9b-4155-a67c-c984b4468cc4 -f <user-root>/work/_temp/5fd3c532-5e2d-4485-9943-c7648d5e762c
2026-09-23T01:54:49.7199410Z Adding to the cache ...
2026-09-23T01:54:51.9936360Z ##[group]Environment details
2026-09-23T01:54:52.3501950Z node: v24.19.0
2026-09-23T01:54:52.3502230Z npm: 11.17.0
2026-09-23T01:54:52.3502410Z yarn: 1.22.22
2026-09-23T01:54:52.3502930Z ##[endgroup]
2026-09-23T01:54:52.3697880Z ##[group]Run Swatinem/rust-cache@6323deb102c322ba6fcbdcafc7e3dddab59af2b6
2026-09-23T01:54:52.3698230Z with:
2026-09-23T01:54:52.3698730Z   prefix-key: v0-rust
2026-09-23T01:54:52.3699090Z   add-job-id-key: true
2026-09-23T01:54:52.3699310Z   add-rust-environment-hash-key: true
2026-09-23T01:54:52.3699520Z   cache-targets: true
2026-09-23T01:54:52.3699710Z   cache-all-crates: false
2026-09-23T01:54:52.3699910Z   cache-workspace-crates: false
2026-09-23T01:54:52.3700130Z   save-if: true
2026-09-23T01:54:52.3700330Z   cache-provider: github
2026-09-23T01:54:52.3700530Z   cache-bin: true
2026-09-23T01:54:52.3700700Z   lookup-only: false
2026-09-23T01:54:52.3700870Z   cmd-format: {0}
2026-09-23T01:54:52.3701030Z env:
2026-09-23T01:54:52.3701190Z   CARGO_HOME: <user-root>/.cargo
2026-09-23T01:54:52.3701410Z   CARGO_INCREMENTAL: 0
2026-09-23T01:54:52.3701600Z   CARGO_TERM_COLOR: always
2026-09-23T01:54:52.3701840Z ##[endgroup]
2026-09-23T01:54:54.1824110Z ##[group]Cache Configuration
2026-09-23T01:54:54.1831200Z Cache Provider:
2026-09-23T01:54:54.1831530Z     github
2026-09-23T01:54:54.1831730Z Workspaces:
2026-09-23T01:54:54.1831990Z     <user-root>/work/ecorp/ecorp
2026-09-23T01:54:54.1832310Z Cache Paths:
2026-09-23T01:54:54.1832550Z     <user-root>/.cargo/bin
2026-09-23T01:54:54.1832910Z     <user-root>/.cargo/.crates.toml
2026-09-23T01:54:54.1833240Z     <user-root>/.cargo/.crates2.json
2026-09-23T01:54:54.1833550Z     <user-root>/.cargo/registry
2026-09-23T01:54:54.1833830Z     <user-root>/.cargo/git
2026-09-23T01:54:54.1834150Z     <user-root>/work/ecorp/ecorp/target
2026-09-23T01:54:54.1834440Z Restore Key:
2026-09-23T01:54:54.1834750Z     v0-rust-runner-platforms-Darwin-arm64-2eab217e
2026-09-23T01:54:54.1835070Z Cache Key:
2026-09-23T01:54:54.1835440Z     v0-rust-runner-platforms-Darwin-arm64-2eab217e-ad654043
2026-09-23T01:54:54.1835810Z .. Prefix:
2026-09-23T01:54:54.1836090Z   - v0-rust-runner-platforms-Darwin-arm64
2026-09-23T01:54:54.1836440Z .. Environment considered:
2026-09-23T01:54:54.1836740Z   - Rust Versions:
2026-09-23T01:54:54.1837160Z     - 1.98.1 aarch64-apple-darwin 48a229ceaefd4985c50990b14116b6d856af0985
2026-09-23T01:54:54.1837610Z   - CARGO_HOME
2026-09-23T01:54:54.1837790Z   - CARGO_INCREMENTAL
2026-09-23T01:54:54.1838040Z   - CARGO_TERM_COLOR
2026-09-23T01:54:54.1838330Z .. Lockfiles considered:
2026-09-23T01:54:54.1838660Z   - <user-root>/work/ecorp/ecorp/Cargo.lock
2026-09-23T01:54:54.1839130Z   - <user-root>/work/ecorp/ecorp/crates/crony-cli/Cargo.toml
2026-09-23T01:54:54.1839630Z   - <user-root>/work/ecorp/ecorp/crates/crony-domain/Cargo.toml
2026-09-23T01:54:54.1840060Z   - <user-root>/work/ecorp/ecorp/crates/crony-gateways/Cargo.toml
2026-09-23T01:54:54.1840480Z   - <user-root>/work/ecorp/ecorp/crates/crony-protocol/Cargo.toml
2026-09-23T01:54:54.1841430Z   - <user-root>/work/ecorp/ecorp/crates/crony-runner/Cargo.toml
2026-09-23T01:54:54.1841830Z   - <user-root>/work/ecorp/ecorp/crates/crony-server/Cargo.toml
2026-09-23T01:54:54.1842240Z   - <user-root>/work/ecorp/ecorp/crates/crony-store/Cargo.toml
2026-09-23T01:54:54.1842640Z   - <user-root>/work/ecorp/ecorp/rust-toolchain.toml
2026-09-23T01:54:54.1843160Z ##[endgroup]
2026-09-23T01:54:54.1844030Z
2026-09-23T01:54:54.1844160Z ... Restoring cache ...
2026-09-23T01:54:54.4970650Z Cache hit for: v0-rust-runner-platforms-Darwin-arm64-2eab217e-ad654043
2026-09-23T01:54:55.8150430Z Received 0 of 687921896 (0.0%), 0.0 MBs/sec
2026-09-23T01:54:56.8135990Z Received 50331648 of 687921896 (7.3%), 23.9 MBs/sec
2026-09-23T01:54:57.8161060Z Received 130023424 of 687921896 (18.9%), 41.2 MBs/sec
2026-09-23T01:54:58.8177640Z Received 163577856 of 687921896 (23.8%), 38.9 MBs/sec
2026-09-23T01:54:59.8235680Z Received 239075328 of 687921896 (34.8%), 45.5 MBs/sec
2026-09-23T01:55:00.8187080Z Received 297795584 of 687921896 (43.3%), 47.3 MBs/sec
2026-09-23T01:55:01.8272810Z Received 369098752 of 687921896 (53.7%), 50.2 MBs/sec
2026-09-23T01:55:02.8221810Z Received 432013312 of 687921896 (62.8%), 51.4 MBs/sec
2026-09-23T01:55:03.8207180Z Received 507510784 of 687921896 (73.8%), 53.7 MBs/sec
2026-09-23T01:55:04.8213710Z Received 578813952 of 687921896 (84.1%), 55.1 MBs/sec
2026-09-23T01:55:05.8304540Z Received 654311424 of 687921896 (95.1%), 56.7 MBs/sec
2026-09-23T01:55:06.8241630Z Received 679533288 of 687921896 (98.8%), 53.9 MBs/sec
2026-09-23T01:55:06.9725930Z Received 687921896 of 687921896 (100.0%), 54.0 MBs/sec
2026-09-23T01:55:06.9825110Z Cache Size: ~656 MB (687921896 B)
2026-09-23T01:55:06.9931080Z [command]/opt/homebrew/bin/gtar -xf <user-root>/work/_temp/4379481c-d45a-4a87-9607-3ef979fbce5c/cache.tzst -P -C <user-root>/work/ecorp/ecorp --delay-directory-restore --use-compress-program unzstd
2026-09-23T01:55:11.5775240Z Cache restored successfully
2026-09-23T01:55:11.6029960Z Restored from cache key "v0-rust-runner-platforms-Darwin-arm64-2eab217e-ad654043" full match: true.
2026-09-23T01:55:11.6394300Z ##[group]Run python -m unittest discover -s tools -p test_public_evidence_verifier.py
2026-09-23T01:55:11.6396070Z [36;1mpython -m unittest discover -s tools -p test_public_evidence_verifier.py[0m
2026-09-23T01:55:11.6505390Z shell: /usr/local/bin/pwsh -command ". '{0}'"
2026-09-23T01:55:11.6505740Z env:
2026-09-23T01:55:11.6506180Z   CARGO_HOME: <user-root>/.cargo
2026-09-23T01:55:11.6506890Z   CARGO_INCREMENTAL: 0
2026-09-23T01:55:11.6507230Z   CARGO_TERM_COLOR: always
2026-09-23T01:55:11.6509620Z   CACHE_ON_FAILURE: false
2026-09-23T01:55:11.6510320Z ##[endgroup]
2026-09-23T01:55:16.5947790Z ...F..F.......FE...F.FF..
2026-09-23T01:55:16.5949280Z ======================================================================
2026-09-23T01:55:16.5952180Z ERROR: test_intact_copy_under_linked_temporary_parent_is_accepted (test_public_evidence_verifier.PublicEvidenceVerifierTests.test_intact_copy_under_linked_temporary_parent_is_accepted)
2026-09-23T01:55:16.5954900Z ----------------------------------------------------------------------
2026-09-23T01:55:16.5956030Z Traceback (most recent call last):
2026-09-23T01:55:16.5957880Z   File "<user-root>/work/ecorp/ecorp/tools/test_public_evidence_verifier.py", line 251, in test_intact_copy_under_linked_temporary_parent_is_accepted
2026-09-23T01:55:16.5959600Z     with self.packet_copy() as base:
2026-09-23T01:55:16.5960440Z          ~~~~~~~~~~~~~~~~^^
2026-09-23T01:55:16.5961800Z   File "/Library/Frameworks/Python.framework/Versions/3.14/lib/python3.14/contextlib.py", line 141, in __enter__
2026-09-23T01:55:16.5963140Z     return next(self.gen)
2026-09-23T01:55:16.5964620Z   File "<user-root>/work/ecorp/ecorp/tools/test_public_evidence_verifier.py", line 67, in packet_copy
2026-09-23T01:55:16.5966220Z     shutil.copytree(EVIDENCE / packet, base / packet)
2026-09-23T01:55:16.5967940Z     ~~~~~~~~~~~~~~~^^^^^^^^^^^^^^^^^^^^^^^^^^^^^^^^^^
2026-09-23T01:55:16.5969760Z   File "/Library/Frameworks/Python.framework/Versions/3.14/lib/python3.14/unittest/mock.py", line 1176, in __call__
2026-09-23T01:55:16.5971390Z     return self._mock_call(*args, **kwargs)
2026-09-23T01:55:16.5972200Z            ~~~~~~~~~~~~~~~^^^^^^^^^^^^^^^^^
2026-09-23T01:55:16.5973730Z   File "/Library/Frameworks/Python.framework/Versions/3.14/lib/python3.14/unittest/mock.py", line 1180, in _mock_call
2026-09-23T01:55:16.5976820Z     return self._execute_mock_call(*args, **kwargs)
2026-09-23T01:55:16.5977710Z            ~~~~~~~~~~~~~~~~~~~~~~~^^^^^^^^^^^^^^^^^
2026-09-23T01:55:16.5979200Z   File "/Library/Frameworks/Python.framework/Versions/3.14/lib/python3.14/unittest/mock.py", line 1247, in _execute_mock_call
2026-09-23T01:55:16.5980650Z     result = effect(*args, **kwargs)
2026-09-23T01:55:16.5982090Z   File "<user-root>/work/ecorp/ecorp/tools/test_public_evidence_verifier.py", line 242, in copy_to_canonical_root
2026-09-23T01:55:16.5983440Z     return copytree(source, destination)
2026-09-23T01:55:16.5985080Z   File "/Library/Frameworks/Python.framework/Versions/3.14/lib/python3.14/shutil.py", line 654, in copytree
2026-09-23T01:55:16.5986990Z     return _copytree(entries=entries, src=src, dst=dst, symlinks=symlinks,
2026-09-23T01:55:16.5988140Z                      ignore=ignore, copy_function=copy_function,
2026-09-23T01:55:16.5989360Z                      ignore_dangling_symlinks=ignore_dangling_symlinks,
2026-09-23T01:55:16.5990470Z                      dirs_exist_ok=dirs_exist_ok)
2026-09-23T01:55:16.5992050Z   File "/Library/Frameworks/Python.framework/Versions/3.14/lib/python3.14/shutil.py", line 590, in _copytree
2026-09-23T01:55:16.5993530Z     copytree(srcobj, dstname, symlinks, ignore, copy_function,
2026-09-23T01:55:16.5994780Z     ~~~~~~~~^^^^^^^^^^^^^^^^^^^^^^^^^^^^^^^^^^^^^^^^^^^^^^^^^^
2026-09-23T01:55:16.5997510Z              ignore_dangling_symlinks, dirs_exist_ok)
2026-09-23T01:55:16.5998250Z              ^^^^^^^^^^^^^^^^^^^^^^^^^^^^^^^^^^^^^^^^
2026-09-23T01:55:16.6000020Z   File "/Library/Frameworks/Python.framework/Versions/3.14/lib/python3.14/unittest/mock.py", line 1176, in __call__
2026-09-23T01:55:16.6000770Z     return self._mock_call(*args, **kwargs)
2026-09-23T01:55:16.6001170Z            ~~~~~~~~~~~~~~~^^^^^^^^^^^^^^^^^
2026-09-23T01:55:16.6001910Z   File "/Library/Frameworks/Python.framework/Versions/3.14/lib/python3.14/unittest/mock.py", line 1180, in _mock_call
2026-09-23T01:55:16.6002710Z     return self._execute_mock_call(*args, **kwargs)
2026-09-23T01:55:16.6003160Z            ~~~~~~~~~~~~~~~~~~~~~~~^^^^^^^^^^^^^^^^^
2026-09-23T01:55:16.6003920Z   File "/Library/Frameworks/Python.framework/Versions/3.14/lib/python3.14/unittest/mock.py", line 1247, in _execute_mock_call
2026-09-23T01:55:16.6004610Z     result = effect(*args, **kwargs)
2026-09-23T01:55:16.6005550Z TypeError: PublicEvidenceVerifierTests.test_intact_copy_under_linked_temporary_parent_is_accepted.<locals>.copy_to_canonical_root() takes 2 positional arguments but 7 were given
2026-09-23T01:55:16.6006220Z
2026-09-23T01:55:16.6006590Z ======================================================================
2026-09-23T01:55:16.6007750Z FAIL: test_compressed_archive_file_is_capped_before_zip_parsing (test_public_evidence_verifier.PublicEvidenceVerifierTests.test_compressed_archive_file_is_capped_before_zip_parsing)
2026-09-23T01:55:16.6008660Z ----------------------------------------------------------------------
2026-09-23T01:55:16.6009280Z AssertionError: ('non-regular evidence entry', '__pycache__')
2026-09-23T01:55:16.6009590Z
2026-09-23T01:55:16.6010450Z During handling of the above exception, another exception occurred:
2026-09-23T01:55:16.6010830Z
2026-09-23T01:55:16.6011050Z Traceback (most recent call last):
2026-09-23T01:55:16.6011920Z   File "<user-root>/work/ecorp/ecorp/tools/test_public_evidence_verifier.py", line 211, in test_compressed_archive_file_is_capped_before_zip_parsing
2026-09-23T01:55:16.6012770Z     with self.assertRaisesRegex(AssertionError, "evidence file exceeds byte limit"):
2026-09-23T01:55:16.6013410Z          ~~~~~~~~~~~~~~~~~~~~~~^^^^^^^^^^^^^^^^^^^^^^^^^^^^^^^^^^^^^^^^^^^^^^^^^^^^
2026-09-23T01:55:16.6014300Z AssertionError: "evidence file exceeds byte limit" does not match "('non-regular evidence entry', '__pycache__')"
2026-09-23T01:55:16.6014710Z
2026-09-23T01:55:16.6014990Z ======================================================================
2026-09-23T01:55:16.6015990Z FAIL: test_duplicate_archive_manifest_rows_are_rejected (test_public_evidence_verifier.PublicEvidenceVerifierTests.test_duplicate_archive_manifest_rows_are_rejected)
2026-09-23T01:55:16.6017480Z ----------------------------------------------------------------------
2026-09-23T01:55:16.6018030Z Traceback (most recent call last):
2026-09-23T01:55:16.6018730Z   File "<user-root>/work/ecorp/ecorp/tools/test_public_evidence_verifier.py", line 225, in test_duplicate_archive_manifest_rows_are_rejected
2026-09-23T01:55:16.6019390Z     self.assert_refused(base, "duplicate archive path")
2026-09-23T01:55:16.6019730Z     ~~~~~~~~~~~~~~~~~~~^^^^^^^^^^^^^^^^^^^^^^^^^^^^^^^^
2026-09-23T01:55:16.6020320Z   File "<user-root>/work/ecorp/ecorp/tools/test_public_evidence_verifier.py", line 74, in assert_refused
2026-09-23T01:55:16.6020870Z     self.assertIn(message, result.stderr)
2026-09-23T01:55:16.6021300Z     ~~~~~~~~~~~~~^^^^^^^^^^^^^^^^^^^^^^^^
2026-09-23T01:55:16.6026000Z AssertionError: 'duplicate archive path' not found in 'Traceback (most recent call last):\n  File "/private/var/folders/36/tjdph2t965j8snz9_vkdnw0r0000gn/T/ecorp-public-evidence-test-nm_8pejp/evidence/pr362-combined-20260921/verify_public.py", line 212, in <module>\n    verify(Path(__file__).absolute().parent.parent, args.source)\n    ~~~~~~^^^^^^^^^^^^^^^^^^^^^^^^^^^^^^^^^^^^^^^^^^^^^^^^^^^^^^\n  File "/private/var/folders/36/tjdph2t965j8snz9_vkdnw0r0000gn/T/ecorp-public-evidence-test-nm_8pejp/evidence/pr362-combined-20260921/verify_public.py", line 138, in verify\n    regular_file(directory, entry.name)\n    ~~~~~~~~~~~~^^^^^^^^^^^^^^^^^^^^^^^\n  File "/private/var/folders/36/tjdph2t965j8snz9_vkdnw0r0000gn/T/ecorp-public-evidence-test-nm_8pejp/evidence/pr362-combined-20260921/verify_public.py", line 59, in regular_file\n    assert stat.S_ISREG(info.st_mode), (\'non-regular evidence entry\', str(relative))\n           ~~~~~~~~~~~~^^^^^^^^^^^^^^\nAssertionError: (\'non-regular evidence entry\', \'__pycache__\')\n'
2026-09-23T01:55:16.6029190Z
2026-09-23T01:55:16.6029480Z ======================================================================
2026-09-23T01:55:16.6030500Z FAIL: test_image_path_cannot_escape_manifest_inventory (test_public_evidence_verifier.PublicEvidenceVerifierTests.test_image_path_cannot_escape_manifest_inventory)
2026-09-23T01:55:16.6031630Z ----------------------------------------------------------------------
2026-09-23T01:55:16.6032570Z Traceback (most recent call last):
2026-09-23T01:55:16.6033760Z   File "<user-root>/work/ecorp/ecorp/tools/test_public_evidence_verifier.py", line 337, in test_image_path_cannot_escape_manifest_inventory
2026-09-23T01:55:16.6034580Z     self.assert_refused(base, "unsafe packet filename")
2026-09-23T01:55:16.6035030Z     ~~~~~~~~~~~~~~~~~~~^^^^^^^^^^^^^^^^^^^^^^^^^^^^^^^^
2026-09-23T01:55:16.6035780Z   File "<user-root>/work/ecorp/ecorp/tools/test_public_evidence_verifier.py", line 74, in assert_refused
2026-09-23T01:55:16.6036470Z     self.assertIn(message, result.stderr)
2026-09-23T01:55:16.6036800Z     ~~~~~~~~~~~~~^^^^^^^^^^^^^^^^^^^^^^^^
2026-09-23T01:55:16.6041260Z AssertionError: 'unsafe packet filename' not found in 'Traceback (most recent call last):\n  File "/private/var/folders/36/tjdph2t965j8snz9_vkdnw0r0000gn/T/ecorp-public-evidence-test-svm4bd_0/evidence/pr362-combined-20260921/verify_public.py", line 212, in <module>\n    verify(Path(__file__).absolute().parent.parent, args.source)\n    ~~~~~~^^^^^^^^^^^^^^^^^^^^^^^^^^^^^^^^^^^^^^^^^^^^^^^^^^^^^^\n  File "/private/var/folders/36/tjdph2t965j8snz9_vkdnw0r0000gn/T/ecorp-public-evidence-test-svm4bd_0/evidence/pr362-combined-20260921/verify_public.py", line 138, in verify\n    regular_file(directory, entry.name)\n    ~~~~~~~~~~~~^^^^^^^^^^^^^^^^^^^^^^^\n  File "/private/var/folders/36/tjdph2t965j8snz9_vkdnw0r0000gn/T/ecorp-public-evidence-test-svm4bd_0/evidence/pr362-combined-20260921/verify_public.py", line 59, in regular_file\n    assert stat.S_ISREG(info.st_mode), (\'non-regular evidence entry\', str(relative))\n           ~~~~~~~~~~~~^^^^^^^^^^^^^^\nAssertionError: (\'non-regular evidence entry\', \'__pycache__\')\n'
2026-09-23T01:55:16.6048320Z
2026-09-23T01:55:16.6048720Z ======================================================================
2026-09-23T01:55:16.6049790Z FAIL: test_normal_interpreter_accepts_intact_packet (test_public_evidence_verifier.PublicEvidenceVerifierTests.test_normal_interpreter_accepts_intact_packet)
2026-09-23T01:55:16.6050570Z ----------------------------------------------------------------------
2026-09-23T01:55:16.6051060Z Traceback (most recent call last):
2026-09-23T01:55:16.6051800Z   File "<user-root>/work/ecorp/ecorp/tools/test_public_evidence_verifier.py", line 116, in test_normal_interpreter_accepts_intact_packet
2026-09-23T01:55:16.6052480Z     self.assertEqual(result.returncode, 0, result.stderr)
2026-09-23T01:55:16.6053250Z     ~~~~~~~~~~~~~~~~^^^^^^^^^^^^^^^^^^^^^^^^^^^^^^^^^^^^^
2026-09-23T01:55:16.6053770Z AssertionError: 1 != 0 : Traceback (most recent call last):
2026-09-23T01:55:16.6054350Z   File "<user-root>/work/ecorp/ecorp/docs/evidence/pr362-combined-20260921/verify_public.py", line 212, in <module>
2026-09-23T01:55:16.6055080Z     verify(Path(__file__).absolute().parent.parent, args.source)
2026-09-23T01:55:16.6055590Z     ~~~~~~^^^^^^^^^^^^^^^^^^^^^^^^^^^^^^^^^^^^^^^^^^^^^^^^^^^^^^
2026-09-23T01:55:16.6056260Z   File "<user-root>/work/ecorp/ecorp/docs/evidence/pr362-combined-20260921/verify_public.py", line 138, in verify
2026-09-23T01:55:16.6056740Z     regular_file(directory, entry.name)
2026-09-23T01:55:16.6057150Z     ~~~~~~~~~~~~^^^^^^^^^^^^^^^^^^^^^^^
2026-09-23T01:55:16.6058280Z   File "<user-root>/work/ecorp/ecorp/docs/evidence/pr362-combined-20260921/verify_public.py", line 59, in regular_file
2026-09-23T01:55:16.6059000Z     assert stat.S_ISREG(info.st_mode), ('non-regular evidence entry', str(relative))
2026-09-23T01:55:16.6059380Z            ~~~~~~~~~~~~^^^^^^^^^^^^^^
2026-09-23T01:55:16.6059880Z AssertionError: ('non-regular evidence entry', '__pycache__')
2026-09-23T01:55:16.6060100Z
2026-09-23T01:55:16.6060110Z
2026-09-23T01:55:16.6060390Z ======================================================================
2026-09-23T01:55:16.6061430Z FAIL: test_oversized_zip_member_is_refused_before_decompression (test_public_evidence_verifier.PublicEvidenceVerifierTests.test_oversized_zip_member_is_refused_before_decompression)
2026-09-23T01:55:16.6062410Z ----------------------------------------------------------------------
2026-09-23T01:55:16.6062920Z AssertionError: ('non-regular evidence entry', '__pycache__')
2026-09-23T01:55:16.6063140Z
2026-09-23T01:55:16.6063400Z During handling of the above exception, another exception occurred:
2026-09-23T01:55:16.6063660Z
2026-09-23T01:55:16.6063800Z Traceback (most recent call last):
2026-09-23T01:55:16.6064430Z   File "<user-root>/work/ecorp/ecorp/tools/test_public_evidence_verifier.py", line 219, in test_oversized_zip_member_is_refused_before_decompression
2026-09-23T01:55:16.6065150Z     with self.assertRaisesRegex(AssertionError, "archive member exceeds byte limit"):
2026-09-23T01:55:16.6065640Z          ~~~~~~~~~~~~~~~~~~~~~~^^^^^^^^^^^^^^^^^^^^^^^^^^^^^^^^^^^^^^^^^^^^^^^^^^^^^
2026-09-23T01:55:16.6066270Z AssertionError: "archive member exceeds byte limit" does not match "('non-regular evidence entry', '__pycache__')"
2026-09-23T01:55:16.6066640Z
2026-09-23T01:55:16.6066850Z ======================================================================
2026-09-23T01:55:16.6067820Z FAIL: test_readme_link_cannot_escape_the_verified_packets (test_public_evidence_verifier.PublicEvidenceVerifierTests.test_readme_link_cannot_escape_the_verified_packets)
2026-09-23T01:55:16.6068580Z ----------------------------------------------------------------------
2026-09-23T01:55:16.6068950Z Traceback (most recent call last):
2026-09-23T01:55:16.6069560Z   File "<user-root>/work/ecorp/ecorp/tools/test_public_evidence_verifier.py", line 359, in test_readme_link_cannot_escape_the_verified_packets
2026-09-23T01:55:16.6070270Z     self.assert_refused(base, "unsafe README evidence link")
2026-09-23T01:55:16.6071000Z     ~~~~~~~~~~~~~~~~~~~^^^^^^^^^^^^^^^^^^^^^^^^^^^^^^^^^^^^^
2026-09-23T01:55:16.6071540Z   File "<user-root>/work/ecorp/ecorp/tools/test_public_evidence_verifier.py", line 74, in assert_refused
2026-09-23T01:55:16.6072010Z     self.assertIn(message, result.stderr)
2026-09-23T01:55:16.6072270Z     ~~~~~~~~~~~~~^^^^^^^^^^^^^^^^^^^^^^^^
2026-09-23T01:55:16.6077530Z AssertionError: 'unsafe README evidence link' not found in 'Traceback (most recent call last):\n  File "/private/var/folders/36/tjdph2t965j8snz9_vkdnw0r0000gn/T/ecorp-public-evidence-test-autsyn9j/evidence/pr362-combined-20260921/verify_public.py", line 212, in <module>\n    verify(Path(__file__).absolute().parent.parent, args.source)\n    ~~~~~~^^^^^^^^^^^^^^^^^^^^^^^^^^^^^^^^^^^^^^^^^^^^^^^^^^^^^^\n  File "/private/var/folders/36/tjdph2t965j8snz9_vkdnw0r0000gn/T/ecorp-public-evidence-test-autsyn9j/evidence/pr362-combined-20260921/verify_public.py", line 138, in verify\n    regular_file(directory, entry.name)\n    ~~~~~~~~~~~~^^^^^^^^^^^^^^^^^^^^^^^\n  File "/private/var/folders/36/tjdph2t965j8snz9_vkdnw0r0000gn/T/ecorp-public-evidence-test-autsyn9j/evidence/pr362-combined-20260921/verify_public.py", line 59, in regular_file\n    assert stat.S_ISREG(info.st_mode), (\'non-regular evidence entry\', str(relative))\n           ~~~~~~~~~~~~^^^^^^^^^^^^^^\nAssertionError: (\'non-regular evidence entry\', \'__pycache__\')\n'
2026-09-23T01:55:16.6081360Z
2026-09-23T01:55:16.6081620Z ----------------------------------------------------------------------
2026-09-23T01:55:16.6081960Z Ran 25 tests in 3.572s
2026-09-23T01:55:16.6082070Z
2026-09-23T01:55:16.6082700Z FAILED (failures=6, errors=1)
2026-09-23T01:55:16.8297670Z ##[error]Process completed with exit code 1.
2026-09-23T01:55:16.8481780Z Post job cleanup.
2026-09-23T01:55:16.9968830Z [command]/opt/homebrew/bin/git version
2026-09-23T01:55:17.0248910Z git version 2.55.0
2026-09-23T01:55:17.0430740Z Copying '<user-root>/.gitconfig' to '<user-root>/work/_temp/d481a931-2afa-40a5-b790-be5dbc862f69/.gitconfig'
2026-09-23T01:55:17.0432290Z Temporarily overriding HOME='<user-root>/work/_temp/d481a931-2afa-40a5-b790-be5dbc862f69' before making global git config changes
2026-09-23T01:55:17.0464960Z Adding repository directory to the temporary git global config as a safe directory
2026-09-23T01:55:17.0473050Z [command]/opt/homebrew/bin/git config --global --add safe.directory <user-root>/work/ecorp/ecorp
2026-09-23T01:55:17.0533110Z Removing SSH command configuration
2026-09-23T01:55:17.0535670Z [command]/opt/homebrew/bin/git config --local --name-only --get-regexp core\.sshCommand
2026-09-23T01:55:17.0614910Z [command]/opt/homebrew/bin/git submodule foreach --recursive sh -c "git config --local --name-only --get-regexp 'core\.sshCommand' && git config --local --unset-all 'core.sshCommand' || :"
2026-09-23T01:55:17.1932950Z Removing HTTP extra header
2026-09-23T01:55:17.1933620Z [command]/opt/homebrew/bin/git config --local --name-only --get-regexp http\.https\:\/\/github\.com\/\.extraheader
2026-09-23T01:55:17.2011850Z [command]/opt/homebrew/bin/git submodule foreach --recursive sh -c "git config --local --name-only --get-regexp 'http\.https\:\/\/github\.com\/\.extraheader' && git config --local --unset-all 'http.https://github.com/.extraheader' || :"
2026-09-23T01:55:17.3269670Z Removing includeIf entries pointing to credentials config files
2026-09-23T01:55:17.3371690Z [command]/opt/homebrew/bin/git config --local --name-only --get-regexp ^includeIf\.gitdir:
2026-09-23T01:55:17.3677990Z [command]/opt/homebrew/bin/git submodule foreach --recursive git config --local --show-origin --name-only --get-regexp remote.origin.url
2026-09-23T01:55:17.5444080Z Cleaning up orphan processes
