2026-09-23T01:54:26.1477633Z Current runner version: '2.337.0'
2026-09-23T01:54:26.1513022Z ##[group]Runner Image Provisioner
2026-09-23T01:54:26.1514573Z Hosted Compute Agent
2026-09-23T01:54:26.1515526Z Version: 20260828.587
2026-09-23T01:54:26.1516647Z Commit: abac92662cab4cc7352de4f9f9d2e2419aad9c29
2026-09-23T01:54:26.1517915Z Build Date: 2026-08-28T16:44:25Z
2026-09-23T01:54:26.1519095Z Worker ID: {8b44d8b2-5293-4cd7-a2da-0e3b641463dc}
2026-09-23T01:54:26.1520621Z Azure Region: eastus2
2026-09-23T01:54:26.1521586Z ##[endgroup]
2026-09-23T01:54:26.1524396Z ##[group]Operating System
2026-09-23T01:54:26.1525421Z Ubuntu
2026-09-23T01:54:26.1526357Z 24.04.5
2026-09-23T01:54:26.1527253Z LTS
2026-09-23T01:54:26.1528076Z ##[endgroup]
2026-09-23T01:54:26.1529058Z ##[group]Runner Image
2026-09-23T01:54:26.1529991Z Image: ubuntu-24.04
2026-09-23T01:54:26.1531364Z Version: 20260920.314.1
2026-09-23T01:54:26.1533495Z Included Software: https://github.com/actions/runner-images/blob/ubuntu24/20260920.314/images/ubuntu/Ubuntu2404-Readme.md
2026-09-23T01:54:26.1536165Z Image Release: https://github.com/actions/runner-images/releases/tag/ubuntu24%2F20260920.314
2026-09-23T01:54:26.1537848Z ##[endgroup]
2026-09-23T01:54:26.1539791Z ##[group]GITHUB_TOKEN Permissions
2026-09-23T01:54:26.1542929Z Contents: read
2026-09-23T01:54:26.1543972Z Metadata: read
2026-09-23T01:54:26.1544964Z ##[endgroup]
2026-09-23T01:54:26.1548017Z Secret source: Actions
2026-09-23T01:54:26.1549622Z Cache mode: write
2026-09-23T01:54:26.1551483Z Prepare workflow directory
2026-09-23T01:54:26.2026339Z Prepare all required actions
2026-09-23T01:54:26.2096707Z Getting action download info
2026-09-23T01:54:26.4469119Z Download action repository 'actions/checkout@3d3c42e5aac5ba805825da76410c181273ba90b1' (SHA:3d3c42e5aac5ba805825da76410c181273ba90b1)
2026-09-23T01:54:26.5758176Z Download action repository 'dtolnay/rust-toolchain@6bed0761d98439e5a578e2877258200ad565ba87' (SHA:6bed0761d98439e5a578e2877258200ad565ba87)
2026-09-23T01:54:26.6738663Z Download action repository 'actions/setup-node@820762786026740c76f36085b0efc47a31fe5020' (SHA:820762786026740c76f36085b0efc47a31fe5020)
2026-09-23T01:54:26.7520712Z Download action repository 'Swatinem/rust-cache@6323deb102c322ba6fcbdcafc7e3dddab59af2b6' (SHA:6323deb102c322ba6fcbdcafc7e3dddab59af2b6)
2026-09-23T01:54:26.9552590Z Download action repository 'actions/upload-artifact@ea165f8d65b6e75b540449e92b4886f43607fa02' (SHA:ea165f8d65b6e75b540449e92b4886f43607fa02)
2026-09-23T01:54:27.2104822Z Complete job name: runner-platforms (ubuntu-latest)
2026-09-23T01:54:27.2987468Z ##[group]Run actions/checkout@3d3c42e5aac5ba805825da76410c181273ba90b1
2026-09-23T01:54:27.2988525Z with:
2026-09-23T01:54:27.2988971Z   persist-credentials: false
2026-09-23T01:54:27.2989508Z   repository: All-The-Vibes/ecorp
2026-09-23T01:54:27.2993422Z   token: ***
2026-09-23T01:54:27.2993922Z   ssh-strict: true
2026-09-23T01:54:27.2994420Z   ssh-user: git
2026-09-23T01:54:27.2994899Z   clean: true
2026-09-23T01:54:27.2995398Z   sparse-checkout-cone-mode: true
2026-09-23T01:54:27.2995988Z   fetch-depth: 1
2026-09-23T01:54:27.2996409Z   fetch-tags: false
2026-09-23T01:54:27.2996908Z   show-progress: true
2026-09-23T01:54:27.2997416Z   lfs: false
2026-09-23T01:54:27.2997882Z   submodules: false
2026-09-23T01:54:27.2998395Z   set-safe-directory: true
2026-09-23T01:54:27.2998956Z   allow-unsafe-pr-checkout: false
2026-09-23T01:54:27.2999721Z ##[endgroup]
2026-09-23T01:54:27.3974210Z Syncing repository: All-The-Vibes/ecorp
2026-09-23T01:54:27.3976083Z ##[group]Getting Git version info
2026-09-23T01:54:27.3976793Z Working directory is '<hosted-user-root>/work/ecorp/ecorp'
2026-09-23T01:54:27.3977763Z [command]/usr/bin/git version
2026-09-23T01:54:27.4069637Z git version 2.55.0
2026-09-23T01:54:27.4094538Z ##[endgroup]
2026-09-23T01:54:27.4106158Z Temporarily overriding HOME='<hosted-user-root>/work/_temp/c675ac8f-6d04-4d1e-9a15-34069d19216b' before making global git config changes
2026-09-23T01:54:27.4108565Z Adding repository directory to the temporary git global config as a safe directory
2026-09-23T01:54:27.4112881Z [command]/usr/bin/git config --global --add safe.directory <hosted-user-root>/work/ecorp/ecorp
2026-09-23T01:54:27.4169368Z Deleting the contents of '<hosted-user-root>/work/ecorp/ecorp'
2026-09-23T01:54:27.4173321Z ##[group]Determining repository object format
2026-09-23T01:54:27.4174940Z ##[endgroup]
2026-09-23T01:54:27.4176301Z ##[group]Initializing the repository
2026-09-23T01:54:27.4179157Z [command]/usr/bin/git init <hosted-user-root>/work/ecorp/ecorp
2026-09-23T01:54:27.4317288Z hint: Using 'master' as the name for the initial branch. This default branch name
2026-09-23T01:54:27.4319030Z hint: will change to "main" in Git 3.0. To configure the initial branch name
2026-09-23T01:54:27.4320964Z hint: to use in all of your new repositories, which will suppress this warning,
2026-09-23T01:54:27.4322222Z hint: call:
2026-09-23T01:54:27.4322889Z hint:
2026-09-23T01:54:27.4323897Z hint: 	git config --global init.defaultBranch <name>
2026-09-23T01:54:27.4325083Z hint:
2026-09-23T01:54:27.4326423Z hint: Names commonly chosen instead of 'master' are 'main', 'trunk' and
2026-09-23T01:54:27.4328225Z hint: 'development'. The just-created branch can be renamed via this command:
2026-09-23T01:54:27.4329696Z hint:
2026-09-23T01:54:27.4330776Z hint: 	git branch -m <name>
2026-09-23T01:54:27.4331716Z hint:
2026-09-23T01:54:27.4332915Z hint: Disable this message with "git config set advice.defaultBranchName false"
2026-09-23T01:54:27.4334854Z Initialized empty Git repository in <hosted-user-root>/work/ecorp/ecorp/.git/
2026-09-23T01:54:27.4337675Z [command]/usr/bin/git remote add origin https://github.com/All-The-Vibes/ecorp
2026-09-23T01:54:27.4392451Z ##[endgroup]
2026-09-23T01:54:27.4393725Z ##[group]Disabling automatic garbage collection
2026-09-23T01:54:27.4395716Z [command]/usr/bin/git config --local gc.auto 0
2026-09-23T01:54:27.4430581Z ##[endgroup]
2026-09-23T01:54:27.4432160Z ##[group]Setting up auth
2026-09-23T01:54:27.4432989Z Removing SSH command configuration
2026-09-23T01:54:27.4437807Z [command]/usr/bin/git config --local --name-only --get-regexp core\.sshCommand
2026-09-23T01:54:27.4475778Z [command]/usr/bin/git submodule foreach --recursive sh -c "git config --local --name-only --get-regexp 'core\.sshCommand' && git config --local --unset-all 'core.sshCommand' || :"
2026-09-23T01:54:27.4873289Z Removing HTTP extra header
2026-09-23T01:54:27.4882014Z [command]/usr/bin/git config --local --name-only --get-regexp http\.https\:\/\/github\.com\/\.extraheader
2026-09-23T01:54:27.4917005Z [command]/usr/bin/git submodule foreach --recursive sh -c "git config --local --name-only --get-regexp 'http\.https\:\/\/github\.com\/\.extraheader' && git config --local --unset-all 'http.https://github.com/.extraheader' || :"
2026-09-23T01:54:27.5132874Z Removing includeIf entries pointing to credentials config files
2026-09-23T01:54:27.5137916Z [command]/usr/bin/git config --local --name-only --get-regexp ^includeIf\.gitdir:
2026-09-23T01:54:27.5172491Z [command]/usr/bin/git submodule foreach --recursive git config --local --show-origin --name-only --get-regexp remote.origin.url
2026-09-23T01:54:27.5394587Z [command]/usr/bin/git config --file <hosted-user-root>/work/_temp/git-credentials-dfb5e86d-7d26-462a-81af-ca75072be903.config http.https://github.com/.extraheader AUTHORIZATION: basic ***
2026-09-23T01:54:27.5433655Z [command]/usr/bin/git config --local includeIf.gitdir:<hosted-user-root>/work/ecorp/ecorp/.git.path <hosted-user-root>/work/_temp/git-credentials-dfb5e86d-7d26-462a-81af-ca75072be903.config
2026-09-23T01:54:27.5467128Z [command]/usr/bin/git config --local includeIf.gitdir:<hosted-user-root>/work/ecorp/ecorp/.git/worktrees/*.path <hosted-user-root>/work/_temp/git-credentials-dfb5e86d-7d26-462a-81af-ca75072be903.config
2026-09-23T01:54:27.5505600Z [command]/usr/bin/git config --local includeIf.gitdir:/github/workspace/.git.path /github/runner_temp/git-credentials-dfb5e86d-7d26-462a-81af-ca75072be903.config
2026-09-23T01:54:27.5540839Z [command]/usr/bin/git config --local includeIf.gitdir:/github/workspace/.git/worktrees/*.path /github/runner_temp/git-credentials-dfb5e86d-7d26-462a-81af-ca75072be903.config
2026-09-23T01:54:27.5571480Z ##[endgroup]
2026-09-23T01:54:27.5572225Z ##[group]Fetching the repository
2026-09-23T01:54:27.5580378Z [command]/usr/bin/git -c protocol.version=2 fetch --no-tags --prune --no-recurse-submodules --depth=1 origin +46dd69ca3d988ef531496a67ec81b4a48385aac9:refs/remotes/pull/362/merge
2026-09-23T01:54:28.9787006Z From https://github.com/All-The-Vibes/ecorp
2026-09-23T01:54:28.9788233Z  * [new ref]         46dd69ca3d988ef531496a67ec81b4a48385aac9 -> pull/362/merge
2026-09-23T01:54:28.9792255Z ##[endgroup]
2026-09-23T01:54:28.9793327Z ##[group]Determining the checkout info
2026-09-23T01:54:28.9794626Z ##[endgroup]
2026-09-23T01:54:28.9800021Z [command]/usr/bin/git sparse-checkout disable
2026-09-23T01:54:28.9860799Z [command]/usr/bin/git config --local --unset-all extensions.worktreeConfig
2026-09-23T01:54:28.9896134Z ##[group]Checking out the ref
2026-09-23T01:54:28.9900807Z [command]/usr/bin/git checkout --progress --force refs/remotes/pull/362/merge
2026-09-23T01:54:29.2058148Z Note: switching to 'refs/remotes/pull/362/merge'.
2026-09-23T01:54:29.2058872Z
2026-09-23T01:54:29.2059318Z You are in 'detached HEAD' state. You can look around, make experimental
2026-09-23T01:54:29.2060849Z changes and commit them, and you can discard any commits you make in this
2026-09-23T01:54:29.2061908Z state without impacting any branches by switching back to a branch.
2026-09-23T01:54:29.2062505Z
2026-09-23T01:54:29.2062990Z If you want to create a new branch to retain commits you create, you may
2026-09-23T01:54:29.2063901Z do so (now or later) by using -c with the switch command. Example:
2026-09-23T01:54:29.2064402Z
2026-09-23T01:54:29.2064627Z   git switch -c <new-branch-name>
2026-09-23T01:54:29.2064989Z
2026-09-23T01:54:29.2065213Z Or undo this operation with:
2026-09-23T01:54:29.2065540Z
2026-09-23T01:54:29.2065779Z   git switch -
2026-09-23T01:54:29.2066044Z
2026-09-23T01:54:29.2066494Z Turn off this advice by setting config variable advice.detachedHead to false
2026-09-23T01:54:29.2078760Z
2026-09-23T01:54:29.2079336Z HEAD is now at 46dd69c Merge b7f90ac78180662e314e39d9592ae8e5c7217976 into 08b0b89b2dd16c1906c9dd3468c5ddecca24c4ce
2026-09-23T01:54:29.2081219Z ##[endgroup]
2026-09-23T01:54:29.2132815Z [command]/usr/bin/git log -1 --format=%H
2026-09-23T01:54:29.2162655Z 46dd69ca3d988ef531496a67ec81b4a48385aac9
2026-09-23T01:54:29.2173467Z ##[group]Removing auth
2026-09-23T01:54:29.2174074Z Removing SSH command configuration
2026-09-23T01:54:29.2178151Z [command]/usr/bin/git config --local --name-only --get-regexp core\.sshCommand
2026-09-23T01:54:29.2214727Z [command]/usr/bin/git submodule foreach --recursive sh -c "git config --local --name-only --get-regexp 'core\.sshCommand' && git config --local --unset-all 'core.sshCommand' || :"
2026-09-23T01:54:29.2440983Z Removing HTTP extra header
2026-09-23T01:54:29.2445217Z [command]/usr/bin/git config --local --name-only --get-regexp http\.https\:\/\/github\.com\/\.extraheader
2026-09-23T01:54:29.2485232Z [command]/usr/bin/git submodule foreach --recursive sh -c "git config --local --name-only --get-regexp 'http\.https\:\/\/github\.com\/\.extraheader' && git config --local --unset-all 'http.https://github.com/.extraheader' || :"
2026-09-23T01:54:29.2711557Z Removing includeIf entries pointing to credentials config files
2026-09-23T01:54:29.2716046Z [command]/usr/bin/git config --local --name-only --get-regexp ^includeIf\.gitdir:
2026-09-23T01:54:29.2751181Z includeif.gitdir:<hosted-user-root>/work/ecorp/ecorp/.git.path
2026-09-23T01:54:29.2752349Z includeif.gitdir:<hosted-user-root>/work/ecorp/ecorp/.git/worktrees/*.path
2026-09-23T01:54:29.2753341Z includeif.gitdir:/github/workspace/.git.path
2026-09-23T01:54:29.2754199Z includeif.gitdir:/github/workspace/.git/worktrees/*.path
2026-09-23T01:54:29.2761212Z [command]/usr/bin/git config --local --get-all includeif.gitdir:<hosted-user-root>/work/ecorp/ecorp/.git.path
2026-09-23T01:54:29.2788245Z <hosted-user-root>/work/_temp/git-credentials-dfb5e86d-7d26-462a-81af-ca75072be903.config
2026-09-23T01:54:29.2800492Z [command]/usr/bin/git config --local --unset includeif.gitdir:<hosted-user-root>/work/ecorp/ecorp/.git.path \/home\/runner\/work\/_temp\/git\-credentials\-dfb5e86d\-7d26\-462a\-81af\-ca75072be903\.config
2026-09-23T01:54:29.2839247Z [command]/usr/bin/git config --local --get-all includeif.gitdir:<hosted-user-root>/work/ecorp/ecorp/.git/worktrees/*.path
2026-09-23T01:54:29.2893216Z <hosted-user-root>/work/_temp/git-credentials-dfb5e86d-7d26-462a-81af-ca75072be903.config
2026-09-23T01:54:29.2902809Z [command]/usr/bin/git config --local --unset includeif.gitdir:<hosted-user-root>/work/ecorp/ecorp/.git/worktrees/*.path \/home\/runner\/work\/_temp\/git\-credentials\-dfb5e86d\-7d26\-462a\-81af\-ca75072be903\.config
2026-09-23T01:54:29.2940153Z [command]/usr/bin/git config --local --get-all includeif.gitdir:/github/workspace/.git.path
2026-09-23T01:54:29.2966183Z /github/runner_temp/git-credentials-dfb5e86d-7d26-462a-81af-ca75072be903.config
2026-09-23T01:54:29.2976069Z [command]/usr/bin/git config --local --unset includeif.gitdir:/github/workspace/.git.path \/github\/runner_temp\/git\-credentials\-dfb5e86d\-7d26\-462a\-81af\-ca75072be903\.config
2026-09-23T01:54:29.3016512Z [command]/usr/bin/git config --local --get-all includeif.gitdir:/github/workspace/.git/worktrees/*.path
2026-09-23T01:54:29.3043304Z /github/runner_temp/git-credentials-dfb5e86d-7d26-462a-81af-ca75072be903.config
2026-09-23T01:54:29.3113162Z [command]/usr/bin/git config --local --unset includeif.gitdir:/github/workspace/.git/worktrees/*.path \/github\/runner_temp\/git\-credentials\-dfb5e86d\-7d26\-462a\-81af\-ca75072be903\.config
2026-09-23T01:54:29.3173459Z [command]/usr/bin/git submodule foreach --recursive git config --local --show-origin --name-only --get-regexp remote.origin.url
2026-09-23T01:54:29.3419706Z Removing credentials config '<hosted-user-root>/work/_temp/git-credentials-dfb5e86d-7d26-462a-81af-ca75072be903.config'
2026-09-23T01:54:29.3431601Z ##[endgroup]
2026-09-23T01:54:29.3780551Z ##[group]Run dtolnay/rust-toolchain@6bed0761d98439e5a578e2877258200ad565ba87
2026-09-23T01:54:29.3781059Z with:
2026-09-23T01:54:29.3781264Z   toolchain: 1.98.1
2026-09-23T01:54:29.3781479Z ##[endgroup]
2026-09-23T01:54:29.3853150Z ##[start-action display=Parse toolchain version;id=__dtolnay_rust-toolchain.parse]
2026-09-23T01:54:29.3918589Z ##[group]Run if [[ -z $toolchain ]]; then
2026-09-23T01:54:29.3919037Z [36;1mif [[ -z $toolchain ]]; then[0m
2026-09-23T01:54:29.3919617Z [36;1m  # GitHub does not enforce `required: true` inputs itself. https://github.com/actions/runner/issues/1070[0m
2026-09-23T01:54:29.3920473Z [36;1m  echo "'toolchain' is a required input" >&2[0m
2026-09-23T01:54:29.3920789Z [36;1m  exit 1[0m
2026-09-23T01:54:29.3921144Z [36;1melif [[ $toolchain =~ ^stable' '[0-9]+' '(year|month|week|day)s?' 'ago$ ]]; then[0m
2026-09-23T01:54:29.3921566Z [36;1m  if [[ Linux == macOS ]]; then[0m
2026-09-23T01:54:29.3922185Z [36;1m    echo "toolchain=1.$((($(date -v-$(sed 's/stable \([0-9]*\) \(.\).*/\1\2/' <<< $toolchain) +%s)/60/60/24-16569)/7/6))" >> $GITHUB_OUTPUT[0m
2026-09-23T01:54:29.3922760Z [36;1m  else[0m
2026-09-23T01:54:29.3923170Z [36;1m    echo "toolchain=1.$((($(date --date "${toolchain#stable }" +%s)/60/60/24-16569)/7/6))" >> $GITHUB_OUTPUT[0m
2026-09-23T01:54:29.3923629Z [36;1m  fi[0m
2026-09-23T01:54:29.3923934Z [36;1melif [[ $toolchain =~ ^stable' 'minus' '[0-9]+' 'releases?$ ]]; then[0m
2026-09-23T01:54:29.3924487Z [36;1m  echo "toolchain=1.$((($(date +%s)/60/60/24-16569)/7/6-${toolchain//[^0-9]/}))" >> $GITHUB_OUTPUT[0m
2026-09-23T01:54:29.3924956Z [36;1melif [[ $toolchain =~ ^1\.[0-9]+$ ]]; then[0m
2026-09-23T01:54:29.3925488Z [36;1m  echo "toolchain=1.$((i=${toolchain#1.}, c=($(date +%s)/60/60/24-16569)/7/6, i+9*i*(10*i<=c)+90*i*(100*i<=c)))" >> $GITHUB_OUTPUT[0m
2026-09-23T01:54:29.3925985Z [36;1melse[0m
2026-09-23T01:54:29.3926240Z [36;1m  echo "toolchain=$toolchain" >> $GITHUB_OUTPUT[0m
2026-09-23T01:54:29.3926553Z [36;1mfi[0m
2026-09-23T01:54:29.4239091Z shell: /usr/bin/bash --noprofile --norc -e -o pipefail {0}
2026-09-23T01:54:29.4239761Z env:
2026-09-23T01:54:29.4239994Z   toolchain: 1.98.1
2026-09-23T01:54:29.4240461Z ##[endgroup]
2026-09-23T01:54:29.4388175Z ##[end-action id=__dtolnay_rust-toolchain.parse;outcome=success;conclusion=success;duration_ms=53]
2026-09-23T01:54:29.4400560Z ##[start-action display=Construct rustup command line;id=__dtolnay_rust-toolchain.flags]
2026-09-23T01:54:29.4434586Z ##[group]Run echo "targets=$(for t in ${targets//,/ }; do echo -n ' --target' $t; done)" >> $GITHUB_OUTPUT
2026-09-23T01:54:29.4435283Z [36;1mecho "targets=$(for t in ${targets//,/ }; do echo -n ' --target' $t; done)" >> $GITHUB_OUTPUT[0m
2026-09-23T01:54:29.4435950Z [36;1mecho "components=$(for c in ${components//,/ }; do echo -n ' --component' $c; done)" >> $GITHUB_OUTPUT[0m
2026-09-23T01:54:29.4436461Z [36;1mecho "downgrade=" >> $GITHUB_OUTPUT[0m
2026-09-23T01:54:29.4501295Z shell: /usr/bin/bash --noprofile --norc -e -o pipefail {0}
2026-09-23T01:54:29.4501655Z env:
2026-09-23T01:54:29.4501866Z   targets:
2026-09-23T01:54:29.4502068Z   components:
2026-09-23T01:54:29.4502270Z ##[endgroup]
2026-09-23T01:54:29.4601823Z ##[end-action id=__dtolnay_rust-toolchain.flags;outcome=success;conclusion=success;duration_ms=20]
2026-09-23T01:54:29.4604269Z ##[start-action display=Set $CARGO_HOME;id=__dtolnay_rust-toolchain.__run]
2026-09-23T01:54:29.4663372Z ##[group]Run echo CARGO_HOME=${CARGO_HOME:-"$HOME/.cargo"} >> $GITHUB_ENV
2026-09-23T01:54:29.4663879Z [36;1mecho CARGO_HOME=${CARGO_HOME:-"$HOME/.cargo"} >> $GITHUB_ENV[0m
2026-09-23T01:54:29.4727977Z shell: /usr/bin/bash --noprofile --norc -e -o pipefail {0}
2026-09-23T01:54:29.4728342Z ##[endgroup]
2026-09-23T01:54:29.4819452Z ##[end-action id=__dtolnay_rust-toolchain.__run;outcome=success;conclusion=success;duration_ms=21]
2026-09-23T01:54:29.4822106Z ##[start-action display=Install rustup if needed;id=__dtolnay_rust-toolchain.__run_2]
2026-09-23T01:54:29.4854581Z ##[group]Run if ! command -v rustup &>/dev/null; then
2026-09-23T01:54:29.4854987Z [36;1mif ! command -v rustup &>/dev/null; then[0m
2026-09-23T01:54:29.4855767Z [36;1m  curl --proto '=https' --tlsv1.2 --retry 10 --retry-connrefused --location --silent --show-error --fail https://sh.rustup.rs | sh -s -- --default-toolchain none -y[0m
2026-09-23T01:54:29.4856546Z [36;1m  echo "$CARGO_HOME/bin" >> $GITHUB_PATH[0m
2026-09-23T01:54:29.4856838Z [36;1mfi[0m
2026-09-23T01:54:29.4917835Z shell: /usr/bin/bash --noprofile --norc -e -o pipefail {0}
2026-09-23T01:54:29.4918203Z env:
2026-09-23T01:54:29.4918414Z   CARGO_HOME: <hosted-user-root>/.cargo
2026-09-23T01:54:29.4918673Z ##[endgroup]
2026-09-23T01:54:29.5005000Z ##[end-action id=__dtolnay_rust-toolchain.__run_2;outcome=success;conclusion=success;duration_ms=18]
2026-09-23T01:54:29.5007369Z ##[start-action display=Install rustup if needed on windows;id=__dtolnay_rust-toolchain.__run_3]
2026-09-23T01:54:29.5015163Z ##[end-action id=__dtolnay_rust-toolchain.__run_3;outcome=skipped;conclusion=skipped;duration_ms=0]
2026-09-23T01:54:29.5019745Z ##[start-action display=rustup toolchain install 1.98.1;id=__dtolnay_rust-toolchain.__run_4]
2026-09-23T01:54:29.5048185Z ##[group]Run rustup toolchain install 1.98.1 --profile minimal --no-self-update
2026-09-23T01:54:29.5048763Z [36;1mrustup toolchain install 1.98.1 --profile minimal --no-self-update[0m
2026-09-23T01:54:29.5109816Z shell: /usr/bin/bash --noprofile --norc -e -o pipefail {0}
2026-09-23T01:54:29.5110542Z env:
2026-09-23T01:54:29.5110779Z   CARGO_HOME: <hosted-user-root>/.cargo
2026-09-23T01:54:29.5111071Z   RUSTUP_PERMIT_COPY_RENAME: 1
2026-09-23T01:54:29.5111351Z ##[endgroup]
2026-09-23T01:54:29.5766316Z info: syncing channel updates for 1.98.1-x86_64-unknown-linux-gnu
2026-09-23T01:54:29.7542971Z info: latest update on 2026-09-03 for version 1.98.1 (48a229cea 2026-09-01)
2026-09-23T01:54:37.1994768Z info: downloading 3 components
2026-09-23T01:54:37.1995090Z
2026-09-23T01:54:37.2062759Z   1.98.1-x86_64-unknown-linux-gnu installed - rustc 1.98.1 (48a229cea 2026-09-01)
2026-09-23T01:54:37.2063838Z
2026-09-23T01:54:37.2108118Z ##[end-action id=__dtolnay_rust-toolchain.__run_4;outcome=success;conclusion=success;duration_ms=7708]
2026-09-23T01:54:37.2115665Z ##[start-action display=rustup default 1.98.1;id=__dtolnay_rust-toolchain.__run_5]
2026-09-23T01:54:37.2143583Z ##[group]Run rustup default 1.98.1
2026-09-23T01:54:37.2143892Z [36;1mrustup default 1.98.1[0m
2026-09-23T01:54:37.2208177Z shell: /usr/bin/bash --noprofile --norc -e -o pipefail {0}
2026-09-23T01:54:37.2208533Z env:
2026-09-23T01:54:37.2208745Z   CARGO_HOME: <hosted-user-root>/.cargo
2026-09-23T01:54:37.2209021Z ##[endgroup]
2026-09-23T01:54:37.2337270Z info: using existing install for 1.98.1-x86_64-unknown-linux-gnu
2026-09-23T01:54:37.2346446Z info: default toolchain set to 1.98.1-x86_64-unknown-linux-gnu
2026-09-23T01:54:37.2346956Z
2026-09-23T01:54:37.2413581Z   1.98.1-x86_64-unknown-linux-gnu unchanged - rustc 1.98.1 (48a229cea 2026-09-01)
2026-09-23T01:54:37.2414232Z
2026-09-23T01:54:37.2416772Z info: note that the toolchain '1.98.1-x86_64-unknown-linux-gnu' is currently in use (overridden by '<hosted-user-root>/work/ecorp/ecorp/rust-toolchain.toml')
2026-09-23T01:54:37.2431258Z ##[end-action id=__dtolnay_rust-toolchain.__run_5;outcome=success;conclusion=success;duration_ms=31]
2026-09-23T01:54:37.2433923Z ##[start-action display=Create cachekey;id=__dtolnay_rust-toolchain.rustc-version]
2026-09-23T01:54:37.2460883Z ##[group]Run DATE=$(rustc +1.98.1 --version --verbose | sed -ne 's/^commit-date: \(20[0-9][0-9]\)-\([01][0-9]\)-\([0-3][0-9]\)$/\1\2\3/p')
2026-09-23T01:54:37.2461759Z [36;1mDATE=$(rustc +1.98.1 --version --verbose | sed -ne 's/^commit-date: \(20[0-9][0-9]\)-\([01][0-9]\)-\([0-3][0-9]\)$/\1\2\3/p')[0m
2026-09-23T01:54:37.2462411Z [36;1mHASH=$(rustc +1.98.1 --version --verbose | sed -ne 's/^commit-hash: //p')[0m
2026-09-23T01:54:37.2462921Z [36;1mecho "cachekey=$(echo $DATE$HASH | head -c12)" >> $GITHUB_OUTPUT[0m
2026-09-23T01:54:37.2528278Z shell: /usr/bin/bash --noprofile --norc -e -o pipefail {0}
2026-09-23T01:54:37.2528662Z env:
2026-09-23T01:54:37.2528884Z   CARGO_HOME: <hosted-user-root>/.cargo
2026-09-23T01:54:37.2529164Z ##[endgroup]
2026-09-23T01:54:37.2871147Z ##[end-action id=__dtolnay_rust-toolchain.rustc-version;outcome=success;conclusion=success;duration_ms=43]
2026-09-23T01:54:37.2873901Z ##[start-action display=Disable incremental compilation;id=__dtolnay_rust-toolchain.__run_6]
2026-09-23T01:54:37.2898577Z ##[group]Run if [ -z "${CARGO_INCREMENTAL+set}" ]; then
2026-09-23T01:54:37.2898968Z [36;1mif [ -z "${CARGO_INCREMENTAL+set}" ]; then[0m
2026-09-23T01:54:37.2899297Z [36;1m  echo CARGO_INCREMENTAL=0 >> $GITHUB_ENV[0m
2026-09-23T01:54:37.2899581Z [36;1mfi[0m
2026-09-23T01:54:37.2966936Z shell: /usr/bin/bash --noprofile --norc -e -o pipefail {0}
2026-09-23T01:54:37.2967300Z env:
2026-09-23T01:54:37.2967515Z   CARGO_HOME: <hosted-user-root>/.cargo
2026-09-23T01:54:37.2967776Z ##[endgroup]
2026-09-23T01:54:37.3058588Z ##[end-action id=__dtolnay_rust-toolchain.__run_6;outcome=success;conclusion=success;duration_ms=18]
2026-09-23T01:54:37.3061140Z ##[start-action display=Enable colors in Cargo output;id=__dtolnay_rust-toolchain.__run_7]
2026-09-23T01:54:37.3087290Z ##[group]Run if [ -z "${CARGO_TERM_COLOR+set}" ]; then
2026-09-23T01:54:37.3087679Z [36;1mif [ -z "${CARGO_TERM_COLOR+set}" ]; then[0m
2026-09-23T01:54:37.3088031Z [36;1m  echo CARGO_TERM_COLOR=always >> $GITHUB_ENV[0m
2026-09-23T01:54:37.3088330Z [36;1mfi[0m
2026-09-23T01:54:37.3148833Z shell: /usr/bin/bash --noprofile --norc -e -o pipefail {0}
2026-09-23T01:54:37.3149181Z env:
2026-09-23T01:54:37.3149389Z   CARGO_HOME: <hosted-user-root>/.cargo
2026-09-23T01:54:37.3149657Z   CARGO_INCREMENTAL: 0
2026-09-23T01:54:37.3149882Z ##[endgroup]
2026-09-23T01:54:37.3235588Z ##[end-action id=__dtolnay_rust-toolchain.__run_7;outcome=success;conclusion=success;duration_ms=17]
2026-09-23T01:54:37.3237735Z ##[start-action display=Enable Cargo sparse registry;id=__dtolnay_rust-toolchain.__run_8]
2026-09-23T01:54:37.3262403Z ##[group]Run # implemented in 1.66, stabilized in 1.68, made default in 1.70
2026-09-23T01:54:37.3263107Z [36;1m# implemented in 1.66, stabilized in 1.68, made default in 1.70[0m
2026-09-23T01:54:37.3263834Z [36;1mif [ -z "${CARGO_REGISTRIES_CRATES_IO_PROTOCOL+set}" -o -f "<hosted-user-root>/work/_temp"/.implicit_cargo_registries_crates_io_protocol ]; then[0m
2026-09-23T01:54:37.3264572Z [36;1m  if rustc +1.98.1 --version --verbose | grep -q '^release: 1\.6[89]\.'; then[0m
2026-09-23T01:54:37.3265154Z [36;1m    touch "<hosted-user-root>/work/_temp"/.implicit_cargo_registries_crates_io_protocol || true[0m
2026-09-23T01:54:37.3265718Z [36;1m    echo CARGO_REGISTRIES_CRATES_IO_PROTOCOL=sparse >> $GITHUB_ENV[0m
2026-09-23T01:54:37.3266216Z [36;1m  elif rustc +1.98.1 --version --verbose | grep -q '^release: 1\.6[67]\.'; then[0m
2026-09-23T01:54:37.3266784Z [36;1m    touch "<hosted-user-root>/work/_temp"/.implicit_cargo_registries_crates_io_protocol || true[0m
2026-09-23T01:54:37.3267321Z [36;1m    echo CARGO_REGISTRIES_CRATES_IO_PROTOCOL=git >> $GITHUB_ENV[0m
2026-09-23T01:54:37.3267684Z [36;1m  fi[0m
2026-09-23T01:54:37.3267885Z [36;1mfi[0m
2026-09-23T01:54:37.3328079Z shell: /usr/bin/bash --noprofile --norc -e -o pipefail {0}
2026-09-23T01:54:37.3328422Z env:
2026-09-23T01:54:37.3328631Z   CARGO_HOME: <hosted-user-root>/.cargo
2026-09-23T01:54:37.3328891Z   CARGO_INCREMENTAL: 0
2026-09-23T01:54:37.3329123Z   CARGO_TERM_COLOR: always
2026-09-23T01:54:37.3329350Z ##[endgroup]
2026-09-23T01:54:37.3641740Z ##[end-action id=__dtolnay_rust-toolchain.__run_8;outcome=success;conclusion=success;duration_ms=40]
2026-09-23T01:54:37.3645118Z ##[start-action display=Work around spurious network errors in curl 8.0;id=__dtolnay_rust-toolchain.__run_9]
2026-09-23T01:54:37.3695677Z ##[group]Run # https://rust-lang.zulipchat.com/#narrow/stream/246057-t-cargo/topic/timeout.20investigation
2026-09-23T01:54:37.3696633Z [36;1m# https://rust-lang.zulipchat.com/#narrow/stream/246057-t-cargo/topic/timeout.20investigation[0m
2026-09-23T01:54:37.3697278Z [36;1mif rustc +1.98.1 --version --verbose | grep -q '^release: 1\.7[01]\.'; then[0m
2026-09-23T01:54:37.3697761Z [36;1m  echo CARGO_HTTP_MULTIPLEXING=false >> $GITHUB_ENV[0m
2026-09-23T01:54:37.3698086Z [36;1mfi[0m
2026-09-23T01:54:37.3765831Z shell: /usr/bin/bash --noprofile --norc -e -o pipefail {0}
2026-09-23T01:54:37.3766186Z env:
2026-09-23T01:54:37.3766426Z   CARGO_HOME: <hosted-user-root>/.cargo
2026-09-23T01:54:37.3766694Z   CARGO_INCREMENTAL: 0
2026-09-23T01:54:37.3766928Z   CARGO_TERM_COLOR: always
2026-09-23T01:54:37.3767162Z ##[endgroup]
2026-09-23T01:54:37.3971463Z ##[end-action id=__dtolnay_rust-toolchain.__run_9;outcome=success;conclusion=success;duration_ms=32]
2026-09-23T01:54:37.3975794Z ##[start-action display=rustc +1.98.1 --version --verbose;id=__dtolnay_rust-toolchain.__run_10]
2026-09-23T01:54:37.4002154Z ##[group]Run rustc +1.98.1 --version --verbose
2026-09-23T01:54:37.4002521Z [36;1mrustc +1.98.1 --version --verbose[0m
2026-09-23T01:54:37.4088723Z shell: /usr/bin/bash --noprofile --norc -e -o pipefail {0}
2026-09-23T01:54:37.4089422Z env:
2026-09-23T01:54:37.4089807Z   CARGO_HOME: <hosted-user-root>/.cargo
2026-09-23T01:54:37.4090561Z   CARGO_INCREMENTAL: 0
2026-09-23T01:54:37.4090985Z   CARGO_TERM_COLOR: always
2026-09-23T01:54:37.4091420Z ##[endgroup]
2026-09-23T01:54:37.4315745Z rustc 1.98.1 (48a229cea 2026-09-01)
2026-09-23T01:54:37.4316961Z binary: rustc
2026-09-23T01:54:37.4317490Z commit-hash: 48a229ceaefd4985c50990b14116b6d856af0985
2026-09-23T01:54:37.4318091Z commit-date: 2026-09-01
2026-09-23T01:54:37.4318427Z host: x86_64-unknown-linux-gnu
2026-09-23T01:54:37.4318687Z release: 1.98.1
2026-09-23T01:54:37.4318905Z LLVM version: 22.1.8
2026-09-23T01:54:37.4334581Z ##[end-action id=__dtolnay_rust-toolchain.__run_10;outcome=success;conclusion=success;duration_ms=35]
2026-09-23T01:54:37.4442155Z ##[group]Run actions/setup-node@820762786026740c76f36085b0efc47a31fe5020
2026-09-23T01:54:37.4442571Z with:
2026-09-23T01:54:37.4442794Z   node-version-file: .node-version
2026-09-23T01:54:37.4443064Z   check-latest: false
2026-09-23T01:54:37.4445684Z   token: ***
2026-09-23T01:54:37.4445915Z   package-manager-cache: true
2026-09-23T01:54:37.4446166Z env:
2026-09-23T01:54:37.4446382Z   CARGO_HOME: <hosted-user-root>/.cargo
2026-09-23T01:54:37.4446645Z   CARGO_INCREMENTAL: 0
2026-09-23T01:54:37.4446873Z   CARGO_TERM_COLOR: always
2026-09-23T01:54:37.4447107Z ##[endgroup]
2026-09-23T01:54:37.5650330Z Node version file is not JSON file
2026-09-23T01:54:37.5652073Z Resolved .node-version as 24.19.0
2026-09-23T01:54:37.5674095Z Attempting to download 24.19.0...
2026-09-23T01:54:38.0463479Z Acquiring 24.19.0 - x64 from https://github.com/actions/node-versions/releases/download/24.19.0-30872449280/node-24.19.0-linux-x64.tar.gz
2026-09-23T01:54:38.7913050Z Extracting ...
2026-09-23T01:54:38.8043060Z [command]/usr/bin/tar xz --strip 1 --warning=no-unknown-keyword --overwrite -C <hosted-user-root>/work/_temp/b87cb4a7-1057-498f-bd43-44629391ad41 -f <hosted-user-root>/work/_temp/7b1cfbc4-f7b2-4aa3-97c4-d46ed0363c6b
2026-09-23T01:54:40.0467984Z Adding to the cache ...
2026-09-23T01:54:41.9621821Z ##[group]Environment details
2026-09-23T01:54:42.1944987Z node: v24.19.0
2026-09-23T01:54:42.1945404Z npm: 11.17.0
2026-09-23T01:54:42.1945709Z yarn: 1.22.22
2026-09-23T01:54:42.1946173Z ##[endgroup]
2026-09-23T01:54:42.2139218Z ##[group]Run Swatinem/rust-cache@6323deb102c322ba6fcbdcafc7e3dddab59af2b6
2026-09-23T01:54:42.2139634Z with:
2026-09-23T01:54:42.2139836Z   prefix-key: v0-rust
2026-09-23T01:54:42.2140308Z   add-job-id-key: true
2026-09-23T01:54:42.2140566Z   add-rust-environment-hash-key: true
2026-09-23T01:54:42.2140833Z   cache-targets: true
2026-09-23T01:54:42.2141050Z   cache-all-crates: false
2026-09-23T01:54:42.2141290Z   cache-workspace-crates: false
2026-09-23T01:54:42.2141538Z   save-if: true
2026-09-23T01:54:42.2141749Z   cache-provider: github
2026-09-23T01:54:42.2141994Z   cache-bin: true
2026-09-23T01:54:42.2142204Z   lookup-only: false
2026-09-23T01:54:42.2142413Z   cmd-format: {0}
2026-09-23T01:54:42.2142602Z env:
2026-09-23T01:54:42.2142795Z   CARGO_HOME: <hosted-user-root>/.cargo
2026-09-23T01:54:42.2143082Z   CARGO_INCREMENTAL: 0
2026-09-23T01:54:42.2143306Z   CARGO_TERM_COLOR: always
2026-09-23T01:54:42.2143536Z ##[endgroup]
2026-09-23T01:54:43.6659472Z ##[group]Cache Configuration
2026-09-23T01:54:43.6668274Z Cache Provider:
2026-09-23T01:54:43.6668714Z     github
2026-09-23T01:54:43.6669080Z Workspaces:
2026-09-23T01:54:43.6669512Z     <hosted-user-root>/work/ecorp/ecorp
2026-09-23T01:54:43.6669990Z Cache Paths:
2026-09-23T01:54:43.6670791Z     <hosted-user-root>/.cargo/bin
2026-09-23T01:54:43.6671332Z     <hosted-user-root>/.cargo/.crates.toml
2026-09-23T01:54:43.6671921Z     <hosted-user-root>/.cargo/.crates2.json
2026-09-23T01:54:43.6672478Z     <hosted-user-root>/.cargo/registry
2026-09-23T01:54:43.6672970Z     <hosted-user-root>/.cargo/git
2026-09-23T01:54:43.6673495Z     <hosted-user-root>/work/ecorp/ecorp/target
2026-09-23T01:54:43.6674020Z Restore Key:
2026-09-23T01:54:43.6674546Z     v0-rust-runner-platforms-Linux-x64-6ff13d87
2026-09-23T01:54:43.6675126Z Cache Key:
2026-09-23T01:54:43.6675715Z     v0-rust-runner-platforms-Linux-x64-6ff13d87-ad654043
2026-09-23T01:54:43.6676342Z .. Prefix:
2026-09-23T01:54:43.6676803Z   - v0-rust-runner-platforms-Linux-x64
2026-09-23T01:54:43.6677400Z .. Environment considered:
2026-09-23T01:54:43.6677834Z   - Rust Versions:
2026-09-23T01:54:43.6678502Z     - 1.98.1 x86_64-unknown-linux-gnu 48a229ceaefd4985c50990b14116b6d856af0985
2026-09-23T01:54:43.6679211Z   - CARGO_HOME
2026-09-23T01:54:43.6679582Z   - CARGO_INCREMENTAL
2026-09-23T01:54:43.6679976Z   - CARGO_TERM_COLOR
2026-09-23T01:54:43.6681013Z .. Lockfiles considered:
2026-09-23T01:54:43.6681546Z   - <hosted-user-root>/work/ecorp/ecorp/Cargo.lock
2026-09-23T01:54:43.6682267Z   - <hosted-user-root>/work/ecorp/ecorp/crates/crony-cli/Cargo.toml
2026-09-23T01:54:43.6683152Z   - <hosted-user-root>/work/ecorp/ecorp/crates/crony-domain/Cargo.toml
2026-09-23T01:54:43.6684014Z   - <hosted-user-root>/work/ecorp/ecorp/crates/crony-gateways/Cargo.toml
2026-09-23T01:54:43.6684892Z   - <hosted-user-root>/work/ecorp/ecorp/crates/crony-protocol/Cargo.toml
2026-09-23T01:54:43.6686099Z   - <hosted-user-root>/work/ecorp/ecorp/crates/crony-runner/Cargo.toml
2026-09-23T01:54:43.6686945Z   - <hosted-user-root>/work/ecorp/ecorp/crates/crony-server/Cargo.toml
2026-09-23T01:54:43.6687793Z   - <hosted-user-root>/work/ecorp/ecorp/crates/crony-store/Cargo.toml
2026-09-23T01:54:43.6688582Z   - <hosted-user-root>/work/ecorp/ecorp/rust-toolchain.toml
2026-09-23T01:54:43.6689426Z ##[endgroup]
2026-09-23T01:54:43.6689638Z
2026-09-23T01:54:43.6689838Z ... Restoring cache ...
2026-09-23T01:54:43.7425217Z Cache hit for: v0-rust-runner-platforms-Linux-x64-6ff13d87-ad654043
2026-09-23T01:54:44.7798613Z Received 213909504 of 1302316431 (16.4%), 203.0 MBs/sec
2026-09-23T01:54:45.7823145Z Received 478150656 of 1302316431 (36.7%), 227.1 MBs/sec
2026-09-23T01:54:46.7834398Z Received 734003200 of 1302316431 (56.4%), 232.6 MBs/sec
2026-09-23T01:54:47.7892055Z Received 960495616 of 1302316431 (73.8%), 228.3 MBs/sec
2026-09-23T01:54:48.7878549Z Received 1207959552 of 1302316431 (92.8%), 229.8 MBs/sec
2026-09-23T01:54:49.1598813Z Received 1302316431 of 1302316431 (100.0%), 230.6 MBs/sec
2026-09-23T01:54:49.1599925Z Cache Size: ~1242 MB (1302316431 B)
2026-09-23T01:54:49.1709530Z [command]/usr/bin/tar -xf <hosted-user-root>/work/_temp/271050e9-1ea6-4a18-97b8-cfcdfb730e01/cache.tzst -P -C <hosted-user-root>/work/ecorp/ecorp --use-compress-program unzstd
2026-09-23T01:54:53.6483902Z Cache restored successfully
2026-09-23T01:54:53.7041616Z Restored from cache key "v0-rust-runner-platforms-Linux-x64-6ff13d87-ad654043" full match: true.
2026-09-23T01:54:53.7278241Z ##[group]Run python -m unittest discover -s tools -p test_public_evidence_verifier.py
2026-09-23T01:54:53.7278913Z [36;1mpython -m unittest discover -s tools -p test_public_evidence_verifier.py[0m
2026-09-23T01:54:53.7303767Z shell: /usr/bin/pwsh -command ". '{0}'"
2026-09-23T01:54:53.7304059Z env:
2026-09-23T01:54:53.7304272Z   CARGO_HOME: <hosted-user-root>/.cargo
2026-09-23T01:54:53.7304535Z   CARGO_INCREMENTAL: 0
2026-09-23T01:54:53.7304766Z   CARGO_TERM_COLOR: always
2026-09-23T01:54:53.7305012Z   CACHE_ON_FAILURE: false
2026-09-23T01:54:53.7305246Z ##[endgroup]
2026-09-23T01:55:04.5901899Z ...F..F.......FE...F.FF..
2026-09-23T01:55:04.5902708Z ======================================================================
2026-09-23T01:55:04.5904687Z ERROR: test_intact_copy_under_linked_temporary_parent_is_accepted (test_public_evidence_verifier.PublicEvidenceVerifierTests.test_intact_copy_under_linked_temporary_parent_is_accepted)
2026-09-23T01:55:04.5906323Z ----------------------------------------------------------------------
2026-09-23T01:55:04.5906781Z Traceback (most recent call last):
2026-09-23T01:55:04.5907557Z   File "<hosted-user-root>/work/ecorp/ecorp/tools/test_public_evidence_verifier.py", line 251, in test_intact_copy_under_linked_temporary_parent_is_accepted
2026-09-23T01:55:04.5908288Z     with self.packet_copy() as base:
2026-09-23T01:55:04.5908702Z   File "/usr/lib/python3.12/contextlib.py", line 137, in __enter__
2026-09-23T01:55:04.5909083Z     return next(self.gen)
2026-09-23T01:55:04.5909342Z            ^^^^^^^^^^^^^^
2026-09-23T01:55:04.5909876Z   File "<hosted-user-root>/work/ecorp/ecorp/tools/test_public_evidence_verifier.py", line 67, in packet_copy
2026-09-23T01:55:04.5910819Z     shutil.copytree(EVIDENCE / packet, base / packet)
2026-09-23T01:55:04.5911296Z   File "/usr/lib/python3.12/unittest/mock.py", line 1134, in __call__
2026-09-23T01:55:04.5911722Z     return self._mock_call(*args, **kwargs)
2026-09-23T01:55:04.5912051Z            ^^^^^^^^^^^^^^^^^^^^^^^^^^^^^^^^
2026-09-23T01:55:04.5912469Z   File "/usr/lib/python3.12/unittest/mock.py", line 1138, in _mock_call
2026-09-23T01:55:04.5912917Z     return self._execute_mock_call(*args, **kwargs)
2026-09-23T01:55:04.5913274Z            ^^^^^^^^^^^^^^^^^^^^^^^^^^^^^^^^^^^^^^^^
2026-09-23T01:55:04.5913732Z   File "/usr/lib/python3.12/unittest/mock.py", line 1199, in _execute_mock_call
2026-09-23T01:55:04.5914257Z     result = effect(*args, **kwargs)
2026-09-23T01:55:04.5914558Z              ^^^^^^^^^^^^^^^^^^^^^^^
2026-09-23T01:55:04.5915439Z   File "<hosted-user-root>/work/ecorp/ecorp/tools/test_public_evidence_verifier.py", line 242, in copy_to_canonical_root
2026-09-23T01:55:04.5916019Z     return copytree(source, destination)
2026-09-23T01:55:04.5916332Z            ^^^^^^^^^^^^^^^^^^^^^^^^^^^^^
2026-09-23T01:55:04.5916697Z   File "/usr/lib/python3.12/shutil.py", line 600, in copytree
2026-09-23T01:55:04.5917185Z     return _copytree(entries=entries, src=src, dst=dst, symlinks=symlinks,
2026-09-23T01:55:04.5917648Z            ^^^^^^^^^^^^^^^^^^^^^^^^^^^^^^^^^^^^^^^^^^^^^^^^^^^^^^^^^^^^^^^
2026-09-23T01:55:04.5918055Z   File "/usr/lib/python3.12/shutil.py", line 536, in _copytree
2026-09-23T01:55:04.5918496Z     copytree(srcobj, dstname, symlinks, ignore, copy_function,
2026-09-23T01:55:04.5918966Z   File "/usr/lib/python3.12/unittest/mock.py", line 1134, in __call__
2026-09-23T01:55:04.5919369Z     return self._mock_call(*args, **kwargs)
2026-09-23T01:55:04.5919676Z            ^^^^^^^^^^^^^^^^^^^^^^^^^^^^^^^^
2026-09-23T01:55:04.5920333Z   File "/usr/lib/python3.12/unittest/mock.py", line 1138, in _mock_call
2026-09-23T01:55:04.5921168Z     return self._execute_mock_call(*args, **kwargs)
2026-09-23T01:55:04.5921779Z            ^^^^^^^^^^^^^^^^^^^^^^^^^^^^^^^^^^^^^^^^
2026-09-23T01:55:04.5922292Z   File "/usr/lib/python3.12/unittest/mock.py", line 1199, in _execute_mock_call
2026-09-23T01:55:04.5922728Z     result = effect(*args, **kwargs)
2026-09-23T01:55:04.5923023Z              ^^^^^^^^^^^^^^^^^^^^^^^
2026-09-23T01:55:04.5924258Z TypeError: PublicEvidenceVerifierTests.test_intact_copy_under_linked_temporary_parent_is_accepted.<locals>.copy_to_canonical_root() takes 2 positional arguments but 7 were given
2026-09-23T01:55:04.5924949Z
2026-09-23T01:55:04.5925154Z ======================================================================
2026-09-23T01:55:04.5926170Z FAIL: test_compressed_archive_file_is_capped_before_zip_parsing (test_public_evidence_verifier.PublicEvidenceVerifierTests.test_compressed_archive_file_is_capped_before_zip_parsing)
2026-09-23T01:55:04.5927098Z ----------------------------------------------------------------------
2026-09-23T01:55:04.5927627Z AssertionError: ('non-regular evidence entry', '__pycache__')
2026-09-23T01:55:04.5927893Z
2026-09-23T01:55:04.5928164Z During handling of the above exception, another exception occurred:
2026-09-23T01:55:04.5928440Z
2026-09-23T01:55:04.5928596Z Traceback (most recent call last):
2026-09-23T01:55:04.5929313Z   File "<hosted-user-root>/work/ecorp/ecorp/tools/test_public_evidence_verifier.py", line 211, in test_compressed_archive_file_is_capped_before_zip_parsing
2026-09-23T01:55:04.5930407Z     with self.assertRaisesRegex(AssertionError, "evidence file exceeds byte limit"):
2026-09-23T01:55:04.5931246Z AssertionError: "evidence file exceeds byte limit" does not match "('non-regular evidence entry', '__pycache__')"
2026-09-23T01:55:04.5931675Z
2026-09-23T01:55:04.5931864Z ======================================================================
2026-09-23T01:55:04.5932805Z FAIL: test_duplicate_archive_manifest_rows_are_rejected (test_public_evidence_verifier.PublicEvidenceVerifierTests.test_duplicate_archive_manifest_rows_are_rejected)
2026-09-23T01:55:04.5933666Z ----------------------------------------------------------------------
2026-09-23T01:55:04.5934049Z Traceback (most recent call last):
2026-09-23T01:55:04.5934741Z   File "<hosted-user-root>/work/ecorp/ecorp/tools/test_public_evidence_verifier.py", line 225, in test_duplicate_archive_manifest_rows_are_rejected
2026-09-23T01:55:04.5935447Z     self.assert_refused(base, "duplicate archive path")
2026-09-23T01:55:04.5936058Z   File "<hosted-user-root>/work/ecorp/ecorp/tools/test_public_evidence_verifier.py", line 74, in assert_refused
2026-09-23T01:55:04.5936632Z     self.assertIn(message, result.stderr)
2026-09-23T01:55:04.5940284Z AssertionError: 'duplicate archive path' not found in 'Traceback (most recent call last):\n  File "/tmp/ecorp-public-evidence-test-r4ml0vo2/evidence/pr362-combined-20260921/verify_public.py", line 212, in <module>\n    verify(Path(__file__).absolute().parent.parent, args.source)\n  File "/tmp/ecorp-public-evidence-test-r4ml0vo2/evidence/pr362-combined-20260921/verify_public.py", line 138, in verify\n    regular_file(directory, entry.name)\n  File "/tmp/ecorp-public-evidence-test-r4ml0vo2/evidence/pr362-combined-20260921/verify_public.py", line 59, in regular_file\n    assert stat.S_ISREG(info.st_mode), (\'non-regular evidence entry\', str(relative))\n           ^^^^^^^^^^^^^^^^^^^^^^^^^^\nAssertionError: (\'non-regular evidence entry\', \'__pycache__\')\n'
2026-09-23T01:55:04.5943071Z
2026-09-23T01:55:04.5943279Z ======================================================================
2026-09-23T01:55:04.5944223Z FAIL: test_image_path_cannot_escape_manifest_inventory (test_public_evidence_verifier.PublicEvidenceVerifierTests.test_image_path_cannot_escape_manifest_inventory)
2026-09-23T01:55:04.5945090Z ----------------------------------------------------------------------
2026-09-23T01:55:04.5945479Z Traceback (most recent call last):
2026-09-23T01:55:04.5946170Z   File "<hosted-user-root>/work/ecorp/ecorp/tools/test_public_evidence_verifier.py", line 337, in test_image_path_cannot_escape_manifest_inventory
2026-09-23T01:55:04.5946865Z     self.assert_refused(base, "unsafe packet filename")
2026-09-23T01:55:04.5947482Z   File "<hosted-user-root>/work/ecorp/ecorp/tools/test_public_evidence_verifier.py", line 74, in assert_refused
2026-09-23T01:55:04.5948024Z     self.assertIn(message, result.stderr)
2026-09-23T01:55:04.5951890Z AssertionError: 'unsafe packet filename' not found in 'Traceback (most recent call last):\n  File "/tmp/ecorp-public-evidence-test-l7hre6t0/evidence/pr362-combined-20260921/verify_public.py", line 212, in <module>\n    verify(Path(__file__).absolute().parent.parent, args.source)\n  File "/tmp/ecorp-public-evidence-test-l7hre6t0/evidence/pr362-combined-20260921/verify_public.py", line 138, in verify\n    regular_file(directory, entry.name)\n  File "/tmp/ecorp-public-evidence-test-l7hre6t0/evidence/pr362-combined-20260921/verify_public.py", line 59, in regular_file\n    assert stat.S_ISREG(info.st_mode), (\'non-regular evidence entry\', str(relative))\n           ^^^^^^^^^^^^^^^^^^^^^^^^^^\nAssertionError: (\'non-regular evidence entry\', \'__pycache__\')\n'
2026-09-23T01:55:04.5954442Z
2026-09-23T01:55:04.5954640Z ======================================================================
2026-09-23T01:55:04.5955559Z FAIL: test_normal_interpreter_accepts_intact_packet (test_public_evidence_verifier.PublicEvidenceVerifierTests.test_normal_interpreter_accepts_intact_packet)
2026-09-23T01:55:04.5956399Z ----------------------------------------------------------------------
2026-09-23T01:55:04.5956789Z Traceback (most recent call last):
2026-09-23T01:55:04.5957468Z   File "<hosted-user-root>/work/ecorp/ecorp/tools/test_public_evidence_verifier.py", line 116, in test_normal_interpreter_accepts_intact_packet
2026-09-23T01:55:04.5958172Z     self.assertEqual(result.returncode, 0, result.stderr)
2026-09-23T01:55:04.5958645Z AssertionError: 1 != 0 : Traceback (most recent call last):
2026-09-23T01:55:04.5959324Z   File "<hosted-user-root>/work/ecorp/ecorp/docs/evidence/pr362-combined-20260921/verify_public.py", line 212, in <module>
2026-09-23T01:55:04.5959992Z     verify(Path(__file__).absolute().parent.parent, args.source)
2026-09-23T01:55:04.5960922Z   File "<hosted-user-root>/work/ecorp/ecorp/docs/evidence/pr362-combined-20260921/verify_public.py", line 138, in verify
2026-09-23T01:55:04.5961511Z     regular_file(directory, entry.name)
2026-09-23T01:55:04.5962135Z   File "<hosted-user-root>/work/ecorp/ecorp/docs/evidence/pr362-combined-20260921/verify_public.py", line 59, in regular_file
2026-09-23T01:55:04.5962865Z     assert stat.S_ISREG(info.st_mode), ('non-regular evidence entry', str(relative))
2026-09-23T01:55:04.5963295Z            ^^^^^^^^^^^^^^^^^^^^^^^^^^
2026-09-23T01:55:04.5963710Z AssertionError: ('non-regular evidence entry', '__pycache__')
2026-09-23T01:55:04.5963976Z
2026-09-23T01:55:04.5963982Z
2026-09-23T01:55:04.5964194Z ======================================================================
2026-09-23T01:55:04.5965355Z FAIL: test_oversized_zip_member_is_refused_before_decompression (test_public_evidence_verifier.PublicEvidenceVerifierTests.test_oversized_zip_member_is_refused_before_decompression)
2026-09-23T01:55:04.5966266Z ----------------------------------------------------------------------
2026-09-23T01:55:04.5966752Z AssertionError: ('non-regular evidence entry', '__pycache__')
2026-09-23T01:55:04.5967007Z
2026-09-23T01:55:04.5967279Z During handling of the above exception, another exception occurred:
2026-09-23T01:55:04.5967560Z
2026-09-23T01:55:04.5967706Z Traceback (most recent call last):
2026-09-23T01:55:04.5968416Z   File "<hosted-user-root>/work/ecorp/ecorp/tools/test_public_evidence_verifier.py", line 219, in test_oversized_zip_member_is_refused_before_decompression
2026-09-23T01:55:04.5969247Z     with self.assertRaisesRegex(AssertionError, "archive member exceeds byte limit"):
2026-09-23T01:55:04.5970242Z AssertionError: "archive member exceeds byte limit" does not match "('non-regular evidence entry', '__pycache__')"
2026-09-23T01:55:04.5970783Z
2026-09-23T01:55:04.5970985Z ======================================================================
2026-09-23T01:55:04.5971938Z FAIL: test_readme_link_cannot_escape_the_verified_packets (test_public_evidence_verifier.PublicEvidenceVerifierTests.test_readme_link_cannot_escape_the_verified_packets)
2026-09-23T01:55:04.5972955Z ----------------------------------------------------------------------
2026-09-23T01:55:04.5973360Z Traceback (most recent call last):
2026-09-23T01:55:04.5974040Z   File "<hosted-user-root>/work/ecorp/ecorp/tools/test_public_evidence_verifier.py", line 359, in test_readme_link_cannot_escape_the_verified_packets
2026-09-23T01:55:04.5974760Z     self.assert_refused(base, "unsafe README evidence link")
2026-09-23T01:55:04.5975370Z   File "<hosted-user-root>/work/ecorp/ecorp/tools/test_public_evidence_verifier.py", line 74, in assert_refused
2026-09-23T01:55:04.5975917Z     self.assertIn(message, result.stderr)
2026-09-23T01:55:04.5979349Z AssertionError: 'unsafe README evidence link' not found in 'Traceback (most recent call last):\n  File "/tmp/ecorp-public-evidence-test-oqiddhly/evidence/pr362-combined-20260921/verify_public.py", line 212, in <module>\n    verify(Path(__file__).absolute().parent.parent, args.source)\n  File "/tmp/ecorp-public-evidence-test-oqiddhly/evidence/pr362-combined-20260921/verify_public.py", line 138, in verify\n    regular_file(directory, entry.name)\n  File "/tmp/ecorp-public-evidence-test-oqiddhly/evidence/pr362-combined-20260921/verify_public.py", line 59, in regular_file\n    assert stat.S_ISREG(info.st_mode), (\'non-regular evidence entry\', str(relative))\n           ^^^^^^^^^^^^^^^^^^^^^^^^^^\nAssertionError: (\'non-regular evidence entry\', \'__pycache__\')\n'
2026-09-23T01:55:04.5982124Z
2026-09-23T01:55:04.5982354Z ----------------------------------------------------------------------
2026-09-23T01:55:04.5982717Z Ran 25 tests in 4.430s
2026-09-23T01:55:04.5982877Z
2026-09-23T01:55:04.5983011Z FAILED (failures=6, errors=1)
2026-09-23T01:55:07.0943664Z ##[error]Process completed with exit code 1.
2026-09-23T01:55:07.1090640Z Post job cleanup.
2026-09-23T01:55:07.1920854Z [command]/usr/bin/git version
2026-09-23T01:55:07.2007259Z git version 2.55.0
2026-09-23T01:55:07.2046101Z Temporarily overriding HOME='<hosted-user-root>/work/_temp/6cbce533-3251-4c5f-91cf-2cff7c5dcaac' before making global git config changes
2026-09-23T01:55:07.2047988Z Adding repository directory to the temporary git global config as a safe directory
2026-09-23T01:55:07.2052210Z [command]/usr/bin/git config --global --add safe.directory <hosted-user-root>/work/ecorp/ecorp
2026-09-23T01:55:07.2085566Z Removing SSH command configuration
2026-09-23T01:55:07.2093232Z [command]/usr/bin/git config --local --name-only --get-regexp core\.sshCommand
2026-09-23T01:55:07.2135701Z [command]/usr/bin/git submodule foreach --recursive sh -c "git config --local --name-only --get-regexp 'core\.sshCommand' && git config --local --unset-all 'core.sshCommand' || :"
2026-09-23T01:55:07.2375987Z Removing HTTP extra header
2026-09-23T01:55:07.2385734Z [command]/usr/bin/git config --local --name-only --get-regexp http\.https\:\/\/github\.com\/\.extraheader
2026-09-23T01:55:07.2434075Z [command]/usr/bin/git submodule foreach --recursive sh -c "git config --local --name-only --get-regexp 'http\.https\:\/\/github\.com\/\.extraheader' && git config --local --unset-all 'http.https://github.com/.extraheader' || :"
2026-09-23T01:55:07.2676530Z Removing includeIf entries pointing to credentials config files
2026-09-23T01:55:07.2684270Z [command]/usr/bin/git config --local --name-only --get-regexp ^includeIf\.gitdir:
2026-09-23T01:55:07.2732421Z [command]/usr/bin/git submodule foreach --recursive git config --local --show-origin --name-only --get-regexp remote.origin.url
2026-09-23T01:55:07.3116518Z Cleaning up orphan processes
