2026-09-23T01:54:26.3716011Z Current runner version: '2.337.0'
2026-09-23T01:54:26.3743920Z ##[group]Runner Image Provisioner
2026-09-23T01:54:26.3744935Z Hosted Compute Agent
2026-09-23T01:54:26.3745518Z Version: 20260828.587
2026-09-23T01:54:26.3746277Z Commit: abac92662cab4cc7352de4f9f9d2e2419aad9c29
2026-09-23T01:54:26.3747159Z Build Date: 2026-08-28T16:44:25Z
2026-09-23T01:54:26.3747831Z Worker ID: {b19dadc0-1d05-4f8c-88c0-1915646b9772}
2026-09-23T01:54:26.3748832Z Azure Region: centralus
2026-09-23T01:54:26.3749416Z ##[endgroup]
2026-09-23T01:54:26.3750970Z ##[group]Operating System
2026-09-23T01:54:26.3751814Z Ubuntu
2026-09-23T01:54:26.3752351Z 24.04.5
2026-09-23T01:54:26.3752989Z LTS
2026-09-23T01:54:26.3753517Z ##[endgroup]
2026-09-23T01:54:26.3754075Z ##[group]Runner Image
2026-09-23T01:54:26.3754853Z Image: ubuntu-24.04
2026-09-23T01:54:26.3755468Z Version: 20260907.300.1
2026-09-23T01:54:26.3756850Z Included Software: https://github.com/actions/runner-images/blob/ubuntu24/20260907.300/images/ubuntu/Ubuntu2404-Readme.md
2026-09-23T01:54:26.3758739Z Image Release: https://github.com/actions/runner-images/releases/tag/ubuntu24%2F20260907.300
2026-09-23T01:54:26.3759829Z ##[endgroup]
2026-09-23T01:54:26.3760979Z ##[group]GITHUB_TOKEN Permissions
2026-09-23T01:54:26.3763586Z Contents: read
2026-09-23T01:54:26.3764240Z Metadata: read
2026-09-23T01:54:26.3764906Z ##[endgroup]
2026-09-23T01:54:26.3767050Z Secret source: Actions
2026-09-23T01:54:26.3768086Z Cache mode: write
2026-09-23T01:54:26.3769482Z Prepare workflow directory
2026-09-23T01:54:26.4064746Z Prepare all required actions
2026-09-23T01:54:26.4113903Z Getting action download info
2026-09-23T01:54:26.6537615Z Download action repository 'actions/checkout@3d3c42e5aac5ba805825da76410c181273ba90b1' (SHA:3d3c42e5aac5ba805825da76410c181273ba90b1)
2026-09-23T01:54:26.8263372Z Download action repository 'dtolnay/rust-toolchain@6bed0761d98439e5a578e2877258200ad565ba87' (SHA:6bed0761d98439e5a578e2877258200ad565ba87)
2026-09-23T01:54:27.0225029Z Download action repository 'pnpm/action-setup@ea17c68df8912ef543352723c149a84f56e3d413' (SHA:ea17c68df8912ef543352723c149a84f56e3d413)
2026-09-23T01:54:27.3217130Z Download action repository 'actions/setup-node@820762786026740c76f36085b0efc47a31fe5020' (SHA:820762786026740c76f36085b0efc47a31fe5020)
2026-09-23T01:54:27.4858028Z Download action repository 'Swatinem/rust-cache@6323deb102c322ba6fcbdcafc7e3dddab59af2b6' (SHA:6323deb102c322ba6fcbdcafc7e3dddab59af2b6)
2026-09-23T01:54:28.2138027Z Complete job name: quality
2026-09-23T01:54:28.2932125Z ##[group]Run actions/checkout@3d3c42e5aac5ba805825da76410c181273ba90b1
2026-09-23T01:54:28.2933475Z with:
2026-09-23T01:54:28.2934267Z   persist-credentials: false
2026-09-23T01:54:28.2935185Z   repository: All-The-Vibes/ecorp
2026-09-23T01:54:28.2942702Z   token: ***
2026-09-23T01:54:28.2943536Z   ssh-strict: true
2026-09-23T01:54:28.2944275Z   ssh-user: git
2026-09-23T01:54:28.2945050Z   clean: true
2026-09-23T01:54:28.2945824Z   sparse-checkout-cone-mode: true
2026-09-23T01:54:28.2946727Z   fetch-depth: 1
2026-09-23T01:54:28.2947521Z   fetch-tags: false
2026-09-23T01:54:28.2948353Z   show-progress: true
2026-09-23T01:54:28.2949193Z   lfs: false
2026-09-23T01:54:28.2949884Z   submodules: false
2026-09-23T01:54:28.2950631Z   set-safe-directory: true
2026-09-23T01:54:28.2951549Z   allow-unsafe-pr-checkout: false
2026-09-23T01:54:28.2952633Z ##[endgroup]
2026-09-23T01:54:28.3912515Z Syncing repository: All-The-Vibes/ecorp
2026-09-23T01:54:28.3916106Z ##[group]Getting Git version info
2026-09-23T01:54:28.3917554Z Working directory is '<hosted-user-root>/work/ecorp/ecorp'
2026-09-23T01:54:28.3920014Z [command]/usr/bin/git version
2026-09-23T01:54:28.4696755Z git version 2.55.0
2026-09-23T01:54:28.4706805Z ##[endgroup]
2026-09-23T01:54:28.4721515Z Temporarily overriding HOME='<hosted-user-root>/work/_temp/78eed576-5390-445e-bec9-71dff23f3abb' before making global git config changes
2026-09-23T01:54:28.4723952Z Adding repository directory to the temporary git global config as a safe directory
2026-09-23T01:54:28.4728812Z [command]/usr/bin/git config --global --add safe.directory <hosted-user-root>/work/ecorp/ecorp
2026-09-23T01:54:28.4774276Z Deleting the contents of '<hosted-user-root>/work/ecorp/ecorp'
2026-09-23T01:54:28.4776496Z ##[group]Determining repository object format
2026-09-23T01:54:28.4777953Z ##[endgroup]
2026-09-23T01:54:28.4779372Z ##[group]Initializing the repository
2026-09-23T01:54:28.4780707Z [command]/usr/bin/git init <hosted-user-root>/work/ecorp/ecorp
2026-09-23T01:54:28.4937853Z hint: Using 'master' as the name for the initial branch. This default branch name
2026-09-23T01:54:28.4940195Z hint: will change to "main" in Git 3.0. To configure the initial branch name
2026-09-23T01:54:28.4942106Z hint: to use in all of your new repositories, which will suppress this warning,
2026-09-23T01:54:28.4943418Z hint: call:
2026-09-23T01:54:28.4944256Z hint:
2026-09-23T01:54:28.4945402Z hint: 	git config --global init.defaultBranch <name>
2026-09-23T01:54:28.4946482Z hint:
2026-09-23T01:54:28.4947615Z hint: Names commonly chosen instead of 'master' are 'main', 'trunk' and
2026-09-23T01:54:28.4949673Z hint: 'development'. The just-created branch can be renamed via this command:
2026-09-23T01:54:28.4951048Z hint:
2026-09-23T01:54:28.4951760Z hint: 	git branch -m <name>
2026-09-23T01:54:28.4952577Z hint:
2026-09-23T01:54:28.4953741Z hint: Disable this message with "git config set advice.defaultBranchName false"
2026-09-23T01:54:28.4955401Z Initialized empty Git repository in <hosted-user-root>/work/ecorp/ecorp/.git/
2026-09-23T01:54:28.4958315Z [command]/usr/bin/git remote add origin https://github.com/All-The-Vibes/ecorp
2026-09-23T01:54:28.5034781Z ##[endgroup]
2026-09-23T01:54:28.5037336Z ##[group]Disabling automatic garbage collection
2026-09-23T01:54:28.5039170Z [command]/usr/bin/git config --local gc.auto 0
2026-09-23T01:54:28.5071010Z ##[endgroup]
2026-09-23T01:54:28.5074378Z ##[group]Setting up auth
2026-09-23T01:54:28.5083939Z Removing SSH command configuration
2026-09-23T01:54:28.5087163Z [command]/usr/bin/git config --local --name-only --get-regexp core\.sshCommand
2026-09-23T01:54:28.5132455Z [command]/usr/bin/git submodule foreach --recursive sh -c "git config --local --name-only --get-regexp 'core\.sshCommand' && git config --local --unset-all 'core.sshCommand' || :"
2026-09-23T01:54:28.5637034Z Removing HTTP extra header
2026-09-23T01:54:28.5702357Z [command]/usr/bin/git config --local --name-only --get-regexp http\.https\:\/\/github\.com\/\.extraheader
2026-09-23T01:54:28.6187265Z [command]/usr/bin/git submodule foreach --recursive sh -c "git config --local --name-only --get-regexp 'http\.https\:\/\/github\.com\/\.extraheader' && git config --local --unset-all 'http.https://github.com/.extraheader' || :"
2026-09-23T01:54:28.6192161Z Removing includeIf entries pointing to credentials config files
2026-09-23T01:54:28.6193850Z [command]/usr/bin/git config --local --name-only --get-regexp ^includeIf\.gitdir:
2026-09-23T01:54:28.6197324Z [command]/usr/bin/git submodule foreach --recursive git config --local --show-origin --name-only --get-regexp remote.origin.url
2026-09-23T01:54:28.6292145Z [command]/usr/bin/git config --file <hosted-user-root>/work/_temp/git-credentials-fc73a5e0-89c2-4a85-8a75-dbccb54af386.config http.https://github.com/.extraheader AUTHORIZATION: basic ***
2026-09-23T01:54:28.6323473Z [command]/usr/bin/git config --local includeIf.gitdir:<hosted-user-root>/work/ecorp/ecorp/.git.path <hosted-user-root>/work/_temp/git-credentials-fc73a5e0-89c2-4a85-8a75-dbccb54af386.config
2026-09-23T01:54:28.6351113Z [command]/usr/bin/git config --local includeIf.gitdir:<hosted-user-root>/work/ecorp/ecorp/.git/worktrees/*.path <hosted-user-root>/work/_temp/git-credentials-fc73a5e0-89c2-4a85-8a75-dbccb54af386.config
2026-09-23T01:54:28.6381248Z [command]/usr/bin/git config --local includeIf.gitdir:/github/workspace/.git.path /github/runner_temp/git-credentials-fc73a5e0-89c2-4a85-8a75-dbccb54af386.config
2026-09-23T01:54:28.6409084Z [command]/usr/bin/git config --local includeIf.gitdir:/github/workspace/.git/worktrees/*.path /github/runner_temp/git-credentials-fc73a5e0-89c2-4a85-8a75-dbccb54af386.config
2026-09-23T01:54:28.6446849Z ##[endgroup]
2026-09-23T01:54:28.6453254Z ##[group]Fetching the repository
2026-09-23T01:54:28.6498747Z [command]/usr/bin/git -c protocol.version=2 fetch --no-tags --prune --no-recurse-submodules --depth=1 origin +46dd69ca3d988ef531496a67ec81b4a48385aac9:refs/remotes/pull/362/merge
2026-09-23T01:54:30.7923827Z From https://github.com/All-The-Vibes/ecorp
2026-09-23T01:54:30.7926537Z  * [new ref]         46dd69ca3d988ef531496a67ec81b4a48385aac9 -> pull/362/merge
2026-09-23T01:54:30.7928993Z ##[endgroup]
2026-09-23T01:54:30.7929422Z ##[group]Determining the checkout info
2026-09-23T01:54:30.7930337Z ##[endgroup]
2026-09-23T01:54:30.7934459Z [command]/usr/bin/git sparse-checkout disable
2026-09-23T01:54:30.8015260Z [command]/usr/bin/git config --local --unset-all extensions.worktreeConfig
2026-09-23T01:54:30.8046316Z ##[group]Checking out the ref
2026-09-23T01:54:30.8052045Z [command]/usr/bin/git checkout --progress --force refs/remotes/pull/362/merge
2026-09-23T01:54:31.0108345Z Note: switching to 'refs/remotes/pull/362/merge'.
2026-09-23T01:54:31.0108795Z
2026-09-23T01:54:31.0109058Z You are in 'detached HEAD' state. You can look around, make experimental
2026-09-23T01:54:31.0109591Z changes and commit them, and you can discard any commits you make in this
2026-09-23T01:54:31.0110837Z state without impacting any branches by switching back to a branch.
2026-09-23T01:54:31.0111131Z
2026-09-23T01:54:31.0111382Z If you want to create a new branch to retain commits you create, you may
2026-09-23T01:54:31.0112258Z do so (now or later) by using -c with the switch command. Example:
2026-09-23T01:54:31.0112485Z
2026-09-23T01:54:31.0112599Z   git switch -c <new-branch-name>
2026-09-23T01:54:31.0112765Z
2026-09-23T01:54:31.0112899Z Or undo this operation with:
2026-09-23T01:54:31.0113959Z
2026-09-23T01:54:31.0114084Z   git switch -
2026-09-23T01:54:31.0114235Z
2026-09-23T01:54:31.0114475Z Turn off this advice by setting config variable advice.detachedHead to false
2026-09-23T01:54:31.0116294Z
2026-09-23T01:54:31.0117315Z HEAD is now at 46dd69c Merge b7f90ac78180662e314e39d9592ae8e5c7217976 into 08b0b89b2dd16c1906c9dd3468c5ddecca24c4ce
2026-09-23T01:54:31.0135199Z ##[endgroup]
2026-09-23T01:54:31.0232747Z [command]/usr/bin/git log -1 --format=%H
2026-09-23T01:54:31.0270352Z 46dd69ca3d988ef531496a67ec81b4a48385aac9
2026-09-23T01:54:31.0276316Z ##[group]Removing auth
2026-09-23T01:54:31.0276646Z Removing SSH command configuration
2026-09-23T01:54:31.0280317Z [command]/usr/bin/git config --local --name-only --get-regexp core\.sshCommand
2026-09-23T01:54:31.0414077Z [command]/usr/bin/git submodule foreach --recursive sh -c "git config --local --name-only --get-regexp 'core\.sshCommand' && git config --local --unset-all 'core.sshCommand' || :"
2026-09-23T01:54:31.0745658Z Removing HTTP extra header
2026-09-23T01:54:31.0749714Z [command]/usr/bin/git config --local --name-only --get-regexp http\.https\:\/\/github\.com\/\.extraheader
2026-09-23T01:54:31.0779006Z [command]/usr/bin/git submodule foreach --recursive sh -c "git config --local --name-only --get-regexp 'http\.https\:\/\/github\.com\/\.extraheader' && git config --local --unset-all 'http.https://github.com/.extraheader' || :"
2026-09-23T01:54:31.1135346Z Removing includeIf entries pointing to credentials config files
2026-09-23T01:54:31.1135837Z [command]/usr/bin/git config --local --name-only --get-regexp ^includeIf\.gitdir:
2026-09-23T01:54:31.1181855Z includeif.gitdir:<hosted-user-root>/work/ecorp/ecorp/.git.path
2026-09-23T01:54:31.1182282Z includeif.gitdir:<hosted-user-root>/work/ecorp/ecorp/.git/worktrees/*.path
2026-09-23T01:54:31.1182608Z includeif.gitdir:/github/workspace/.git.path
2026-09-23T01:54:31.1182890Z includeif.gitdir:/github/workspace/.git/worktrees/*.path
2026-09-23T01:54:31.1201984Z [command]/usr/bin/git config --local --get-all includeif.gitdir:<hosted-user-root>/work/ecorp/ecorp/.git.path
2026-09-23T01:54:31.1233412Z <hosted-user-root>/work/_temp/git-credentials-fc73a5e0-89c2-4a85-8a75-dbccb54af386.config
2026-09-23T01:54:31.1250873Z [command]/usr/bin/git config --local --unset includeif.gitdir:<hosted-user-root>/work/ecorp/ecorp/.git.path \/home\/runner\/work\/_temp\/git\-credentials\-fc73a5e0\-89c2\-4a85\-8a75\-dbccb54af386\.config
2026-09-23T01:54:31.1291336Z [command]/usr/bin/git config --local --get-all includeif.gitdir:<hosted-user-root>/work/ecorp/ecorp/.git/worktrees/*.path
2026-09-23T01:54:31.1328856Z <hosted-user-root>/work/_temp/git-credentials-fc73a5e0-89c2-4a85-8a75-dbccb54af386.config
2026-09-23T01:54:31.1353569Z [command]/usr/bin/git config --local --unset includeif.gitdir:<hosted-user-root>/work/ecorp/ecorp/.git/worktrees/*.path \/home\/runner\/work\/_temp\/git\-credentials\-fc73a5e0\-89c2\-4a85\-8a75\-dbccb54af386\.config
2026-09-23T01:54:31.1387309Z [command]/usr/bin/git config --local --get-all includeif.gitdir:/github/workspace/.git.path
2026-09-23T01:54:31.1413642Z /github/runner_temp/git-credentials-fc73a5e0-89c2-4a85-8a75-dbccb54af386.config
2026-09-23T01:54:31.1430037Z [command]/usr/bin/git config --local --unset includeif.gitdir:/github/workspace/.git.path \/github\/runner_temp\/git\-credentials\-fc73a5e0\-89c2\-4a85\-8a75\-dbccb54af386\.config
2026-09-23T01:54:31.1487608Z [command]/usr/bin/git config --local --get-all includeif.gitdir:/github/workspace/.git/worktrees/*.path
2026-09-23T01:54:31.1488395Z /github/runner_temp/git-credentials-fc73a5e0-89c2-4a85-8a75-dbccb54af386.config
2026-09-23T01:54:31.1542373Z [command]/usr/bin/git config --local --unset includeif.gitdir:/github/workspace/.git/worktrees/*.path \/github\/runner_temp\/git\-credentials\-fc73a5e0\-89c2\-4a85\-8a75\-dbccb54af386\.config
2026-09-23T01:54:31.1654040Z [command]/usr/bin/git submodule foreach --recursive git config --local --show-origin --name-only --get-regexp remote.origin.url
2026-09-23T01:54:31.1900442Z Removing credentials config '<hosted-user-root>/work/_temp/git-credentials-fc73a5e0-89c2-4a85-8a75-dbccb54af386.config'
2026-09-23T01:54:31.1914047Z ##[endgroup]
2026-09-23T01:54:31.2314352Z ##[group]Run dtolnay/rust-toolchain@6bed0761d98439e5a578e2877258200ad565ba87
2026-09-23T01:54:31.2314699Z with:
2026-09-23T01:54:31.2314873Z   toolchain: 1.98.1
2026-09-23T01:54:31.2315063Z   components: rustfmt, clippy
2026-09-23T01:54:31.2315264Z ##[endgroup]
2026-09-23T01:54:31.2377345Z ##[start-action display=Parse toolchain version;id=__dtolnay_rust-toolchain.parse]
2026-09-23T01:54:31.2429775Z ##[group]Run if [[ -z $toolchain ]]; then
2026-09-23T01:54:31.2430145Z [36;1mif [[ -z $toolchain ]]; then[0m
2026-09-23T01:54:31.2430563Z [36;1m  # GitHub does not enforce `required: true` inputs itself. https://github.com/actions/runner/issues/1070[0m
2026-09-23T01:54:31.2430981Z [36;1m  echo "'toolchain' is a required input" >&2[0m
2026-09-23T01:54:31.2431215Z [36;1m  exit 1[0m
2026-09-23T01:54:31.2431485Z [36;1melif [[ $toolchain =~ ^stable' '[0-9]+' '(year|month|week|day)s?' 'ago$ ]]; then[0m
2026-09-23T01:54:31.2431813Z [36;1m  if [[ Linux == macOS ]]; then[0m
2026-09-23T01:54:31.2432286Z [36;1m    echo "toolchain=1.$((($(date -v-$(sed 's/stable \([0-9]*\) \(.\).*/\1\2/' <<< $toolchain) +%s)/60/60/24-16569)/7/6))" >> $GITHUB_OUTPUT[0m
2026-09-23T01:54:31.2432682Z [36;1m  else[0m
2026-09-23T01:54:31.2432999Z [36;1m    echo "toolchain=1.$((($(date --date "${toolchain#stable }" +%s)/60/60/24-16569)/7/6))" >> $GITHUB_OUTPUT[0m
2026-09-23T01:54:31.2433349Z [36;1m  fi[0m
2026-09-23T01:54:31.2433587Z [36;1melif [[ $toolchain =~ ^stable' 'minus' '[0-9]+' 'releases?$ ]]; then[0m
2026-09-23T01:54:31.2433999Z [36;1m  echo "toolchain=1.$((($(date +%s)/60/60/24-16569)/7/6-${toolchain//[^0-9]/}))" >> $GITHUB_OUTPUT[0m
2026-09-23T01:54:31.2434354Z [36;1melif [[ $toolchain =~ ^1\.[0-9]+$ ]]; then[0m
2026-09-23T01:54:31.2434752Z [36;1m  echo "toolchain=1.$((i=${toolchain#1.}, c=($(date +%s)/60/60/24-16569)/7/6, i+9*i*(10*i<=c)+90*i*(100*i<=c)))" >> $GITHUB_OUTPUT[0m
2026-09-23T01:54:31.2435120Z [36;1melse[0m
2026-09-23T01:54:31.2435325Z [36;1m  echo "toolchain=$toolchain" >> $GITHUB_OUTPUT[0m
2026-09-23T01:54:31.2435560Z [36;1mfi[0m
2026-09-23T01:54:31.2462522Z shell: /usr/bin/bash --noprofile --norc -e -o pipefail {0}
2026-09-23T01:54:31.2462991Z env:
2026-09-23T01:54:31.2463168Z   toolchain: 1.98.1
2026-09-23T01:54:31.2463354Z ##[endgroup]
2026-09-23T01:54:31.2553084Z ##[end-action id=__dtolnay_rust-toolchain.parse;outcome=success;conclusion=success;duration_ms=17]
2026-09-23T01:54:31.2575715Z ##[start-action display=Construct rustup command line;id=__dtolnay_rust-toolchain.flags]
2026-09-23T01:54:31.2626677Z ##[group]Run echo "targets=$(for t in ${targets//,/ }; do echo -n ' --target' $t; done)" >> $GITHUB_OUTPUT
2026-09-23T01:54:31.2628090Z [36;1mecho "targets=$(for t in ${targets//,/ }; do echo -n ' --target' $t; done)" >> $GITHUB_OUTPUT[0m
2026-09-23T01:54:31.2629042Z [36;1mecho "components=$(for c in ${components//,/ }; do echo -n ' --component' $c; done)" >> $GITHUB_OUTPUT[0m
2026-09-23T01:54:31.2629660Z [36;1mecho "downgrade=" >> $GITHUB_OUTPUT[0m
2026-09-23T01:54:31.2664355Z shell: /usr/bin/bash --noprofile --norc -e -o pipefail {0}
2026-09-23T01:54:31.2666665Z env:
2026-09-23T01:54:31.2667009Z   targets:
2026-09-23T01:54:31.2667195Z   components: rustfmt, clippy
2026-09-23T01:54:31.2667395Z ##[endgroup]
2026-09-23T01:54:31.2782962Z ##[end-action id=__dtolnay_rust-toolchain.flags;outcome=success;conclusion=success;duration_ms=20]
2026-09-23T01:54:31.2788012Z ##[start-action display=Set $CARGO_HOME;id=__dtolnay_rust-toolchain.__run]
2026-09-23T01:54:31.2827579Z ##[group]Run echo CARGO_HOME=${CARGO_HOME:-"$HOME/.cargo"} >> $GITHUB_ENV
2026-09-23T01:54:31.2828431Z [36;1mecho CARGO_HOME=${CARGO_HOME:-"$HOME/.cargo"} >> $GITHUB_ENV[0m
2026-09-23T01:54:31.2868990Z shell: /usr/bin/bash --noprofile --norc -e -o pipefail {0}
2026-09-23T01:54:31.2869277Z ##[endgroup]
2026-09-23T01:54:31.2959770Z ##[end-action id=__dtolnay_rust-toolchain.__run;outcome=success;conclusion=success;duration_ms=17]
2026-09-23T01:54:31.2964209Z ##[start-action display=Install rustup if needed;id=__dtolnay_rust-toolchain.__run_2]
2026-09-23T01:54:31.2997700Z ##[group]Run if ! command -v rustup &>/dev/null; then
2026-09-23T01:54:31.2998012Z [36;1mif ! command -v rustup &>/dev/null; then[0m
2026-09-23T01:54:31.2998885Z [36;1m  curl --proto '=https' --tlsv1.2 --retry 10 --retry-connrefused --location --silent --show-error --fail https://sh.rustup.rs | sh -s -- --default-toolchain none -y[0m
2026-09-23T01:54:31.2999465Z [36;1m  echo "$CARGO_HOME/bin" >> $GITHUB_PATH[0m
2026-09-23T01:54:31.2999728Z [36;1mfi[0m
2026-09-23T01:54:31.3017066Z shell: /usr/bin/bash --noprofile --norc -e -o pipefail {0}
2026-09-23T01:54:31.3017335Z env:
2026-09-23T01:54:31.3017513Z   CARGO_HOME: <hosted-user-root>/.cargo
2026-09-23T01:54:31.3017708Z ##[endgroup]
2026-09-23T01:54:31.3072445Z ##[end-action id=__dtolnay_rust-toolchain.__run_2;outcome=success;conclusion=success;duration_ms=10]
2026-09-23T01:54:31.3074301Z ##[start-action display=Install rustup if needed on windows;id=__dtolnay_rust-toolchain.__run_3]
2026-09-23T01:54:31.3080428Z ##[end-action id=__dtolnay_rust-toolchain.__run_3;outcome=skipped;conclusion=skipped;duration_ms=0]
2026-09-23T01:54:31.3090109Z ##[start-action display=rustup toolchain install 1.98.1;id=__dtolnay_rust-toolchain.__run_4]
2026-09-23T01:54:31.3111844Z ##[group]Run rustup toolchain install 1.98.1 --component rustfmt --component clippy --profile minimal --no-self-update
2026-09-23T01:54:31.3112448Z [36;1mrustup toolchain install 1.98.1 --component rustfmt --component clippy --profile minimal --no-self-update[0m
2026-09-23T01:54:31.3128971Z shell: /usr/bin/bash --noprofile --norc -e -o pipefail {0}
2026-09-23T01:54:31.3129251Z env:
2026-09-23T01:54:31.3129426Z   CARGO_HOME: <hosted-user-root>/.cargo
2026-09-23T01:54:31.3129646Z   RUSTUP_PERMIT_COPY_RENAME: 1
2026-09-23T01:54:31.3129867Z ##[endgroup]
2026-09-23T01:54:31.9518604Z info: syncing channel updates for 1.98.1-x86_64-unknown-linux-gnu
2026-09-23T01:54:32.2202769Z info: latest update on 2026-09-03 for version 1.98.1 (48a229cea 2026-09-01)
2026-09-23T01:54:32.2203343Z info: downloading 5 components
2026-09-23T01:54:40.4844360Z
2026-09-23T01:54:40.4971990Z   1.98.1-x86_64-unknown-linux-gnu installed - rustc 1.98.1 (48a229cea 2026-09-01)
2026-09-23T01:54:40.4976842Z
2026-09-23T01:54:40.5079806Z ##[end-action id=__dtolnay_rust-toolchain.__run_4;outcome=success;conclusion=success;duration_ms=9198]
2026-09-23T01:54:40.5087006Z ##[start-action display=rustup default 1.98.1;id=__dtolnay_rust-toolchain.__run_5]
2026-09-23T01:54:40.5132476Z ##[group]Run rustup default 1.98.1
2026-09-23T01:54:40.5132723Z [36;1mrustup default 1.98.1[0m
2026-09-23T01:54:40.5153927Z shell: /usr/bin/bash --noprofile --norc -e -o pipefail {0}
2026-09-23T01:54:40.5154194Z env:
2026-09-23T01:54:40.5154364Z   CARGO_HOME: <hosted-user-root>/.cargo
2026-09-23T01:54:40.5154557Z ##[endgroup]
2026-09-23T01:54:40.5257673Z info: using existing install for 1.98.1-x86_64-unknown-linux-gnu
2026-09-23T01:54:40.8693643Z info: default toolchain set to 1.98.1-x86_64-unknown-linux-gnu
2026-09-23T01:54:40.8694014Z
2026-09-23T01:54:40.8819520Z   1.98.1-x86_64-unknown-linux-gnu unchanged - rustc 1.98.1 (48a229cea 2026-09-01)
2026-09-23T01:54:40.8819912Z
2026-09-23T01:54:40.8820432Z info: note that the toolchain '1.98.1-x86_64-unknown-linux-gnu' is currently in use (overridden by '<hosted-user-root>/work/ecorp/ecorp/rust-toolchain.toml')
2026-09-23T01:54:40.8844600Z ##[end-action id=__dtolnay_rust-toolchain.__run_5;outcome=success;conclusion=success;duration_ms=375]
2026-09-23T01:54:40.8846877Z ##[start-action display=Create cachekey;id=__dtolnay_rust-toolchain.rustc-version]
2026-09-23T01:54:40.8867987Z ##[group]Run DATE=$(rustc +1.98.1 --version --verbose | sed -ne 's/^commit-date: \(20[0-9][0-9]\)-\([01][0-9]\)-\([0-3][0-9]\)$/\1\2\3/p')
2026-09-23T01:54:40.8870262Z [36;1mDATE=$(rustc +1.98.1 --version --verbose | sed -ne 's/^commit-date: \(20[0-9][0-9]\)-\([01][0-9]\)-\([0-3][0-9]\)$/\1\2\3/p')[0m
2026-09-23T01:54:40.8871494Z [36;1mHASH=$(rustc +1.98.1 --version --verbose | sed -ne 's/^commit-hash: //p')[0m
2026-09-23T01:54:40.8872205Z [36;1mecho "cachekey=$(echo $DATE$HASH | head -c12)" >> $GITHUB_OUTPUT[0m
2026-09-23T01:54:40.8931292Z shell: /usr/bin/bash --noprofile --norc -e -o pipefail {0}
2026-09-23T01:54:40.8931609Z env:
2026-09-23T01:54:40.8931826Z   CARGO_HOME: <hosted-user-root>/.cargo
2026-09-23T01:54:40.8932244Z ##[endgroup]
2026-09-23T01:54:40.9295521Z ##[end-action id=__dtolnay_rust-toolchain.rustc-version;outcome=success;conclusion=success;duration_ms=44]
2026-09-23T01:54:40.9297822Z ##[start-action display=Disable incremental compilation;id=__dtolnay_rust-toolchain.__run_6]
2026-09-23T01:54:40.9334032Z ##[group]Run if [ -z "${CARGO_INCREMENTAL+set}" ]; then
2026-09-23T01:54:40.9334343Z [36;1mif [ -z "${CARGO_INCREMENTAL+set}" ]; then[0m
2026-09-23T01:54:40.9334604Z [36;1m  echo CARGO_INCREMENTAL=0 >> $GITHUB_ENV[0m
2026-09-23T01:54:40.9334819Z [36;1mfi[0m
2026-09-23T01:54:40.9382619Z shell: /usr/bin/bash --noprofile --norc -e -o pipefail {0}
2026-09-23T01:54:40.9382891Z env:
2026-09-23T01:54:40.9383093Z   CARGO_HOME: <hosted-user-root>/.cargo
2026-09-23T01:54:40.9383292Z ##[endgroup]
2026-09-23T01:54:40.9470430Z ##[end-action id=__dtolnay_rust-toolchain.__run_6;outcome=success;conclusion=success;duration_ms=17]
2026-09-23T01:54:40.9475603Z ##[start-action display=Enable colors in Cargo output;id=__dtolnay_rust-toolchain.__run_7]
2026-09-23T01:54:40.9506667Z ##[group]Run if [ -z "${CARGO_TERM_COLOR+set}" ]; then
2026-09-23T01:54:40.9506954Z [36;1mif [ -z "${CARGO_TERM_COLOR+set}" ]; then[0m
2026-09-23T01:54:40.9507214Z [36;1m  echo CARGO_TERM_COLOR=always >> $GITHUB_ENV[0m
2026-09-23T01:54:40.9507441Z [36;1mfi[0m
2026-09-23T01:54:40.9524472Z shell: /usr/bin/bash --noprofile --norc -e -o pipefail {0}
2026-09-23T01:54:40.9524734Z env:
2026-09-23T01:54:40.9524903Z   CARGO_HOME: <hosted-user-root>/.cargo
2026-09-23T01:54:40.9525103Z   CARGO_INCREMENTAL: 0
2026-09-23T01:54:40.9525278Z ##[endgroup]
2026-09-23T01:54:40.9591845Z ##[end-action id=__dtolnay_rust-toolchain.__run_7;outcome=success;conclusion=success;duration_ms=11]
2026-09-23T01:54:40.9593581Z ##[start-action display=Enable Cargo sparse registry;id=__dtolnay_rust-toolchain.__run_8]
2026-09-23T01:54:40.9606542Z ##[group]Run # implemented in 1.66, stabilized in 1.68, made default in 1.70
2026-09-23T01:54:40.9607145Z [36;1m# implemented in 1.66, stabilized in 1.68, made default in 1.70[0m
2026-09-23T01:54:40.9607685Z [36;1mif [ -z "${CARGO_REGISTRIES_CRATES_IO_PROTOCOL+set}" -o -f "<hosted-user-root>/work/_temp"/.implicit_cargo_registries_crates_io_protocol ]; then[0m
2026-09-23T01:54:40.9608454Z [36;1m  if rustc +1.98.1 --version --verbose | grep -q '^release: 1\.6[89]\.'; then[0m
2026-09-23T01:54:40.9608884Z [36;1m    touch "<hosted-user-root>/work/_temp"/.implicit_cargo_registries_crates_io_protocol || true[0m
2026-09-23T01:54:40.9609296Z [36;1m    echo CARGO_REGISTRIES_CRATES_IO_PROTOCOL=sparse >> $GITHUB_ENV[0m
2026-09-23T01:54:40.9609668Z [36;1m  elif rustc +1.98.1 --version --verbose | grep -q '^release: 1\.6[67]\.'; then[0m
2026-09-23T01:54:40.9610114Z [36;1m    touch "<hosted-user-root>/work/_temp"/.implicit_cargo_registries_crates_io_protocol || true[0m
2026-09-23T01:54:40.9610507Z [36;1m    echo CARGO_REGISTRIES_CRATES_IO_PROTOCOL=git >> $GITHUB_ENV[0m
2026-09-23T01:54:40.9610771Z [36;1m  fi[0m
2026-09-23T01:54:40.9610929Z [36;1mfi[0m
2026-09-23T01:54:40.9627001Z shell: /usr/bin/bash --noprofile --norc -e -o pipefail {0}
2026-09-23T01:54:40.9627263Z env:
2026-09-23T01:54:40.9627439Z   CARGO_HOME: <hosted-user-root>/.cargo
2026-09-23T01:54:40.9627644Z   CARGO_INCREMENTAL: 0
2026-09-23T01:54:40.9627837Z   CARGO_TERM_COLOR: always
2026-09-23T01:54:40.9628020Z ##[endgroup]
2026-09-23T01:54:41.0083505Z ##[end-action id=__dtolnay_rust-toolchain.__run_8;outcome=success;conclusion=success;duration_ms=48]
2026-09-23T01:54:41.0085798Z ##[start-action display=Work around spurious network errors in curl 8.0;id=__dtolnay_rust-toolchain.__run_9]
2026-09-23T01:54:41.0108550Z ##[group]Run # https://rust-lang.zulipchat.com/#narrow/stream/246057-t-cargo/topic/timeout.20investigation
2026-09-23T01:54:41.0109159Z [36;1m# https://rust-lang.zulipchat.com/#narrow/stream/246057-t-cargo/topic/timeout.20investigation[0m
2026-09-23T01:54:41.0109628Z [36;1mif rustc +1.98.1 --version --verbose | grep -q '^release: 1\.7[01]\.'; then[0m
2026-09-23T01:54:41.0109982Z [36;1m  echo CARGO_HTTP_MULTIPLEXING=false >> $GITHUB_ENV[0m
2026-09-23T01:54:41.0110228Z [36;1mfi[0m
2026-09-23T01:54:41.0150072Z shell: /usr/bin/bash --noprofile --norc -e -o pipefail {0}
2026-09-23T01:54:41.0150345Z env:
2026-09-23T01:54:41.0151009Z   CARGO_HOME: <hosted-user-root>/.cargo
2026-09-23T01:54:41.0151234Z   CARGO_INCREMENTAL: 0
2026-09-23T01:54:41.0151422Z   CARGO_TERM_COLOR: always
2026-09-23T01:54:41.0151617Z ##[endgroup]
2026-09-23T01:54:41.0363078Z ##[end-action id=__dtolnay_rust-toolchain.__run_9;outcome=success;conclusion=success;duration_ms=27]
2026-09-23T01:54:41.0366352Z ##[start-action display=rustc +1.98.1 --version --verbose;id=__dtolnay_rust-toolchain.__run_10]
2026-09-23T01:54:41.0424036Z ##[group]Run rustc +1.98.1 --version --verbose
2026-09-23T01:54:41.0424311Z [36;1mrustc +1.98.1 --version --verbose[0m
2026-09-23T01:54:41.0461848Z shell: /usr/bin/bash --noprofile --norc -e -o pipefail {0}
2026-09-23T01:54:41.0462115Z env:
2026-09-23T01:54:41.0462286Z   CARGO_HOME: <hosted-user-root>/.cargo
2026-09-23T01:54:41.0466323Z   CARGO_INCREMENTAL: 0
2026-09-23T01:54:41.0466563Z   CARGO_TERM_COLOR: always
2026-09-23T01:54:41.0467058Z ##[endgroup]
2026-09-23T01:54:41.0720901Z rustc 1.98.1 (48a229cea 2026-09-01)
2026-09-23T01:54:41.0721954Z binary: rustc
2026-09-23T01:54:41.0725463Z commit-hash: 48a229ceaefd4985c50990b14116b6d856af0985
2026-09-23T01:54:41.0726022Z commit-date: 2026-09-01
2026-09-23T01:54:41.0726435Z host: x86_64-unknown-linux-gnu
2026-09-23T01:54:41.0726687Z release: 1.98.1
2026-09-23T01:54:41.0726870Z LLVM version: 22.1.8
2026-09-23T01:54:41.0738615Z ##[end-action id=__dtolnay_rust-toolchain.__run_10;outcome=success;conclusion=success;duration_ms=37]
2026-09-23T01:54:41.0940312Z ##[group]Run pnpm/action-setup@ea17c68df8912ef543352723c149a84f56e3d413
2026-09-23T01:54:41.0940651Z with:
2026-09-23T01:54:41.0940948Z   version: 11.19.0
2026-09-23T01:54:41.0941118Z   dest: ~/setup-pnpm
2026-09-23T01:54:41.0941290Z   run_install: null
2026-09-23T01:54:41.0941457Z   cache: false
2026-09-23T01:54:41.0941628Z   cache_dependency_path: pnpm-lock.yaml
2026-09-23T01:54:41.0941884Z   package_json_file: package.json
2026-09-23T01:54:41.0942077Z   standalone: false
2026-09-23T01:54:41.0942234Z env:
2026-09-23T01:54:41.0942393Z   CARGO_HOME: <hosted-user-root>/.cargo
2026-09-23T01:54:41.0942585Z   CARGO_INCREMENTAL: 0
2026-09-23T01:54:41.0942763Z   CARGO_TERM_COLOR: always
2026-09-23T01:54:41.0942950Z ##[endgroup]
2026-09-23T01:54:41.2236160Z ##[group]Running self-installer...
2026-09-23T01:54:45.2379728Z
2026-09-23T01:54:45.2380427Z added 1 package, and audited 2 packages in 2s
2026-09-23T01:54:45.2380912Z
2026-09-23T01:54:45.2381209Z 1 package is looking for funding
2026-09-23T01:54:45.2381965Z   run `npm fund` for details
2026-09-23T01:54:45.2386393Z
2026-09-23T01:54:45.2386594Z found 0 vulnerabilities
2026-09-23T01:54:45.7616043Z Checking for updates...
2026-09-23T01:54:46.1558698Z Switching pnpm from v11.25.0 to v11.19.0...
2026-09-23T01:54:47.0561016Z .../v11/8d9-1a0cbf8f9c0-0bc2b2a39514d163 | Progress: resolved 1, reused 0, downloaded 0, added 0
2026-09-23T01:54:47.0605214Z .../v11/8d9-1a0cbf8f9c0-0bc2b2a39514d163 |   +1 +
2026-09-23T01:54:47.4325702Z .../v11/8d9-1a0cbf8f9c0-0bc2b2a39514d163 | Progress: resolved 1, reused 0, downloaded 1, added 1, done
2026-09-23T01:54:48.5735677Z [WARN] Detected a pnpm v10 installation layout at PNPM_HOME. The pnpm shims at PNPM_HOME have been refreshed so the new version is active, but pnpm v11 expects bins in PNPM_HOME/bin. Run "pnpm setup" to migrate your PATH to the v11 layout.
2026-09-23T01:54:48.5777010Z Successfully updated pnpm to v11.19.0
2026-09-23T01:54:48.6491207Z ##[endgroup]
2026-09-23T01:54:48.6492229Z Installation Completed!
2026-09-23T01:54:48.6667213Z ##[group]Run actions/setup-node@820762786026740c76f36085b0efc47a31fe5020
2026-09-23T01:54:48.6667599Z with:
2026-09-23T01:54:48.6667948Z   node-version-file: .node-version
2026-09-23T01:54:48.6668488Z   cache: pnpm
2026-09-23T01:54:48.6668719Z   check-latest: false
2026-09-23T01:54:48.6670795Z   token: ***
2026-09-23T01:54:48.6671038Z   package-manager-cache: true
2026-09-23T01:54:48.6671304Z env:
2026-09-23T01:54:48.6671572Z   CARGO_HOME: <hosted-user-root>/.cargo
2026-09-23T01:54:48.6671857Z   CARGO_INCREMENTAL: 0
2026-09-23T01:54:48.6672130Z   CARGO_TERM_COLOR: always
2026-09-23T01:54:48.6672421Z   PNPM_HOME: <hosted-user-root>/setup-pnpm/node_modules/.bin
2026-09-23T01:54:48.6672727Z ##[endgroup]
2026-09-23T01:54:48.7901093Z Node version file is not JSON file
2026-09-23T01:54:48.7901706Z Resolved .node-version as 24.19.0
2026-09-23T01:54:48.9493060Z Attempting to download 24.19.0...
2026-09-23T01:54:49.6861134Z Acquiring 24.19.0 - x64 from https://github.com/actions/node-versions/releases/download/24.19.0-30872449280/node-24.19.0-linux-x64.tar.gz
2026-09-23T01:54:50.4602008Z Extracting ...
2026-09-23T01:54:50.4789214Z [command]/usr/bin/tar xz --strip 1 --warning=no-unknown-keyword --overwrite -C <hosted-user-root>/work/_temp/fac4cc9d-3279-44d2-b9d3-f4a3e8bc3ba5 -f <hosted-user-root>/work/_temp/e18bafbe-9796-4acb-8f12-25e71506763f
2026-09-23T01:54:51.9616044Z Adding to the cache ...
2026-09-23T01:54:55.5903723Z ##[group]Environment details
2026-09-23T01:54:55.9220079Z node: v24.19.0
2026-09-23T01:54:55.9220523Z npm: 11.17.0
2026-09-23T01:54:55.9220805Z yarn: 1.22.22
2026-09-23T01:54:55.9221539Z ##[endgroup]
2026-09-23T01:54:55.9236787Z [command]<hosted-user-root>/setup-pnpm/node_modules/.bin/bin/pnpm store path --silent
2026-09-23T01:54:56.4304938Z <hosted-user-root>/setup-pnpm/node_modules/.bin/store/v11
2026-09-23T01:54:56.6609930Z Cache hit for: node-cache-Linux-x64-pnpm-c6396794ec32ad5b0a7757ef8411431285658e573a472745faf6e1d41a3ec78c
2026-09-23T01:54:57.5677717Z Received 40160389 of 40160389 (100.0%), 51.4 MBs/sec
2026-09-23T01:54:57.5678816Z Cache Size: ~38 MB (40160389 B)
2026-09-23T01:54:57.5712758Z [command]/usr/bin/tar -xf <hosted-user-root>/work/_temp/9a8f5edc-6a2f-43d6-ba0a-663ac03ffad4/cache.tzst -P -C <hosted-user-root>/work/ecorp/ecorp --use-compress-program unzstd
2026-09-23T01:54:57.9416276Z Cache restored successfully
2026-09-23T01:54:57.9473516Z Cache restored from key: node-cache-Linux-x64-pnpm-c6396794ec32ad5b0a7757ef8411431285658e573a472745faf6e1d41a3ec78c
2026-09-23T01:54:57.9780350Z ##[group]Run Swatinem/rust-cache@6323deb102c322ba6fcbdcafc7e3dddab59af2b6
2026-09-23T01:54:57.9781088Z with:
2026-09-23T01:54:57.9781337Z   prefix-key: v0-rust
2026-09-23T01:54:57.9781796Z   add-job-id-key: true
2026-09-23T01:54:57.9782733Z   add-rust-environment-hash-key: true
2026-09-23T01:54:57.9783071Z   cache-targets: true
2026-09-23T01:54:57.9783344Z   cache-all-crates: false
2026-09-23T01:54:57.9783817Z   cache-workspace-crates: false
2026-09-23T01:54:57.9784125Z   save-if: true
2026-09-23T01:54:57.9784590Z   cache-provider: github
2026-09-23T01:54:57.9784855Z   cache-bin: true
2026-09-23T01:54:57.9786423Z   lookup-only: false
2026-09-23T01:54:57.9786700Z   cmd-format: {0}
2026-09-23T01:54:57.9787024Z env:
2026-09-23T01:54:57.9787264Z   CARGO_HOME: <hosted-user-root>/.cargo
2026-09-23T01:54:57.9787543Z   CARGO_INCREMENTAL: 0
2026-09-23T01:54:57.9787811Z   CARGO_TERM_COLOR: always
2026-09-23T01:54:57.9788124Z   PNPM_HOME: <hosted-user-root>/setup-pnpm/node_modules/.bin
2026-09-23T01:54:57.9789399Z ##[endgroup]
2026-09-23T01:55:03.2396981Z ##[group]Cache Configuration
2026-09-23T01:55:03.2411558Z Cache Provider:
2026-09-23T01:55:03.2412674Z     github
2026-09-23T01:55:03.2413362Z Workspaces:
2026-09-23T01:55:03.2413767Z     <hosted-user-root>/work/ecorp/ecorp
2026-09-23T01:55:03.2414414Z Cache Paths:
2026-09-23T01:55:03.2415013Z     <hosted-user-root>/.cargo/bin
2026-09-23T01:55:03.2415438Z     <hosted-user-root>/.cargo/.crates.toml
2026-09-23T01:55:03.2416139Z     <hosted-user-root>/.cargo/.crates2.json
2026-09-23T01:55:03.2416942Z     <hosted-user-root>/.cargo/registry
2026-09-23T01:55:03.2417719Z     <hosted-user-root>/.cargo/git
2026-09-23T01:55:03.2418428Z     <hosted-user-root>/work/ecorp/ecorp/target
2026-09-23T01:55:03.2419207Z Restore Key:
2026-09-23T01:55:03.2419724Z     v0-rust-quality-Linux-x64-6ff13d87
2026-09-23T01:55:03.2420049Z Cache Key:
2026-09-23T01:55:03.2420938Z     v0-rust-quality-Linux-x64-6ff13d87-ad654043
2026-09-23T01:55:03.2421263Z .. Prefix:
2026-09-23T01:55:03.2421826Z   - v0-rust-quality-Linux-x64
2026-09-23T01:55:03.2422221Z .. Environment considered:
2026-09-23T01:55:03.2422513Z   - Rust Versions:
2026-09-23T01:55:03.2422900Z     - 1.98.1 x86_64-unknown-linux-gnu 48a229ceaefd4985c50990b14116b6d856af0985
2026-09-23T01:55:03.2423313Z   - CARGO_HOME
2026-09-23T01:55:03.2423570Z   - CARGO_INCREMENTAL
2026-09-23T01:55:03.2423842Z   - CARGO_TERM_COLOR
2026-09-23T01:55:03.2424132Z .. Lockfiles considered:
2026-09-23T01:55:03.2424475Z   - <hosted-user-root>/work/ecorp/ecorp/Cargo.lock
2026-09-23T01:55:03.2424861Z   - <hosted-user-root>/work/ecorp/ecorp/crates/crony-cli/Cargo.toml
2026-09-23T01:55:03.2425610Z   - <hosted-user-root>/work/ecorp/ecorp/crates/crony-domain/Cargo.toml
2026-09-23T01:55:03.2426081Z   - <hosted-user-root>/work/ecorp/ecorp/crates/crony-gateways/Cargo.toml
2026-09-23T01:55:03.2427001Z   - <hosted-user-root>/work/ecorp/ecorp/crates/crony-protocol/Cargo.toml
2026-09-23T01:55:03.2427665Z   - <hosted-user-root>/work/ecorp/ecorp/crates/crony-runner/Cargo.toml
2026-09-23T01:55:03.2428126Z   - <hosted-user-root>/work/ecorp/ecorp/crates/crony-server/Cargo.toml
2026-09-23T01:55:03.2432807Z   - <hosted-user-root>/work/ecorp/ecorp/crates/crony-store/Cargo.toml
2026-09-23T01:55:03.2433322Z   - <hosted-user-root>/work/ecorp/ecorp/rust-toolchain.toml
2026-09-23T01:55:03.2433933Z ##[endgroup]
2026-09-23T01:55:03.2434091Z
2026-09-23T01:55:03.2434256Z ... Restoring cache ...
2026-09-23T01:55:03.3849499Z Cache hit for: v0-rust-quality-Linux-x64-6ff13d87-ad654043
2026-09-23T01:55:04.5451893Z Received 75497472 of 2525174125 (3.0%), 72.1 MBs/sec
2026-09-23T01:55:05.5533207Z Received 184549376 of 2525174125 (7.3%), 87.9 MBs/sec
2026-09-23T01:55:06.5509227Z Received 268435456 of 2525174125 (10.6%), 85.2 MBs/sec
2026-09-23T01:55:07.5566498Z Received 406847488 of 2525174125 (16.1%), 96.7 MBs/sec
2026-09-23T01:55:08.5569001Z Received 536870912 of 2525174125 (21.3%), 102.2 MBs/sec
2026-09-23T01:55:09.5587580Z Received 671088640 of 2525174125 (26.6%), 106.5 MBs/sec
2026-09-23T01:55:10.5610457Z Received 792723456 of 2525174125 (31.4%), 107.8 MBs/sec
2026-09-23T01:55:11.5652945Z Received 905969664 of 2525174125 (35.9%), 107.8 MBs/sec
2026-09-23T01:55:12.5606351Z Received 1015021568 of 2525174125 (40.2%), 107.4 MBs/sec
2026-09-23T01:55:13.5630349Z Received 1119879168 of 2525174125 (44.3%), 106.6 MBs/sec
2026-09-23T01:55:14.5681324Z Received 1241513984 of 2525174125 (49.2%), 107.5 MBs/sec
2026-09-23T01:55:15.5668118Z Received 1346371584 of 2525174125 (53.3%), 106.8 MBs/sec
2026-09-23T01:55:16.5641823Z Received 1472200704 of 2525174125 (58.3%), 107.9 MBs/sec
2026-09-23T01:55:17.5645160Z Received 1581252608 of 2525174125 (62.6%), 107.6 MBs/sec
2026-09-23T01:55:18.5690373Z Received 1686110208 of 2525174125 (66.8%), 107.1 MBs/sec
2026-09-23T01:55:19.5697102Z Received 1803550720 of 2525174125 (71.4%), 107.3 MBs/sec
2026-09-23T01:55:20.5695094Z Received 1904214016 of 2525174125 (75.4%), 106.7 MBs/sec
2026-09-23T01:55:21.5721963Z Received 2013265920 of 2525174125 (79.7%), 106.5 MBs/sec
2026-09-23T01:55:22.5716789Z Received 2147483648 of 2525174125 (85.0%), 107.7 MBs/sec
2026-09-23T01:55:23.5695912Z Received 2269118464 of 2525174125 (89.9%), 108.1 MBs/sec
2026-09-23T01:55:24.5700258Z Received 2382364672 of 2525174125 (94.3%), 108.1 MBs/sec
2026-09-23T01:55:25.5706454Z Received 2508396909 of 2525174125 (99.3%), 108.6 MBs/sec
2026-09-23T01:55:25.6792230Z Received 2525174125 of 2525174125 (100.0%), 108.8 MBs/sec
2026-09-23T01:55:25.6792821Z Cache Size: ~2408 MB (2525174125 B)
2026-09-23T01:55:25.6862786Z [command]/usr/bin/tar -xf <hosted-user-root>/work/_temp/90a62210-aba8-4aae-b145-30810e6c1977/cache.tzst -P -C <hosted-user-root>/work/ecorp/ecorp --use-compress-program unzstd
2026-09-23T01:55:47.6094529Z Cache restored successfully
2026-09-23T01:55:47.7058666Z Restored from cache key "v0-rust-quality-Linux-x64-6ff13d87-ad654043" full match: true.
2026-09-23T01:55:47.7199347Z ##[group]Run pnpm install --frozen-lockfile
2026-09-23T01:55:47.7199733Z [36;1mpnpm install --frozen-lockfile[0m
2026-09-23T01:55:47.7222321Z shell: /usr/bin/bash -e {0}
2026-09-23T01:55:47.7222633Z env:
2026-09-23T01:55:47.7222976Z   CARGO_HOME: <hosted-user-root>/.cargo
2026-09-23T01:55:47.7223296Z   CARGO_INCREMENTAL: 0
2026-09-23T01:55:47.7223577Z   CARGO_TERM_COLOR: always
2026-09-23T01:55:47.7223911Z   PNPM_HOME: <hosted-user-root>/setup-pnpm/node_modules/.bin
2026-09-23T01:55:47.7224240Z   CACHE_ON_FAILURE: false
2026-09-23T01:55:47.7224566Z ##[endgroup]
2026-09-23T01:55:48.2011215Z Scope: all 2 workspace projects
2026-09-23T01:55:48.2279496Z ? Verifying lockfile against supply-chain policies (93 entries)...
2026-09-23T01:55:48.2346300Z Lockfile is up to date, resolution step is skipped
2026-09-23T01:55:48.3254736Z Progress: resolved 1, reused 0, downloaded 0, added 0
2026-09-23T01:55:48.3417008Z Packages: +31
2026-09-23T01:55:48.3422900Z +++++++++++++++++++++++++++++++
2026-09-23T01:55:48.5604812Z Packages are hard linked from the content-addressable store to the virtual store.
2026-09-23T01:55:48.5605807Z   Content-addressable store is at: <hosted-user-root>/setup-pnpm/node_modules/.bin/store/v11
2026-09-23T01:55:48.5606600Z   Virtual store is at:             node_modules/.pnpm
2026-09-23T01:55:48.6674315Z Progress: resolved 31, reused 31, downloaded 0, added 31, done
2026-09-23T01:55:49.7421073Z ✓ Lockfile passes supply-chain policies (93 entries in 1.5s)
2026-09-23T01:55:50.0571282Z
2026-09-23T01:55:50.0572717Z devDependencies:
2026-09-23T01:55:50.0573302Z + ws 8.21.3
2026-09-23T01:55:50.0573518Z
2026-09-23T01:55:50.1165057Z Done in 2.2s using pnpm v11.19.0
2026-09-23T01:55:50.1536451Z ##[group]Run node tools/check_migrations.mjs
2026-09-23T01:55:50.1537429Z [36;1mnode tools/check_migrations.mjs[0m
2026-09-23T01:55:50.1584927Z shell: /usr/bin/bash -e {0}
2026-09-23T01:55:50.1585771Z env:
2026-09-23T01:55:50.1586482Z   CARGO_HOME: <hosted-user-root>/.cargo
2026-09-23T01:55:50.1588079Z   CARGO_INCREMENTAL: 0
2026-09-23T01:55:50.1588963Z   CARGO_TERM_COLOR: always
2026-09-23T01:55:50.1589718Z   PNPM_HOME: <hosted-user-root>/setup-pnpm/node_modules/.bin
2026-09-23T01:55:50.1590525Z   CACHE_ON_FAILURE: false
2026-09-23T01:55:50.1591193Z ##[endgroup]
2026-09-23T01:55:50.2203410Z {
2026-09-23T01:55:50.2203873Z   "schema_version": 1,
2026-09-23T01:55:50.2204231Z   "migration_count": 41,
2026-09-23T01:55:50.2204529Z   "latest_version": 41,
2026-09-23T01:55:50.2204861Z   "immutable_checksums": true
2026-09-23T01:55:50.2205143Z }
2026-09-23T01:55:50.2283405Z ##[group]Run python3 -m unittest discover -s tools -p test_startup_validation_harness.py
2026-09-23T01:55:50.2285003Z [36;1mpython3 -m unittest discover -s tools -p test_startup_validation_harness.py[0m
2026-09-23T01:55:50.2325901Z shell: /usr/bin/bash -e {0}
2026-09-23T01:55:50.2326329Z env:
2026-09-23T01:55:50.2326605Z   CARGO_HOME: <hosted-user-root>/.cargo
2026-09-23T01:55:50.2326954Z   CARGO_INCREMENTAL: 0
2026-09-23T01:55:50.2327268Z   CARGO_TERM_COLOR: always
2026-09-23T01:55:50.2327582Z   PNPM_HOME: <hosted-user-root>/setup-pnpm/node_modules/.bin
2026-09-23T01:55:50.2328404Z   CACHE_ON_FAILURE: false
2026-09-23T01:55:50.2329459Z ##[endgroup]
2026-09-23T01:55:51.0984872Z .....
2026-09-23T01:55:51.0990097Z ----------------------------------------------------------------------
2026-09-23T01:55:51.0990998Z Ran 5 tests in 0.628s
2026-09-23T01:55:51.0991197Z
2026-09-23T01:55:51.0991338Z OK
2026-09-23T01:55:51.1219822Z ##[group]Run python3 -m unittest discover -s tools -p test_public_evidence_verifier.py
2026-09-23T01:55:51.1221002Z [36;1mpython3 -m unittest discover -s tools -p test_public_evidence_verifier.py[0m
2026-09-23T01:55:51.1261985Z shell: /usr/bin/bash -e {0}
2026-09-23T01:55:51.1262311Z env:
2026-09-23T01:55:51.1262629Z   CARGO_HOME: <hosted-user-root>/.cargo
2026-09-23T01:55:51.1262974Z   CARGO_INCREMENTAL: 0
2026-09-23T01:55:51.1263268Z   CARGO_TERM_COLOR: always
2026-09-23T01:55:51.1263583Z   PNPM_HOME: <hosted-user-root>/setup-pnpm/node_modules/.bin
2026-09-23T01:55:51.1263952Z   CACHE_ON_FAILURE: false
2026-09-23T01:55:51.1264247Z ##[endgroup]
2026-09-23T01:55:56.0485670Z ...F..F.......FE...F.FF..
2026-09-23T01:55:56.0489195Z ======================================================================
2026-09-23T01:55:56.0490325Z ERROR: test_intact_copy_under_linked_temporary_parent_is_accepted (test_public_evidence_verifier.PublicEvidenceVerifierTests.test_intact_copy_under_linked_temporary_parent_is_accepted)
2026-09-23T01:55:56.0491144Z ----------------------------------------------------------------------
2026-09-23T01:55:56.0491579Z Traceback (most recent call last):
2026-09-23T01:55:56.0492194Z   File "<hosted-user-root>/work/ecorp/ecorp/tools/test_public_evidence_verifier.py", line 251, in test_intact_copy_under_linked_temporary_parent_is_accepted
2026-09-23T01:55:56.0492840Z     with self.packet_copy() as base:
2026-09-23T01:55:56.0493215Z   File "/usr/lib/python3.12/contextlib.py", line 137, in __enter__
2026-09-23T01:55:56.0493708Z     return next(self.gen)
2026-09-23T01:55:56.0493970Z            ^^^^^^^^^^^^^^
2026-09-23T01:55:56.0494459Z   File "<hosted-user-root>/work/ecorp/ecorp/tools/test_public_evidence_verifier.py", line 67, in packet_copy
2026-09-23T01:55:56.0494951Z     shutil.copytree(EVIDENCE / packet, base / packet)
2026-09-23T01:55:56.0497185Z   File "/usr/lib/python3.12/unittest/mock.py", line 1134, in __call__
2026-09-23T01:55:56.0498691Z     return self._mock_call(*args, **kwargs)
2026-09-23T01:55:56.0499340Z            ^^^^^^^^^^^^^^^^^^^^^^^^^^^^^^^^
2026-09-23T01:55:56.0499974Z   File "/usr/lib/python3.12/unittest/mock.py", line 1138, in _mock_call
2026-09-23T01:55:56.0502667Z     return self._execute_mock_call(*args, **kwargs)
2026-09-23T01:55:56.0507932Z            ^^^^^^^^^^^^^^^^^^^^^^^^^^^^^^^^^^^^^^^^
2026-09-23T01:55:56.0508646Z   File "/usr/lib/python3.12/unittest/mock.py", line 1199, in _execute_mock_call
2026-09-23T01:55:56.0509149Z     result = effect(*args, **kwargs)
2026-09-23T01:55:56.0509822Z              ^^^^^^^^^^^^^^^^^^^^^^^
2026-09-23T01:55:56.0510326Z   File "<hosted-user-root>/work/ecorp/ecorp/tools/test_public_evidence_verifier.py", line 242, in copy_to_canonical_root
2026-09-23T01:55:56.0510900Z     return copytree(source, destination)
2026-09-23T01:55:56.0511216Z            ^^^^^^^^^^^^^^^^^^^^^^^^^^^^^
2026-09-23T01:55:56.0511633Z   File "/usr/lib/python3.12/shutil.py", line 600, in copytree
2026-09-23T01:55:56.0512089Z     return _copytree(entries=entries, src=src, dst=dst, symlinks=symlinks,
2026-09-23T01:55:56.0512560Z            ^^^^^^^^^^^^^^^^^^^^^^^^^^^^^^^^^^^^^^^^^^^^^^^^^^^^^^^^^^^^^^^
2026-09-23T01:55:56.0512941Z   File "/usr/lib/python3.12/shutil.py", line 536, in _copytree
2026-09-23T01:55:56.0513400Z     copytree(srcobj, dstname, symlinks, ignore, copy_function,
2026-09-23T01:55:56.0513817Z   File "/usr/lib/python3.12/unittest/mock.py", line 1134, in __call__
2026-09-23T01:55:56.0514221Z     return self._mock_call(*args, **kwargs)
2026-09-23T01:55:56.0514539Z            ^^^^^^^^^^^^^^^^^^^^^^^^^^^^^^^^
2026-09-23T01:55:56.0514935Z   File "/usr/lib/python3.12/unittest/mock.py", line 1138, in _mock_call
2026-09-23T01:55:56.0515346Z     return self._execute_mock_call(*args, **kwargs)
2026-09-23T01:55:56.0515727Z            ^^^^^^^^^^^^^^^^^^^^^^^^^^^^^^^^^^^^^^^^
2026-09-23T01:55:56.0516133Z   File "/usr/lib/python3.12/unittest/mock.py", line 1199, in _execute_mock_call
2026-09-23T01:55:56.0516568Z     result = effect(*args, **kwargs)
2026-09-23T01:55:56.0517015Z              ^^^^^^^^^^^^^^^^^^^^^^^
2026-09-23T01:55:56.0517798Z TypeError: PublicEvidenceVerifierTests.test_intact_copy_under_linked_temporary_parent_is_accepted.<locals>.copy_to_canonical_root() takes 2 positional arguments but 7 were given
2026-09-23T01:55:56.0529048Z
2026-09-23T01:55:56.0529514Z ======================================================================
2026-09-23T01:55:56.0530985Z FAIL: test_compressed_archive_file_is_capped_before_zip_parsing (test_public_evidence_verifier.PublicEvidenceVerifierTests.test_compressed_archive_file_is_capped_before_zip_parsing)
2026-09-23T01:55:56.0532158Z ----------------------------------------------------------------------
2026-09-23T01:55:56.0532919Z AssertionError: ('non-regular evidence entry', '__pycache__')
2026-09-23T01:55:56.0533241Z
2026-09-23T01:55:56.0533628Z During handling of the above exception, another exception occurred:
2026-09-23T01:55:56.0534020Z
2026-09-23T01:55:56.0534299Z Traceback (most recent call last):
2026-09-23T01:55:56.0535137Z   File "<hosted-user-root>/work/ecorp/ecorp/tools/test_public_evidence_verifier.py", line 211, in test_compressed_archive_file_is_capped_before_zip_parsing
2026-09-23T01:55:56.0536120Z     with self.assertRaisesRegex(AssertionError, "evidence file exceeds byte limit"):
2026-09-23T01:55:56.0537081Z AssertionError: "evidence file exceeds byte limit" does not match "('non-regular evidence entry', '__pycache__')"
2026-09-23T01:55:56.0537520Z
2026-09-23T01:55:56.0537716Z ======================================================================
2026-09-23T01:55:56.0538774Z FAIL: test_duplicate_archive_manifest_rows_are_rejected (test_public_evidence_verifier.PublicEvidenceVerifierTests.test_duplicate_archive_manifest_rows_are_rejected)
2026-09-23T01:55:56.0539534Z ----------------------------------------------------------------------
2026-09-23T01:55:56.0539942Z Traceback (most recent call last):
2026-09-23T01:55:56.0540585Z   File "<hosted-user-root>/work/ecorp/ecorp/tools/test_public_evidence_verifier.py", line 225, in test_duplicate_archive_manifest_rows_are_rejected
2026-09-23T01:55:56.0541169Z     self.assert_refused(base, "duplicate archive path")
2026-09-23T01:55:56.0541793Z   File "<hosted-user-root>/work/ecorp/ecorp/tools/test_public_evidence_verifier.py", line 74, in assert_refused
2026-09-23T01:55:56.0542260Z     self.assertIn(message, result.stderr)
2026-09-23T01:55:56.0544984Z AssertionError: 'duplicate archive path' not found in 'Traceback (most recent call last):\n  File "/tmp/ecorp-public-evidence-test-jbkjr1g3/evidence/pr362-combined-20260921/verify_public.py", line 212, in <module>\n    verify(Path(__file__).absolute().parent.parent, args.source)\n  File "/tmp/ecorp-public-evidence-test-jbkjr1g3/evidence/pr362-combined-20260921/verify_public.py", line 138, in verify\n    regular_file(directory, entry.name)\n  File "/tmp/ecorp-public-evidence-test-jbkjr1g3/evidence/pr362-combined-20260921/verify_public.py", line 59, in regular_file\n    assert stat.S_ISREG(info.st_mode), (\'non-regular evidence entry\', str(relative))\n           ^^^^^^^^^^^^^^^^^^^^^^^^^^\nAssertionError: (\'non-regular evidence entry\', \'__pycache__\')\n'
2026-09-23T01:55:56.0547384Z
2026-09-23T01:55:56.0547587Z ======================================================================
2026-09-23T01:55:56.0548589Z FAIL: test_image_path_cannot_escape_manifest_inventory (test_public_evidence_verifier.PublicEvidenceVerifierTests.test_image_path_cannot_escape_manifest_inventory)
2026-09-23T01:55:56.0549367Z ----------------------------------------------------------------------
2026-09-23T01:55:56.0549821Z Traceback (most recent call last):
2026-09-23T01:55:56.0550434Z   File "<hosted-user-root>/work/ecorp/ecorp/tools/test_public_evidence_verifier.py", line 337, in test_image_path_cannot_escape_manifest_inventory
2026-09-23T01:55:56.0551073Z     self.assert_refused(base, "unsafe packet filename")
2026-09-23T01:55:56.0551618Z   File "<hosted-user-root>/work/ecorp/ecorp/tools/test_public_evidence_verifier.py", line 74, in assert_refused
2026-09-23T01:55:56.0552251Z     self.assertIn(message, result.stderr)
2026-09-23T01:55:56.0554924Z AssertionError: 'unsafe packet filename' not found in 'Traceback (most recent call last):\n  File "/tmp/ecorp-public-evidence-test-9medhwd5/evidence/pr362-combined-20260921/verify_public.py", line 212, in <module>\n    verify(Path(__file__).absolute().parent.parent, args.source)\n  File "/tmp/ecorp-public-evidence-test-9medhwd5/evidence/pr362-combined-20260921/verify_public.py", line 138, in verify\n    regular_file(directory, entry.name)\n  File "/tmp/ecorp-public-evidence-test-9medhwd5/evidence/pr362-combined-20260921/verify_public.py", line 59, in regular_file\n    assert stat.S_ISREG(info.st_mode), (\'non-regular evidence entry\', str(relative))\n           ^^^^^^^^^^^^^^^^^^^^^^^^^^\nAssertionError: (\'non-regular evidence entry\', \'__pycache__\')\n'
2026-09-23T01:55:56.0556983Z
2026-09-23T01:55:56.0557156Z ======================================================================
2026-09-23T01:55:56.0558022Z FAIL: test_normal_interpreter_accepts_intact_packet (test_public_evidence_verifier.PublicEvidenceVerifierTests.test_normal_interpreter_accepts_intact_packet)
2026-09-23T01:55:56.0558988Z ----------------------------------------------------------------------
2026-09-23T01:55:56.0559482Z Traceback (most recent call last):
2026-09-23T01:55:56.0560092Z   File "<hosted-user-root>/work/ecorp/ecorp/tools/test_public_evidence_verifier.py", line 116, in test_normal_interpreter_accepts_intact_packet
2026-09-23T01:55:56.0560801Z     self.assertEqual(result.returncode, 0, result.stderr)
2026-09-23T01:55:56.0561285Z AssertionError: 1 != 0 : Traceback (most recent call last):
2026-09-23T01:55:56.0561940Z   File "<hosted-user-root>/work/ecorp/ecorp/docs/evidence/pr362-combined-20260921/verify_public.py", line 212, in <module>
2026-09-23T01:55:56.0562604Z     verify(Path(__file__).absolute().parent.parent, args.source)
2026-09-23T01:55:56.0563245Z   File "<hosted-user-root>/work/ecorp/ecorp/docs/evidence/pr362-combined-20260921/verify_public.py", line 138, in verify
2026-09-23T01:55:56.0563824Z     regular_file(directory, entry.name)
2026-09-23T01:55:56.0564443Z   File "<hosted-user-root>/work/ecorp/ecorp/docs/evidence/pr362-combined-20260921/verify_public.py", line 59, in regular_file
2026-09-23T01:55:56.0565132Z     assert stat.S_ISREG(info.st_mode), ('non-regular evidence entry', str(relative))
2026-09-23T01:55:56.0565618Z            ^^^^^^^^^^^^^^^^^^^^^^^^^^
2026-09-23T01:55:56.0566045Z AssertionError: ('non-regular evidence entry', '__pycache__')
2026-09-23T01:55:56.0566337Z
2026-09-23T01:55:56.0566427Z
2026-09-23T01:55:56.0566655Z ======================================================================
2026-09-23T01:55:56.0567582Z FAIL: test_oversized_zip_member_is_refused_before_decompression (test_public_evidence_verifier.PublicEvidenceVerifierTests.test_oversized_zip_member_is_refused_before_decompression)
2026-09-23T01:55:56.0568601Z ----------------------------------------------------------------------
2026-09-23T01:55:56.0569105Z AssertionError: ('non-regular evidence entry', '__pycache__')
2026-09-23T01:55:56.0569358Z
2026-09-23T01:55:56.0569644Z During handling of the above exception, another exception occurred:
2026-09-23T01:55:56.0569930Z
2026-09-23T01:55:56.0570142Z Traceback (most recent call last):
2026-09-23T01:55:56.0570798Z   File "<hosted-user-root>/work/ecorp/ecorp/tools/test_public_evidence_verifier.py", line 219, in test_oversized_zip_member_is_refused_before_decompression
2026-09-23T01:55:56.0571558Z     with self.assertRaisesRegex(AssertionError, "archive member exceeds byte limit"):
2026-09-23T01:55:56.0572271Z AssertionError: "archive member exceeds byte limit" does not match "('non-regular evidence entry', '__pycache__')"
2026-09-23T01:55:56.0572695Z
2026-09-23T01:55:56.0572918Z ======================================================================
2026-09-23T01:55:56.0573738Z FAIL: test_readme_link_cannot_escape_the_verified_packets (test_public_evidence_verifier.PublicEvidenceVerifierTests.test_readme_link_cannot_escape_the_verified_packets)
2026-09-23T01:55:56.0574646Z ----------------------------------------------------------------------
2026-09-23T01:55:56.0575065Z Traceback (most recent call last):
2026-09-23T01:55:56.0575730Z   File "<hosted-user-root>/work/ecorp/ecorp/tools/test_public_evidence_verifier.py", line 359, in test_readme_link_cannot_escape_the_verified_packets
2026-09-23T01:55:56.0576389Z     self.assert_refused(base, "unsafe README evidence link")
2026-09-23T01:55:56.0577014Z   File "<hosted-user-root>/work/ecorp/ecorp/tools/test_public_evidence_verifier.py", line 74, in assert_refused
2026-09-23T01:55:56.0577533Z     self.assertIn(message, result.stderr)
2026-09-23T01:55:56.0580597Z AssertionError: 'unsafe README evidence link' not found in 'Traceback (most recent call last):\n  File "/tmp/ecorp-public-evidence-test-65mwr_1g/evidence/pr362-combined-20260921/verify_public.py", line 212, in <module>\n    verify(Path(__file__).absolute().parent.parent, args.source)\n  File "/tmp/ecorp-public-evidence-test-65mwr_1g/evidence/pr362-combined-20260921/verify_public.py", line 138, in verify\n    regular_file(directory, entry.name)\n  File "/tmp/ecorp-public-evidence-test-65mwr_1g/evidence/pr362-combined-20260921/verify_public.py", line 59, in regular_file\n    assert stat.S_ISREG(info.st_mode), (\'non-regular evidence entry\', str(relative))\n           ^^^^^^^^^^^^^^^^^^^^^^^^^^\nAssertionError: (\'non-regular evidence entry\', \'__pycache__\')\n'
2026-09-23T01:55:56.0582645Z
2026-09-23T01:55:56.0582915Z ----------------------------------------------------------------------
2026-09-23T01:55:56.0583294Z Ran 25 tests in 4.850s
2026-09-23T01:55:56.0583520Z
2026-09-23T01:55:56.0583699Z FAILED (failures=6, errors=1)
2026-09-23T01:55:56.0772172Z ##[error]Process completed with exit code 1.
2026-09-23T01:55:56.0911592Z Post job cleanup.
2026-09-23T01:55:56.2275970Z Pruning is unnecessary.
2026-09-23T01:55:56.2505417Z Post job cleanup.
2026-09-23T01:55:56.3329274Z [command]/usr/bin/git version
2026-09-23T01:55:56.3360944Z git version 2.55.0
2026-09-23T01:55:56.3396019Z Temporarily overriding HOME='<hosted-user-root>/work/_temp/e89c3164-450c-41ed-afcf-6f170ba1ad70' before making global git config changes
2026-09-23T01:55:56.3397042Z Adding repository directory to the temporary git global config as a safe directory
2026-09-23T01:55:56.3417083Z [command]/usr/bin/git config --global --add safe.directory <hosted-user-root>/work/ecorp/ecorp
2026-09-23T01:55:56.3435801Z Removing SSH command configuration
2026-09-23T01:55:56.3453110Z [command]/usr/bin/git config --local --name-only --get-regexp core\.sshCommand
2026-09-23T01:55:56.3484637Z [command]/usr/bin/git submodule foreach --recursive sh -c "git config --local --name-only --get-regexp 'core\.sshCommand' && git config --local --unset-all 'core.sshCommand' || :"
2026-09-23T01:55:56.3871319Z Removing HTTP extra header
2026-09-23T01:55:56.3875968Z [command]/usr/bin/git config --local --name-only --get-regexp http\.https\:\/\/github\.com\/\.extraheader
2026-09-23T01:55:56.3915345Z [command]/usr/bin/git submodule foreach --recursive sh -c "git config --local --name-only --get-regexp 'http\.https\:\/\/github\.com\/\.extraheader' && git config --local --unset-all 'http.https://github.com/.extraheader' || :"
2026-09-23T01:55:56.4154876Z Removing includeIf entries pointing to credentials config files
2026-09-23T01:55:56.4161108Z [command]/usr/bin/git config --local --name-only --get-regexp ^includeIf\.gitdir:
2026-09-23T01:55:56.4214716Z [command]/usr/bin/git submodule foreach --recursive git config --local --show-origin --name-only --get-regexp remote.origin.url
2026-09-23T01:55:56.4713887Z Cleaning up orphan processes
