2026-09-23T01:54:27.8400348Z Current runner version: '2.337.0'
2026-09-23T01:54:27.8433420Z ##[group]Runner Image Provisioner
2026-09-23T01:54:27.8434605Z Hosted Compute Agent
2026-09-23T01:54:27.8435436Z Version: 20260828.587
2026-09-23T01:54:27.8436357Z Commit: abac92662cab4cc7352de4f9f9d2e2419aad9c29
2026-09-23T01:54:27.8437571Z Build Date: 2026-08-28T16:44:25Z
2026-09-23T01:54:27.8438598Z Worker ID: {96860efd-c243-4944-b0b7-885c85c069be}
2026-09-23T01:54:27.8439724Z Azure Region: westus3
2026-09-23T01:54:27.8440531Z ##[endgroup]
2026-09-23T01:54:27.8442272Z ##[group]Operating System
2026-09-23T01:54:27.8443231Z Microsoft Windows Server 2025
2026-09-23T01:54:27.8444128Z 10.0.26100
2026-09-23T01:54:27.8444850Z Datacenter
2026-09-23T01:54:27.8445596Z ##[endgroup]
2026-09-23T01:54:27.8446354Z ##[group]Runner Image
2026-09-23T01:54:27.8447214Z Image: windows-2025-vs2026
2026-09-23T01:54:27.8448454Z Version: 20260907.229.1
2026-09-23T01:54:27.8450896Z Included Software: https://github.com/actions/runner-images/blob/win25-vs2026/20260907.229/images/windows/Windows2025-VS2026-Readme.md
2026-09-23T01:54:27.8453609Z Image Release: https://github.com/actions/runner-images/releases/tag/win25-vs2026%2F20260907.229
2026-09-23T01:54:27.8455176Z ##[endgroup]
2026-09-23T01:54:27.8456809Z ##[group]GITHUB_TOKEN Permissions
2026-09-23T01:54:27.8459301Z Contents: read
2026-09-23T01:54:27.8460101Z Metadata: read
2026-09-23T01:54:27.8460888Z ##[endgroup]
2026-09-23T01:54:27.8463514Z Secret source: Actions
2026-09-23T01:54:27.8464743Z Cache mode: write
2026-09-23T01:54:27.8465800Z Prepare workflow directory
2026-09-23T01:54:27.8867827Z Prepare all required actions
2026-09-23T01:54:27.8933601Z Getting action download info
2026-09-23T01:54:28.2024007Z Download action repository 'actions/checkout@3d3c42e5aac5ba805825da76410c181273ba90b1' (SHA:3d3c42e5aac5ba805825da76410c181273ba90b1)
2026-09-23T01:54:28.3300407Z Download action repository 'dtolnay/rust-toolchain@6bed0761d98439e5a578e2877258200ad565ba87' (SHA:6bed0761d98439e5a578e2877258200ad565ba87)
2026-09-23T01:54:28.5545071Z Download action repository 'actions/setup-node@820762786026740c76f36085b0efc47a31fe5020' (SHA:820762786026740c76f36085b0efc47a31fe5020)
2026-09-23T01:54:28.6973637Z Download action repository 'Swatinem/rust-cache@6323deb102c322ba6fcbdcafc7e3dddab59af2b6' (SHA:6323deb102c322ba6fcbdcafc7e3dddab59af2b6)
2026-09-23T01:54:29.3226617Z Download action repository 'actions/upload-artifact@ea165f8d65b6e75b540449e92b4886f43607fa02' (SHA:ea165f8d65b6e75b540449e92b4886f43607fa02)
2026-09-23T01:54:29.7304998Z Complete job name: runner-platforms (windows-latest)
2026-09-23T01:54:29.8849574Z ##[group]Run actions/checkout@3d3c42e5aac5ba805825da76410c181273ba90b1
2026-09-23T01:54:29.8851181Z with:
2026-09-23T01:54:29.8851632Z   persist-credentials: false
2026-09-23T01:54:29.8852183Z   repository: All-The-Vibes/ecorp
2026-09-23T01:54:29.8857648Z   token: ***
2026-09-23T01:54:29.8858055Z   ssh-strict: true
2026-09-23T01:54:29.8858477Z   ssh-user: git
2026-09-23T01:54:29.8858905Z   clean: true
2026-09-23T01:54:29.8859335Z   sparse-checkout-cone-mode: true
2026-09-23T01:54:29.8859880Z   fetch-depth: 1
2026-09-23T01:54:29.8860301Z   fetch-tags: false
2026-09-23T01:54:29.8860751Z   show-progress: true
2026-09-23T01:54:29.8861188Z   lfs: false
2026-09-23T01:54:29.8861580Z   submodules: false
2026-09-23T01:54:29.8862034Z   set-safe-directory: true
2026-09-23T01:54:29.8862562Z   allow-unsafe-pr-checkout: false
2026-09-23T01:54:29.8863408Z ##[endgroup]
2026-09-23T01:54:30.0552576Z Syncing repository: All-The-Vibes/ecorp
2026-09-23T01:54:30.0555493Z ##[group]Getting Git version info
2026-09-23T01:54:30.0556461Z Working directory is 'D:\a\ecorp\ecorp'
2026-09-23T01:54:30.1416641Z [command]"C:\Program Files\Git\bin\git.exe" version
2026-09-23T01:54:30.5674621Z git version 2.55.0.windows.5
2026-09-23T01:54:30.5729928Z ##[endgroup]
2026-09-23T01:54:30.5747557Z Temporarily overriding HOME='D:\a\_temp\cc53a9d0-17ae-4754-960b-170f8f87bed1' before making global git config changes
2026-09-23T01:54:30.5753508Z Adding repository directory to the temporary git global config as a safe directory
2026-09-23T01:54:30.5760915Z [command]"C:\Program Files\Git\bin\git.exe" config --global --add safe.directory D:\a\ecorp\ecorp
2026-09-23T01:54:30.6492125Z Deleting the contents of 'D:\a\ecorp\ecorp'
2026-09-23T01:54:30.6496831Z ##[group]Determining repository object format
2026-09-23T01:54:30.6498618Z ##[endgroup]
2026-09-23T01:54:30.6499737Z ##[group]Initializing the repository
2026-09-23T01:54:30.6507510Z [command]"C:\Program Files\Git\bin\git.exe" init D:\a\ecorp\ecorp
2026-09-23T01:54:30.7335133Z Initialized empty Git repository in D:/a/ecorp/ecorp/.git/
2026-09-23T01:54:30.7385613Z [command]"C:\Program Files\Git\bin\git.exe" remote add origin https://github.com/All-The-Vibes/ecorp
2026-09-23T01:54:30.8073380Z ##[endgroup]
2026-09-23T01:54:30.8075567Z ##[group]Disabling automatic garbage collection
2026-09-23T01:54:30.8080796Z [command]"C:\Program Files\Git\bin\git.exe" config --local gc.auto 0
2026-09-23T01:54:30.8553201Z ##[endgroup]
2026-09-23T01:54:30.8555290Z ##[group]Setting up auth
2026-09-23T01:54:30.8556794Z Removing SSH command configuration
2026-09-23T01:54:30.8566132Z [command]"C:\Program Files\Git\bin\git.exe" config --local --name-only --get-regexp core\.sshCommand
2026-09-23T01:54:30.8863087Z [command]"C:\Program Files\Git\bin\git.exe" submodule foreach --recursive "sh -c \"git config --local --name-only --get-regexp 'core\.sshCommand' && git config --local --unset-all 'core.sshCommand' || :\""
2026-09-23T01:54:32.5138489Z Removing HTTP extra header
2026-09-23T01:54:32.5149376Z [command]"C:\Program Files\Git\bin\git.exe" config --local --name-only --get-regexp http\.https\:\/\/github\.com\/\.extraheader
2026-09-23T01:54:32.5449767Z [command]"C:\Program Files\Git\bin\git.exe" submodule foreach --recursive "sh -c \"git config --local --name-only --get-regexp 'http\.https\:\/\/github\.com\/\.extraheader' && git config --local --unset-all 'http.https://github.com/.extraheader' || :\""
2026-09-23T01:54:33.0946439Z Removing includeIf entries pointing to credentials config files
2026-09-23T01:54:33.0957716Z [command]"C:\Program Files\Git\bin\git.exe" config --local --name-only --get-regexp ^includeIf\.gitdir:
2026-09-23T01:54:33.1262058Z [command]"C:\Program Files\Git\bin\git.exe" submodule foreach --recursive "git config --local --show-origin --name-only --get-regexp remote.origin.url"
2026-09-23T01:54:33.6834846Z [command]"C:\Program Files\Git\bin\git.exe" config --file D:\a\_temp\git-credentials-6ab7f193-550f-49ee-ad82-e49df380326a.config http.https://github.com/.extraheader "AUTHORIZATION: basic ***"
2026-09-23T01:54:33.7149158Z [command]"C:\Program Files\Git\bin\git.exe" config --local includeIf.gitdir:D:/a/ecorp/ecorp/.git.path D:\a\_temp\git-credentials-6ab7f193-550f-49ee-ad82-e49df380326a.config
2026-09-23T01:54:33.7454344Z [command]"C:\Program Files\Git\bin\git.exe" config --local includeIf.gitdir:D:/a/ecorp/ecorp/.git/worktrees/*.path D:\a\_temp\git-credentials-6ab7f193-550f-49ee-ad82-e49df380326a.config
2026-09-23T01:54:33.7820011Z [command]"C:\Program Files\Git\bin\git.exe" config --local includeIf.gitdir:/github/workspace/.git.path /github/runner_temp/git-credentials-6ab7f193-550f-49ee-ad82-e49df380326a.config
2026-09-23T01:54:33.8112314Z [command]"C:\Program Files\Git\bin\git.exe" config --local includeIf.gitdir:/github/workspace/.git/worktrees/*.path /github/runner_temp/git-credentials-6ab7f193-550f-49ee-ad82-e49df380326a.config
2026-09-23T01:54:33.8413326Z ##[endgroup]
2026-09-23T01:54:33.8414019Z ##[group]Fetching the repository
2026-09-23T01:54:33.8430787Z [command]"C:\Program Files\Git\bin\git.exe" -c protocol.version=2 fetch --no-tags --prune --no-recurse-submodules --depth=1 origin +46dd69ca3d988ef531496a67ec81b4a48385aac9:refs/remotes/pull/362/merge
2026-09-23T01:54:37.4568625Z From https://github.com/All-The-Vibes/ecorp
2026-09-23T01:54:37.4570420Z  * [new ref]         46dd69ca3d988ef531496a67ec81b4a48385aac9 -> pull/362/merge
2026-09-23T01:54:37.4627630Z ##[endgroup]
2026-09-23T01:54:37.4628232Z ##[group]Determining the checkout info
2026-09-23T01:54:37.4628896Z ##[endgroup]
2026-09-23T01:54:37.4640229Z [command]"C:\Program Files\Git\bin\git.exe" sparse-checkout disable
2026-09-23T01:54:37.5150929Z [command]"C:\Program Files\Git\bin\git.exe" config --local --unset-all extensions.worktreeConfig
2026-09-23T01:54:37.5456588Z ##[group]Checking out the ref
2026-09-23T01:54:37.5467241Z [command]"C:\Program Files\Git\bin\git.exe" checkout --progress --force refs/remotes/pull/362/merge
2026-09-23T01:54:38.1467165Z Note: switching to 'refs/remotes/pull/362/merge'.
2026-09-23T01:54:38.1467631Z
2026-09-23T01:54:38.1467934Z You are in 'detached HEAD' state. You can look around, make experimental
2026-09-23T01:54:38.1468680Z changes and commit them, and you can discard any commits you make in this
2026-09-23T01:54:38.1469407Z state without impacting any branches by switching back to a branch.
2026-09-23T01:54:38.1469819Z
2026-09-23T01:54:38.1470189Z If you want to create a new branch to retain commits you create, you may
2026-09-23T01:54:38.1470891Z do so (now or later) by using -c with the switch command. Example:
2026-09-23T01:54:38.1471311Z
2026-09-23T01:54:38.1471501Z   git switch -c <new-branch-name>
2026-09-23T01:54:38.1471822Z
2026-09-23T01:54:38.1471963Z Or undo this operation with:
2026-09-23T01:54:38.1472214Z
2026-09-23T01:54:38.1472351Z   git switch -
2026-09-23T01:54:38.1472522Z
2026-09-23T01:54:38.1472836Z Turn off this advice by setting config variable advice.detachedHead to false
2026-09-23T01:54:38.1473360Z
2026-09-23T01:54:38.1473850Z HEAD is now at 46dd69c Merge b7f90ac78180662e314e39d9592ae8e5c7217976 into 08b0b89b2dd16c1906c9dd3468c5ddecca24c4ce
2026-09-23T01:54:38.1644255Z ##[endgroup]
2026-09-23T01:54:38.2026923Z [command]"C:\Program Files\Git\bin\git.exe" log -1 --format=%H
2026-09-23T01:54:38.2302065Z 46dd69ca3d988ef531496a67ec81b4a48385aac9
2026-09-23T01:54:38.2356762Z ##[group]Removing auth
2026-09-23T01:54:38.2357243Z Removing SSH command configuration
2026-09-23T01:54:38.2369876Z [command]"C:\Program Files\Git\bin\git.exe" config --local --name-only --get-regexp core\.sshCommand
2026-09-23T01:54:38.2702350Z [command]"C:\Program Files\Git\bin\git.exe" submodule foreach --recursive "sh -c \"git config --local --name-only --get-regexp 'core\.sshCommand' && git config --local --unset-all 'core.sshCommand' || :\""
2026-09-23T01:54:38.8019657Z Removing HTTP extra header
2026-09-23T01:54:38.8029879Z [command]"C:\Program Files\Git\bin\git.exe" config --local --name-only --get-regexp http\.https\:\/\/github\.com\/\.extraheader
2026-09-23T01:54:38.8334273Z [command]"C:\Program Files\Git\bin\git.exe" submodule foreach --recursive "sh -c \"git config --local --name-only --get-regexp 'http\.https\:\/\/github\.com\/\.extraheader' && git config --local --unset-all 'http.https://github.com/.extraheader' || :\""
2026-09-23T01:54:39.3734439Z Removing includeIf entries pointing to credentials config files
2026-09-23T01:54:39.3742756Z [command]"C:\Program Files\Git\bin\git.exe" config --local --name-only --get-regexp ^includeIf\.gitdir:
2026-09-23T01:54:39.4001442Z includeif.gitdir:D:/a/ecorp/ecorp/.git.path
2026-09-23T01:54:39.4002098Z includeif.gitdir:D:/a/ecorp/ecorp/.git/worktrees/*.path
2026-09-23T01:54:39.4002447Z includeif.gitdir:/github/workspace/.git.path
2026-09-23T01:54:39.4002765Z includeif.gitdir:/github/workspace/.git/worktrees/*.path
2026-09-23T01:54:39.4050412Z [command]"C:\Program Files\Git\bin\git.exe" config --local --get-all includeif.gitdir:D:/a/ecorp/ecorp/.git.path
2026-09-23T01:54:39.4304466Z D:\a\_temp\git-credentials-6ab7f193-550f-49ee-ad82-e49df380326a.config
2026-09-23T01:54:39.4355827Z [command]"C:\Program Files\Git\bin\git.exe" config --local --unset includeif.gitdir:D:/a/ecorp/ecorp/.git.path D\:\\a\\_temp\\git\-credentials\-6ab7f193\-550f\-49ee\-ad82\-e49df380326a\.config
2026-09-23T01:54:39.4672341Z [command]"C:\Program Files\Git\bin\git.exe" config --local --get-all includeif.gitdir:D:/a/ecorp/ecorp/.git/worktrees/*.path
2026-09-23T01:54:39.4937268Z D:\a\_temp\git-credentials-6ab7f193-550f-49ee-ad82-e49df380326a.config
2026-09-23T01:54:39.4989657Z [command]"C:\Program Files\Git\bin\git.exe" config --local --unset includeif.gitdir:D:/a/ecorp/ecorp/.git/worktrees/*.path D\:\\a\\_temp\\git\-credentials\-6ab7f193\-550f\-49ee\-ad82\-e49df380326a\.config
2026-09-23T01:54:39.5306424Z [command]"C:\Program Files\Git\bin\git.exe" config --local --get-all includeif.gitdir:/github/workspace/.git.path
2026-09-23T01:54:39.5561790Z /github/runner_temp/git-credentials-6ab7f193-550f-49ee-ad82-e49df380326a.config
2026-09-23T01:54:39.5613710Z [command]"C:\Program Files\Git\bin\git.exe" config --local --unset includeif.gitdir:/github/workspace/.git.path \/github\/runner_temp\/git\-credentials\-6ab7f193\-550f\-49ee\-ad82\-e49df380326a\.config
2026-09-23T01:54:39.5916357Z [command]"C:\Program Files\Git\bin\git.exe" config --local --get-all includeif.gitdir:/github/workspace/.git/worktrees/*.path
2026-09-23T01:54:39.6172384Z /github/runner_temp/git-credentials-6ab7f193-550f-49ee-ad82-e49df380326a.config
2026-09-23T01:54:39.6221163Z [command]"C:\Program Files\Git\bin\git.exe" config --local --unset includeif.gitdir:/github/workspace/.git/worktrees/*.path \/github\/runner_temp\/git\-credentials\-6ab7f193\-550f\-49ee\-ad82\-e49df380326a\.config
2026-09-23T01:54:39.6523719Z [command]"C:\Program Files\Git\bin\git.exe" submodule foreach --recursive "git config --local --show-origin --name-only --get-regexp remote.origin.url"
2026-09-23T01:54:40.1981406Z Removing credentials config 'D:\a\_temp\git-credentials-6ab7f193-550f-49ee-ad82-e49df380326a.config'
2026-09-23T01:54:40.1992388Z ##[endgroup]
2026-09-23T01:54:40.2487414Z ##[group]Run dtolnay/rust-toolchain@6bed0761d98439e5a578e2877258200ad565ba87
2026-09-23T01:54:40.2487842Z with:
2026-09-23T01:54:40.2488031Z   toolchain: 1.98.1
2026-09-23T01:54:40.2488211Z ##[endgroup]
2026-09-23T01:54:40.2558978Z ##[start-action display=Parse toolchain version;id=__dtolnay_rust-toolchain.parse]
2026-09-23T01:54:40.2739399Z ##[group]Run if [[ -z $toolchain ]]; then
2026-09-23T01:54:40.2739968Z [36;1mif [[ -z $toolchain ]]; then[0m
2026-09-23T01:54:40.2740724Z [36;1m  # GitHub does not enforce `required: true` inputs itself. https://github.com/actions/runner/issues/1070[0m
2026-09-23T01:54:40.2741476Z [36;1m  echo "'toolchain' is a required input" >&2[0m
2026-09-23T01:54:40.2741907Z [36;1m  exit 1[0m
2026-09-23T01:54:40.2742447Z [36;1melif [[ $toolchain =~ ^stable' '[0-9]+' '(year|month|week|day)s?' 'ago$ ]]; then[0m
2026-09-23T01:54:40.2743023Z [36;1m  if [[ Windows == macOS ]]; then[0m
2026-09-23T01:54:40.2743762Z [36;1m    echo "toolchain=1.$((($(date -v-$(sed 's/stable \([0-9]*\) \(.\).*/\1\2/' <<< $toolchain) +%s)/60/60/24-16569)/7/6))" >> $GITHUB_OUTPUT[0m
2026-09-23T01:54:40.2744310Z [36;1m  else[0m
2026-09-23T01:54:40.2744750Z [36;1m    echo "toolchain=1.$((($(date --date "${toolchain#stable }" +%s)/60/60/24-16569)/7/6))" >> $GITHUB_OUTPUT[0m
2026-09-23T01:54:40.2745277Z [36;1m  fi[0m
2026-09-23T01:54:40.2745634Z [36;1melif [[ $toolchain =~ ^stable' 'minus' '[0-9]+' 'releases?$ ]]; then[0m
2026-09-23T01:54:40.2746204Z [36;1m  echo "toolchain=1.$((($(date +%s)/60/60/24-16569)/7/6-${toolchain//[^0-9]/}))" >> $GITHUB_OUTPUT[0m
2026-09-23T01:54:40.2746742Z [36;1melif [[ $toolchain =~ ^1\.[0-9]+$ ]]; then[0m
2026-09-23T01:54:40.2747819Z [36;1m  echo "toolchain=1.$((i=${toolchain#1.}, c=($(date +%s)/60/60/24-16569)/7/6, i+9*i*(10*i<=c)+90*i*(100*i<=c)))" >> $GITHUB_OUTPUT[0m
2026-09-23T01:54:40.2748365Z [36;1melse[0m
2026-09-23T01:54:40.2749136Z [36;1m  echo "toolchain=$toolchain" >> $GITHUB_OUTPUT[0m
2026-09-23T01:54:40.2749518Z [36;1mfi[0m
2026-09-23T01:54:40.2768305Z shell: C:\Program Files\Git\bin\bash.EXE --noprofile --norc -e -o pipefail {0}
2026-09-23T01:54:40.2768812Z env:
2026-09-23T01:54:40.2769086Z   toolchain: 1.98.1
2026-09-23T01:54:40.2769352Z ##[endgroup]
2026-09-23T01:54:40.4740953Z ##[end-action id=__dtolnay_rust-toolchain.parse;outcome=success;conclusion=success;duration_ms=218]
2026-09-23T01:54:40.4753589Z ##[start-action display=Construct rustup command line;id=__dtolnay_rust-toolchain.flags]
2026-09-23T01:54:40.5002967Z ##[group]Run echo "targets=$(for t in ${targets//,/ }; do echo -n ' --target' $t; done)" >> $GITHUB_OUTPUT
2026-09-23T01:54:40.5003574Z [36;1mecho "targets=$(for t in ${targets//,/ }; do echo -n ' --target' $t; done)" >> $GITHUB_OUTPUT[0m
2026-09-23T01:54:40.5004136Z [36;1mecho "components=$(for c in ${components//,/ }; do echo -n ' --component' $c; done)" >> $GITHUB_OUTPUT[0m
2026-09-23T01:54:40.5004570Z [36;1mecho "downgrade=" >> $GITHUB_OUTPUT[0m
2026-09-23T01:54:40.5018222Z shell: C:\Program Files\Git\bin\bash.EXE --noprofile --norc -e -o pipefail {0}
2026-09-23T01:54:40.5018594Z env:
2026-09-23T01:54:40.5018761Z   targets:
2026-09-23T01:54:40.5018925Z   components:
2026-09-23T01:54:40.5019095Z ##[endgroup]
2026-09-23T01:54:40.5652842Z ##[end-action id=__dtolnay_rust-toolchain.flags;outcome=success;conclusion=success;duration_ms=89]
2026-09-23T01:54:40.5655111Z ##[start-action display=Set $CARGO_HOME;id=__dtolnay_rust-toolchain.__run]
2026-09-23T01:54:40.5782898Z ##[group]Run echo CARGO_HOME=${CARGO_HOME:-"$USERPROFILE\.cargo"} >> $GITHUB_ENV
2026-09-23T01:54:40.5783395Z [36;1mecho CARGO_HOME=${CARGO_HOME:-"$USERPROFILE\.cargo"} >> $GITHUB_ENV[0m
2026-09-23T01:54:40.5796331Z shell: C:\Program Files\Git\bin\bash.EXE --noprofile --norc -e -o pipefail {0}
2026-09-23T01:54:40.5796703Z ##[endgroup]
2026-09-23T01:54:40.6198946Z ##[end-action id=__dtolnay_rust-toolchain.__run;outcome=success;conclusion=success;duration_ms=54]
2026-09-23T01:54:40.6204707Z ##[start-action display=Install rustup if needed;id=__dtolnay_rust-toolchain.__run_2]
2026-09-23T01:54:40.6216469Z ##[end-action id=__dtolnay_rust-toolchain.__run_2;outcome=skipped;conclusion=skipped;duration_ms=0]
2026-09-23T01:54:40.6219094Z ##[start-action display=Install rustup if needed on windows;id=__dtolnay_rust-toolchain.__run_3]
2026-09-23T01:54:40.6350735Z ##[group]Run if ! command -v rustup &>/dev/null; then
2026-09-23T01:54:40.6351094Z [36;1mif ! command -v rustup &>/dev/null; then[0m
2026-09-23T01:54:40.6351806Z [36;1m  curl --proto '=https' --tlsv1.2 --retry 10 --retry-connrefused --location --silent --show-error --fail https://win.rustup.rs/x86_64 --output 'D:\a\_temp\rustup-init.exe'[0m
2026-09-23T01:54:40.6352591Z [36;1m  'D:\a\_temp\rustup-init.exe' --default-toolchain none --no-modify-path -y[0m
2026-09-23T01:54:40.6352982Z [36;1m  echo "$CARGO_HOME\bin" >> $GITHUB_PATH[0m
2026-09-23T01:54:40.6353228Z [36;1mfi[0m
2026-09-23T01:54:40.6366329Z shell: C:\Program Files\Git\bin\bash.EXE --noprofile --norc -e -o pipefail {0}
2026-09-23T01:54:40.6366682Z env:
2026-09-23T01:54:40.6366871Z   CARGO_HOME: <user-root>\.cargo
2026-09-23T01:54:40.6367106Z ##[endgroup]
2026-09-23T01:54:40.6911954Z ##[end-action id=__dtolnay_rust-toolchain.__run_3;outcome=success;conclusion=success;duration_ms=69]
2026-09-23T01:54:40.6916937Z ##[start-action display=rustup toolchain install 1.98.1;id=__dtolnay_rust-toolchain.__run_4]
2026-09-23T01:54:40.7053356Z ##[group]Run rustup toolchain install 1.98.1 --profile minimal --no-self-update
2026-09-23T01:54:40.7053851Z [36;1mrustup toolchain install 1.98.1 --profile minimal --no-self-update[0m
2026-09-23T01:54:40.7066883Z shell: C:\Program Files\Git\bin\bash.EXE --noprofile --norc -e -o pipefail {0}
2026-09-23T01:54:40.7067302Z env:
2026-09-23T01:54:40.7067500Z   CARGO_HOME: <user-root>\.cargo
2026-09-23T01:54:40.7067772Z   RUSTUP_PERMIT_COPY_RENAME: 1
2026-09-23T01:54:40.7067989Z ##[endgroup]
2026-09-23T01:54:41.6427337Z info: syncing channel updates for 1.98.1-x86_64-pc-windows-msvc
2026-09-23T01:54:42.2547087Z info: latest update on 2026-09-03 for version 1.98.1 (48a229cea 2026-09-01)
2026-09-23T01:54:42.2698940Z info: downloading 3 components
2026-09-23T01:54:50.3844133Z
2026-09-23T01:54:51.6455240Z   1.98.1-x86_64-pc-windows-msvc installed - rustc 1.98.1 (48a229cea 2026-09-01)
2026-09-23T01:54:51.6458713Z
2026-09-23T01:54:51.6566528Z ##[end-action id=__dtolnay_rust-toolchain.__run_4;outcome=success;conclusion=success;duration_ms=10964]
2026-09-23T01:54:51.6571897Z ##[start-action display=rustup default 1.98.1;id=__dtolnay_rust-toolchain.__run_5]
2026-09-23T01:54:51.6698311Z ##[group]Run rustup default 1.98.1
2026-09-23T01:54:51.6698573Z [36;1mrustup default 1.98.1[0m
2026-09-23T01:54:51.6711221Z shell: C:\Program Files\Git\bin\bash.EXE --noprofile --norc -e -o pipefail {0}
2026-09-23T01:54:51.6711643Z env:
2026-09-23T01:54:51.6711842Z   CARGO_HOME: <user-root>\.cargo
2026-09-23T01:54:51.6712128Z ##[endgroup]
2026-09-23T01:54:51.7368540Z info: using existing install for 1.98.1-x86_64-pc-windows-msvc
2026-09-23T01:54:51.7430531Z info: default toolchain set to 1.98.1-x86_64-pc-windows-msvc
2026-09-23T01:54:51.7430994Z
2026-09-23T01:54:51.7659257Z   1.98.1-x86_64-pc-windows-msvc unchanged - rustc 1.98.1 (48a229cea 2026-09-01)
2026-09-23T01:54:51.7659650Z
2026-09-23T01:54:51.7663227Z info: note that the toolchain '1.98.1-x86_64-pc-windows-msvc' is currently in use (overridden by 'D:\a\ecorp\ecorp\rust-toolchain.toml')
2026-09-23T01:54:51.7754162Z ##[end-action id=__dtolnay_rust-toolchain.__run_5;outcome=success;conclusion=success;duration_ms=118]
2026-09-23T01:54:51.7756456Z ##[start-action display=Create cachekey;id=__dtolnay_rust-toolchain.rustc-version]
2026-09-23T01:54:51.7883467Z ##[group]Run DATE=$(rustc +1.98.1 --version --verbose | sed -ne 's/^commit-date: \(20[0-9][0-9]\)-\([01][0-9]\)-\([0-3][0-9]\)$/\1\2\3/p')
2026-09-23T01:54:51.7885121Z [36;1mDATE=$(rustc +1.98.1 --version --verbose | sed -ne 's/^commit-date: \(20[0-9][0-9]\)-\([01][0-9]\)-\([0-3][0-9]\)$/\1\2\3/p')[0m
2026-09-23T01:54:51.7885767Z [36;1mHASH=$(rustc +1.98.1 --version --verbose | sed -ne 's/^commit-hash: //p')[0m
2026-09-23T01:54:51.7886229Z [36;1mecho "cachekey=$(echo $DATE$HASH | head -c12)" >> $GITHUB_OUTPUT[0m
2026-09-23T01:54:51.7898780Z shell: C:\Program Files\Git\bin\bash.EXE --noprofile --norc -e -o pipefail {0}
2026-09-23T01:54:51.7899140Z env:
2026-09-23T01:54:51.7899339Z   CARGO_HOME: <user-root>\.cargo
2026-09-23T01:54:51.7899585Z ##[endgroup]
2026-09-23T01:54:52.7186072Z ##[end-action id=__dtolnay_rust-toolchain.rustc-version;outcome=success;conclusion=success;duration_ms=942]
2026-09-23T01:54:52.7188446Z ##[start-action display=Disable incremental compilation;id=__dtolnay_rust-toolchain.__run_6]
2026-09-23T01:54:52.7311648Z ##[group]Run if [ -z "${CARGO_INCREMENTAL+set}" ]; then
2026-09-23T01:54:52.7312021Z [36;1mif [ -z "${CARGO_INCREMENTAL+set}" ]; then[0m
2026-09-23T01:54:52.7312358Z [36;1m  echo CARGO_INCREMENTAL=0 >> $GITHUB_ENV[0m
2026-09-23T01:54:52.7312615Z [36;1mfi[0m
2026-09-23T01:54:52.7325617Z shell: C:\Program Files\Git\bin\bash.EXE --noprofile --norc -e -o pipefail {0}
2026-09-23T01:54:52.7325982Z env:
2026-09-23T01:54:52.7326182Z   CARGO_HOME: <user-root>\.cargo
2026-09-23T01:54:52.7326449Z ##[endgroup]
2026-09-23T01:54:52.7733188Z ##[end-action id=__dtolnay_rust-toolchain.__run_6;outcome=success;conclusion=success;duration_ms=54]
2026-09-23T01:54:52.7735598Z ##[start-action display=Enable colors in Cargo output;id=__dtolnay_rust-toolchain.__run_7]
2026-09-23T01:54:52.7860865Z ##[group]Run if [ -z "${CARGO_TERM_COLOR+set}" ]; then
2026-09-23T01:54:52.7861230Z [36;1mif [ -z "${CARGO_TERM_COLOR+set}" ]; then[0m
2026-09-23T01:54:52.7861540Z [36;1m  echo CARGO_TERM_COLOR=always >> $GITHUB_ENV[0m
2026-09-23T01:54:52.7861811Z [36;1mfi[0m
2026-09-23T01:54:52.7874393Z shell: C:\Program Files\Git\bin\bash.EXE --noprofile --norc -e -o pipefail {0}
2026-09-23T01:54:52.7874748Z env:
2026-09-23T01:54:52.7874942Z   CARGO_HOME: <user-root>\.cargo
2026-09-23T01:54:52.7875191Z   CARGO_INCREMENTAL: 0
2026-09-23T01:54:52.7875380Z ##[endgroup]
2026-09-23T01:54:52.8266899Z ##[end-action id=__dtolnay_rust-toolchain.__run_7;outcome=success;conclusion=success;duration_ms=53]
2026-09-23T01:54:52.8269784Z ##[start-action display=Enable Cargo sparse registry;id=__dtolnay_rust-toolchain.__run_8]
2026-09-23T01:54:52.8394592Z ##[group]Run # implemented in 1.66, stabilized in 1.68, made default in 1.70
2026-09-23T01:54:52.8395083Z [36;1m# implemented in 1.66, stabilized in 1.68, made default in 1.70[0m
2026-09-23T01:54:52.8395682Z [36;1mif [ -z "${CARGO_REGISTRIES_CRATES_IO_PROTOCOL+set}" -o -f "D:\a\_temp"/.implicit_cargo_registries_crates_io_protocol ]; then[0m
2026-09-23T01:54:52.8396288Z [36;1m  if rustc +1.98.1 --version --verbose | grep -q '^release: 1\.6[89]\.'; then[0m
2026-09-23T01:54:52.8396761Z [36;1m    touch "D:\a\_temp"/.implicit_cargo_registries_crates_io_protocol || true[0m
2026-09-23T01:54:52.8397203Z [36;1m    echo CARGO_REGISTRIES_CRATES_IO_PROTOCOL=sparse >> $GITHUB_ENV[0m
2026-09-23T01:54:52.8397649Z [36;1m  elif rustc +1.98.1 --version --verbose | grep -q '^release: 1\.6[67]\.'; then[0m
2026-09-23T01:54:52.8398111Z [36;1m    touch "D:\a\_temp"/.implicit_cargo_registries_crates_io_protocol || true[0m
2026-09-23T01:54:52.8398552Z [36;1m    echo CARGO_REGISTRIES_CRATES_IO_PROTOCOL=git >> $GITHUB_ENV[0m
2026-09-23T01:54:52.8398863Z [36;1m  fi[0m
2026-09-23T01:54:52.8399031Z [36;1mfi[0m
2026-09-23T01:54:52.8412024Z shell: C:\Program Files\Git\bin\bash.EXE --noprofile --norc -e -o pipefail {0}
2026-09-23T01:54:52.8412384Z env:
2026-09-23T01:54:52.8412586Z   CARGO_HOME: <user-root>\.cargo
2026-09-23T01:54:52.8412847Z   CARGO_INCREMENTAL: 0
2026-09-23T01:54:52.8413055Z   CARGO_TERM_COLOR: always
2026-09-23T01:54:52.8413259Z ##[endgroup]
2026-09-23T01:54:53.0212830Z ##[end-action id=__dtolnay_rust-toolchain.__run_8;outcome=success;conclusion=success;duration_ms=194]
2026-09-23T01:54:53.0215415Z ##[start-action display=Work around spurious network errors in curl 8.0;id=__dtolnay_rust-toolchain.__run_9]
2026-09-23T01:54:53.0358135Z ##[group]Run # https://rust-lang.zulipchat.com/#narrow/stream/246057-t-cargo/topic/timeout.20investigation
2026-09-23T01:54:53.0358836Z [36;1m# https://rust-lang.zulipchat.com/#narrow/stream/246057-t-cargo/topic/timeout.20investigation[0m
2026-09-23T01:54:53.0359387Z [36;1mif rustc +1.98.1 --version --verbose | grep -q '^release: 1\.7[01]\.'; then[0m
2026-09-23T01:54:53.0359797Z [36;1m  echo CARGO_HTTP_MULTIPLEXING=false >> $GITHUB_ENV[0m
2026-09-23T01:54:53.0360080Z [36;1mfi[0m
2026-09-23T01:54:53.0373406Z shell: C:\Program Files\Git\bin\bash.EXE --noprofile --norc -e -o pipefail {0}
2026-09-23T01:54:53.0373774Z env:
2026-09-23T01:54:53.0373965Z   CARGO_HOME: <user-root>\.cargo
2026-09-23T01:54:53.0374220Z   CARGO_INCREMENTAL: 0
2026-09-23T01:54:53.0374449Z   CARGO_TERM_COLOR: always
2026-09-23T01:54:53.0374653Z ##[endgroup]
2026-09-23T01:54:53.1651392Z ##[end-action id=__dtolnay_rust-toolchain.__run_9;outcome=success;conclusion=success;duration_ms=143]
2026-09-23T01:54:53.1656320Z ##[start-action display=rustc +1.98.1 --version --verbose;id=__dtolnay_rust-toolchain.__run_10]
2026-09-23T01:54:53.1795338Z ##[group]Run rustc +1.98.1 --version --verbose
2026-09-23T01:54:53.1795666Z [36;1mrustc +1.98.1 --version --verbose[0m
2026-09-23T01:54:53.1808591Z shell: C:\Program Files\Git\bin\bash.EXE --noprofile --norc -e -o pipefail {0}
2026-09-23T01:54:53.1808975Z env:
2026-09-23T01:54:53.1809174Z   CARGO_HOME: <user-root>\.cargo
2026-09-23T01:54:53.1809444Z   CARGO_INCREMENTAL: 0
2026-09-23T01:54:53.1809661Z   CARGO_TERM_COLOR: always
2026-09-23T01:54:53.1809880Z ##[endgroup]
2026-09-23T01:54:53.2609912Z rustc 1.98.1 (48a229cea 2026-09-01)
2026-09-23T01:54:53.2610397Z binary: rustc
2026-09-23T01:54:53.2610790Z commit-hash: 48a229ceaefd4985c50990b14116b6d856af0985
2026-09-23T01:54:53.2612017Z commit-date: 2026-09-01
2026-09-23T01:54:53.2612378Z host: x86_64-pc-windows-msvc
2026-09-23T01:54:53.2612711Z release: 1.98.1
2026-09-23T01:54:53.2613170Z LLVM version: 22.1.8
2026-09-23T01:54:53.2749730Z ##[end-action id=__dtolnay_rust-toolchain.__run_10;outcome=success;conclusion=success;duration_ms=109]
2026-09-23T01:54:53.2963954Z ##[group]Run actions/setup-node@820762786026740c76f36085b0efc47a31fe5020
2026-09-23T01:54:53.2964359Z with:
2026-09-23T01:54:53.2964566Z   node-version-file: .node-version
2026-09-23T01:54:53.2964804Z   check-latest: false
2026-09-23T01:54:53.2967129Z   token: ***
2026-09-23T01:54:53.2967334Z   package-manager-cache: true
2026-09-23T01:54:53.2967558Z env:
2026-09-23T01:54:53.2967738Z   CARGO_HOME: <user-root>\.cargo
2026-09-23T01:54:53.2967982Z   CARGO_INCREMENTAL: 0
2026-09-23T01:54:53.2968193Z   CARGO_TERM_COLOR: always
2026-09-23T01:54:53.2968390Z ##[endgroup]
2026-09-23T01:54:53.4556697Z Node version file is not JSON file
2026-09-23T01:54:53.4558408Z Resolved .node-version as 24.19.0
2026-09-23T01:54:53.4576449Z Attempting to download 24.19.0...
2026-09-23T01:54:54.4071973Z Acquiring 24.19.0 - x64 from https://github.com/actions/node-versions/releases/download/24.19.0-30872449280/node-24.19.0-win32-x64.7z
2026-09-23T01:54:54.8207477Z Extracting ...
2026-09-23T01:54:56.9624308Z Adding to the cache ...
2026-09-23T01:54:59.9194174Z ##[group]Environment details
2026-09-23T01:55:02.3540782Z node: v24.19.0
2026-09-23T01:55:02.3541017Z npm: 11.17.0
2026-09-23T01:55:02.3541191Z yarn: 1.22.22
2026-09-23T01:55:02.3541622Z ##[endgroup]
2026-09-23T01:55:02.3918322Z ##[group]Run Swatinem/rust-cache@6323deb102c322ba6fcbdcafc7e3dddab59af2b6
2026-09-23T01:55:02.3918873Z with:
2026-09-23T01:55:02.3919066Z   prefix-key: v0-rust
2026-09-23T01:55:02.3919297Z   add-job-id-key: true
2026-09-23T01:55:02.3919547Z   add-rust-environment-hash-key: true
2026-09-23T01:55:02.3919801Z   cache-targets: true
2026-09-23T01:55:02.3919997Z   cache-all-crates: false
2026-09-23T01:55:02.3920205Z   cache-workspace-crates: false
2026-09-23T01:55:02.3920417Z   save-if: true
2026-09-23T01:55:02.3920600Z   cache-provider: github
2026-09-23T01:55:02.3920798Z   cache-bin: true
2026-09-23T01:55:02.3920977Z   lookup-only: false
2026-09-23T01:55:02.3921168Z   cmd-format: {0}
2026-09-23T01:55:02.3921332Z env:
2026-09-23T01:55:02.3921512Z   CARGO_HOME: <user-root>\.cargo
2026-09-23T01:55:02.3921752Z   CARGO_INCREMENTAL: 0
2026-09-23T01:55:02.3921944Z   CARGO_TERM_COLOR: always
2026-09-23T01:55:02.3922325Z ##[endgroup]
2026-09-23T01:55:10.6213894Z ##[group]Cache Configuration
2026-09-23T01:55:10.6224127Z Cache Provider:
2026-09-23T01:55:10.6224542Z     github
2026-09-23T01:55:10.6224847Z Workspaces:
2026-09-23T01:55:10.6225171Z     D:\a\ecorp\ecorp
2026-09-23T01:55:10.6225526Z Cache Paths:
2026-09-23T01:55:10.6225938Z     <user-root>\.cargo\bin
2026-09-23T01:55:10.6227283Z     <user-root>\.cargo\.crates.toml
2026-09-23T01:55:10.6227840Z     <user-root>\.cargo\.crates2.json
2026-09-23T01:55:10.6228323Z     <user-root>\.cargo\registry
2026-09-23T01:55:10.6228820Z     <user-root>\.cargo\git
2026-09-23T01:55:10.6229268Z     D:\a\ecorp\ecorp\target
2026-09-23T01:55:10.6229691Z Restore Key:
2026-09-23T01:55:10.6230142Z     v0-rust-runner-platforms-Windows_NT-x64-2113753f
2026-09-23T01:55:10.6230612Z Cache Key:
2026-09-23T01:55:10.6231080Z     v0-rust-runner-platforms-Windows_NT-x64-2113753f-adee6779
2026-09-23T01:55:10.6231613Z .. Prefix:
2026-09-23T01:55:10.6232016Z   - v0-rust-runner-platforms-Windows_NT-x64
2026-09-23T01:55:10.6232537Z .. Environment considered:
2026-09-23T01:55:10.6232906Z   - Rust Versions:
2026-09-23T01:55:10.6233403Z     - 1.98.1 x86_64-pc-windows-msvc 48a229ceaefd4985c50990b14116b6d856af0985
2026-09-23T01:55:10.6233953Z   - CARGO_HOME
2026-09-23T01:55:10.6234253Z   - CARGO_INCREMENTAL
2026-09-23T01:55:10.6234619Z   - CARGO_TERM_COLOR
2026-09-23T01:55:10.6235031Z .. Lockfiles considered:
2026-09-23T01:55:10.6237033Z   - D:\a\ecorp\ecorp\Cargo.lock
2026-09-23T01:55:10.6237711Z   - D:\a\ecorp\ecorp\crates\crony-cli\Cargo.toml
2026-09-23T01:55:10.6241182Z   - D:\a\ecorp\ecorp\crates\crony-domain\Cargo.toml
2026-09-23T01:55:10.6242720Z   - D:\a\ecorp\ecorp\crates\crony-gateways\Cargo.toml
2026-09-23T01:55:10.6243655Z   - D:\a\ecorp\ecorp\crates\crony-protocol\Cargo.toml
2026-09-23T01:55:10.6244808Z   - D:\a\ecorp\ecorp\crates\crony-runner\Cargo.toml
2026-09-23T01:55:10.6245715Z   - D:\a\ecorp\ecorp\crates\crony-server\Cargo.toml
2026-09-23T01:55:10.6246613Z   - D:\a\ecorp\ecorp\crates\crony-store\Cargo.toml
2026-09-23T01:55:10.6247462Z   - D:\a\ecorp\ecorp\rust-toolchain.toml
2026-09-23T01:55:10.6248658Z ##[endgroup]
2026-09-23T01:55:10.6249009Z
2026-09-23T01:55:10.6249201Z ... Restoring cache ...
2026-09-23T01:55:10.9639137Z Cache hit for: v0-rust-runner-platforms-Windows_NT-x64-2113753f-adee6779
2026-09-23T01:55:12.1968708Z Received 58720256 of 1200614943 (4.9%), 55.7 MBs/sec
2026-09-23T01:55:13.1987331Z Received 209715200 of 1200614943 (17.5%), 99.7 MBs/sec
2026-09-23T01:55:14.2775997Z Received 268435456 of 1200614943 (22.4%), 83.0 MBs/sec
2026-09-23T01:55:15.2766834Z Received 402653184 of 1200614943 (33.5%), 94.0 MBs/sec
2026-09-23T01:55:16.2903664Z Received 536870912 of 1200614943 (44.7%), 100.4 MBs/sec
2026-09-23T01:55:17.2910297Z Received 671088640 of 1200614943 (55.9%), 104.9 MBs/sec
2026-09-23T01:55:18.2916332Z Received 805306368 of 1200614943 (67.1%), 108.2 MBs/sec
2026-09-23T01:55:19.4141870Z Received 939524096 of 1200614943 (78.3%), 109.0 MBs/sec
2026-09-23T01:55:20.4259426Z Received 1069547520 of 1200614943 (89.1%), 110.5 MBs/sec
2026-09-23T01:55:21.4260995Z Received 1174405120 of 1200614943 (97.8%), 109.4 MBs/sec
2026-09-23T01:55:21.7726118Z Received 1200614943 of 1200614943 (100.0%), 108.2 MBs/sec
2026-09-23T01:55:21.7729443Z Cache Size: ~1145 MB (1200614943 B)
2026-09-23T01:55:21.7823713Z [command]"C:\Program Files\Git\usr\bin\tar.exe" -xf D:/a/_temp/63e6d23b-c01c-4553-8940-d684c68854f5/cache.tzst -P -C D:/a/ecorp/ecorp --force-local --use-compress-program "zstd -d"
2026-09-23T01:55:33.9661065Z Cache restored successfully
2026-09-23T01:55:34.0702753Z Restored from cache key "v0-rust-runner-platforms-Windows_NT-x64-2113753f-adee6779" full match: true.
2026-09-23T01:55:34.1007592Z ##[group]Run cargo test --locked -p crony-runner --no-run
2026-09-23T01:55:34.1008117Z [36;1mcargo test --locked -p crony-runner --no-run[0m
2026-09-23T01:55:34.1845952Z shell: C:\Program Files\PowerShell\7\pwsh.EXE -command ". '{0}'"
2026-09-23T01:55:34.1846306Z env:
2026-09-23T01:55:34.1846534Z   CARGO_HOME: <user-root>\.cargo
2026-09-23T01:55:34.1846809Z   CARGO_INCREMENTAL: 0
2026-09-23T01:55:34.1847045Z   CARGO_TERM_COLOR: always
2026-09-23T01:55:34.1847267Z   CACHE_ON_FAILURE: false
2026-09-23T01:55:34.1847486Z ##[endgroup]
2026-09-23T01:55:34.6225783Z [1m[92m    Updating[0m crates.io index
2026-09-23T01:55:44.3989128Z [1m[92m   Compiling[0m crony-domain v0.1.0 (D:\a\ecorp\ecorp\crates\crony-domain)
2026-09-23T01:55:47.2846112Z [1m[92m   Compiling[0m crony-protocol v0.1.0 (D:\a\ecorp\ecorp\crates\crony-protocol)
2026-09-23T01:55:50.2380936Z [1m[92m   Compiling[0m crony-runner v0.1.0 (D:\a\ecorp\ecorp\crates\crony-runner)
2026-09-23T01:56:20.9626008Z [1m[92m    Finished[0m `test` profile [unoptimized + debuginfo] target(s) in 46.40s
2026-09-23T01:56:20.9808131Z [1m[92m  Executable[0m unittests src\main.rs (target\debug\deps\crony_runner-a000096d4b3c3daf.exe)
2026-09-23T01:56:21.1081559Z ##[group]Run python -m unittest discover -s tools -p test_startup_validation_harness.py
2026-09-23T01:56:21.1082206Z [36;1mpython -m unittest discover -s tools -p test_startup_validation_harness.py[0m
2026-09-23T01:56:21.1159253Z shell: C:\Program Files\PowerShell\7\pwsh.EXE -command ". '{0}'"
2026-09-23T01:56:21.1159607Z env:
2026-09-23T01:56:21.1159824Z   CARGO_HOME: <user-root>\.cargo
2026-09-23T01:56:21.1160092Z   CARGO_INCREMENTAL: 0
2026-09-23T01:56:21.1160322Z   CARGO_TERM_COLOR: always
2026-09-23T01:56:21.1160555Z   CACHE_ON_FAILURE: false
2026-09-23T01:56:21.1160765Z ##[endgroup]
2026-09-23T01:56:25.5394897Z .....
2026-09-23T01:56:25.5395335Z ----------------------------------------------------------------------
2026-09-23T01:56:25.5396900Z Ran 5 tests in 1.682s
2026-09-23T01:56:25.5397059Z
2026-09-23T01:56:25.5397144Z OK
2026-09-23T01:56:25.7043492Z ##[group]Run python -m unittest discover -s tools -p test_public_evidence_verifier.py
2026-09-23T01:56:25.7044142Z [36;1mpython -m unittest discover -s tools -p test_public_evidence_verifier.py[0m
2026-09-23T01:56:25.7111267Z shell: C:\Program Files\PowerShell\7\pwsh.EXE -command ". '{0}'"
2026-09-23T01:56:25.7111616Z env:
2026-09-23T01:56:25.7111833Z   CARGO_HOME: <user-root>\.cargo
2026-09-23T01:56:25.7112098Z   CARGO_INCREMENTAL: 0
2026-09-23T01:56:25.7112333Z   CARGO_TERM_COLOR: always
2026-09-23T01:56:25.7112666Z   CACHE_ON_FAILURE: false
2026-09-23T01:56:25.7112964Z ##[endgroup]
2026-09-23T01:56:32.1693374Z ...F..F.......FE...F.FF..
2026-09-23T01:56:32.1694008Z ======================================================================
2026-09-23T01:56:32.1695524Z ERROR: test_intact_copy_under_linked_temporary_parent_is_accepted (test_public_evidence_verifier.PublicEvidenceVerifierTests.test_intact_copy_under_linked_temporary_parent_is_accepted)
2026-09-23T01:56:32.1697507Z ----------------------------------------------------------------------
2026-09-23T01:56:32.1698359Z Traceback (most recent call last):
2026-09-23T01:56:32.1699441Z   File "D:\a\ecorp\ecorp\tools\test_public_evidence_verifier.py", line 251, in test_intact_copy_under_linked_temporary_parent_is_accepted
2026-09-23T01:56:32.1700376Z     with self.packet_copy() as base:
2026-09-23T01:56:32.1700803Z          ^^^^^^^^^^^^^^^^^^
2026-09-23T01:56:32.1701752Z   File "C:\hostedtoolcache\windows\Python\3.12.10\x64\Lib\contextlib.py", line 137, in __enter__
2026-09-23T01:56:32.1703077Z     return next(self.gen)
2026-09-23T01:56:32.1703699Z            ^^^^^^^^^^^^^^
2026-09-23T01:56:32.1704890Z   File "D:\a\ecorp\ecorp\tools\test_public_evidence_verifier.py", line 67, in packet_copy
2026-09-23T01:56:32.1706417Z     shutil.copytree(EVIDENCE / packet, base / packet)
2026-09-23T01:56:32.1707880Z   File "C:\hostedtoolcache\windows\Python\3.12.10\x64\Lib\unittest\mock.py", line 1139, in __call__
2026-09-23T01:56:32.1708665Z     return self._mock_call(*args, **kwargs)
2026-09-23T01:56:32.1709118Z            ^^^^^^^^^^^^^^^^^^^^^^^^^^^^^^^^
2026-09-23T01:56:32.1709854Z   File "C:\hostedtoolcache\windows\Python\3.12.10\x64\Lib\unittest\mock.py", line 1143, in _mock_call
2026-09-23T01:56:32.1710604Z     return self._execute_mock_call(*args, **kwargs)
2026-09-23T01:56:32.1711105Z            ^^^^^^^^^^^^^^^^^^^^^^^^^^^^^^^^^^^^^^^^
2026-09-23T01:56:32.1711894Z   File "C:\hostedtoolcache\windows\Python\3.12.10\x64\Lib\unittest\mock.py", line 1204, in _execute_mock_call
2026-09-23T01:56:32.1712726Z     result = effect(*args, **kwargs)
2026-09-23T01:56:32.1713156Z              ^^^^^^^^^^^^^^^^^^^^^^^
2026-09-23T01:56:32.1713887Z   File "D:\a\ecorp\ecorp\tools\test_public_evidence_verifier.py", line 242, in copy_to_canonical_root
2026-09-23T01:56:32.1714647Z     return copytree(source, destination)
2026-09-23T01:56:32.1715077Z            ^^^^^^^^^^^^^^^^^^^^^^^^^^^^^
2026-09-23T01:56:32.1715769Z   File "C:\hostedtoolcache\windows\Python\3.12.10\x64\Lib\shutil.py", line 600, in copytree
2026-09-23T01:56:32.1716650Z     return _copytree(entries=entries, src=src, dst=dst, symlinks=symlinks,
2026-09-23T01:56:32.1717303Z            ^^^^^^^^^^^^^^^^^^^^^^^^^^^^^^^^^^^^^^^^^^^^^^^^^^^^^^^^^^^^^^^
2026-09-23T01:56:32.1718380Z   File "C:\hostedtoolcache\windows\Python\3.12.10\x64\Lib\shutil.py", line 536, in _copytree
2026-09-23T01:56:32.1719223Z     copytree(srcobj, dstname, symlinks, ignore, copy_function,
2026-09-23T01:56:32.1720069Z   File "C:\hostedtoolcache\windows\Python\3.12.10\x64\Lib\unittest\mock.py", line 1139, in __call__
2026-09-23T01:56:32.1720809Z     return self._mock_call(*args, **kwargs)
2026-09-23T01:56:32.1721284Z            ^^^^^^^^^^^^^^^^^^^^^^^^^^^^^^^^
2026-09-23T01:56:32.1722003Z   File "C:\hostedtoolcache\windows\Python\3.12.10\x64\Lib\unittest\mock.py", line 1143, in _mock_call
2026-09-23T01:56:32.1723255Z     return self._execute_mock_call(*args, **kwargs)
2026-09-23T01:56:32.1726260Z            ^^^^^^^^^^^^^^^^^^^^^^^^^^^^^^^^^^^^^^^^
2026-09-23T01:56:32.1727398Z   File "C:\hostedtoolcache\windows\Python\3.12.10\x64\Lib\unittest\mock.py", line 1204, in _execute_mock_call
2026-09-23T01:56:32.1728247Z     result = effect(*args, **kwargs)
2026-09-23T01:56:32.1728928Z              ^^^^^^^^^^^^^^^^^^^^^^^
2026-09-23T01:56:32.1730350Z TypeError: PublicEvidenceVerifierTests.test_intact_copy_under_linked_temporary_parent_is_accepted.<locals>.copy_to_canonical_root() takes 2 positional arguments but 7 were given
2026-09-23T01:56:32.1731402Z
2026-09-23T01:56:32.1731794Z ======================================================================
2026-09-23T01:56:32.1733304Z FAIL: test_compressed_archive_file_is_capped_before_zip_parsing (test_public_evidence_verifier.PublicEvidenceVerifierTests.test_compressed_archive_file_is_capped_before_zip_parsing)
2026-09-23T01:56:32.1734750Z ----------------------------------------------------------------------
2026-09-23T01:56:32.1735513Z AssertionError: ('non-regular evidence entry', '__pycache__')
2026-09-23T01:56:32.1735945Z
2026-09-23T01:56:32.1736387Z During handling of the above exception, another exception occurred:
2026-09-23T01:56:32.1736889Z
2026-09-23T01:56:32.1737151Z Traceback (most recent call last):
2026-09-23T01:56:32.1739050Z   File "D:\a\ecorp\ecorp\tools\test_public_evidence_verifier.py", line 211, in test_compressed_archive_file_is_capped_before_zip_parsing
2026-09-23T01:56:32.1741039Z     with self.assertRaisesRegex(AssertionError, "evidence file exceeds byte limit"):
2026-09-23T01:56:32.1742341Z          ^^^^^^^^^^^^^^^^^^^^^^^^^^^^^^^^^^^^^^^^^^^^^^^^^^^^^^^^^^^^^^^^^^^^^^^^^^
2026-09-23T01:56:32.1744059Z AssertionError: "evidence file exceeds byte limit" does not match "('non-regular evidence entry', '__pycache__')"
2026-09-23T01:56:32.1745580Z
2026-09-23T01:56:32.1746188Z ======================================================================
2026-09-23T01:56:32.1747915Z FAIL: test_duplicate_archive_manifest_rows_are_rejected (test_public_evidence_verifier.PublicEvidenceVerifierTests.test_duplicate_archive_manifest_rows_are_rejected)
2026-09-23T01:56:32.1749416Z ----------------------------------------------------------------------
2026-09-23T01:56:32.1750115Z Traceback (most recent call last):
2026-09-23T01:56:32.1751608Z   File "D:\a\ecorp\ecorp\tools\test_public_evidence_verifier.py", line 225, in test_duplicate_archive_manifest_rows_are_rejected
2026-09-23T01:56:32.1753094Z     self.assert_refused(base, "duplicate archive path")
2026-09-23T01:56:32.1754034Z   File "D:\a\ecorp\ecorp\tools\test_public_evidence_verifier.py", line 74, in assert_refused
2026-09-23T01:56:32.1754871Z     self.assertIn(message, result.stderr)
2026-09-23T01:56:32.1761549Z AssertionError: 'duplicate archive path' not found in 'Traceback (most recent call last):\n  File "<user-root>\\AppData\\Local\\Temp\\ecorp-public-evidence-test-4rwhbijw\\evidence\\pr362-combined-20260921\\verify_public.py", line 212, in <module>\n    verify(Path(__file__).absolute().parent.parent, args.source)\n  File "<user-root>\\AppData\\Local\\Temp\\ecorp-public-evidence-test-4rwhbijw\\evidence\\pr362-combined-20260921\\verify_public.py", line 138, in verify\n    regular_file(directory, entry.name)\n  File "<user-root>\\AppData\\Local\\Temp\\ecorp-public-evidence-test-4rwhbijw\\evidence\\pr362-combined-20260921\\verify_public.py", line 59, in regular_file\n    assert stat.S_ISREG(info.st_mode), (\'non-regular evidence entry\', str(relative))\n           ^^^^^^^^^^^^^^^^^^^^^^^^^^\nAssertionError: (\'non-regular evidence entry\', \'__pycache__\')\n'
2026-09-23T01:56:32.1767162Z
2026-09-23T01:56:32.1767652Z ======================================================================
2026-09-23T01:56:32.1769943Z FAIL: test_image_path_cannot_escape_manifest_inventory (test_public_evidence_verifier.PublicEvidenceVerifierTests.test_image_path_cannot_escape_manifest_inventory)
2026-09-23T01:56:32.1773268Z ----------------------------------------------------------------------
2026-09-23T01:56:32.1774292Z Traceback (most recent call last):
2026-09-23T01:56:32.1775676Z   File "D:\a\ecorp\ecorp\tools\test_public_evidence_verifier.py", line 337, in test_image_path_cannot_escape_manifest_inventory
2026-09-23T01:56:32.1776976Z     self.assert_refused(base, "unsafe packet filename")
2026-09-23T01:56:32.1778058Z   File "D:\a\ecorp\ecorp\tools\test_public_evidence_verifier.py", line 74, in assert_refused
2026-09-23T01:56:32.1779294Z     self.assertIn(message, result.stderr)
2026-09-23T01:56:32.1786282Z AssertionError: 'unsafe packet filename' not found in 'Traceback (most recent call last):\n  File "<user-root>\\AppData\\Local\\Temp\\ecorp-public-evidence-test-db3_phwa\\evidence\\pr362-combined-20260921\\verify_public.py", line 212, in <module>\n    verify(Path(__file__).absolute().parent.parent, args.source)\n  File "<user-root>\\AppData\\Local\\Temp\\ecorp-public-evidence-test-db3_phwa\\evidence\\pr362-combined-20260921\\verify_public.py", line 138, in verify\n    regular_file(directory, entry.name)\n  File "<user-root>\\AppData\\Local\\Temp\\ecorp-public-evidence-test-db3_phwa\\evidence\\pr362-combined-20260921\\verify_public.py", line 59, in regular_file\n    assert stat.S_ISREG(info.st_mode), (\'non-regular evidence entry\', str(relative))\n           ^^^^^^^^^^^^^^^^^^^^^^^^^^\nAssertionError: (\'non-regular evidence entry\', \'__pycache__\')\n'
2026-09-23T01:56:32.1791240Z
2026-09-23T01:56:32.1791603Z ======================================================================
2026-09-23T01:56:32.1793081Z FAIL: test_normal_interpreter_accepts_intact_packet (test_public_evidence_verifier.PublicEvidenceVerifierTests.test_normal_interpreter_accepts_intact_packet)
2026-09-23T01:56:32.1794568Z ----------------------------------------------------------------------
2026-09-23T01:56:32.1795331Z Traceback (most recent call last):
2026-09-23T01:56:32.1796306Z   File "D:\a\ecorp\ecorp\tools\test_public_evidence_verifier.py", line 116, in test_normal_interpreter_accepts_intact_packet
2026-09-23T01:56:32.1797392Z     self.assertEqual(result.returncode, 0, result.stderr)
2026-09-23T01:56:32.1798271Z AssertionError: 1 != 0 : Traceback (most recent call last):
2026-09-23T01:56:32.1799881Z   File "D:\a\ecorp\ecorp\docs\evidence\pr362-combined-20260921\verify_public.py", line 212, in <module>
2026-09-23T01:56:32.1800915Z     verify(Path(__file__).absolute().parent.parent, args.source)
2026-09-23T01:56:32.1802025Z   File "D:\a\ecorp\ecorp\docs\evidence\pr362-combined-20260921\verify_public.py", line 138, in verify
2026-09-23T01:56:32.1802859Z     regular_file(directory, entry.name)
2026-09-23T01:56:32.1803802Z   File "D:\a\ecorp\ecorp\docs\evidence\pr362-combined-20260921\verify_public.py", line 59, in regular_file
2026-09-23T01:56:32.1804977Z     assert stat.S_ISREG(info.st_mode), ('non-regular evidence entry', str(relative))
2026-09-23T01:56:32.1805807Z            ^^^^^^^^^^^^^^^^^^^^^^^^^^
2026-09-23T01:56:32.1806656Z AssertionError: ('non-regular evidence entry', '__pycache__')
2026-09-23T01:56:32.1807123Z
2026-09-23T01:56:32.1807134Z
2026-09-23T01:56:32.1807444Z ======================================================================
2026-09-23T01:56:32.1809140Z FAIL: test_oversized_zip_member_is_refused_before_decompression (test_public_evidence_verifier.PublicEvidenceVerifierTests.test_oversized_zip_member_is_refused_before_decompression)
2026-09-23T01:56:32.1810801Z ----------------------------------------------------------------------
2026-09-23T01:56:32.1811669Z AssertionError: ('non-regular evidence entry', '__pycache__')
2026-09-23T01:56:32.1812174Z
2026-09-23T01:56:32.1812601Z During handling of the above exception, another exception occurred:
2026-09-23T01:56:32.1813079Z
2026-09-23T01:56:32.1813324Z Traceback (most recent call last):
2026-09-23T01:56:32.1814704Z   File "D:\a\ecorp\ecorp\tools\test_public_evidence_verifier.py", line 219, in test_oversized_zip_member_is_refused_before_decompression
2026-09-23T01:56:32.1816270Z     with self.assertRaisesRegex(AssertionError, "archive member exceeds byte limit"):
2026-09-23T01:56:32.1817176Z          ^^^^^^^^^^^^^^^^^^^^^^^^^^^^^^^^^^^^^^^^^^^^^^^^^^^^^^^^^^^^^^^^^^^^^^^^^^^
2026-09-23T01:56:32.1818262Z AssertionError: "archive member exceeds byte limit" does not match "('non-regular evidence entry', '__pycache__')"
2026-09-23T01:56:32.1819036Z
2026-09-23T01:56:32.1819741Z ======================================================================
2026-09-23T01:56:32.1821319Z FAIL: test_readme_link_cannot_escape_the_verified_packets (test_public_evidence_verifier.PublicEvidenceVerifierTests.test_readme_link_cannot_escape_the_verified_packets)
2026-09-23T01:56:32.1822789Z ----------------------------------------------------------------------
2026-09-23T01:56:32.1823461Z Traceback (most recent call last):
2026-09-23T01:56:32.1824531Z   File "D:\a\ecorp\ecorp\tools\test_public_evidence_verifier.py", line 359, in test_readme_link_cannot_escape_the_verified_packets
2026-09-23T01:56:32.1825661Z     self.assert_refused(base, "unsafe README evidence link")
2026-09-23T01:56:32.1826569Z   File "D:\a\ecorp\ecorp\tools\test_public_evidence_verifier.py", line 74, in assert_refused
2026-09-23T01:56:32.1827620Z     self.assertIn(message, result.stderr)
2026-09-23T01:56:32.1834676Z AssertionError: 'unsafe README evidence link' not found in 'Traceback (most recent call last):\n  File "<user-root>\\AppData\\Local\\Temp\\ecorp-public-evidence-test-csip1lt4\\evidence\\pr362-combined-20260921\\verify_public.py", line 212, in <module>\n    verify(Path(__file__).absolute().parent.parent, args.source)\n  File "<user-root>\\AppData\\Local\\Temp\\ecorp-public-evidence-test-csip1lt4\\evidence\\pr362-combined-20260921\\verify_public.py", line 138, in verify\n    regular_file(directory, entry.name)\n  File "<user-root>\\AppData\\Local\\Temp\\ecorp-public-evidence-test-csip1lt4\\evidence\\pr362-combined-20260921\\verify_public.py", line 59, in regular_file\n    assert stat.S_ISREG(info.st_mode), (\'non-regular evidence entry\', str(relative))\n           ^^^^^^^^^^^^^^^^^^^^^^^^^^\nAssertionError: (\'non-regular evidence entry\', \'__pycache__\')\n'
2026-09-23T01:56:32.1840262Z
2026-09-23T01:56:32.1840675Z ----------------------------------------------------------------------
2026-09-23T01:56:32.1841332Z Ran 25 tests in 6.079s
2026-09-23T01:56:32.1841572Z
2026-09-23T01:56:32.1841827Z FAILED (failures=6, errors=1)
2026-09-23T01:56:32.2855506Z ##[error]Process completed with exit code 1.
2026-09-23T01:56:32.3063996Z Node 20 is being deprecated. This workflow is running with Node 24 by default. If you need to temporarily use Node 20, you can set the ACTIONS_ALLOW_USE_UNSECURE_NODE_VERSION=true environment variable. For more information see: https://github.blog/changelog/2025-09-19-deprecation-of-node-20-on-github-actions-runners/
2026-09-23T01:56:32.3065478Z ##[group]Run actions/upload-artifact@ea165f8d65b6e75b540449e92b4886f43607fa02
2026-09-23T01:56:32.3065853Z with:
2026-09-23T01:56:32.3066104Z   name: runner-platform-windows-readiness-1
2026-09-23T01:56:32.3066466Z   path: output/runner-platform-windows-readiness/
2026-09-23T01:56:32.3066770Z   if-no-files-found: warn
2026-09-23T01:56:32.3067000Z   retention-days: 14
2026-09-23T01:56:32.3067214Z   compression-level: 6
2026-09-23T01:56:32.3067446Z   overwrite: false
2026-09-23T01:56:32.3067645Z   include-hidden-files: false
2026-09-23T01:56:32.3067862Z env:
2026-09-23T01:56:32.3068066Z   CARGO_HOME: <user-root>\.cargo
2026-09-23T01:56:32.3068749Z   CARGO_INCREMENTAL: 0
2026-09-23T01:56:32.3068965Z   CARGO_TERM_COLOR: always
2026-09-23T01:56:32.3069193Z   CACHE_ON_FAILURE: false
2026-09-23T01:56:32.3069393Z ##[endgroup]
2026-09-23T01:56:32.5075645Z (node:7800) [DEP0040] DeprecationWarning: The `punycode` module is deprecated. Please use a userland alternative instead.
2026-09-23T01:56:32.5076699Z (Use `node --trace-deprecation ...` to show where the warning was created)
2026-09-23T01:56:32.5139762Z ##[warning]No files were found with the provided path: output/runner-platform-windows-readiness/. No artifacts will be uploaded.
2026-09-23T01:56:32.5467232Z Post job cleanup.
2026-09-23T01:56:32.7357856Z [command]"C:\Program Files\Git\bin\git.exe" version
2026-09-23T01:56:32.7657216Z git version 2.55.0.windows.5
2026-09-23T01:56:32.7727235Z Temporarily overriding HOME='D:\a\_temp\6e81b8a2-1472-45b2-97a4-2fa193299309' before making global git config changes
2026-09-23T01:56:32.7728528Z Adding repository directory to the temporary git global config as a safe directory
2026-09-23T01:56:32.7739199Z [command]"C:\Program Files\Git\bin\git.exe" config --global --add safe.directory D:\a\ecorp\ecorp
2026-09-23T01:56:32.8042392Z Removing SSH command configuration
2026-09-23T01:56:32.8053425Z [command]"C:\Program Files\Git\bin\git.exe" config --local --name-only --get-regexp core\.sshCommand
2026-09-23T01:56:32.8341853Z [command]"C:\Program Files\Git\bin\git.exe" submodule foreach --recursive "sh -c \"git config --local --name-only --get-regexp 'core\.sshCommand' && git config --local --unset-all 'core.sshCommand' || :\""
2026-09-23T01:56:33.3731814Z Removing HTTP extra header
2026-09-23T01:56:33.3743827Z [command]"C:\Program Files\Git\bin\git.exe" config --local --name-only --get-regexp http\.https\:\/\/github\.com\/\.extraheader
2026-09-23T01:56:33.4046963Z [command]"C:\Program Files\Git\bin\git.exe" submodule foreach --recursive "sh -c \"git config --local --name-only --get-regexp 'http\.https\:\/\/github\.com\/\.extraheader' && git config --local --unset-all 'http.https://github.com/.extraheader' || :\""
2026-09-23T01:56:33.9324013Z Removing includeIf entries pointing to credentials config files
2026-09-23T01:56:33.9335551Z [command]"C:\Program Files\Git\bin\git.exe" config --local --name-only --get-regexp ^includeIf\.gitdir:
2026-09-23T01:56:33.9627198Z [command]"C:\Program Files\Git\bin\git.exe" submodule foreach --recursive "git config --local --show-origin --name-only --get-regexp remote.origin.url"
2026-09-23T01:56:34.5047401Z Cleaning up orphan processes
2026-09-23T01:56:34.5198603Z Terminate orphan process: pid (6444) (vctip)
2026-09-23T01:56:34.5210851Z ##[warning]Node.js 20 is deprecated. The following actions target Node.js 20 but are being forced to run on Node.js 24: actions/upload-artifact@ea165f8d65b6e75b540449e92b4886f43607fa02. For more information see: https://github.blog/changelog/2025-09-19-deprecation-of-node-20-on-github-actions-runners/
