{
  "status": "passed",
  "suite": "issue224-public-planned-attempts",
  "result": "<USERPROFILE>\\code\\qa\\issue224-planned-attempts-20260927-r2\\evidence\\planned-attempts-20260927T112741951Z-80554915-d79a-4a89-bd86-4bd693e2b479\\0143-result.json",
  "ids": {
    "item": "9b20e86e-7aa9-4788-83fb-e985d40f9a43",
    "mission": "2b7f12a2-9474-42b7-bc20-c72173f4d822",
    "task": "56a97ce3-ca81-4d00-ad92-4f620e75a05f",
    "preexecution_revision": "d39d7135-b076-428a-9673-a701383712b6",
    "original": "8b95419d-b13d-40a5-b14e-df8d11506542",
    "verifier": "30d2f2c7-81c4-408b-9da0-0a4db3308a8d",
    "checkpoint_recovery": "82071a09-ca5c-46be-b4eb-bd53e3e73460",
    "first_revision": "8cb27248-f123-4677-9c8d-a7ff1cb00b68",
    "first_correction": "a7c76d97-dcf5-4770-97b3-84824e938cf0",
    "first_recovery": "08a7a117-6063-41cf-a2f5-f671f6126772",
    "second_revision": "07d8d628-aacb-4f1d-9559-a0c0ca0c862b",
    "second_correction": "38057ca0-67a0-4ce6-909f-29d3ec50f63f",
    "second_recovery": "3a5adebc-f98d-4dff-be6a-1c784964cf9b"
  },
  "summary": {
    "mission_count_created": 1,
    "task_count_created": 1,
    "run_count": 4,
    "provider_attempts": 3,
    "checkpoint_verifiers": 1,
    "initial_max_attempts": 3,
    "attempt_sequence": [
      1,
      1,
      2,
      3
    ],
    "active_context_remaining_attempts": 0,
    "final_remaining_attempts": 0,
    "original_mission_tokens": 10000,
    "preexecution_task_tokens": 5700,
    "observed_tokens_spent": 6024,
    "observed_remaining_mission_tokens": 3976,
    "first_correction_failure": "native_verification_failed_not_transport_run_failed",
    "second_correction": "same_policy_passed_then_independent_bob_approval",
    "final_factory_state": "verified",
    "original_history_preserved": true,
    "source_artifact_id": "bd7320d9-fa81-4a43-89c1-eea33a544e4e",
    "source_sha256": "5a62f95bcdb66971a028f8c88dab44bad3ac3ee8c0367b278a84199e8a4ee3b4",
    "no_vendor_inference_or_browser_acceptance_claim": true
  }
}
