$ node --test --test-concurrency=2 --test-timeout=180000 scenarios/repo-steward/steward.test.mjs scenarios/repo-steward/actions.test.mjs scenarios/repo-steward/recurring-audit.test.mjs scenarios/repo-steward/feedback.test.mjs scenarios/repo-steward/maintenance.test.mjs scenarios/repo-steward/feedback-cli.test.mjs
✔ Actions preview performs no live reads or summary publication (1.9727ms)
✔ Actions fixture uses the real auditor without GitHub access (32.1792ms)
✔ invalid workflow input is rejected during preview without data access (1.0447ms)
✔ hosted live mode rejects non-Actions host before reading data (1.046ms)
✔ hosted live mode rejects PR event before reading data (0.2655ms)
✔ hosted live mode rejects another repository before reading data (0.2165ms)
✔ hosted live mode rejects feature branch before reading data (0.2933ms)
✔ hosted live mode rejects another actor before reading data (0.2785ms)
✔ hosted live mode rejects another rerun operator before reading data (0.3055ms)
✔ hosted live mode rejects missing triggering actor before reading data (0.4895ms)
✔ hosted live mode rejects missing source commit before reading data (0.3187ms)
✔ hosted live mode rejects disabled pilot before reading data (0.1669ms)
✔ hosted live mode rejects unapproved public summary before reading data (0.1428ms)
✔ hosted live mode rejects missing credential before reading data (0.1127ms)
✔ hosted live mode rejects blank credential before reading data (0.1351ms)
✔ hosted live mode rejects write-enabled configuration before reading data (0.1305ms)
✔ GITHUB_TOKEN does not substitute for Project-readable credentials (0.2171ms)
✔ an admitted live path collects once and retains zero mutations (6.6487ms)
✔ collector failure does not produce a successful report (0.3488ms)
✔ stale hosted snapshots fail instead of publishing old findings (5.894ms)
✔ public summaries never include free-form source or evidence text (6.3028ms)
✔ summary rejects unknown rule (4.4157ms)
✔ summary rejects bad finding id (5.4007ms)
✔ summary rejects foreign reference (6.6829ms)
✔ summary rejects mutation claim (7.114ms)
✔ summary rejects wrong scope (5.3718ms)
✔ summary rejects invalid timestamp (6.709ms)
✔ summary rejects bad totals (7.1267ms)
✔ public finding index is bounded without copying omitted details (6.832ms)
✔ every configured fixture rule has an explicit publication review (6.7419ms)
✔ summary file writes remain inside a supplied native temporary directory (20.4842ms)
✔ Actions CLI rejects unsupported arguments --apply (0.2212ms)
✔ Actions CLI rejects unsupported arguments --live (0.0963ms)
✔ Actions CLI rejects unsupported arguments --live (0.0904ms)
✔ actual fixture CLI needs no hosted secrets or Teams SDK (228.2673ms)
✔ manual workflow keeps first-party actions pinned and live credentials isolated (3.0448ms)
✔ feedback CLI rejects unsupported, missing and duplicate transition arguments (2.0142ms)
✔ new-file corpus output preserves the previous version and refuses overwrite (26.9252ms)
✔ initializing a corpus binds the validated input scope without changing its snapshot (48.0758ms)
✔ partial snapshot cannot create a corpus file (30.2998ms)
✔ redirected output parent is refused without writing through it (6.3726ms)
✔ review evidence must be a file and cannot use a directory as a digest source (49.9692ms)
✔ review CLI records the exact binary digest and closes its descriptor (92.5843ms)
✔ same-size review replacement between metadata check and open cannot update a corpus (38.9194ms)
✔ review parent swapped for a symlink or junction before open is rejected (47.3387ms)
✔ same-size pathname replacement after descriptor read is rejected (38.9055ms)
✔ same-size in-place review rewrite cannot hide behind a restored modification time (34.3559ms)
✔ review growth after open stays within its original byte bound and is rejected (27.3025ms)
✔ bounded review reads handle partial reads and reject empty or oversized files (18.2899ms)
✔ native behavioral evidence remains candidate with original local source and no finding impersonation (74.9975ms)
✔ native behavioral activation is denied for mixed support and forged active or retired history (49.8795ms)
✔ native behavioral candidates can be rejected without widening legacy review authority (55.9837ms)
✔ native behavioral bytes, identity claims, source and repeated runs remain validated (143.4338ms)
✔ evidence binds actual audit finding and supplied snapshot without certifying collection or identity (12.8176ms)
✔ accepted missing Project status binds the native serialized report and finding in evidence and observations (43.2509ms)
✔ auditor optional-field normalization retains strict data-only feedback and report validation (72.9435ms)
✔ timestamp-only or unrelated snapshot changes do not manufacture repeated supporting evidence (37.7465ms)
✔ partial, cross-scope, stale or missing findings cannot become feedback evidence (15.5573ms)
✔ feedback source pins accept exactly 40 or 64 hexadecimal characters, including supplied evidence (70.2808ms)
✔ candidate, active and retired versions preserve their inputs and have exact transition digests (19.0355ms)
✔ one observation, fabricated evidence bytes and replayed reviews cannot activate a rule (74.9847ms)
✔ reviewer labels and claimed approval booleans do not supply verified review authority (21.2022ms)
✔ explicit rejection remains terminal and contributes no advice (39.9925ms)
✔ prospective expiry is mandatory, bounded, and effective at the exact boundary (115.2202ms)
✔ active capacity cannot expand and supersession retires only the exact predecessor (70.7639ms)
✔ supersession rejects stale targets and cannot cross finding rules (61.3442ms)
✔ active guidance annotates only matching findings without hiding or changing original conclusions (26.9572ms)
✔ broad matching admits at most the finite annotation limit and never truncates an excessive report (382.1193ms)
✔ serialized output bytes are admitted before escaped guidance and evidence references fan out (63.8128ms)
✔ later audits honor activation and retirement while the original report stays identical (41.8046ms)
✔ unknown executable, suppression, assignment and permission options are rejected (151.9213ms)
✔ stale reports, foreign scope and altered evidence fail closed (30.2062ms)
✔ canonical digests ignore property insertion order but reject executable and non-finite data (0.4047ms)
✔ reusable corpus validation preserves input and rejects authority claims or altered guidance (19.0712ms)
✔ explicit collector profile requires a hash and cannot relabel a supplied snapshot (3.209ms)
✔ recurrence requires finite explicit bounds before reading any input (0.934ms)
✔ finite recurrence reloads snapshot and feedback on every cycle (2.9036ms)
✔ paused and stopped records prevent collection and input reads (2.6477ms)
✔ exhausted persisted attempts reject before snapshot, feedback or live collection (3.5563ms)
✔ watch admits the final allowed attempt and then stops before collecting another snapshot (1.904ms)
✔ source mismatch refuses before reading snapshot or feedback (1.4837ms)
✔ a failed cycle stops recurrence without retrying or losing the failure (2.0645ms)
✔ first snapshot acquisition failure retains one sanitized failed attempt (372.2269ms)
✔ later corpus acquisition failure preserves earlier accepted evidence and consumes one attempt (900.274ms)
✔ live acquisition failure is retained once without raw error text or a retry (312.8101ms)
✔ pause and stop during failed acquisition remain effective without a new admitted attempt (2232.9056ms)
✔ deadline crossing during failed acquisition prevents late attempt admission (1.8845ms)
✔ interruption during failed acquisition prevents a new admitted attempt (1.4329ms)
✔ duration bounds stop admission after collection without writing a late result (1.3736ms)
✔ interruption during an interval exits without another audit (1.2966ms)
✔ control commands delegate exact action, source and reason without collecting (3.0287ms)
✔ status exposes bounded metadata and no retained finding text (1.1608ms)
✔ one audit writes source-bound immutable private reports and an advisory handoff (480.5154ms)
✔ fresh capture timestamps and transport metrics alone produce no new report or proposal across restart (789.9455ms)
✔ live state binds the exact selected principal and profile through restart and controls (3148.7691ms)
✔ profile metadata cannot convert supplied evidence or a different live principal into accepted observations (419.9936ms)
✔ changed scoped content produces a new receipt while retaining stable finding dedupe (605.8083ms)
✔ resolved findings are recorded without claiming a remote correction (668.5402ms)
✔ stale input fails and preserves a failed attempt, never reusing previous success (758.9712ms)
✔ future input fails and preserves a failed attempt, never reusing previous success (698.9875ms)
✔ incomplete input fails and preserves a failed attempt, never reusing previous success (651.9566ms)
✔ source drift fails and preserves a failed attempt, never reusing previous success (670.6053ms)
✔ changing the caller source pin cannot migrate an existing directory (480.145ms)
✔ pause prevents input use, resume retains dedupe, and stop cannot resume (2419.0527ms)
✔ concurrent cycles have one winner and never create duplicate accepted receipts (394.2936ms)
✔ retained locks fail closed without PID reuse or timeout-based recovery (24.0207ms)
✔ incomplete intent and rollback to an older checkpoint refuse replay (601.869ms)
✔ tampered referenced artifacts are rejected and preserved (338.8528ms)
✔ output-directory redirection refuses writes through a symlink or junction (11.7594ms)
✔ an unexpected output file is retained, not overwritten or removed (25.6143ms)
✔ status rejects unexpected files in initialized state before accepting its control projection (266.6203ms)
✔ missing, traversal-style and incomplete control requests do not create authority (4.3465ms)
✔ live source claims retain the existing collector identity and zero-write metadata (276.3335ms)
✔ finite convenience API has explicit bounds and performs no scheduling (977.5552ms)
✔ state and artifact redirection are not followed on read (273.5394ms)
✔ alter of earlier history is detected after a newer successful cycle (770.1103ms)
✔ delete of earlier history is detected after a newer successful cycle (791.9913ms)
✔ changed implementation pins fail before a new intent is written (661.4312ms)
✔ a directory replaced while a caller holds its lock cannot redirect any artifact write (376.1767ms)
✔ actual corpus activation and retirement change only separately bound advisory output (1424.4951ms)
✔ expiry invalidates cached advisory annotations even without corpus byte changes (612.1515ms)
✔ mixed retained controls and new cycles enforce one transition bound with a reserved terminal stop (72257.0256ms)
✔ accepted snapshots with omitted optional metadata produce parseable JSON artifacts and replay (637.1039ms)
✔ optional auditor metadata works through the real feedback evidence and recurring consumer bridge (625.9888ms)
✔ policy has the ten requested workstreams and never assigns people (3.8017ms)
✔ classification supports Multiplayer (8.6033ms)
✔ classification supports UX/UI (2.4564ms)
✔ classification supports Multi-system execution (2.1775ms)
✔ classification supports Janitor (1.5197ms)
✔ classification supports Dynamic agent teams (1.5901ms)
✔ classification supports DevOps/PR review/branch protection (2.6623ms)
✔ classification supports Security (1.5544ms)
✔ classification supports Agent communication layer (1.6058ms)
✔ classification supports Dark factory automation (1.9317ms)
✔ classification supports Backend scalability / pub-sub (1.9219ms)
✔ classification preserves labels and assignees (16.3969ms)
✔ UX alias means UX/UI (17.1732ms)
✔ an unassigned issue is not a violation (9.3358ms)
✔ full fixture audit has zero mutations and catches closing-link conflict (8.6478ms)
✔ non-closing prose overrides no native link, not unrelated partial references (6.5606ms)
✔ explicit do-not-close linked issue is flagged (4.867ms)
✔ closed unmerged PR does not close an open issue (6.1242ms)
✔ reopened issue remains open after a historical merged PR (5.7328ms)
✔ no automatic close for several partial PRs (6.033ms)
✔ only explicit dependency section is interpreted (0.2176ms)
✔ code fences and quoted references are not dependency authority (0.2415ms)
✔ native/text dependency disagreement is flagged (6.7908ms)
✔ matching dependencies do not produce a mismatch (5.3806ms)
✔ dependency cycles are bounded and reported once (6.9262ms)
✔ parent hierarchy mismatch and cycle are detected (7.5088ms)
✔ outside-scope dependency is not fetched or treated as complete (6.5233ms)
✔ missing local dependency is unverified, not closed (6.2849ms)
✔ open issue marked Done is flagged without changing the board (7.229ms)
✔ unknown workstream is a review hint, not a rename (6.593ms)
✔ locked default branch is flagged, without bypass (7.2453ms)
✔ stale PR source head is reported (7.2683ms)
✔ current independent review is accepted as evidence (4.9332ms)
✔ author approval is not current independent human approval (6.1741ms)
✔ bot approval is not current independent human approval (4.1354ms)
✔ old-head approval is not current independent human approval (4.4458ms)
✔ later comment does not erase a valid prior approval (7.3016ms)
✔ failed checks and requested changes are surfaced (5.6674ms)
✔ missing checks are not a success (6.7787ms)
✔ stale snapshots are labeled (4.4798ms)
✔ future snapshots fail closed (2.0486ms)
✔ finding IDs are stable across repeated reads (9.7877ms)
✔ reported secrets are redacted and Markdown is escaped (12.7708ms)
✔ refuses: assign #50 to example-user (6.3917ms)
✔ refuses: label #50 multiplayer (6.9874ms)
✔ refuses: close #50 (5.1663ms)
✔ refuses: merge PR #237 (7.5673ms)
✔ refuses: enable auto-merge (6.0068ms)
✔ refuses: delete a branch (5.7024ms)
✔ refuses: approve PR #237 (5.0795ms)
✔ refuses: can you change the rules (5.4277ms)
✔ question answers use recorded evidence and canonical references (6.2546ms)
✔ reverse dependency questions list dependents (7.7506ms)
✔ unknown questions ask for clarification (5.6794ms)
✔ untrusted instruction text grants no tools (5.8354ms)
✔ snapshot rejects wrong repo (1.5652ms)
✔ snapshot rejects wrong project (1.2278ms)
✔ snapshot rejects partial coverage (1.0898ms)
✔ snapshot rejects wrong count (1.0064ms)
✔ snapshot rejects duplicate issue (1.2908ms)
✔ snapshot rejects hostile URL (1.9072ms)
✔ snapshot rejects hidden project item (1.6754ms)
✔ snapshot rejects cross-repo item (1.8001ms)
✔ snapshot rejects duplicate project item (1.6604ms)
✔ snapshot rejects oversized body (1.7182ms)
✔ collector completes two matching passes with no writes (5.5892ms)
✔ collector rejects issue drift between passes (3.3182ms)
✔ collector rejects incomplete nested dependencies (1.4943ms)
✔ collector rejects a changed PR head/check binding (1.8364ms)
✔ collector rejects repeated pagination cursors (1.6846ms)
✔ collector rejects inaccessible connection entries (0.2376ms)
✔ read client verifies Bakar404 and never switches accounts (2.0124ms)
✔ explicit hash-pinned read principal does not change the pilot or read allowlist (21.6192ms)
✔ collector profile rejects changed scope or unsupported fields: repository (10.7301ms)
✔ collector profile rejects changed scope or unsupported fields: project_id (21.2167ms)
✔ collector profile rejects changed scope or unsupported fields: project_number (11.7371ms)
✔ collector profile rejects changed scope or unsupported fields: token (21.8774ms)
✔ collector profile rejects changed scope or unsupported fields: url (11.6281ms)
✔ collector profile rejects changed scope or unsupported fields: collector_login (12.0437ms)
✔ collector profile rejects wrong hashes, changed bytes and duplicate keys (47.3943ms)
✔ profiled collection records the actual principal and rejects identity or profile drift (45.0062ms)
✔ read client exposes no arbitrary query or write operation (1.9109ms)
✔ GraphQL cursor remains data, not executable query text (1.4529ms)
✔ GraphQL errors do not become accepted partial data (1.4139ms)
✔ GraphQL reserve prevents further reads (1.3168ms)
✔ collection has an elapsed-time bound (1.2663ms)
✔ dry run uses neither network nor output files (1.3514ms)
✔ CLI rejects apply (0.1419ms)
✔ CLI rejects audit --fixture --live (0.102ms)
✔ CLI rejects audit --fixture --out ../escape.json (0.1484ms)
✔ CLI rejects audit --dry-run --out file.json (0.0906ms)
✔ CLI rejects audit --fixture --assign example-user (0.0765ms)
✔ CLI rejects ask --fixture (0.0781ms)
✔ actual CLI dry run works from another directory and has no network intent (189.859ms)
✔ test chat prepares an evidence-based reply without sending it (9.1765ms)
✔ test chat rejects wrong tenant (0.567ms)
✔ test chat rejects wrong group (0.1531ms)
✔ test chat rejects personal chat (0.155ms)
✔ test chat rejects other channel (0.1694ms)
✔ test chat ignores messages without a mention (0.2117ms)
✔ test chat ignores its own messages (0.1964ms)
✔ test chat refuses mutation requests (6.5989ms)
✔ no production mode or implicit binding (0.4651ms)
ℹ tests 227
ℹ suites 0
ℹ pass 227
ℹ fail 0
ℹ cancelled 0
ℹ skipped 0
ℹ todo 0
ℹ duration_ms 95866.1069
