$ node --test --test-concurrency=2 --test-timeout=180000 scenarios/repo-steward/steward.test.mjs scenarios/repo-steward/actions.test.mjs scenarios/repo-steward/recurring-audit.test.mjs scenarios/repo-steward/feedback.test.mjs scenarios/repo-steward/maintenance.test.mjs scenarios/repo-steward/feedback-cli.test.mjs
✔ Actions preview performs no live reads or summary publication (1.7928ms)
✔ Actions fixture uses the real auditor without GitHub access (28.7178ms)
✔ invalid workflow input is rejected during preview without data access (0.9267ms)
✔ hosted live mode rejects non-Actions host before reading data (0.3906ms)
✔ hosted live mode rejects PR event before reading data (0.2754ms)
✔ hosted live mode rejects another repository before reading data (0.3906ms)
✔ hosted live mode rejects feature branch before reading data (0.2563ms)
✔ hosted live mode rejects another actor before reading data (0.251ms)
✔ hosted live mode rejects another rerun operator before reading data (0.3513ms)
✔ hosted live mode rejects missing triggering actor before reading data (0.3368ms)
✔ hosted live mode rejects missing source commit before reading data (0.2882ms)
✔ hosted live mode rejects disabled pilot before reading data (0.1616ms)
✔ hosted live mode rejects unapproved public summary before reading data (0.1302ms)
✔ hosted live mode rejects missing credential before reading data (0.1225ms)
✔ hosted live mode rejects blank credential before reading data (0.143ms)
✔ hosted live mode rejects write-enabled configuration before reading data (0.1339ms)
✔ GITHUB_TOKEN does not substitute for Project-readable credentials (0.2135ms)
✔ an admitted live path collects once and retains zero mutations (5.8187ms)
✔ collector failure does not produce a successful report (0.2676ms)
✔ stale hosted snapshots fail instead of publishing old findings (5.0382ms)
✔ public summaries never include free-form source or evidence text (5.7067ms)
✔ summary rejects unknown rule (3.8546ms)
✔ summary rejects bad finding id (4.1053ms)
✔ summary rejects foreign reference (4.0895ms)
✔ summary rejects mutation claim (5.25ms)
✔ summary rejects wrong scope (3.8669ms)
✔ summary rejects invalid timestamp (4.2403ms)
✔ summary rejects bad totals (4.6816ms)
✔ public finding index is bounded without copying omitted details (4.6904ms)
✔ every configured fixture rule has an explicit publication review (4.3237ms)
✔ summary file writes remain inside a supplied native temporary directory (19.9787ms)
✔ Actions CLI rejects unsupported arguments --apply (0.2829ms)
✔ Actions CLI rejects unsupported arguments --live (0.1529ms)
✔ Actions CLI rejects unsupported arguments --live (0.1466ms)
✔ actual fixture CLI needs no hosted secrets or Teams SDK (195.6064ms)
✔ manual workflow keeps first-party actions pinned and live credentials isolated (11.104ms)
✔ feedback CLI rejects unsupported, missing and duplicate transition arguments (2.4413ms)
✔ new-file corpus output preserves the previous version and refuses overwrite (23.2366ms)
✔ initializing a corpus binds the validated input scope without changing its snapshot (39.405ms)
✔ partial snapshot cannot create a corpus file (22.259ms)
✔ redirected output parent is refused without writing through it (5.4243ms)
✔ review evidence must be a file and cannot use a directory as a digest source (44.9416ms)
✔ review CLI records the exact binary digest and closes its descriptor (80.6293ms)
✔ same-size review replacement between metadata check and open cannot update a corpus (32.2064ms)
✔ review parent swapped for a symlink or junction before open is rejected (32.4214ms)
✔ same-size pathname replacement after descriptor read is rejected (29.5839ms)
✔ same-size in-place review rewrite cannot hide behind a restored modification time (26.4818ms)
✔ review growth after open stays within its original byte bound and is rejected (28.34ms)
✔ bounded review reads handle partial reads and reject empty or oversized files (16.9167ms)
✔ native behavioral evidence remains candidate with original local source and no finding impersonation (68.8259ms)
✔ native behavioral activation is denied for mixed support and forged active or retired history (41.84ms)
✔ native behavioral candidates can be rejected without widening legacy review authority (44.209ms)
✔ native behavioral bytes, identity claims, source and repeated runs remain validated (112.2174ms)
✔ evidence binds actual audit finding and supplied snapshot without certifying collection or identity (11.8184ms)
✔ accepted missing Project status binds the native serialized report and finding in evidence and observations (43.4608ms)
✔ auditor optional-field normalization retains strict data-only feedback and report validation (61.0719ms)
✔ timestamp-only or unrelated snapshot changes do not manufacture repeated supporting evidence (29.3108ms)
✔ partial, cross-scope, stale or missing findings cannot become feedback evidence (14.3092ms)
✔ feedback source pins accept exactly 40 or 64 hexadecimal characters, including supplied evidence (77.4981ms)
✔ candidate, active and retired versions preserve their inputs and have exact transition digests (22.9801ms)
✔ one observation, fabricated evidence bytes and replayed reviews cannot activate a rule (81.9863ms)
✔ reviewer labels and claimed approval booleans do not supply verified review authority (29.6581ms)
✔ explicit rejection remains terminal and contributes no advice (54.5796ms)
✔ prospective expiry is mandatory, bounded, and effective at the exact boundary (122.517ms)
✔ active capacity cannot expand and supersession retires only the exact predecessor (61.7191ms)
✔ supersession rejects stale targets and cannot cross finding rules (53.4116ms)
✔ active guidance annotates only matching findings without hiding or changing original conclusions (35.8132ms)
✔ broad matching admits at most the finite annotation limit and never truncates an excessive report (400.2809ms)
✔ serialized output bytes are admitted before escaped guidance and evidence references fan out (74.8413ms)
✔ later audits honor activation and retirement while the original report stays identical (41.1296ms)
✔ unknown executable, suppression, assignment and permission options are rejected (155.5909ms)
✔ stale reports, foreign scope and altered evidence fail closed (24.981ms)
✔ canonical digests ignore property insertion order but reject executable and non-finite data (0.4303ms)
✔ reusable corpus validation preserves input and rejects authority claims or altered guidance (15.486ms)
✔ explicit collector profile requires a hash and cannot relabel a supplied snapshot (3.114ms)
✔ recurrence requires finite explicit bounds before reading any input (0.7714ms)
✔ finite recurrence reloads snapshot and feedback on every cycle (3.6601ms)
✔ paused and stopped records prevent collection and input reads (2.466ms)
✔ exhausted persisted attempts reject before snapshot, feedback or live collection (2.562ms)
✔ watch admits the final allowed attempt and then stops before collecting another snapshot (1.9156ms)
✔ source mismatch refuses before reading snapshot or feedback (1.4991ms)
✔ a failed cycle stops recurrence without retrying or losing the failure (1.776ms)
✔ first snapshot acquisition failure retains one sanitized failed attempt (332.6199ms)
✔ later corpus acquisition failure preserves earlier accepted evidence and consumes one attempt (933.9968ms)
✔ live acquisition failure is retained once without raw error text or a retry (321.7737ms)
✔ pause and stop during failed acquisition remain effective without a new admitted attempt (2251.3027ms)
✔ deadline crossing during failed acquisition prevents late attempt admission (1.4522ms)
✔ interruption during failed acquisition prevents a new admitted attempt (1.3621ms)
✔ duration bounds stop admission after collection without writing a late result (1.071ms)
✔ interruption during an interval exits without another audit (1.1375ms)
✔ control commands delegate exact action, source and reason without collecting (2.8559ms)
✔ status exposes bounded metadata and no retained finding text (1.2249ms)
✔ one audit writes source-bound immutable private reports and an advisory handoff (579.6496ms)
✔ fresh capture timestamps and transport metrics alone produce no new report or proposal across restart (808.5129ms)
✔ live state binds the exact selected principal and profile through restart and controls (2512.7743ms)
✔ profile metadata cannot convert supplied evidence or a different live principal into accepted observations (297.875ms)
✔ changed scoped content produces a new receipt while retaining stable finding dedupe (538.0665ms)
✔ resolved findings are recorded without claiming a remote correction (521.9128ms)
✔ stale input fails and preserves a failed attempt, never reusing previous success (629.5061ms)
✔ future input fails and preserves a failed attempt, never reusing previous success (615.2994ms)
✔ incomplete input fails and preserves a failed attempt, never reusing previous success (642.4823ms)
✔ source drift fails and preserves a failed attempt, never reusing previous success (698.3167ms)
✔ changing the caller source pin cannot migrate an existing directory (460.9332ms)
✔ pause prevents input use, resume retains dedupe, and stop cannot resume (2423.1865ms)
✔ concurrent cycles have one winner and never create duplicate accepted receipts (372.942ms)
✔ retained locks fail closed without PID reuse or timeout-based recovery (18.9127ms)
✔ incomplete intent and rollback to an older checkpoint refuse replay (574.8714ms)
✔ tampered referenced artifacts are rejected and preserved (311.9118ms)
✔ output-directory redirection refuses writes through a symlink or junction (9.83ms)
✔ an unexpected output file is retained, not overwritten or removed (17.4628ms)
✔ status rejects unexpected files in initialized state before accepting its control projection (248.1865ms)
✔ missing, traversal-style and incomplete control requests do not create authority (4.0334ms)
✔ live source claims retain the existing collector identity and zero-write metadata (257.5033ms)
✔ finite convenience API has explicit bounds and performs no scheduling (915.3454ms)
✔ state and artifact redirection are not followed on read (246.643ms)
✔ alter of earlier history is detected after a newer successful cycle (681.2238ms)
✔ delete of earlier history is detected after a newer successful cycle (650.6856ms)
✔ changed implementation pins fail before a new intent is written (402.0993ms)
✔ a directory replaced while a caller holds its lock cannot redirect any artifact write (364.6681ms)
✔ actual corpus activation and retirement change only separately bound advisory output (1423.6583ms)
✔ expiry invalidates cached advisory annotations even without corpus byte changes (585.3573ms)
✔ mixed retained controls and new cycles enforce one transition bound with a reserved terminal stop (62609.9859ms)
✔ accepted snapshots with omitted optional metadata produce parseable JSON artifacts and replay (601.1988ms)
✔ optional auditor metadata works through the real feedback evidence and recurring consumer bridge (532.5489ms)
✔ policy has the ten requested workstreams and never assigns people (3.6588ms)
✔ classification supports Multiplayer (6.0242ms)
✔ classification supports UX/UI (1.9754ms)
✔ classification supports Multi-system execution (1.2412ms)
✔ classification supports Janitor (1.3024ms)
✔ classification supports Dynamic agent teams (1.1281ms)
✔ classification supports DevOps/PR review/branch protection (2.2618ms)
✔ classification supports Security (1.1337ms)
✔ classification supports Agent communication layer (1.1513ms)
✔ classification supports Dark factory automation (1.196ms)
✔ classification supports Backend scalability / pub-sub (1.2699ms)
✔ classification preserves labels and assignees (12.1582ms)
✔ UX alias means UX/UI (15.1097ms)
✔ an unassigned issue is not a violation (5.3371ms)
✔ full fixture audit has zero mutations and catches closing-link conflict (4.9673ms)
✔ non-closing prose overrides no native link, not unrelated partial references (4.8947ms)
✔ explicit do-not-close linked issue is flagged (4.021ms)
✔ closed unmerged PR does not close an open issue (4.5143ms)
✔ reopened issue remains open after a historical merged PR (3.6394ms)
✔ no automatic close for several partial PRs (4.2283ms)
✔ only explicit dependency section is interpreted (0.1785ms)
✔ code fences and quoted references are not dependency authority (0.2686ms)
✔ native/text dependency disagreement is flagged (3.9416ms)
✔ matching dependencies do not produce a mismatch (4.4185ms)
✔ dependency cycles are bounded and reported once (4.6807ms)
✔ parent hierarchy mismatch and cycle are detected (4.6439ms)
✔ outside-scope dependency is not fetched or treated as complete (4.0348ms)
✔ missing local dependency is unverified, not closed (3.7417ms)
✔ open issue marked Done is flagged without changing the board (4.7167ms)
✔ unknown workstream is a review hint, not a rename (3.6467ms)
✔ locked default branch is flagged, without bypass (3.8524ms)
✔ stale PR source head is reported (4.5081ms)
✔ current independent review is accepted as evidence (4.8061ms)
✔ author approval is not current independent human approval (4.1213ms)
✔ bot approval is not current independent human approval (3.8347ms)
✔ old-head approval is not current independent human approval (6.0032ms)
✔ later comment does not erase a valid prior approval (4.0532ms)
✔ failed checks and requested changes are surfaced (5.3873ms)
✔ missing checks are not a success (5.9077ms)
✔ stale snapshots are labeled (4.259ms)
✔ future snapshots fail closed (1.7242ms)
✔ finding IDs are stable across repeated reads (7.304ms)
✔ reported secrets are redacted and Markdown is escaped (11.3187ms)
✔ refuses: assign #50 to example-user (4.8867ms)
✔ refuses: label #50 multiplayer (4.9911ms)
✔ refuses: close #50 (4.7204ms)
✔ refuses: merge PR #237 (4.51ms)
✔ refuses: enable auto-merge (4.3775ms)
✔ refuses: delete a branch (4.7337ms)
✔ refuses: approve PR #237 (4.1862ms)
✔ refuses: can you change the rules (4.3394ms)
✔ question answers use recorded evidence and canonical references (5.0301ms)
✔ reverse dependency questions list dependents (5.0096ms)
✔ unknown questions ask for clarification (4.8388ms)
✔ untrusted instruction text grants no tools (4.4328ms)
✔ snapshot rejects wrong repo (1.1953ms)
✔ snapshot rejects wrong project (0.9121ms)
✔ snapshot rejects partial coverage (0.9308ms)
✔ snapshot rejects wrong count (0.9174ms)
✔ snapshot rejects duplicate issue (1.0935ms)
✔ snapshot rejects hostile URL (1.0994ms)
✔ snapshot rejects hidden project item (1.0976ms)
✔ snapshot rejects cross-repo item (1.1146ms)
✔ snapshot rejects duplicate project item (1.1771ms)
✔ snapshot rejects oversized body (1.1587ms)
✔ collector completes two matching passes with no writes (4.4609ms)
✔ collector rejects issue drift between passes (2.5731ms)
✔ collector rejects incomplete nested dependencies (1.6586ms)
✔ collector rejects a changed PR head/check binding (1.2196ms)
✔ collector rejects repeated pagination cursors (1.0566ms)
✔ collector rejects inaccessible connection entries (0.1454ms)
✔ read client verifies Bakar404 and never switches accounts (1.25ms)
✔ explicit hash-pinned read principal does not change the pilot or read allowlist (19.7951ms)
✔ collector profile rejects changed scope or unsupported fields: repository (10.0432ms)
✔ collector profile rejects changed scope or unsupported fields: project_id (19.5986ms)
✔ collector profile rejects changed scope or unsupported fields: project_number (21.5207ms)
✔ collector profile rejects changed scope or unsupported fields: token (20.6366ms)
✔ collector profile rejects changed scope or unsupported fields: url (16.4013ms)
✔ collector profile rejects changed scope or unsupported fields: collector_login (8.3885ms)
✔ collector profile rejects wrong hashes, changed bytes and duplicate keys (43.609ms)
✔ profiled collection records the actual principal and rejects identity or profile drift (32.0811ms)
✔ read client exposes no arbitrary query or write operation (1.3736ms)
✔ GraphQL cursor remains data, not executable query text (1.1908ms)
✔ GraphQL errors do not become accepted partial data (1.039ms)
✔ GraphQL reserve prevents further reads (1.3388ms)
✔ collection has an elapsed-time bound (1.1576ms)
✔ dry run uses neither network nor output files (1.3208ms)
✔ CLI rejects apply (0.1385ms)
✔ CLI rejects audit --fixture --live (0.1053ms)
✔ CLI rejects audit --fixture --out ../escape.json (0.1384ms)
✔ CLI rejects audit --dry-run --out file.json (0.0972ms)
✔ CLI rejects audit --fixture --assign example-user (0.0799ms)
✔ CLI rejects ask --fixture (0.0775ms)
✔ actual CLI dry run works from another directory and has no network intent (149.9623ms)
✔ test chat prepares an evidence-based reply without sending it (6.029ms)
✔ test chat rejects wrong tenant (0.3936ms)
✔ test chat rejects wrong group (0.1794ms)
✔ test chat rejects personal chat (0.1441ms)
✔ test chat rejects other channel (0.1281ms)
✔ test chat ignores messages without a mention (0.1667ms)
✔ test chat ignores its own messages (0.13ms)
✔ test chat refuses mutation requests (5.3562ms)
✔ no production mode or implicit binding (0.3143ms)
ℹ tests 227
ℹ suites 0
ℹ pass 227
ℹ fail 0
ℹ cancelled 0
ℹ skipped 0
ℹ todo 0
ℹ duration_ms 84151.8525
